[2025-06-27T16:58:00.542+0000] {local_task_job_runner.py:123} INFO - ::group::Pre task execution logs
[2025-06-27T16:58:00.581+0000] {taskinstance.py:2614} INFO - Dependencies all met for dep_context=non-requeueable deps ti=<TaskInstance: example_branch_datetime_operator_2.datetime_branch scheduled__2025-06-22T00:00:00+00:00 [queued]>
[2025-06-27T16:58:00.596+0000] {taskinstance.py:2614} INFO - Dependencies all met for dep_context=requeueable deps ti=<TaskInstance: example_branch_datetime_operator_2.datetime_branch scheduled__2025-06-22T00:00:00+00:00 [queued]>
[2025-06-27T16:58:00.598+0000] {taskinstance.py:2867} INFO - Starting attempt 1 of 1
[2025-06-27T16:58:01.219+0000] {taskinstance.py:2890} INFO - Executing <Task(BranchDateTimeOperator): datetime_branch> on 2025-06-22 00:00:00+00:00
[2025-06-27T16:58:01.243+0000] {warnings.py:112} WARNING - /home/***/.local/lib/python3.12/site-packages/***/task/task_runner/standard_task_runner.py:70: DeprecationWarning: This process (pid=99) is multi-threaded, use of fork() may lead to deadlocks in the child.
  pid = os.fork()

[2025-06-27T16:58:01.245+0000] {standard_task_runner.py:72} INFO - Started process 150 to run task
[2025-06-27T16:58:01.250+0000] {standard_task_runner.py:104} INFO - Running: ['***', 'tasks', 'run', 'example_branch_datetime_operator_2', 'datetime_branch', 'scheduled__2025-06-22T00:00:00+00:00', '--job-id', '80', '--raw', '--subdir', '/home/***/.local/lib/python3.12/site-packages/***/example_dags/example_branch_datetime_operator.py', '--cfg-path', '/tmp/tmpz1ckwgs3']
[2025-06-27T16:58:01.253+0000] {standard_task_runner.py:105} INFO - Job 80: Subtask datetime_branch
[2025-06-27T16:58:01.372+0000] {task_command.py:467} INFO - Running <TaskInstance: example_branch_datetime_operator_2.datetime_branch scheduled__2025-06-22T00:00:00+00:00 [running]> on host a5c304807a12
[2025-06-27T16:58:01.514+0000] {taskinstance.py:3134} INFO - Exporting env vars: AIRFLOW_CTX_DAG_OWNER='***' AIRFLOW_CTX_DAG_ID='example_branch_datetime_operator_2' AIRFLOW_CTX_TASK_ID='datetime_branch' AIRFLOW_CTX_EXECUTION_DATE='2025-06-22T00:00:00+00:00' AIRFLOW_CTX_TRY_NUMBER='1' AIRFLOW_CTX_DAG_RUN_ID='scheduled__2025-06-22T00:00:00+00:00'
[2025-06-27T16:58:01.516+0000] {logging_mixin.py:190} INFO - Task instance is in running state
[2025-06-27T16:58:01.517+0000] {logging_mixin.py:190} INFO -  Previous state of the Task instance: queued
[2025-06-27T16:58:01.518+0000] {logging_mixin.py:190} INFO - Current task name:datetime_branch state:running start_date:2025-06-27 16:58:00.582915+00:00
[2025-06-27T16:58:01.523+0000] {logging_mixin.py:190} INFO - Dag name:example_branch_datetime_operator_2 and current dag run status:running
[2025-06-27T16:58:01.523+0000] {taskinstance.py:732} INFO - ::endgroup::
[2025-06-27T16:58:01.524+0000] {branch.py:38} INFO - Branch into ['date_in_range']
[2025-06-27T16:58:01.525+0000] {skipmixin.py:233} INFO - Following branch ('date_in_range',)
[2025-06-27T16:58:01.541+0000] {skipmixin.py:281} INFO - Skipping tasks [('date_outside_range', -1)]
[2025-06-27T16:58:01.590+0000] {taskinstance.py:341} INFO - ::group::Post task execution logs
[2025-06-27T16:58:01.591+0000] {taskinstance.py:353} INFO - Marking task as SUCCESS. dag_id=example_branch_datetime_operator_2, task_id=datetime_branch, run_id=scheduled__2025-06-22T00:00:00+00:00, execution_date=20250622T000000, start_date=20250627T165800, end_date=20250627T165801
[2025-06-27T16:58:01.627+0000] {logging_mixin.py:190} INFO - Task instance in success state
[2025-06-27T16:58:01.629+0000] {logging_mixin.py:190} INFO -  Previous state of the Task instance: running
[2025-06-27T16:58:01.630+0000] {logging_mixin.py:190} INFO - Dag name:example_branch_datetime_operator_2 queued_at:2025-06-27 16:57:54.109468+00:00
[2025-06-27T16:58:01.630+0000] {logging_mixin.py:190} INFO - Task hostname:a5c304807a12 operator:BranchDateTimeOperator
[2025-06-27T16:58:01.675+0000] {local_task_job_runner.py:266} INFO - Task exited with return code 0
[2025-06-27T16:58:01.706+0000] {taskinstance.py:3901} INFO - 0 downstream tasks scheduled from follow-on schedule check
[2025-06-27T16:58:01.710+0000] {local_task_job_runner.py:245} INFO - ::endgroup::
