[2025-06-22T12:38:32.576+0000] {local_task_job_runner.py:123} INFO - ::group::Pre task execution logs
[2025-06-22T12:38:32.596+0000] {taskinstance.py:2614} INFO - Dependencies all met for dep_context=non-requeueable deps ti=<TaskInstance: example_sla_dag.sleep_30 scheduled__2025-06-22T12:36:00+00:00 [queued]>
[2025-06-22T12:38:32.606+0000] {taskinstance.py:2614} INFO - Dependencies all met for dep_context=requeueable deps ti=<TaskInstance: example_sla_dag.sleep_30 scheduled__2025-06-22T12:36:00+00:00 [queued]>
[2025-06-22T12:38:32.607+0000] {taskinstance.py:2867} INFO - Starting attempt 1 of 1
[2025-06-22T12:38:32.770+0000] {taskinstance.py:2890} INFO - Executing <Task(_PythonDecoratedOperator): sleep_30> on 2025-06-22 12:36:00+00:00
[2025-06-22T12:38:32.781+0000] {warnings.py:112} WARNING - /home/***/.local/lib/python3.12/site-packages/***/task/task_runner/standard_task_runner.py:70: DeprecationWarning: This process (pid=496) is multi-threaded, use of fork() may lead to deadlocks in the child.
  pid = os.fork()

[2025-06-22T12:38:32.783+0000] {standard_task_runner.py:72} INFO - Started process 517 to run task
[2025-06-22T12:38:32.784+0000] {standard_task_runner.py:104} INFO - Running: ['***', 'tasks', 'run', 'example_sla_dag', 'sleep_30', 'scheduled__2025-06-22T12:36:00+00:00', '--job-id', '63', '--raw', '--subdir', '/home/***/.local/lib/python3.12/site-packages/***/example_dags/example_sla_dag.py', '--cfg-path', '/tmp/tmpntslkl3j']
[2025-06-22T12:38:32.786+0000] {standard_task_runner.py:105} INFO - Job 63: Subtask sleep_30
[2025-06-22T12:38:32.851+0000] {task_command.py:467} INFO - Running <TaskInstance: example_sla_dag.sleep_30 scheduled__2025-06-22T12:36:00+00:00 [running]> on host a5c304807a12
[2025-06-22T12:38:32.933+0000] {taskinstance.py:3134} INFO - Exporting env vars: AIRFLOW_CTX_DAG_EMAIL='email@example.com' AIRFLOW_CTX_DAG_OWNER='***' AIRFLOW_CTX_DAG_ID='example_sla_dag' AIRFLOW_CTX_TASK_ID='sleep_30' AIRFLOW_CTX_EXECUTION_DATE='2025-06-22T12:36:00+00:00' AIRFLOW_CTX_TRY_NUMBER='1' AIRFLOW_CTX_DAG_RUN_ID='scheduled__2025-06-22T12:36:00+00:00'
[2025-06-22T12:38:32.935+0000] {logging_mixin.py:190} INFO - Task instance is in running state
[2025-06-22T12:38:32.936+0000] {logging_mixin.py:190} INFO -  Previous state of the Task instance: queued
[2025-06-22T12:38:32.936+0000] {logging_mixin.py:190} INFO - Current task name:sleep_30 state:running start_date:2025-06-22 12:38:32.597300+00:00
[2025-06-22T12:38:32.936+0000] {logging_mixin.py:190} INFO - Dag name:example_sla_dag and current dag run status:running
[2025-06-22T12:38:32.937+0000] {taskinstance.py:732} INFO - ::endgroup::
[2025-06-22T12:39:02.934+0000] {python.py:240} INFO - Done. Returned value was: None
[2025-06-22T12:39:02.944+0000] {taskinstance.py:341} INFO - ::group::Post task execution logs
[2025-06-22T12:39:02.945+0000] {taskinstance.py:353} INFO - Marking task as SUCCESS. dag_id=example_sla_dag, task_id=sleep_30, run_id=scheduled__2025-06-22T12:36:00+00:00, execution_date=20250622T123600, start_date=20250622T123832, end_date=20250622T123902
[2025-06-22T12:39:02.979+0000] {logging_mixin.py:190} INFO - Task instance in success state
[2025-06-22T12:39:02.980+0000] {logging_mixin.py:190} INFO -  Previous state of the Task instance: running
[2025-06-22T12:39:02.981+0000] {logging_mixin.py:190} INFO - Dag name:example_sla_dag queued_at:2025-06-22 12:38:04.518495+00:00
[2025-06-22T12:39:02.981+0000] {logging_mixin.py:190} INFO - Task hostname:a5c304807a12 operator:_PythonDecoratedOperator
[2025-06-22T12:39:03.022+0000] {local_task_job_runner.py:266} INFO - Task exited with return code 0
[2025-06-22T12:39:03.037+0000] {taskinstance.py:3901} INFO - 0 downstream tasks scheduled from follow-on schedule check
[2025-06-22T12:39:03.041+0000] {local_task_job_runner.py:245} INFO - ::endgroup::
[2025-06-27T16:58:00.535+0000] {local_task_job_runner.py:123} INFO - ::group::Pre task execution logs
[2025-06-27T16:58:00.584+0000] {taskinstance.py:2604} INFO - Dependencies not met for <TaskInstance: example_sla_dag.sleep_30 scheduled__2025-06-22T12:36:00+00:00 [success]>, dependency 'Task Instance State' FAILED: Task is in the 'success' state.
[2025-06-27T16:58:00.602+0000] {local_task_job_runner.py:166} INFO - Task is not able to be run
