[2025-06-22T12:22:50.088+0000] {local_task_job_runner.py:123} INFO - ::group::Pre task execution logs
[2025-06-22T12:22:50.162+0000] {taskinstance.py:2614} INFO - Dependencies all met for dep_context=non-requeueable deps ti=<TaskInstance: example_branch_python_operator_decorator.branch_d scheduled__2025-06-21T00:00:00+00:00 [queued]>
[2025-06-22T12:22:50.195+0000] {taskinstance.py:2614} INFO - Dependencies all met for dep_context=requeueable deps ti=<TaskInstance: example_branch_python_operator_decorator.branch_d scheduled__2025-06-21T00:00:00+00:00 [queued]>
[2025-06-22T12:22:50.202+0000] {taskinstance.py:2867} INFO - Starting attempt 1 of 1
[2025-06-22T12:22:50.731+0000] {taskinstance.py:2890} INFO - Executing <Task(_PythonDecoratedOperator): branch_d> on 2025-06-21 00:00:00+00:00
[2025-06-22T12:22:50.770+0000] {warnings.py:112} WARNING - /home/***/.local/lib/python3.12/site-packages/***/task/task_runner/standard_task_runner.py:70: DeprecationWarning: This process (pid=211) is multi-threaded, use of fork() may lead to deadlocks in the child.
  pid = os.fork()

[2025-06-22T12:22:50.771+0000] {standard_task_runner.py:104} INFO - Running: ['***', 'tasks', 'run', 'example_branch_python_operator_decorator', 'branch_d', 'scheduled__2025-06-21T00:00:00+00:00', '--job-id', '31', '--raw', '--subdir', '/home/***/.local/lib/python3.12/site-packages/***/example_dags/example_branch_operator_decorator.py', '--cfg-path', '/tmp/tmpbdj_ihb_']
[2025-06-22T12:22:50.778+0000] {standard_task_runner.py:105} INFO - Job 31: Subtask branch_d
[2025-06-22T12:22:50.776+0000] {standard_task_runner.py:72} INFO - Started process 254 to run task
[2025-06-22T12:22:51.000+0000] {task_command.py:467} INFO - Running <TaskInstance: example_branch_python_operator_decorator.branch_d scheduled__2025-06-21T00:00:00+00:00 [running]> on host 342e1477a02c
[2025-06-22T12:22:51.198+0000] {taskinstance.py:3134} INFO - Exporting env vars: AIRFLOW_CTX_DAG_OWNER='***' AIRFLOW_CTX_DAG_ID='example_branch_python_operator_decorator' AIRFLOW_CTX_TASK_ID='branch_d' AIRFLOW_CTX_EXECUTION_DATE='2025-06-21T00:00:00+00:00' AIRFLOW_CTX_TRY_NUMBER='1' AIRFLOW_CTX_DAG_RUN_ID='scheduled__2025-06-21T00:00:00+00:00'
[2025-06-22T12:22:51.208+0000] {logging_mixin.py:190} INFO - Task instance is in running state
[2025-06-22T12:22:51.211+0000] {logging_mixin.py:190} INFO -  Previous state of the Task instance: queued
[2025-06-22T12:22:51.228+0000] {logging_mixin.py:190} INFO - Current task name:branch_d state:running start_date:2025-06-22 12:22:50.163959+00:00
[2025-06-22T12:22:51.230+0000] {logging_mixin.py:190} INFO - Dag name:example_branch_python_operator_decorator and current dag run status:running
[2025-06-22T12:22:51.232+0000] {taskinstance.py:732} INFO - ::endgroup::
[2025-06-22T12:22:51.235+0000] {logging_mixin.py:190} INFO - doing something in Python
[2025-06-22T12:22:51.246+0000] {python.py:240} INFO - Done. Returned value was: None
[2025-06-22T12:22:51.273+0000] {taskinstance.py:341} INFO - ::group::Post task execution logs
[2025-06-22T12:22:51.282+0000] {taskinstance.py:353} INFO - Marking task as SUCCESS. dag_id=example_branch_python_operator_decorator, task_id=branch_d, run_id=scheduled__2025-06-21T00:00:00+00:00, execution_date=20250621T000000, start_date=20250622T122250, end_date=20250622T122251
[2025-06-22T12:22:51.384+0000] {logging_mixin.py:190} INFO - Task instance in success state
[2025-06-22T12:22:51.386+0000] {logging_mixin.py:190} INFO -  Previous state of the Task instance: running
[2025-06-22T12:22:51.395+0000] {logging_mixin.py:190} INFO - Dag name:example_branch_python_operator_decorator queued_at:2025-06-22 12:22:39.890765+00:00
[2025-06-22T12:22:51.399+0000] {logging_mixin.py:190} INFO - Task hostname:342e1477a02c operator:_PythonDecoratedOperator
[2025-06-22T12:22:51.491+0000] {local_task_job_runner.py:266} INFO - Task exited with return code 0
[2025-06-22T12:22:51.561+0000] {taskinstance.py:3901} INFO - 0 downstream tasks scheduled from follow-on schedule check
[2025-06-22T12:22:51.569+0000] {local_task_job_runner.py:245} INFO - ::endgroup::
