[2025-06-22T12:23:19.850+0000] {local_task_job_runner.py:123} INFO - ::group::Pre task execution logs
[2025-06-22T12:23:19.871+0000] {taskinstance.py:2614} INFO - Dependencies all met for dep_context=non-requeueable deps ti=<TaskInstance: example_branch_operator.venv_d scheduled__2025-06-21T00:00:00+00:00 [queued]>
[2025-06-22T12:23:19.880+0000] {taskinstance.py:2614} INFO - Dependencies all met for dep_context=requeueable deps ti=<TaskInstance: example_branch_operator.venv_d scheduled__2025-06-21T00:00:00+00:00 [queued]>
[2025-06-22T12:23:19.881+0000] {taskinstance.py:2867} INFO - Starting attempt 1 of 1
[2025-06-22T12:23:20.015+0000] {taskinstance.py:2890} INFO - Executing <Task(PythonVirtualenvOperator): venv_d> on 2025-06-21 00:00:00+00:00
[2025-06-22T12:23:20.022+0000] {warnings.py:112} WARNING - /home/***/.local/lib/python3.12/site-packages/***/task/task_runner/standard_task_runner.py:70: DeprecationWarning: This process (pid=513) is multi-threaded, use of fork() may lead to deadlocks in the child.
  pid = os.fork()

[2025-06-22T12:23:20.024+0000] {standard_task_runner.py:72} INFO - Started process 516 to run task
[2025-06-22T12:23:20.024+0000] {standard_task_runner.py:104} INFO - Running: ['***', 'tasks', 'run', 'example_branch_operator', 'venv_d', 'scheduled__2025-06-21T00:00:00+00:00', '--job-id', '61', '--raw', '--subdir', '/home/***/.local/lib/python3.12/site-packages/***/example_dags/example_branch_operator.py', '--cfg-path', '/tmp/tmp7tm59xcf']
[2025-06-22T12:23:20.025+0000] {standard_task_runner.py:105} INFO - Job 61: Subtask venv_d
[2025-06-22T12:23:20.081+0000] {task_command.py:467} INFO - Running <TaskInstance: example_branch_operator.venv_d scheduled__2025-06-21T00:00:00+00:00 [running]> on host 342e1477a02c
[2025-06-22T12:23:20.153+0000] {taskinstance.py:3134} INFO - Exporting env vars: AIRFLOW_CTX_DAG_OWNER='***' AIRFLOW_CTX_DAG_ID='example_branch_operator' AIRFLOW_CTX_TASK_ID='venv_d' AIRFLOW_CTX_EXECUTION_DATE='2025-06-21T00:00:00+00:00' AIRFLOW_CTX_TRY_NUMBER='1' AIRFLOW_CTX_DAG_RUN_ID='scheduled__2025-06-21T00:00:00+00:00'
[2025-06-22T12:23:20.155+0000] {logging_mixin.py:190} INFO - Task instance is in running state
[2025-06-22T12:23:20.155+0000] {logging_mixin.py:190} INFO -  Previous state of the Task instance: queued
[2025-06-22T12:23:20.156+0000] {logging_mixin.py:190} INFO - Current task name:venv_d state:running start_date:2025-06-22 12:23:19.872425+00:00
[2025-06-22T12:23:20.156+0000] {logging_mixin.py:190} INFO - Dag name:example_branch_operator and current dag run status:running
[2025-06-22T12:23:20.156+0000] {taskinstance.py:732} INFO - ::endgroup::
[2025-06-22T12:23:20.157+0000] {baseoperator.py:423} WARNING - PythonVirtualenvOperator.execute cannot be called outside TaskInstance!
[2025-06-22T12:23:20.164+0000] {python.py:809} INFO - Python virtual environment will be cached in /tmp/venv-5ea997a7
[2025-06-22T12:23:20.166+0000] {python.py:823} INFO - Re-using cached Python virtual environment in /tmp/venv-5ea997a7
[2025-06-22T12:23:20.176+0000] {process_utils.py:186} INFO - Executing cmd: /tmp/venv-5ea997a7/bin/python /tmp/venv-callewrei1eo/script.py /tmp/venv-callewrei1eo/script.in /tmp/venv-callewrei1eo/script.out /tmp/venv-callewrei1eo/string_args.txt /tmp/venv-callewrei1eo/termination.log
[2025-06-22T12:23:20.177+0000] {process_utils.py:190} INFO - Output:
[2025-06-22T12:23:22.395+0000] {process_utils.py:194} INFO - Hello World with some numpy stuff: [0 1 2 3 4 5]
[2025-06-22T12:23:22.719+0000] {python.py:240} INFO - Done. Returned value was: None
[2025-06-22T12:23:22.729+0000] {taskinstance.py:341} INFO - ::group::Post task execution logs
[2025-06-22T12:23:22.730+0000] {taskinstance.py:353} INFO - Marking task as SUCCESS. dag_id=example_branch_operator, task_id=venv_d, run_id=scheduled__2025-06-21T00:00:00+00:00, execution_date=20250621T000000, start_date=20250622T122319, end_date=20250622T122322
[2025-06-22T12:23:22.759+0000] {logging_mixin.py:190} INFO - Task instance in success state
[2025-06-22T12:23:22.760+0000] {logging_mixin.py:190} INFO -  Previous state of the Task instance: running
[2025-06-22T12:23:22.761+0000] {logging_mixin.py:190} INFO - Dag name:example_branch_operator queued_at:2025-06-22 12:22:49.037973+00:00
[2025-06-22T12:23:22.761+0000] {logging_mixin.py:190} INFO - Task hostname:342e1477a02c operator:PythonVirtualenvOperator
[2025-06-22T12:23:22.804+0000] {local_task_job_runner.py:266} INFO - Task exited with return code 0
[2025-06-22T12:23:22.824+0000] {taskinstance.py:3901} INFO - 0 downstream tasks scheduled from follow-on schedule check
[2025-06-22T12:23:22.827+0000] {local_task_job_runner.py:245} INFO - ::endgroup::
