[2025-06-22T12:23:14.786+0000] {local_task_job_runner.py:123} INFO - ::group::Pre task execution logs
[2025-06-22T12:23:14.809+0000] {taskinstance.py:2614} INFO - Dependencies all met for dep_context=non-requeueable deps ti=<TaskInstance: example_branch_operator.branching_venv scheduled__2025-06-21T00:00:00+00:00 [queued]>
[2025-06-22T12:23:14.820+0000] {taskinstance.py:2614} INFO - Dependencies all met for dep_context=requeueable deps ti=<TaskInstance: example_branch_operator.branching_venv scheduled__2025-06-21T00:00:00+00:00 [queued]>
[2025-06-22T12:23:14.821+0000] {taskinstance.py:2867} INFO - Starting attempt 1 of 1
[2025-06-22T12:23:14.998+0000] {taskinstance.py:2890} INFO - Executing <Task(BranchPythonVirtualenvOperator): branching_venv> on 2025-06-21 00:00:00+00:00
[2025-06-22T12:23:15.009+0000] {warnings.py:112} WARNING - /home/***/.local/lib/python3.12/site-packages/***/task/task_runner/standard_task_runner.py:70: DeprecationWarning: This process (pid=428) is multi-threaded, use of fork() may lead to deadlocks in the child.
  pid = os.fork()

[2025-06-22T12:23:15.011+0000] {standard_task_runner.py:72} INFO - Started process 465 to run task
[2025-06-22T12:23:15.011+0000] {standard_task_runner.py:104} INFO - Running: ['***', 'tasks', 'run', 'example_branch_operator', 'branching_venv', 'scheduled__2025-06-21T00:00:00+00:00', '--job-id', '59', '--raw', '--subdir', '/home/***/.local/lib/python3.12/site-packages/***/example_dags/example_branch_operator.py', '--cfg-path', '/tmp/tmpmegzi1_n']
[2025-06-22T12:23:15.013+0000] {standard_task_runner.py:105} INFO - Job 59: Subtask branching_venv
[2025-06-22T12:23:15.098+0000] {task_command.py:467} INFO - Running <TaskInstance: example_branch_operator.branching_venv scheduled__2025-06-21T00:00:00+00:00 [running]> on host 342e1477a02c
[2025-06-22T12:23:15.203+0000] {taskinstance.py:3134} INFO - Exporting env vars: AIRFLOW_CTX_DAG_OWNER='***' AIRFLOW_CTX_DAG_ID='example_branch_operator' AIRFLOW_CTX_TASK_ID='branching_venv' AIRFLOW_CTX_EXECUTION_DATE='2025-06-21T00:00:00+00:00' AIRFLOW_CTX_TRY_NUMBER='1' AIRFLOW_CTX_DAG_RUN_ID='scheduled__2025-06-21T00:00:00+00:00'
[2025-06-22T12:23:15.206+0000] {logging_mixin.py:190} INFO - Task instance is in running state
[2025-06-22T12:23:15.206+0000] {logging_mixin.py:190} INFO -  Previous state of the Task instance: queued
[2025-06-22T12:23:15.207+0000] {logging_mixin.py:190} INFO - Current task name:branching_venv state:running start_date:2025-06-22 12:23:14.809928+00:00
[2025-06-22T12:23:15.207+0000] {logging_mixin.py:190} INFO - Dag name:example_branch_operator and current dag run status:running
[2025-06-22T12:23:15.208+0000] {taskinstance.py:732} INFO - ::endgroup::
[2025-06-22T12:23:15.208+0000] {baseoperator.py:423} WARNING - BranchPythonVirtualenvOperator.execute cannot be called outside TaskInstance!
[2025-06-22T12:23:15.209+0000] {baseoperator.py:423} WARNING - BranchPythonVirtualenvOperator.execute cannot be called outside TaskInstance!
[2025-06-22T12:23:15.218+0000] {python.py:809} INFO - Python virtual environment will be cached in /tmp/venv-5ea997a7
[2025-06-22T12:23:15.220+0000] {python.py:823} INFO - Re-using cached Python virtual environment in /tmp/venv-5ea997a7
[2025-06-22T12:23:15.222+0000] {python.py:513} INFO - Use 'pickle' as serializer.
[2025-06-22T12:23:15.232+0000] {process_utils.py:186} INFO - Executing cmd: /tmp/venv-5ea997a7/bin/python /tmp/venv-calluz22w1zd/script.py /tmp/venv-calluz22w1zd/script.in /tmp/venv-calluz22w1zd/script.out /tmp/venv-calluz22w1zd/string_args.txt /tmp/venv-calluz22w1zd/termination.log
[2025-06-22T12:23:15.234+0000] {process_utils.py:190} INFO - Output:
[2025-06-22T12:23:17.773+0000] {process_utils.py:194} INFO - Some numpy stuff: [0 1 2 3 4 5]
[2025-06-22T12:23:18.120+0000] {python.py:240} INFO - Done. Returned value was: venv_d
[2025-06-22T12:23:18.121+0000] {branch.py:38} INFO - Branch into venv_d
[2025-06-22T12:23:18.121+0000] {skipmixin.py:233} INFO - Following branch ('venv_d',)
[2025-06-22T12:23:18.136+0000] {skipmixin.py:281} INFO - Skipping tasks [('venv_c', -1), ('venv_b', -1), ('venv_a', -1)]
[2025-06-22T12:23:18.165+0000] {taskinstance.py:341} INFO - ::group::Post task execution logs
[2025-06-22T12:23:18.166+0000] {taskinstance.py:353} INFO - Marking task as SUCCESS. dag_id=example_branch_operator, task_id=branching_venv, run_id=scheduled__2025-06-21T00:00:00+00:00, execution_date=20250621T000000, start_date=20250622T122314, end_date=20250622T122318
[2025-06-22T12:23:18.190+0000] {logging_mixin.py:190} INFO - Task instance in success state
[2025-06-22T12:23:18.190+0000] {logging_mixin.py:190} INFO -  Previous state of the Task instance: running
[2025-06-22T12:23:18.191+0000] {logging_mixin.py:190} INFO - Dag name:example_branch_operator queued_at:2025-06-22 12:22:49.037973+00:00
[2025-06-22T12:23:18.191+0000] {logging_mixin.py:190} INFO - Task hostname:342e1477a02c operator:BranchPythonVirtualenvOperator
[2025-06-22T12:23:18.236+0000] {local_task_job_runner.py:266} INFO - Task exited with return code 0
[2025-06-22T12:23:18.245+0000] {local_task_job_runner.py:245} INFO - ::endgroup::
[2025-06-22T12:38:29.559+0000] {local_task_job_runner.py:123} INFO - ::group::Pre task execution logs
[2025-06-22T12:38:29.590+0000] {taskinstance.py:2614} INFO - Dependencies all met for dep_context=non-requeueable deps ti=<TaskInstance: example_branch_operator.branching_venv scheduled__2025-06-21T00:00:00+00:00 [queued]>
[2025-06-22T12:38:29.601+0000] {taskinstance.py:2614} INFO - Dependencies all met for dep_context=requeueable deps ti=<TaskInstance: example_branch_operator.branching_venv scheduled__2025-06-21T00:00:00+00:00 [queued]>
[2025-06-22T12:38:29.602+0000] {taskinstance.py:2867} INFO - Starting attempt 1 of 1
[2025-06-22T12:38:29.773+0000] {taskinstance.py:2890} INFO - Executing <Task(BranchPythonVirtualenvOperator): branching_venv> on 2025-06-21 00:00:00+00:00
[2025-06-22T12:38:29.785+0000] {warnings.py:112} WARNING - /home/***/.local/lib/python3.12/site-packages/***/task/task_runner/standard_task_runner.py:70: DeprecationWarning: This process (pid=472) is multi-threaded, use of fork() may lead to deadlocks in the child.
  pid = os.fork()

[2025-06-22T12:38:29.787+0000] {standard_task_runner.py:72} INFO - Started process 492 to run task
[2025-06-22T12:38:29.787+0000] {standard_task_runner.py:104} INFO - Running: ['***', 'tasks', 'run', 'example_branch_operator', 'branching_venv', 'scheduled__2025-06-21T00:00:00+00:00', '--job-id', '62', '--raw', '--subdir', '/home/***/.local/lib/python3.12/site-packages/***/example_dags/example_branch_operator.py', '--cfg-path', '/tmp/tmp0unlu593']
[2025-06-22T12:38:29.788+0000] {standard_task_runner.py:105} INFO - Job 62: Subtask branching_venv
[2025-06-22T12:38:29.847+0000] {task_command.py:467} INFO - Running <TaskInstance: example_branch_operator.branching_venv scheduled__2025-06-21T00:00:00+00:00 [running]> on host a5c304807a12
[2025-06-22T12:38:29.926+0000] {taskinstance.py:3134} INFO - Exporting env vars: AIRFLOW_CTX_DAG_OWNER='***' AIRFLOW_CTX_DAG_ID='example_branch_operator' AIRFLOW_CTX_TASK_ID='branching_venv' AIRFLOW_CTX_EXECUTION_DATE='2025-06-21T00:00:00+00:00' AIRFLOW_CTX_TRY_NUMBER='1' AIRFLOW_CTX_DAG_RUN_ID='scheduled__2025-06-21T00:00:00+00:00'
[2025-06-22T12:38:29.928+0000] {logging_mixin.py:190} INFO - Task instance is in running state
[2025-06-22T12:38:29.931+0000] {logging_mixin.py:190} INFO -  Previous state of the Task instance: queued
[2025-06-22T12:38:29.931+0000] {logging_mixin.py:190} INFO - Current task name:branching_venv state:running start_date:2025-06-22 12:38:29.590584+00:00
[2025-06-22T12:38:29.932+0000] {logging_mixin.py:190} INFO - Dag name:example_branch_operator and current dag run status:running
[2025-06-22T12:38:29.932+0000] {taskinstance.py:732} INFO - ::endgroup::
[2025-06-22T12:38:29.933+0000] {baseoperator.py:423} WARNING - BranchPythonVirtualenvOperator.execute cannot be called outside TaskInstance!
[2025-06-22T12:38:29.933+0000] {baseoperator.py:423} WARNING - BranchPythonVirtualenvOperator.execute cannot be called outside TaskInstance!
[2025-06-22T12:38:29.941+0000] {python.py:809} INFO - Python virtual environment will be cached in /tmp/venv-5ea997a7
[2025-06-22T12:38:29.943+0000] {python.py:823} INFO - Re-using cached Python virtual environment in /tmp/venv-5ea997a7
[2025-06-22T12:38:29.944+0000] {python.py:513} INFO - Use 'pickle' as serializer.
[2025-06-22T12:38:29.953+0000] {process_utils.py:186} INFO - Executing cmd: /tmp/venv-5ea997a7/bin/python /tmp/venv-callgn76vsqv/script.py /tmp/venv-callgn76vsqv/script.in /tmp/venv-callgn76vsqv/script.out /tmp/venv-callgn76vsqv/string_args.txt /tmp/venv-callgn76vsqv/termination.log
[2025-06-22T12:38:29.954+0000] {process_utils.py:190} INFO - Output:
[2025-06-22T12:38:32.685+0000] {process_utils.py:194} INFO - Some numpy stuff: [0 1 2 3 4 5]
[2025-06-22T12:38:33.191+0000] {python.py:240} INFO - Done. Returned value was: venv_c
[2025-06-22T12:38:33.192+0000] {branch.py:38} INFO - Branch into venv_c
[2025-06-22T12:38:33.193+0000] {skipmixin.py:233} INFO - Following branch ('venv_c',)
[2025-06-22T12:38:33.210+0000] {skipmixin.py:281} INFO - Skipping tasks [('venv_b', -1), ('venv_d', -1), ('venv_a', -1)]
[2025-06-22T12:38:33.247+0000] {taskinstance.py:341} INFO - ::group::Post task execution logs
[2025-06-22T12:38:33.248+0000] {taskinstance.py:353} INFO - Marking task as SUCCESS. dag_id=example_branch_operator, task_id=branching_venv, run_id=scheduled__2025-06-21T00:00:00+00:00, execution_date=20250621T000000, start_date=20250622T123829, end_date=20250622T123833
[2025-06-22T12:38:33.273+0000] {logging_mixin.py:190} INFO - Task instance in success state
[2025-06-22T12:38:33.275+0000] {logging_mixin.py:190} INFO -  Previous state of the Task instance: running
[2025-06-22T12:38:33.275+0000] {logging_mixin.py:190} INFO - Dag name:example_branch_operator queued_at:2025-06-22 12:38:03.528600+00:00
[2025-06-22T12:38:33.276+0000] {logging_mixin.py:190} INFO - Task hostname:a5c304807a12 operator:BranchPythonVirtualenvOperator
[2025-06-22T12:38:33.292+0000] {local_task_job_runner.py:266} INFO - Task exited with return code 0
[2025-06-22T12:38:33.322+0000] {taskinstance.py:3901} INFO - 1 downstream tasks scheduled from follow-on schedule check
[2025-06-22T12:38:33.326+0000] {local_task_job_runner.py:245} INFO - ::endgroup::
