[2025-06-22T12:38:03.463+0000] {local_task_job_runner.py:123} INFO - ::group::Pre task execution logs
[2025-06-22T12:38:03.511+0000] {taskinstance.py:2614} INFO - Dependencies all met for dep_context=non-requeueable deps ti=<TaskInstance: example_trigger_target_dag.bash_task manual__2025-06-22T12:37:56.009179+00:00 [queued]>
[2025-06-22T12:38:03.531+0000] {taskinstance.py:2614} INFO - Dependencies all met for dep_context=requeueable deps ti=<TaskInstance: example_trigger_target_dag.bash_task manual__2025-06-22T12:37:56.009179+00:00 [queued]>
[2025-06-22T12:38:03.532+0000] {taskinstance.py:2867} INFO - Starting attempt 1 of 1
[2025-06-22T12:38:04.219+0000] {taskinstance.py:2890} INFO - Executing <Task(BashOperator): bash_task> on 2025-06-22 12:37:56.009179+00:00
[2025-06-22T12:38:04.269+0000] {warnings.py:112} WARNING - /home/***/.local/lib/python3.12/site-packages/***/task/task_runner/standard_task_runner.py:70: DeprecationWarning: This process (pid=181) is multi-threaded, use of fork() may lead to deadlocks in the child.
  pid = os.fork()

[2025-06-22T12:38:04.276+0000] {standard_task_runner.py:72} INFO - Started process 236 to run task
[2025-06-22T12:38:04.281+0000] {standard_task_runner.py:104} INFO - Running: ['***', 'tasks', 'run', 'example_trigger_target_dag', 'bash_task', 'manual__2025-06-22T12:37:56.009179+00:00', '--job-id', '30', '--raw', '--subdir', '/home/***/.local/lib/python3.12/site-packages/***/example_dags/example_trigger_target_dag.py', '--cfg-path', '/tmp/tmpv5dod4kn']
[2025-06-22T12:38:04.284+0000] {standard_task_runner.py:105} INFO - Job 30: Subtask bash_task
[2025-06-22T12:38:04.474+0000] {task_command.py:467} INFO - Running <TaskInstance: example_trigger_target_dag.bash_task manual__2025-06-22T12:37:56.009179+00:00 [running]> on host a5c304807a12
[2025-06-22T12:38:04.710+0000] {taskinstance.py:3134} INFO - Exporting env vars: AIRFLOW_CTX_DAG_OWNER='***' AIRFLOW_CTX_DAG_ID='example_trigger_target_dag' AIRFLOW_CTX_TASK_ID='bash_task' AIRFLOW_CTX_EXECUTION_DATE='2025-06-22T12:37:56.009179+00:00' AIRFLOW_CTX_TRY_NUMBER='1' AIRFLOW_CTX_DAG_RUN_ID='manual__2025-06-22T12:37:56.009179+00:00'
[2025-06-22T12:38:04.713+0000] {logging_mixin.py:190} INFO - Task instance is in running state
[2025-06-22T12:38:04.717+0000] {logging_mixin.py:190} INFO -  Previous state of the Task instance: queued
[2025-06-22T12:38:04.717+0000] {logging_mixin.py:190} INFO - Current task name:bash_task state:running start_date:2025-06-22 12:38:03.512265+00:00
[2025-06-22T12:38:04.718+0000] {logging_mixin.py:190} INFO - Dag name:example_trigger_target_dag and current dag run status:running
[2025-06-22T12:38:04.718+0000] {taskinstance.py:732} INFO - ::endgroup::
[2025-06-22T12:38:04.720+0000] {subprocess.py:78} INFO - Tmp dir root location: /tmp
[2025-06-22T12:38:04.726+0000] {subprocess.py:88} INFO - Running command: ['/usr/bin/bash', '-c', 'echo "Here is the message: $message"']
[2025-06-22T12:38:04.775+0000] {subprocess.py:99} INFO - Output:
[2025-06-22T12:38:04.777+0000] {subprocess.py:106} INFO - Here is the message: Hello World
[2025-06-22T12:38:04.778+0000] {subprocess.py:110} INFO - Command exited with return code 0
[2025-06-22T12:38:04.836+0000] {taskinstance.py:341} INFO - ::group::Post task execution logs
[2025-06-22T12:38:04.837+0000] {taskinstance.py:353} INFO - Marking task as SUCCESS. dag_id=example_trigger_target_dag, task_id=bash_task, run_id=manual__2025-06-22T12:37:56.009179+00:00, execution_date=20250622T123756, start_date=20250622T123803, end_date=20250622T123804
[2025-06-22T12:38:04.895+0000] {logging_mixin.py:190} INFO - Task instance in success state
[2025-06-22T12:38:04.897+0000] {logging_mixin.py:190} INFO -  Previous state of the Task instance: running
[2025-06-22T12:38:04.898+0000] {logging_mixin.py:190} INFO - Dag name:example_trigger_target_dag queued_at:2025-06-22 12:37:56.099958+00:00
[2025-06-22T12:38:04.899+0000] {logging_mixin.py:190} INFO - Task hostname:a5c304807a12 operator:BashOperator
[2025-06-22T12:38:04.970+0000] {local_task_job_runner.py:266} INFO - Task exited with return code 0
[2025-06-22T12:38:05.008+0000] {taskinstance.py:3901} INFO - 0 downstream tasks scheduled from follow-on schedule check
[2025-06-22T12:38:05.013+0000] {local_task_job_runner.py:245} INFO - ::endgroup::
