[2025-06-27T17:00:02.744+0000] {local_task_job_runner.py:123} INFO - ::group::Pre task execution logs
[2025-06-27T17:00:02.761+0000] {taskinstance.py:2614} INFO - Dependencies all met for dep_context=non-requeueable deps ti=<TaskInstance: example_sla_dag.sleep_20 scheduled__2025-06-27T16:58:00+00:00 [queued]>
[2025-06-27T17:00:02.773+0000] {taskinstance.py:2614} INFO - Dependencies all met for dep_context=requeueable deps ti=<TaskInstance: example_sla_dag.sleep_20 scheduled__2025-06-27T16:58:00+00:00 [queued]>
[2025-06-27T17:00:02.774+0000] {taskinstance.py:2867} INFO - Starting attempt 1 of 1
[2025-06-27T17:00:02.942+0000] {taskinstance.py:2890} INFO - Executing <Task(_PythonDecoratedOperator): sleep_20> on 2025-06-27 16:58:00+00:00
[2025-06-27T17:00:02.949+0000] {warnings.py:112} WARNING - /home/***/.local/lib/python3.12/site-packages/***/task/task_runner/standard_task_runner.py:70: DeprecationWarning: This process (pid=838) is multi-threaded, use of fork() may lead to deadlocks in the child.
  pid = os.fork()

[2025-06-27T17:00:02.951+0000] {standard_task_runner.py:72} INFO - Started process 850 to run task
[2025-06-27T17:00:02.951+0000] {standard_task_runner.py:104} INFO - Running: ['***', 'tasks', 'run', 'example_sla_dag', 'sleep_20', 'scheduled__2025-06-27T16:58:00+00:00', '--job-id', '170', '--raw', '--subdir', '/home/***/.local/lib/python3.12/site-packages/***/example_dags/example_sla_dag.py', '--cfg-path', '/tmp/tmpxno52oyd']
[2025-06-27T17:00:02.952+0000] {standard_task_runner.py:105} INFO - Job 170: Subtask sleep_20
[2025-06-27T17:00:03.007+0000] {task_command.py:467} INFO - Running <TaskInstance: example_sla_dag.sleep_20 scheduled__2025-06-27T16:58:00+00:00 [running]> on host a5c304807a12
[2025-06-27T17:00:03.090+0000] {taskinstance.py:3134} INFO - Exporting env vars: AIRFLOW_CTX_DAG_EMAIL='email@example.com' AIRFLOW_CTX_DAG_OWNER='***' AIRFLOW_CTX_DAG_ID='example_sla_dag' AIRFLOW_CTX_TASK_ID='sleep_20' AIRFLOW_CTX_EXECUTION_DATE='2025-06-27T16:58:00+00:00' AIRFLOW_CTX_TRY_NUMBER='1' AIRFLOW_CTX_DAG_RUN_ID='scheduled__2025-06-27T16:58:00+00:00'
[2025-06-27T17:00:03.092+0000] {logging_mixin.py:190} INFO - Task instance is in running state
[2025-06-27T17:00:03.092+0000] {logging_mixin.py:190} INFO -  Previous state of the Task instance: queued
[2025-06-27T17:00:03.093+0000] {logging_mixin.py:190} INFO - Current task name:sleep_20 state:running start_date:2025-06-27 17:00:02.762609+00:00
[2025-06-27T17:00:03.093+0000] {logging_mixin.py:190} INFO - Dag name:example_sla_dag and current dag run status:running
[2025-06-27T17:00:03.094+0000] {taskinstance.py:732} INFO - ::endgroup::
[2025-06-27T17:00:23.094+0000] {python.py:240} INFO - Done. Returned value was: None
[2025-06-27T17:00:23.102+0000] {taskinstance.py:341} INFO - ::group::Post task execution logs
[2025-06-27T17:00:23.103+0000] {taskinstance.py:353} INFO - Marking task as SUCCESS. dag_id=example_sla_dag, task_id=sleep_20, run_id=scheduled__2025-06-27T16:58:00+00:00, execution_date=20250627T165800, start_date=20250627T170002, end_date=20250627T170023
[2025-06-27T17:00:23.134+0000] {logging_mixin.py:190} INFO - Task instance in success state
[2025-06-27T17:00:23.135+0000] {logging_mixin.py:190} INFO -  Previous state of the Task instance: running
[2025-06-27T17:00:23.136+0000] {logging_mixin.py:190} INFO - Dag name:example_sla_dag queued_at:2025-06-27 17:00:01.002066+00:00
[2025-06-27T17:00:23.137+0000] {logging_mixin.py:190} INFO - Task hostname:a5c304807a12 operator:_PythonDecoratedOperator
[2025-06-27T17:00:23.150+0000] {local_task_job_runner.py:266} INFO - Task exited with return code 0
[2025-06-27T17:00:23.170+0000] {taskinstance.py:3901} INFO - 1 downstream tasks scheduled from follow-on schedule check
[2025-06-27T17:00:23.173+0000] {local_task_job_runner.py:245} INFO - ::endgroup::
