[2025-06-22T12:27:23.470+0000] {local_task_job_runner.py:123} INFO - ::group::Pre task execution logs
[2025-06-22T12:27:23.503+0000] {taskinstance.py:2614} INFO - Dependencies all met for dep_context=non-requeueable deps ti=<TaskInstance: example_subdag_operator.section-2 scheduled__2022-01-01T00:00:00+00:00 [queued]>
[2025-06-22T12:27:23.518+0000] {taskinstance.py:2614} INFO - Dependencies all met for dep_context=requeueable deps ti=<TaskInstance: example_subdag_operator.section-2 scheduled__2022-01-01T00:00:00+00:00 [queued]>
[2025-06-22T12:27:23.523+0000] {taskinstance.py:2867} INFO - Starting attempt 1 of 3
[2025-06-22T12:27:23.771+0000] {taskinstance.py:2890} INFO - Executing <Task(SubDagOperator): section-2> on 2022-01-01 00:00:00+00:00
[2025-06-22T12:27:23.779+0000] {warnings.py:112} WARNING - /home/***/.local/lib/python3.12/site-packages/***/task/task_runner/standard_task_runner.py:70: DeprecationWarning: This process (pid=97) is multi-threaded, use of fork() may lead to deadlocks in the child.
  pid = os.fork()

[2025-06-22T12:27:23.782+0000] {standard_task_runner.py:72} INFO - Started process 108 to run task
[2025-06-22T12:27:23.782+0000] {standard_task_runner.py:104} INFO - Running: ['***', 'tasks', 'run', 'example_subdag_operator', 'section-2', 'scheduled__2022-01-01T00:00:00+00:00', '--job-id', '65', '--raw', '--subdir', '/home/***/.local/lib/python3.12/site-packages/***/example_dags/example_subdag_operator.py', '--cfg-path', '/tmp/tmpv6s8yi_3']
[2025-06-22T12:27:23.787+0000] {standard_task_runner.py:105} INFO - Job 65: Subtask section-2
[2025-06-22T12:27:23.859+0000] {task_command.py:467} INFO - Running <TaskInstance: example_subdag_operator.section-2 scheduled__2022-01-01T00:00:00+00:00 [running]> on host 342e1477a02c
[2025-06-22T12:27:23.948+0000] {taskinstance.py:3134} INFO - Exporting env vars: AIRFLOW_CTX_DAG_OWNER='***' AIRFLOW_CTX_DAG_ID='example_subdag_operator' AIRFLOW_CTX_TASK_ID='section-2' AIRFLOW_CTX_EXECUTION_DATE='2022-01-01T00:00:00+00:00' AIRFLOW_CTX_TRY_NUMBER='1' AIRFLOW_CTX_DAG_RUN_ID='scheduled__2022-01-01T00:00:00+00:00'
[2025-06-22T12:27:23.949+0000] {warnings.py:112} WARNING - /home/***/.local/lib/python3.12/site-packages/***/operators/subdag.py:167: AirflowContextDeprecationWarning: Accessing 'execution_date' from the template is deprecated and will be removed in a future version. Please use 'data_interval_start' or 'logical_date' instead.
  execution_date = context["execution_date"]

[2025-06-22T12:27:23.982+0000] {subdag.py:183} INFO - Created DagRun: scheduled__2022-01-01T00:00:00+00:00
[2025-06-22T12:27:23.983+0000] {logging_mixin.py:190} INFO - Task instance is in running state
[2025-06-22T12:27:23.983+0000] {logging_mixin.py:190} INFO -  Previous state of the Task instance: queued
[2025-06-22T12:27:23.984+0000] {logging_mixin.py:190} INFO - Current task name:section-2 state:running start_date:2025-06-22 12:27:23.504478+00:00
[2025-06-22T12:27:23.986+0000] {logging_mixin.py:190} INFO - Dag name:example_subdag_operator and current dag run status:running
[2025-06-22T12:27:23.986+0000] {taskinstance.py:732} INFO - ::endgroup::
[2025-06-22T12:27:23.987+0000] {warnings.py:112} WARNING - /home/***/.local/lib/python3.12/site-packages/***/operators/subdag.py:190: AirflowContextDeprecationWarning: Accessing 'execution_date' from the template is deprecated and will be removed in a future version. Please use 'data_interval_start' or 'logical_date' instead.
  execution_date = context["execution_date"]

[2025-06-22T12:28:23.998+0000] {base.py:339} INFO - Success criteria met. Exiting.
[2025-06-22T12:28:23.998+0000] {warnings.py:112} WARNING - /home/***/.local/lib/python3.12/site-packages/***/operators/subdag.py:196: AirflowContextDeprecationWarning: Accessing 'execution_date' from the template is deprecated and will be removed in a future version. Please use 'data_interval_start' or 'logical_date' instead.
  execution_date = context["execution_date"]

[2025-06-22T12:28:24.005+0000] {subdag.py:198} INFO - Execution finished. State is success
[2025-06-22T12:28:24.014+0000] {taskinstance.py:341} INFO - ::group::Post task execution logs
[2025-06-22T12:28:24.015+0000] {taskinstance.py:353} INFO - Marking task as SUCCESS. dag_id=example_subdag_operator, task_id=section-2, run_id=scheduled__2022-01-01T00:00:00+00:00, execution_date=20220101T000000, start_date=20250622T122723, end_date=20250622T122824
[2025-06-22T12:28:24.042+0000] {logging_mixin.py:190} INFO - Task instance in success state
[2025-06-22T12:28:24.043+0000] {logging_mixin.py:190} INFO -  Previous state of the Task instance: running
[2025-06-22T12:28:24.044+0000] {logging_mixin.py:190} INFO - Dag name:example_subdag_operator queued_at:2025-06-22 12:22:35.220287+00:00
[2025-06-22T12:28:24.044+0000] {logging_mixin.py:190} INFO - Task hostname:342e1477a02c operator:SubDagOperator
[2025-06-22T12:28:24.084+0000] {local_task_job_runner.py:266} INFO - Task exited with return code 0
[2025-06-22T12:28:24.102+0000] {taskinstance.py:3901} INFO - 0 downstream tasks scheduled from follow-on schedule check
[2025-06-22T12:28:24.106+0000] {local_task_job_runner.py:245} INFO - ::endgroup::
[2025-06-27T16:58:04.006+0000] {local_task_job_runner.py:123} INFO - ::group::Pre task execution logs
[2025-06-27T16:58:04.041+0000] {taskinstance.py:2614} INFO - Dependencies all met for dep_context=non-requeueable deps ti=<TaskInstance: example_subdag_operator.section-2 scheduled__2022-01-01T00:00:00+00:00 [queued]>
[2025-06-27T16:58:04.061+0000] {taskinstance.py:2614} INFO - Dependencies all met for dep_context=requeueable deps ti=<TaskInstance: example_subdag_operator.section-2 scheduled__2022-01-01T00:00:00+00:00 [queued]>
[2025-06-27T16:58:04.062+0000] {taskinstance.py:2867} INFO - Starting attempt 1 of 3
[2025-06-27T16:58:04.388+0000] {taskinstance.py:2890} INFO - Executing <Task(SubDagOperator): section-2> on 2022-01-01 00:00:00+00:00
[2025-06-27T16:58:04.406+0000] {warnings.py:112} WARNING - /home/***/.local/lib/python3.12/site-packages/***/task/task_runner/standard_task_runner.py:70: DeprecationWarning: This process (pid=162) is multi-threaded, use of fork() may lead to deadlocks in the child.
  pid = os.fork()

[2025-06-27T16:58:04.409+0000] {standard_task_runner.py:72} INFO - Started process 195 to run task
[2025-06-27T16:58:04.411+0000] {standard_task_runner.py:104} INFO - Running: ['***', 'tasks', 'run', 'example_subdag_operator', 'section-2', 'scheduled__2022-01-01T00:00:00+00:00', '--job-id', '88', '--raw', '--subdir', '/home/***/.local/lib/python3.12/site-packages/***/example_dags/example_subdag_operator.py', '--cfg-path', '/tmp/tmpi2lvuehy']
[2025-06-27T16:58:04.415+0000] {standard_task_runner.py:105} INFO - Job 88: Subtask section-2
[2025-06-27T16:58:04.544+0000] {task_command.py:467} INFO - Running <TaskInstance: example_subdag_operator.section-2 scheduled__2022-01-01T00:00:00+00:00 [running]> on host a5c304807a12
[2025-06-27T16:58:04.757+0000] {taskinstance.py:3134} INFO - Exporting env vars: AIRFLOW_CTX_DAG_OWNER='***' AIRFLOW_CTX_DAG_ID='example_subdag_operator' AIRFLOW_CTX_TASK_ID='section-2' AIRFLOW_CTX_EXECUTION_DATE='2022-01-01T00:00:00+00:00' AIRFLOW_CTX_TRY_NUMBER='1' AIRFLOW_CTX_DAG_RUN_ID='scheduled__2022-01-01T00:00:00+00:00'
[2025-06-27T16:58:04.781+0000] {warnings.py:112} WARNING - /home/***/.local/lib/python3.12/site-packages/***/operators/subdag.py:167: AirflowContextDeprecationWarning: Accessing 'execution_date' from the template is deprecated and will be removed in a future version. Please use 'data_interval_start' or 'logical_date' instead.
  execution_date = context["execution_date"]

[2025-06-27T16:58:04.854+0000] {subdag.py:183} INFO - Created DagRun: scheduled__2022-01-01T00:00:00+00:00
[2025-06-27T16:58:04.860+0000] {logging_mixin.py:190} INFO - Task instance is in running state
[2025-06-27T16:58:04.861+0000] {logging_mixin.py:190} INFO -  Previous state of the Task instance: queued
[2025-06-27T16:58:04.863+0000] {logging_mixin.py:190} INFO - Current task name:section-2 state:running start_date:2025-06-27 16:58:04.042757+00:00
[2025-06-27T16:58:04.867+0000] {logging_mixin.py:190} INFO - Dag name:example_subdag_operator and current dag run status:running
[2025-06-27T16:58:04.870+0000] {taskinstance.py:732} INFO - ::endgroup::
[2025-06-27T16:58:04.873+0000] {warnings.py:112} WARNING - /home/***/.local/lib/python3.12/site-packages/***/operators/subdag.py:190: AirflowContextDeprecationWarning: Accessing 'execution_date' from the template is deprecated and will be removed in a future version. Please use 'data_interval_start' or 'logical_date' instead.
  execution_date = context["execution_date"]

[2025-06-27T16:59:04.895+0000] {base.py:339} INFO - Success criteria met. Exiting.
[2025-06-27T16:59:04.896+0000] {warnings.py:112} WARNING - /home/***/.local/lib/python3.12/site-packages/***/operators/subdag.py:196: AirflowContextDeprecationWarning: Accessing 'execution_date' from the template is deprecated and will be removed in a future version. Please use 'data_interval_start' or 'logical_date' instead.
  execution_date = context["execution_date"]

[2025-06-27T16:59:04.901+0000] {subdag.py:198} INFO - Execution finished. State is success
[2025-06-27T16:59:04.909+0000] {taskinstance.py:341} INFO - ::group::Post task execution logs
[2025-06-27T16:59:04.910+0000] {taskinstance.py:353} INFO - Marking task as SUCCESS. dag_id=example_subdag_operator, task_id=section-2, run_id=scheduled__2022-01-01T00:00:00+00:00, execution_date=20220101T000000, start_date=20250627T165804, end_date=20250627T165904
[2025-06-27T16:59:04.934+0000] {logging_mixin.py:190} INFO - Task instance in success state
[2025-06-27T16:59:04.934+0000] {logging_mixin.py:190} INFO -  Previous state of the Task instance: running
[2025-06-27T16:59:04.935+0000] {logging_mixin.py:190} INFO - Dag name:example_subdag_operator queued_at:2025-06-22 12:37:50.885869+00:00
[2025-06-27T16:59:04.935+0000] {logging_mixin.py:190} INFO - Task hostname:a5c304807a12 operator:SubDagOperator
[2025-06-27T16:59:04.969+0000] {local_task_job_runner.py:266} INFO - Task exited with return code 0
[2025-06-27T16:59:04.983+0000] {taskinstance.py:3901} INFO - 0 downstream tasks scheduled from follow-on schedule check
[2025-06-27T16:59:04.986+0000] {local_task_job_runner.py:245} INFO - ::endgroup::
