[2025-06-22T12:22:45.646+0000] {local_task_job_runner.py:123} INFO - ::group::Pre task execution logs
[2025-06-22T12:22:45.680+0000] {taskinstance.py:2614} INFO - Dependencies all met for dep_context=non-requeueable deps ti=<TaskInstance: example_bash_operator.runme_1 scheduled__2025-06-21T00:00:00+00:00 [queued]>
[2025-06-22T12:22:45.702+0000] {taskinstance.py:2614} INFO - Dependencies all met for dep_context=requeueable deps ti=<TaskInstance: example_bash_operator.runme_1 scheduled__2025-06-21T00:00:00+00:00 [queued]>
[2025-06-22T12:22:45.704+0000] {taskinstance.py:2867} INFO - Starting attempt 1 of 1
[2025-06-22T12:22:46.047+0000] {taskinstance.py:2890} INFO - Executing <Task(BashOperator): runme_1> on 2025-06-21 00:00:00+00:00
[2025-06-22T12:22:46.062+0000] {warnings.py:112} WARNING - /home/***/.local/lib/python3.12/site-packages/***/task/task_runner/standard_task_runner.py:70: DeprecationWarning: This process (pid=169) is multi-threaded, use of fork() may lead to deadlocks in the child.
  pid = os.fork()

[2025-06-22T12:22:46.072+0000] {standard_task_runner.py:72} INFO - Started process 207 to run task
[2025-06-22T12:22:46.074+0000] {standard_task_runner.py:104} INFO - Running: ['***', 'tasks', 'run', 'example_bash_operator', 'runme_1', 'scheduled__2025-06-21T00:00:00+00:00', '--job-id', '27', '--raw', '--subdir', '/home/***/.local/lib/python3.12/site-packages/***/example_dags/example_bash_operator.py', '--cfg-path', '/tmp/tmpvrdu0ijs']
[2025-06-22T12:22:46.076+0000] {standard_task_runner.py:105} INFO - Job 27: Subtask runme_1
[2025-06-22T12:22:46.184+0000] {task_command.py:467} INFO - Running <TaskInstance: example_bash_operator.runme_1 scheduled__2025-06-21T00:00:00+00:00 [running]> on host 342e1477a02c
[2025-06-22T12:22:46.444+0000] {taskinstance.py:3134} INFO - Exporting env vars: AIRFLOW_CTX_DAG_OWNER='***' AIRFLOW_CTX_DAG_ID='example_bash_operator' AIRFLOW_CTX_TASK_ID='runme_1' AIRFLOW_CTX_EXECUTION_DATE='2025-06-21T00:00:00+00:00' AIRFLOW_CTX_TRY_NUMBER='1' AIRFLOW_CTX_DAG_RUN_ID='scheduled__2025-06-21T00:00:00+00:00'
[2025-06-22T12:22:46.450+0000] {logging_mixin.py:190} INFO - Task instance is in running state
[2025-06-22T12:22:46.451+0000] {logging_mixin.py:190} INFO -  Previous state of the Task instance: queued
[2025-06-22T12:22:46.452+0000] {logging_mixin.py:190} INFO - Current task name:runme_1 state:running start_date:2025-06-22 12:22:45.682361+00:00
[2025-06-22T12:22:46.453+0000] {logging_mixin.py:190} INFO - Dag name:example_bash_operator and current dag run status:running
[2025-06-22T12:22:46.454+0000] {taskinstance.py:732} INFO - ::endgroup::
[2025-06-22T12:22:46.456+0000] {subprocess.py:78} INFO - Tmp dir root location: /tmp
[2025-06-22T12:22:46.462+0000] {subprocess.py:88} INFO - Running command: ['/usr/bin/bash', '-c', 'echo "example_bash_operator__runme_1__20250621" && sleep 1']
[2025-06-22T12:22:46.498+0000] {subprocess.py:99} INFO - Output:
[2025-06-22T12:22:46.501+0000] {subprocess.py:106} INFO - example_bash_operator__runme_1__20250621
[2025-06-22T12:22:47.507+0000] {subprocess.py:110} INFO - Command exited with return code 0
[2025-06-22T12:22:47.590+0000] {taskinstance.py:341} INFO - ::group::Post task execution logs
[2025-06-22T12:22:47.597+0000] {taskinstance.py:353} INFO - Marking task as SUCCESS. dag_id=example_bash_operator, task_id=runme_1, run_id=scheduled__2025-06-21T00:00:00+00:00, execution_date=20250621T000000, start_date=20250622T122245, end_date=20250622T122247
[2025-06-22T12:22:47.696+0000] {logging_mixin.py:190} INFO - Task instance in success state
[2025-06-22T12:22:47.703+0000] {logging_mixin.py:190} INFO -  Previous state of the Task instance: running
[2025-06-22T12:22:47.707+0000] {logging_mixin.py:190} INFO - Dag name:example_bash_operator queued_at:2025-06-22 12:22:41.022971+00:00
[2025-06-22T12:22:47.708+0000] {logging_mixin.py:190} INFO - Task hostname:342e1477a02c operator:BashOperator
[2025-06-22T12:22:47.737+0000] {local_task_job_runner.py:266} INFO - Task exited with return code 0
[2025-06-22T12:22:47.855+0000] {taskinstance.py:3901} INFO - 1 downstream tasks scheduled from follow-on schedule check
[2025-06-22T12:22:47.882+0000] {local_task_job_runner.py:245} INFO - ::endgroup::
[2025-06-22T12:38:00.330+0000] {local_task_job_runner.py:123} INFO - ::group::Pre task execution logs
[2025-06-22T12:38:00.374+0000] {taskinstance.py:2614} INFO - Dependencies all met for dep_context=non-requeueable deps ti=<TaskInstance: example_bash_operator.runme_1 scheduled__2025-06-21T00:00:00+00:00 [queued]>
[2025-06-22T12:38:00.395+0000] {taskinstance.py:2614} INFO - Dependencies all met for dep_context=requeueable deps ti=<TaskInstance: example_bash_operator.runme_1 scheduled__2025-06-21T00:00:00+00:00 [queued]>
[2025-06-22T12:38:00.397+0000] {taskinstance.py:2867} INFO - Starting attempt 1 of 1
[2025-06-22T12:38:00.844+0000] {taskinstance.py:2890} INFO - Executing <Task(BashOperator): runme_1> on 2025-06-21 00:00:00+00:00
[2025-06-22T12:38:00.874+0000] {warnings.py:112} WARNING - /home/***/.local/lib/python3.12/site-packages/***/task/task_runner/standard_task_runner.py:70: DeprecationWarning: This process (pid=159) is multi-threaded, use of fork() may lead to deadlocks in the child.
  pid = os.fork()

[2025-06-22T12:38:00.877+0000] {standard_task_runner.py:72} INFO - Started process 194 to run task
[2025-06-22T12:38:00.881+0000] {standard_task_runner.py:104} INFO - Running: ['***', 'tasks', 'run', 'example_bash_operator', 'runme_1', 'scheduled__2025-06-21T00:00:00+00:00', '--job-id', '24', '--raw', '--subdir', '/home/***/.local/lib/python3.12/site-packages/***/example_dags/example_bash_operator.py', '--cfg-path', '/tmp/tmpmgm1zams']
[2025-06-22T12:38:00.885+0000] {standard_task_runner.py:105} INFO - Job 24: Subtask runme_1
[2025-06-22T12:38:01.041+0000] {task_command.py:467} INFO - Running <TaskInstance: example_bash_operator.runme_1 scheduled__2025-06-21T00:00:00+00:00 [running]> on host a5c304807a12
[2025-06-22T12:38:01.249+0000] {taskinstance.py:3134} INFO - Exporting env vars: AIRFLOW_CTX_DAG_OWNER='***' AIRFLOW_CTX_DAG_ID='example_bash_operator' AIRFLOW_CTX_TASK_ID='runme_1' AIRFLOW_CTX_EXECUTION_DATE='2025-06-21T00:00:00+00:00' AIRFLOW_CTX_TRY_NUMBER='1' AIRFLOW_CTX_DAG_RUN_ID='scheduled__2025-06-21T00:00:00+00:00'
[2025-06-22T12:38:01.253+0000] {logging_mixin.py:190} INFO - Task instance is in running state
[2025-06-22T12:38:01.257+0000] {logging_mixin.py:190} INFO -  Previous state of the Task instance: queued
[2025-06-22T12:38:01.257+0000] {logging_mixin.py:190} INFO - Current task name:runme_1 state:running start_date:2025-06-22 12:38:00.377042+00:00
[2025-06-22T12:38:01.258+0000] {logging_mixin.py:190} INFO - Dag name:example_bash_operator and current dag run status:running
[2025-06-22T12:38:01.260+0000] {taskinstance.py:732} INFO - ::endgroup::
[2025-06-22T12:38:01.263+0000] {subprocess.py:78} INFO - Tmp dir root location: /tmp
[2025-06-22T12:38:01.265+0000] {subprocess.py:88} INFO - Running command: ['/usr/bin/bash', '-c', 'echo "example_bash_operator__runme_1__20250621" && sleep 1']
[2025-06-22T12:38:01.319+0000] {subprocess.py:99} INFO - Output:
[2025-06-22T12:38:01.325+0000] {subprocess.py:106} INFO - example_bash_operator__runme_1__20250621
[2025-06-22T12:38:02.325+0000] {subprocess.py:110} INFO - Command exited with return code 0
[2025-06-22T12:38:02.417+0000] {taskinstance.py:341} INFO - ::group::Post task execution logs
[2025-06-22T12:38:02.424+0000] {taskinstance.py:353} INFO - Marking task as SUCCESS. dag_id=example_bash_operator, task_id=runme_1, run_id=scheduled__2025-06-21T00:00:00+00:00, execution_date=20250621T000000, start_date=20250622T123800, end_date=20250622T123802
[2025-06-22T12:38:02.536+0000] {logging_mixin.py:190} INFO - Task instance in success state
[2025-06-22T12:38:02.537+0000] {logging_mixin.py:190} INFO -  Previous state of the Task instance: running
[2025-06-22T12:38:02.537+0000] {logging_mixin.py:190} INFO - Dag name:example_bash_operator queued_at:2025-06-22 12:37:55.075401+00:00
[2025-06-22T12:38:02.538+0000] {logging_mixin.py:190} INFO - Task hostname:a5c304807a12 operator:BashOperator
[2025-06-22T12:38:02.597+0000] {local_task_job_runner.py:266} INFO - Task exited with return code 0
[2025-06-22T12:38:02.646+0000] {local_task_job_runner.py:245} INFO - ::endgroup::
