[2025-06-22T12:22:49.965+0000] {local_task_job_runner.py:123} INFO - ::group::Pre task execution logs
[2025-06-22T12:22:50.011+0000] {taskinstance.py:2614} INFO - Dependencies all met for dep_context=non-requeueable deps ti=<TaskInstance: example_xcom.puller scheduled__2021-01-01T00:00:00+00:00 [queued]>
[2025-06-22T12:22:50.040+0000] {taskinstance.py:2614} INFO - Dependencies all met for dep_context=requeueable deps ti=<TaskInstance: example_xcom.puller scheduled__2021-01-01T00:00:00+00:00 [queued]>
[2025-06-22T12:22:50.043+0000] {taskinstance.py:2867} INFO - Starting attempt 1 of 1
[2025-06-22T12:22:50.531+0000] {taskinstance.py:2890} INFO - Executing <Task(_PythonDecoratedOperator): puller> on 2021-01-01 00:00:00+00:00
[2025-06-22T12:22:50.557+0000] {warnings.py:112} WARNING - /home/***/.local/lib/python3.12/site-packages/***/task/task_runner/standard_task_runner.py:70: DeprecationWarning: This process (pid=214) is multi-threaded, use of fork() may lead to deadlocks in the child.
  pid = os.fork()

[2025-06-22T12:22:50.560+0000] {standard_task_runner.py:72} INFO - Started process 249 to run task
[2025-06-22T12:22:50.566+0000] {standard_task_runner.py:104} INFO - Running: ['***', 'tasks', 'run', 'example_xcom', 'puller', 'scheduled__2021-01-01T00:00:00+00:00', '--job-id', '30', '--raw', '--subdir', '/home/***/.local/lib/python3.12/site-packages/***/example_dags/example_xcom.py', '--cfg-path', '/tmp/tmp5tz_f40u']
[2025-06-22T12:22:50.579+0000] {standard_task_runner.py:105} INFO - Job 30: Subtask puller
[2025-06-22T12:22:50.787+0000] {task_command.py:467} INFO - Running <TaskInstance: example_xcom.puller scheduled__2021-01-01T00:00:00+00:00 [running]> on host 342e1477a02c
[2025-06-22T12:22:51.076+0000] {taskinstance.py:3134} INFO - Exporting env vars: AIRFLOW_CTX_DAG_OWNER='***' AIRFLOW_CTX_DAG_ID='example_xcom' AIRFLOW_CTX_TASK_ID='puller' AIRFLOW_CTX_EXECUTION_DATE='2021-01-01T00:00:00+00:00' AIRFLOW_CTX_TRY_NUMBER='1' AIRFLOW_CTX_DAG_RUN_ID='scheduled__2021-01-01T00:00:00+00:00'
[2025-06-22T12:22:51.081+0000] {logging_mixin.py:190} INFO - Task instance is in running state
[2025-06-22T12:22:51.082+0000] {logging_mixin.py:190} INFO -  Previous state of the Task instance: queued
[2025-06-22T12:22:51.096+0000] {logging_mixin.py:190} INFO - Current task name:puller state:running start_date:2025-06-22 12:22:50.012330+00:00
[2025-06-22T12:22:51.097+0000] {logging_mixin.py:190} INFO - Dag name:example_xcom and current dag run status:running
[2025-06-22T12:22:51.097+0000] {taskinstance.py:732} INFO - ::endgroup::
[2025-06-22T12:22:51.123+0000] {python.py:240} INFO - Done. Returned value was: None
[2025-06-22T12:22:51.164+0000] {taskinstance.py:341} INFO - ::group::Post task execution logs
[2025-06-22T12:22:51.178+0000] {taskinstance.py:353} INFO - Marking task as SUCCESS. dag_id=example_xcom, task_id=puller, run_id=scheduled__2021-01-01T00:00:00+00:00, execution_date=20210101T000000, start_date=20250622T122250, end_date=20250622T122251
[2025-06-22T12:22:51.239+0000] {logging_mixin.py:190} INFO - Task instance in success state
[2025-06-22T12:22:51.241+0000] {logging_mixin.py:190} INFO -  Previous state of the Task instance: running
[2025-06-22T12:22:51.245+0000] {logging_mixin.py:190} INFO - Dag name:example_xcom queued_at:2025-06-22 12:22:39.859831+00:00
[2025-06-22T12:22:51.246+0000] {logging_mixin.py:190} INFO - Task hostname:342e1477a02c operator:_PythonDecoratedOperator
[2025-06-22T12:22:51.288+0000] {local_task_job_runner.py:266} INFO - Task exited with return code 0
[2025-06-22T12:22:51.334+0000] {taskinstance.py:3901} INFO - 0 downstream tasks scheduled from follow-on schedule check
[2025-06-22T12:22:51.339+0000] {local_task_job_runner.py:245} INFO - ::endgroup::
[2025-06-22T12:38:05.673+0000] {local_task_job_runner.py:123} INFO - ::group::Pre task execution logs
[2025-06-22T12:38:05.736+0000] {taskinstance.py:2614} INFO - Dependencies all met for dep_context=non-requeueable deps ti=<TaskInstance: example_xcom.puller scheduled__2021-01-01T00:00:00+00:00 [queued]>
[2025-06-22T12:38:05.776+0000] {taskinstance.py:2614} INFO - Dependencies all met for dep_context=requeueable deps ti=<TaskInstance: example_xcom.puller scheduled__2021-01-01T00:00:00+00:00 [queued]>
[2025-06-22T12:38:05.777+0000] {taskinstance.py:2867} INFO - Starting attempt 1 of 1
[2025-06-22T12:38:06.064+0000] {taskinstance.py:2890} INFO - Executing <Task(_PythonDecoratedOperator): puller> on 2021-01-01 00:00:00+00:00
[2025-06-22T12:38:06.088+0000] {warnings.py:112} WARNING - /home/***/.local/lib/python3.12/site-packages/***/task/task_runner/standard_task_runner.py:70: DeprecationWarning: This process (pid=210) is multi-threaded, use of fork() may lead to deadlocks in the child.
  pid = os.fork()

[2025-06-22T12:38:06.091+0000] {standard_task_runner.py:72} INFO - Started process 257 to run task
[2025-06-22T12:38:06.090+0000] {standard_task_runner.py:104} INFO - Running: ['***', 'tasks', 'run', 'example_xcom', 'puller', 'scheduled__2021-01-01T00:00:00+00:00', '--job-id', '36', '--raw', '--subdir', '/home/***/.local/lib/python3.12/site-packages/***/example_dags/example_xcom.py', '--cfg-path', '/tmp/tmpa84cor7r']
[2025-06-22T12:38:06.092+0000] {standard_task_runner.py:105} INFO - Job 36: Subtask puller
[2025-06-22T12:38:06.211+0000] {task_command.py:467} INFO - Running <TaskInstance: example_xcom.puller scheduled__2021-01-01T00:00:00+00:00 [running]> on host a5c304807a12
[2025-06-22T12:38:06.393+0000] {taskinstance.py:3134} INFO - Exporting env vars: AIRFLOW_CTX_DAG_OWNER='***' AIRFLOW_CTX_DAG_ID='example_xcom' AIRFLOW_CTX_TASK_ID='puller' AIRFLOW_CTX_EXECUTION_DATE='2021-01-01T00:00:00+00:00' AIRFLOW_CTX_TRY_NUMBER='1' AIRFLOW_CTX_DAG_RUN_ID='scheduled__2021-01-01T00:00:00+00:00'
[2025-06-22T12:38:06.398+0000] {logging_mixin.py:190} INFO - Task instance is in running state
[2025-06-22T12:38:06.399+0000] {logging_mixin.py:190} INFO -  Previous state of the Task instance: queued
[2025-06-22T12:38:06.400+0000] {logging_mixin.py:190} INFO - Current task name:puller state:running start_date:2025-06-22 12:38:05.745432+00:00
[2025-06-22T12:38:06.401+0000] {logging_mixin.py:190} INFO - Dag name:example_xcom and current dag run status:running
[2025-06-22T12:38:06.402+0000] {taskinstance.py:732} INFO - ::endgroup::
[2025-06-22T12:38:06.414+0000] {python.py:240} INFO - Done. Returned value was: None
[2025-06-22T12:38:06.430+0000] {taskinstance.py:341} INFO - ::group::Post task execution logs
[2025-06-22T12:38:06.432+0000] {taskinstance.py:353} INFO - Marking task as SUCCESS. dag_id=example_xcom, task_id=puller, run_id=scheduled__2021-01-01T00:00:00+00:00, execution_date=20210101T000000, start_date=20250622T123805, end_date=20250622T123806
[2025-06-22T12:38:06.490+0000] {logging_mixin.py:190} INFO - Task instance in success state
[2025-06-22T12:38:06.494+0000] {logging_mixin.py:190} INFO -  Previous state of the Task instance: running
[2025-06-22T12:38:06.496+0000] {logging_mixin.py:190} INFO - Dag name:example_xcom queued_at:2025-06-22 12:37:53.793495+00:00
[2025-06-22T12:38:06.497+0000] {logging_mixin.py:190} INFO - Task hostname:a5c304807a12 operator:_PythonDecoratedOperator
[2025-06-22T12:38:06.602+0000] {local_task_job_runner.py:266} INFO - Task exited with return code 0
[2025-06-22T12:38:06.647+0000] {taskinstance.py:3901} INFO - 0 downstream tasks scheduled from follow-on schedule check
[2025-06-22T12:38:06.652+0000] {local_task_job_runner.py:245} INFO - ::endgroup::
