[2025-06-27T16:58:18.353+0000] {local_task_job_runner.py:123} INFO - ::group::Pre task execution logs
[2025-06-27T16:58:18.376+0000] {taskinstance.py:2614} INFO - Dependencies all met for dep_context=non-requeueable deps ti=<TaskInstance: example_branch_python_operator_decorator.branching_ext_python scheduled__2025-06-22T00:00:00+00:00 [queued]>
[2025-06-27T16:58:18.520+0000] {taskinstance.py:2614} INFO - Dependencies all met for dep_context=requeueable deps ti=<TaskInstance: example_branch_python_operator_decorator.branching_ext_python scheduled__2025-06-22T00:00:00+00:00 [queued]>
[2025-06-27T16:58:18.521+0000] {taskinstance.py:2867} INFO - Starting attempt 1 of 1
[2025-06-27T16:58:18.535+0000] {taskinstance.py:2890} INFO - Executing <Task(_BranchExternalPythonDecoratedOperator): branching_ext_python> on 2025-06-22 00:00:00+00:00
[2025-06-27T16:58:18.546+0000] {warnings.py:112} WARNING - /home/***/.local/lib/python3.12/site-packages/***/task/task_runner/standard_task_runner.py:70: DeprecationWarning: This process (pid=394) is multi-threaded, use of fork() may lead to deadlocks in the child.
  pid = os.fork()

[2025-06-27T16:58:18.548+0000] {standard_task_runner.py:72} INFO - Started process 421 to run task
[2025-06-27T16:58:18.548+0000] {standard_task_runner.py:104} INFO - Running: ['***', 'tasks', 'run', 'example_branch_python_operator_decorator', 'branching_ext_python', 'scheduled__2025-06-22T00:00:00+00:00', '--job-id', '144', '--raw', '--subdir', '/home/***/.local/lib/python3.12/site-packages/***/example_dags/example_branch_operator_decorator.py', '--cfg-path', '/tmp/tmprvvo24mu']
[2025-06-27T16:58:18.550+0000] {standard_task_runner.py:105} INFO - Job 144: Subtask branching_ext_python
[2025-06-27T16:58:18.612+0000] {task_command.py:467} INFO - Running <TaskInstance: example_branch_python_operator_decorator.branching_ext_python scheduled__2025-06-22T00:00:00+00:00 [running]> on host a5c304807a12
[2025-06-27T16:58:18.710+0000] {taskinstance.py:3134} INFO - Exporting env vars: AIRFLOW_CTX_DAG_OWNER='***' AIRFLOW_CTX_DAG_ID='example_branch_python_operator_decorator' AIRFLOW_CTX_TASK_ID='branching_ext_python' AIRFLOW_CTX_EXECUTION_DATE='2025-06-22T00:00:00+00:00' AIRFLOW_CTX_TRY_NUMBER='1' AIRFLOW_CTX_DAG_RUN_ID='scheduled__2025-06-22T00:00:00+00:00'
[2025-06-27T16:58:18.711+0000] {logging_mixin.py:190} INFO - Task instance is in running state
[2025-06-27T16:58:18.712+0000] {logging_mixin.py:190} INFO -  Previous state of the Task instance: queued
[2025-06-27T16:58:18.712+0000] {logging_mixin.py:190} INFO - Current task name:branching_ext_python state:running start_date:2025-06-27 16:58:18.376929+00:00
[2025-06-27T16:58:18.713+0000] {logging_mixin.py:190} INFO - Dag name:example_branch_python_operator_decorator and current dag run status:running
[2025-06-27T16:58:18.713+0000] {taskinstance.py:732} INFO - ::endgroup::
[2025-06-27T16:58:19.091+0000] {python.py:513} INFO - Use 'pickle' as serializer.
[2025-06-27T16:58:19.101+0000] {process_utils.py:186} INFO - Executing cmd: /home/***/.local/bin/python /tmp/venv-call_ngc55dh/script.py /tmp/venv-call_ngc55dh/script.in /tmp/venv-call_ngc55dh/script.out /tmp/venv-call_ngc55dh/string_args.txt /tmp/venv-call_ngc55dh/termination.log
[2025-06-27T16:58:19.102+0000] {process_utils.py:190} INFO - Output:
[2025-06-27T16:58:21.895+0000] {python.py:240} INFO - Done. Returned value was: ext_py_b
[2025-06-27T16:58:21.896+0000] {branch.py:38} INFO - Branch into ext_py_b
[2025-06-27T16:58:21.896+0000] {skipmixin.py:233} INFO - Following branch ('ext_py_b',)
[2025-06-27T16:58:21.911+0000] {skipmixin.py:281} INFO - Skipping tasks [('ext_py_c', -1), ('ext_py_d', -1), ('ext_py_a', -1)]
[2025-06-27T16:58:21.945+0000] {taskinstance.py:341} INFO - ::group::Post task execution logs
[2025-06-27T16:58:21.945+0000] {taskinstance.py:353} INFO - Marking task as SUCCESS. dag_id=example_branch_python_operator_decorator, task_id=branching_ext_python, run_id=scheduled__2025-06-22T00:00:00+00:00, execution_date=20250622T000000, start_date=20250627T165818, end_date=20250627T165821
[2025-06-27T16:58:22.040+0000] {logging_mixin.py:190} INFO - Task instance in success state
[2025-06-27T16:58:22.040+0000] {logging_mixin.py:190} INFO -  Previous state of the Task instance: running
[2025-06-27T16:58:22.041+0000] {logging_mixin.py:190} INFO - Dag name:example_branch_python_operator_decorator queued_at:2025-06-27 16:57:54.039454+00:00
[2025-06-27T16:58:22.041+0000] {logging_mixin.py:190} INFO - Task hostname:a5c304807a12 operator:_BranchExternalPythonDecoratedOperator
[2025-06-27T16:58:22.092+0000] {local_task_job_runner.py:266} INFO - Task exited with return code 0
[2025-06-27T16:58:22.123+0000] {taskinstance.py:3901} INFO - 1 downstream tasks scheduled from follow-on schedule check
[2025-06-27T16:58:22.126+0000] {local_task_job_runner.py:245} INFO - ::endgroup::
