[2025-06-22T12:22:45.339+0000] {local_task_job_runner.py:123} INFO - ::group::Pre task execution logs
[2025-06-22T12:22:45.397+0000] {taskinstance.py:2614} INFO - Dependencies all met for dep_context=non-requeueable deps ti=<TaskInstance: example_bash_operator.also_run_this scheduled__2025-06-21T00:00:00+00:00 [queued]>
[2025-06-22T12:22:45.418+0000] {taskinstance.py:2614} INFO - Dependencies all met for dep_context=requeueable deps ti=<TaskInstance: example_bash_operator.also_run_this scheduled__2025-06-21T00:00:00+00:00 [queued]>
[2025-06-22T12:22:45.420+0000] {taskinstance.py:2867} INFO - Starting attempt 1 of 1
[2025-06-22T12:22:45.754+0000] {taskinstance.py:2890} INFO - Executing <Task(BashOperator): also_run_this> on 2025-06-21 00:00:00+00:00
[2025-06-22T12:22:45.773+0000] {warnings.py:112} WARNING - /home/***/.local/lib/python3.12/site-packages/***/task/task_runner/standard_task_runner.py:70: DeprecationWarning: This process (pid=170) is multi-threaded, use of fork() may lead to deadlocks in the child.
  pid = os.fork()

[2025-06-22T12:22:45.778+0000] {standard_task_runner.py:72} INFO - Started process 203 to run task
[2025-06-22T12:22:45.781+0000] {standard_task_runner.py:104} INFO - Running: ['***', 'tasks', 'run', 'example_bash_operator', 'also_run_this', 'scheduled__2025-06-21T00:00:00+00:00', '--job-id', '26', '--raw', '--subdir', '/home/***/.local/lib/python3.12/site-packages/***/example_dags/example_bash_operator.py', '--cfg-path', '/tmp/tmpsyslew66']
[2025-06-22T12:22:45.783+0000] {standard_task_runner.py:105} INFO - Job 26: Subtask also_run_this
[2025-06-22T12:22:45.934+0000] {task_command.py:467} INFO - Running <TaskInstance: example_bash_operator.also_run_this scheduled__2025-06-21T00:00:00+00:00 [running]> on host 342e1477a02c
[2025-06-22T12:22:46.092+0000] {taskinstance.py:3134} INFO - Exporting env vars: AIRFLOW_CTX_DAG_OWNER='***' AIRFLOW_CTX_DAG_ID='example_bash_operator' AIRFLOW_CTX_TASK_ID='also_run_this' AIRFLOW_CTX_EXECUTION_DATE='2025-06-21T00:00:00+00:00' AIRFLOW_CTX_TRY_NUMBER='1' AIRFLOW_CTX_DAG_RUN_ID='scheduled__2025-06-21T00:00:00+00:00'
[2025-06-22T12:22:46.096+0000] {logging_mixin.py:190} INFO - Task instance is in running state
[2025-06-22T12:22:46.097+0000] {logging_mixin.py:190} INFO -  Previous state of the Task instance: queued
[2025-06-22T12:22:46.098+0000] {logging_mixin.py:190} INFO - Current task name:also_run_this state:running start_date:2025-06-22 12:22:45.399795+00:00
[2025-06-22T12:22:46.098+0000] {logging_mixin.py:190} INFO - Dag name:example_bash_operator and current dag run status:running
[2025-06-22T12:22:46.099+0000] {taskinstance.py:732} INFO - ::endgroup::
[2025-06-22T12:22:46.101+0000] {subprocess.py:78} INFO - Tmp dir root location: /tmp
[2025-06-22T12:22:46.103+0000] {subprocess.py:88} INFO - Running command: ['/usr/bin/bash', '-c', 'echo "ti_key=example_bash_operator__also_run_this__20250621"']
[2025-06-22T12:22:46.129+0000] {subprocess.py:99} INFO - Output:
[2025-06-22T12:22:46.132+0000] {subprocess.py:106} INFO - ti_key=example_bash_operator__also_run_this__20250621
[2025-06-22T12:22:46.133+0000] {subprocess.py:110} INFO - Command exited with return code 0
[2025-06-22T12:22:46.179+0000] {taskinstance.py:341} INFO - ::group::Post task execution logs
[2025-06-22T12:22:46.180+0000] {taskinstance.py:353} INFO - Marking task as SUCCESS. dag_id=example_bash_operator, task_id=also_run_this, run_id=scheduled__2025-06-21T00:00:00+00:00, execution_date=20250621T000000, start_date=20250622T122245, end_date=20250622T122246
[2025-06-22T12:22:46.228+0000] {logging_mixin.py:190} INFO - Task instance in success state
[2025-06-22T12:22:46.230+0000] {logging_mixin.py:190} INFO -  Previous state of the Task instance: running
[2025-06-22T12:22:46.235+0000] {logging_mixin.py:190} INFO - Dag name:example_bash_operator queued_at:2025-06-22 12:22:41.022971+00:00
[2025-06-22T12:22:46.237+0000] {logging_mixin.py:190} INFO - Task hostname:342e1477a02c operator:BashOperator
[2025-06-22T12:22:46.298+0000] {local_task_job_runner.py:266} INFO - Task exited with return code 0
[2025-06-22T12:22:46.380+0000] {taskinstance.py:3901} INFO - 0 downstream tasks scheduled from follow-on schedule check
[2025-06-22T12:22:46.405+0000] {local_task_job_runner.py:245} INFO - ::endgroup::
[2025-06-22T12:38:00.315+0000] {local_task_job_runner.py:123} INFO - ::group::Pre task execution logs
[2025-06-22T12:38:00.361+0000] {taskinstance.py:2614} INFO - Dependencies all met for dep_context=non-requeueable deps ti=<TaskInstance: example_bash_operator.also_run_this scheduled__2025-06-21T00:00:00+00:00 [queued]>
[2025-06-22T12:38:00.385+0000] {taskinstance.py:2614} INFO - Dependencies all met for dep_context=requeueable deps ti=<TaskInstance: example_bash_operator.also_run_this scheduled__2025-06-21T00:00:00+00:00 [queued]>
[2025-06-22T12:38:00.390+0000] {taskinstance.py:2867} INFO - Starting attempt 1 of 1
[2025-06-22T12:38:00.925+0000] {taskinstance.py:2890} INFO - Executing <Task(BashOperator): also_run_this> on 2025-06-21 00:00:00+00:00
[2025-06-22T12:38:00.946+0000] {warnings.py:112} WARNING - /home/***/.local/lib/python3.12/site-packages/***/task/task_runner/standard_task_runner.py:70: DeprecationWarning: This process (pid=162) is multi-threaded, use of fork() may lead to deadlocks in the child.
  pid = os.fork()

[2025-06-22T12:38:00.949+0000] {standard_task_runner.py:72} INFO - Started process 198 to run task
[2025-06-22T12:38:00.959+0000] {standard_task_runner.py:104} INFO - Running: ['***', 'tasks', 'run', 'example_bash_operator', 'also_run_this', 'scheduled__2025-06-21T00:00:00+00:00', '--job-id', '23', '--raw', '--subdir', '/home/***/.local/lib/python3.12/site-packages/***/example_dags/example_bash_operator.py', '--cfg-path', '/tmp/tmpp2hlknwr']
[2025-06-22T12:38:00.961+0000] {standard_task_runner.py:105} INFO - Job 23: Subtask also_run_this
[2025-06-22T12:38:01.098+0000] {task_command.py:467} INFO - Running <TaskInstance: example_bash_operator.also_run_this scheduled__2025-06-21T00:00:00+00:00 [running]> on host a5c304807a12
[2025-06-22T12:38:01.336+0000] {taskinstance.py:3134} INFO - Exporting env vars: AIRFLOW_CTX_DAG_OWNER='***' AIRFLOW_CTX_DAG_ID='example_bash_operator' AIRFLOW_CTX_TASK_ID='also_run_this' AIRFLOW_CTX_EXECUTION_DATE='2025-06-21T00:00:00+00:00' AIRFLOW_CTX_TRY_NUMBER='1' AIRFLOW_CTX_DAG_RUN_ID='scheduled__2025-06-21T00:00:00+00:00'
[2025-06-22T12:38:01.338+0000] {logging_mixin.py:190} INFO - Task instance is in running state
[2025-06-22T12:38:01.345+0000] {logging_mixin.py:190} INFO -  Previous state of the Task instance: queued
[2025-06-22T12:38:01.346+0000] {logging_mixin.py:190} INFO - Current task name:also_run_this state:running start_date:2025-06-22 12:38:00.362575+00:00
[2025-06-22T12:38:01.347+0000] {logging_mixin.py:190} INFO - Dag name:example_bash_operator and current dag run status:running
[2025-06-22T12:38:01.348+0000] {taskinstance.py:732} INFO - ::endgroup::
[2025-06-22T12:38:01.350+0000] {subprocess.py:78} INFO - Tmp dir root location: /tmp
[2025-06-22T12:38:01.355+0000] {subprocess.py:88} INFO - Running command: ['/usr/bin/bash', '-c', 'echo "ti_key=example_bash_operator__also_run_this__20250621"']
[2025-06-22T12:38:01.399+0000] {subprocess.py:99} INFO - Output:
[2025-06-22T12:38:01.403+0000] {subprocess.py:106} INFO - ti_key=example_bash_operator__also_run_this__20250621
[2025-06-22T12:38:01.404+0000] {subprocess.py:110} INFO - Command exited with return code 0
[2025-06-22T12:38:01.462+0000] {taskinstance.py:341} INFO - ::group::Post task execution logs
[2025-06-22T12:38:01.463+0000] {taskinstance.py:353} INFO - Marking task as SUCCESS. dag_id=example_bash_operator, task_id=also_run_this, run_id=scheduled__2025-06-21T00:00:00+00:00, execution_date=20250621T000000, start_date=20250622T123800, end_date=20250622T123801
[2025-06-22T12:38:01.538+0000] {logging_mixin.py:190} INFO - Task instance in success state
[2025-06-22T12:38:01.544+0000] {logging_mixin.py:190} INFO -  Previous state of the Task instance: running
[2025-06-22T12:38:01.546+0000] {logging_mixin.py:190} INFO - Dag name:example_bash_operator queued_at:2025-06-22 12:37:55.075401+00:00
[2025-06-22T12:38:01.549+0000] {logging_mixin.py:190} INFO - Task hostname:a5c304807a12 operator:BashOperator
[2025-06-22T12:38:01.612+0000] {local_task_job_runner.py:266} INFO - Task exited with return code 0
[2025-06-22T12:38:01.631+0000] {local_task_job_runner.py:245} INFO - ::endgroup::
