[2025-06-27T16:58:07.018+0000] {local_task_job_runner.py:123} INFO - ::group::Pre task execution logs
[2025-06-27T16:58:07.041+0000] {taskinstance.py:2614} INFO - Dependencies all met for dep_context=non-requeueable deps ti=<TaskInstance: dataset_produces_1.producing_task_1 scheduled__2025-06-26T00:00:00+00:00 [queued]>
[2025-06-27T16:58:07.057+0000] {taskinstance.py:2614} INFO - Dependencies all met for dep_context=requeueable deps ti=<TaskInstance: dataset_produces_1.producing_task_1 scheduled__2025-06-26T00:00:00+00:00 [queued]>
[2025-06-27T16:58:07.058+0000] {taskinstance.py:2867} INFO - Starting attempt 1 of 1
[2025-06-27T16:58:07.293+0000] {taskinstance.py:2890} INFO - Executing <Task(BashOperator): producing_task_1> on 2025-06-26 00:00:00+00:00
[2025-06-27T16:58:07.306+0000] {warnings.py:112} WARNING - /home/***/.local/lib/python3.12/site-packages/***/task/task_runner/standard_task_runner.py:70: DeprecationWarning: This process (pid=192) is multi-threaded, use of fork() may lead to deadlocks in the child.
  pid = os.fork()

[2025-06-27T16:58:07.308+0000] {standard_task_runner.py:72} INFO - Started process 247 to run task
[2025-06-27T16:58:07.309+0000] {standard_task_runner.py:104} INFO - Running: ['***', 'tasks', 'run', 'dataset_produces_1', 'producing_task_1', 'scheduled__2025-06-26T00:00:00+00:00', '--job-id', '99', '--raw', '--subdir', '/home/***/.local/lib/python3.12/site-packages/***/example_dags/example_datasets.py', '--cfg-path', '/tmp/tmpcniefvax']
[2025-06-27T16:58:07.314+0000] {standard_task_runner.py:105} INFO - Job 99: Subtask producing_task_1
[2025-06-27T16:58:07.405+0000] {task_command.py:467} INFO - Running <TaskInstance: dataset_produces_1.producing_task_1 scheduled__2025-06-26T00:00:00+00:00 [running]> on host a5c304807a12
[2025-06-27T16:58:07.566+0000] {taskinstance.py:3134} INFO - Exporting env vars: AIRFLOW_CTX_DAG_OWNER='***' AIRFLOW_CTX_DAG_ID='dataset_produces_1' AIRFLOW_CTX_TASK_ID='producing_task_1' AIRFLOW_CTX_EXECUTION_DATE='2025-06-26T00:00:00+00:00' AIRFLOW_CTX_TRY_NUMBER='1' AIRFLOW_CTX_DAG_RUN_ID='scheduled__2025-06-26T00:00:00+00:00'
[2025-06-27T16:58:07.569+0000] {logging_mixin.py:190} INFO - Task instance is in running state
[2025-06-27T16:58:07.570+0000] {logging_mixin.py:190} INFO -  Previous state of the Task instance: queued
[2025-06-27T16:58:07.571+0000] {logging_mixin.py:190} INFO - Current task name:producing_task_1 state:running start_date:2025-06-27 16:58:07.043851+00:00
[2025-06-27T16:58:07.571+0000] {logging_mixin.py:190} INFO - Dag name:dataset_produces_1 and current dag run status:running
[2025-06-27T16:58:07.572+0000] {taskinstance.py:732} INFO - ::endgroup::
[2025-06-27T16:58:07.574+0000] {subprocess.py:78} INFO - Tmp dir root location: /tmp
[2025-06-27T16:58:07.576+0000] {subprocess.py:88} INFO - Running command: ['/usr/bin/bash', '-c', 'sleep 5']
[2025-06-27T16:58:07.604+0000] {subprocess.py:99} INFO - Output:
[2025-06-27T16:58:12.611+0000] {subprocess.py:110} INFO - Command exited with return code 0
[2025-06-27T16:58:12.686+0000] {taskinstance.py:341} INFO - ::group::Post task execution logs
[2025-06-27T16:58:12.688+0000] {taskinstance.py:353} INFO - Marking task as SUCCESS. dag_id=dataset_produces_1, task_id=producing_task_1, run_id=scheduled__2025-06-26T00:00:00+00:00, execution_date=20250626T000000, start_date=20250627T165807, end_date=20250627T165812
[2025-06-27T16:58:12.779+0000] {logging_mixin.py:190} INFO - Task instance in success state
[2025-06-27T16:58:12.782+0000] {logging_mixin.py:190} INFO -  Previous state of the Task instance: running
[2025-06-27T16:58:12.785+0000] {logging_mixin.py:190} INFO - Dag name:dataset_produces_1 queued_at:2025-06-27 16:57:55.537202+00:00
[2025-06-27T16:58:12.786+0000] {logging_mixin.py:190} INFO - Task hostname:a5c304807a12 operator:BashOperator
[2025-06-27T16:58:12.851+0000] {local_task_job_runner.py:266} INFO - Task exited with return code 0
[2025-06-27T16:58:12.876+0000] {taskinstance.py:3901} INFO - 0 downstream tasks scheduled from follow-on schedule check
[2025-06-27T16:58:12.879+0000] {local_task_job_runner.py:245} INFO - ::endgroup::
