[2025-06-22T12:22:47.234+0000] {local_task_job_runner.py:123} INFO - ::group::Pre task execution logs
[2025-06-22T12:22:47.272+0000] {taskinstance.py:2614} INFO - Dependencies all met for dep_context=non-requeueable deps ti=<TaskInstance: example_branch_dop_operator_v3.should_run scheduled__2025-06-22T12:21:00+00:00 [queued]>
[2025-06-22T12:22:47.300+0000] {taskinstance.py:2614} INFO - Dependencies all met for dep_context=requeueable deps ti=<TaskInstance: example_branch_dop_operator_v3.should_run scheduled__2025-06-22T12:21:00+00:00 [queued]>
[2025-06-22T12:22:47.301+0000] {taskinstance.py:2867} INFO - Starting attempt 1 of 1
[2025-06-22T12:22:47.683+0000] {taskinstance.py:2890} INFO - Executing <Task(_BranchPythonDecoratedOperator): should_run> on 2025-06-22 12:21:00+00:00
[2025-06-22T12:22:47.728+0000] {warnings.py:112} WARNING - /home/***/.local/lib/python3.12/site-packages/***/task/task_runner/standard_task_runner.py:70: DeprecationWarning: This process (pid=183) is multi-threaded, use of fork() may lead to deadlocks in the child.
  pid = os.fork()

[2025-06-22T12:22:47.736+0000] {standard_task_runner.py:72} INFO - Started process 237 to run task
[2025-06-22T12:22:47.732+0000] {standard_task_runner.py:104} INFO - Running: ['***', 'tasks', 'run', 'example_branch_dop_operator_v3', 'should_run', 'scheduled__2025-06-22T12:21:00+00:00', '--job-id', '28', '--raw', '--subdir', '/home/***/.local/lib/python3.12/site-packages/***/example_dags/example_branch_python_dop_operator_3.py', '--cfg-path', '/tmp/tmpw58l3eqo']
[2025-06-22T12:22:47.742+0000] {standard_task_runner.py:105} INFO - Job 28: Subtask should_run
[2025-06-22T12:22:47.970+0000] {task_command.py:467} INFO - Running <TaskInstance: example_branch_dop_operator_v3.should_run scheduled__2025-06-22T12:21:00+00:00 [running]> on host 342e1477a02c
[2025-06-22T12:22:48.178+0000] {taskinstance.py:3134} INFO - Exporting env vars: AIRFLOW_CTX_DAG_OWNER='***' AIRFLOW_CTX_DAG_ID='example_branch_dop_operator_v3' AIRFLOW_CTX_TASK_ID='should_run' AIRFLOW_CTX_EXECUTION_DATE='2025-06-22T12:21:00+00:00' AIRFLOW_CTX_TRY_NUMBER='1' AIRFLOW_CTX_DAG_RUN_ID='scheduled__2025-06-22T12:21:00+00:00'
[2025-06-22T12:22:48.190+0000] {logging_mixin.py:190} INFO - Task instance is in running state
[2025-06-22T12:22:48.191+0000] {logging_mixin.py:190} INFO -  Previous state of the Task instance: queued
[2025-06-22T12:22:48.199+0000] {logging_mixin.py:190} INFO - Current task name:should_run state:running start_date:2025-06-22 12:22:47.274008+00:00
[2025-06-22T12:22:48.200+0000] {logging_mixin.py:190} INFO - Dag name:example_branch_dop_operator_v3 and current dag run status:running
[2025-06-22T12:22:48.201+0000] {taskinstance.py:732} INFO - ::endgroup::
[2025-06-22T12:22:48.203+0000] {logging_mixin.py:190} INFO - ------------- exec dttm = 2025-06-22 12:21:00+00:00 and minute = 21
[2025-06-22T12:22:48.205+0000] {python.py:240} INFO - Done. Returned value was: empty_task_2
[2025-06-22T12:22:48.209+0000] {branch.py:38} INFO - Branch into empty_task_2
[2025-06-22T12:22:48.213+0000] {skipmixin.py:233} INFO - Following branch ('empty_task_2',)
[2025-06-22T12:22:48.241+0000] {skipmixin.py:281} INFO - Skipping tasks [('empty_task_1', -1)]
[2025-06-22T12:22:48.315+0000] {taskinstance.py:341} INFO - ::group::Post task execution logs
[2025-06-22T12:22:48.318+0000] {taskinstance.py:353} INFO - Marking task as SUCCESS. dag_id=example_branch_dop_operator_v3, task_id=should_run, run_id=scheduled__2025-06-22T12:21:00+00:00, execution_date=20250622T122100, start_date=20250622T122247, end_date=20250622T122248
[2025-06-22T12:22:48.375+0000] {logging_mixin.py:190} INFO - Task instance in success state
[2025-06-22T12:22:48.380+0000] {logging_mixin.py:190} INFO -  Previous state of the Task instance: running
[2025-06-22T12:22:48.381+0000] {logging_mixin.py:190} INFO - Dag name:example_branch_dop_operator_v3 queued_at:2025-06-22 12:22:42.102143+00:00
[2025-06-22T12:22:48.381+0000] {logging_mixin.py:190} INFO - Task hostname:342e1477a02c operator:_BranchPythonDecoratedOperator
[2025-06-22T12:22:48.431+0000] {local_task_job_runner.py:266} INFO - Task exited with return code 0
[2025-06-22T12:22:48.477+0000] {taskinstance.py:3901} INFO - 0 downstream tasks scheduled from follow-on schedule check
[2025-06-22T12:22:48.481+0000] {local_task_job_runner.py:245} INFO - ::endgroup::
