[2025-06-22T12:38:03.144+0000] {local_task_job_runner.py:123} INFO - ::group::Pre task execution logs
[2025-06-22T12:38:03.189+0000] {taskinstance.py:2614} INFO - Dependencies all met for dep_context=non-requeueable deps ti=<TaskInstance: example_trigger_target_dag.run_this manual__2025-06-22T12:37:56.009179+00:00 [queued]>
[2025-06-22T12:38:03.213+0000] {taskinstance.py:2614} INFO - Dependencies all met for dep_context=requeueable deps ti=<TaskInstance: example_trigger_target_dag.run_this manual__2025-06-22T12:37:56.009179+00:00 [queued]>
[2025-06-22T12:38:03.221+0000] {taskinstance.py:2867} INFO - Starting attempt 1 of 1
[2025-06-22T12:38:03.767+0000] {taskinstance.py:2890} INFO - Executing <Task(_PythonDecoratedOperator): run_this> on 2025-06-22 12:37:56.009179+00:00
[2025-06-22T12:38:03.806+0000] {warnings.py:112} WARNING - /home/***/.local/lib/python3.12/site-packages/***/task/task_runner/standard_task_runner.py:70: DeprecationWarning: This process (pid=179) is multi-threaded, use of fork() may lead to deadlocks in the child.
  pid = os.fork()

[2025-06-22T12:38:03.819+0000] {standard_task_runner.py:72} INFO - Started process 234 to run task
[2025-06-22T12:38:03.822+0000] {standard_task_runner.py:104} INFO - Running: ['***', 'tasks', 'run', 'example_trigger_target_dag', 'run_this', 'manual__2025-06-22T12:37:56.009179+00:00', '--job-id', '29', '--raw', '--subdir', '/home/***/.local/lib/python3.12/site-packages/***/example_dags/example_trigger_target_dag.py', '--cfg-path', '/tmp/tmp34jpcipz']
[2025-06-22T12:38:03.829+0000] {standard_task_runner.py:105} INFO - Job 29: Subtask run_this
[2025-06-22T12:38:04.026+0000] {task_command.py:467} INFO - Running <TaskInstance: example_trigger_target_dag.run_this manual__2025-06-22T12:37:56.009179+00:00 [running]> on host a5c304807a12
[2025-06-22T12:38:04.225+0000] {taskinstance.py:3134} INFO - Exporting env vars: AIRFLOW_CTX_DAG_OWNER='***' AIRFLOW_CTX_DAG_ID='example_trigger_target_dag' AIRFLOW_CTX_TASK_ID='run_this' AIRFLOW_CTX_EXECUTION_DATE='2025-06-22T12:37:56.009179+00:00' AIRFLOW_CTX_TRY_NUMBER='1' AIRFLOW_CTX_DAG_RUN_ID='manual__2025-06-22T12:37:56.009179+00:00'
[2025-06-22T12:38:04.233+0000] {logging_mixin.py:190} INFO - Task instance is in running state
[2025-06-22T12:38:04.234+0000] {logging_mixin.py:190} INFO -  Previous state of the Task instance: queued
[2025-06-22T12:38:04.235+0000] {logging_mixin.py:190} INFO - Current task name:run_this state:running start_date:2025-06-22 12:38:03.196391+00:00
[2025-06-22T12:38:04.236+0000] {logging_mixin.py:190} INFO - Dag name:example_trigger_target_dag and current dag run status:running
[2025-06-22T12:38:04.236+0000] {taskinstance.py:732} INFO - ::endgroup::
[2025-06-22T12:38:04.245+0000] {logging_mixin.py:190} INFO - Remotely received value of Hello World for key=message
[2025-06-22T12:38:04.247+0000] {python.py:240} INFO - Done. Returned value was: None
[2025-06-22T12:38:04.283+0000] {taskinstance.py:341} INFO - ::group::Post task execution logs
[2025-06-22T12:38:04.284+0000] {taskinstance.py:353} INFO - Marking task as SUCCESS. dag_id=example_trigger_target_dag, task_id=run_this, run_id=manual__2025-06-22T12:37:56.009179+00:00, execution_date=20250622T123756, start_date=20250622T123803, end_date=20250622T123804
[2025-06-22T12:38:04.350+0000] {logging_mixin.py:190} INFO - Task instance in success state
[2025-06-22T12:38:04.354+0000] {logging_mixin.py:190} INFO -  Previous state of the Task instance: running
[2025-06-22T12:38:04.357+0000] {logging_mixin.py:190} INFO - Dag name:example_trigger_target_dag queued_at:2025-06-22 12:37:56.099958+00:00
[2025-06-22T12:38:04.357+0000] {logging_mixin.py:190} INFO - Task hostname:a5c304807a12 operator:_PythonDecoratedOperator
[2025-06-22T12:38:04.420+0000] {local_task_job_runner.py:266} INFO - Task exited with return code 0
[2025-06-22T12:38:04.470+0000] {taskinstance.py:3901} INFO - 0 downstream tasks scheduled from follow-on schedule check
[2025-06-22T12:38:04.480+0000] {local_task_job_runner.py:245} INFO - ::endgroup::
