[2025-06-27T16:58:12.371+0000] {local_task_job_runner.py:123} INFO - ::group::Pre task execution logs
[2025-06-27T16:58:12.415+0000] {taskinstance.py:2614} INFO - Dependencies all met for dep_context=non-requeueable deps ti=<TaskInstance: tutorial.templated scheduled__2025-06-22T00:00:00+00:00 [queued]>
[2025-06-27T16:58:12.432+0000] {taskinstance.py:2614} INFO - Dependencies all met for dep_context=requeueable deps ti=<TaskInstance: tutorial.templated scheduled__2025-06-22T00:00:00+00:00 [queued]>
[2025-06-27T16:58:12.433+0000] {taskinstance.py:2867} INFO - Starting attempt 1 of 2
[2025-06-27T16:58:12.670+0000] {taskinstance.py:2890} INFO - Executing <Task(BashOperator): templated> on 2025-06-22 00:00:00+00:00
[2025-06-27T16:58:12.684+0000] {warnings.py:112} WARNING - /home/***/.local/lib/python3.12/site-packages/***/task/task_runner/standard_task_runner.py:70: DeprecationWarning: This process (pid=296) is multi-threaded, use of fork() may lead to deadlocks in the child.
  pid = os.fork()

[2025-06-27T16:58:12.687+0000] {standard_task_runner.py:72} INFO - Started process 342 to run task
[2025-06-27T16:58:12.690+0000] {standard_task_runner.py:104} INFO - Running: ['***', 'tasks', 'run', 'tutorial', 'templated', 'scheduled__2025-06-22T00:00:00+00:00', '--job-id', '122', '--raw', '--subdir', '/home/***/.local/lib/python3.12/site-packages/***/example_dags/tutorial.py', '--cfg-path', '/tmp/tmpawjntzg6']
[2025-06-27T16:58:12.694+0000] {standard_task_runner.py:105} INFO - Job 122: Subtask templated
[2025-06-27T16:58:12.804+0000] {task_command.py:467} INFO - Running <TaskInstance: tutorial.templated scheduled__2025-06-22T00:00:00+00:00 [running]> on host a5c304807a12
[2025-06-27T16:58:12.945+0000] {taskinstance.py:3134} INFO - Exporting env vars: AIRFLOW_CTX_DAG_EMAIL='***@example.com' AIRFLOW_CTX_DAG_OWNER='***' AIRFLOW_CTX_DAG_ID='tutorial' AIRFLOW_CTX_TASK_ID='templated' AIRFLOW_CTX_EXECUTION_DATE='2025-06-22T00:00:00+00:00' AIRFLOW_CTX_TRY_NUMBER='1' AIRFLOW_CTX_DAG_RUN_ID='scheduled__2025-06-22T00:00:00+00:00'
[2025-06-27T16:58:12.948+0000] {logging_mixin.py:190} INFO - Task instance is in running state
[2025-06-27T16:58:12.949+0000] {logging_mixin.py:190} INFO -  Previous state of the Task instance: queued
[2025-06-27T16:58:12.951+0000] {logging_mixin.py:190} INFO - Current task name:templated state:running start_date:2025-06-27 16:58:12.415820+00:00
[2025-06-27T16:58:12.951+0000] {logging_mixin.py:190} INFO - Dag name:tutorial and current dag run status:running
[2025-06-27T16:58:12.952+0000] {taskinstance.py:732} INFO - ::endgroup::
[2025-06-27T16:58:12.953+0000] {subprocess.py:78} INFO - Tmp dir root location: /tmp
[2025-06-27T16:58:12.958+0000] {subprocess.py:88} INFO - Running command: ['/usr/bin/bash', '-c', '\n\n    echo "2025-06-22"\n    echo "2025-06-29"\n\n    echo "2025-06-22"\n    echo "2025-06-29"\n\n    echo "2025-06-22"\n    echo "2025-06-29"\n\n    echo "2025-06-22"\n    echo "2025-06-29"\n\n    echo "2025-06-22"\n    echo "2025-06-29"\n']
[2025-06-27T16:58:12.978+0000] {subprocess.py:99} INFO - Output:
[2025-06-27T16:58:12.981+0000] {subprocess.py:106} INFO - 2025-06-22
[2025-06-27T16:58:12.982+0000] {subprocess.py:106} INFO - 2025-06-29
[2025-06-27T16:58:12.983+0000] {subprocess.py:106} INFO - 2025-06-22
[2025-06-27T16:58:12.984+0000] {subprocess.py:106} INFO - 2025-06-29
[2025-06-27T16:58:12.984+0000] {subprocess.py:106} INFO - 2025-06-22
[2025-06-27T16:58:12.985+0000] {subprocess.py:106} INFO - 2025-06-29
[2025-06-27T16:58:12.986+0000] {subprocess.py:106} INFO - 2025-06-22
[2025-06-27T16:58:12.986+0000] {subprocess.py:106} INFO - 2025-06-29
[2025-06-27T16:58:12.987+0000] {subprocess.py:106} INFO - 2025-06-22
[2025-06-27T16:58:12.987+0000] {subprocess.py:106} INFO - 2025-06-29
[2025-06-27T16:58:12.988+0000] {subprocess.py:110} INFO - Command exited with return code 0
[2025-06-27T16:58:13.025+0000] {taskinstance.py:341} INFO - ::group::Post task execution logs
[2025-06-27T16:58:13.028+0000] {taskinstance.py:353} INFO - Marking task as SUCCESS. dag_id=tutorial, task_id=templated, run_id=scheduled__2025-06-22T00:00:00+00:00, execution_date=20250622T000000, start_date=20250627T165812, end_date=20250627T165813
[2025-06-27T16:58:13.076+0000] {logging_mixin.py:190} INFO - Task instance in success state
[2025-06-27T16:58:13.076+0000] {logging_mixin.py:190} INFO -  Previous state of the Task instance: running
[2025-06-27T16:58:13.077+0000] {logging_mixin.py:190} INFO - Dag name:tutorial queued_at:2025-06-27 16:57:54.121626+00:00
[2025-06-27T16:58:13.078+0000] {logging_mixin.py:190} INFO - Task hostname:a5c304807a12 operator:BashOperator
[2025-06-27T16:58:13.116+0000] {local_task_job_runner.py:266} INFO - Task exited with return code 0
[2025-06-27T16:58:13.141+0000] {taskinstance.py:3901} INFO - 0 downstream tasks scheduled from follow-on schedule check
[2025-06-27T16:58:13.145+0000] {local_task_job_runner.py:245} INFO - ::endgroup::
