[2025-06-27T16:58:14.338+0000] {local_task_job_runner.py:123} INFO - ::group::Pre task execution logs
[2025-06-27T16:58:14.369+0000] {taskinstance.py:2614} INFO - Dependencies all met for dep_context=non-requeueable deps ti=<TaskInstance: tutorial.sleep scheduled__2025-06-26T00:00:00+00:00 [queued]>
[2025-06-27T16:58:14.386+0000] {taskinstance.py:2614} INFO - Dependencies all met for dep_context=requeueable deps ti=<TaskInstance: tutorial.sleep scheduled__2025-06-26T00:00:00+00:00 [queued]>
[2025-06-27T16:58:14.387+0000] {taskinstance.py:2867} INFO - Starting attempt 1 of 4
[2025-06-27T16:58:14.627+0000] {taskinstance.py:2890} INFO - Executing <Task(BashOperator): sleep> on 2025-06-26 00:00:00+00:00
[2025-06-27T16:58:14.640+0000] {warnings.py:112} WARNING - /home/***/.local/lib/python3.12/site-packages/***/task/task_runner/standard_task_runner.py:70: DeprecationWarning: This process (pid=324) is multi-threaded, use of fork() may lead to deadlocks in the child.
  pid = os.fork()

[2025-06-27T16:58:14.642+0000] {standard_task_runner.py:72} INFO - Started process 356 to run task
[2025-06-27T16:58:14.643+0000] {standard_task_runner.py:104} INFO - Running: ['***', 'tasks', 'run', 'tutorial', 'sleep', 'scheduled__2025-06-26T00:00:00+00:00', '--job-id', '126', '--raw', '--subdir', '/home/***/.local/lib/python3.12/site-packages/***/example_dags/tutorial.py', '--cfg-path', '/tmp/tmp_g8omm5f']
[2025-06-27T16:58:14.645+0000] {standard_task_runner.py:105} INFO - Job 126: Subtask sleep
[2025-06-27T16:58:14.732+0000] {task_command.py:467} INFO - Running <TaskInstance: tutorial.sleep scheduled__2025-06-26T00:00:00+00:00 [running]> on host a5c304807a12
[2025-06-27T16:58:14.919+0000] {taskinstance.py:3134} INFO - Exporting env vars: AIRFLOW_CTX_DAG_EMAIL='***@example.com' AIRFLOW_CTX_DAG_OWNER='***' AIRFLOW_CTX_DAG_ID='tutorial' AIRFLOW_CTX_TASK_ID='sleep' AIRFLOW_CTX_EXECUTION_DATE='2025-06-26T00:00:00+00:00' AIRFLOW_CTX_TRY_NUMBER='1' AIRFLOW_CTX_DAG_RUN_ID='scheduled__2025-06-26T00:00:00+00:00'
[2025-06-27T16:58:14.926+0000] {logging_mixin.py:190} INFO - Task instance is in running state
[2025-06-27T16:58:14.927+0000] {logging_mixin.py:190} INFO -  Previous state of the Task instance: queued
[2025-06-27T16:58:14.928+0000] {logging_mixin.py:190} INFO - Current task name:sleep state:running start_date:2025-06-27 16:58:14.370765+00:00
[2025-06-27T16:58:14.929+0000] {logging_mixin.py:190} INFO - Dag name:tutorial and current dag run status:running
[2025-06-27T16:58:14.930+0000] {taskinstance.py:732} INFO - ::endgroup::
[2025-06-27T16:58:14.935+0000] {subprocess.py:78} INFO - Tmp dir root location: /tmp
[2025-06-27T16:58:14.939+0000] {subprocess.py:88} INFO - Running command: ['/usr/bin/bash', '-c', 'sleep 5']
[2025-06-27T16:58:14.974+0000] {subprocess.py:99} INFO - Output:
[2025-06-27T16:58:19.979+0000] {subprocess.py:110} INFO - Command exited with return code 0
[2025-06-27T16:58:20.007+0000] {taskinstance.py:341} INFO - ::group::Post task execution logs
[2025-06-27T16:58:20.008+0000] {taskinstance.py:353} INFO - Marking task as SUCCESS. dag_id=tutorial, task_id=sleep, run_id=scheduled__2025-06-26T00:00:00+00:00, execution_date=20250626T000000, start_date=20250627T165814, end_date=20250627T165820
[2025-06-27T16:58:20.081+0000] {logging_mixin.py:190} INFO - Task instance in success state
[2025-06-27T16:58:20.082+0000] {logging_mixin.py:190} INFO -  Previous state of the Task instance: running
[2025-06-27T16:58:20.083+0000] {logging_mixin.py:190} INFO - Dag name:tutorial queued_at:2025-06-27 16:57:55.528666+00:00
[2025-06-27T16:58:20.084+0000] {logging_mixin.py:190} INFO - Task hostname:a5c304807a12 operator:BashOperator
[2025-06-27T16:58:20.115+0000] {local_task_job_runner.py:266} INFO - Task exited with return code 0
[2025-06-27T16:58:20.132+0000] {taskinstance.py:3901} INFO - 0 downstream tasks scheduled from follow-on schedule check
[2025-06-27T16:58:20.136+0000] {local_task_job_runner.py:245} INFO - ::endgroup::
