[2025-06-22T12:22:39.035+0000] {local_task_job_runner.py:123} INFO - ::group::Pre task execution logs
[2025-06-22T12:22:39.076+0000] {taskinstance.py:2614} INFO - Dependencies all met for dep_context=non-requeueable deps ti=<TaskInstance: example_branch_datetime_operator_3.datetime_branch scheduled__2025-06-21T00:00:00+00:00 [queued]>
[2025-06-22T12:22:39.092+0000] {taskinstance.py:2614} INFO - Dependencies all met for dep_context=requeueable deps ti=<TaskInstance: example_branch_datetime_operator_3.datetime_branch scheduled__2025-06-21T00:00:00+00:00 [queued]>
[2025-06-22T12:22:39.093+0000] {taskinstance.py:2867} INFO - Starting attempt 1 of 1
[2025-06-22T12:22:39.130+0000] {taskinstance.py:2890} INFO - Executing <Task(BranchDateTimeOperator): datetime_branch> on 2025-06-21 00:00:00+00:00
[2025-06-22T12:22:39.146+0000] {warnings.py:112} WARNING - /home/***/.local/lib/python3.12/site-packages/***/task/task_runner/standard_task_runner.py:70: DeprecationWarning: This process (pid=106) is multi-threaded, use of fork() may lead to deadlocks in the child.
  pid = os.fork()

[2025-06-22T12:22:39.148+0000] {standard_task_runner.py:72} INFO - Started process 135 to run task
[2025-06-22T12:22:39.157+0000] {standard_task_runner.py:104} INFO - Running: ['***', 'tasks', 'run', 'example_branch_datetime_operator_3', 'datetime_branch', 'scheduled__2025-06-21T00:00:00+00:00', '--job-id', '11', '--raw', '--subdir', '/home/***/.local/lib/python3.12/site-packages/***/example_dags/example_branch_datetime_operator.py', '--cfg-path', '/tmp/tmptrqvin6l']
[2025-06-22T12:22:39.170+0000] {standard_task_runner.py:105} INFO - Job 11: Subtask datetime_branch
[2025-06-22T12:22:39.854+0000] {task_command.py:467} INFO - Running <TaskInstance: example_branch_datetime_operator_3.datetime_branch scheduled__2025-06-21T00:00:00+00:00 [running]> on host 342e1477a02c
[2025-06-22T12:22:40.044+0000] {taskinstance.py:3134} INFO - Exporting env vars: AIRFLOW_CTX_DAG_OWNER='***' AIRFLOW_CTX_DAG_ID='example_branch_datetime_operator_3' AIRFLOW_CTX_TASK_ID='datetime_branch' AIRFLOW_CTX_EXECUTION_DATE='2025-06-21T00:00:00+00:00' AIRFLOW_CTX_TRY_NUMBER='1' AIRFLOW_CTX_DAG_RUN_ID='scheduled__2025-06-21T00:00:00+00:00'
[2025-06-22T12:22:40.045+0000] {logging_mixin.py:190} INFO - Task instance is in running state
[2025-06-22T12:22:40.048+0000] {logging_mixin.py:190} INFO -  Previous state of the Task instance: queued
[2025-06-22T12:22:40.052+0000] {logging_mixin.py:190} INFO - Current task name:datetime_branch state:running start_date:2025-06-22 12:22:39.077187+00:00
[2025-06-22T12:22:40.053+0000] {logging_mixin.py:190} INFO - Dag name:example_branch_datetime_operator_3 and current dag run status:running
[2025-06-22T12:22:40.065+0000] {taskinstance.py:732} INFO - ::endgroup::
[2025-06-22T12:22:40.066+0000] {branch.py:38} INFO - Branch into ['date_outside_range']
[2025-06-22T12:22:40.071+0000] {skipmixin.py:233} INFO - Following branch ('date_outside_range',)
[2025-06-22T12:22:40.106+0000] {skipmixin.py:281} INFO - Skipping tasks [('date_in_range', -1)]
[2025-06-22T12:22:40.195+0000] {taskinstance.py:341} INFO - ::group::Post task execution logs
[2025-06-22T12:22:40.197+0000] {taskinstance.py:353} INFO - Marking task as SUCCESS. dag_id=example_branch_datetime_operator_3, task_id=datetime_branch, run_id=scheduled__2025-06-21T00:00:00+00:00, execution_date=20250621T000000, start_date=20250622T122239, end_date=20250622T122240
[2025-06-22T12:22:40.254+0000] {logging_mixin.py:190} INFO - Task instance in success state
[2025-06-22T12:22:40.254+0000] {logging_mixin.py:190} INFO -  Previous state of the Task instance: running
[2025-06-22T12:22:40.255+0000] {logging_mixin.py:190} INFO - Dag name:example_branch_datetime_operator_3 queued_at:2025-06-22 12:22:35.501896+00:00
[2025-06-22T12:22:40.255+0000] {logging_mixin.py:190} INFO - Task hostname:342e1477a02c operator:BranchDateTimeOperator
[2025-06-22T12:22:40.313+0000] {local_task_job_runner.py:266} INFO - Task exited with return code 0
[2025-06-22T12:22:40.695+0000] {taskinstance.py:3901} INFO - 0 downstream tasks scheduled from follow-on schedule check
[2025-06-22T12:22:40.703+0000] {local_task_job_runner.py:245} INFO - ::endgroup::
[2025-06-22T12:37:54.712+0000] {local_task_job_runner.py:123} INFO - ::group::Pre task execution logs
[2025-06-22T12:37:54.774+0000] {taskinstance.py:2614} INFO - Dependencies all met for dep_context=non-requeueable deps ti=<TaskInstance: example_branch_datetime_operator_3.datetime_branch scheduled__2025-06-21T00:00:00+00:00 [queued]>
[2025-06-22T12:37:54.808+0000] {taskinstance.py:2614} INFO - Dependencies all met for dep_context=requeueable deps ti=<TaskInstance: example_branch_datetime_operator_3.datetime_branch scheduled__2025-06-21T00:00:00+00:00 [queued]>
[2025-06-22T12:37:54.809+0000] {taskinstance.py:2867} INFO - Starting attempt 1 of 1
[2025-06-22T12:37:54.894+0000] {taskinstance.py:2890} INFO - Executing <Task(BranchDateTimeOperator): datetime_branch> on 2025-06-21 00:00:00+00:00
[2025-06-22T12:37:54.923+0000] {warnings.py:112} WARNING - /home/***/.local/lib/python3.12/site-packages/***/task/task_runner/standard_task_runner.py:70: DeprecationWarning: This process (pid=107) is multi-threaded, use of fork() may lead to deadlocks in the child.
  pid = os.fork()

[2025-06-22T12:37:54.930+0000] {standard_task_runner.py:72} INFO - Started process 139 to run task
[2025-06-22T12:37:54.947+0000] {standard_task_runner.py:104} INFO - Running: ['***', 'tasks', 'run', 'example_branch_datetime_operator_3', 'datetime_branch', 'scheduled__2025-06-21T00:00:00+00:00', '--job-id', '12', '--raw', '--subdir', '/home/***/.local/lib/python3.12/site-packages/***/example_dags/example_branch_datetime_operator.py', '--cfg-path', '/tmp/tmp06mc_juk']
[2025-06-22T12:37:54.949+0000] {standard_task_runner.py:105} INFO - Job 12: Subtask datetime_branch
[2025-06-22T12:37:55.733+0000] {task_command.py:467} INFO - Running <TaskInstance: example_branch_datetime_operator_3.datetime_branch scheduled__2025-06-21T00:00:00+00:00 [running]> on host a5c304807a12
[2025-06-22T12:37:55.935+0000] {taskinstance.py:3134} INFO - Exporting env vars: AIRFLOW_CTX_DAG_OWNER='***' AIRFLOW_CTX_DAG_ID='example_branch_datetime_operator_3' AIRFLOW_CTX_TASK_ID='datetime_branch' AIRFLOW_CTX_EXECUTION_DATE='2025-06-21T00:00:00+00:00' AIRFLOW_CTX_TRY_NUMBER='1' AIRFLOW_CTX_DAG_RUN_ID='scheduled__2025-06-21T00:00:00+00:00'
[2025-06-22T12:37:55.940+0000] {logging_mixin.py:190} INFO - Task instance is in running state
[2025-06-22T12:37:55.941+0000] {logging_mixin.py:190} INFO -  Previous state of the Task instance: queued
[2025-06-22T12:37:55.943+0000] {logging_mixin.py:190} INFO - Current task name:datetime_branch state:running start_date:2025-06-22 12:37:54.781043+00:00
[2025-06-22T12:37:55.946+0000] {logging_mixin.py:190} INFO - Dag name:example_branch_datetime_operator_3 and current dag run status:running
[2025-06-22T12:37:55.948+0000] {taskinstance.py:732} INFO - ::endgroup::
[2025-06-22T12:37:55.950+0000] {branch.py:38} INFO - Branch into ['date_outside_range']
[2025-06-22T12:37:55.954+0000] {skipmixin.py:233} INFO - Following branch ('date_outside_range',)
[2025-06-22T12:37:55.975+0000] {skipmixin.py:281} INFO - Skipping tasks [('date_in_range', -1)]
[2025-06-22T12:37:56.047+0000] {taskinstance.py:341} INFO - ::group::Post task execution logs
[2025-06-22T12:37:56.058+0000] {taskinstance.py:353} INFO - Marking task as SUCCESS. dag_id=example_branch_datetime_operator_3, task_id=datetime_branch, run_id=scheduled__2025-06-21T00:00:00+00:00, execution_date=20250621T000000, start_date=20250622T123754, end_date=20250622T123756
[2025-06-22T12:37:56.158+0000] {logging_mixin.py:190} INFO - Task instance in success state
[2025-06-22T12:37:56.161+0000] {logging_mixin.py:190} INFO -  Previous state of the Task instance: running
[2025-06-22T12:37:56.161+0000] {logging_mixin.py:190} INFO - Dag name:example_branch_datetime_operator_3 queued_at:2025-06-22 12:37:51.196541+00:00
[2025-06-22T12:37:56.164+0000] {logging_mixin.py:190} INFO - Task hostname:a5c304807a12 operator:BranchDateTimeOperator
[2025-06-22T12:37:56.237+0000] {local_task_job_runner.py:266} INFO - Task exited with return code 0
[2025-06-22T12:37:56.265+0000] {local_task_job_runner.py:245} INFO - ::endgroup::
