[2025-06-22T12:22:56.513+0000] {local_task_job_runner.py:123} INFO - ::group::Pre task execution logs
[2025-06-22T12:22:56.542+0000] {taskinstance.py:2614} INFO - Dependencies all met for dep_context=non-requeueable deps ti=<TaskInstance: example_branch_python_operator_decorator.branching_ext_python scheduled__2025-06-21T00:00:00+00:00 [queued]>
[2025-06-22T12:22:56.554+0000] {taskinstance.py:2614} INFO - Dependencies all met for dep_context=requeueable deps ti=<TaskInstance: example_branch_python_operator_decorator.branching_ext_python scheduled__2025-06-21T00:00:00+00:00 [queued]>
[2025-06-22T12:22:56.555+0000] {taskinstance.py:2867} INFO - Starting attempt 1 of 1
[2025-06-22T12:22:56.734+0000] {taskinstance.py:2890} INFO - Executing <Task(_BranchExternalPythonDecoratedOperator): branching_ext_python> on 2025-06-21 00:00:00+00:00
[2025-06-22T12:22:56.742+0000] {warnings.py:112} WARNING - /home/***/.local/lib/python3.12/site-packages/***/task/task_runner/standard_task_runner.py:70: DeprecationWarning: This process (pid=302) is multi-threaded, use of fork() may lead to deadlocks in the child.
  pid = os.fork()

[2025-06-22T12:22:56.744+0000] {standard_task_runner.py:72} INFO - Started process 307 to run task
[2025-06-22T12:22:56.744+0000] {standard_task_runner.py:104} INFO - Running: ['***', 'tasks', 'run', 'example_branch_python_operator_decorator', 'branching_ext_python', 'scheduled__2025-06-21T00:00:00+00:00', '--job-id', '50', '--raw', '--subdir', '/home/***/.local/lib/python3.12/site-packages/***/example_dags/example_branch_operator_decorator.py', '--cfg-path', '/tmp/tmpfi73v7sl']
[2025-06-22T12:22:56.746+0000] {standard_task_runner.py:105} INFO - Job 50: Subtask branching_ext_python
[2025-06-22T12:22:56.805+0000] {task_command.py:467} INFO - Running <TaskInstance: example_branch_python_operator_decorator.branching_ext_python scheduled__2025-06-21T00:00:00+00:00 [running]> on host 342e1477a02c
[2025-06-22T12:22:56.901+0000] {taskinstance.py:3134} INFO - Exporting env vars: AIRFLOW_CTX_DAG_OWNER='***' AIRFLOW_CTX_DAG_ID='example_branch_python_operator_decorator' AIRFLOW_CTX_TASK_ID='branching_ext_python' AIRFLOW_CTX_EXECUTION_DATE='2025-06-21T00:00:00+00:00' AIRFLOW_CTX_TRY_NUMBER='1' AIRFLOW_CTX_DAG_RUN_ID='scheduled__2025-06-21T00:00:00+00:00'
[2025-06-22T12:22:56.904+0000] {logging_mixin.py:190} INFO - Task instance is in running state
[2025-06-22T12:22:56.904+0000] {logging_mixin.py:190} INFO -  Previous state of the Task instance: queued
[2025-06-22T12:22:56.905+0000] {logging_mixin.py:190} INFO - Current task name:branching_ext_python state:running start_date:2025-06-22 12:22:56.542981+00:00
[2025-06-22T12:22:56.905+0000] {logging_mixin.py:190} INFO - Dag name:example_branch_python_operator_decorator and current dag run status:running
[2025-06-22T12:22:56.906+0000] {taskinstance.py:732} INFO - ::endgroup::
[2025-06-22T12:22:57.264+0000] {python.py:513} INFO - Use 'pickle' as serializer.
[2025-06-22T12:22:57.274+0000] {process_utils.py:186} INFO - Executing cmd: /home/***/.local/bin/python /tmp/venv-call7nf20iyb/script.py /tmp/venv-call7nf20iyb/script.in /tmp/venv-call7nf20iyb/script.out /tmp/venv-call7nf20iyb/string_args.txt /tmp/venv-call7nf20iyb/termination.log
[2025-06-22T12:22:57.276+0000] {process_utils.py:190} INFO - Output:
[2025-06-22T12:23:00.286+0000] {python.py:240} INFO - Done. Returned value was: ext_py_c
[2025-06-22T12:23:00.287+0000] {branch.py:38} INFO - Branch into ext_py_c
[2025-06-22T12:23:00.287+0000] {skipmixin.py:233} INFO - Following branch ('ext_py_c',)
[2025-06-22T12:23:00.306+0000] {skipmixin.py:281} INFO - Skipping tasks [('ext_py_d', -1), ('ext_py_b', -1), ('ext_py_a', -1)]
[2025-06-22T12:23:00.361+0000] {taskinstance.py:341} INFO - ::group::Post task execution logs
[2025-06-22T12:23:00.362+0000] {taskinstance.py:353} INFO - Marking task as SUCCESS. dag_id=example_branch_python_operator_decorator, task_id=branching_ext_python, run_id=scheduled__2025-06-21T00:00:00+00:00, execution_date=20250621T000000, start_date=20250622T122256, end_date=20250622T122300
[2025-06-22T12:23:00.531+0000] {logging_mixin.py:190} INFO - Task instance in success state
[2025-06-22T12:23:00.531+0000] {logging_mixin.py:190} INFO -  Previous state of the Task instance: running
[2025-06-22T12:23:00.532+0000] {logging_mixin.py:190} INFO - Dag name:example_branch_python_operator_decorator queued_at:2025-06-22 12:22:39.890765+00:00
[2025-06-22T12:23:00.532+0000] {logging_mixin.py:190} INFO - Task hostname:342e1477a02c operator:_BranchExternalPythonDecoratedOperator
[2025-06-22T12:23:00.571+0000] {local_task_job_runner.py:266} INFO - Task exited with return code 0
[2025-06-22T12:23:00.611+0000] {taskinstance.py:3901} INFO - 1 downstream tasks scheduled from follow-on schedule check
[2025-06-22T12:23:00.615+0000] {local_task_job_runner.py:245} INFO - ::endgroup::
[2025-06-22T12:38:11.375+0000] {local_task_job_runner.py:123} INFO - ::group::Pre task execution logs
[2025-06-22T12:38:11.396+0000] {taskinstance.py:2614} INFO - Dependencies all met for dep_context=non-requeueable deps ti=<TaskInstance: example_branch_python_operator_decorator.branching_ext_python scheduled__2025-06-21T00:00:00+00:00 [queued]>
[2025-06-22T12:38:11.404+0000] {taskinstance.py:2614} INFO - Dependencies all met for dep_context=requeueable deps ti=<TaskInstance: example_branch_python_operator_decorator.branching_ext_python scheduled__2025-06-21T00:00:00+00:00 [queued]>
[2025-06-22T12:38:11.405+0000] {taskinstance.py:2867} INFO - Starting attempt 1 of 1
[2025-06-22T12:38:11.542+0000] {taskinstance.py:2890} INFO - Executing <Task(_BranchExternalPythonDecoratedOperator): branching_ext_python> on 2025-06-21 00:00:00+00:00
[2025-06-22T12:38:11.551+0000] {warnings.py:112} WARNING - /home/***/.local/lib/python3.12/site-packages/***/task/task_runner/standard_task_runner.py:70: DeprecationWarning: This process (pid=301) is multi-threaded, use of fork() may lead to deadlocks in the child.
  pid = os.fork()

[2025-06-22T12:38:11.554+0000] {standard_task_runner.py:72} INFO - Started process 323 to run task
[2025-06-22T12:38:11.553+0000] {standard_task_runner.py:104} INFO - Running: ['***', 'tasks', 'run', 'example_branch_python_operator_decorator', 'branching_ext_python', 'scheduled__2025-06-21T00:00:00+00:00', '--job-id', '55', '--raw', '--subdir', '/home/***/.local/lib/python3.12/site-packages/***/example_dags/example_branch_operator_decorator.py', '--cfg-path', '/tmp/tmpjs9awocs']
[2025-06-22T12:38:11.554+0000] {standard_task_runner.py:105} INFO - Job 55: Subtask branching_ext_python
[2025-06-22T12:38:11.611+0000] {task_command.py:467} INFO - Running <TaskInstance: example_branch_python_operator_decorator.branching_ext_python scheduled__2025-06-21T00:00:00+00:00 [running]> on host a5c304807a12
[2025-06-22T12:38:11.690+0000] {taskinstance.py:3134} INFO - Exporting env vars: AIRFLOW_CTX_DAG_OWNER='***' AIRFLOW_CTX_DAG_ID='example_branch_python_operator_decorator' AIRFLOW_CTX_TASK_ID='branching_ext_python' AIRFLOW_CTX_EXECUTION_DATE='2025-06-21T00:00:00+00:00' AIRFLOW_CTX_TRY_NUMBER='1' AIRFLOW_CTX_DAG_RUN_ID='scheduled__2025-06-21T00:00:00+00:00'
[2025-06-22T12:38:11.691+0000] {logging_mixin.py:190} INFO - Task instance is in running state
[2025-06-22T12:38:11.692+0000] {logging_mixin.py:190} INFO -  Previous state of the Task instance: queued
[2025-06-22T12:38:11.692+0000] {logging_mixin.py:190} INFO - Current task name:branching_ext_python state:running start_date:2025-06-22 12:38:11.396599+00:00
[2025-06-22T12:38:11.693+0000] {logging_mixin.py:190} INFO - Dag name:example_branch_python_operator_decorator and current dag run status:running
[2025-06-22T12:38:11.693+0000] {taskinstance.py:732} INFO - ::endgroup::
[2025-06-22T12:38:11.999+0000] {python.py:513} INFO - Use 'pickle' as serializer.
[2025-06-22T12:38:12.008+0000] {process_utils.py:186} INFO - Executing cmd: /home/***/.local/bin/python /tmp/venv-call9y1sqvu6/script.py /tmp/venv-call9y1sqvu6/script.in /tmp/venv-call9y1sqvu6/script.out /tmp/venv-call9y1sqvu6/string_args.txt /tmp/venv-call9y1sqvu6/termination.log
[2025-06-22T12:38:12.009+0000] {process_utils.py:190} INFO - Output:
[2025-06-22T12:38:14.818+0000] {python.py:240} INFO - Done. Returned value was: ext_py_a
[2025-06-22T12:38:14.819+0000] {branch.py:38} INFO - Branch into ext_py_a
[2025-06-22T12:38:14.820+0000] {skipmixin.py:233} INFO - Following branch ('ext_py_a',)
[2025-06-22T12:38:14.834+0000] {skipmixin.py:281} INFO - Skipping tasks [('ext_py_d', -1), ('ext_py_b', -1), ('ext_py_c', -1)]
[2025-06-22T12:38:14.865+0000] {taskinstance.py:341} INFO - ::group::Post task execution logs
[2025-06-22T12:38:14.866+0000] {taskinstance.py:353} INFO - Marking task as SUCCESS. dag_id=example_branch_python_operator_decorator, task_id=branching_ext_python, run_id=scheduled__2025-06-21T00:00:00+00:00, execution_date=20250621T000000, start_date=20250622T123811, end_date=20250622T123814
[2025-06-22T12:38:14.888+0000] {logging_mixin.py:190} INFO - Task instance in success state
[2025-06-22T12:38:14.889+0000] {logging_mixin.py:190} INFO -  Previous state of the Task instance: running
[2025-06-22T12:38:14.889+0000] {logging_mixin.py:190} INFO - Dag name:example_branch_python_operator_decorator queued_at:2025-06-22 12:37:53.893513+00:00
[2025-06-22T12:38:14.890+0000] {logging_mixin.py:190} INFO - Task hostname:a5c304807a12 operator:_BranchExternalPythonDecoratedOperator
[2025-06-22T12:38:14.939+0000] {local_task_job_runner.py:266} INFO - Task exited with return code 0
[2025-06-22T12:38:14.991+0000] {taskinstance.py:3901} INFO - 1 downstream tasks scheduled from follow-on schedule check
[2025-06-22T12:38:14.994+0000] {local_task_job_runner.py:245} INFO - ::endgroup::
