[2025-06-22T12:22:38.698+0000] {local_task_job_runner.py:123} INFO - ::group::Pre task execution logs
[2025-06-22T12:22:38.739+0000] {taskinstance.py:2614} INFO - Dependencies all met for dep_context=non-requeueable deps ti=<TaskInstance: dataset_produces_1.producing_task_1 scheduled__2025-06-21T00:00:00+00:00 [queued]>
[2025-06-22T12:22:38.753+0000] {taskinstance.py:2614} INFO - Dependencies all met for dep_context=requeueable deps ti=<TaskInstance: dataset_produces_1.producing_task_1 scheduled__2025-06-21T00:00:00+00:00 [queued]>
[2025-06-22T12:22:38.754+0000] {taskinstance.py:2867} INFO - Starting attempt 1 of 1
[2025-06-22T12:22:38.792+0000] {taskinstance.py:2890} INFO - Executing <Task(BashOperator): producing_task_1> on 2025-06-21 00:00:00+00:00
[2025-06-22T12:22:38.809+0000] {warnings.py:112} WARNING - /home/***/.local/lib/python3.12/site-packages/***/task/task_runner/standard_task_runner.py:70: DeprecationWarning: This process (pid=102) is multi-threaded, use of fork() may lead to deadlocks in the child.
  pid = os.fork()

[2025-06-22T12:22:38.813+0000] {standard_task_runner.py:104} INFO - Running: ['***', 'tasks', 'run', 'dataset_produces_1', 'producing_task_1', 'scheduled__2025-06-21T00:00:00+00:00', '--job-id', '3', '--raw', '--subdir', '/home/***/.local/lib/python3.12/site-packages/***/example_dags/example_datasets.py', '--cfg-path', '/tmp/tmpxjhf7e6h']
[2025-06-22T12:22:38.817+0000] {standard_task_runner.py:105} INFO - Job 3: Subtask producing_task_1
[2025-06-22T12:22:38.817+0000] {standard_task_runner.py:72} INFO - Started process 123 to run task
[2025-06-22T12:22:39.564+0000] {task_command.py:467} INFO - Running <TaskInstance: dataset_produces_1.producing_task_1 scheduled__2025-06-21T00:00:00+00:00 [running]> on host 342e1477a02c
[2025-06-22T12:22:39.792+0000] {taskinstance.py:3134} INFO - Exporting env vars: AIRFLOW_CTX_DAG_OWNER='***' AIRFLOW_CTX_DAG_ID='dataset_produces_1' AIRFLOW_CTX_TASK_ID='producing_task_1' AIRFLOW_CTX_EXECUTION_DATE='2025-06-21T00:00:00+00:00' AIRFLOW_CTX_TRY_NUMBER='1' AIRFLOW_CTX_DAG_RUN_ID='scheduled__2025-06-21T00:00:00+00:00'
[2025-06-22T12:22:39.797+0000] {logging_mixin.py:190} INFO - Task instance is in running state
[2025-06-22T12:22:39.799+0000] {logging_mixin.py:190} INFO -  Previous state of the Task instance: queued
[2025-06-22T12:22:39.802+0000] {logging_mixin.py:190} INFO - Current task name:producing_task_1 state:running start_date:2025-06-22 12:22:38.740830+00:00
[2025-06-22T12:22:39.806+0000] {logging_mixin.py:190} INFO - Dag name:dataset_produces_1 and current dag run status:running
[2025-06-22T12:22:39.810+0000] {taskinstance.py:732} INFO - ::endgroup::
[2025-06-22T12:22:39.817+0000] {subprocess.py:78} INFO - Tmp dir root location: /tmp
[2025-06-22T12:22:39.823+0000] {subprocess.py:88} INFO - Running command: ['/usr/bin/bash', '-c', 'sleep 5']
[2025-06-22T12:22:39.898+0000] {subprocess.py:99} INFO - Output:
[2025-06-22T12:22:44.926+0000] {subprocess.py:110} INFO - Command exited with return code 0
[2025-06-22T12:22:45.005+0000] {taskinstance.py:341} INFO - ::group::Post task execution logs
[2025-06-22T12:22:45.009+0000] {taskinstance.py:353} INFO - Marking task as SUCCESS. dag_id=dataset_produces_1, task_id=producing_task_1, run_id=scheduled__2025-06-21T00:00:00+00:00, execution_date=20250621T000000, start_date=20250622T122238, end_date=20250622T122245
[2025-06-22T12:22:45.098+0000] {logging_mixin.py:190} INFO - Task instance in success state
[2025-06-22T12:22:45.100+0000] {logging_mixin.py:190} INFO -  Previous state of the Task instance: running
[2025-06-22T12:22:45.102+0000] {logging_mixin.py:190} INFO - Dag name:dataset_produces_1 queued_at:2025-06-22 12:22:35.234440+00:00
[2025-06-22T12:22:45.102+0000] {logging_mixin.py:190} INFO - Task hostname:342e1477a02c operator:BashOperator
[2025-06-22T12:22:45.178+0000] {local_task_job_runner.py:266} INFO - Task exited with return code 0
[2025-06-22T12:22:45.224+0000] {taskinstance.py:3901} INFO - 0 downstream tasks scheduled from follow-on schedule check
[2025-06-22T12:22:45.229+0000] {local_task_job_runner.py:245} INFO - ::endgroup::
[2025-06-22T12:37:53.980+0000] {local_task_job_runner.py:123} INFO - ::group::Pre task execution logs
[2025-06-22T12:37:54.019+0000] {taskinstance.py:2614} INFO - Dependencies all met for dep_context=non-requeueable deps ti=<TaskInstance: dataset_produces_1.producing_task_1 scheduled__2025-06-21T00:00:00+00:00 [queued]>
[2025-06-22T12:37:54.037+0000] {taskinstance.py:2614} INFO - Dependencies all met for dep_context=requeueable deps ti=<TaskInstance: dataset_produces_1.producing_task_1 scheduled__2025-06-21T00:00:00+00:00 [queued]>
[2025-06-22T12:37:54.042+0000] {taskinstance.py:2867} INFO - Starting attempt 1 of 1
[2025-06-22T12:37:54.105+0000] {taskinstance.py:2890} INFO - Executing <Task(BashOperator): producing_task_1> on 2025-06-21 00:00:00+00:00
[2025-06-22T12:37:54.136+0000] {warnings.py:112} WARNING - /home/***/.local/lib/python3.12/site-packages/***/task/task_runner/standard_task_runner.py:70: DeprecationWarning: This process (pid=102) is multi-threaded, use of fork() may lead to deadlocks in the child.
  pid = os.fork()

[2025-06-22T12:37:54.147+0000] {standard_task_runner.py:72} INFO - Started process 130 to run task
[2025-06-22T12:37:54.148+0000] {standard_task_runner.py:104} INFO - Running: ['***', 'tasks', 'run', 'dataset_produces_1', 'producing_task_1', 'scheduled__2025-06-21T00:00:00+00:00', '--job-id', '5', '--raw', '--subdir', '/home/***/.local/lib/python3.12/site-packages/***/example_dags/example_datasets.py', '--cfg-path', '/tmp/tmpp1xh9_92']
[2025-06-22T12:37:54.154+0000] {standard_task_runner.py:105} INFO - Job 5: Subtask producing_task_1
[2025-06-22T12:37:55.059+0000] {task_command.py:467} INFO - Running <TaskInstance: dataset_produces_1.producing_task_1 scheduled__2025-06-21T00:00:00+00:00 [running]> on host a5c304807a12
[2025-06-22T12:37:55.240+0000] {taskinstance.py:3134} INFO - Exporting env vars: AIRFLOW_CTX_DAG_OWNER='***' AIRFLOW_CTX_DAG_ID='dataset_produces_1' AIRFLOW_CTX_TASK_ID='producing_task_1' AIRFLOW_CTX_EXECUTION_DATE='2025-06-21T00:00:00+00:00' AIRFLOW_CTX_TRY_NUMBER='1' AIRFLOW_CTX_DAG_RUN_ID='scheduled__2025-06-21T00:00:00+00:00'
[2025-06-22T12:37:55.244+0000] {logging_mixin.py:190} INFO - Task instance is in running state
[2025-06-22T12:37:55.247+0000] {logging_mixin.py:190} INFO -  Previous state of the Task instance: queued
[2025-06-22T12:37:55.249+0000] {logging_mixin.py:190} INFO - Current task name:producing_task_1 state:running start_date:2025-06-22 12:37:54.021077+00:00
[2025-06-22T12:37:55.257+0000] {logging_mixin.py:190} INFO - Dag name:dataset_produces_1 and current dag run status:running
[2025-06-22T12:37:55.264+0000] {taskinstance.py:732} INFO - ::endgroup::
[2025-06-22T12:37:55.266+0000] {subprocess.py:78} INFO - Tmp dir root location: /tmp
[2025-06-22T12:37:55.268+0000] {subprocess.py:88} INFO - Running command: ['/usr/bin/bash', '-c', 'sleep 5']
[2025-06-22T12:37:55.303+0000] {subprocess.py:99} INFO - Output:
[2025-06-22T12:38:00.309+0000] {subprocess.py:110} INFO - Command exited with return code 0
[2025-06-22T12:38:00.462+0000] {taskinstance.py:341} INFO - ::group::Post task execution logs
[2025-06-22T12:38:00.466+0000] {taskinstance.py:353} INFO - Marking task as SUCCESS. dag_id=dataset_produces_1, task_id=producing_task_1, run_id=scheduled__2025-06-21T00:00:00+00:00, execution_date=20250621T000000, start_date=20250622T123754, end_date=20250622T123800
[2025-06-22T12:38:00.623+0000] {logging_mixin.py:190} INFO - Task instance in success state
[2025-06-22T12:38:00.625+0000] {logging_mixin.py:190} INFO -  Previous state of the Task instance: running
[2025-06-22T12:38:00.626+0000] {logging_mixin.py:190} INFO - Dag name:dataset_produces_1 queued_at:2025-06-22 12:37:50.895441+00:00
[2025-06-22T12:38:00.627+0000] {logging_mixin.py:190} INFO - Task hostname:a5c304807a12 operator:BashOperator
[2025-06-22T12:38:00.704+0000] {local_task_job_runner.py:266} INFO - Task exited with return code 0
[2025-06-22T12:38:01.076+0000] {taskinstance.py:3901} INFO - 0 downstream tasks scheduled from follow-on schedule check
[2025-06-22T12:38:01.085+0000] {local_task_job_runner.py:245} INFO - ::endgroup::
