[2025-06-22T12:22:38.742+0000] {local_task_job_runner.py:123} INFO - ::group::Pre task execution logs
[2025-06-22T12:22:38.775+0000] {taskinstance.py:2614} INFO - Dependencies all met for dep_context=non-requeueable deps ti=<TaskInstance: latest_only.latest_only scheduled__2025-06-22T08:00:00+00:00 [queued]>
[2025-06-22T12:22:39.096+0000] {taskinstance.py:2614} INFO - Dependencies all met for dep_context=requeueable deps ti=<TaskInstance: latest_only.latest_only scheduled__2025-06-22T08:00:00+00:00 [queued]>
[2025-06-22T12:22:39.101+0000] {taskinstance.py:2867} INFO - Starting attempt 1 of 1
[2025-06-22T12:22:39.154+0000] {taskinstance.py:2890} INFO - Executing <Task(LatestOnlyOperator): latest_only> on 2025-06-22 08:00:00+00:00
[2025-06-22T12:22:39.188+0000] {warnings.py:112} WARNING - /home/***/.local/lib/python3.12/site-packages/***/task/task_runner/standard_task_runner.py:70: DeprecationWarning: This process (pid=99) is multi-threaded, use of fork() may lead to deadlocks in the child.
  pid = os.fork()

[2025-06-22T12:22:39.202+0000] {standard_task_runner.py:72} INFO - Started process 138 to run task
[2025-06-22T12:22:39.197+0000] {standard_task_runner.py:104} INFO - Running: ['***', 'tasks', 'run', 'latest_only', 'latest_only', 'scheduled__2025-06-22T08:00:00+00:00', '--job-id', '6', '--raw', '--subdir', '/home/***/.local/lib/python3.12/site-packages/***/example_dags/example_latest_only.py', '--cfg-path', '/tmp/tmp3j5a3hnt']
[2025-06-22T12:22:39.205+0000] {standard_task_runner.py:105} INFO - Job 6: Subtask latest_only
[2025-06-22T12:22:39.347+0000] {task_command.py:467} INFO - Running <TaskInstance: latest_only.latest_only scheduled__2025-06-22T08:00:00+00:00 [running]> on host 342e1477a02c
[2025-06-22T12:22:39.605+0000] {taskinstance.py:3134} INFO - Exporting env vars: AIRFLOW_CTX_DAG_OWNER='***' AIRFLOW_CTX_DAG_ID='latest_only' AIRFLOW_CTX_TASK_ID='latest_only' AIRFLOW_CTX_EXECUTION_DATE='2025-06-22T08:00:00+00:00' AIRFLOW_CTX_TRY_NUMBER='1' AIRFLOW_CTX_DAG_RUN_ID='scheduled__2025-06-22T08:00:00+00:00'
[2025-06-22T12:22:39.608+0000] {logging_mixin.py:190} INFO - Task instance is in running state
[2025-06-22T12:22:39.609+0000] {logging_mixin.py:190} INFO -  Previous state of the Task instance: queued
[2025-06-22T12:22:39.610+0000] {logging_mixin.py:190} INFO - Current task name:latest_only state:running start_date:2025-06-22 12:22:38.780459+00:00
[2025-06-22T12:22:39.611+0000] {logging_mixin.py:190} INFO - Dag name:latest_only and current dag run status:running
[2025-06-22T12:22:39.612+0000] {taskinstance.py:732} INFO - ::endgroup::
[2025-06-22T12:22:39.613+0000] {latest_only.py:63} INFO - Checking latest only with left_window: 2025-06-22 12:00:00+00:00 right_window: 2025-06-22 16:00:00+00:00 now: 2025-06-22 12:22:39.613385+00:00
[2025-06-22T12:22:39.614+0000] {latest_only.py:76} INFO - Latest, allowing execution to proceed.
[2025-06-22T12:22:39.615+0000] {branch.py:38} INFO - Branch into ['task1']
[2025-06-22T12:22:39.619+0000] {skipmixin.py:233} INFO - Following branch ('task1',)
[2025-06-22T12:22:39.651+0000] {skipmixin.py:281} INFO - Skipping tasks []
[2025-06-22T12:22:39.772+0000] {taskinstance.py:341} INFO - ::group::Post task execution logs
[2025-06-22T12:22:39.773+0000] {taskinstance.py:353} INFO - Marking task as SUCCESS. dag_id=latest_only, task_id=latest_only, run_id=scheduled__2025-06-22T08:00:00+00:00, execution_date=20250622T080000, start_date=20250622T122238, end_date=20250622T122239
[2025-06-22T12:22:39.843+0000] {logging_mixin.py:190} INFO - Task instance in success state
[2025-06-22T12:22:39.847+0000] {logging_mixin.py:190} INFO -  Previous state of the Task instance: running
[2025-06-22T12:22:39.848+0000] {logging_mixin.py:190} INFO - Dag name:latest_only queued_at:2025-06-22 12:22:33.246983+00:00
[2025-06-22T12:22:39.848+0000] {logging_mixin.py:190} INFO - Task hostname:342e1477a02c operator:LatestOnlyOperator
[2025-06-22T12:22:39.923+0000] {local_task_job_runner.py:266} INFO - Task exited with return code 0
[2025-06-22T12:22:39.973+0000] {local_task_job_runner.py:245} INFO - ::endgroup::
[2025-06-22T12:37:54.003+0000] {local_task_job_runner.py:123} INFO - ::group::Pre task execution logs
[2025-06-22T12:37:54.074+0000] {taskinstance.py:2614} INFO - Dependencies all met for dep_context=non-requeueable deps ti=<TaskInstance: latest_only.latest_only scheduled__2025-06-22T08:00:00+00:00 [queued]>
[2025-06-22T12:37:54.097+0000] {taskinstance.py:2614} INFO - Dependencies all met for dep_context=requeueable deps ti=<TaskInstance: latest_only.latest_only scheduled__2025-06-22T08:00:00+00:00 [queued]>
[2025-06-22T12:37:54.104+0000] {taskinstance.py:2867} INFO - Starting attempt 1 of 1
[2025-06-22T12:37:54.163+0000] {taskinstance.py:2890} INFO - Executing <Task(LatestOnlyOperator): latest_only> on 2025-06-22 08:00:00+00:00
[2025-06-22T12:37:54.179+0000] {warnings.py:112} WARNING - /home/***/.local/lib/python3.12/site-packages/***/task/task_runner/standard_task_runner.py:70: DeprecationWarning: This process (pid=99) is multi-threaded, use of fork() may lead to deadlocks in the child.
  pid = os.fork()

[2025-06-22T12:37:54.193+0000] {standard_task_runner.py:72} INFO - Started process 133 to run task
[2025-06-22T12:37:54.185+0000] {standard_task_runner.py:104} INFO - Running: ['***', 'tasks', 'run', 'latest_only', 'latest_only', 'scheduled__2025-06-22T08:00:00+00:00', '--job-id', '8', '--raw', '--subdir', '/home/***/.local/lib/python3.12/site-packages/***/example_dags/example_latest_only.py', '--cfg-path', '/tmp/tmpnmh_a82n']
[2025-06-22T12:37:54.198+0000] {standard_task_runner.py:105} INFO - Job 8: Subtask latest_only
[2025-06-22T12:37:54.341+0000] {task_command.py:467} INFO - Running <TaskInstance: latest_only.latest_only scheduled__2025-06-22T08:00:00+00:00 [running]> on host a5c304807a12
[2025-06-22T12:37:55.213+0000] {taskinstance.py:3134} INFO - Exporting env vars: AIRFLOW_CTX_DAG_OWNER='***' AIRFLOW_CTX_DAG_ID='latest_only' AIRFLOW_CTX_TASK_ID='latest_only' AIRFLOW_CTX_EXECUTION_DATE='2025-06-22T08:00:00+00:00' AIRFLOW_CTX_TRY_NUMBER='1' AIRFLOW_CTX_DAG_RUN_ID='scheduled__2025-06-22T08:00:00+00:00'
[2025-06-22T12:37:55.215+0000] {logging_mixin.py:190} INFO - Task instance is in running state
[2025-06-22T12:37:55.215+0000] {logging_mixin.py:190} INFO -  Previous state of the Task instance: queued
[2025-06-22T12:37:55.219+0000] {logging_mixin.py:190} INFO - Current task name:latest_only state:running start_date:2025-06-22 12:37:54.076454+00:00
[2025-06-22T12:37:55.225+0000] {logging_mixin.py:190} INFO - Dag name:latest_only and current dag run status:running
[2025-06-22T12:37:55.226+0000] {taskinstance.py:732} INFO - ::endgroup::
[2025-06-22T12:37:55.227+0000] {latest_only.py:63} INFO - Checking latest only with left_window: 2025-06-22 12:00:00+00:00 right_window: 2025-06-22 16:00:00+00:00 now: 2025-06-22 12:37:55.227340+00:00
[2025-06-22T12:37:55.228+0000] {latest_only.py:76} INFO - Latest, allowing execution to proceed.
[2025-06-22T12:37:55.228+0000] {branch.py:38} INFO - Branch into ['task1']
[2025-06-22T12:37:55.233+0000] {skipmixin.py:233} INFO - Following branch ('task1',)
[2025-06-22T12:37:55.270+0000] {skipmixin.py:281} INFO - Skipping tasks []
[2025-06-22T12:37:55.358+0000] {taskinstance.py:341} INFO - ::group::Post task execution logs
[2025-06-22T12:37:55.359+0000] {taskinstance.py:353} INFO - Marking task as SUCCESS. dag_id=latest_only, task_id=latest_only, run_id=scheduled__2025-06-22T08:00:00+00:00, execution_date=20250622T080000, start_date=20250622T123754, end_date=20250622T123755
[2025-06-22T12:37:55.454+0000] {logging_mixin.py:190} INFO - Task instance in success state
[2025-06-22T12:37:55.457+0000] {logging_mixin.py:190} INFO -  Previous state of the Task instance: running
[2025-06-22T12:37:55.457+0000] {logging_mixin.py:190} INFO - Dag name:latest_only queued_at:2025-06-22 12:37:49.008779+00:00
[2025-06-22T12:37:55.458+0000] {logging_mixin.py:190} INFO - Task hostname:a5c304807a12 operator:LatestOnlyOperator
[2025-06-22T12:37:55.542+0000] {local_task_job_runner.py:266} INFO - Task exited with return code 0
[2025-06-22T12:37:55.604+0000] {taskinstance.py:3901} INFO - 0 downstream tasks scheduled from follow-on schedule check
[2025-06-22T12:37:55.618+0000] {local_task_job_runner.py:245} INFO - ::endgroup::
