[2025-06-22T12:22:39.033+0000] {local_task_job_runner.py:123} INFO - ::group::Pre task execution logs
[2025-06-22T12:22:39.091+0000] {taskinstance.py:2614} INFO - Dependencies all met for dep_context=non-requeueable deps ti=<TaskInstance: example_branch_datetime_operator.datetime_branch scheduled__2025-06-21T00:00:00+00:00 [queued]>
[2025-06-22T12:22:39.108+0000] {taskinstance.py:2614} INFO - Dependencies all met for dep_context=requeueable deps ti=<TaskInstance: example_branch_datetime_operator.datetime_branch scheduled__2025-06-21T00:00:00+00:00 [queued]>
[2025-06-22T12:22:39.109+0000] {taskinstance.py:2867} INFO - Starting attempt 1 of 1
[2025-06-22T12:22:39.146+0000] {taskinstance.py:2890} INFO - Executing <Task(BranchDateTimeOperator): datetime_branch> on 2025-06-21 00:00:00+00:00
[2025-06-22T12:22:39.179+0000] {warnings.py:112} WARNING - /home/***/.local/lib/python3.12/site-packages/***/task/task_runner/standard_task_runner.py:70: DeprecationWarning: This process (pid=107) is multi-threaded, use of fork() may lead to deadlocks in the child.
  pid = os.fork()

[2025-06-22T12:22:39.190+0000] {standard_task_runner.py:72} INFO - Started process 137 to run task
[2025-06-22T12:22:39.190+0000] {standard_task_runner.py:104} INFO - Running: ['***', 'tasks', 'run', 'example_branch_datetime_operator', 'datetime_branch', 'scheduled__2025-06-21T00:00:00+00:00', '--job-id', '13', '--raw', '--subdir', '/home/***/.local/lib/python3.12/site-packages/***/example_dags/example_branch_datetime_operator.py', '--cfg-path', '/tmp/tmp9htswd60']
[2025-06-22T12:22:39.196+0000] {standard_task_runner.py:105} INFO - Job 13: Subtask datetime_branch
[2025-06-22T12:22:40.070+0000] {task_command.py:467} INFO - Running <TaskInstance: example_branch_datetime_operator.datetime_branch scheduled__2025-06-21T00:00:00+00:00 [running]> on host 342e1477a02c
[2025-06-22T12:22:40.234+0000] {taskinstance.py:3134} INFO - Exporting env vars: AIRFLOW_CTX_DAG_OWNER='***' AIRFLOW_CTX_DAG_ID='example_branch_datetime_operator' AIRFLOW_CTX_TASK_ID='datetime_branch' AIRFLOW_CTX_EXECUTION_DATE='2025-06-21T00:00:00+00:00' AIRFLOW_CTX_TRY_NUMBER='1' AIRFLOW_CTX_DAG_RUN_ID='scheduled__2025-06-21T00:00:00+00:00'
[2025-06-22T12:22:40.236+0000] {logging_mixin.py:190} INFO - Task instance is in running state
[2025-06-22T12:22:40.237+0000] {logging_mixin.py:190} INFO -  Previous state of the Task instance: queued
[2025-06-22T12:22:40.237+0000] {logging_mixin.py:190} INFO - Current task name:datetime_branch state:running start_date:2025-06-22 12:22:39.092201+00:00
[2025-06-22T12:22:40.238+0000] {logging_mixin.py:190} INFO - Dag name:example_branch_datetime_operator and current dag run status:running
[2025-06-22T12:22:40.238+0000] {taskinstance.py:732} INFO - ::endgroup::
[2025-06-22T12:22:40.239+0000] {branch.py:38} INFO - Branch into ['date_outside_range']
[2025-06-22T12:22:40.240+0000] {skipmixin.py:233} INFO - Following branch ('date_outside_range',)
[2025-06-22T12:22:40.268+0000] {skipmixin.py:281} INFO - Skipping tasks [('date_in_range', -1)]
[2025-06-22T12:22:40.348+0000] {taskinstance.py:341} INFO - ::group::Post task execution logs
[2025-06-22T12:22:40.350+0000] {taskinstance.py:353} INFO - Marking task as SUCCESS. dag_id=example_branch_datetime_operator, task_id=datetime_branch, run_id=scheduled__2025-06-21T00:00:00+00:00, execution_date=20250621T000000, start_date=20250622T122239, end_date=20250622T122240
[2025-06-22T12:22:40.435+0000] {logging_mixin.py:190} INFO - Task instance in success state
[2025-06-22T12:22:40.439+0000] {logging_mixin.py:190} INFO -  Previous state of the Task instance: running
[2025-06-22T12:22:40.442+0000] {logging_mixin.py:190} INFO - Dag name:example_branch_datetime_operator queued_at:2025-06-22 12:22:35.463208+00:00
[2025-06-22T12:22:40.444+0000] {logging_mixin.py:190} INFO - Task hostname:342e1477a02c operator:BranchDateTimeOperator
[2025-06-22T12:22:40.505+0000] {local_task_job_runner.py:266} INFO - Task exited with return code 0
[2025-06-22T12:22:40.852+0000] {taskinstance.py:3901} INFO - 0 downstream tasks scheduled from follow-on schedule check
[2025-06-22T12:22:40.858+0000] {local_task_job_runner.py:245} INFO - ::endgroup::
[2025-06-22T12:37:54.498+0000] {local_task_job_runner.py:123} INFO - ::group::Pre task execution logs
[2025-06-22T12:37:54.560+0000] {taskinstance.py:2614} INFO - Dependencies all met for dep_context=non-requeueable deps ti=<TaskInstance: example_branch_datetime_operator.datetime_branch scheduled__2025-06-21T00:00:00+00:00 [queued]>
[2025-06-22T12:37:54.580+0000] {taskinstance.py:2614} INFO - Dependencies all met for dep_context=requeueable deps ti=<TaskInstance: example_branch_datetime_operator.datetime_branch scheduled__2025-06-21T00:00:00+00:00 [queued]>
[2025-06-22T12:37:54.588+0000] {taskinstance.py:2867} INFO - Starting attempt 1 of 1
[2025-06-22T12:37:54.642+0000] {taskinstance.py:2890} INFO - Executing <Task(BranchDateTimeOperator): datetime_branch> on 2025-06-21 00:00:00+00:00
[2025-06-22T12:37:54.692+0000] {warnings.py:112} WARNING - /home/***/.local/lib/python3.12/site-packages/***/task/task_runner/standard_task_runner.py:70: DeprecationWarning: This process (pid=105) is multi-threaded, use of fork() may lead to deadlocks in the child.
  pid = os.fork()

[2025-06-22T12:37:54.704+0000] {standard_task_runner.py:72} INFO - Started process 136 to run task
[2025-06-22T12:37:54.701+0000] {standard_task_runner.py:104} INFO - Running: ['***', 'tasks', 'run', 'example_branch_datetime_operator', 'datetime_branch', 'scheduled__2025-06-21T00:00:00+00:00', '--job-id', '9', '--raw', '--subdir', '/home/***/.local/lib/python3.12/site-packages/***/example_dags/example_branch_datetime_operator.py', '--cfg-path', '/tmp/tmp99oa4yt6']
[2025-06-22T12:37:54.706+0000] {standard_task_runner.py:105} INFO - Job 9: Subtask datetime_branch
[2025-06-22T12:37:55.568+0000] {task_command.py:467} INFO - Running <TaskInstance: example_branch_datetime_operator.datetime_branch scheduled__2025-06-21T00:00:00+00:00 [running]> on host a5c304807a12
[2025-06-22T12:37:55.785+0000] {taskinstance.py:3134} INFO - Exporting env vars: AIRFLOW_CTX_DAG_OWNER='***' AIRFLOW_CTX_DAG_ID='example_branch_datetime_operator' AIRFLOW_CTX_TASK_ID='datetime_branch' AIRFLOW_CTX_EXECUTION_DATE='2025-06-21T00:00:00+00:00' AIRFLOW_CTX_TRY_NUMBER='1' AIRFLOW_CTX_DAG_RUN_ID='scheduled__2025-06-21T00:00:00+00:00'
[2025-06-22T12:37:55.791+0000] {logging_mixin.py:190} INFO - Task instance is in running state
[2025-06-22T12:37:55.793+0000] {logging_mixin.py:190} INFO -  Previous state of the Task instance: queued
[2025-06-22T12:37:55.794+0000] {logging_mixin.py:190} INFO - Current task name:datetime_branch state:running start_date:2025-06-22 12:37:54.565816+00:00
[2025-06-22T12:37:55.799+0000] {logging_mixin.py:190} INFO - Dag name:example_branch_datetime_operator and current dag run status:running
[2025-06-22T12:37:55.807+0000] {taskinstance.py:732} INFO - ::endgroup::
[2025-06-22T12:37:55.808+0000] {branch.py:38} INFO - Branch into ['date_outside_range']
[2025-06-22T12:37:55.809+0000] {skipmixin.py:233} INFO - Following branch ('date_outside_range',)
[2025-06-22T12:37:55.843+0000] {skipmixin.py:281} INFO - Skipping tasks [('date_in_range', -1)]
[2025-06-22T12:37:55.949+0000] {taskinstance.py:341} INFO - ::group::Post task execution logs
[2025-06-22T12:37:55.956+0000] {taskinstance.py:353} INFO - Marking task as SUCCESS. dag_id=example_branch_datetime_operator, task_id=datetime_branch, run_id=scheduled__2025-06-21T00:00:00+00:00, execution_date=20250621T000000, start_date=20250622T123754, end_date=20250622T123755
[2025-06-22T12:37:56.038+0000] {logging_mixin.py:190} INFO - Task instance in success state
[2025-06-22T12:37:56.042+0000] {logging_mixin.py:190} INFO -  Previous state of the Task instance: running
[2025-06-22T12:37:56.042+0000] {logging_mixin.py:190} INFO - Dag name:example_branch_datetime_operator queued_at:2025-06-22 12:37:51.165460+00:00
[2025-06-22T12:37:56.043+0000] {logging_mixin.py:190} INFO - Task hostname:a5c304807a12 operator:BranchDateTimeOperator
[2025-06-22T12:37:56.100+0000] {local_task_job_runner.py:266} INFO - Task exited with return code 0
[2025-06-22T12:37:56.127+0000] {local_task_job_runner.py:245} INFO - ::endgroup::
