[2025-06-22T12:22:38.736+0000] {local_task_job_runner.py:123} INFO - ::group::Pre task execution logs
[2025-06-22T12:22:38.774+0000] {taskinstance.py:2614} INFO - Dependencies all met for dep_context=non-requeueable deps ti=<TaskInstance: conditional_dataset_and_time_based_timetable.conditional_dataset_and_time_based_timetable scheduled__2025-06-18T01:00:00+00:00 [queued]>
[2025-06-22T12:22:38.787+0000] {taskinstance.py:2614} INFO - Dependencies all met for dep_context=requeueable deps ti=<TaskInstance: conditional_dataset_and_time_based_timetable.conditional_dataset_and_time_based_timetable scheduled__2025-06-18T01:00:00+00:00 [queued]>
[2025-06-22T12:22:38.788+0000] {taskinstance.py:2867} INFO - Starting attempt 1 of 1
[2025-06-22T12:22:38.820+0000] {taskinstance.py:2890} INFO - Executing <Task(BashOperator): conditional_dataset_and_time_based_timetable> on 2025-06-18 01:00:00+00:00
[2025-06-22T12:22:38.841+0000] {warnings.py:112} WARNING - /home/***/.local/lib/python3.12/site-packages/***/task/task_runner/standard_task_runner.py:70: DeprecationWarning: This process (pid=101) is multi-threaded, use of fork() may lead to deadlocks in the child.
  pid = os.fork()

[2025-06-22T12:22:38.849+0000] {standard_task_runner.py:72} INFO - Started process 128 to run task
[2025-06-22T12:22:38.848+0000] {standard_task_runner.py:104} INFO - Running: ['***', 'tasks', 'run', 'conditional_dataset_and_time_based_timetable', 'conditional_dataset_and_time_based_timetable', 'scheduled__2025-06-18T01:00:00+00:00', '--job-id', '8', '--raw', '--subdir', '/home/***/.local/lib/python3.12/site-packages/***/example_dags/example_datasets.py', '--cfg-path', '/tmp/tmph1u00po1']
[2025-06-22T12:22:38.853+0000] {standard_task_runner.py:105} INFO - Job 8: Subtask conditional_dataset_and_time_based_timetable
[2025-06-22T12:22:39.504+0000] {task_command.py:467} INFO - Running <TaskInstance: conditional_dataset_and_time_based_timetable.conditional_dataset_and_time_based_timetable scheduled__2025-06-18T01:00:00+00:00 [running]> on host 342e1477a02c
[2025-06-22T12:22:39.724+0000] {taskinstance.py:3134} INFO - Exporting env vars: AIRFLOW_CTX_DAG_OWNER='***' AIRFLOW_CTX_DAG_ID='conditional_dataset_and_time_based_timetable' AIRFLOW_CTX_TASK_ID='conditional_dataset_and_time_based_timetable' AIRFLOW_CTX_EXECUTION_DATE='2025-06-18T01:00:00+00:00' AIRFLOW_CTX_TRY_NUMBER='1' AIRFLOW_CTX_DAG_RUN_ID='scheduled__2025-06-18T01:00:00+00:00'
[2025-06-22T12:22:39.728+0000] {logging_mixin.py:190} INFO - Task instance is in running state
[2025-06-22T12:22:39.732+0000] {logging_mixin.py:190} INFO -  Previous state of the Task instance: queued
[2025-06-22T12:22:39.738+0000] {logging_mixin.py:190} INFO - Current task name:conditional_dataset_and_time_based_timetable state:running start_date:2025-06-22 12:22:38.776201+00:00
[2025-06-22T12:22:39.746+0000] {logging_mixin.py:190} INFO - Dag name:conditional_dataset_and_time_based_timetable and current dag run status:running
[2025-06-22T12:22:39.748+0000] {taskinstance.py:732} INFO - ::endgroup::
[2025-06-22T12:22:39.759+0000] {subprocess.py:78} INFO - Tmp dir root location: /tmp
[2025-06-22T12:22:39.761+0000] {subprocess.py:88} INFO - Running command: ['/usr/bin/bash', '-c', 'sleep 5']
[2025-06-22T12:22:39.834+0000] {subprocess.py:99} INFO - Output:
[2025-06-22T12:22:44.842+0000] {subprocess.py:110} INFO - Command exited with return code 0
[2025-06-22T12:22:44.909+0000] {taskinstance.py:341} INFO - ::group::Post task execution logs
[2025-06-22T12:22:44.910+0000] {taskinstance.py:353} INFO - Marking task as SUCCESS. dag_id=conditional_dataset_and_time_based_timetable, task_id=conditional_dataset_and_time_based_timetable, run_id=scheduled__2025-06-18T01:00:00+00:00, execution_date=20250618T010000, start_date=20250622T122238, end_date=20250622T122244
[2025-06-22T12:22:44.995+0000] {logging_mixin.py:190} INFO - Task instance in success state
[2025-06-22T12:22:44.998+0000] {logging_mixin.py:190} INFO -  Previous state of the Task instance: running
[2025-06-22T12:22:44.999+0000] {logging_mixin.py:190} INFO - Dag name:conditional_dataset_and_time_based_timetable queued_at:2025-06-22 12:22:35.200507+00:00
[2025-06-22T12:22:45.001+0000] {logging_mixin.py:190} INFO - Task hostname:342e1477a02c operator:BashOperator
[2025-06-22T12:22:45.050+0000] {local_task_job_runner.py:266} INFO - Task exited with return code 0
[2025-06-22T12:22:45.081+0000] {taskinstance.py:3901} INFO - 0 downstream tasks scheduled from follow-on schedule check
[2025-06-22T12:22:45.094+0000] {local_task_job_runner.py:245} INFO - ::endgroup::
[2025-06-22T12:37:53.976+0000] {local_task_job_runner.py:123} INFO - ::group::Pre task execution logs
[2025-06-22T12:37:54.011+0000] {taskinstance.py:2614} INFO - Dependencies all met for dep_context=non-requeueable deps ti=<TaskInstance: conditional_dataset_and_time_based_timetable.conditional_dataset_and_time_based_timetable scheduled__2025-06-18T01:00:00+00:00 [queued]>
[2025-06-22T12:37:54.052+0000] {taskinstance.py:2614} INFO - Dependencies all met for dep_context=requeueable deps ti=<TaskInstance: conditional_dataset_and_time_based_timetable.conditional_dataset_and_time_based_timetable scheduled__2025-06-18T01:00:00+00:00 [queued]>
[2025-06-22T12:37:54.056+0000] {taskinstance.py:2867} INFO - Starting attempt 1 of 1
[2025-06-22T12:37:54.102+0000] {taskinstance.py:2890} INFO - Executing <Task(BashOperator): conditional_dataset_and_time_based_timetable> on 2025-06-18 01:00:00+00:00
[2025-06-22T12:37:54.145+0000] {standard_task_runner.py:104} INFO - Running: ['***', 'tasks', 'run', 'conditional_dataset_and_time_based_timetable', 'conditional_dataset_and_time_based_timetable', 'scheduled__2025-06-18T01:00:00+00:00', '--job-id', '7', '--raw', '--subdir', '/home/***/.local/lib/python3.12/site-packages/***/example_dags/example_datasets.py', '--cfg-path', '/tmp/tmpbk2cmt0c']
[2025-06-22T12:37:54.143+0000] {warnings.py:112} WARNING - /home/***/.local/lib/python3.12/site-packages/***/task/task_runner/standard_task_runner.py:70: DeprecationWarning: This process (pid=101) is multi-threaded, use of fork() may lead to deadlocks in the child.
  pid = os.fork()

[2025-06-22T12:37:54.154+0000] {standard_task_runner.py:72} INFO - Started process 129 to run task
[2025-06-22T12:37:54.153+0000] {standard_task_runner.py:105} INFO - Job 7: Subtask conditional_dataset_and_time_based_timetable
[2025-06-22T12:37:54.964+0000] {task_command.py:467} INFO - Running <TaskInstance: conditional_dataset_and_time_based_timetable.conditional_dataset_and_time_based_timetable scheduled__2025-06-18T01:00:00+00:00 [running]> on host a5c304807a12
[2025-06-22T12:37:55.242+0000] {taskinstance.py:3134} INFO - Exporting env vars: AIRFLOW_CTX_DAG_OWNER='***' AIRFLOW_CTX_DAG_ID='conditional_dataset_and_time_based_timetable' AIRFLOW_CTX_TASK_ID='conditional_dataset_and_time_based_timetable' AIRFLOW_CTX_EXECUTION_DATE='2025-06-18T01:00:00+00:00' AIRFLOW_CTX_TRY_NUMBER='1' AIRFLOW_CTX_DAG_RUN_ID='scheduled__2025-06-18T01:00:00+00:00'
[2025-06-22T12:37:55.246+0000] {logging_mixin.py:190} INFO - Task instance is in running state
[2025-06-22T12:37:55.249+0000] {logging_mixin.py:190} INFO -  Previous state of the Task instance: queued
[2025-06-22T12:37:55.255+0000] {logging_mixin.py:190} INFO - Current task name:conditional_dataset_and_time_based_timetable state:running start_date:2025-06-22 12:37:54.013939+00:00
[2025-06-22T12:37:55.257+0000] {logging_mixin.py:190} INFO - Dag name:conditional_dataset_and_time_based_timetable and current dag run status:running
[2025-06-22T12:37:55.258+0000] {taskinstance.py:732} INFO - ::endgroup::
[2025-06-22T12:37:55.259+0000] {subprocess.py:78} INFO - Tmp dir root location: /tmp
[2025-06-22T12:37:55.264+0000] {subprocess.py:88} INFO - Running command: ['/usr/bin/bash', '-c', 'sleep 5']
[2025-06-22T12:37:55.308+0000] {subprocess.py:99} INFO - Output:
[2025-06-22T12:38:00.323+0000] {subprocess.py:110} INFO - Command exited with return code 0
[2025-06-22T12:38:00.429+0000] {taskinstance.py:341} INFO - ::group::Post task execution logs
[2025-06-22T12:38:00.432+0000] {taskinstance.py:353} INFO - Marking task as SUCCESS. dag_id=conditional_dataset_and_time_based_timetable, task_id=conditional_dataset_and_time_based_timetable, run_id=scheduled__2025-06-18T01:00:00+00:00, execution_date=20250618T010000, start_date=20250622T123754, end_date=20250622T123800
[2025-06-22T12:38:00.581+0000] {logging_mixin.py:190} INFO - Task instance in success state
[2025-06-22T12:38:00.582+0000] {logging_mixin.py:190} INFO -  Previous state of the Task instance: running
[2025-06-22T12:38:00.585+0000] {logging_mixin.py:190} INFO - Dag name:conditional_dataset_and_time_based_timetable queued_at:2025-06-22 12:37:50.871449+00:00
[2025-06-22T12:38:00.589+0000] {logging_mixin.py:190} INFO - Task hostname:a5c304807a12 operator:BashOperator
[2025-06-22T12:38:00.626+0000] {local_task_job_runner.py:266} INFO - Task exited with return code 0
[2025-06-22T12:38:01.052+0000] {taskinstance.py:3901} INFO - 0 downstream tasks scheduled from follow-on schedule check
[2025-06-22T12:38:01.056+0000] {local_task_job_runner.py:245} INFO - ::endgroup::
