[2025-06-27T16:58:26.409+0000] {local_task_job_runner.py:123} INFO - ::group::Pre task execution logs
[2025-06-27T16:58:26.434+0000] {taskinstance.py:2614} INFO - Dependencies all met for dep_context=non-requeueable deps ti=<TaskInstance: example_branch_operator.ext_py_c scheduled__2025-06-22T00:00:00+00:00 [queued]>
[2025-06-27T16:58:26.619+0000] {taskinstance.py:2614} INFO - Dependencies all met for dep_context=requeueable deps ti=<TaskInstance: example_branch_operator.ext_py_c scheduled__2025-06-22T00:00:00+00:00 [queued]>
[2025-06-27T16:58:26.620+0000] {taskinstance.py:2867} INFO - Starting attempt 1 of 1
[2025-06-27T16:58:26.640+0000] {taskinstance.py:2890} INFO - Executing <Task(ExternalPythonOperator): ext_py_c> on 2025-06-22 00:00:00+00:00
[2025-06-27T16:58:26.651+0000] {warnings.py:112} WARNING - /home/***/.local/lib/python3.12/site-packages/***/task/task_runner/standard_task_runner.py:70: DeprecationWarning: This process (pid=524) is multi-threaded, use of fork() may lead to deadlocks in the child.
  pid = os.fork()

[2025-06-27T16:58:26.654+0000] {standard_task_runner.py:72} INFO - Started process 534 to run task
[2025-06-27T16:58:26.655+0000] {standard_task_runner.py:104} INFO - Running: ['***', 'tasks', 'run', 'example_branch_operator', 'ext_py_c', 'scheduled__2025-06-22T00:00:00+00:00', '--job-id', '151', '--raw', '--subdir', '/home/***/.local/lib/python3.12/site-packages/***/example_dags/example_branch_operator.py', '--cfg-path', '/tmp/tmpl96yw885']
[2025-06-27T16:58:26.656+0000] {standard_task_runner.py:105} INFO - Job 151: Subtask ext_py_c
[2025-06-27T16:58:26.721+0000] {task_command.py:467} INFO - Running <TaskInstance: example_branch_operator.ext_py_c scheduled__2025-06-22T00:00:00+00:00 [running]> on host a5c304807a12
[2025-06-27T16:58:26.824+0000] {taskinstance.py:3134} INFO - Exporting env vars: AIRFLOW_CTX_DAG_OWNER='***' AIRFLOW_CTX_DAG_ID='example_branch_operator' AIRFLOW_CTX_TASK_ID='ext_py_c' AIRFLOW_CTX_EXECUTION_DATE='2025-06-22T00:00:00+00:00' AIRFLOW_CTX_TRY_NUMBER='1' AIRFLOW_CTX_DAG_RUN_ID='scheduled__2025-06-22T00:00:00+00:00'
[2025-06-27T16:58:26.826+0000] {logging_mixin.py:190} INFO - Task instance is in running state
[2025-06-27T16:58:26.826+0000] {logging_mixin.py:190} INFO -  Previous state of the Task instance: queued
[2025-06-27T16:58:26.827+0000] {logging_mixin.py:190} INFO - Current task name:ext_py_c state:running start_date:2025-06-27 16:58:26.434822+00:00
[2025-06-27T16:58:26.828+0000] {logging_mixin.py:190} INFO - Dag name:example_branch_operator and current dag run status:running
[2025-06-27T16:58:26.828+0000] {taskinstance.py:732} INFO - ::endgroup::
[2025-06-27T16:58:27.261+0000] {baseoperator.py:423} WARNING - ExternalPythonOperator.execute cannot be called outside TaskInstance!
[2025-06-27T16:58:27.299+0000] {process_utils.py:186} INFO - Executing cmd: /home/***/.local/bin/python /tmp/venv-callmylha6gb/script.py /tmp/venv-callmylha6gb/script.in /tmp/venv-callmylha6gb/script.out /tmp/venv-callmylha6gb/string_args.txt /tmp/venv-callmylha6gb/termination.log
[2025-06-27T16:58:27.300+0000] {process_utils.py:190} INFO - Output:
[2025-06-27T16:58:29.880+0000] {process_utils.py:194} INFO - Hello World from external Python
[2025-06-27T16:58:30.249+0000] {python.py:240} INFO - Done. Returned value was: None
[2025-06-27T16:58:30.260+0000] {taskinstance.py:341} INFO - ::group::Post task execution logs
[2025-06-27T16:58:30.261+0000] {taskinstance.py:353} INFO - Marking task as SUCCESS. dag_id=example_branch_operator, task_id=ext_py_c, run_id=scheduled__2025-06-22T00:00:00+00:00, execution_date=20250622T000000, start_date=20250627T165826, end_date=20250627T165830
[2025-06-27T16:58:30.284+0000] {logging_mixin.py:190} INFO - Task instance in success state
[2025-06-27T16:58:30.285+0000] {logging_mixin.py:190} INFO -  Previous state of the Task instance: running
[2025-06-27T16:58:30.285+0000] {logging_mixin.py:190} INFO - Dag name:example_branch_operator queued_at:2025-06-27 16:57:55.584198+00:00
[2025-06-27T16:58:30.286+0000] {logging_mixin.py:190} INFO - Task hostname:a5c304807a12 operator:ExternalPythonOperator
[2025-06-27T16:58:30.320+0000] {local_task_job_runner.py:266} INFO - Task exited with return code 0
[2025-06-27T16:58:30.346+0000] {taskinstance.py:3901} INFO - 0 downstream tasks scheduled from follow-on schedule check
[2025-06-27T16:58:30.350+0000] {local_task_job_runner.py:245} INFO - ::endgroup::
