[2025-06-22T12:22:47.327+0000] {local_task_job_runner.py:123} INFO - ::group::Pre task execution logs
[2025-06-22T12:22:47.383+0000] {taskinstance.py:2614} INFO - Dependencies all met for dep_context=non-requeueable deps ti=<TaskInstance: tutorial.print_date scheduled__2025-06-21T00:00:00+00:00 [queued]>
[2025-06-22T12:22:47.414+0000] {taskinstance.py:2614} INFO - Dependencies all met for dep_context=requeueable deps ti=<TaskInstance: tutorial.print_date scheduled__2025-06-21T00:00:00+00:00 [queued]>
[2025-06-22T12:22:47.415+0000] {taskinstance.py:2867} INFO - Starting attempt 1 of 2
[2025-06-22T12:22:47.454+0000] {taskinstance.py:2890} INFO - Executing <Task(BashOperator): print_date> on 2025-06-21 00:00:00+00:00
[2025-06-22T12:22:47.483+0000] {warnings.py:112} WARNING - /home/***/.local/lib/python3.12/site-packages/***/task/task_runner/standard_task_runner.py:70: DeprecationWarning: This process (pid=182) is multi-threaded, use of fork() may lead to deadlocks in the child.
  pid = os.fork()

[2025-06-22T12:22:47.487+0000] {standard_task_runner.py:72} INFO - Started process 232 to run task
[2025-06-22T12:22:47.502+0000] {standard_task_runner.py:104} INFO - Running: ['***', 'tasks', 'run', 'tutorial', 'print_date', 'scheduled__2025-06-21T00:00:00+00:00', '--job-id', '29', '--raw', '--subdir', '/home/***/.local/lib/python3.12/site-packages/***/example_dags/tutorial.py', '--cfg-path', '/tmp/tmpc_447ew5']
[2025-06-22T12:22:47.508+0000] {standard_task_runner.py:105} INFO - Job 29: Subtask print_date
[2025-06-22T12:22:48.297+0000] {task_command.py:467} INFO - Running <TaskInstance: tutorial.print_date scheduled__2025-06-21T00:00:00+00:00 [running]> on host 342e1477a02c
[2025-06-22T12:22:48.470+0000] {taskinstance.py:3134} INFO - Exporting env vars: AIRFLOW_CTX_DAG_EMAIL='***@example.com' AIRFLOW_CTX_DAG_OWNER='***' AIRFLOW_CTX_DAG_ID='tutorial' AIRFLOW_CTX_TASK_ID='print_date' AIRFLOW_CTX_EXECUTION_DATE='2025-06-21T00:00:00+00:00' AIRFLOW_CTX_TRY_NUMBER='1' AIRFLOW_CTX_DAG_RUN_ID='scheduled__2025-06-21T00:00:00+00:00'
[2025-06-22T12:22:48.473+0000] {logging_mixin.py:190} INFO - Task instance is in running state
[2025-06-22T12:22:48.477+0000] {logging_mixin.py:190} INFO -  Previous state of the Task instance: queued
[2025-06-22T12:22:48.478+0000] {logging_mixin.py:190} INFO - Current task name:print_date state:running start_date:2025-06-22 12:22:47.385638+00:00
[2025-06-22T12:22:48.478+0000] {logging_mixin.py:190} INFO - Dag name:tutorial and current dag run status:running
[2025-06-22T12:22:48.479+0000] {taskinstance.py:732} INFO - ::endgroup::
[2025-06-22T12:22:48.480+0000] {subprocess.py:78} INFO - Tmp dir root location: /tmp
[2025-06-22T12:22:48.482+0000] {subprocess.py:88} INFO - Running command: ['/usr/bin/bash', '-c', 'date']
[2025-06-22T12:22:48.525+0000] {subprocess.py:99} INFO - Output:
[2025-06-22T12:22:48.534+0000] {subprocess.py:106} INFO - Sun Jun 22 12:22:48 UTC 2025
[2025-06-22T12:22:48.535+0000] {subprocess.py:110} INFO - Command exited with return code 0
[2025-06-22T12:22:48.595+0000] {taskinstance.py:341} INFO - ::group::Post task execution logs
[2025-06-22T12:22:48.596+0000] {taskinstance.py:353} INFO - Marking task as SUCCESS. dag_id=tutorial, task_id=print_date, run_id=scheduled__2025-06-21T00:00:00+00:00, execution_date=20250621T000000, start_date=20250622T122247, end_date=20250622T122248
[2025-06-22T12:22:48.670+0000] {logging_mixin.py:190} INFO - Task instance in success state
[2025-06-22T12:22:48.674+0000] {logging_mixin.py:190} INFO -  Previous state of the Task instance: running
[2025-06-22T12:22:48.675+0000] {logging_mixin.py:190} INFO - Dag name:tutorial queued_at:2025-06-22 12:22:41.614272+00:00
[2025-06-22T12:22:48.675+0000] {logging_mixin.py:190} INFO - Task hostname:342e1477a02c operator:BashOperator
[2025-06-22T12:22:48.734+0000] {local_task_job_runner.py:266} INFO - Task exited with return code 0
[2025-06-22T12:22:49.090+0000] {taskinstance.py:3901} INFO - 2 downstream tasks scheduled from follow-on schedule check
[2025-06-22T12:22:49.107+0000] {local_task_job_runner.py:245} INFO - ::endgroup::
[2025-06-22T12:38:00.966+0000] {local_task_job_runner.py:123} INFO - ::group::Pre task execution logs
[2025-06-22T12:38:00.996+0000] {taskinstance.py:2614} INFO - Dependencies all met for dep_context=non-requeueable deps ti=<TaskInstance: tutorial.print_date scheduled__2025-06-21T00:00:00+00:00 [queued]>
[2025-06-22T12:38:01.014+0000] {taskinstance.py:2614} INFO - Dependencies all met for dep_context=requeueable deps ti=<TaskInstance: tutorial.print_date scheduled__2025-06-21T00:00:00+00:00 [queued]>
[2025-06-22T12:38:01.016+0000] {taskinstance.py:2867} INFO - Starting attempt 1 of 2
[2025-06-22T12:38:01.046+0000] {taskinstance.py:2890} INFO - Executing <Task(BashOperator): print_date> on 2025-06-21 00:00:00+00:00
[2025-06-22T12:38:01.063+0000] {warnings.py:112} WARNING - /home/***/.local/lib/python3.12/site-packages/***/task/task_runner/standard_task_runner.py:70: DeprecationWarning: This process (pid=167) is multi-threaded, use of fork() may lead to deadlocks in the child.
  pid = os.fork()

[2025-06-22T12:38:01.068+0000] {standard_task_runner.py:104} INFO - Running: ['***', 'tasks', 'run', 'tutorial', 'print_date', 'scheduled__2025-06-21T00:00:00+00:00', '--job-id', '27', '--raw', '--subdir', '/home/***/.local/lib/python3.12/site-packages/***/example_dags/tutorial.py', '--cfg-path', '/tmp/tmpb8pj9dla']
[2025-06-22T12:38:01.073+0000] {standard_task_runner.py:105} INFO - Job 27: Subtask print_date
[2025-06-22T12:38:01.074+0000] {standard_task_runner.py:72} INFO - Started process 203 to run task
[2025-06-22T12:38:01.653+0000] {task_command.py:467} INFO - Running <TaskInstance: tutorial.print_date scheduled__2025-06-21T00:00:00+00:00 [running]> on host a5c304807a12
[2025-06-22T12:38:01.835+0000] {taskinstance.py:3134} INFO - Exporting env vars: AIRFLOW_CTX_DAG_EMAIL='***@example.com' AIRFLOW_CTX_DAG_OWNER='***' AIRFLOW_CTX_DAG_ID='tutorial' AIRFLOW_CTX_TASK_ID='print_date' AIRFLOW_CTX_EXECUTION_DATE='2025-06-21T00:00:00+00:00' AIRFLOW_CTX_TRY_NUMBER='1' AIRFLOW_CTX_DAG_RUN_ID='scheduled__2025-06-21T00:00:00+00:00'
[2025-06-22T12:38:01.841+0000] {logging_mixin.py:190} INFO - Task instance is in running state
[2025-06-22T12:38:01.841+0000] {logging_mixin.py:190} INFO -  Previous state of the Task instance: queued
[2025-06-22T12:38:01.842+0000] {logging_mixin.py:190} INFO - Current task name:print_date state:running start_date:2025-06-22 12:38:00.997697+00:00
[2025-06-22T12:38:01.842+0000] {logging_mixin.py:190} INFO - Dag name:tutorial and current dag run status:running
[2025-06-22T12:38:01.843+0000] {taskinstance.py:732} INFO - ::endgroup::
[2025-06-22T12:38:01.844+0000] {subprocess.py:78} INFO - Tmp dir root location: /tmp
[2025-06-22T12:38:01.847+0000] {subprocess.py:88} INFO - Running command: ['/usr/bin/bash', '-c', 'date']
[2025-06-22T12:38:01.923+0000] {subprocess.py:99} INFO - Output:
[2025-06-22T12:38:01.945+0000] {subprocess.py:106} INFO - Sun Jun 22 12:38:01 UTC 2025
[2025-06-22T12:38:01.948+0000] {subprocess.py:110} INFO - Command exited with return code 0
[2025-06-22T12:38:02.004+0000] {taskinstance.py:341} INFO - ::group::Post task execution logs
[2025-06-22T12:38:02.007+0000] {taskinstance.py:353} INFO - Marking task as SUCCESS. dag_id=tutorial, task_id=print_date, run_id=scheduled__2025-06-21T00:00:00+00:00, execution_date=20250621T000000, start_date=20250622T123800, end_date=20250622T123802
[2025-06-22T12:38:02.084+0000] {logging_mixin.py:190} INFO - Task instance in success state
[2025-06-22T12:38:02.086+0000] {logging_mixin.py:190} INFO -  Previous state of the Task instance: running
[2025-06-22T12:38:02.086+0000] {logging_mixin.py:190} INFO - Dag name:tutorial queued_at:2025-06-22 12:37:55.815334+00:00
[2025-06-22T12:38:02.087+0000] {logging_mixin.py:190} INFO - Task hostname:a5c304807a12 operator:BashOperator
[2025-06-22T12:38:02.169+0000] {local_task_job_runner.py:266} INFO - Task exited with return code 0
[2025-06-22T12:38:02.666+0000] {taskinstance.py:3901} INFO - 2 downstream tasks scheduled from follow-on schedule check
[2025-06-22T12:38:02.688+0000] {local_task_job_runner.py:245} INFO - ::endgroup::
