[2025-06-27T16:58:32.521+0000] {local_task_job_runner.py:123} INFO - ::group::Pre task execution logs
[2025-06-27T16:58:32.543+0000] {taskinstance.py:2614} INFO - Dependencies all met for dep_context=non-requeueable deps ti=<TaskInstance: example_branch_operator.branching_venv scheduled__2025-06-26T00:00:00+00:00 [queued]>
[2025-06-27T16:58:32.704+0000] {taskinstance.py:2614} INFO - Dependencies all met for dep_context=requeueable deps ti=<TaskInstance: example_branch_operator.branching_venv scheduled__2025-06-26T00:00:00+00:00 [queued]>
[2025-06-27T16:58:32.705+0000] {taskinstance.py:2867} INFO - Starting attempt 1 of 1
[2025-06-27T16:58:32.721+0000] {taskinstance.py:2890} INFO - Executing <Task(BranchPythonVirtualenvOperator): branching_venv> on 2025-06-26 00:00:00+00:00
[2025-06-27T16:58:32.728+0000] {warnings.py:112} WARNING - /home/***/.local/lib/python3.12/site-packages/***/task/task_runner/standard_task_runner.py:70: DeprecationWarning: This process (pid=621) is multi-threaded, use of fork() may lead to deadlocks in the child.
  pid = os.fork()

[2025-06-27T16:58:32.730+0000] {standard_task_runner.py:72} INFO - Started process 636 to run task
[2025-06-27T16:58:32.731+0000] {standard_task_runner.py:104} INFO - Running: ['***', 'tasks', 'run', 'example_branch_operator', 'branching_venv', 'scheduled__2025-06-26T00:00:00+00:00', '--job-id', '155', '--raw', '--subdir', '/home/***/.local/lib/python3.12/site-packages/***/example_dags/example_branch_operator.py', '--cfg-path', '/tmp/tmpxao3f1m2']
[2025-06-27T16:58:32.733+0000] {standard_task_runner.py:105} INFO - Job 155: Subtask branching_venv
[2025-06-27T16:58:32.791+0000] {task_command.py:467} INFO - Running <TaskInstance: example_branch_operator.branching_venv scheduled__2025-06-26T00:00:00+00:00 [running]> on host a5c304807a12
[2025-06-27T16:58:32.882+0000] {taskinstance.py:3134} INFO - Exporting env vars: AIRFLOW_CTX_DAG_OWNER='***' AIRFLOW_CTX_DAG_ID='example_branch_operator' AIRFLOW_CTX_TASK_ID='branching_venv' AIRFLOW_CTX_EXECUTION_DATE='2025-06-26T00:00:00+00:00' AIRFLOW_CTX_TRY_NUMBER='1' AIRFLOW_CTX_DAG_RUN_ID='scheduled__2025-06-26T00:00:00+00:00'
[2025-06-27T16:58:32.883+0000] {logging_mixin.py:190} INFO - Task instance is in running state
[2025-06-27T16:58:32.884+0000] {logging_mixin.py:190} INFO -  Previous state of the Task instance: queued
[2025-06-27T16:58:32.884+0000] {logging_mixin.py:190} INFO - Current task name:branching_venv state:running start_date:2025-06-27 16:58:32.543640+00:00
[2025-06-27T16:58:32.885+0000] {logging_mixin.py:190} INFO - Dag name:example_branch_operator and current dag run status:running
[2025-06-27T16:58:32.885+0000] {taskinstance.py:732} INFO - ::endgroup::
[2025-06-27T16:58:32.886+0000] {baseoperator.py:423} WARNING - BranchPythonVirtualenvOperator.execute cannot be called outside TaskInstance!
[2025-06-27T16:58:32.888+0000] {baseoperator.py:423} WARNING - BranchPythonVirtualenvOperator.execute cannot be called outside TaskInstance!
[2025-06-27T16:58:32.896+0000] {python.py:809} INFO - Python virtual environment will be cached in /tmp/venv-5ea997a7
[2025-06-27T16:58:32.899+0000] {python.py:823} INFO - Re-using cached Python virtual environment in /tmp/venv-5ea997a7
[2025-06-27T16:58:32.900+0000] {python.py:513} INFO - Use 'pickle' as serializer.
[2025-06-27T16:58:32.909+0000] {process_utils.py:186} INFO - Executing cmd: /tmp/venv-5ea997a7/bin/python /tmp/venv-callhvhdzsyu/script.py /tmp/venv-callhvhdzsyu/script.in /tmp/venv-callhvhdzsyu/script.out /tmp/venv-callhvhdzsyu/string_args.txt /tmp/venv-callhvhdzsyu/termination.log
[2025-06-27T16:58:32.910+0000] {process_utils.py:190} INFO - Output:
[2025-06-27T16:58:35.746+0000] {process_utils.py:194} INFO - Some numpy stuff: [0 1 2 3 4 5]
[2025-06-27T16:58:36.194+0000] {python.py:240} INFO - Done. Returned value was: venv_b
[2025-06-27T16:58:36.194+0000] {branch.py:38} INFO - Branch into venv_b
[2025-06-27T16:58:36.195+0000] {skipmixin.py:233} INFO - Following branch ('venv_b',)
[2025-06-27T16:58:36.208+0000] {skipmixin.py:281} INFO - Skipping tasks [('venv_d', -1), ('venv_a', -1), ('venv_c', -1)]
[2025-06-27T16:58:36.241+0000] {taskinstance.py:341} INFO - ::group::Post task execution logs
[2025-06-27T16:58:36.241+0000] {taskinstance.py:353} INFO - Marking task as SUCCESS. dag_id=example_branch_operator, task_id=branching_venv, run_id=scheduled__2025-06-26T00:00:00+00:00, execution_date=20250626T000000, start_date=20250627T165832, end_date=20250627T165836
[2025-06-27T16:58:36.266+0000] {logging_mixin.py:190} INFO - Task instance in success state
[2025-06-27T16:58:36.267+0000] {logging_mixin.py:190} INFO -  Previous state of the Task instance: running
[2025-06-27T16:58:36.267+0000] {logging_mixin.py:190} INFO - Dag name:example_branch_operator queued_at:2025-06-27 16:57:56.078071+00:00
[2025-06-27T16:58:36.267+0000] {logging_mixin.py:190} INFO - Task hostname:a5c304807a12 operator:BranchPythonVirtualenvOperator
[2025-06-27T16:58:36.277+0000] {local_task_job_runner.py:266} INFO - Task exited with return code 0
[2025-06-27T16:58:36.304+0000] {taskinstance.py:3901} INFO - 1 downstream tasks scheduled from follow-on schedule check
[2025-06-27T16:58:36.310+0000] {local_task_job_runner.py:245} INFO - ::endgroup::
