[2025-06-27T16:58:07.961+0000] {local_task_job_runner.py:123} INFO - ::group::Pre task execution logs
[2025-06-27T16:58:07.985+0000] {taskinstance.py:2614} INFO - Dependencies all met for dep_context=non-requeueable deps ti=<TaskInstance: latest_only_with_trigger.latest_only scheduled__2025-06-27T12:00:00+00:00 [queued]>
[2025-06-27T16:58:07.998+0000] {taskinstance.py:2614} INFO - Dependencies all met for dep_context=requeueable deps ti=<TaskInstance: latest_only_with_trigger.latest_only scheduled__2025-06-27T12:00:00+00:00 [queued]>
[2025-06-27T16:58:07.999+0000] {taskinstance.py:2867} INFO - Starting attempt 1 of 1
[2025-06-27T16:58:08.314+0000] {taskinstance.py:2890} INFO - Executing <Task(LatestOnlyOperator): latest_only> on 2025-06-27 12:00:00+00:00
[2025-06-27T16:58:08.332+0000] {warnings.py:112} WARNING - /home/***/.local/lib/python3.12/site-packages/***/task/task_runner/standard_task_runner.py:70: DeprecationWarning: This process (pid=227) is multi-threaded, use of fork() may lead to deadlocks in the child.
  pid = os.fork()

[2025-06-27T16:58:08.334+0000] {standard_task_runner.py:72} INFO - Started process 265 to run task
[2025-06-27T16:58:08.335+0000] {standard_task_runner.py:104} INFO - Running: ['***', 'tasks', 'run', 'latest_only_with_trigger', 'latest_only', 'scheduled__2025-06-27T12:00:00+00:00', '--job-id', '107', '--raw', '--subdir', '/home/***/.local/lib/python3.12/site-packages/***/example_dags/example_latest_only_with_trigger.py', '--cfg-path', '/tmp/tmpr7u9px16']
[2025-06-27T16:58:08.336+0000] {standard_task_runner.py:105} INFO - Job 107: Subtask latest_only
[2025-06-27T16:58:08.439+0000] {task_command.py:467} INFO - Running <TaskInstance: latest_only_with_trigger.latest_only scheduled__2025-06-27T12:00:00+00:00 [running]> on host a5c304807a12
[2025-06-27T16:58:08.584+0000] {taskinstance.py:3134} INFO - Exporting env vars: AIRFLOW_CTX_DAG_OWNER='***' AIRFLOW_CTX_DAG_ID='latest_only_with_trigger' AIRFLOW_CTX_TASK_ID='latest_only' AIRFLOW_CTX_EXECUTION_DATE='2025-06-27T12:00:00+00:00' AIRFLOW_CTX_TRY_NUMBER='1' AIRFLOW_CTX_DAG_RUN_ID='scheduled__2025-06-27T12:00:00+00:00'
[2025-06-27T16:58:08.586+0000] {logging_mixin.py:190} INFO - Task instance is in running state
[2025-06-27T16:58:08.587+0000] {logging_mixin.py:190} INFO -  Previous state of the Task instance: queued
[2025-06-27T16:58:08.587+0000] {logging_mixin.py:190} INFO - Current task name:latest_only state:running start_date:2025-06-27 16:58:07.986708+00:00
[2025-06-27T16:58:08.587+0000] {logging_mixin.py:190} INFO - Dag name:latest_only_with_trigger and current dag run status:running
[2025-06-27T16:58:08.588+0000] {taskinstance.py:732} INFO - ::endgroup::
[2025-06-27T16:58:08.589+0000] {latest_only.py:63} INFO - Checking latest only with left_window: 2025-06-27 16:00:00+00:00 right_window: 2025-06-27 20:00:00+00:00 now: 2025-06-27 16:58:08.589267+00:00
[2025-06-27T16:58:08.589+0000] {latest_only.py:76} INFO - Latest, allowing execution to proceed.
[2025-06-27T16:58:08.590+0000] {branch.py:38} INFO - Branch into ['task1']
[2025-06-27T16:58:08.590+0000] {skipmixin.py:233} INFO - Following branch ('task1',)
[2025-06-27T16:58:08.602+0000] {skipmixin.py:281} INFO - Skipping tasks []
[2025-06-27T16:58:08.643+0000] {taskinstance.py:341} INFO - ::group::Post task execution logs
[2025-06-27T16:58:08.644+0000] {taskinstance.py:353} INFO - Marking task as SUCCESS. dag_id=latest_only_with_trigger, task_id=latest_only, run_id=scheduled__2025-06-27T12:00:00+00:00, execution_date=20250627T120000, start_date=20250627T165807, end_date=20250627T165808
[2025-06-27T16:58:08.678+0000] {logging_mixin.py:190} INFO - Task instance in success state
[2025-06-27T16:58:08.679+0000] {logging_mixin.py:190} INFO -  Previous state of the Task instance: running
[2025-06-27T16:58:08.679+0000] {logging_mixin.py:190} INFO - Dag name:latest_only_with_trigger queued_at:2025-06-27 16:57:56.472241+00:00
[2025-06-27T16:58:08.679+0000] {logging_mixin.py:190} INFO - Task hostname:a5c304807a12 operator:LatestOnlyOperator
[2025-06-27T16:58:08.717+0000] {local_task_job_runner.py:266} INFO - Task exited with return code 0
[2025-06-27T16:58:08.755+0000] {taskinstance.py:3901} INFO - 0 downstream tasks scheduled from follow-on schedule check
[2025-06-27T16:58:08.759+0000] {local_task_job_runner.py:245} INFO - ::endgroup::
