[2025-06-22T12:22:51.723+0000] {local_task_job_runner.py:123} INFO - ::group::Pre task execution logs
[2025-06-22T12:22:51.752+0000] {taskinstance.py:2614} INFO - Dependencies all met for dep_context=non-requeueable deps ti=<TaskInstance: dataset_with_extra_from_classic_operator.dataset_with_extra_from_classic_operator scheduled__2025-06-21T00:00:00+00:00 [queued]>
[2025-06-22T12:22:51.766+0000] {taskinstance.py:2614} INFO - Dependencies all met for dep_context=requeueable deps ti=<TaskInstance: dataset_with_extra_from_classic_operator.dataset_with_extra_from_classic_operator scheduled__2025-06-21T00:00:00+00:00 [queued]>
[2025-06-22T12:22:51.767+0000] {taskinstance.py:2867} INFO - Starting attempt 1 of 1
[2025-06-22T12:22:52.056+0000] {taskinstance.py:2890} INFO - Executing <Task(BashOperator): dataset_with_extra_from_classic_operator> on 2025-06-21 00:00:00+00:00
[2025-06-22T12:22:52.073+0000] {warnings.py:112} WARNING - /home/***/.local/lib/python3.12/site-packages/***/task/task_runner/standard_task_runner.py:70: DeprecationWarning: This process (pid=234) is multi-threaded, use of fork() may lead to deadlocks in the child.
  pid = os.fork()

[2025-06-22T12:22:52.076+0000] {standard_task_runner.py:72} INFO - Started process 281 to run task
[2025-06-22T12:22:52.076+0000] {standard_task_runner.py:104} INFO - Running: ['***', 'tasks', 'run', 'dataset_with_extra_from_classic_operator', 'dataset_with_extra_from_classic_operator', 'scheduled__2025-06-21T00:00:00+00:00', '--job-id', '41', '--raw', '--subdir', '/home/***/.local/lib/python3.12/site-packages/***/example_dags/example_outlet_event_extra.py', '--cfg-path', '/tmp/tmpejggrc7z']
[2025-06-22T12:22:52.078+0000] {standard_task_runner.py:105} INFO - Job 41: Subtask dataset_with_extra_from_classic_operator
[2025-06-22T12:22:52.153+0000] {task_command.py:467} INFO - Running <TaskInstance: dataset_with_extra_from_classic_operator.dataset_with_extra_from_classic_operator scheduled__2025-06-21T00:00:00+00:00 [running]> on host 342e1477a02c
[2025-06-22T12:22:52.282+0000] {taskinstance.py:3134} INFO - Exporting env vars: AIRFLOW_CTX_DAG_OWNER='***' AIRFLOW_CTX_DAG_ID='dataset_with_extra_from_classic_operator' AIRFLOW_CTX_TASK_ID='dataset_with_extra_from_classic_operator' AIRFLOW_CTX_EXECUTION_DATE='2025-06-21T00:00:00+00:00' AIRFLOW_CTX_TRY_NUMBER='1' AIRFLOW_CTX_DAG_RUN_ID='scheduled__2025-06-21T00:00:00+00:00'
[2025-06-22T12:22:52.285+0000] {logging_mixin.py:190} INFO - Task instance is in running state
[2025-06-22T12:22:52.287+0000] {logging_mixin.py:190} INFO -  Previous state of the Task instance: queued
[2025-06-22T12:22:52.288+0000] {logging_mixin.py:190} INFO - Current task name:dataset_with_extra_from_classic_operator state:running start_date:2025-06-22 12:22:51.753214+00:00
[2025-06-22T12:22:52.292+0000] {logging_mixin.py:190} INFO - Dag name:dataset_with_extra_from_classic_operator and current dag run status:running
[2025-06-22T12:22:52.293+0000] {taskinstance.py:732} INFO - ::endgroup::
[2025-06-22T12:22:52.295+0000] {subprocess.py:78} INFO - Tmp dir root location: /tmp
[2025-06-22T12:22:52.297+0000] {subprocess.py:88} INFO - Running command: ['/usr/bin/bash', '-c', ':']
[2025-06-22T12:22:52.319+0000] {subprocess.py:99} INFO - Output:
[2025-06-22T12:22:52.321+0000] {subprocess.py:110} INFO - Command exited with return code 0
[2025-06-22T12:22:52.370+0000] {taskinstance.py:341} INFO - ::group::Post task execution logs
[2025-06-22T12:22:52.371+0000] {taskinstance.py:353} INFO - Marking task as SUCCESS. dag_id=dataset_with_extra_from_classic_operator, task_id=dataset_with_extra_from_classic_operator, run_id=scheduled__2025-06-21T00:00:00+00:00, execution_date=20250621T000000, start_date=20250622T122251, end_date=20250622T122252
[2025-06-22T12:22:52.441+0000] {logging_mixin.py:190} INFO - Task instance in success state
[2025-06-22T12:22:52.442+0000] {logging_mixin.py:190} INFO -  Previous state of the Task instance: running
[2025-06-22T12:22:52.443+0000] {logging_mixin.py:190} INFO - Dag name:dataset_with_extra_from_classic_operator queued_at:2025-06-22 12:22:45.583253+00:00
[2025-06-22T12:22:52.443+0000] {logging_mixin.py:190} INFO - Task hostname:342e1477a02c operator:BashOperator
[2025-06-22T12:22:52.495+0000] {local_task_job_runner.py:266} INFO - Task exited with return code 0
[2025-06-22T12:22:52.517+0000] {taskinstance.py:3901} INFO - 0 downstream tasks scheduled from follow-on schedule check
[2025-06-22T12:22:52.520+0000] {local_task_job_runner.py:245} INFO - ::endgroup::
[2025-06-22T12:38:06.723+0000] {local_task_job_runner.py:123} INFO - ::group::Pre task execution logs
[2025-06-22T12:38:06.772+0000] {taskinstance.py:2614} INFO - Dependencies all met for dep_context=non-requeueable deps ti=<TaskInstance: dataset_with_extra_from_classic_operator.dataset_with_extra_from_classic_operator scheduled__2025-06-21T00:00:00+00:00 [queued]>
[2025-06-22T12:38:06.798+0000] {taskinstance.py:2614} INFO - Dependencies all met for dep_context=requeueable deps ti=<TaskInstance: dataset_with_extra_from_classic_operator.dataset_with_extra_from_classic_operator scheduled__2025-06-21T00:00:00+00:00 [queued]>
[2025-06-22T12:38:06.804+0000] {taskinstance.py:2867} INFO - Starting attempt 1 of 1
[2025-06-22T12:38:07.167+0000] {taskinstance.py:2890} INFO - Executing <Task(BashOperator): dataset_with_extra_from_classic_operator> on 2025-06-21 00:00:00+00:00
[2025-06-22T12:38:07.187+0000] {warnings.py:112} WARNING - /home/***/.local/lib/python3.12/site-packages/***/task/task_runner/standard_task_runner.py:70: DeprecationWarning: This process (pid=224) is multi-threaded, use of fork() may lead to deadlocks in the child.
  pid = os.fork()

[2025-06-22T12:38:07.191+0000] {standard_task_runner.py:72} INFO - Started process 279 to run task
[2025-06-22T12:38:07.193+0000] {standard_task_runner.py:104} INFO - Running: ['***', 'tasks', 'run', 'dataset_with_extra_from_classic_operator', 'dataset_with_extra_from_classic_operator', 'scheduled__2025-06-21T00:00:00+00:00', '--job-id', '39', '--raw', '--subdir', '/home/***/.local/lib/python3.12/site-packages/***/example_dags/example_outlet_event_extra.py', '--cfg-path', '/tmp/tmpc63o51ee']
[2025-06-22T12:38:07.222+0000] {standard_task_runner.py:105} INFO - Job 39: Subtask dataset_with_extra_from_classic_operator
[2025-06-22T12:38:07.423+0000] {task_command.py:467} INFO - Running <TaskInstance: dataset_with_extra_from_classic_operator.dataset_with_extra_from_classic_operator scheduled__2025-06-21T00:00:00+00:00 [running]> on host a5c304807a12
[2025-06-22T12:38:07.648+0000] {taskinstance.py:3134} INFO - Exporting env vars: AIRFLOW_CTX_DAG_OWNER='***' AIRFLOW_CTX_DAG_ID='dataset_with_extra_from_classic_operator' AIRFLOW_CTX_TASK_ID='dataset_with_extra_from_classic_operator' AIRFLOW_CTX_EXECUTION_DATE='2025-06-21T00:00:00+00:00' AIRFLOW_CTX_TRY_NUMBER='1' AIRFLOW_CTX_DAG_RUN_ID='scheduled__2025-06-21T00:00:00+00:00'
[2025-06-22T12:38:07.657+0000] {logging_mixin.py:190} INFO - Task instance is in running state
[2025-06-22T12:38:07.661+0000] {logging_mixin.py:190} INFO -  Previous state of the Task instance: queued
[2025-06-22T12:38:07.662+0000] {logging_mixin.py:190} INFO - Current task name:dataset_with_extra_from_classic_operator state:running start_date:2025-06-22 12:38:06.773837+00:00
[2025-06-22T12:38:07.663+0000] {logging_mixin.py:190} INFO - Dag name:dataset_with_extra_from_classic_operator and current dag run status:running
[2025-06-22T12:38:07.664+0000] {taskinstance.py:732} INFO - ::endgroup::
[2025-06-22T12:38:07.665+0000] {subprocess.py:78} INFO - Tmp dir root location: /tmp
[2025-06-22T12:38:07.670+0000] {subprocess.py:88} INFO - Running command: ['/usr/bin/bash', '-c', ':']
[2025-06-22T12:38:07.716+0000] {subprocess.py:99} INFO - Output:
[2025-06-22T12:38:07.717+0000] {subprocess.py:110} INFO - Command exited with return code 0
[2025-06-22T12:38:07.808+0000] {taskinstance.py:341} INFO - ::group::Post task execution logs
[2025-06-22T12:38:07.809+0000] {taskinstance.py:353} INFO - Marking task as SUCCESS. dag_id=dataset_with_extra_from_classic_operator, task_id=dataset_with_extra_from_classic_operator, run_id=scheduled__2025-06-21T00:00:00+00:00, execution_date=20250621T000000, start_date=20250622T123806, end_date=20250622T123807
[2025-06-22T12:38:07.932+0000] {logging_mixin.py:190} INFO - Task instance in success state
[2025-06-22T12:38:07.937+0000] {logging_mixin.py:190} INFO -  Previous state of the Task instance: running
[2025-06-22T12:38:07.937+0000] {logging_mixin.py:190} INFO - Dag name:dataset_with_extra_from_classic_operator queued_at:2025-06-22 12:38:00.572208+00:00
[2025-06-22T12:38:07.939+0000] {logging_mixin.py:190} INFO - Task hostname:a5c304807a12 operator:BashOperator
[2025-06-22T12:38:08.003+0000] {local_task_job_runner.py:266} INFO - Task exited with return code 0
[2025-06-22T12:38:08.031+0000] {taskinstance.py:3901} INFO - 0 downstream tasks scheduled from follow-on schedule check
[2025-06-22T12:38:08.041+0000] {local_task_job_runner.py:245} INFO - ::endgroup::
