[2025-06-27T16:58:10.515+0000] {local_task_job_runner.py:123} INFO - ::group::Pre task execution logs
[2025-06-27T16:58:10.541+0000] {taskinstance.py:2614} INFO - Dependencies all met for dep_context=non-requeueable deps ti=<TaskInstance: example_bash_operator.runme_1 scheduled__2025-06-26T00:00:00+00:00 [queued]>
[2025-06-27T16:58:10.556+0000] {taskinstance.py:2614} INFO - Dependencies all met for dep_context=requeueable deps ti=<TaskInstance: example_bash_operator.runme_1 scheduled__2025-06-26T00:00:00+00:00 [queued]>
[2025-06-27T16:58:10.557+0000] {taskinstance.py:2867} INFO - Starting attempt 1 of 1
[2025-06-27T16:58:10.790+0000] {taskinstance.py:2890} INFO - Executing <Task(BashOperator): runme_1> on 2025-06-26 00:00:00+00:00
[2025-06-27T16:58:10.803+0000] {warnings.py:112} WARNING - /home/***/.local/lib/python3.12/site-packages/***/task/task_runner/standard_task_runner.py:70: DeprecationWarning: This process (pid=252) is multi-threaded, use of fork() may lead to deadlocks in the child.
  pid = os.fork()

[2025-06-27T16:58:10.805+0000] {standard_task_runner.py:72} INFO - Started process 300 to run task
[2025-06-27T16:58:10.806+0000] {standard_task_runner.py:104} INFO - Running: ['***', 'tasks', 'run', 'example_bash_operator', 'runme_1', 'scheduled__2025-06-26T00:00:00+00:00', '--job-id', '112', '--raw', '--subdir', '/home/***/.local/lib/python3.12/site-packages/***/example_dags/example_bash_operator.py', '--cfg-path', '/tmp/tmp9epqde94']
[2025-06-27T16:58:10.807+0000] {standard_task_runner.py:105} INFO - Job 112: Subtask runme_1
[2025-06-27T16:58:10.907+0000] {task_command.py:467} INFO - Running <TaskInstance: example_bash_operator.runme_1 scheduled__2025-06-26T00:00:00+00:00 [running]> on host a5c304807a12
[2025-06-27T16:58:11.043+0000] {taskinstance.py:3134} INFO - Exporting env vars: AIRFLOW_CTX_DAG_OWNER='***' AIRFLOW_CTX_DAG_ID='example_bash_operator' AIRFLOW_CTX_TASK_ID='runme_1' AIRFLOW_CTX_EXECUTION_DATE='2025-06-26T00:00:00+00:00' AIRFLOW_CTX_TRY_NUMBER='1' AIRFLOW_CTX_DAG_RUN_ID='scheduled__2025-06-26T00:00:00+00:00'
[2025-06-27T16:58:11.048+0000] {logging_mixin.py:190} INFO - Task instance is in running state
[2025-06-27T16:58:11.050+0000] {logging_mixin.py:190} INFO -  Previous state of the Task instance: queued
[2025-06-27T16:58:11.051+0000] {logging_mixin.py:190} INFO - Current task name:runme_1 state:running start_date:2025-06-27 16:58:10.542048+00:00
[2025-06-27T16:58:11.052+0000] {logging_mixin.py:190} INFO - Dag name:example_bash_operator and current dag run status:running
[2025-06-27T16:58:11.052+0000] {taskinstance.py:732} INFO - ::endgroup::
[2025-06-27T16:58:11.054+0000] {subprocess.py:78} INFO - Tmp dir root location: /tmp
[2025-06-27T16:58:11.056+0000] {subprocess.py:88} INFO - Running command: ['/usr/bin/bash', '-c', 'echo "example_bash_operator__runme_1__20250626" && sleep 1']
[2025-06-27T16:58:11.085+0000] {subprocess.py:99} INFO - Output:
[2025-06-27T16:58:11.087+0000] {subprocess.py:106} INFO - example_bash_operator__runme_1__20250626
[2025-06-27T16:58:12.090+0000] {subprocess.py:110} INFO - Command exited with return code 0
[2025-06-27T16:58:12.138+0000] {taskinstance.py:341} INFO - ::group::Post task execution logs
[2025-06-27T16:58:12.139+0000] {taskinstance.py:353} INFO - Marking task as SUCCESS. dag_id=example_bash_operator, task_id=runme_1, run_id=scheduled__2025-06-26T00:00:00+00:00, execution_date=20250626T000000, start_date=20250627T165810, end_date=20250627T165812
[2025-06-27T16:58:12.183+0000] {logging_mixin.py:190} INFO - Task instance in success state
[2025-06-27T16:58:12.185+0000] {logging_mixin.py:190} INFO -  Previous state of the Task instance: running
[2025-06-27T16:58:12.186+0000] {logging_mixin.py:190} INFO - Dag name:example_bash_operator queued_at:2025-06-27 16:57:56.096870+00:00
[2025-06-27T16:58:12.186+0000] {logging_mixin.py:190} INFO - Task hostname:a5c304807a12 operator:BashOperator
[2025-06-27T16:58:12.243+0000] {local_task_job_runner.py:266} INFO - Task exited with return code 0
[2025-06-27T16:58:12.257+0000] {local_task_job_runner.py:245} INFO - ::endgroup::
