[2025-06-27T16:58:00.533+0000] {local_task_job_runner.py:123} INFO - ::group::Pre task execution logs
[2025-06-27T16:58:00.569+0000] {taskinstance.py:2614} INFO - Dependencies all met for dep_context=non-requeueable deps ti=<TaskInstance: latest_only_with_trigger.latest_only scheduled__2025-06-22T12:00:00+00:00 [queued]>
[2025-06-27T16:58:00.584+0000] {taskinstance.py:2614} INFO - Dependencies all met for dep_context=requeueable deps ti=<TaskInstance: latest_only_with_trigger.latest_only scheduled__2025-06-22T12:00:00+00:00 [queued]>
[2025-06-27T16:58:00.585+0000] {taskinstance.py:2867} INFO - Starting attempt 1 of 1
[2025-06-27T16:58:00.989+0000] {taskinstance.py:2890} INFO - Executing <Task(LatestOnlyOperator): latest_only> on 2025-06-22 12:00:00+00:00
[2025-06-27T16:58:01.008+0000] {warnings.py:112} WARNING - /home/***/.local/lib/python3.12/site-packages/***/task/task_runner/standard_task_runner.py:70: DeprecationWarning: This process (pid=92) is multi-threaded, use of fork() may lead to deadlocks in the child.
  pid = os.fork()

[2025-06-27T16:58:01.020+0000] {standard_task_runner.py:104} INFO - Running: ['***', 'tasks', 'run', 'latest_only_with_trigger', 'latest_only', 'scheduled__2025-06-22T12:00:00+00:00', '--job-id', '78', '--raw', '--subdir', '/home/***/.local/lib/python3.12/site-packages/***/example_dags/example_latest_only_with_trigger.py', '--cfg-path', '/tmp/tmpmkeyqjo6']
[2025-06-27T16:58:01.022+0000] {standard_task_runner.py:72} INFO - Started process 138 to run task
[2025-06-27T16:58:01.023+0000] {standard_task_runner.py:105} INFO - Job 78: Subtask latest_only
[2025-06-27T16:58:01.139+0000] {task_command.py:467} INFO - Running <TaskInstance: latest_only_with_trigger.latest_only scheduled__2025-06-22T12:00:00+00:00 [running]> on host a5c304807a12
[2025-06-27T16:58:01.320+0000] {taskinstance.py:3134} INFO - Exporting env vars: AIRFLOW_CTX_DAG_OWNER='***' AIRFLOW_CTX_DAG_ID='latest_only_with_trigger' AIRFLOW_CTX_TASK_ID='latest_only' AIRFLOW_CTX_EXECUTION_DATE='2025-06-22T12:00:00+00:00' AIRFLOW_CTX_TRY_NUMBER='1' AIRFLOW_CTX_DAG_RUN_ID='scheduled__2025-06-22T12:00:00+00:00'
[2025-06-27T16:58:01.322+0000] {logging_mixin.py:190} INFO - Task instance is in running state
[2025-06-27T16:58:01.327+0000] {logging_mixin.py:190} INFO -  Previous state of the Task instance: queued
[2025-06-27T16:58:01.328+0000] {logging_mixin.py:190} INFO - Current task name:latest_only state:running start_date:2025-06-27 16:58:00.572128+00:00
[2025-06-27T16:58:01.331+0000] {logging_mixin.py:190} INFO - Dag name:latest_only_with_trigger and current dag run status:running
[2025-06-27T16:58:01.333+0000] {taskinstance.py:732} INFO - ::endgroup::
[2025-06-27T16:58:01.334+0000] {latest_only.py:63} INFO - Checking latest only with left_window: 2025-06-22 16:00:00+00:00 right_window: 2025-06-22 20:00:00+00:00 now: 2025-06-27 16:58:01.334497+00:00
[2025-06-27T16:58:01.335+0000] {latest_only.py:71} INFO - Not latest execution, skipping downstream.
[2025-06-27T16:58:01.336+0000] {branch.py:38} INFO - Branch into []
[2025-06-27T16:58:01.337+0000] {skipmixin.py:233} INFO - Following branch ()
[2025-06-27T16:58:01.356+0000] {skipmixin.py:281} INFO - Skipping tasks [('task1', -1)]
[2025-06-27T16:58:01.426+0000] {taskinstance.py:341} INFO - ::group::Post task execution logs
[2025-06-27T16:58:01.427+0000] {taskinstance.py:353} INFO - Marking task as SUCCESS. dag_id=latest_only_with_trigger, task_id=latest_only, run_id=scheduled__2025-06-22T12:00:00+00:00, execution_date=20250622T120000, start_date=20250627T165800, end_date=20250627T165801
[2025-06-27T16:58:01.470+0000] {logging_mixin.py:190} INFO - Task instance in success state
[2025-06-27T16:58:01.472+0000] {logging_mixin.py:190} INFO -  Previous state of the Task instance: running
[2025-06-27T16:58:01.474+0000] {logging_mixin.py:190} INFO - Dag name:latest_only_with_trigger queued_at:2025-06-27 16:57:54.097009+00:00
[2025-06-27T16:58:01.475+0000] {logging_mixin.py:190} INFO - Task hostname:a5c304807a12 operator:LatestOnlyOperator
[2025-06-27T16:58:01.532+0000] {local_task_job_runner.py:266} INFO - Task exited with return code 0
[2025-06-27T16:58:01.576+0000] {taskinstance.py:3901} INFO - 0 downstream tasks scheduled from follow-on schedule check
[2025-06-27T16:58:01.584+0000] {local_task_job_runner.py:245} INFO - ::endgroup::
