[2025-06-22T12:23:10.884+0000] {local_task_job_runner.py:123} INFO - ::group::Pre task execution logs
[2025-06-22T12:23:10.906+0000] {taskinstance.py:2614} INFO - Dependencies all met for dep_context=non-requeueable deps ti=<TaskInstance: example_branch_python_operator_decorator.branching_virtualenv scheduled__2025-06-21T00:00:00+00:00 [queued]>
[2025-06-22T12:23:11.036+0000] {taskinstance.py:2614} INFO - Dependencies all met for dep_context=requeueable deps ti=<TaskInstance: example_branch_python_operator_decorator.branching_virtualenv scheduled__2025-06-21T00:00:00+00:00 [queued]>
[2025-06-22T12:23:11.037+0000] {taskinstance.py:2867} INFO - Starting attempt 1 of 1
[2025-06-22T12:23:11.049+0000] {taskinstance.py:2890} INFO - Executing <Task(_BranchPythonVirtualenvDecoratedOperator): branching_virtualenv> on 2025-06-21 00:00:00+00:00
[2025-06-22T12:23:11.056+0000] {warnings.py:112} WARNING - /home/***/.local/lib/python3.12/site-packages/***/task/task_runner/standard_task_runner.py:70: DeprecationWarning: This process (pid=400) is multi-threaded, use of fork() may lead to deadlocks in the child.
  pid = os.fork()

[2025-06-22T12:23:11.058+0000] {standard_task_runner.py:72} INFO - Started process 418 to run task
[2025-06-22T12:23:11.058+0000] {standard_task_runner.py:104} INFO - Running: ['***', 'tasks', 'run', 'example_branch_python_operator_decorator', 'branching_virtualenv', 'scheduled__2025-06-21T00:00:00+00:00', '--job-id', '58', '--raw', '--subdir', '/home/***/.local/lib/python3.12/site-packages/***/example_dags/example_branch_operator_decorator.py', '--cfg-path', '/tmp/tmp42sws_5v']
[2025-06-22T12:23:11.059+0000] {standard_task_runner.py:105} INFO - Job 58: Subtask branching_virtualenv
[2025-06-22T12:23:11.114+0000] {task_command.py:467} INFO - Running <TaskInstance: example_branch_python_operator_decorator.branching_virtualenv scheduled__2025-06-21T00:00:00+00:00 [running]> on host 342e1477a02c
[2025-06-22T12:23:11.191+0000] {taskinstance.py:3134} INFO - Exporting env vars: AIRFLOW_CTX_DAG_OWNER='***' AIRFLOW_CTX_DAG_ID='example_branch_python_operator_decorator' AIRFLOW_CTX_TASK_ID='branching_virtualenv' AIRFLOW_CTX_EXECUTION_DATE='2025-06-21T00:00:00+00:00' AIRFLOW_CTX_TRY_NUMBER='1' AIRFLOW_CTX_DAG_RUN_ID='scheduled__2025-06-21T00:00:00+00:00'
[2025-06-22T12:23:11.193+0000] {logging_mixin.py:190} INFO - Task instance is in running state
[2025-06-22T12:23:11.193+0000] {logging_mixin.py:190} INFO -  Previous state of the Task instance: queued
[2025-06-22T12:23:11.194+0000] {logging_mixin.py:190} INFO - Current task name:branching_virtualenv state:running start_date:2025-06-22 12:23:10.906758+00:00
[2025-06-22T12:23:11.194+0000] {logging_mixin.py:190} INFO - Dag name:example_branch_python_operator_decorator and current dag run status:running
[2025-06-22T12:23:11.195+0000] {taskinstance.py:732} INFO - ::endgroup::
[2025-06-22T12:23:11.202+0000] {python.py:809} INFO - Python virtual environment will be cached in /tmp/venv-5ea997a7
[2025-06-22T12:23:11.205+0000] {process_utils.py:186} INFO - Executing cmd: /home/***/.local/bin/python -m virtualenv /tmp/venv-5ea997a7 --system-site-packages --python=python
[2025-06-22T12:23:11.206+0000] {process_utils.py:190} INFO - Output:
[2025-06-22T12:23:12.363+0000] {process_utils.py:194} INFO - created virtual environment CPython3.12.9.final.0-64 in 555ms
[2025-06-22T12:23:12.363+0000] {process_utils.py:194} INFO -   creator CPython3Posix(dest=/tmp/venv-5ea997a7, clear=False, no_vcs_ignore=False, global=True)
[2025-06-22T12:23:12.364+0000] {process_utils.py:194} INFO -   seeder FromAppData(download=False, pip=bundle, via=copy, app_data_dir=/home/***/.local/share/virtualenv)
[2025-06-22T12:23:12.365+0000] {process_utils.py:194} INFO -     added seed packages: pip==24.3.1
[2025-06-22T12:23:12.365+0000] {process_utils.py:194} INFO -   activators BashActivator,CShellActivator,FishActivator,NushellActivator,PowerShellActivator,PythonActivator
[2025-06-22T12:23:12.392+0000] {process_utils.py:186} INFO - Executing cmd: /tmp/venv-5ea997a7/bin/pip install -r /tmp/venv-5ea997a7/requirements.txt
[2025-06-22T12:23:12.393+0000] {process_utils.py:190} INFO - Output:
[2025-06-22T12:23:13.899+0000] {process_utils.py:194} INFO - Requirement already satisfied: numpy~=1.26.0 in /home/***/.local/lib/python3.12/site-packages (from -r /tmp/venv-5ea997a7/requirements.txt (line 1)) (1.26.4)
[2025-06-22T12:23:14.704+0000] {process_utils.py:194} INFO - 
[2025-06-22T12:23:14.705+0000] {process_utils.py:194} INFO - [notice] A new release of pip is available: 24.3.1 -> 25.1.1
[2025-06-22T12:23:14.707+0000] {process_utils.py:194} INFO - [notice] To update, run: python -m pip install --upgrade pip
[2025-06-22T12:23:14.855+0000] {python.py:857} INFO - New Python virtual environment created in /tmp/venv-5ea997a7
[2025-06-22T12:23:14.858+0000] {python.py:513} INFO - Use 'pickle' as serializer.
[2025-06-22T12:23:14.870+0000] {process_utils.py:186} INFO - Executing cmd: /tmp/venv-5ea997a7/bin/python /tmp/venv-call5aj4xye6/script.py /tmp/venv-call5aj4xye6/script.in /tmp/venv-call5aj4xye6/script.out /tmp/venv-call5aj4xye6/string_args.txt /tmp/venv-call5aj4xye6/termination.log
[2025-06-22T12:23:14.872+0000] {process_utils.py:190} INFO - Output:
[2025-06-22T12:23:17.486+0000] {process_utils.py:194} INFO - Some numpy stuff: [0 1 2 3 4 5]
[2025-06-22T12:23:17.861+0000] {python.py:240} INFO - Done. Returned value was: venv_d
[2025-06-22T12:23:17.862+0000] {branch.py:38} INFO - Branch into venv_d
[2025-06-22T12:23:17.863+0000] {skipmixin.py:233} INFO - Following branch ('venv_d',)
[2025-06-22T12:23:17.879+0000] {skipmixin.py:281} INFO - Skipping tasks [('venv_c', -1), ('venv_b', -1), ('venv_a', -1)]
[2025-06-22T12:23:17.916+0000] {taskinstance.py:341} INFO - ::group::Post task execution logs
[2025-06-22T12:23:17.916+0000] {taskinstance.py:353} INFO - Marking task as SUCCESS. dag_id=example_branch_python_operator_decorator, task_id=branching_virtualenv, run_id=scheduled__2025-06-21T00:00:00+00:00, execution_date=20250621T000000, start_date=20250622T122310, end_date=20250622T122317
[2025-06-22T12:23:17.941+0000] {logging_mixin.py:190} INFO - Task instance in success state
[2025-06-22T12:23:17.942+0000] {logging_mixin.py:190} INFO -  Previous state of the Task instance: running
[2025-06-22T12:23:17.942+0000] {logging_mixin.py:190} INFO - Dag name:example_branch_python_operator_decorator queued_at:2025-06-22 12:22:39.890765+00:00
[2025-06-22T12:23:17.942+0000] {logging_mixin.py:190} INFO - Task hostname:342e1477a02c operator:_BranchPythonVirtualenvDecoratedOperator
[2025-06-22T12:23:17.967+0000] {local_task_job_runner.py:266} INFO - Task exited with return code 0
[2025-06-22T12:23:17.997+0000] {taskinstance.py:3901} INFO - 1 downstream tasks scheduled from follow-on schedule check
[2025-06-22T12:23:18.000+0000] {local_task_job_runner.py:245} INFO - ::endgroup::
[2025-06-22T12:38:23.598+0000] {local_task_job_runner.py:123} INFO - ::group::Pre task execution logs
[2025-06-22T12:38:23.621+0000] {taskinstance.py:2614} INFO - Dependencies all met for dep_context=non-requeueable deps ti=<TaskInstance: example_branch_python_operator_decorator.branching_virtualenv scheduled__2025-06-21T00:00:00+00:00 [queued]>
[2025-06-22T12:38:23.756+0000] {taskinstance.py:2614} INFO - Dependencies all met for dep_context=requeueable deps ti=<TaskInstance: example_branch_python_operator_decorator.branching_virtualenv scheduled__2025-06-21T00:00:00+00:00 [queued]>
[2025-06-22T12:38:23.757+0000] {taskinstance.py:2867} INFO - Starting attempt 1 of 1
[2025-06-22T12:38:23.769+0000] {taskinstance.py:2890} INFO - Executing <Task(_BranchPythonVirtualenvDecoratedOperator): branching_virtualenv> on 2025-06-21 00:00:00+00:00
[2025-06-22T12:38:23.776+0000] {warnings.py:112} WARNING - /home/***/.local/lib/python3.12/site-packages/***/task/task_runner/standard_task_runner.py:70: DeprecationWarning: This process (pid=404) is multi-threaded, use of fork() may lead to deadlocks in the child.
  pid = os.fork()

[2025-06-22T12:38:23.777+0000] {standard_task_runner.py:72} INFO - Started process 408 to run task
[2025-06-22T12:38:23.778+0000] {standard_task_runner.py:104} INFO - Running: ['***', 'tasks', 'run', 'example_branch_python_operator_decorator', 'branching_virtualenv', 'scheduled__2025-06-21T00:00:00+00:00', '--job-id', '60', '--raw', '--subdir', '/home/***/.local/lib/python3.12/site-packages/***/example_dags/example_branch_operator_decorator.py', '--cfg-path', '/tmp/tmpctkecn4j']
[2025-06-22T12:38:23.779+0000] {standard_task_runner.py:105} INFO - Job 60: Subtask branching_virtualenv
[2025-06-22T12:38:23.833+0000] {task_command.py:467} INFO - Running <TaskInstance: example_branch_python_operator_decorator.branching_virtualenv scheduled__2025-06-21T00:00:00+00:00 [running]> on host a5c304807a12
[2025-06-22T12:38:23.912+0000] {taskinstance.py:3134} INFO - Exporting env vars: AIRFLOW_CTX_DAG_OWNER='***' AIRFLOW_CTX_DAG_ID='example_branch_python_operator_decorator' AIRFLOW_CTX_TASK_ID='branching_virtualenv' AIRFLOW_CTX_EXECUTION_DATE='2025-06-21T00:00:00+00:00' AIRFLOW_CTX_TRY_NUMBER='1' AIRFLOW_CTX_DAG_RUN_ID='scheduled__2025-06-21T00:00:00+00:00'
[2025-06-22T12:38:23.913+0000] {logging_mixin.py:190} INFO - Task instance is in running state
[2025-06-22T12:38:23.914+0000] {logging_mixin.py:190} INFO -  Previous state of the Task instance: queued
[2025-06-22T12:38:23.914+0000] {logging_mixin.py:190} INFO - Current task name:branching_virtualenv state:running start_date:2025-06-22 12:38:23.622252+00:00
[2025-06-22T12:38:23.914+0000] {logging_mixin.py:190} INFO - Dag name:example_branch_python_operator_decorator and current dag run status:running
[2025-06-22T12:38:23.915+0000] {taskinstance.py:732} INFO - ::endgroup::
[2025-06-22T12:38:23.922+0000] {python.py:809} INFO - Python virtual environment will be cached in /tmp/venv-5ea997a7
[2025-06-22T12:38:23.926+0000] {process_utils.py:186} INFO - Executing cmd: /home/***/.local/bin/python -m virtualenv /tmp/venv-5ea997a7 --system-site-packages --python=python
[2025-06-22T12:38:23.927+0000] {process_utils.py:190} INFO - Output:
[2025-06-22T12:38:25.156+0000] {process_utils.py:194} INFO - created virtual environment CPython3.12.9.final.0-64 in 629ms
[2025-06-22T12:38:25.157+0000] {process_utils.py:194} INFO -   creator CPython3Posix(dest=/tmp/venv-5ea997a7, clear=False, no_vcs_ignore=False, global=True)
[2025-06-22T12:38:25.158+0000] {process_utils.py:194} INFO -   seeder FromAppData(download=False, pip=bundle, via=copy, app_data_dir=/home/***/.local/share/virtualenv)
[2025-06-22T12:38:25.159+0000] {process_utils.py:194} INFO -     added seed packages: pip==24.3.1
[2025-06-22T12:38:25.160+0000] {process_utils.py:194} INFO -   activators BashActivator,CShellActivator,FishActivator,NushellActivator,PowerShellActivator,PythonActivator
[2025-06-22T12:38:25.220+0000] {process_utils.py:186} INFO - Executing cmd: /tmp/venv-5ea997a7/bin/pip install -r /tmp/venv-5ea997a7/requirements.txt
[2025-06-22T12:38:25.221+0000] {process_utils.py:190} INFO - Output:
[2025-06-22T12:38:26.802+0000] {process_utils.py:194} INFO - Requirement already satisfied: numpy~=1.26.0 in /home/***/.local/lib/python3.12/site-packages (from -r /tmp/venv-5ea997a7/requirements.txt (line 1)) (1.26.4)
[2025-06-22T12:38:27.583+0000] {process_utils.py:194} INFO - 
[2025-06-22T12:38:27.584+0000] {process_utils.py:194} INFO - [notice] A new release of pip is available: 24.3.1 -> 25.1.1
[2025-06-22T12:38:27.585+0000] {process_utils.py:194} INFO - [notice] To update, run: python -m pip install --upgrade pip
[2025-06-22T12:38:27.767+0000] {python.py:857} INFO - New Python virtual environment created in /tmp/venv-5ea997a7
[2025-06-22T12:38:27.768+0000] {python.py:513} INFO - Use 'pickle' as serializer.
[2025-06-22T12:38:27.780+0000] {process_utils.py:186} INFO - Executing cmd: /tmp/venv-5ea997a7/bin/python /tmp/venv-calllmpvjoh8/script.py /tmp/venv-calllmpvjoh8/script.in /tmp/venv-calllmpvjoh8/script.out /tmp/venv-calllmpvjoh8/string_args.txt /tmp/venv-calllmpvjoh8/termination.log
[2025-06-22T12:38:27.781+0000] {process_utils.py:190} INFO - Output:
[2025-06-22T12:38:30.547+0000] {process_utils.py:194} INFO - Some numpy stuff: [0 1 2 3 4 5]
[2025-06-22T12:38:31.025+0000] {python.py:240} INFO - Done. Returned value was: venv_a
[2025-06-22T12:38:31.026+0000] {branch.py:38} INFO - Branch into venv_a
[2025-06-22T12:38:31.027+0000] {skipmixin.py:233} INFO - Following branch ('venv_a',)
[2025-06-22T12:38:31.044+0000] {skipmixin.py:281} INFO - Skipping tasks [('venv_c', -1), ('venv_b', -1), ('venv_d', -1)]
[2025-06-22T12:38:31.076+0000] {taskinstance.py:341} INFO - ::group::Post task execution logs
[2025-06-22T12:38:31.077+0000] {taskinstance.py:353} INFO - Marking task as SUCCESS. dag_id=example_branch_python_operator_decorator, task_id=branching_virtualenv, run_id=scheduled__2025-06-21T00:00:00+00:00, execution_date=20250621T000000, start_date=20250622T123823, end_date=20250622T123831
[2025-06-22T12:38:31.102+0000] {logging_mixin.py:190} INFO - Task instance in success state
[2025-06-22T12:38:31.102+0000] {logging_mixin.py:190} INFO -  Previous state of the Task instance: running
[2025-06-22T12:38:31.103+0000] {logging_mixin.py:190} INFO - Dag name:example_branch_python_operator_decorator queued_at:2025-06-22 12:37:53.893513+00:00
[2025-06-22T12:38:31.103+0000] {logging_mixin.py:190} INFO - Task hostname:a5c304807a12 operator:_BranchPythonVirtualenvDecoratedOperator
[2025-06-22T12:38:31.142+0000] {local_task_job_runner.py:266} INFO - Task exited with return code 0
[2025-06-22T12:38:31.182+0000] {taskinstance.py:3901} INFO - 1 downstream tasks scheduled from follow-on schedule check
[2025-06-22T12:38:31.186+0000] {local_task_job_runner.py:245} INFO - ::endgroup::
