[2025-06-22T12:22:53.781+0000] {local_task_job_runner.py:123} INFO - ::group::Pre task execution logs
[2025-06-22T12:22:53.806+0000] {taskinstance.py:2614} INFO - Dependencies all met for dep_context=non-requeueable deps ti=<TaskInstance: tutorial.templated scheduled__2025-06-21T00:00:00+00:00 [queued]>
[2025-06-22T12:22:53.820+0000] {taskinstance.py:2614} INFO - Dependencies all met for dep_context=requeueable deps ti=<TaskInstance: tutorial.templated scheduled__2025-06-21T00:00:00+00:00 [queued]>
[2025-06-22T12:22:53.821+0000] {taskinstance.py:2867} INFO - Starting attempt 1 of 2
[2025-06-22T12:22:54.039+0000] {taskinstance.py:2890} INFO - Executing <Task(BashOperator): templated> on 2025-06-21 00:00:00+00:00
[2025-06-22T12:22:54.049+0000] {warnings.py:112} WARNING - /home/***/.local/lib/python3.12/site-packages/***/task/task_runner/standard_task_runner.py:70: DeprecationWarning: This process (pid=270) is multi-threaded, use of fork() may lead to deadlocks in the child.
  pid = os.fork()

[2025-06-22T12:22:54.051+0000] {standard_task_runner.py:72} INFO - Started process 292 to run task
[2025-06-22T12:22:54.051+0000] {standard_task_runner.py:104} INFO - Running: ['***', 'tasks', 'run', 'tutorial', 'templated', 'scheduled__2025-06-21T00:00:00+00:00', '--job-id', '45', '--raw', '--subdir', '/home/***/.local/lib/python3.12/site-packages/***/example_dags/tutorial.py', '--cfg-path', '/tmp/tmp7e67ervf']
[2025-06-22T12:22:54.053+0000] {standard_task_runner.py:105} INFO - Job 45: Subtask templated
[2025-06-22T12:22:54.136+0000] {task_command.py:467} INFO - Running <TaskInstance: tutorial.templated scheduled__2025-06-21T00:00:00+00:00 [running]> on host 342e1477a02c
[2025-06-22T12:22:54.234+0000] {taskinstance.py:3134} INFO - Exporting env vars: AIRFLOW_CTX_DAG_EMAIL='***@example.com' AIRFLOW_CTX_DAG_OWNER='***' AIRFLOW_CTX_DAG_ID='tutorial' AIRFLOW_CTX_TASK_ID='templated' AIRFLOW_CTX_EXECUTION_DATE='2025-06-21T00:00:00+00:00' AIRFLOW_CTX_TRY_NUMBER='1' AIRFLOW_CTX_DAG_RUN_ID='scheduled__2025-06-21T00:00:00+00:00'
[2025-06-22T12:22:54.235+0000] {logging_mixin.py:190} INFO - Task instance is in running state
[2025-06-22T12:22:54.236+0000] {logging_mixin.py:190} INFO -  Previous state of the Task instance: queued
[2025-06-22T12:22:54.236+0000] {logging_mixin.py:190} INFO - Current task name:templated state:running start_date:2025-06-22 12:22:53.807443+00:00
[2025-06-22T12:22:54.236+0000] {logging_mixin.py:190} INFO - Dag name:tutorial and current dag run status:running
[2025-06-22T12:22:54.237+0000] {taskinstance.py:732} INFO - ::endgroup::
[2025-06-22T12:22:54.238+0000] {subprocess.py:78} INFO - Tmp dir root location: /tmp
[2025-06-22T12:22:54.239+0000] {subprocess.py:88} INFO - Running command: ['/usr/bin/bash', '-c', '\n\n    echo "2025-06-21"\n    echo "2025-06-28"\n\n    echo "2025-06-21"\n    echo "2025-06-28"\n\n    echo "2025-06-21"\n    echo "2025-06-28"\n\n    echo "2025-06-21"\n    echo "2025-06-28"\n\n    echo "2025-06-21"\n    echo "2025-06-28"\n']
[2025-06-22T12:22:54.254+0000] {subprocess.py:99} INFO - Output:
[2025-06-22T12:22:54.256+0000] {subprocess.py:106} INFO - 2025-06-21
[2025-06-22T12:22:54.256+0000] {subprocess.py:106} INFO - 2025-06-28
[2025-06-22T12:22:54.257+0000] {subprocess.py:106} INFO - 2025-06-21
[2025-06-22T12:22:54.257+0000] {subprocess.py:106} INFO - 2025-06-28
[2025-06-22T12:22:54.258+0000] {subprocess.py:106} INFO - 2025-06-21
[2025-06-22T12:22:54.258+0000] {subprocess.py:106} INFO - 2025-06-28
[2025-06-22T12:22:54.258+0000] {subprocess.py:106} INFO - 2025-06-21
[2025-06-22T12:22:54.259+0000] {subprocess.py:106} INFO - 2025-06-28
[2025-06-22T12:22:54.259+0000] {subprocess.py:106} INFO - 2025-06-21
[2025-06-22T12:22:54.259+0000] {subprocess.py:106} INFO - 2025-06-28
[2025-06-22T12:22:54.260+0000] {subprocess.py:110} INFO - Command exited with return code 0
[2025-06-22T12:22:54.284+0000] {taskinstance.py:341} INFO - ::group::Post task execution logs
[2025-06-22T12:22:54.284+0000] {taskinstance.py:353} INFO - Marking task as SUCCESS. dag_id=tutorial, task_id=templated, run_id=scheduled__2025-06-21T00:00:00+00:00, execution_date=20250621T000000, start_date=20250622T122253, end_date=20250622T122254
[2025-06-22T12:22:54.307+0000] {logging_mixin.py:190} INFO - Task instance in success state
[2025-06-22T12:22:54.308+0000] {logging_mixin.py:190} INFO -  Previous state of the Task instance: running
[2025-06-22T12:22:54.308+0000] {logging_mixin.py:190} INFO - Dag name:tutorial queued_at:2025-06-22 12:22:41.614272+00:00
[2025-06-22T12:22:54.309+0000] {logging_mixin.py:190} INFO - Task hostname:342e1477a02c operator:BashOperator
[2025-06-22T12:22:54.346+0000] {local_task_job_runner.py:266} INFO - Task exited with return code 0
[2025-06-22T12:22:54.360+0000] {taskinstance.py:3901} INFO - 0 downstream tasks scheduled from follow-on schedule check
[2025-06-22T12:22:54.363+0000] {local_task_job_runner.py:245} INFO - ::endgroup::
[2025-06-22T12:38:09.392+0000] {local_task_job_runner.py:123} INFO - ::group::Pre task execution logs
[2025-06-22T12:38:09.427+0000] {taskinstance.py:2614} INFO - Dependencies all met for dep_context=non-requeueable deps ti=<TaskInstance: tutorial.templated scheduled__2025-06-21T00:00:00+00:00 [queued]>
[2025-06-22T12:38:09.447+0000] {taskinstance.py:2614} INFO - Dependencies all met for dep_context=requeueable deps ti=<TaskInstance: tutorial.templated scheduled__2025-06-21T00:00:00+00:00 [queued]>
[2025-06-22T12:38:09.449+0000] {taskinstance.py:2867} INFO - Starting attempt 1 of 2
[2025-06-22T12:38:09.692+0000] {taskinstance.py:2890} INFO - Executing <Task(BashOperator): templated> on 2025-06-21 00:00:00+00:00
[2025-06-22T12:38:09.708+0000] {warnings.py:112} WARNING - /home/***/.local/lib/python3.12/site-packages/***/task/task_runner/standard_task_runner.py:70: DeprecationWarning: This process (pid=264) is multi-threaded, use of fork() may lead to deadlocks in the child.
  pid = os.fork()

[2025-06-22T12:38:09.711+0000] {standard_task_runner.py:72} INFO - Started process 303 to run task
[2025-06-22T12:38:09.711+0000] {standard_task_runner.py:104} INFO - Running: ['***', 'tasks', 'run', 'tutorial', 'templated', 'scheduled__2025-06-21T00:00:00+00:00', '--job-id', '47', '--raw', '--subdir', '/home/***/.local/lib/python3.12/site-packages/***/example_dags/tutorial.py', '--cfg-path', '/tmp/tmpzxgvyr0n']
[2025-06-22T12:38:09.714+0000] {standard_task_runner.py:105} INFO - Job 47: Subtask templated
[2025-06-22T12:38:09.795+0000] {task_command.py:467} INFO - Running <TaskInstance: tutorial.templated scheduled__2025-06-21T00:00:00+00:00 [running]> on host a5c304807a12
[2025-06-22T12:38:09.917+0000] {taskinstance.py:3134} INFO - Exporting env vars: AIRFLOW_CTX_DAG_EMAIL='***@example.com' AIRFLOW_CTX_DAG_OWNER='***' AIRFLOW_CTX_DAG_ID='tutorial' AIRFLOW_CTX_TASK_ID='templated' AIRFLOW_CTX_EXECUTION_DATE='2025-06-21T00:00:00+00:00' AIRFLOW_CTX_TRY_NUMBER='1' AIRFLOW_CTX_DAG_RUN_ID='scheduled__2025-06-21T00:00:00+00:00'
[2025-06-22T12:38:09.919+0000] {logging_mixin.py:190} INFO - Task instance is in running state
[2025-06-22T12:38:09.919+0000] {logging_mixin.py:190} INFO -  Previous state of the Task instance: queued
[2025-06-22T12:38:09.920+0000] {logging_mixin.py:190} INFO - Current task name:templated state:running start_date:2025-06-22 12:38:09.428128+00:00
[2025-06-22T12:38:09.920+0000] {logging_mixin.py:190} INFO - Dag name:tutorial and current dag run status:running
[2025-06-22T12:38:09.921+0000] {taskinstance.py:732} INFO - ::endgroup::
[2025-06-22T12:38:09.922+0000] {subprocess.py:78} INFO - Tmp dir root location: /tmp
[2025-06-22T12:38:09.924+0000] {subprocess.py:88} INFO - Running command: ['/usr/bin/bash', '-c', '\n\n    echo "2025-06-21"\n    echo "2025-06-28"\n\n    echo "2025-06-21"\n    echo "2025-06-28"\n\n    echo "2025-06-21"\n    echo "2025-06-28"\n\n    echo "2025-06-21"\n    echo "2025-06-28"\n\n    echo "2025-06-21"\n    echo "2025-06-28"\n']
[2025-06-22T12:38:09.949+0000] {subprocess.py:99} INFO - Output:
[2025-06-22T12:38:09.952+0000] {subprocess.py:106} INFO - 2025-06-21
[2025-06-22T12:38:09.953+0000] {subprocess.py:106} INFO - 2025-06-28
[2025-06-22T12:38:09.953+0000] {subprocess.py:106} INFO - 2025-06-21
[2025-06-22T12:38:09.954+0000] {subprocess.py:106} INFO - 2025-06-28
[2025-06-22T12:38:09.955+0000] {subprocess.py:106} INFO - 2025-06-21
[2025-06-22T12:38:09.955+0000] {subprocess.py:106} INFO - 2025-06-28
[2025-06-22T12:38:09.956+0000] {subprocess.py:106} INFO - 2025-06-21
[2025-06-22T12:38:09.956+0000] {subprocess.py:106} INFO - 2025-06-28
[2025-06-22T12:38:09.957+0000] {subprocess.py:106} INFO - 2025-06-21
[2025-06-22T12:38:09.957+0000] {subprocess.py:106} INFO - 2025-06-28
[2025-06-22T12:38:09.958+0000] {subprocess.py:110} INFO - Command exited with return code 0
[2025-06-22T12:38:09.994+0000] {taskinstance.py:341} INFO - ::group::Post task execution logs
[2025-06-22T12:38:09.995+0000] {taskinstance.py:353} INFO - Marking task as SUCCESS. dag_id=tutorial, task_id=templated, run_id=scheduled__2025-06-21T00:00:00+00:00, execution_date=20250621T000000, start_date=20250622T123809, end_date=20250622T123809
[2025-06-22T12:38:10.028+0000] {logging_mixin.py:190} INFO - Task instance in success state
[2025-06-22T12:38:10.028+0000] {logging_mixin.py:190} INFO -  Previous state of the Task instance: running
[2025-06-22T12:38:10.029+0000] {logging_mixin.py:190} INFO - Dag name:tutorial queued_at:2025-06-22 12:37:55.815334+00:00
[2025-06-22T12:38:10.029+0000] {logging_mixin.py:190} INFO - Task hostname:a5c304807a12 operator:BashOperator
[2025-06-22T12:38:10.049+0000] {local_task_job_runner.py:266} INFO - Task exited with return code 0
[2025-06-22T12:38:10.072+0000] {taskinstance.py:3901} INFO - 0 downstream tasks scheduled from follow-on schedule check
[2025-06-22T12:38:10.076+0000] {local_task_job_runner.py:245} INFO - ::endgroup::
