[2025-06-27T16:58:14.613+0000] {local_task_job_runner.py:123} INFO - ::group::Pre task execution logs
[2025-06-27T16:58:14.649+0000] {taskinstance.py:2614} INFO - Dependencies all met for dep_context=non-requeueable deps ti=<TaskInstance: example_branch_python_operator_decorator.branch_b scheduled__2025-06-26T00:00:00+00:00 [queued]>
[2025-06-27T16:58:14.941+0000] {taskinstance.py:2614} INFO - Dependencies all met for dep_context=requeueable deps ti=<TaskInstance: example_branch_python_operator_decorator.branch_b scheduled__2025-06-26T00:00:00+00:00 [queued]>
[2025-06-27T16:58:14.943+0000] {taskinstance.py:2867} INFO - Starting attempt 1 of 1
[2025-06-27T16:58:14.971+0000] {taskinstance.py:2890} INFO - Executing <Task(_PythonDecoratedOperator): branch_b> on 2025-06-26 00:00:00+00:00
[2025-06-27T16:58:14.985+0000] {warnings.py:112} WARNING - /home/***/.local/lib/python3.12/site-packages/***/task/task_runner/standard_task_runner.py:70: DeprecationWarning: This process (pid=329) is multi-threaded, use of fork() may lead to deadlocks in the child.
  pid = os.fork()

[2025-06-27T16:58:14.988+0000] {standard_task_runner.py:72} INFO - Started process 366 to run task
[2025-06-27T16:58:14.989+0000] {standard_task_runner.py:104} INFO - Running: ['***', 'tasks', 'run', 'example_branch_python_operator_decorator', 'branch_b', 'scheduled__2025-06-26T00:00:00+00:00', '--job-id', '129', '--raw', '--subdir', '/home/***/.local/lib/python3.12/site-packages/***/example_dags/example_branch_operator_decorator.py', '--cfg-path', '/tmp/tmpaj8u_6_e']
[2025-06-27T16:58:14.991+0000] {standard_task_runner.py:105} INFO - Job 129: Subtask branch_b
[2025-06-27T16:58:15.081+0000] {task_command.py:467} INFO - Running <TaskInstance: example_branch_python_operator_decorator.branch_b scheduled__2025-06-26T00:00:00+00:00 [running]> on host a5c304807a12
[2025-06-27T16:58:15.209+0000] {taskinstance.py:3134} INFO - Exporting env vars: AIRFLOW_CTX_DAG_OWNER='***' AIRFLOW_CTX_DAG_ID='example_branch_python_operator_decorator' AIRFLOW_CTX_TASK_ID='branch_b' AIRFLOW_CTX_EXECUTION_DATE='2025-06-26T00:00:00+00:00' AIRFLOW_CTX_TRY_NUMBER='1' AIRFLOW_CTX_DAG_RUN_ID='scheduled__2025-06-26T00:00:00+00:00'
[2025-06-27T16:58:15.211+0000] {logging_mixin.py:190} INFO - Task instance is in running state
[2025-06-27T16:58:15.211+0000] {logging_mixin.py:190} INFO -  Previous state of the Task instance: queued
[2025-06-27T16:58:15.212+0000] {logging_mixin.py:190} INFO - Current task name:branch_b state:running start_date:2025-06-27 16:58:14.650194+00:00
[2025-06-27T16:58:15.213+0000] {logging_mixin.py:190} INFO - Dag name:example_branch_python_operator_decorator and current dag run status:running
[2025-06-27T16:58:15.214+0000] {taskinstance.py:732} INFO - ::endgroup::
[2025-06-27T16:58:15.215+0000] {logging_mixin.py:190} INFO - doing something in Python
[2025-06-27T16:58:15.215+0000] {python.py:240} INFO - Done. Returned value was: None
[2025-06-27T16:58:15.232+0000] {taskinstance.py:341} INFO - ::group::Post task execution logs
[2025-06-27T16:58:15.234+0000] {taskinstance.py:353} INFO - Marking task as SUCCESS. dag_id=example_branch_python_operator_decorator, task_id=branch_b, run_id=scheduled__2025-06-26T00:00:00+00:00, execution_date=20250626T000000, start_date=20250627T165814, end_date=20250627T165815
[2025-06-27T16:58:15.268+0000] {logging_mixin.py:190} INFO - Task instance in success state
[2025-06-27T16:58:15.270+0000] {logging_mixin.py:190} INFO -  Previous state of the Task instance: running
[2025-06-27T16:58:15.274+0000] {logging_mixin.py:190} INFO - Dag name:example_branch_python_operator_decorator queued_at:2025-06-27 16:57:55.610279+00:00
[2025-06-27T16:58:15.274+0000] {logging_mixin.py:190} INFO - Task hostname:a5c304807a12 operator:_PythonDecoratedOperator
[2025-06-27T16:58:15.325+0000] {local_task_job_runner.py:266} INFO - Task exited with return code 0
[2025-06-27T16:58:15.371+0000] {taskinstance.py:3901} INFO - 0 downstream tasks scheduled from follow-on schedule check
[2025-06-27T16:58:15.376+0000] {local_task_job_runner.py:245} INFO - ::endgroup::
