[2025-06-22T12:22:53.802+0000] {local_task_job_runner.py:123} INFO - ::group::Pre task execution logs
[2025-06-22T12:22:53.823+0000] {taskinstance.py:2614} INFO - Dependencies all met for dep_context=non-requeueable deps ti=<TaskInstance: read_dataset_event.read_dataset_event scheduled__2025-06-21T00:00:00+00:00 [queued]>
[2025-06-22T12:22:53.832+0000] {taskinstance.py:2614} INFO - Dependencies all met for dep_context=requeueable deps ti=<TaskInstance: read_dataset_event.read_dataset_event scheduled__2025-06-21T00:00:00+00:00 [queued]>
[2025-06-22T12:22:53.835+0000] {taskinstance.py:2867} INFO - Starting attempt 1 of 1
[2025-06-22T12:22:54.046+0000] {taskinstance.py:2890} INFO - Executing <Task(_PythonDecoratedOperator): read_dataset_event> on 2025-06-21 00:00:00+00:00
[2025-06-22T12:22:54.056+0000] {warnings.py:112} WARNING - /home/***/.local/lib/python3.12/site-packages/***/task/task_runner/standard_task_runner.py:70: DeprecationWarning: This process (pid=272) is multi-threaded, use of fork() may lead to deadlocks in the child.
  pid = os.fork()

[2025-06-22T12:22:54.059+0000] {standard_task_runner.py:72} INFO - Started process 294 to run task
[2025-06-22T12:22:54.059+0000] {standard_task_runner.py:104} INFO - Running: ['***', 'tasks', 'run', 'read_dataset_event', 'read_dataset_event', 'scheduled__2025-06-21T00:00:00+00:00', '--job-id', '46', '--raw', '--subdir', '/home/***/.local/lib/python3.12/site-packages/***/example_dags/example_inlet_event_extra.py', '--cfg-path', '/tmp/tmp9mcqcboh']
[2025-06-22T12:22:54.061+0000] {standard_task_runner.py:105} INFO - Job 46: Subtask read_dataset_event
[2025-06-22T12:22:54.148+0000] {task_command.py:467} INFO - Running <TaskInstance: read_dataset_event.read_dataset_event scheduled__2025-06-21T00:00:00+00:00 [running]> on host 342e1477a02c
[2025-06-22T12:22:54.242+0000] {taskinstance.py:3134} INFO - Exporting env vars: AIRFLOW_CTX_DAG_OWNER='***' AIRFLOW_CTX_DAG_ID='read_dataset_event' AIRFLOW_CTX_TASK_ID='read_dataset_event' AIRFLOW_CTX_EXECUTION_DATE='2025-06-21T00:00:00+00:00' AIRFLOW_CTX_TRY_NUMBER='1' AIRFLOW_CTX_DAG_RUN_ID='scheduled__2025-06-21T00:00:00+00:00'
[2025-06-22T12:22:54.254+0000] {logging_mixin.py:190} INFO - Task instance is in running state
[2025-06-22T12:22:54.255+0000] {logging_mixin.py:190} INFO -  Previous state of the Task instance: queued
[2025-06-22T12:22:54.256+0000] {logging_mixin.py:190} INFO - Current task name:read_dataset_event state:running start_date:2025-06-22 12:22:53.823651+00:00
[2025-06-22T12:22:54.256+0000] {logging_mixin.py:190} INFO - Dag name:read_dataset_event and current dag run status:running
[2025-06-22T12:22:54.257+0000] {taskinstance.py:732} INFO - ::endgroup::
[2025-06-22T12:22:54.268+0000] {logging_mixin.py:190} INFO - bye
[2025-06-22T12:22:54.269+0000] {python.py:240} INFO - Done. Returned value was: None
[2025-06-22T12:22:54.292+0000] {taskinstance.py:341} INFO - ::group::Post task execution logs
[2025-06-22T12:22:54.292+0000] {taskinstance.py:353} INFO - Marking task as SUCCESS. dag_id=read_dataset_event, task_id=read_dataset_event, run_id=scheduled__2025-06-21T00:00:00+00:00, execution_date=20250621T000000, start_date=20250622T122253, end_date=20250622T122254
[2025-06-22T12:22:54.315+0000] {logging_mixin.py:190} INFO - Task instance in success state
[2025-06-22T12:22:54.315+0000] {logging_mixin.py:190} INFO -  Previous state of the Task instance: running
[2025-06-22T12:22:54.316+0000] {logging_mixin.py:190} INFO - Dag name:read_dataset_event queued_at:2025-06-22 12:22:49.010122+00:00
[2025-06-22T12:22:54.316+0000] {logging_mixin.py:190} INFO - Task hostname:342e1477a02c operator:_PythonDecoratedOperator
[2025-06-22T12:22:54.355+0000] {local_task_job_runner.py:266} INFO - Task exited with return code 0
[2025-06-22T12:22:54.369+0000] {taskinstance.py:3901} INFO - 0 downstream tasks scheduled from follow-on schedule check
[2025-06-22T12:22:54.372+0000] {local_task_job_runner.py:245} INFO - ::endgroup::
[2025-06-22T12:38:09.596+0000] {local_task_job_runner.py:123} INFO - ::group::Pre task execution logs
[2025-06-22T12:38:09.623+0000] {taskinstance.py:2614} INFO - Dependencies all met for dep_context=non-requeueable deps ti=<TaskInstance: read_dataset_event.read_dataset_event scheduled__2025-06-21T00:00:00+00:00 [queued]>
[2025-06-22T12:38:09.635+0000] {taskinstance.py:2614} INFO - Dependencies all met for dep_context=requeueable deps ti=<TaskInstance: read_dataset_event.read_dataset_event scheduled__2025-06-21T00:00:00+00:00 [queued]>
[2025-06-22T12:38:09.636+0000] {taskinstance.py:2867} INFO - Starting attempt 1 of 1
[2025-06-22T12:38:09.873+0000] {taskinstance.py:2890} INFO - Executing <Task(_PythonDecoratedOperator): read_dataset_event> on 2025-06-21 00:00:00+00:00
[2025-06-22T12:38:09.888+0000] {warnings.py:112} WARNING - /home/***/.local/lib/python3.12/site-packages/***/task/task_runner/standard_task_runner.py:70: DeprecationWarning: This process (pid=268) is multi-threaded, use of fork() may lead to deadlocks in the child.
  pid = os.fork()

[2025-06-22T12:38:09.890+0000] {standard_task_runner.py:104} INFO - Running: ['***', 'tasks', 'run', 'read_dataset_event', 'read_dataset_event', 'scheduled__2025-06-21T00:00:00+00:00', '--job-id', '49', '--raw', '--subdir', '/home/***/.local/lib/python3.12/site-packages/***/example_dags/example_inlet_event_extra.py', '--cfg-path', '/tmp/tmp0hf600mo']
[2025-06-22T12:38:09.893+0000] {standard_task_runner.py:72} INFO - Started process 305 to run task
[2025-06-22T12:38:09.893+0000] {standard_task_runner.py:105} INFO - Job 49: Subtask read_dataset_event
[2025-06-22T12:38:09.982+0000] {task_command.py:467} INFO - Running <TaskInstance: read_dataset_event.read_dataset_event scheduled__2025-06-21T00:00:00+00:00 [running]> on host a5c304807a12
[2025-06-22T12:38:10.100+0000] {taskinstance.py:3134} INFO - Exporting env vars: AIRFLOW_CTX_DAG_OWNER='***' AIRFLOW_CTX_DAG_ID='read_dataset_event' AIRFLOW_CTX_TASK_ID='read_dataset_event' AIRFLOW_CTX_EXECUTION_DATE='2025-06-21T00:00:00+00:00' AIRFLOW_CTX_TRY_NUMBER='1' AIRFLOW_CTX_DAG_RUN_ID='scheduled__2025-06-21T00:00:00+00:00'
[2025-06-22T12:38:10.115+0000] {logging_mixin.py:190} INFO - Task instance is in running state
[2025-06-22T12:38:10.115+0000] {logging_mixin.py:190} INFO -  Previous state of the Task instance: queued
[2025-06-22T12:38:10.116+0000] {logging_mixin.py:190} INFO - Current task name:read_dataset_event state:running start_date:2025-06-22 12:38:09.624142+00:00
[2025-06-22T12:38:10.116+0000] {logging_mixin.py:190} INFO - Dag name:read_dataset_event and current dag run status:running
[2025-06-22T12:38:10.117+0000] {taskinstance.py:732} INFO - ::endgroup::
[2025-06-22T12:38:10.133+0000] {logging_mixin.py:190} INFO - bye
[2025-06-22T12:38:10.133+0000] {python.py:240} INFO - Done. Returned value was: None
[2025-06-22T12:38:10.169+0000] {taskinstance.py:341} INFO - ::group::Post task execution logs
[2025-06-22T12:38:10.170+0000] {taskinstance.py:353} INFO - Marking task as SUCCESS. dag_id=read_dataset_event, task_id=read_dataset_event, run_id=scheduled__2025-06-21T00:00:00+00:00, execution_date=20250621T000000, start_date=20250622T123809, end_date=20250622T123810
[2025-06-22T12:38:10.203+0000] {logging_mixin.py:190} INFO - Task instance in success state
[2025-06-22T12:38:10.204+0000] {logging_mixin.py:190} INFO -  Previous state of the Task instance: running
[2025-06-22T12:38:10.204+0000] {logging_mixin.py:190} INFO - Dag name:read_dataset_event queued_at:2025-06-22 12:38:03.665895+00:00
[2025-06-22T12:38:10.205+0000] {logging_mixin.py:190} INFO - Task hostname:a5c304807a12 operator:_PythonDecoratedOperator
[2025-06-22T12:38:10.229+0000] {local_task_job_runner.py:266} INFO - Task exited with return code 0
[2025-06-22T12:38:10.248+0000] {taskinstance.py:3901} INFO - 0 downstream tasks scheduled from follow-on schedule check
[2025-06-22T12:38:10.253+0000] {local_task_job_runner.py:245} INFO - ::endgroup::
