[2025-06-22T12:22:39.055+0000] {local_task_job_runner.py:123} INFO - ::group::Pre task execution logs
[2025-06-22T12:22:39.101+0000] {taskinstance.py:2614} INFO - Dependencies all met for dep_context=non-requeueable deps ti=<TaskInstance: example_branch_datetime_operator_2.datetime_branch scheduled__2025-06-21T00:00:00+00:00 [queued]>
[2025-06-22T12:22:39.122+0000] {taskinstance.py:2614} INFO - Dependencies all met for dep_context=requeueable deps ti=<TaskInstance: example_branch_datetime_operator_2.datetime_branch scheduled__2025-06-21T00:00:00+00:00 [queued]>
[2025-06-22T12:22:39.124+0000] {taskinstance.py:2867} INFO - Starting attempt 1 of 1
[2025-06-22T12:22:39.168+0000] {taskinstance.py:2890} INFO - Executing <Task(BranchDateTimeOperator): datetime_branch> on 2025-06-21 00:00:00+00:00
[2025-06-22T12:22:39.210+0000] {warnings.py:112} WARNING - /home/***/.local/lib/python3.12/site-packages/***/task/task_runner/standard_task_runner.py:70: DeprecationWarning: This process (pid=108) is multi-threaded, use of fork() may lead to deadlocks in the child.
  pid = os.fork()

[2025-06-22T12:22:39.213+0000] {standard_task_runner.py:104} INFO - Running: ['***', 'tasks', 'run', 'example_branch_datetime_operator_2', 'datetime_branch', 'scheduled__2025-06-21T00:00:00+00:00', '--job-id', '12', '--raw', '--subdir', '/home/***/.local/lib/python3.12/site-packages/***/example_dags/example_branch_datetime_operator.py', '--cfg-path', '/tmp/tmpj5hkr7cs']
[2025-06-22T12:22:39.218+0000] {standard_task_runner.py:105} INFO - Job 12: Subtask datetime_branch
[2025-06-22T12:22:39.217+0000] {standard_task_runner.py:72} INFO - Started process 141 to run task
[2025-06-22T12:22:40.071+0000] {task_command.py:467} INFO - Running <TaskInstance: example_branch_datetime_operator_2.datetime_branch scheduled__2025-06-21T00:00:00+00:00 [running]> on host 342e1477a02c
[2025-06-22T12:22:40.243+0000] {taskinstance.py:3134} INFO - Exporting env vars: AIRFLOW_CTX_DAG_OWNER='***' AIRFLOW_CTX_DAG_ID='example_branch_datetime_operator_2' AIRFLOW_CTX_TASK_ID='datetime_branch' AIRFLOW_CTX_EXECUTION_DATE='2025-06-21T00:00:00+00:00' AIRFLOW_CTX_TRY_NUMBER='1' AIRFLOW_CTX_DAG_RUN_ID='scheduled__2025-06-21T00:00:00+00:00'
[2025-06-22T12:22:40.249+0000] {logging_mixin.py:190} INFO - Task instance is in running state
[2025-06-22T12:22:40.250+0000] {logging_mixin.py:190} INFO -  Previous state of the Task instance: queued
[2025-06-22T12:22:40.251+0000] {logging_mixin.py:190} INFO - Current task name:datetime_branch state:running start_date:2025-06-22 12:22:39.104599+00:00
[2025-06-22T12:22:40.252+0000] {logging_mixin.py:190} INFO - Dag name:example_branch_datetime_operator_2 and current dag run status:running
[2025-06-22T12:22:40.252+0000] {taskinstance.py:732} INFO - ::endgroup::
[2025-06-22T12:22:40.253+0000] {branch.py:38} INFO - Branch into ['date_outside_range']
[2025-06-22T12:22:40.255+0000] {skipmixin.py:233} INFO - Following branch ('date_outside_range',)
[2025-06-22T12:22:40.279+0000] {skipmixin.py:281} INFO - Skipping tasks [('date_in_range', -1)]
[2025-06-22T12:22:40.346+0000] {taskinstance.py:341} INFO - ::group::Post task execution logs
[2025-06-22T12:22:40.347+0000] {taskinstance.py:353} INFO - Marking task as SUCCESS. dag_id=example_branch_datetime_operator_2, task_id=datetime_branch, run_id=scheduled__2025-06-21T00:00:00+00:00, execution_date=20250621T000000, start_date=20250622T122239, end_date=20250622T122240
[2025-06-22T12:22:40.417+0000] {logging_mixin.py:190} INFO - Task instance in success state
[2025-06-22T12:22:40.417+0000] {logging_mixin.py:190} INFO -  Previous state of the Task instance: running
[2025-06-22T12:22:40.419+0000] {logging_mixin.py:190} INFO - Dag name:example_branch_datetime_operator_2 queued_at:2025-06-22 12:22:35.482782+00:00
[2025-06-22T12:22:40.420+0000] {logging_mixin.py:190} INFO - Task hostname:342e1477a02c operator:BranchDateTimeOperator
[2025-06-22T12:22:40.483+0000] {local_task_job_runner.py:266} INFO - Task exited with return code 0
[2025-06-22T12:22:40.817+0000] {taskinstance.py:3901} INFO - 0 downstream tasks scheduled from follow-on schedule check
[2025-06-22T12:22:40.822+0000] {local_task_job_runner.py:245} INFO - ::endgroup::
[2025-06-22T12:37:54.564+0000] {local_task_job_runner.py:123} INFO - ::group::Pre task execution logs
[2025-06-22T12:37:54.647+0000] {taskinstance.py:2614} INFO - Dependencies all met for dep_context=non-requeueable deps ti=<TaskInstance: example_branch_datetime_operator_2.datetime_branch scheduled__2025-06-21T00:00:00+00:00 [queued]>
[2025-06-22T12:37:54.701+0000] {taskinstance.py:2614} INFO - Dependencies all met for dep_context=requeueable deps ti=<TaskInstance: example_branch_datetime_operator_2.datetime_branch scheduled__2025-06-21T00:00:00+00:00 [queued]>
[2025-06-22T12:37:54.710+0000] {taskinstance.py:2867} INFO - Starting attempt 1 of 1
[2025-06-22T12:37:54.977+0000] {taskinstance.py:2890} INFO - Executing <Task(BranchDateTimeOperator): datetime_branch> on 2025-06-21 00:00:00+00:00
[2025-06-22T12:37:55.022+0000] {warnings.py:112} WARNING - /home/***/.local/lib/python3.12/site-packages/***/task/task_runner/standard_task_runner.py:70: DeprecationWarning: This process (pid=108) is multi-threaded, use of fork() may lead to deadlocks in the child.
  pid = os.fork()

[2025-06-22T12:37:55.031+0000] {standard_task_runner.py:72} INFO - Started process 143 to run task
[2025-06-22T12:37:55.032+0000] {standard_task_runner.py:104} INFO - Running: ['***', 'tasks', 'run', 'example_branch_datetime_operator_2', 'datetime_branch', 'scheduled__2025-06-21T00:00:00+00:00', '--job-id', '10', '--raw', '--subdir', '/home/***/.local/lib/python3.12/site-packages/***/example_dags/example_branch_datetime_operator.py', '--cfg-path', '/tmp/tmpnzhizlfz']
[2025-06-22T12:37:55.037+0000] {standard_task_runner.py:105} INFO - Job 10: Subtask datetime_branch
[2025-06-22T12:37:55.889+0000] {task_command.py:467} INFO - Running <TaskInstance: example_branch_datetime_operator_2.datetime_branch scheduled__2025-06-21T00:00:00+00:00 [running]> on host a5c304807a12
[2025-06-22T12:37:56.106+0000] {taskinstance.py:3134} INFO - Exporting env vars: AIRFLOW_CTX_DAG_OWNER='***' AIRFLOW_CTX_DAG_ID='example_branch_datetime_operator_2' AIRFLOW_CTX_TASK_ID='datetime_branch' AIRFLOW_CTX_EXECUTION_DATE='2025-06-21T00:00:00+00:00' AIRFLOW_CTX_TRY_NUMBER='1' AIRFLOW_CTX_DAG_RUN_ID='scheduled__2025-06-21T00:00:00+00:00'
[2025-06-22T12:37:56.109+0000] {logging_mixin.py:190} INFO - Task instance is in running state
[2025-06-22T12:37:56.111+0000] {logging_mixin.py:190} INFO -  Previous state of the Task instance: queued
[2025-06-22T12:37:56.113+0000] {logging_mixin.py:190} INFO - Current task name:datetime_branch state:running start_date:2025-06-22 12:37:54.653009+00:00
[2025-06-22T12:37:56.117+0000] {logging_mixin.py:190} INFO - Dag name:example_branch_datetime_operator_2 and current dag run status:running
[2025-06-22T12:37:56.117+0000] {taskinstance.py:732} INFO - ::endgroup::
[2025-06-22T12:37:56.118+0000] {branch.py:38} INFO - Branch into ['date_outside_range']
[2025-06-22T12:37:56.119+0000] {skipmixin.py:233} INFO - Following branch ('date_outside_range',)
[2025-06-22T12:37:56.145+0000] {skipmixin.py:281} INFO - Skipping tasks [('date_in_range', -1)]
[2025-06-22T12:37:56.219+0000] {taskinstance.py:341} INFO - ::group::Post task execution logs
[2025-06-22T12:37:56.220+0000] {taskinstance.py:353} INFO - Marking task as SUCCESS. dag_id=example_branch_datetime_operator_2, task_id=datetime_branch, run_id=scheduled__2025-06-21T00:00:00+00:00, execution_date=20250621T000000, start_date=20250622T123754, end_date=20250622T123756
[2025-06-22T12:37:56.298+0000] {logging_mixin.py:190} INFO - Task instance in success state
[2025-06-22T12:37:56.299+0000] {logging_mixin.py:190} INFO -  Previous state of the Task instance: running
[2025-06-22T12:37:56.300+0000] {logging_mixin.py:190} INFO - Dag name:example_branch_datetime_operator_2 queued_at:2025-06-22 12:37:51.149260+00:00
[2025-06-22T12:37:56.303+0000] {logging_mixin.py:190} INFO - Task hostname:a5c304807a12 operator:BranchDateTimeOperator
[2025-06-22T12:37:56.341+0000] {local_task_job_runner.py:266} INFO - Task exited with return code 0
[2025-06-22T12:37:56.813+0000] {taskinstance.py:3901} INFO - 0 downstream tasks scheduled from follow-on schedule check
[2025-06-22T12:37:56.824+0000] {local_task_job_runner.py:245} INFO - ::endgroup::
