[2025-06-27T16:58:17.572+0000] {local_task_job_runner.py:123} INFO - ::group::Pre task execution logs
[2025-06-27T16:58:17.597+0000] {taskinstance.py:2614} INFO - Dependencies all met for dep_context=non-requeueable deps ti=<TaskInstance: dataset_consumes_1.consuming_1 dataset_triggered__2025-06-27T16:58:12.736612+00:00 [queued]>
[2025-06-27T16:58:17.611+0000] {taskinstance.py:2614} INFO - Dependencies all met for dep_context=requeueable deps ti=<TaskInstance: dataset_consumes_1.consuming_1 dataset_triggered__2025-06-27T16:58:12.736612+00:00 [queued]>
[2025-06-27T16:58:17.612+0000] {taskinstance.py:2867} INFO - Starting attempt 1 of 1
[2025-06-27T16:58:17.857+0000] {taskinstance.py:2890} INFO - Executing <Task(BashOperator): consuming_1> on 2025-06-27 16:58:12.736612+00:00
[2025-06-27T16:58:17.867+0000] {warnings.py:112} WARNING - /home/***/.local/lib/python3.12/site-packages/***/task/task_runner/standard_task_runner.py:70: DeprecationWarning: This process (pid=379) is multi-threaded, use of fork() may lead to deadlocks in the child.
  pid = os.fork()

[2025-06-27T16:58:17.870+0000] {standard_task_runner.py:72} INFO - Started process 407 to run task
[2025-06-27T16:58:17.870+0000] {standard_task_runner.py:104} INFO - Running: ['***', 'tasks', 'run', 'dataset_consumes_1', 'consuming_1', 'dataset_triggered__2025-06-27T16:58:12.736612+00:00', '--job-id', '139', '--raw', '--subdir', '/home/***/.local/lib/python3.12/site-packages/***/example_dags/example_datasets.py', '--cfg-path', '/tmp/tmpr74wi8vb']
[2025-06-27T16:58:17.872+0000] {standard_task_runner.py:105} INFO - Job 139: Subtask consuming_1
[2025-06-27T16:58:17.959+0000] {task_command.py:467} INFO - Running <TaskInstance: dataset_consumes_1.consuming_1 dataset_triggered__2025-06-27T16:58:12.736612+00:00 [running]> on host a5c304807a12
[2025-06-27T16:58:18.078+0000] {taskinstance.py:3134} INFO - Exporting env vars: AIRFLOW_CTX_DAG_OWNER='***' AIRFLOW_CTX_DAG_ID='dataset_consumes_1' AIRFLOW_CTX_TASK_ID='consuming_1' AIRFLOW_CTX_EXECUTION_DATE='2025-06-27T16:58:12.736612+00:00' AIRFLOW_CTX_TRY_NUMBER='1' AIRFLOW_CTX_DAG_RUN_ID='dataset_triggered__2025-06-27T16:58:12.736612+00:00'
[2025-06-27T16:58:18.080+0000] {logging_mixin.py:190} INFO - Task instance is in running state
[2025-06-27T16:58:18.080+0000] {logging_mixin.py:190} INFO -  Previous state of the Task instance: queued
[2025-06-27T16:58:18.081+0000] {logging_mixin.py:190} INFO - Current task name:consuming_1 state:running start_date:2025-06-27 16:58:17.598927+00:00
[2025-06-27T16:58:18.081+0000] {logging_mixin.py:190} INFO - Dag name:dataset_consumes_1 and current dag run status:running
[2025-06-27T16:58:18.082+0000] {taskinstance.py:732} INFO - ::endgroup::
[2025-06-27T16:58:18.083+0000] {subprocess.py:78} INFO - Tmp dir root location: /tmp
[2025-06-27T16:58:18.084+0000] {subprocess.py:88} INFO - Running command: ['/usr/bin/bash', '-c', 'sleep 5']
[2025-06-27T16:58:18.103+0000] {subprocess.py:99} INFO - Output:
[2025-06-27T16:58:23.106+0000] {subprocess.py:110} INFO - Command exited with return code 0
[2025-06-27T16:58:23.144+0000] {taskinstance.py:341} INFO - ::group::Post task execution logs
[2025-06-27T16:58:23.144+0000] {taskinstance.py:353} INFO - Marking task as SUCCESS. dag_id=dataset_consumes_1, task_id=consuming_1, run_id=dataset_triggered__2025-06-27T16:58:12.736612+00:00, execution_date=20250627T165812, start_date=20250627T165817, end_date=20250627T165823
[2025-06-27T16:58:23.229+0000] {logging_mixin.py:190} INFO - Task instance in success state
[2025-06-27T16:58:23.229+0000] {logging_mixin.py:190} INFO -  Previous state of the Task instance: running
[2025-06-27T16:58:23.230+0000] {logging_mixin.py:190} INFO - Dag name:dataset_consumes_1 queued_at:2025-06-27 16:58:12.868474+00:00
[2025-06-27T16:58:23.230+0000] {logging_mixin.py:190} INFO - Task hostname:a5c304807a12 operator:BashOperator
[2025-06-27T16:58:23.274+0000] {local_task_job_runner.py:266} INFO - Task exited with return code 0
[2025-06-27T16:58:23.293+0000] {taskinstance.py:3901} INFO - 0 downstream tasks scheduled from follow-on schedule check
[2025-06-27T16:58:23.297+0000] {local_task_job_runner.py:245} INFO - ::endgroup::
