[2025-06-27T16:58:07.960+0000] {local_task_job_runner.py:123} INFO - ::group::Pre task execution logs
[2025-06-27T16:58:07.987+0000] {taskinstance.py:2614} INFO - Dependencies all met for dep_context=non-requeueable deps ti=<TaskInstance: example_bash_operator.runme_2 scheduled__2025-06-26T00:00:00+00:00 [queued]>
[2025-06-27T16:58:08.283+0000] {taskinstance.py:2614} INFO - Dependencies all met for dep_context=requeueable deps ti=<TaskInstance: example_bash_operator.runme_2 scheduled__2025-06-26T00:00:00+00:00 [queued]>
[2025-06-27T16:58:08.284+0000] {taskinstance.py:2867} INFO - Starting attempt 1 of 1
[2025-06-27T16:58:08.317+0000] {taskinstance.py:2890} INFO - Executing <Task(BashOperator): runme_2> on 2025-06-26 00:00:00+00:00
[2025-06-27T16:58:08.332+0000] {warnings.py:112} WARNING - /home/***/.local/lib/python3.12/site-packages/***/task/task_runner/standard_task_runner.py:70: DeprecationWarning: This process (pid=229) is multi-threaded, use of fork() may lead to deadlocks in the child.
  pid = os.fork()

[2025-06-27T16:58:08.335+0000] {standard_task_runner.py:72} INFO - Started process 264 to run task
[2025-06-27T16:58:08.336+0000] {standard_task_runner.py:104} INFO - Running: ['***', 'tasks', 'run', 'example_bash_operator', 'runme_2', 'scheduled__2025-06-26T00:00:00+00:00', '--job-id', '106', '--raw', '--subdir', '/home/***/.local/lib/python3.12/site-packages/***/example_dags/example_bash_operator.py', '--cfg-path', '/tmp/tmp76tl1v0_']
[2025-06-27T16:58:08.339+0000] {standard_task_runner.py:105} INFO - Job 106: Subtask runme_2
[2025-06-27T16:58:08.445+0000] {task_command.py:467} INFO - Running <TaskInstance: example_bash_operator.runme_2 scheduled__2025-06-26T00:00:00+00:00 [running]> on host a5c304807a12
[2025-06-27T16:58:08.596+0000] {taskinstance.py:3134} INFO - Exporting env vars: AIRFLOW_CTX_DAG_OWNER='***' AIRFLOW_CTX_DAG_ID='example_bash_operator' AIRFLOW_CTX_TASK_ID='runme_2' AIRFLOW_CTX_EXECUTION_DATE='2025-06-26T00:00:00+00:00' AIRFLOW_CTX_TRY_NUMBER='1' AIRFLOW_CTX_DAG_RUN_ID='scheduled__2025-06-26T00:00:00+00:00'
[2025-06-27T16:58:08.598+0000] {logging_mixin.py:190} INFO - Task instance is in running state
[2025-06-27T16:58:08.600+0000] {logging_mixin.py:190} INFO -  Previous state of the Task instance: queued
[2025-06-27T16:58:08.600+0000] {logging_mixin.py:190} INFO - Current task name:runme_2 state:running start_date:2025-06-27 16:58:07.988562+00:00
[2025-06-27T16:58:08.601+0000] {logging_mixin.py:190} INFO - Dag name:example_bash_operator and current dag run status:running
[2025-06-27T16:58:08.601+0000] {taskinstance.py:732} INFO - ::endgroup::
[2025-06-27T16:58:08.603+0000] {subprocess.py:78} INFO - Tmp dir root location: /tmp
[2025-06-27T16:58:08.605+0000] {subprocess.py:88} INFO - Running command: ['/usr/bin/bash', '-c', 'echo "example_bash_operator__runme_2__20250626" && sleep 1']
[2025-06-27T16:58:08.626+0000] {subprocess.py:99} INFO - Output:
[2025-06-27T16:58:08.627+0000] {subprocess.py:106} INFO - example_bash_operator__runme_2__20250626
[2025-06-27T16:58:09.634+0000] {subprocess.py:110} INFO - Command exited with return code 0
[2025-06-27T16:58:09.690+0000] {taskinstance.py:341} INFO - ::group::Post task execution logs
[2025-06-27T16:58:09.691+0000] {taskinstance.py:353} INFO - Marking task as SUCCESS. dag_id=example_bash_operator, task_id=runme_2, run_id=scheduled__2025-06-26T00:00:00+00:00, execution_date=20250626T000000, start_date=20250627T165807, end_date=20250627T165809
[2025-06-27T16:58:09.731+0000] {logging_mixin.py:190} INFO - Task instance in success state
[2025-06-27T16:58:09.735+0000] {logging_mixin.py:190} INFO -  Previous state of the Task instance: running
[2025-06-27T16:58:09.736+0000] {logging_mixin.py:190} INFO - Dag name:example_bash_operator queued_at:2025-06-27 16:57:56.096870+00:00
[2025-06-27T16:58:09.736+0000] {logging_mixin.py:190} INFO - Task hostname:a5c304807a12 operator:BashOperator
[2025-06-27T16:58:09.770+0000] {local_task_job_runner.py:266} INFO - Task exited with return code 0
[2025-06-27T16:58:09.821+0000] {taskinstance.py:3901} INFO - 0 downstream tasks scheduled from follow-on schedule check
[2025-06-27T16:58:09.825+0000] {local_task_job_runner.py:245} INFO - ::endgroup::
