[2025-06-27T16:58:04.145+0000] {local_task_job_runner.py:123} INFO - ::group::Pre task execution logs
[2025-06-27T16:58:04.176+0000] {taskinstance.py:2614} INFO - Dependencies all met for dep_context=non-requeueable deps ti=<TaskInstance: dataset_with_extra_from_classic_operator.dataset_with_extra_from_classic_operator scheduled__2025-06-22T00:00:00+00:00 [queued]>
[2025-06-27T16:58:04.200+0000] {taskinstance.py:2614} INFO - Dependencies all met for dep_context=requeueable deps ti=<TaskInstance: dataset_with_extra_from_classic_operator.dataset_with_extra_from_classic_operator scheduled__2025-06-22T00:00:00+00:00 [queued]>
[2025-06-27T16:58:04.201+0000] {taskinstance.py:2867} INFO - Starting attempt 1 of 1
[2025-06-27T16:58:04.545+0000] {taskinstance.py:2890} INFO - Executing <Task(BashOperator): dataset_with_extra_from_classic_operator> on 2025-06-22 00:00:00+00:00
[2025-06-27T16:58:04.563+0000] {warnings.py:112} WARNING - /home/***/.local/lib/python3.12/site-packages/***/task/task_runner/standard_task_runner.py:70: DeprecationWarning: This process (pid=169) is multi-threaded, use of fork() may lead to deadlocks in the child.
  pid = os.fork()

[2025-06-27T16:58:04.566+0000] {standard_task_runner.py:72} INFO - Started process 202 to run task
[2025-06-27T16:58:04.566+0000] {standard_task_runner.py:104} INFO - Running: ['***', 'tasks', 'run', 'dataset_with_extra_from_classic_operator', 'dataset_with_extra_from_classic_operator', 'scheduled__2025-06-22T00:00:00+00:00', '--job-id', '89', '--raw', '--subdir', '/home/***/.local/lib/python3.12/site-packages/***/example_dags/example_outlet_event_extra.py', '--cfg-path', '/tmp/tmpgzs5a09q']
[2025-06-27T16:58:04.569+0000] {standard_task_runner.py:105} INFO - Job 89: Subtask dataset_with_extra_from_classic_operator
[2025-06-27T16:58:04.692+0000] {task_command.py:467} INFO - Running <TaskInstance: dataset_with_extra_from_classic_operator.dataset_with_extra_from_classic_operator scheduled__2025-06-22T00:00:00+00:00 [running]> on host a5c304807a12
[2025-06-27T16:58:04.900+0000] {taskinstance.py:3134} INFO - Exporting env vars: AIRFLOW_CTX_DAG_OWNER='***' AIRFLOW_CTX_DAG_ID='dataset_with_extra_from_classic_operator' AIRFLOW_CTX_TASK_ID='dataset_with_extra_from_classic_operator' AIRFLOW_CTX_EXECUTION_DATE='2025-06-22T00:00:00+00:00' AIRFLOW_CTX_TRY_NUMBER='1' AIRFLOW_CTX_DAG_RUN_ID='scheduled__2025-06-22T00:00:00+00:00'
[2025-06-27T16:58:04.909+0000] {logging_mixin.py:190} INFO - Task instance is in running state
[2025-06-27T16:58:04.910+0000] {logging_mixin.py:190} INFO -  Previous state of the Task instance: queued
[2025-06-27T16:58:04.911+0000] {logging_mixin.py:190} INFO - Current task name:dataset_with_extra_from_classic_operator state:running start_date:2025-06-27 16:58:04.179081+00:00
[2025-06-27T16:58:04.912+0000] {logging_mixin.py:190} INFO - Dag name:dataset_with_extra_from_classic_operator and current dag run status:running
[2025-06-27T16:58:04.915+0000] {taskinstance.py:732} INFO - ::endgroup::
[2025-06-27T16:58:04.916+0000] {subprocess.py:78} INFO - Tmp dir root location: /tmp
[2025-06-27T16:58:04.918+0000] {subprocess.py:88} INFO - Running command: ['/usr/bin/bash', '-c', ':']
[2025-06-27T16:58:04.950+0000] {subprocess.py:99} INFO - Output:
[2025-06-27T16:58:04.953+0000] {subprocess.py:110} INFO - Command exited with return code 0
[2025-06-27T16:58:05.028+0000] {taskinstance.py:341} INFO - ::group::Post task execution logs
[2025-06-27T16:58:05.029+0000] {taskinstance.py:353} INFO - Marking task as SUCCESS. dag_id=dataset_with_extra_from_classic_operator, task_id=dataset_with_extra_from_classic_operator, run_id=scheduled__2025-06-22T00:00:00+00:00, execution_date=20250622T000000, start_date=20250627T165804, end_date=20250627T165805
[2025-06-27T16:58:05.103+0000] {logging_mixin.py:190} INFO - Task instance in success state
[2025-06-27T16:58:05.107+0000] {logging_mixin.py:190} INFO -  Previous state of the Task instance: running
[2025-06-27T16:58:05.107+0000] {logging_mixin.py:190} INFO - Dag name:dataset_with_extra_from_classic_operator queued_at:2025-06-27 16:57:54.941682+00:00
[2025-06-27T16:58:05.108+0000] {logging_mixin.py:190} INFO - Task hostname:a5c304807a12 operator:BashOperator
[2025-06-27T16:58:05.163+0000] {local_task_job_runner.py:266} INFO - Task exited with return code 0
[2025-06-27T16:58:05.193+0000] {taskinstance.py:3901} INFO - 0 downstream tasks scheduled from follow-on schedule check
[2025-06-27T16:58:05.201+0000] {local_task_job_runner.py:245} INFO - ::endgroup::
