[2025-06-27T16:57:53.403+0000] {processor.py:186} INFO - Started process (PID=72) to work on /opt/airflow/dags/new_dag.py
[2025-06-27T16:57:53.404+0000] {processor.py:914} INFO - Processing file /opt/airflow/dags/new_dag.py for tasks to queue
[2025-06-27T16:57:53.407+0000] {logging_mixin.py:190} INFO - [2025-06-27T16:57:53.407+0000] {dagbag.py:588} INFO - Filling up the DagBag from /opt/airflow/dags/new_dag.py
[2025-06-27T16:57:53.435+0000] {processor.py:925} INFO - DAG(s) 'new_dag' retrieved from /opt/airflow/dags/new_dag.py
[2025-06-27T16:57:53.468+0000] {logging_mixin.py:190} INFO - [2025-06-27T16:57:53.468+0000] {dag.py:3239} INFO - Sync 1 DAGs
[2025-06-27T16:57:53.488+0000] {logging_mixin.py:190} INFO - [2025-06-27T16:57:53.488+0000] {dag.py:4180} INFO - Setting next_dagrun for new_dag to None, run_after=None
[2025-06-27T16:57:53.514+0000] {processor.py:208} INFO - Processing /opt/airflow/dags/new_dag.py took 0.118 seconds
[2025-06-27T16:58:23.903+0000] {processor.py:186} INFO - Started process (PID=242) to work on /opt/airflow/dags/new_dag.py
[2025-06-27T16:58:23.904+0000] {processor.py:914} INFO - Processing file /opt/airflow/dags/new_dag.py for tasks to queue
[2025-06-27T16:58:23.907+0000] {logging_mixin.py:190} INFO - [2025-06-27T16:58:23.906+0000] {dagbag.py:588} INFO - Filling up the DagBag from /opt/airflow/dags/new_dag.py
[2025-06-27T16:58:23.921+0000] {processor.py:925} INFO - DAG(s) 'new_dag' retrieved from /opt/airflow/dags/new_dag.py
[2025-06-27T16:58:23.939+0000] {logging_mixin.py:190} INFO - [2025-06-27T16:58:23.939+0000] {dag.py:3239} INFO - Sync 1 DAGs
[2025-06-27T16:58:23.954+0000] {logging_mixin.py:190} INFO - [2025-06-27T16:58:23.953+0000] {dag.py:4180} INFO - Setting next_dagrun for new_dag to None, run_after=None
[2025-06-27T16:58:23.987+0000] {processor.py:208} INFO - Processing /opt/airflow/dags/new_dag.py took 0.089 seconds
[2025-06-27T16:58:54.225+0000] {processor.py:186} INFO - Started process (PID=332) to work on /opt/airflow/dags/new_dag.py
[2025-06-27T16:58:54.226+0000] {processor.py:914} INFO - Processing file /opt/airflow/dags/new_dag.py for tasks to queue
[2025-06-27T16:58:54.229+0000] {logging_mixin.py:190} INFO - [2025-06-27T16:58:54.229+0000] {dagbag.py:588} INFO - Filling up the DagBag from /opt/airflow/dags/new_dag.py
[2025-06-27T16:58:54.246+0000] {processor.py:925} INFO - DAG(s) 'new_dag' retrieved from /opt/airflow/dags/new_dag.py
[2025-06-27T16:58:54.266+0000] {logging_mixin.py:190} INFO - [2025-06-27T16:58:54.266+0000] {dag.py:3239} INFO - Sync 1 DAGs
[2025-06-27T16:58:54.284+0000] {logging_mixin.py:190} INFO - [2025-06-27T16:58:54.283+0000] {dag.py:4180} INFO - Setting next_dagrun for new_dag to None, run_after=None
[2025-06-27T16:58:54.304+0000] {processor.py:208} INFO - Processing /opt/airflow/dags/new_dag.py took 0.086 seconds
[2025-06-27T16:59:24.596+0000] {processor.py:186} INFO - Started process (PID=401) to work on /opt/airflow/dags/new_dag.py
[2025-06-27T16:59:24.597+0000] {processor.py:914} INFO - Processing file /opt/airflow/dags/new_dag.py for tasks to queue
[2025-06-27T16:59:24.599+0000] {logging_mixin.py:190} INFO - [2025-06-27T16:59:24.599+0000] {dagbag.py:588} INFO - Filling up the DagBag from /opt/airflow/dags/new_dag.py
[2025-06-27T16:59:24.612+0000] {processor.py:925} INFO - DAG(s) 'new_dag' retrieved from /opt/airflow/dags/new_dag.py
[2025-06-27T16:59:24.628+0000] {logging_mixin.py:190} INFO - [2025-06-27T16:59:24.628+0000] {dag.py:3239} INFO - Sync 1 DAGs
[2025-06-27T16:59:24.641+0000] {logging_mixin.py:190} INFO - [2025-06-27T16:59:24.641+0000] {dag.py:4180} INFO - Setting next_dagrun for new_dag to None, run_after=None
[2025-06-27T16:59:24.667+0000] {processor.py:208} INFO - Processing /opt/airflow/dags/new_dag.py took 0.077 seconds
[2025-06-27T16:59:55.099+0000] {processor.py:186} INFO - Started process (PID=465) to work on /opt/airflow/dags/new_dag.py
[2025-06-27T16:59:55.099+0000] {processor.py:914} INFO - Processing file /opt/airflow/dags/new_dag.py for tasks to queue
[2025-06-27T16:59:55.102+0000] {logging_mixin.py:190} INFO - [2025-06-27T16:59:55.101+0000] {dagbag.py:588} INFO - Filling up the DagBag from /opt/airflow/dags/new_dag.py
[2025-06-27T16:59:55.114+0000] {processor.py:925} INFO - DAG(s) 'new_dag' retrieved from /opt/airflow/dags/new_dag.py
[2025-06-27T16:59:55.130+0000] {logging_mixin.py:190} INFO - [2025-06-27T16:59:55.130+0000] {dag.py:3239} INFO - Sync 1 DAGs
[2025-06-27T16:59:55.143+0000] {logging_mixin.py:190} INFO - [2025-06-27T16:59:55.143+0000] {dag.py:4180} INFO - Setting next_dagrun for new_dag to None, run_after=None
[2025-06-27T16:59:55.170+0000] {processor.py:208} INFO - Processing /opt/airflow/dags/new_dag.py took 0.076 seconds
[2025-06-27T17:00:25.415+0000] {processor.py:186} INFO - Started process (PID=535) to work on /opt/airflow/dags/new_dag.py
[2025-06-27T17:00:25.416+0000] {processor.py:914} INFO - Processing file /opt/airflow/dags/new_dag.py for tasks to queue
[2025-06-27T17:00:25.418+0000] {logging_mixin.py:190} INFO - [2025-06-27T17:00:25.417+0000] {dagbag.py:588} INFO - Filling up the DagBag from /opt/airflow/dags/new_dag.py
[2025-06-27T17:00:25.430+0000] {processor.py:925} INFO - DAG(s) 'new_dag' retrieved from /opt/airflow/dags/new_dag.py
[2025-06-27T17:00:25.446+0000] {logging_mixin.py:190} INFO - [2025-06-27T17:00:25.446+0000] {dag.py:3239} INFO - Sync 1 DAGs
[2025-06-27T17:00:25.459+0000] {logging_mixin.py:190} INFO - [2025-06-27T17:00:25.458+0000] {dag.py:4180} INFO - Setting next_dagrun for new_dag to None, run_after=None
[2025-06-27T17:00:25.478+0000] {processor.py:208} INFO - Processing /opt/airflow/dags/new_dag.py took 0.068 seconds
[2025-06-27T17:00:56.054+0000] {processor.py:186} INFO - Started process (PID=599) to work on /opt/airflow/dags/new_dag.py
[2025-06-27T17:00:56.055+0000] {processor.py:914} INFO - Processing file /opt/airflow/dags/new_dag.py for tasks to queue
[2025-06-27T17:00:56.057+0000] {logging_mixin.py:190} INFO - [2025-06-27T17:00:56.057+0000] {dagbag.py:588} INFO - Filling up the DagBag from /opt/airflow/dags/new_dag.py
[2025-06-27T17:00:56.074+0000] {processor.py:925} INFO - DAG(s) 'new_dag' retrieved from /opt/airflow/dags/new_dag.py
[2025-06-27T17:00:56.096+0000] {logging_mixin.py:190} INFO - [2025-06-27T17:00:56.096+0000] {dag.py:3239} INFO - Sync 1 DAGs
[2025-06-27T17:00:56.114+0000] {logging_mixin.py:190} INFO - [2025-06-27T17:00:56.114+0000] {dag.py:4180} INFO - Setting next_dagrun for new_dag to None, run_after=None
[2025-06-27T17:00:56.135+0000] {processor.py:208} INFO - Processing /opt/airflow/dags/new_dag.py took 0.087 seconds
[2025-06-27T17:01:26.558+0000] {processor.py:186} INFO - Started process (PID=668) to work on /opt/airflow/dags/new_dag.py
[2025-06-27T17:01:26.559+0000] {processor.py:914} INFO - Processing file /opt/airflow/dags/new_dag.py for tasks to queue
[2025-06-27T17:01:26.562+0000] {logging_mixin.py:190} INFO - [2025-06-27T17:01:26.562+0000] {dagbag.py:588} INFO - Filling up the DagBag from /opt/airflow/dags/new_dag.py
[2025-06-27T17:01:26.577+0000] {processor.py:925} INFO - DAG(s) 'new_dag' retrieved from /opt/airflow/dags/new_dag.py
[2025-06-27T17:01:26.596+0000] {logging_mixin.py:190} INFO - [2025-06-27T17:01:26.596+0000] {dag.py:3239} INFO - Sync 1 DAGs
[2025-06-27T17:01:26.611+0000] {logging_mixin.py:190} INFO - [2025-06-27T17:01:26.611+0000] {dag.py:4180} INFO - Setting next_dagrun for new_dag to None, run_after=None
[2025-06-27T17:01:26.632+0000] {processor.py:208} INFO - Processing /opt/airflow/dags/new_dag.py took 0.080 seconds
[2025-06-27T17:01:57.466+0000] {processor.py:186} INFO - Started process (PID=732) to work on /opt/airflow/dags/new_dag.py
[2025-06-27T17:01:57.467+0000] {processor.py:914} INFO - Processing file /opt/airflow/dags/new_dag.py for tasks to queue
[2025-06-27T17:01:57.469+0000] {logging_mixin.py:190} INFO - [2025-06-27T17:01:57.469+0000] {dagbag.py:588} INFO - Filling up the DagBag from /opt/airflow/dags/new_dag.py
[2025-06-27T17:01:57.483+0000] {processor.py:925} INFO - DAG(s) 'new_dag' retrieved from /opt/airflow/dags/new_dag.py
[2025-06-27T17:01:57.502+0000] {logging_mixin.py:190} INFO - [2025-06-27T17:01:57.501+0000] {dag.py:3239} INFO - Sync 1 DAGs
[2025-06-27T17:01:57.518+0000] {logging_mixin.py:190} INFO - [2025-06-27T17:01:57.518+0000] {dag.py:4180} INFO - Setting next_dagrun for new_dag to None, run_after=None
[2025-06-27T17:01:57.548+0000] {processor.py:208} INFO - Processing /opt/airflow/dags/new_dag.py took 0.088 seconds
[2025-06-27T17:02:27.928+0000] {processor.py:186} INFO - Started process (PID=802) to work on /opt/airflow/dags/new_dag.py
[2025-06-27T17:02:27.929+0000] {processor.py:914} INFO - Processing file /opt/airflow/dags/new_dag.py for tasks to queue
[2025-06-27T17:02:27.931+0000] {logging_mixin.py:190} INFO - [2025-06-27T17:02:27.930+0000] {dagbag.py:588} INFO - Filling up the DagBag from /opt/airflow/dags/new_dag.py
[2025-06-27T17:02:27.943+0000] {processor.py:925} INFO - DAG(s) 'new_dag' retrieved from /opt/airflow/dags/new_dag.py
[2025-06-27T17:02:27.960+0000] {logging_mixin.py:190} INFO - [2025-06-27T17:02:27.960+0000] {dag.py:3239} INFO - Sync 1 DAGs
[2025-06-27T17:02:27.972+0000] {logging_mixin.py:190} INFO - [2025-06-27T17:02:27.972+0000] {dag.py:4180} INFO - Setting next_dagrun for new_dag to None, run_after=None
[2025-06-27T17:02:27.990+0000] {processor.py:208} INFO - Processing /opt/airflow/dags/new_dag.py took 0.067 seconds
[2025-06-27T17:02:58.698+0000] {processor.py:186} INFO - Started process (PID=866) to work on /opt/airflow/dags/new_dag.py
[2025-06-27T17:02:58.699+0000] {processor.py:914} INFO - Processing file /opt/airflow/dags/new_dag.py for tasks to queue
[2025-06-27T17:02:58.701+0000] {logging_mixin.py:190} INFO - [2025-06-27T17:02:58.701+0000] {dagbag.py:588} INFO - Filling up the DagBag from /opt/airflow/dags/new_dag.py
[2025-06-27T17:02:58.714+0000] {processor.py:925} INFO - DAG(s) 'new_dag' retrieved from /opt/airflow/dags/new_dag.py
[2025-06-27T17:02:58.733+0000] {logging_mixin.py:190} INFO - [2025-06-27T17:02:58.732+0000] {dag.py:3239} INFO - Sync 1 DAGs
[2025-06-27T17:02:58.747+0000] {logging_mixin.py:190} INFO - [2025-06-27T17:02:58.747+0000] {dag.py:4180} INFO - Setting next_dagrun for new_dag to None, run_after=None
[2025-06-27T17:02:58.775+0000] {processor.py:208} INFO - Processing /opt/airflow/dags/new_dag.py took 0.082 seconds
[2025-06-27T17:03:29.203+0000] {processor.py:186} INFO - Started process (PID=935) to work on /opt/airflow/dags/new_dag.py
[2025-06-27T17:03:29.204+0000] {processor.py:914} INFO - Processing file /opt/airflow/dags/new_dag.py for tasks to queue
[2025-06-27T17:03:29.207+0000] {logging_mixin.py:190} INFO - [2025-06-27T17:03:29.206+0000] {dagbag.py:588} INFO - Filling up the DagBag from /opt/airflow/dags/new_dag.py
[2025-06-27T17:03:29.219+0000] {processor.py:925} INFO - DAG(s) 'new_dag' retrieved from /opt/airflow/dags/new_dag.py
[2025-06-27T17:03:29.236+0000] {logging_mixin.py:190} INFO - [2025-06-27T17:03:29.236+0000] {dag.py:3239} INFO - Sync 1 DAGs
[2025-06-27T17:03:29.249+0000] {logging_mixin.py:190} INFO - [2025-06-27T17:03:29.249+0000] {dag.py:4180} INFO - Setting next_dagrun for new_dag to None, run_after=None
[2025-06-27T17:03:29.267+0000] {processor.py:208} INFO - Processing /opt/airflow/dags/new_dag.py took 0.069 seconds
[2025-06-27T17:03:59.985+0000] {processor.py:186} INFO - Started process (PID=999) to work on /opt/airflow/dags/new_dag.py
[2025-06-27T17:03:59.986+0000] {processor.py:914} INFO - Processing file /opt/airflow/dags/new_dag.py for tasks to queue
[2025-06-27T17:03:59.988+0000] {logging_mixin.py:190} INFO - [2025-06-27T17:03:59.988+0000] {dagbag.py:588} INFO - Filling up the DagBag from /opt/airflow/dags/new_dag.py
[2025-06-27T17:04:00.002+0000] {processor.py:925} INFO - DAG(s) 'new_dag' retrieved from /opt/airflow/dags/new_dag.py
[2025-06-27T17:04:00.019+0000] {logging_mixin.py:190} INFO - [2025-06-27T17:04:00.019+0000] {dag.py:3239} INFO - Sync 1 DAGs
[2025-06-27T17:04:00.033+0000] {logging_mixin.py:190} INFO - [2025-06-27T17:04:00.033+0000] {dag.py:4180} INFO - Setting next_dagrun for new_dag to None, run_after=None
[2025-06-27T17:04:00.050+0000] {processor.py:208} INFO - Processing /opt/airflow/dags/new_dag.py took 0.071 seconds
[2025-06-27T17:04:30.109+0000] {processor.py:186} INFO - Started process (PID=1069) to work on /opt/airflow/dags/new_dag.py
[2025-06-27T17:04:30.110+0000] {processor.py:914} INFO - Processing file /opt/airflow/dags/new_dag.py for tasks to queue
[2025-06-27T17:04:30.112+0000] {logging_mixin.py:190} INFO - [2025-06-27T17:04:30.112+0000] {dagbag.py:588} INFO - Filling up the DagBag from /opt/airflow/dags/new_dag.py
[2025-06-27T17:04:30.125+0000] {processor.py:925} INFO - DAG(s) 'new_dag' retrieved from /opt/airflow/dags/new_dag.py
[2025-06-27T17:04:30.141+0000] {logging_mixin.py:190} INFO - [2025-06-27T17:04:30.141+0000] {dag.py:3239} INFO - Sync 1 DAGs
[2025-06-27T17:04:30.154+0000] {logging_mixin.py:190} INFO - [2025-06-27T17:04:30.153+0000] {dag.py:4180} INFO - Setting next_dagrun for new_dag to None, run_after=None
[2025-06-27T17:04:30.179+0000] {processor.py:208} INFO - Processing /opt/airflow/dags/new_dag.py took 0.076 seconds
[2025-06-27T17:05:01.057+0000] {processor.py:186} INFO - Started process (PID=1138) to work on /opt/airflow/dags/new_dag.py
[2025-06-27T17:05:01.061+0000] {processor.py:914} INFO - Processing file /opt/airflow/dags/new_dag.py for tasks to queue
[2025-06-27T17:05:01.064+0000] {logging_mixin.py:190} INFO - [2025-06-27T17:05:01.063+0000] {dagbag.py:588} INFO - Filling up the DagBag from /opt/airflow/dags/new_dag.py
[2025-06-27T17:05:01.078+0000] {processor.py:925} INFO - DAG(s) 'new_dag' retrieved from /opt/airflow/dags/new_dag.py
[2025-06-27T17:05:01.095+0000] {logging_mixin.py:190} INFO - [2025-06-27T17:05:01.095+0000] {dag.py:3239} INFO - Sync 1 DAGs
[2025-06-27T17:05:01.108+0000] {logging_mixin.py:190} INFO - [2025-06-27T17:05:01.108+0000] {dag.py:4180} INFO - Setting next_dagrun for new_dag to None, run_after=None
[2025-06-27T17:05:01.129+0000] {processor.py:208} INFO - Processing /opt/airflow/dags/new_dag.py took 0.077 seconds
[2025-06-27T17:05:31.709+0000] {processor.py:186} INFO - Started process (PID=1202) to work on /opt/airflow/dags/new_dag.py
[2025-06-27T17:05:31.710+0000] {processor.py:914} INFO - Processing file /opt/airflow/dags/new_dag.py for tasks to queue
[2025-06-27T17:05:31.712+0000] {logging_mixin.py:190} INFO - [2025-06-27T17:05:31.712+0000] {dagbag.py:588} INFO - Filling up the DagBag from /opt/airflow/dags/new_dag.py
[2025-06-27T17:05:31.725+0000] {processor.py:925} INFO - DAG(s) 'new_dag' retrieved from /opt/airflow/dags/new_dag.py
[2025-06-27T17:05:31.742+0000] {logging_mixin.py:190} INFO - [2025-06-27T17:05:31.742+0000] {dag.py:3239} INFO - Sync 1 DAGs
[2025-06-27T17:05:31.755+0000] {logging_mixin.py:190} INFO - [2025-06-27T17:05:31.755+0000] {dag.py:4180} INFO - Setting next_dagrun for new_dag to None, run_after=None
[2025-06-27T17:05:31.775+0000] {processor.py:208} INFO - Processing /opt/airflow/dags/new_dag.py took 0.071 seconds
[2025-06-27T17:06:01.924+0000] {processor.py:186} INFO - Started process (PID=1272) to work on /opt/airflow/dags/new_dag.py
[2025-06-27T17:06:01.925+0000] {processor.py:914} INFO - Processing file /opt/airflow/dags/new_dag.py for tasks to queue
[2025-06-27T17:06:01.929+0000] {logging_mixin.py:190} INFO - [2025-06-27T17:06:01.929+0000] {dagbag.py:588} INFO - Filling up the DagBag from /opt/airflow/dags/new_dag.py
[2025-06-27T17:06:01.948+0000] {processor.py:925} INFO - DAG(s) 'new_dag' retrieved from /opt/airflow/dags/new_dag.py
[2025-06-27T17:06:01.973+0000] {logging_mixin.py:190} INFO - [2025-06-27T17:06:01.972+0000] {dag.py:3239} INFO - Sync 1 DAGs
[2025-06-27T17:06:01.989+0000] {logging_mixin.py:190} INFO - [2025-06-27T17:06:01.989+0000] {dag.py:4180} INFO - Setting next_dagrun for new_dag to None, run_after=None
[2025-06-27T17:06:02.017+0000] {processor.py:208} INFO - Processing /opt/airflow/dags/new_dag.py took 0.102 seconds
[2025-06-27T17:06:32.231+0000] {processor.py:186} INFO - Started process (PID=1336) to work on /opt/airflow/dags/new_dag.py
[2025-06-27T17:06:32.232+0000] {processor.py:914} INFO - Processing file /opt/airflow/dags/new_dag.py for tasks to queue
[2025-06-27T17:06:32.234+0000] {logging_mixin.py:190} INFO - [2025-06-27T17:06:32.234+0000] {dagbag.py:588} INFO - Filling up the DagBag from /opt/airflow/dags/new_dag.py
[2025-06-27T17:06:32.247+0000] {processor.py:925} INFO - DAG(s) 'new_dag' retrieved from /opt/airflow/dags/new_dag.py
[2025-06-27T17:06:32.264+0000] {logging_mixin.py:190} INFO - [2025-06-27T17:06:32.264+0000] {dag.py:3239} INFO - Sync 1 DAGs
[2025-06-27T17:06:32.276+0000] {logging_mixin.py:190} INFO - [2025-06-27T17:06:32.276+0000] {dag.py:4180} INFO - Setting next_dagrun for new_dag to None, run_after=None
[2025-06-27T17:06:32.293+0000] {processor.py:208} INFO - Processing /opt/airflow/dags/new_dag.py took 0.067 seconds
[2025-06-27T17:07:03.151+0000] {processor.py:186} INFO - Started process (PID=1405) to work on /opt/airflow/dags/new_dag.py
[2025-06-27T17:07:03.151+0000] {processor.py:914} INFO - Processing file /opt/airflow/dags/new_dag.py for tasks to queue
[2025-06-27T17:07:03.154+0000] {logging_mixin.py:190} INFO - [2025-06-27T17:07:03.153+0000] {dagbag.py:588} INFO - Filling up the DagBag from /opt/airflow/dags/new_dag.py
[2025-06-27T17:07:03.167+0000] {processor.py:925} INFO - DAG(s) 'new_dag' retrieved from /opt/airflow/dags/new_dag.py
[2025-06-27T17:07:03.184+0000] {logging_mixin.py:190} INFO - [2025-06-27T17:07:03.183+0000] {dag.py:3239} INFO - Sync 1 DAGs
[2025-06-27T17:07:03.197+0000] {logging_mixin.py:190} INFO - [2025-06-27T17:07:03.196+0000] {dag.py:4180} INFO - Setting next_dagrun for new_dag to None, run_after=None
[2025-06-27T17:07:03.215+0000] {processor.py:208} INFO - Processing /opt/airflow/dags/new_dag.py took 0.070 seconds
[2025-06-27T17:07:34.051+0000] {processor.py:186} INFO - Started process (PID=1469) to work on /opt/airflow/dags/new_dag.py
[2025-06-27T17:07:34.052+0000] {processor.py:914} INFO - Processing file /opt/airflow/dags/new_dag.py for tasks to queue
[2025-06-27T17:07:34.055+0000] {logging_mixin.py:190} INFO - [2025-06-27T17:07:34.055+0000] {dagbag.py:588} INFO - Filling up the DagBag from /opt/airflow/dags/new_dag.py
[2025-06-27T17:07:34.068+0000] {processor.py:925} INFO - DAG(s) 'new_dag' retrieved from /opt/airflow/dags/new_dag.py
[2025-06-27T17:07:34.084+0000] {logging_mixin.py:190} INFO - [2025-06-27T17:07:34.084+0000] {dag.py:3239} INFO - Sync 1 DAGs
[2025-06-27T17:07:34.097+0000] {logging_mixin.py:190} INFO - [2025-06-27T17:07:34.097+0000] {dag.py:4180} INFO - Setting next_dagrun for new_dag to None, run_after=None
[2025-06-27T17:07:34.115+0000] {processor.py:208} INFO - Processing /opt/airflow/dags/new_dag.py took 0.069 seconds
[2025-06-27T17:08:04.210+0000] {processor.py:186} INFO - Started process (PID=1539) to work on /opt/airflow/dags/new_dag.py
[2025-06-27T17:08:04.211+0000] {processor.py:914} INFO - Processing file /opt/airflow/dags/new_dag.py for tasks to queue
[2025-06-27T17:08:04.213+0000] {logging_mixin.py:190} INFO - [2025-06-27T17:08:04.213+0000] {dagbag.py:588} INFO - Filling up the DagBag from /opt/airflow/dags/new_dag.py
[2025-06-27T17:08:04.227+0000] {processor.py:925} INFO - DAG(s) 'new_dag' retrieved from /opt/airflow/dags/new_dag.py
[2025-06-27T17:08:04.246+0000] {logging_mixin.py:190} INFO - [2025-06-27T17:08:04.246+0000] {dag.py:3239} INFO - Sync 1 DAGs
[2025-06-27T17:08:04.259+0000] {logging_mixin.py:190} INFO - [2025-06-27T17:08:04.259+0000] {dag.py:4180} INFO - Setting next_dagrun for new_dag to None, run_after=None
[2025-06-27T17:08:04.277+0000] {processor.py:208} INFO - Processing /opt/airflow/dags/new_dag.py took 0.073 seconds
[2025-06-27T17:08:34.639+0000] {processor.py:186} INFO - Started process (PID=1603) to work on /opt/airflow/dags/new_dag.py
[2025-06-27T17:08:34.640+0000] {processor.py:914} INFO - Processing file /opt/airflow/dags/new_dag.py for tasks to queue
[2025-06-27T17:08:34.642+0000] {logging_mixin.py:190} INFO - [2025-06-27T17:08:34.641+0000] {dagbag.py:588} INFO - Filling up the DagBag from /opt/airflow/dags/new_dag.py
[2025-06-27T17:08:34.655+0000] {processor.py:925} INFO - DAG(s) 'new_dag' retrieved from /opt/airflow/dags/new_dag.py
[2025-06-27T17:08:34.671+0000] {logging_mixin.py:190} INFO - [2025-06-27T17:08:34.671+0000] {dag.py:3239} INFO - Sync 1 DAGs
[2025-06-27T17:08:34.684+0000] {logging_mixin.py:190} INFO - [2025-06-27T17:08:34.684+0000] {dag.py:4180} INFO - Setting next_dagrun for new_dag to None, run_after=None
[2025-06-27T17:08:34.701+0000] {processor.py:208} INFO - Processing /opt/airflow/dags/new_dag.py took 0.068 seconds
[2025-06-27T17:09:05.293+0000] {processor.py:186} INFO - Started process (PID=1672) to work on /opt/airflow/dags/new_dag.py
[2025-06-27T17:09:05.295+0000] {processor.py:914} INFO - Processing file /opt/airflow/dags/new_dag.py for tasks to queue
[2025-06-27T17:09:05.298+0000] {logging_mixin.py:190} INFO - [2025-06-27T17:09:05.297+0000] {dagbag.py:588} INFO - Filling up the DagBag from /opt/airflow/dags/new_dag.py
[2025-06-27T17:09:05.316+0000] {processor.py:925} INFO - DAG(s) 'new_dag' retrieved from /opt/airflow/dags/new_dag.py
[2025-06-27T17:09:05.345+0000] {logging_mixin.py:190} INFO - [2025-06-27T17:09:05.345+0000] {dag.py:3239} INFO - Sync 1 DAGs
[2025-06-27T17:09:05.364+0000] {logging_mixin.py:190} INFO - [2025-06-27T17:09:05.364+0000] {dag.py:4180} INFO - Setting next_dagrun for new_dag to None, run_after=None
[2025-06-27T17:09:05.388+0000] {processor.py:208} INFO - Processing /opt/airflow/dags/new_dag.py took 0.101 seconds
[2025-06-27T17:09:35.788+0000] {processor.py:186} INFO - Started process (PID=1736) to work on /opt/airflow/dags/new_dag.py
[2025-06-27T17:09:35.789+0000] {processor.py:914} INFO - Processing file /opt/airflow/dags/new_dag.py for tasks to queue
[2025-06-27T17:09:35.792+0000] {logging_mixin.py:190} INFO - [2025-06-27T17:09:35.791+0000] {dagbag.py:588} INFO - Filling up the DagBag from /opt/airflow/dags/new_dag.py
[2025-06-27T17:09:35.805+0000] {processor.py:925} INFO - DAG(s) 'new_dag' retrieved from /opt/airflow/dags/new_dag.py
[2025-06-27T17:09:35.823+0000] {logging_mixin.py:190} INFO - [2025-06-27T17:09:35.823+0000] {dag.py:3239} INFO - Sync 1 DAGs
[2025-06-27T17:09:35.835+0000] {logging_mixin.py:190} INFO - [2025-06-27T17:09:35.835+0000] {dag.py:4180} INFO - Setting next_dagrun for new_dag to None, run_after=None
[2025-06-27T17:09:35.854+0000] {processor.py:208} INFO - Processing /opt/airflow/dags/new_dag.py took 0.071 seconds
[2025-06-27T17:10:06.330+0000] {processor.py:186} INFO - Started process (PID=1806) to work on /opt/airflow/dags/new_dag.py
[2025-06-27T17:10:06.331+0000] {processor.py:914} INFO - Processing file /opt/airflow/dags/new_dag.py for tasks to queue
[2025-06-27T17:10:06.334+0000] {logging_mixin.py:190} INFO - [2025-06-27T17:10:06.334+0000] {dagbag.py:588} INFO - Filling up the DagBag from /opt/airflow/dags/new_dag.py
[2025-06-27T17:10:06.349+0000] {processor.py:925} INFO - DAG(s) 'new_dag' retrieved from /opt/airflow/dags/new_dag.py
[2025-06-27T17:10:06.367+0000] {logging_mixin.py:190} INFO - [2025-06-27T17:10:06.367+0000] {dag.py:3239} INFO - Sync 1 DAGs
[2025-06-27T17:10:06.382+0000] {logging_mixin.py:190} INFO - [2025-06-27T17:10:06.381+0000] {dag.py:4180} INFO - Setting next_dagrun for new_dag to None, run_after=None
[2025-06-27T17:10:06.399+0000] {processor.py:208} INFO - Processing /opt/airflow/dags/new_dag.py took 0.075 seconds
[2025-06-27T17:10:36.853+0000] {processor.py:186} INFO - Started process (PID=1870) to work on /opt/airflow/dags/new_dag.py
[2025-06-27T17:10:36.854+0000] {processor.py:914} INFO - Processing file /opt/airflow/dags/new_dag.py for tasks to queue
[2025-06-27T17:10:36.857+0000] {logging_mixin.py:190} INFO - [2025-06-27T17:10:36.856+0000] {dagbag.py:588} INFO - Filling up the DagBag from /opt/airflow/dags/new_dag.py
[2025-06-27T17:10:36.872+0000] {processor.py:925} INFO - DAG(s) 'new_dag' retrieved from /opt/airflow/dags/new_dag.py
[2025-06-27T17:10:36.888+0000] {logging_mixin.py:190} INFO - [2025-06-27T17:10:36.888+0000] {dag.py:3239} INFO - Sync 1 DAGs
[2025-06-27T17:10:36.900+0000] {logging_mixin.py:190} INFO - [2025-06-27T17:10:36.900+0000] {dag.py:4180} INFO - Setting next_dagrun for new_dag to None, run_after=None
[2025-06-27T17:10:36.920+0000] {processor.py:208} INFO - Processing /opt/airflow/dags/new_dag.py took 0.072 seconds
[2025-06-27T17:11:07.015+0000] {processor.py:186} INFO - Started process (PID=1939) to work on /opt/airflow/dags/new_dag.py
[2025-06-27T17:11:07.016+0000] {processor.py:914} INFO - Processing file /opt/airflow/dags/new_dag.py for tasks to queue
[2025-06-27T17:11:07.019+0000] {logging_mixin.py:190} INFO - [2025-06-27T17:11:07.018+0000] {dagbag.py:588} INFO - Filling up the DagBag from /opt/airflow/dags/new_dag.py
[2025-06-27T17:11:07.036+0000] {processor.py:925} INFO - DAG(s) 'new_dag' retrieved from /opt/airflow/dags/new_dag.py
[2025-06-27T17:11:07.056+0000] {logging_mixin.py:190} INFO - [2025-06-27T17:11:07.055+0000] {dag.py:3239} INFO - Sync 1 DAGs
[2025-06-27T17:11:07.071+0000] {logging_mixin.py:190} INFO - [2025-06-27T17:11:07.071+0000] {dag.py:4180} INFO - Setting next_dagrun for new_dag to None, run_after=None
[2025-06-27T17:11:07.097+0000] {processor.py:208} INFO - Processing /opt/airflow/dags/new_dag.py took 0.088 seconds
[2025-06-27T17:11:37.156+0000] {processor.py:186} INFO - Started process (PID=2003) to work on /opt/airflow/dags/new_dag.py
[2025-06-27T17:11:37.157+0000] {processor.py:914} INFO - Processing file /opt/airflow/dags/new_dag.py for tasks to queue
[2025-06-27T17:11:37.159+0000] {logging_mixin.py:190} INFO - [2025-06-27T17:11:37.159+0000] {dagbag.py:588} INFO - Filling up the DagBag from /opt/airflow/dags/new_dag.py
[2025-06-27T17:11:37.173+0000] {processor.py:925} INFO - DAG(s) 'new_dag' retrieved from /opt/airflow/dags/new_dag.py
[2025-06-27T17:11:37.189+0000] {logging_mixin.py:190} INFO - [2025-06-27T17:11:37.189+0000] {dag.py:3239} INFO - Sync 1 DAGs
[2025-06-27T17:11:37.202+0000] {logging_mixin.py:190} INFO - [2025-06-27T17:11:37.202+0000] {dag.py:4180} INFO - Setting next_dagrun for new_dag to None, run_after=None
[2025-06-27T17:11:37.220+0000] {processor.py:208} INFO - Processing /opt/airflow/dags/new_dag.py took 0.069 seconds
[2025-06-27T17:12:07.643+0000] {processor.py:186} INFO - Started process (PID=2073) to work on /opt/airflow/dags/new_dag.py
[2025-06-27T17:12:07.644+0000] {processor.py:914} INFO - Processing file /opt/airflow/dags/new_dag.py for tasks to queue
[2025-06-27T17:12:07.647+0000] {logging_mixin.py:190} INFO - [2025-06-27T17:12:07.646+0000] {dagbag.py:588} INFO - Filling up the DagBag from /opt/airflow/dags/new_dag.py
[2025-06-27T17:12:07.661+0000] {processor.py:925} INFO - DAG(s) 'new_dag' retrieved from /opt/airflow/dags/new_dag.py
[2025-06-27T17:12:07.679+0000] {logging_mixin.py:190} INFO - [2025-06-27T17:12:07.679+0000] {dag.py:3239} INFO - Sync 1 DAGs
[2025-06-27T17:12:07.693+0000] {logging_mixin.py:190} INFO - [2025-06-27T17:12:07.693+0000] {dag.py:4180} INFO - Setting next_dagrun for new_dag to None, run_after=None
[2025-06-27T17:12:07.711+0000] {processor.py:208} INFO - Processing /opt/airflow/dags/new_dag.py took 0.074 seconds
[2025-06-27T17:12:37.877+0000] {processor.py:186} INFO - Started process (PID=2137) to work on /opt/airflow/dags/new_dag.py
[2025-06-27T17:12:37.878+0000] {processor.py:914} INFO - Processing file /opt/airflow/dags/new_dag.py for tasks to queue
[2025-06-27T17:12:37.881+0000] {logging_mixin.py:190} INFO - [2025-06-27T17:12:37.880+0000] {dagbag.py:588} INFO - Filling up the DagBag from /opt/airflow/dags/new_dag.py
[2025-06-27T17:12:37.896+0000] {processor.py:925} INFO - DAG(s) 'new_dag' retrieved from /opt/airflow/dags/new_dag.py
[2025-06-27T17:12:37.914+0000] {logging_mixin.py:190} INFO - [2025-06-27T17:12:37.914+0000] {dag.py:3239} INFO - Sync 1 DAGs
[2025-06-27T17:12:37.928+0000] {logging_mixin.py:190} INFO - [2025-06-27T17:12:37.928+0000] {dag.py:4180} INFO - Setting next_dagrun for new_dag to None, run_after=None
[2025-06-27T17:12:37.957+0000] {processor.py:208} INFO - Processing /opt/airflow/dags/new_dag.py took 0.086 seconds
[2025-06-27T17:13:08.554+0000] {processor.py:186} INFO - Started process (PID=2206) to work on /opt/airflow/dags/new_dag.py
[2025-06-27T17:13:08.555+0000] {processor.py:914} INFO - Processing file /opt/airflow/dags/new_dag.py for tasks to queue
[2025-06-27T17:13:08.557+0000] {logging_mixin.py:190} INFO - [2025-06-27T17:13:08.556+0000] {dagbag.py:588} INFO - Filling up the DagBag from /opt/airflow/dags/new_dag.py
[2025-06-27T17:13:08.570+0000] {processor.py:925} INFO - DAG(s) 'new_dag' retrieved from /opt/airflow/dags/new_dag.py
[2025-06-27T17:13:08.587+0000] {logging_mixin.py:190} INFO - [2025-06-27T17:13:08.586+0000] {dag.py:3239} INFO - Sync 1 DAGs
[2025-06-27T17:13:08.599+0000] {logging_mixin.py:190} INFO - [2025-06-27T17:13:08.599+0000] {dag.py:4180} INFO - Setting next_dagrun for new_dag to None, run_after=None
[2025-06-27T17:13:08.618+0000] {processor.py:208} INFO - Processing /opt/airflow/dags/new_dag.py took 0.069 seconds
[2025-06-27T17:13:39.435+0000] {processor.py:186} INFO - Started process (PID=2270) to work on /opt/airflow/dags/new_dag.py
[2025-06-27T17:13:39.436+0000] {processor.py:914} INFO - Processing file /opt/airflow/dags/new_dag.py for tasks to queue
[2025-06-27T17:13:39.439+0000] {logging_mixin.py:190} INFO - [2025-06-27T17:13:39.438+0000] {dagbag.py:588} INFO - Filling up the DagBag from /opt/airflow/dags/new_dag.py
[2025-06-27T17:13:39.452+0000] {processor.py:925} INFO - DAG(s) 'new_dag' retrieved from /opt/airflow/dags/new_dag.py
[2025-06-27T17:13:39.468+0000] {logging_mixin.py:190} INFO - [2025-06-27T17:13:39.468+0000] {dag.py:3239} INFO - Sync 1 DAGs
[2025-06-27T17:13:39.482+0000] {logging_mixin.py:190} INFO - [2025-06-27T17:13:39.482+0000] {dag.py:4180} INFO - Setting next_dagrun for new_dag to None, run_after=None
[2025-06-27T17:13:39.500+0000] {processor.py:208} INFO - Processing /opt/airflow/dags/new_dag.py took 0.070 seconds
[2025-06-27T17:14:09.976+0000] {processor.py:186} INFO - Started process (PID=2340) to work on /opt/airflow/dags/new_dag.py
[2025-06-27T17:14:09.977+0000] {processor.py:914} INFO - Processing file /opt/airflow/dags/new_dag.py for tasks to queue
[2025-06-27T17:14:09.979+0000] {logging_mixin.py:190} INFO - [2025-06-27T17:14:09.979+0000] {dagbag.py:588} INFO - Filling up the DagBag from /opt/airflow/dags/new_dag.py
[2025-06-27T17:14:09.994+0000] {processor.py:925} INFO - DAG(s) 'new_dag' retrieved from /opt/airflow/dags/new_dag.py
[2025-06-27T17:14:10.010+0000] {logging_mixin.py:190} INFO - [2025-06-27T17:14:10.010+0000] {dag.py:3239} INFO - Sync 1 DAGs
[2025-06-27T17:14:10.023+0000] {logging_mixin.py:190} INFO - [2025-06-27T17:14:10.022+0000] {dag.py:4180} INFO - Setting next_dagrun for new_dag to None, run_after=None
[2025-06-27T17:14:10.043+0000] {processor.py:208} INFO - Processing /opt/airflow/dags/new_dag.py took 0.072 seconds
[2025-06-27T17:14:40.590+0000] {processor.py:186} INFO - Started process (PID=2404) to work on /opt/airflow/dags/new_dag.py
[2025-06-27T17:14:40.590+0000] {processor.py:914} INFO - Processing file /opt/airflow/dags/new_dag.py for tasks to queue
[2025-06-27T17:14:40.593+0000] {logging_mixin.py:190} INFO - [2025-06-27T17:14:40.592+0000] {dagbag.py:588} INFO - Filling up the DagBag from /opt/airflow/dags/new_dag.py
[2025-06-27T17:14:40.607+0000] {processor.py:925} INFO - DAG(s) 'new_dag' retrieved from /opt/airflow/dags/new_dag.py
[2025-06-27T17:14:40.627+0000] {logging_mixin.py:190} INFO - [2025-06-27T17:14:40.627+0000] {dag.py:3239} INFO - Sync 1 DAGs
[2025-06-27T17:14:40.642+0000] {logging_mixin.py:190} INFO - [2025-06-27T17:14:40.642+0000] {dag.py:4180} INFO - Setting next_dagrun for new_dag to None, run_after=None
[2025-06-27T17:14:40.661+0000] {processor.py:208} INFO - Processing /opt/airflow/dags/new_dag.py took 0.077 seconds
[2025-06-27T17:15:11.200+0000] {processor.py:186} INFO - Started process (PID=2473) to work on /opt/airflow/dags/new_dag.py
[2025-06-27T17:15:11.201+0000] {processor.py:914} INFO - Processing file /opt/airflow/dags/new_dag.py for tasks to queue
[2025-06-27T17:15:11.203+0000] {logging_mixin.py:190} INFO - [2025-06-27T17:15:11.202+0000] {dagbag.py:588} INFO - Filling up the DagBag from /opt/airflow/dags/new_dag.py
[2025-06-27T17:15:11.216+0000] {processor.py:925} INFO - DAG(s) 'new_dag' retrieved from /opt/airflow/dags/new_dag.py
[2025-06-27T17:15:11.233+0000] {logging_mixin.py:190} INFO - [2025-06-27T17:15:11.232+0000] {dag.py:3239} INFO - Sync 1 DAGs
[2025-06-27T17:15:11.246+0000] {logging_mixin.py:190} INFO - [2025-06-27T17:15:11.246+0000] {dag.py:4180} INFO - Setting next_dagrun for new_dag to None, run_after=None
[2025-06-27T17:15:11.268+0000] {processor.py:208} INFO - Processing /opt/airflow/dags/new_dag.py took 0.074 seconds
[2025-06-27T17:15:42.072+0000] {processor.py:186} INFO - Started process (PID=2537) to work on /opt/airflow/dags/new_dag.py
[2025-06-27T17:15:42.073+0000] {processor.py:914} INFO - Processing file /opt/airflow/dags/new_dag.py for tasks to queue
[2025-06-27T17:15:42.075+0000] {logging_mixin.py:190} INFO - [2025-06-27T17:15:42.074+0000] {dagbag.py:588} INFO - Filling up the DagBag from /opt/airflow/dags/new_dag.py
[2025-06-27T17:15:42.088+0000] {processor.py:925} INFO - DAG(s) 'new_dag' retrieved from /opt/airflow/dags/new_dag.py
[2025-06-27T17:15:42.103+0000] {logging_mixin.py:190} INFO - [2025-06-27T17:15:42.103+0000] {dag.py:3239} INFO - Sync 1 DAGs
[2025-06-27T17:15:42.116+0000] {logging_mixin.py:190} INFO - [2025-06-27T17:15:42.116+0000] {dag.py:4180} INFO - Setting next_dagrun for new_dag to None, run_after=None
[2025-06-27T17:15:42.133+0000] {processor.py:208} INFO - Processing /opt/airflow/dags/new_dag.py took 0.067 seconds
[2025-06-27T17:16:12.320+0000] {processor.py:186} INFO - Started process (PID=2607) to work on /opt/airflow/dags/new_dag.py
[2025-06-27T17:16:12.321+0000] {processor.py:914} INFO - Processing file /opt/airflow/dags/new_dag.py for tasks to queue
[2025-06-27T17:16:12.324+0000] {logging_mixin.py:190} INFO - [2025-06-27T17:16:12.323+0000] {dagbag.py:588} INFO - Filling up the DagBag from /opt/airflow/dags/new_dag.py
[2025-06-27T17:16:12.340+0000] {processor.py:925} INFO - DAG(s) 'new_dag' retrieved from /opt/airflow/dags/new_dag.py
[2025-06-27T17:16:12.357+0000] {logging_mixin.py:190} INFO - [2025-06-27T17:16:12.357+0000] {dag.py:3239} INFO - Sync 1 DAGs
[2025-06-27T17:16:12.370+0000] {logging_mixin.py:190} INFO - [2025-06-27T17:16:12.370+0000] {dag.py:4180} INFO - Setting next_dagrun for new_dag to None, run_after=None
[2025-06-27T17:16:12.388+0000] {processor.py:208} INFO - Processing /opt/airflow/dags/new_dag.py took 0.074 seconds
[2025-06-27T17:16:42.967+0000] {processor.py:186} INFO - Started process (PID=2671) to work on /opt/airflow/dags/new_dag.py
[2025-06-27T17:16:42.968+0000] {processor.py:914} INFO - Processing file /opt/airflow/dags/new_dag.py for tasks to queue
[2025-06-27T17:16:42.970+0000] {logging_mixin.py:190} INFO - [2025-06-27T17:16:42.969+0000] {dagbag.py:588} INFO - Filling up the DagBag from /opt/airflow/dags/new_dag.py
[2025-06-27T17:16:42.983+0000] {processor.py:925} INFO - DAG(s) 'new_dag' retrieved from /opt/airflow/dags/new_dag.py
[2025-06-27T17:16:43.000+0000] {logging_mixin.py:190} INFO - [2025-06-27T17:16:43.000+0000] {dag.py:3239} INFO - Sync 1 DAGs
[2025-06-27T17:16:43.012+0000] {logging_mixin.py:190} INFO - [2025-06-27T17:16:43.012+0000] {dag.py:4180} INFO - Setting next_dagrun for new_dag to None, run_after=None
[2025-06-27T17:16:43.030+0000] {processor.py:208} INFO - Processing /opt/airflow/dags/new_dag.py took 0.069 seconds
