[2025-06-27T16:58:15.319+0000] {local_task_job_runner.py:123} INFO - ::group::Pre task execution logs
[2025-06-27T16:58:15.345+0000] {taskinstance.py:2614} INFO - Dependencies all met for dep_context=non-requeueable deps ti=<TaskInstance: tutorial.templated scheduled__2025-06-26T00:00:00+00:00 [queued]>
[2025-06-27T16:58:15.363+0000] {taskinstance.py:2614} INFO - Dependencies all met for dep_context=requeueable deps ti=<TaskInstance: tutorial.templated scheduled__2025-06-26T00:00:00+00:00 [queued]>
[2025-06-27T16:58:15.364+0000] {taskinstance.py:2867} INFO - Starting attempt 1 of 2
[2025-06-27T16:58:15.837+0000] {taskinstance.py:2890} INFO - Executing <Task(BashOperator): templated> on 2025-06-26 00:00:00+00:00
[2025-06-27T16:58:15.848+0000] {warnings.py:112} WARNING - /home/***/.local/lib/python3.12/site-packages/***/task/task_runner/standard_task_runner.py:70: DeprecationWarning: This process (pid=347) is multi-threaded, use of fork() may lead to deadlocks in the child.
  pid = os.fork()

[2025-06-27T16:58:15.850+0000] {standard_task_runner.py:72} INFO - Started process 389 to run task
[2025-06-27T16:58:15.851+0000] {standard_task_runner.py:104} INFO - Running: ['***', 'tasks', 'run', 'tutorial', 'templated', 'scheduled__2025-06-26T00:00:00+00:00', '--job-id', '133', '--raw', '--subdir', '/home/***/.local/lib/python3.12/site-packages/***/example_dags/tutorial.py', '--cfg-path', '/tmp/tmp_lv_duqp']
[2025-06-27T16:58:15.853+0000] {standard_task_runner.py:105} INFO - Job 133: Subtask templated
[2025-06-27T16:58:15.928+0000] {task_command.py:467} INFO - Running <TaskInstance: tutorial.templated scheduled__2025-06-26T00:00:00+00:00 [running]> on host a5c304807a12
[2025-06-27T16:58:16.053+0000] {taskinstance.py:3134} INFO - Exporting env vars: AIRFLOW_CTX_DAG_EMAIL='***@example.com' AIRFLOW_CTX_DAG_OWNER='***' AIRFLOW_CTX_DAG_ID='tutorial' AIRFLOW_CTX_TASK_ID='templated' AIRFLOW_CTX_EXECUTION_DATE='2025-06-26T00:00:00+00:00' AIRFLOW_CTX_TRY_NUMBER='1' AIRFLOW_CTX_DAG_RUN_ID='scheduled__2025-06-26T00:00:00+00:00'
[2025-06-27T16:58:16.058+0000] {logging_mixin.py:190} INFO - Task instance is in running state
[2025-06-27T16:58:16.058+0000] {logging_mixin.py:190} INFO -  Previous state of the Task instance: queued
[2025-06-27T16:58:16.059+0000] {logging_mixin.py:190} INFO - Current task name:templated state:running start_date:2025-06-27 16:58:15.347258+00:00
[2025-06-27T16:58:16.059+0000] {logging_mixin.py:190} INFO - Dag name:tutorial and current dag run status:running
[2025-06-27T16:58:16.060+0000] {taskinstance.py:732} INFO - ::endgroup::
[2025-06-27T16:58:16.061+0000] {subprocess.py:78} INFO - Tmp dir root location: /tmp
[2025-06-27T16:58:16.062+0000] {subprocess.py:88} INFO - Running command: ['/usr/bin/bash', '-c', '\n\n    echo "2025-06-26"\n    echo "2025-07-03"\n\n    echo "2025-06-26"\n    echo "2025-07-03"\n\n    echo "2025-06-26"\n    echo "2025-07-03"\n\n    echo "2025-06-26"\n    echo "2025-07-03"\n\n    echo "2025-06-26"\n    echo "2025-07-03"\n']
[2025-06-27T16:58:16.080+0000] {subprocess.py:99} INFO - Output:
[2025-06-27T16:58:16.082+0000] {subprocess.py:106} INFO - 2025-06-26
[2025-06-27T16:58:16.083+0000] {subprocess.py:106} INFO - 2025-07-03
[2025-06-27T16:58:16.083+0000] {subprocess.py:106} INFO - 2025-06-26
[2025-06-27T16:58:16.084+0000] {subprocess.py:106} INFO - 2025-07-03
[2025-06-27T16:58:16.084+0000] {subprocess.py:106} INFO - 2025-06-26
[2025-06-27T16:58:16.085+0000] {subprocess.py:106} INFO - 2025-07-03
[2025-06-27T16:58:16.085+0000] {subprocess.py:106} INFO - 2025-06-26
[2025-06-27T16:58:16.086+0000] {subprocess.py:106} INFO - 2025-07-03
[2025-06-27T16:58:16.086+0000] {subprocess.py:106} INFO - 2025-06-26
[2025-06-27T16:58:16.086+0000] {subprocess.py:106} INFO - 2025-07-03
[2025-06-27T16:58:16.087+0000] {subprocess.py:110} INFO - Command exited with return code 0
[2025-06-27T16:58:16.120+0000] {taskinstance.py:341} INFO - ::group::Post task execution logs
[2025-06-27T16:58:16.121+0000] {taskinstance.py:353} INFO - Marking task as SUCCESS. dag_id=tutorial, task_id=templated, run_id=scheduled__2025-06-26T00:00:00+00:00, execution_date=20250626T000000, start_date=20250627T165815, end_date=20250627T165816
[2025-06-27T16:58:16.151+0000] {logging_mixin.py:190} INFO - Task instance in success state
[2025-06-27T16:58:16.152+0000] {logging_mixin.py:190} INFO -  Previous state of the Task instance: running
[2025-06-27T16:58:16.153+0000] {logging_mixin.py:190} INFO - Dag name:tutorial queued_at:2025-06-27 16:57:55.528666+00:00
[2025-06-27T16:58:16.154+0000] {logging_mixin.py:190} INFO - Task hostname:a5c304807a12 operator:BashOperator
[2025-06-27T16:58:16.186+0000] {local_task_job_runner.py:266} INFO - Task exited with return code 0
[2025-06-27T16:58:16.207+0000] {taskinstance.py:3901} INFO - 0 downstream tasks scheduled from follow-on schedule check
[2025-06-27T16:58:16.211+0000] {local_task_job_runner.py:245} INFO - ::endgroup::
