[2025-06-27T16:58:26.451+0000] {local_task_job_runner.py:123} INFO - ::group::Pre task execution logs
[2025-06-27T16:58:26.477+0000] {taskinstance.py:2614} INFO - Dependencies all met for dep_context=non-requeueable deps ti=<TaskInstance: example_branch_operator.ext_py_b scheduled__2025-06-26T00:00:00+00:00 [queued]>
[2025-06-27T16:58:26.685+0000] {taskinstance.py:2614} INFO - Dependencies all met for dep_context=requeueable deps ti=<TaskInstance: example_branch_operator.ext_py_b scheduled__2025-06-26T00:00:00+00:00 [queued]>
[2025-06-27T16:58:26.686+0000] {taskinstance.py:2867} INFO - Starting attempt 1 of 1
[2025-06-27T16:58:26.702+0000] {taskinstance.py:2890} INFO - Executing <Task(ExternalPythonOperator): ext_py_b> on 2025-06-26 00:00:00+00:00
[2025-06-27T16:58:26.711+0000] {warnings.py:112} WARNING - /home/***/.local/lib/python3.12/site-packages/***/task/task_runner/standard_task_runner.py:70: DeprecationWarning: This process (pid=523) is multi-threaded, use of fork() may lead to deadlocks in the child.
  pid = os.fork()

[2025-06-27T16:58:26.713+0000] {standard_task_runner.py:72} INFO - Started process 536 to run task
[2025-06-27T16:58:26.713+0000] {standard_task_runner.py:104} INFO - Running: ['***', 'tasks', 'run', 'example_branch_operator', 'ext_py_b', 'scheduled__2025-06-26T00:00:00+00:00', '--job-id', '152', '--raw', '--subdir', '/home/***/.local/lib/python3.12/site-packages/***/example_dags/example_branch_operator.py', '--cfg-path', '/tmp/tmptdjp48v7']
[2025-06-27T16:58:26.714+0000] {standard_task_runner.py:105} INFO - Job 152: Subtask ext_py_b
[2025-06-27T16:58:26.777+0000] {task_command.py:467} INFO - Running <TaskInstance: example_branch_operator.ext_py_b scheduled__2025-06-26T00:00:00+00:00 [running]> on host a5c304807a12
[2025-06-27T16:58:26.892+0000] {taskinstance.py:3134} INFO - Exporting env vars: AIRFLOW_CTX_DAG_OWNER='***' AIRFLOW_CTX_DAG_ID='example_branch_operator' AIRFLOW_CTX_TASK_ID='ext_py_b' AIRFLOW_CTX_EXECUTION_DATE='2025-06-26T00:00:00+00:00' AIRFLOW_CTX_TRY_NUMBER='1' AIRFLOW_CTX_DAG_RUN_ID='scheduled__2025-06-26T00:00:00+00:00'
[2025-06-27T16:58:26.894+0000] {logging_mixin.py:190} INFO - Task instance is in running state
[2025-06-27T16:58:26.894+0000] {logging_mixin.py:190} INFO -  Previous state of the Task instance: queued
[2025-06-27T16:58:26.895+0000] {logging_mixin.py:190} INFO - Current task name:ext_py_b state:running start_date:2025-06-27 16:58:26.477925+00:00
[2025-06-27T16:58:26.895+0000] {logging_mixin.py:190} INFO - Dag name:example_branch_operator and current dag run status:running
[2025-06-27T16:58:26.896+0000] {taskinstance.py:732} INFO - ::endgroup::
[2025-06-27T16:58:27.295+0000] {baseoperator.py:423} WARNING - ExternalPythonOperator.execute cannot be called outside TaskInstance!
[2025-06-27T16:58:27.335+0000] {process_utils.py:186} INFO - Executing cmd: /home/***/.local/bin/python /tmp/venv-calli5jzzcek/script.py /tmp/venv-calli5jzzcek/script.in /tmp/venv-calli5jzzcek/script.out /tmp/venv-calli5jzzcek/string_args.txt /tmp/venv-calli5jzzcek/termination.log
[2025-06-27T16:58:27.338+0000] {process_utils.py:190} INFO - Output:
[2025-06-27T16:58:29.880+0000] {process_utils.py:194} INFO - Hello World from external Python
[2025-06-27T16:58:30.257+0000] {python.py:240} INFO - Done. Returned value was: None
[2025-06-27T16:58:30.268+0000] {taskinstance.py:341} INFO - ::group::Post task execution logs
[2025-06-27T16:58:30.269+0000] {taskinstance.py:353} INFO - Marking task as SUCCESS. dag_id=example_branch_operator, task_id=ext_py_b, run_id=scheduled__2025-06-26T00:00:00+00:00, execution_date=20250626T000000, start_date=20250627T165826, end_date=20250627T165830
[2025-06-27T16:58:30.295+0000] {logging_mixin.py:190} INFO - Task instance in success state
[2025-06-27T16:58:30.296+0000] {logging_mixin.py:190} INFO -  Previous state of the Task instance: running
[2025-06-27T16:58:30.296+0000] {logging_mixin.py:190} INFO - Dag name:example_branch_operator queued_at:2025-06-27 16:57:56.078071+00:00
[2025-06-27T16:58:30.296+0000] {logging_mixin.py:190} INFO - Task hostname:a5c304807a12 operator:ExternalPythonOperator
[2025-06-27T16:58:30.306+0000] {local_task_job_runner.py:266} INFO - Task exited with return code 0
[2025-06-27T16:58:30.332+0000] {taskinstance.py:3901} INFO - 0 downstream tasks scheduled from follow-on schedule check
[2025-06-27T16:58:30.335+0000] {local_task_job_runner.py:245} INFO - ::endgroup::
