[2025-06-27T16:58:04.005+0000] {local_task_job_runner.py:123} INFO - ::group::Pre task execution logs
[2025-06-27T16:58:04.030+0000] {taskinstance.py:2614} INFO - Dependencies all met for dep_context=non-requeueable deps ti=<TaskInstance: example_skip_dag.skip_operator_2 scheduled__2025-06-22T00:00:00+00:00 [queued]>
[2025-06-27T16:58:04.047+0000] {taskinstance.py:2614} INFO - Dependencies all met for dep_context=requeueable deps ti=<TaskInstance: example_skip_dag.skip_operator_2 scheduled__2025-06-22T00:00:00+00:00 [queued]>
[2025-06-27T16:58:04.048+0000] {taskinstance.py:2867} INFO - Starting attempt 1 of 1
[2025-06-27T16:58:04.395+0000] {taskinstance.py:2890} INFO - Executing <Task(EmptySkipOperator): skip_operator_2> on 2025-06-22 00:00:00+00:00
[2025-06-27T16:58:04.413+0000] {warnings.py:112} WARNING - /home/***/.local/lib/python3.12/site-packages/***/task/task_runner/standard_task_runner.py:70: DeprecationWarning: This process (pid=164) is multi-threaded, use of fork() may lead to deadlocks in the child.
  pid = os.fork()

[2025-06-27T16:58:04.418+0000] {standard_task_runner.py:72} INFO - Started process 196 to run task
[2025-06-27T16:58:04.423+0000] {standard_task_runner.py:104} INFO - Running: ['***', 'tasks', 'run', 'example_skip_dag', 'skip_operator_2', 'scheduled__2025-06-22T00:00:00+00:00', '--job-id', '86', '--raw', '--subdir', '/home/***/.local/lib/python3.12/site-packages/***/example_dags/example_skip_dag.py', '--cfg-path', '/tmp/tmpiqcn0wme']
[2025-06-27T16:58:04.426+0000] {standard_task_runner.py:105} INFO - Job 86: Subtask skip_operator_2
[2025-06-27T16:58:04.529+0000] {task_command.py:467} INFO - Running <TaskInstance: example_skip_dag.skip_operator_2 scheduled__2025-06-22T00:00:00+00:00 [running]> on host a5c304807a12
[2025-06-27T16:58:04.680+0000] {taskinstance.py:3134} INFO - Exporting env vars: AIRFLOW_CTX_DAG_OWNER='***' AIRFLOW_CTX_DAG_ID='example_skip_dag' AIRFLOW_CTX_TASK_ID='skip_operator_2' AIRFLOW_CTX_EXECUTION_DATE='2025-06-22T00:00:00+00:00' AIRFLOW_CTX_TRY_NUMBER='1' AIRFLOW_CTX_DAG_RUN_ID='scheduled__2025-06-22T00:00:00+00:00'
[2025-06-27T16:58:04.683+0000] {logging_mixin.py:190} INFO - Task instance is in running state
[2025-06-27T16:58:04.686+0000] {logging_mixin.py:190} INFO -  Previous state of the Task instance: queued
[2025-06-27T16:58:04.687+0000] {logging_mixin.py:190} INFO - Current task name:skip_operator_2 state:running start_date:2025-06-27 16:58:04.031042+00:00
[2025-06-27T16:58:04.687+0000] {logging_mixin.py:190} INFO - Dag name:example_skip_dag and current dag run status:running
[2025-06-27T16:58:04.688+0000] {taskinstance.py:732} INFO - ::endgroup::
[2025-06-27T16:58:04.760+0000] {taskinstance.py:341} INFO - ::group::Post task execution logs
[2025-06-27T16:58:04.770+0000] {taskinstance.py:353} INFO - Marking task as SKIPPED. dag_id=example_skip_dag, task_id=skip_operator_2, run_id=scheduled__2025-06-22T00:00:00+00:00, execution_date=20250622T000000, start_date=20250627T165804, end_date=20250627T165804
[2025-06-27T16:58:04.928+0000] {local_task_job_runner.py:266} INFO - Task exited with return code 0
[2025-06-27T16:58:04.980+0000] {taskinstance.py:3901} INFO - 0 downstream tasks scheduled from follow-on schedule check
[2025-06-27T16:58:04.986+0000] {local_task_job_runner.py:245} INFO - ::endgroup::
