[2025-06-22T12:22:51.714+0000] {local_task_job_runner.py:123} INFO - ::group::Pre task execution logs
[2025-06-22T12:22:51.744+0000] {taskinstance.py:2614} INFO - Dependencies all met for dep_context=non-requeueable deps ti=<TaskInstance: latest_only_with_trigger.latest_only scheduled__2025-06-22T08:00:00+00:00 [queued]>
[2025-06-22T12:22:51.760+0000] {taskinstance.py:2614} INFO - Dependencies all met for dep_context=requeueable deps ti=<TaskInstance: latest_only_with_trigger.latest_only scheduled__2025-06-22T08:00:00+00:00 [queued]>
[2025-06-22T12:22:51.761+0000] {taskinstance.py:2867} INFO - Starting attempt 1 of 1
[2025-06-22T12:22:51.786+0000] {taskinstance.py:2890} INFO - Executing <Task(LatestOnlyOperator): latest_only> on 2025-06-22 08:00:00+00:00
[2025-06-22T12:22:51.800+0000] {warnings.py:112} WARNING - /home/***/.local/lib/python3.12/site-packages/***/task/task_runner/standard_task_runner.py:70: DeprecationWarning: This process (pid=235) is multi-threaded, use of fork() may lead to deadlocks in the child.
  pid = os.fork()

[2025-06-22T12:22:51.803+0000] {standard_task_runner.py:72} INFO - Started process 279 to run task
[2025-06-22T12:22:51.804+0000] {standard_task_runner.py:104} INFO - Running: ['***', 'tasks', 'run', 'latest_only_with_trigger', 'latest_only', 'scheduled__2025-06-22T08:00:00+00:00', '--job-id', '40', '--raw', '--subdir', '/home/***/.local/lib/python3.12/site-packages/***/example_dags/example_latest_only_with_trigger.py', '--cfg-path', '/tmp/tmphw_audvn']
[2025-06-22T12:22:51.807+0000] {standard_task_runner.py:105} INFO - Job 40: Subtask latest_only
[2025-06-22T12:22:52.238+0000] {task_command.py:467} INFO - Running <TaskInstance: latest_only_with_trigger.latest_only scheduled__2025-06-22T08:00:00+00:00 [running]> on host 342e1477a02c
[2025-06-22T12:22:52.369+0000] {taskinstance.py:3134} INFO - Exporting env vars: AIRFLOW_CTX_DAG_OWNER='***' AIRFLOW_CTX_DAG_ID='latest_only_with_trigger' AIRFLOW_CTX_TASK_ID='latest_only' AIRFLOW_CTX_EXECUTION_DATE='2025-06-22T08:00:00+00:00' AIRFLOW_CTX_TRY_NUMBER='1' AIRFLOW_CTX_DAG_RUN_ID='scheduled__2025-06-22T08:00:00+00:00'
[2025-06-22T12:22:52.370+0000] {logging_mixin.py:190} INFO - Task instance is in running state
[2025-06-22T12:22:52.371+0000] {logging_mixin.py:190} INFO -  Previous state of the Task instance: queued
[2025-06-22T12:22:52.371+0000] {logging_mixin.py:190} INFO - Current task name:latest_only state:running start_date:2025-06-22 12:22:51.745684+00:00
[2025-06-22T12:22:52.372+0000] {logging_mixin.py:190} INFO - Dag name:latest_only_with_trigger and current dag run status:running
[2025-06-22T12:22:52.372+0000] {taskinstance.py:732} INFO - ::endgroup::
[2025-06-22T12:22:52.373+0000] {latest_only.py:63} INFO - Checking latest only with left_window: 2025-06-22 12:00:00+00:00 right_window: 2025-06-22 16:00:00+00:00 now: 2025-06-22 12:22:52.373680+00:00
[2025-06-22T12:22:52.374+0000] {latest_only.py:76} INFO - Latest, allowing execution to proceed.
[2025-06-22T12:22:52.374+0000] {branch.py:38} INFO - Branch into ['task1']
[2025-06-22T12:22:52.375+0000] {skipmixin.py:233} INFO - Following branch ('task1',)
[2025-06-22T12:22:52.391+0000] {skipmixin.py:281} INFO - Skipping tasks []
[2025-06-22T12:22:52.431+0000] {taskinstance.py:341} INFO - ::group::Post task execution logs
[2025-06-22T12:22:52.432+0000] {taskinstance.py:353} INFO - Marking task as SUCCESS. dag_id=latest_only_with_trigger, task_id=latest_only, run_id=scheduled__2025-06-22T08:00:00+00:00, execution_date=20250622T080000, start_date=20250622T122251, end_date=20250622T122252
[2025-06-22T12:22:52.477+0000] {logging_mixin.py:190} INFO - Task instance in success state
[2025-06-22T12:22:52.477+0000] {logging_mixin.py:190} INFO -  Previous state of the Task instance: running
[2025-06-22T12:22:52.478+0000] {logging_mixin.py:190} INFO - Dag name:latest_only_with_trigger queued_at:2025-06-22 12:22:46.528591+00:00
[2025-06-22T12:22:52.478+0000] {logging_mixin.py:190} INFO - Task hostname:342e1477a02c operator:LatestOnlyOperator
[2025-06-22T12:22:52.546+0000] {local_task_job_runner.py:266} INFO - Task exited with return code 0
[2025-06-22T12:22:52.797+0000] {taskinstance.py:3901} INFO - 0 downstream tasks scheduled from follow-on schedule check
[2025-06-22T12:22:52.801+0000] {local_task_job_runner.py:245} INFO - ::endgroup::
[2025-06-22T12:38:07.005+0000] {local_task_job_runner.py:123} INFO - ::group::Pre task execution logs
[2025-06-22T12:38:07.040+0000] {taskinstance.py:2614} INFO - Dependencies all met for dep_context=non-requeueable deps ti=<TaskInstance: latest_only_with_trigger.latest_only scheduled__2025-06-22T08:00:00+00:00 [queued]>
[2025-06-22T12:38:07.056+0000] {taskinstance.py:2614} INFO - Dependencies all met for dep_context=requeueable deps ti=<TaskInstance: latest_only_with_trigger.latest_only scheduled__2025-06-22T08:00:00+00:00 [queued]>
[2025-06-22T12:38:07.057+0000] {taskinstance.py:2867} INFO - Starting attempt 1 of 1
[2025-06-22T12:38:07.082+0000] {taskinstance.py:2890} INFO - Executing <Task(LatestOnlyOperator): latest_only> on 2025-06-22 08:00:00+00:00
[2025-06-22T12:38:07.113+0000] {warnings.py:112} WARNING - /home/***/.local/lib/python3.12/site-packages/***/task/task_runner/standard_task_runner.py:70: DeprecationWarning: This process (pid=228) is multi-threaded, use of fork() may lead to deadlocks in the child.
  pid = os.fork()

[2025-06-22T12:38:07.116+0000] {standard_task_runner.py:72} INFO - Started process 275 to run task
[2025-06-22T12:38:07.123+0000] {standard_task_runner.py:104} INFO - Running: ['***', 'tasks', 'run', 'latest_only_with_trigger', 'latest_only', 'scheduled__2025-06-22T08:00:00+00:00', '--job-id', '42', '--raw', '--subdir', '/home/***/.local/lib/python3.12/site-packages/***/example_dags/example_latest_only_with_trigger.py', '--cfg-path', '/tmp/tmp5nsbc7ol']
[2025-06-22T12:38:07.128+0000] {standard_task_runner.py:105} INFO - Job 42: Subtask latest_only
[2025-06-22T12:38:07.289+0000] {task_command.py:467} INFO - Running <TaskInstance: latest_only_with_trigger.latest_only scheduled__2025-06-22T08:00:00+00:00 [running]> on host a5c304807a12
[2025-06-22T12:38:07.991+0000] {taskinstance.py:3134} INFO - Exporting env vars: AIRFLOW_CTX_DAG_OWNER='***' AIRFLOW_CTX_DAG_ID='latest_only_with_trigger' AIRFLOW_CTX_TASK_ID='latest_only' AIRFLOW_CTX_EXECUTION_DATE='2025-06-22T08:00:00+00:00' AIRFLOW_CTX_TRY_NUMBER='1' AIRFLOW_CTX_DAG_RUN_ID='scheduled__2025-06-22T08:00:00+00:00'
[2025-06-22T12:38:07.992+0000] {logging_mixin.py:190} INFO - Task instance is in running state
[2025-06-22T12:38:07.993+0000] {logging_mixin.py:190} INFO -  Previous state of the Task instance: queued
[2025-06-22T12:38:07.994+0000] {logging_mixin.py:190} INFO - Current task name:latest_only state:running start_date:2025-06-22 12:38:07.041387+00:00
[2025-06-22T12:38:07.995+0000] {logging_mixin.py:190} INFO - Dag name:latest_only_with_trigger and current dag run status:running
[2025-06-22T12:38:07.995+0000] {taskinstance.py:732} INFO - ::endgroup::
[2025-06-22T12:38:07.996+0000] {latest_only.py:63} INFO - Checking latest only with left_window: 2025-06-22 12:00:00+00:00 right_window: 2025-06-22 16:00:00+00:00 now: 2025-06-22 12:38:07.996649+00:00
[2025-06-22T12:38:07.997+0000] {latest_only.py:76} INFO - Latest, allowing execution to proceed.
[2025-06-22T12:38:07.997+0000] {branch.py:38} INFO - Branch into ['task1']
[2025-06-22T12:38:07.998+0000] {skipmixin.py:233} INFO - Following branch ('task1',)
[2025-06-22T12:38:08.016+0000] {skipmixin.py:281} INFO - Skipping tasks []
[2025-06-22T12:38:08.081+0000] {taskinstance.py:341} INFO - ::group::Post task execution logs
[2025-06-22T12:38:08.082+0000] {taskinstance.py:353} INFO - Marking task as SUCCESS. dag_id=latest_only_with_trigger, task_id=latest_only, run_id=scheduled__2025-06-22T08:00:00+00:00, execution_date=20250622T080000, start_date=20250622T123807, end_date=20250622T123808
[2025-06-22T12:38:08.130+0000] {logging_mixin.py:190} INFO - Task instance in success state
[2025-06-22T12:38:08.131+0000] {logging_mixin.py:190} INFO -  Previous state of the Task instance: running
[2025-06-22T12:38:08.131+0000] {logging_mixin.py:190} INFO - Dag name:latest_only_with_trigger queued_at:2025-06-22 12:38:01.557943+00:00
[2025-06-22T12:38:08.132+0000] {logging_mixin.py:190} INFO - Task hostname:a5c304807a12 operator:LatestOnlyOperator
[2025-06-22T12:38:08.168+0000] {local_task_job_runner.py:266} INFO - Task exited with return code 0
[2025-06-22T12:38:08.507+0000] {taskinstance.py:3901} INFO - 0 downstream tasks scheduled from follow-on schedule check
[2025-06-22T12:38:08.511+0000] {local_task_job_runner.py:245} INFO - ::endgroup::
