[2025-06-22T12:27:23.537+0000] {local_task_job_runner.py:123} INFO - ::group::Pre task execution logs
[2025-06-22T12:27:23.561+0000] {taskinstance.py:2614} INFO - Dependencies all met for dep_context=non-requeueable deps ti=<TaskInstance: example_sla_dag.sleep_20 scheduled__2025-06-22T12:24:00+00:00 [queued]>
[2025-06-22T12:27:23.571+0000] {taskinstance.py:2614} INFO - Dependencies all met for dep_context=requeueable deps ti=<TaskInstance: example_sla_dag.sleep_20 scheduled__2025-06-22T12:24:00+00:00 [queued]>
[2025-06-22T12:27:23.572+0000] {taskinstance.py:2867} INFO - Starting attempt 1 of 1
[2025-06-22T12:27:23.801+0000] {taskinstance.py:2890} INFO - Executing <Task(_PythonDecoratedOperator): sleep_20> on 2025-06-22 12:24:00+00:00
[2025-06-22T12:27:23.814+0000] {warnings.py:112} WARNING - /home/***/.local/lib/python3.12/site-packages/***/task/task_runner/standard_task_runner.py:70: DeprecationWarning: This process (pid=96) is multi-threaded, use of fork() may lead to deadlocks in the child.
  pid = os.fork()

[2025-06-22T12:27:23.815+0000] {standard_task_runner.py:72} INFO - Started process 115 to run task
[2025-06-22T12:27:23.816+0000] {standard_task_runner.py:104} INFO - Running: ['***', 'tasks', 'run', 'example_sla_dag', 'sleep_20', 'scheduled__2025-06-22T12:24:00+00:00', '--job-id', '70', '--raw', '--subdir', '/home/***/.local/lib/python3.12/site-packages/***/example_dags/example_sla_dag.py', '--cfg-path', '/tmp/tmpj2u52mng']
[2025-06-22T12:27:23.817+0000] {standard_task_runner.py:105} INFO - Job 70: Subtask sleep_20
[2025-06-22T12:27:23.892+0000] {task_command.py:467} INFO - Running <TaskInstance: example_sla_dag.sleep_20 scheduled__2025-06-22T12:24:00+00:00 [running]> on host 342e1477a02c
[2025-06-22T12:27:23.984+0000] {taskinstance.py:3134} INFO - Exporting env vars: AIRFLOW_CTX_DAG_EMAIL='email@example.com' AIRFLOW_CTX_DAG_OWNER='***' AIRFLOW_CTX_DAG_ID='example_sla_dag' AIRFLOW_CTX_TASK_ID='sleep_20' AIRFLOW_CTX_EXECUTION_DATE='2025-06-22T12:24:00+00:00' AIRFLOW_CTX_TRY_NUMBER='1' AIRFLOW_CTX_DAG_RUN_ID='scheduled__2025-06-22T12:24:00+00:00'
[2025-06-22T12:27:23.987+0000] {logging_mixin.py:190} INFO - Task instance is in running state
[2025-06-22T12:27:23.987+0000] {logging_mixin.py:190} INFO -  Previous state of the Task instance: queued
[2025-06-22T12:27:23.988+0000] {logging_mixin.py:190} INFO - Current task name:sleep_20 state:running start_date:2025-06-22 12:27:23.562750+00:00
[2025-06-22T12:27:23.988+0000] {logging_mixin.py:190} INFO - Dag name:example_sla_dag and current dag run status:running
[2025-06-22T12:27:23.989+0000] {taskinstance.py:732} INFO - ::endgroup::
[2025-06-22T12:27:43.990+0000] {python.py:240} INFO - Done. Returned value was: None
[2025-06-22T12:27:43.998+0000] {taskinstance.py:341} INFO - ::group::Post task execution logs
[2025-06-22T12:27:43.999+0000] {taskinstance.py:353} INFO - Marking task as SUCCESS. dag_id=example_sla_dag, task_id=sleep_20, run_id=scheduled__2025-06-22T12:24:00+00:00, execution_date=20250622T122400, start_date=20250622T122723, end_date=20250622T122743
[2025-06-22T12:27:44.021+0000] {logging_mixin.py:190} INFO - Task instance in success state
[2025-06-22T12:27:44.021+0000] {logging_mixin.py:190} INFO -  Previous state of the Task instance: running
[2025-06-22T12:27:44.022+0000] {logging_mixin.py:190} INFO - Dag name:example_sla_dag queued_at:2025-06-22 12:27:19.254441+00:00
[2025-06-22T12:27:44.022+0000] {logging_mixin.py:190} INFO - Task hostname:342e1477a02c operator:_PythonDecoratedOperator
[2025-06-22T12:27:44.040+0000] {local_task_job_runner.py:266} INFO - Task exited with return code 0
[2025-06-22T12:27:44.060+0000] {taskinstance.py:3901} INFO - 1 downstream tasks scheduled from follow-on schedule check
[2025-06-22T12:27:44.063+0000] {local_task_job_runner.py:245} INFO - ::endgroup::
