[2025-06-22T12:22:53.844+0000] {local_task_job_runner.py:123} INFO - ::group::Pre task execution logs
[2025-06-22T12:22:53.868+0000] {taskinstance.py:2614} INFO - Dependencies all met for dep_context=non-requeueable deps ti=<TaskInstance: example_branch_operator.branching scheduled__2025-06-21T00:00:00+00:00 [queued]>
[2025-06-22T12:22:53.880+0000] {taskinstance.py:2614} INFO - Dependencies all met for dep_context=requeueable deps ti=<TaskInstance: example_branch_operator.branching scheduled__2025-06-21T00:00:00+00:00 [queued]>
[2025-06-22T12:22:53.880+0000] {taskinstance.py:2867} INFO - Starting attempt 1 of 1
[2025-06-22T12:22:54.118+0000] {taskinstance.py:2890} INFO - Executing <Task(BranchPythonOperator): branching> on 2025-06-21 00:00:00+00:00
[2025-06-22T12:22:54.130+0000] {warnings.py:112} WARNING - /home/***/.local/lib/python3.12/site-packages/***/task/task_runner/standard_task_runner.py:70: DeprecationWarning: This process (pid=275) is multi-threaded, use of fork() may lead to deadlocks in the child.
  pid = os.fork()

[2025-06-22T12:22:54.132+0000] {standard_task_runner.py:72} INFO - Started process 298 to run task
[2025-06-22T12:22:54.133+0000] {standard_task_runner.py:104} INFO - Running: ['***', 'tasks', 'run', 'example_branch_operator', 'branching', 'scheduled__2025-06-21T00:00:00+00:00', '--job-id', '48', '--raw', '--subdir', '/home/***/.local/lib/python3.12/site-packages/***/example_dags/example_branch_operator.py', '--cfg-path', '/tmp/tmphdarl9zz']
[2025-06-22T12:22:54.135+0000] {standard_task_runner.py:105} INFO - Job 48: Subtask branching
[2025-06-22T12:22:54.198+0000] {task_command.py:467} INFO - Running <TaskInstance: example_branch_operator.branching scheduled__2025-06-21T00:00:00+00:00 [running]> on host 342e1477a02c
[2025-06-22T12:22:54.285+0000] {taskinstance.py:3134} INFO - Exporting env vars: AIRFLOW_CTX_DAG_OWNER='***' AIRFLOW_CTX_DAG_ID='example_branch_operator' AIRFLOW_CTX_TASK_ID='branching' AIRFLOW_CTX_EXECUTION_DATE='2025-06-21T00:00:00+00:00' AIRFLOW_CTX_TRY_NUMBER='1' AIRFLOW_CTX_DAG_RUN_ID='scheduled__2025-06-21T00:00:00+00:00'
[2025-06-22T12:22:54.286+0000] {logging_mixin.py:190} INFO - Task instance is in running state
[2025-06-22T12:22:54.288+0000] {logging_mixin.py:190} INFO -  Previous state of the Task instance: queued
[2025-06-22T12:22:54.289+0000] {logging_mixin.py:190} INFO - Current task name:branching state:running start_date:2025-06-22 12:22:53.869233+00:00
[2025-06-22T12:22:54.289+0000] {logging_mixin.py:190} INFO - Dag name:example_branch_operator and current dag run status:running
[2025-06-22T12:22:54.290+0000] {taskinstance.py:732} INFO - ::endgroup::
[2025-06-22T12:22:54.292+0000] {baseoperator.py:423} WARNING - BranchPythonOperator.execute cannot be called outside TaskInstance!
[2025-06-22T12:22:54.293+0000] {python.py:240} INFO - Done. Returned value was: branch_b
[2025-06-22T12:22:54.294+0000] {branch.py:38} INFO - Branch into branch_b
[2025-06-22T12:22:54.294+0000] {skipmixin.py:233} INFO - Following branch ('branch_b',)
[2025-06-22T12:22:54.309+0000] {skipmixin.py:281} INFO - Skipping tasks [('branch_a', -1), ('branch_c', -1), ('branch_d', -1)]
[2025-06-22T12:22:54.341+0000] {taskinstance.py:341} INFO - ::group::Post task execution logs
[2025-06-22T12:22:54.342+0000] {taskinstance.py:353} INFO - Marking task as SUCCESS. dag_id=example_branch_operator, task_id=branching, run_id=scheduled__2025-06-21T00:00:00+00:00, execution_date=20250621T000000, start_date=20250622T122253, end_date=20250622T122254
[2025-06-22T12:22:54.365+0000] {logging_mixin.py:190} INFO - Task instance in success state
[2025-06-22T12:22:54.366+0000] {logging_mixin.py:190} INFO -  Previous state of the Task instance: running
[2025-06-22T12:22:54.366+0000] {logging_mixin.py:190} INFO - Dag name:example_branch_operator queued_at:2025-06-22 12:22:49.037973+00:00
[2025-06-22T12:22:54.366+0000] {logging_mixin.py:190} INFO - Task hostname:342e1477a02c operator:BranchPythonOperator
[2025-06-22T12:22:54.388+0000] {local_task_job_runner.py:266} INFO - Task exited with return code 0
[2025-06-22T12:22:54.420+0000] {taskinstance.py:3901} INFO - 1 downstream tasks scheduled from follow-on schedule check
[2025-06-22T12:22:54.425+0000] {local_task_job_runner.py:245} INFO - ::endgroup::
[2025-06-22T12:38:09.778+0000] {local_task_job_runner.py:123} INFO - ::group::Pre task execution logs
[2025-06-22T12:38:09.808+0000] {taskinstance.py:2614} INFO - Dependencies all met for dep_context=non-requeueable deps ti=<TaskInstance: example_branch_operator.branching scheduled__2025-06-21T00:00:00+00:00 [queued]>
[2025-06-22T12:38:09.826+0000] {taskinstance.py:2614} INFO - Dependencies all met for dep_context=requeueable deps ti=<TaskInstance: example_branch_operator.branching scheduled__2025-06-21T00:00:00+00:00 [queued]>
[2025-06-22T12:38:09.827+0000] {taskinstance.py:2867} INFO - Starting attempt 1 of 1
[2025-06-22T12:38:10.072+0000] {taskinstance.py:2890} INFO - Executing <Task(BranchPythonOperator): branching> on 2025-06-21 00:00:00+00:00
[2025-06-22T12:38:10.083+0000] {warnings.py:112} WARNING - /home/***/.local/lib/python3.12/site-packages/***/task/task_runner/standard_task_runner.py:70: DeprecationWarning: This process (pid=271) is multi-threaded, use of fork() may lead to deadlocks in the child.
  pid = os.fork()

[2025-06-22T12:38:10.086+0000] {standard_task_runner.py:104} INFO - Running: ['***', 'tasks', 'run', 'example_branch_operator', 'branching', 'scheduled__2025-06-21T00:00:00+00:00', '--job-id', '51', '--raw', '--subdir', '/home/***/.local/lib/python3.12/site-packages/***/example_dags/example_branch_operator.py', '--cfg-path', '/tmp/tmpkvwjrx6i']
[2025-06-22T12:38:10.087+0000] {standard_task_runner.py:72} INFO - Started process 312 to run task
[2025-06-22T12:38:10.087+0000] {standard_task_runner.py:105} INFO - Job 51: Subtask branching
[2025-06-22T12:38:10.179+0000] {task_command.py:467} INFO - Running <TaskInstance: example_branch_operator.branching scheduled__2025-06-21T00:00:00+00:00 [running]> on host a5c304807a12
[2025-06-22T12:38:10.286+0000] {taskinstance.py:3134} INFO - Exporting env vars: AIRFLOW_CTX_DAG_OWNER='***' AIRFLOW_CTX_DAG_ID='example_branch_operator' AIRFLOW_CTX_TASK_ID='branching' AIRFLOW_CTX_EXECUTION_DATE='2025-06-21T00:00:00+00:00' AIRFLOW_CTX_TRY_NUMBER='1' AIRFLOW_CTX_DAG_RUN_ID='scheduled__2025-06-21T00:00:00+00:00'
[2025-06-22T12:38:10.288+0000] {logging_mixin.py:190} INFO - Task instance is in running state
[2025-06-22T12:38:10.289+0000] {logging_mixin.py:190} INFO -  Previous state of the Task instance: queued
[2025-06-22T12:38:10.289+0000] {logging_mixin.py:190} INFO - Current task name:branching state:running start_date:2025-06-22 12:38:09.809752+00:00
[2025-06-22T12:38:10.290+0000] {logging_mixin.py:190} INFO - Dag name:example_branch_operator and current dag run status:running
[2025-06-22T12:38:10.290+0000] {taskinstance.py:732} INFO - ::endgroup::
[2025-06-22T12:38:10.291+0000] {baseoperator.py:423} WARNING - BranchPythonOperator.execute cannot be called outside TaskInstance!
[2025-06-22T12:38:10.291+0000] {python.py:240} INFO - Done. Returned value was: branch_d
[2025-06-22T12:38:10.292+0000] {branch.py:38} INFO - Branch into branch_d
[2025-06-22T12:38:10.293+0000] {skipmixin.py:233} INFO - Following branch ('branch_d',)
[2025-06-22T12:38:10.318+0000] {skipmixin.py:281} INFO - Skipping tasks [('branch_a', -1), ('branch_c', -1), ('branch_b', -1)]
[2025-06-22T12:38:10.373+0000] {taskinstance.py:341} INFO - ::group::Post task execution logs
[2025-06-22T12:38:10.374+0000] {taskinstance.py:353} INFO - Marking task as SUCCESS. dag_id=example_branch_operator, task_id=branching, run_id=scheduled__2025-06-21T00:00:00+00:00, execution_date=20250621T000000, start_date=20250622T123809, end_date=20250622T123810
[2025-06-22T12:38:10.412+0000] {logging_mixin.py:190} INFO - Task instance in success state
[2025-06-22T12:38:10.413+0000] {logging_mixin.py:190} INFO -  Previous state of the Task instance: running
[2025-06-22T12:38:10.413+0000] {logging_mixin.py:190} INFO - Dag name:example_branch_operator queued_at:2025-06-22 12:38:03.528600+00:00
[2025-06-22T12:38:10.414+0000] {logging_mixin.py:190} INFO - Task hostname:a5c304807a12 operator:BranchPythonOperator
[2025-06-22T12:38:10.463+0000] {local_task_job_runner.py:266} INFO - Task exited with return code 0
[2025-06-22T12:38:10.505+0000] {taskinstance.py:3901} INFO - 1 downstream tasks scheduled from follow-on schedule check
[2025-06-22T12:38:10.512+0000] {local_task_job_runner.py:245} INFO - ::endgroup::
