[2025-06-22T12:28:02.006+0000] {local_task_job_runner.py:123} INFO - ::group::Pre task execution logs
[2025-06-22T12:28:02.027+0000] {taskinstance.py:2614} INFO - Dependencies all met for dep_context=non-requeueable deps ti=<TaskInstance: example_sla_dag.sleep_20 scheduled__2025-06-22T12:26:00+00:00 [queued]>
[2025-06-22T12:28:02.036+0000] {taskinstance.py:2614} INFO - Dependencies all met for dep_context=requeueable deps ti=<TaskInstance: example_sla_dag.sleep_20 scheduled__2025-06-22T12:26:00+00:00 [queued]>
[2025-06-22T12:28:02.037+0000] {taskinstance.py:2867} INFO - Starting attempt 1 of 1
[2025-06-22T12:28:02.205+0000] {taskinstance.py:2890} INFO - Executing <Task(_PythonDecoratedOperator): sleep_20> on 2025-06-22 12:26:00+00:00
[2025-06-22T12:28:02.212+0000] {warnings.py:112} WARNING - /home/***/.local/lib/python3.12/site-packages/***/task/task_runner/standard_task_runner.py:70: DeprecationWarning: This process (pid=142) is multi-threaded, use of fork() may lead to deadlocks in the child.
  pid = os.fork()

[2025-06-22T12:28:02.214+0000] {standard_task_runner.py:72} INFO - Started process 149 to run task
[2025-06-22T12:28:02.215+0000] {standard_task_runner.py:104} INFO - Running: ['***', 'tasks', 'run', 'example_sla_dag', 'sleep_20', 'scheduled__2025-06-22T12:26:00+00:00', '--job-id', '76', '--raw', '--subdir', '/home/***/.local/lib/python3.12/site-packages/***/example_dags/example_sla_dag.py', '--cfg-path', '/tmp/tmpw6iqset5']
[2025-06-22T12:28:02.216+0000] {standard_task_runner.py:105} INFO - Job 76: Subtask sleep_20
[2025-06-22T12:28:02.280+0000] {task_command.py:467} INFO - Running <TaskInstance: example_sla_dag.sleep_20 scheduled__2025-06-22T12:26:00+00:00 [running]> on host 342e1477a02c
[2025-06-22T12:28:02.362+0000] {taskinstance.py:3134} INFO - Exporting env vars: AIRFLOW_CTX_DAG_EMAIL='email@example.com' AIRFLOW_CTX_DAG_OWNER='***' AIRFLOW_CTX_DAG_ID='example_sla_dag' AIRFLOW_CTX_TASK_ID='sleep_20' AIRFLOW_CTX_EXECUTION_DATE='2025-06-22T12:26:00+00:00' AIRFLOW_CTX_TRY_NUMBER='1' AIRFLOW_CTX_DAG_RUN_ID='scheduled__2025-06-22T12:26:00+00:00'
[2025-06-22T12:28:02.363+0000] {logging_mixin.py:190} INFO - Task instance is in running state
[2025-06-22T12:28:02.364+0000] {logging_mixin.py:190} INFO -  Previous state of the Task instance: queued
[2025-06-22T12:28:02.366+0000] {logging_mixin.py:190} INFO - Current task name:sleep_20 state:running start_date:2025-06-22 12:28:02.027885+00:00
[2025-06-22T12:28:02.366+0000] {logging_mixin.py:190} INFO - Dag name:example_sla_dag and current dag run status:running
[2025-06-22T12:28:02.367+0000] {taskinstance.py:732} INFO - ::endgroup::
[2025-06-22T12:28:22.366+0000] {python.py:240} INFO - Done. Returned value was: None
[2025-06-22T12:28:22.374+0000] {taskinstance.py:341} INFO - ::group::Post task execution logs
[2025-06-22T12:28:22.375+0000] {taskinstance.py:353} INFO - Marking task as SUCCESS. dag_id=example_sla_dag, task_id=sleep_20, run_id=scheduled__2025-06-22T12:26:00+00:00, execution_date=20250622T122600, start_date=20250622T122802, end_date=20250622T122822
[2025-06-22T12:28:22.400+0000] {logging_mixin.py:190} INFO - Task instance in success state
[2025-06-22T12:28:22.401+0000] {logging_mixin.py:190} INFO -  Previous state of the Task instance: running
[2025-06-22T12:28:22.401+0000] {logging_mixin.py:190} INFO - Dag name:example_sla_dag queued_at:2025-06-22 12:28:00.303977+00:00
[2025-06-22T12:28:22.401+0000] {logging_mixin.py:190} INFO - Task hostname:342e1477a02c operator:_PythonDecoratedOperator
[2025-06-22T12:28:22.420+0000] {local_task_job_runner.py:266} INFO - Task exited with return code 0
[2025-06-22T12:28:22.441+0000] {taskinstance.py:3901} INFO - 1 downstream tasks scheduled from follow-on schedule check
[2025-06-22T12:28:22.444+0000] {local_task_job_runner.py:245} INFO - ::endgroup::
