[2025-06-22T12:22:50.088+0000] {local_task_job_runner.py:123} INFO - ::group::Pre task execution logs
[2025-06-22T12:22:50.160+0000] {taskinstance.py:2614} INFO - Dependencies all met for dep_context=non-requeueable deps ti=<TaskInstance: example_weekday_branch_operator.make_weekend_choice scheduled__2025-06-21T00:00:00+00:00 [queued]>
[2025-06-22T12:22:50.202+0000] {taskinstance.py:2614} INFO - Dependencies all met for dep_context=requeueable deps ti=<TaskInstance: example_weekday_branch_operator.make_weekend_choice scheduled__2025-06-21T00:00:00+00:00 [queued]>
[2025-06-22T12:22:50.204+0000] {taskinstance.py:2867} INFO - Starting attempt 1 of 1
[2025-06-22T12:22:50.251+0000] {taskinstance.py:2890} INFO - Executing <Task(BranchDayOfWeekOperator): make_weekend_choice> on 2025-06-21 00:00:00+00:00
[2025-06-22T12:22:50.275+0000] {warnings.py:112} WARNING - /home/***/.local/lib/python3.12/site-packages/***/task/task_runner/standard_task_runner.py:70: DeprecationWarning: This process (pid=215) is multi-threaded, use of fork() may lead to deadlocks in the child.
  pid = os.fork()

[2025-06-22T12:22:50.281+0000] {standard_task_runner.py:72} INFO - Started process 247 to run task
[2025-06-22T12:22:50.289+0000] {standard_task_runner.py:104} INFO - Running: ['***', 'tasks', 'run', 'example_weekday_branch_operator', 'make_weekend_choice', 'scheduled__2025-06-21T00:00:00+00:00', '--job-id', '32', '--raw', '--subdir', '/home/***/.local/lib/python3.12/site-packages/***/example_dags/example_branch_day_of_week_operator.py', '--cfg-path', '/tmp/tmpzizdf9vo']
[2025-06-22T12:22:50.291+0000] {standard_task_runner.py:105} INFO - Job 32: Subtask make_weekend_choice
[2025-06-22T12:22:50.517+0000] {task_command.py:467} INFO - Running <TaskInstance: example_weekday_branch_operator.make_weekend_choice scheduled__2025-06-21T00:00:00+00:00 [running]> on host 342e1477a02c
[2025-06-22T12:22:51.291+0000] {taskinstance.py:3134} INFO - Exporting env vars: AIRFLOW_CTX_DAG_OWNER='***' AIRFLOW_CTX_DAG_ID='example_weekday_branch_operator' AIRFLOW_CTX_TASK_ID='make_weekend_choice' AIRFLOW_CTX_EXECUTION_DATE='2025-06-21T00:00:00+00:00' AIRFLOW_CTX_TRY_NUMBER='1' AIRFLOW_CTX_DAG_RUN_ID='scheduled__2025-06-21T00:00:00+00:00'
[2025-06-22T12:22:51.297+0000] {logging_mixin.py:190} INFO - Task instance is in running state
[2025-06-22T12:22:51.298+0000] {logging_mixin.py:190} INFO -  Previous state of the Task instance: queued
[2025-06-22T12:22:51.299+0000] {logging_mixin.py:190} INFO - Current task name:make_weekend_choice state:running start_date:2025-06-22 12:22:50.163756+00:00
[2025-06-22T12:22:51.300+0000] {logging_mixin.py:190} INFO - Dag name:example_weekday_branch_operator and current dag run status:running
[2025-06-22T12:22:51.301+0000] {taskinstance.py:732} INFO - ::endgroup::
[2025-06-22T12:22:51.302+0000] {branch.py:38} INFO - Branch into branch_weekend
[2025-06-22T12:22:51.311+0000] {skipmixin.py:233} INFO - Following branch ('branch_weekend',)
[2025-06-22T12:22:51.368+0000] {skipmixin.py:281} INFO - Skipping tasks [('branch_mid_week', -1)]
[2025-06-22T12:22:51.490+0000] {taskinstance.py:341} INFO - ::group::Post task execution logs
[2025-06-22T12:22:51.492+0000] {taskinstance.py:353} INFO - Marking task as SUCCESS. dag_id=example_weekday_branch_operator, task_id=make_weekend_choice, run_id=scheduled__2025-06-21T00:00:00+00:00, execution_date=20250621T000000, start_date=20250622T122250, end_date=20250622T122251
[2025-06-22T12:22:51.549+0000] {logging_mixin.py:190} INFO - Task instance in success state
[2025-06-22T12:22:51.551+0000] {logging_mixin.py:190} INFO -  Previous state of the Task instance: running
[2025-06-22T12:22:51.552+0000] {logging_mixin.py:190} INFO - Dag name:example_weekday_branch_operator queued_at:2025-06-22 12:22:37.758557+00:00
[2025-06-22T12:22:51.552+0000] {logging_mixin.py:190} INFO - Task hostname:342e1477a02c operator:BranchDayOfWeekOperator
[2025-06-22T12:22:51.599+0000] {local_task_job_runner.py:266} INFO - Task exited with return code 0
[2025-06-22T12:22:51.647+0000] {taskinstance.py:3901} INFO - 0 downstream tasks scheduled from follow-on schedule check
[2025-06-22T12:22:51.655+0000] {local_task_job_runner.py:245} INFO - ::endgroup::
[2025-06-22T12:38:06.796+0000] {local_task_job_runner.py:123} INFO - ::group::Pre task execution logs
[2025-06-22T12:38:06.845+0000] {taskinstance.py:2614} INFO - Dependencies all met for dep_context=non-requeueable deps ti=<TaskInstance: example_weekday_branch_operator.make_weekend_choice scheduled__2025-06-21T00:00:00+00:00 [queued]>
[2025-06-22T12:38:06.872+0000] {taskinstance.py:2614} INFO - Dependencies all met for dep_context=requeueable deps ti=<TaskInstance: example_weekday_branch_operator.make_weekend_choice scheduled__2025-06-21T00:00:00+00:00 [queued]>
[2025-06-22T12:38:06.874+0000] {taskinstance.py:2867} INFO - Starting attempt 1 of 1
[2025-06-22T12:38:07.270+0000] {taskinstance.py:2890} INFO - Executing <Task(BranchDayOfWeekOperator): make_weekend_choice> on 2025-06-21 00:00:00+00:00
[2025-06-22T12:38:07.294+0000] {warnings.py:112} WARNING - /home/***/.local/lib/python3.12/site-packages/***/task/task_runner/standard_task_runner.py:70: DeprecationWarning: This process (pid=226) is multi-threaded, use of fork() may lead to deadlocks in the child.
  pid = os.fork()

[2025-06-22T12:38:07.297+0000] {standard_task_runner.py:104} INFO - Running: ['***', 'tasks', 'run', 'example_weekday_branch_operator', 'make_weekend_choice', 'scheduled__2025-06-21T00:00:00+00:00', '--job-id', '41', '--raw', '--subdir', '/home/***/.local/lib/python3.12/site-packages/***/example_dags/example_branch_day_of_week_operator.py', '--cfg-path', '/tmp/tmp_nljyd9_']
[2025-06-22T12:38:07.298+0000] {standard_task_runner.py:72} INFO - Started process 283 to run task
[2025-06-22T12:38:07.300+0000] {standard_task_runner.py:105} INFO - Job 41: Subtask make_weekend_choice
[2025-06-22T12:38:07.459+0000] {task_command.py:467} INFO - Running <TaskInstance: example_weekday_branch_operator.make_weekend_choice scheduled__2025-06-21T00:00:00+00:00 [running]> on host a5c304807a12
[2025-06-22T12:38:07.642+0000] {taskinstance.py:3134} INFO - Exporting env vars: AIRFLOW_CTX_DAG_OWNER='***' AIRFLOW_CTX_DAG_ID='example_weekday_branch_operator' AIRFLOW_CTX_TASK_ID='make_weekend_choice' AIRFLOW_CTX_EXECUTION_DATE='2025-06-21T00:00:00+00:00' AIRFLOW_CTX_TRY_NUMBER='1' AIRFLOW_CTX_DAG_RUN_ID='scheduled__2025-06-21T00:00:00+00:00'
[2025-06-22T12:38:07.646+0000] {logging_mixin.py:190} INFO - Task instance is in running state
[2025-06-22T12:38:07.647+0000] {logging_mixin.py:190} INFO -  Previous state of the Task instance: queued
[2025-06-22T12:38:07.647+0000] {logging_mixin.py:190} INFO - Current task name:make_weekend_choice state:running start_date:2025-06-22 12:38:06.846857+00:00
[2025-06-22T12:38:07.648+0000] {logging_mixin.py:190} INFO - Dag name:example_weekday_branch_operator and current dag run status:running
[2025-06-22T12:38:07.649+0000] {taskinstance.py:732} INFO - ::endgroup::
[2025-06-22T12:38:07.650+0000] {branch.py:38} INFO - Branch into branch_weekend
[2025-06-22T12:38:07.651+0000] {skipmixin.py:233} INFO - Following branch ('branch_weekend',)
[2025-06-22T12:38:07.686+0000] {skipmixin.py:281} INFO - Skipping tasks [('branch_mid_week', -1)]
[2025-06-22T12:38:07.770+0000] {taskinstance.py:341} INFO - ::group::Post task execution logs
[2025-06-22T12:38:07.774+0000] {taskinstance.py:353} INFO - Marking task as SUCCESS. dag_id=example_weekday_branch_operator, task_id=make_weekend_choice, run_id=scheduled__2025-06-21T00:00:00+00:00, execution_date=20250621T000000, start_date=20250622T123806, end_date=20250622T123807
[2025-06-22T12:38:07.839+0000] {logging_mixin.py:190} INFO - Task instance in success state
[2025-06-22T12:38:07.845+0000] {logging_mixin.py:190} INFO -  Previous state of the Task instance: running
[2025-06-22T12:38:07.849+0000] {logging_mixin.py:190} INFO - Dag name:example_weekday_branch_operator queued_at:2025-06-22 12:37:53.233439+00:00
[2025-06-22T12:38:07.850+0000] {logging_mixin.py:190} INFO - Task hostname:a5c304807a12 operator:BranchDayOfWeekOperator
[2025-06-22T12:38:07.897+0000] {local_task_job_runner.py:266} INFO - Task exited with return code 0
[2025-06-22T12:38:07.949+0000] {taskinstance.py:3901} INFO - 0 downstream tasks scheduled from follow-on schedule check
[2025-06-22T12:38:07.955+0000] {local_task_job_runner.py:245} INFO - ::endgroup::
