[2025-06-27T16:58:07.701+0000] {local_task_job_runner.py:123} INFO - ::group::Pre task execution logs
[2025-06-27T16:58:07.739+0000] {taskinstance.py:2614} INFO - Dependencies all met for dep_context=non-requeueable deps ti=<TaskInstance: example_branch_datetime_operator_2.datetime_branch scheduled__2025-06-26T00:00:00+00:00 [queued]>
[2025-06-27T16:58:07.751+0000] {taskinstance.py:2614} INFO - Dependencies all met for dep_context=requeueable deps ti=<TaskInstance: example_branch_datetime_operator_2.datetime_branch scheduled__2025-06-26T00:00:00+00:00 [queued]>
[2025-06-27T16:58:07.752+0000] {taskinstance.py:2867} INFO - Starting attempt 1 of 1
[2025-06-27T16:58:08.027+0000] {taskinstance.py:2890} INFO - Executing <Task(BranchDateTimeOperator): datetime_branch> on 2025-06-26 00:00:00+00:00
[2025-06-27T16:58:08.044+0000] {warnings.py:112} WARNING - /home/***/.local/lib/python3.12/site-packages/***/task/task_runner/standard_task_runner.py:70: DeprecationWarning: This process (pid=217) is multi-threaded, use of fork() may lead to deadlocks in the child.
  pid = os.fork()

[2025-06-27T16:58:08.047+0000] {standard_task_runner.py:72} INFO - Started process 253 to run task
[2025-06-27T16:58:08.047+0000] {standard_task_runner.py:104} INFO - Running: ['***', 'tasks', 'run', 'example_branch_datetime_operator_2', 'datetime_branch', 'scheduled__2025-06-26T00:00:00+00:00', '--job-id', '101', '--raw', '--subdir', '/home/***/.local/lib/python3.12/site-packages/***/example_dags/example_branch_datetime_operator.py', '--cfg-path', '/tmp/tmpwf3tn4tf']
[2025-06-27T16:58:08.049+0000] {standard_task_runner.py:105} INFO - Job 101: Subtask datetime_branch
[2025-06-27T16:58:08.153+0000] {task_command.py:467} INFO - Running <TaskInstance: example_branch_datetime_operator_2.datetime_branch scheduled__2025-06-26T00:00:00+00:00 [running]> on host a5c304807a12
[2025-06-27T16:58:08.311+0000] {taskinstance.py:3134} INFO - Exporting env vars: AIRFLOW_CTX_DAG_OWNER='***' AIRFLOW_CTX_DAG_ID='example_branch_datetime_operator_2' AIRFLOW_CTX_TASK_ID='datetime_branch' AIRFLOW_CTX_EXECUTION_DATE='2025-06-26T00:00:00+00:00' AIRFLOW_CTX_TRY_NUMBER='1' AIRFLOW_CTX_DAG_RUN_ID='scheduled__2025-06-26T00:00:00+00:00'
[2025-06-27T16:58:08.314+0000] {logging_mixin.py:190} INFO - Task instance is in running state
[2025-06-27T16:58:08.315+0000] {logging_mixin.py:190} INFO -  Previous state of the Task instance: queued
[2025-06-27T16:58:08.316+0000] {logging_mixin.py:190} INFO - Current task name:datetime_branch state:running start_date:2025-06-27 16:58:07.740259+00:00
[2025-06-27T16:58:08.317+0000] {logging_mixin.py:190} INFO - Dag name:example_branch_datetime_operator_2 and current dag run status:running
[2025-06-27T16:58:08.317+0000] {taskinstance.py:732} INFO - ::endgroup::
[2025-06-27T16:58:08.318+0000] {branch.py:38} INFO - Branch into ['date_in_range']
[2025-06-27T16:58:08.319+0000] {skipmixin.py:233} INFO - Following branch ('date_in_range',)
[2025-06-27T16:58:08.338+0000] {skipmixin.py:281} INFO - Skipping tasks [('date_outside_range', -1)]
[2025-06-27T16:58:08.406+0000] {taskinstance.py:341} INFO - ::group::Post task execution logs
[2025-06-27T16:58:08.407+0000] {taskinstance.py:353} INFO - Marking task as SUCCESS. dag_id=example_branch_datetime_operator_2, task_id=datetime_branch, run_id=scheduled__2025-06-26T00:00:00+00:00, execution_date=20250626T000000, start_date=20250627T165807, end_date=20250627T165808
[2025-06-27T16:58:08.451+0000] {logging_mixin.py:190} INFO - Task instance in success state
[2025-06-27T16:58:08.453+0000] {logging_mixin.py:190} INFO -  Previous state of the Task instance: running
[2025-06-27T16:58:08.453+0000] {logging_mixin.py:190} INFO - Dag name:example_branch_datetime_operator_2 queued_at:2025-06-27 16:57:56.064996+00:00
[2025-06-27T16:58:08.455+0000] {logging_mixin.py:190} INFO - Task hostname:a5c304807a12 operator:BranchDateTimeOperator
[2025-06-27T16:58:08.510+0000] {local_task_job_runner.py:266} INFO - Task exited with return code 0
[2025-06-27T16:58:08.525+0000] {local_task_job_runner.py:245} INFO - ::endgroup::
