[2025-06-22T12:38:17.011+0000] {local_task_job_runner.py:123} INFO - ::group::Pre task execution logs
[2025-06-22T12:38:17.035+0000] {taskinstance.py:2614} INFO - Dependencies all met for dep_context=non-requeueable deps ti=<TaskInstance: example_branch_python_operator_decorator.ext_py_a scheduled__2025-06-21T00:00:00+00:00 [queued]>
[2025-06-22T12:38:17.188+0000] {taskinstance.py:2614} INFO - Dependencies all met for dep_context=requeueable deps ti=<TaskInstance: example_branch_python_operator_decorator.ext_py_a scheduled__2025-06-21T00:00:00+00:00 [queued]>
[2025-06-22T12:38:17.189+0000] {taskinstance.py:2867} INFO - Starting attempt 1 of 1
[2025-06-22T12:38:17.204+0000] {taskinstance.py:2890} INFO - Executing <Task(_PythonExternalDecoratedOperator): ext_py_a> on 2025-06-21 00:00:00+00:00
[2025-06-22T12:38:17.211+0000] {warnings.py:112} WARNING - /home/***/.local/lib/python3.12/site-packages/***/task/task_runner/standard_task_runner.py:70: DeprecationWarning: This process (pid=348) is multi-threaded, use of fork() may lead to deadlocks in the child.
  pid = os.fork()

[2025-06-22T12:38:17.213+0000] {standard_task_runner.py:72} INFO - Started process 353 to run task
[2025-06-22T12:38:17.213+0000] {standard_task_runner.py:104} INFO - Running: ['***', 'tasks', 'run', 'example_branch_python_operator_decorator', 'ext_py_a', 'scheduled__2025-06-21T00:00:00+00:00', '--job-id', '58', '--raw', '--subdir', '/home/***/.local/lib/python3.12/site-packages/***/example_dags/example_branch_operator_decorator.py', '--cfg-path', '/tmp/tmpd0rvt24y']
[2025-06-22T12:38:17.214+0000] {standard_task_runner.py:105} INFO - Job 58: Subtask ext_py_a
[2025-06-22T12:38:17.270+0000] {task_command.py:467} INFO - Running <TaskInstance: example_branch_python_operator_decorator.ext_py_a scheduled__2025-06-21T00:00:00+00:00 [running]> on host a5c304807a12
[2025-06-22T12:38:17.354+0000] {taskinstance.py:3134} INFO - Exporting env vars: AIRFLOW_CTX_DAG_OWNER='***' AIRFLOW_CTX_DAG_ID='example_branch_python_operator_decorator' AIRFLOW_CTX_TASK_ID='ext_py_a' AIRFLOW_CTX_EXECUTION_DATE='2025-06-21T00:00:00+00:00' AIRFLOW_CTX_TRY_NUMBER='1' AIRFLOW_CTX_DAG_RUN_ID='scheduled__2025-06-21T00:00:00+00:00'
[2025-06-22T12:38:17.355+0000] {logging_mixin.py:190} INFO - Task instance is in running state
[2025-06-22T12:38:17.356+0000] {logging_mixin.py:190} INFO -  Previous state of the Task instance: queued
[2025-06-22T12:38:17.356+0000] {logging_mixin.py:190} INFO - Current task name:ext_py_a state:running start_date:2025-06-22 12:38:17.035831+00:00
[2025-06-22T12:38:17.357+0000] {logging_mixin.py:190} INFO - Dag name:example_branch_python_operator_decorator and current dag run status:running
[2025-06-22T12:38:17.357+0000] {taskinstance.py:732} INFO - ::endgroup::
[2025-06-22T12:38:17.751+0000] {process_utils.py:186} INFO - Executing cmd: /home/***/.local/bin/python /tmp/venv-call4r32v1vg/script.py /tmp/venv-call4r32v1vg/script.in /tmp/venv-call4r32v1vg/script.out /tmp/venv-call4r32v1vg/string_args.txt /tmp/venv-call4r32v1vg/termination.log
[2025-06-22T12:38:17.752+0000] {process_utils.py:190} INFO - Output:
[2025-06-22T12:38:20.419+0000] {process_utils.py:194} INFO - doing something in external Python
[2025-06-22T12:38:20.891+0000] {python.py:240} INFO - Done. Returned value was: None
[2025-06-22T12:38:20.904+0000] {taskinstance.py:341} INFO - ::group::Post task execution logs
[2025-06-22T12:38:20.904+0000] {taskinstance.py:353} INFO - Marking task as SUCCESS. dag_id=example_branch_python_operator_decorator, task_id=ext_py_a, run_id=scheduled__2025-06-21T00:00:00+00:00, execution_date=20250621T000000, start_date=20250622T123817, end_date=20250622T123820
[2025-06-22T12:38:20.931+0000] {logging_mixin.py:190} INFO - Task instance in success state
[2025-06-22T12:38:20.933+0000] {logging_mixin.py:190} INFO -  Previous state of the Task instance: running
[2025-06-22T12:38:20.934+0000] {logging_mixin.py:190} INFO - Dag name:example_branch_python_operator_decorator queued_at:2025-06-22 12:37:53.893513+00:00
[2025-06-22T12:38:20.934+0000] {logging_mixin.py:190} INFO - Task hostname:a5c304807a12 operator:_PythonExternalDecoratedOperator
[2025-06-22T12:38:20.958+0000] {local_task_job_runner.py:266} INFO - Task exited with return code 0
[2025-06-22T12:38:20.989+0000] {taskinstance.py:3901} INFO - 0 downstream tasks scheduled from follow-on schedule check
[2025-06-22T12:38:20.993+0000] {local_task_job_runner.py:245} INFO - ::endgroup::
