[2025-06-22T12:38:08.577+0000] {local_task_job_runner.py:123} INFO - ::group::Pre task execution logs
[2025-06-22T12:38:08.607+0000] {taskinstance.py:2614} INFO - Dependencies all met for dep_context=non-requeueable deps ti=<TaskInstance: consume_1_or_2_with_dataset_expressions.consume_1_or_2_with_dataset_expressions dataset_triggered__2025-06-22T12:38:00.523227+00:00 [queued]>
[2025-06-22T12:38:08.624+0000] {taskinstance.py:2614} INFO - Dependencies all met for dep_context=requeueable deps ti=<TaskInstance: consume_1_or_2_with_dataset_expressions.consume_1_or_2_with_dataset_expressions dataset_triggered__2025-06-22T12:38:00.523227+00:00 [queued]>
[2025-06-22T12:38:08.627+0000] {taskinstance.py:2867} INFO - Starting attempt 1 of 1
[2025-06-22T12:38:08.862+0000] {taskinstance.py:2890} INFO - Executing <Task(BashOperator): consume_1_or_2_with_dataset_expressions> on 2025-06-22 12:38:00.523227+00:00
[2025-06-22T12:38:08.873+0000] {warnings.py:112} WARNING - /home/***/.local/lib/python3.12/site-packages/***/task/task_runner/standard_task_runner.py:70: DeprecationWarning: This process (pid=245) is multi-threaded, use of fork() may lead to deadlocks in the child.
  pid = os.fork()

[2025-06-22T12:38:08.876+0000] {standard_task_runner.py:72} INFO - Started process 295 to run task
[2025-06-22T12:38:08.875+0000] {standard_task_runner.py:104} INFO - Running: ['***', 'tasks', 'run', 'consume_1_or_2_with_dataset_expressions', 'consume_1_or_2_with_dataset_expressions', 'dataset_triggered__2025-06-22T12:38:00.523227+00:00', '--job-id', '45', '--raw', '--subdir', '/home/***/.local/lib/python3.12/site-packages/***/example_dags/example_datasets.py', '--cfg-path', '/tmp/tmp09eokh0c']
[2025-06-22T12:38:08.877+0000] {standard_task_runner.py:105} INFO - Job 45: Subtask consume_1_or_2_with_dataset_expressions
[2025-06-22T12:38:08.966+0000] {task_command.py:467} INFO - Running <TaskInstance: consume_1_or_2_with_dataset_expressions.consume_1_or_2_with_dataset_expressions dataset_triggered__2025-06-22T12:38:00.523227+00:00 [running]> on host a5c304807a12
[2025-06-22T12:38:09.101+0000] {taskinstance.py:3134} INFO - Exporting env vars: AIRFLOW_CTX_DAG_OWNER='***' AIRFLOW_CTX_DAG_ID='consume_1_or_2_with_dataset_expressions' AIRFLOW_CTX_TASK_ID='consume_1_or_2_with_dataset_expressions' AIRFLOW_CTX_EXECUTION_DATE='2025-06-22T12:38:00.523227+00:00' AIRFLOW_CTX_TRY_NUMBER='1' AIRFLOW_CTX_DAG_RUN_ID='dataset_triggered__2025-06-22T12:38:00.523227+00:00'
[2025-06-22T12:38:09.103+0000] {logging_mixin.py:190} INFO - Task instance is in running state
[2025-06-22T12:38:09.106+0000] {logging_mixin.py:190} INFO -  Previous state of the Task instance: queued
[2025-06-22T12:38:09.107+0000] {logging_mixin.py:190} INFO - Current task name:consume_1_or_2_with_dataset_expressions state:running start_date:2025-06-22 12:38:08.608398+00:00
[2025-06-22T12:38:09.107+0000] {logging_mixin.py:190} INFO - Dag name:consume_1_or_2_with_dataset_expressions and current dag run status:running
[2025-06-22T12:38:09.108+0000] {taskinstance.py:732} INFO - ::endgroup::
[2025-06-22T12:38:09.110+0000] {subprocess.py:78} INFO - Tmp dir root location: /tmp
[2025-06-22T12:38:09.111+0000] {subprocess.py:88} INFO - Running command: ['/usr/bin/bash', '-c', 'sleep 5']
[2025-06-22T12:38:09.141+0000] {subprocess.py:99} INFO - Output:
[2025-06-22T12:38:14.146+0000] {subprocess.py:110} INFO - Command exited with return code 0
[2025-06-22T12:38:14.180+0000] {taskinstance.py:341} INFO - ::group::Post task execution logs
[2025-06-22T12:38:14.180+0000] {taskinstance.py:353} INFO - Marking task as SUCCESS. dag_id=consume_1_or_2_with_dataset_expressions, task_id=consume_1_or_2_with_dataset_expressions, run_id=dataset_triggered__2025-06-22T12:38:00.523227+00:00, execution_date=20250622T123800, start_date=20250622T123808, end_date=20250622T123814
[2025-06-22T12:38:14.349+0000] {logging_mixin.py:190} INFO - Task instance in success state
[2025-06-22T12:38:14.350+0000] {logging_mixin.py:190} INFO -  Previous state of the Task instance: running
[2025-06-22T12:38:14.350+0000] {logging_mixin.py:190} INFO - Dag name:consume_1_or_2_with_dataset_expressions queued_at:2025-06-22 12:38:01.659723+00:00
[2025-06-22T12:38:14.351+0000] {logging_mixin.py:190} INFO - Task hostname:a5c304807a12 operator:BashOperator
[2025-06-22T12:38:14.390+0000] {local_task_job_runner.py:266} INFO - Task exited with return code 0
[2025-06-22T12:38:14.404+0000] {taskinstance.py:3901} INFO - 0 downstream tasks scheduled from follow-on schedule check
[2025-06-22T12:38:14.408+0000] {local_task_job_runner.py:245} INFO - ::endgroup::
