[2025-06-27T16:58:32.523+0000] {local_task_job_runner.py:123} INFO - ::group::Pre task execution logs
[2025-06-27T16:58:32.690+0000] {taskinstance.py:2614} INFO - Dependencies all met for dep_context=non-requeueable deps ti=<TaskInstance: example_branch_python_operator_decorator.branching_virtualenv scheduled__2025-06-26T00:00:00+00:00 [queued]>
[2025-06-27T16:58:32.701+0000] {taskinstance.py:2614} INFO - Dependencies all met for dep_context=requeueable deps ti=<TaskInstance: example_branch_python_operator_decorator.branching_virtualenv scheduled__2025-06-26T00:00:00+00:00 [queued]>
[2025-06-27T16:58:32.702+0000] {taskinstance.py:2867} INFO - Starting attempt 1 of 1
[2025-06-27T16:58:32.717+0000] {taskinstance.py:2890} INFO - Executing <Task(_BranchPythonVirtualenvDecoratedOperator): branching_virtualenv> on 2025-06-26 00:00:00+00:00
[2025-06-27T16:58:32.725+0000] {warnings.py:112} WARNING - /home/***/.local/lib/python3.12/site-packages/***/task/task_runner/standard_task_runner.py:70: DeprecationWarning: This process (pid=619) is multi-threaded, use of fork() may lead to deadlocks in the child.
  pid = os.fork()

[2025-06-27T16:58:32.726+0000] {standard_task_runner.py:72} INFO - Started process 635 to run task
[2025-06-27T16:58:32.727+0000] {standard_task_runner.py:104} INFO - Running: ['***', 'tasks', 'run', 'example_branch_python_operator_decorator', 'branching_virtualenv', 'scheduled__2025-06-26T00:00:00+00:00', '--job-id', '156', '--raw', '--subdir', '/home/***/.local/lib/python3.12/site-packages/***/example_dags/example_branch_operator_decorator.py', '--cfg-path', '/tmp/tmpfbxbppqg']
[2025-06-27T16:58:32.728+0000] {standard_task_runner.py:105} INFO - Job 156: Subtask branching_virtualenv
[2025-06-27T16:58:32.791+0000] {task_command.py:467} INFO - Running <TaskInstance: example_branch_python_operator_decorator.branching_virtualenv scheduled__2025-06-26T00:00:00+00:00 [running]> on host a5c304807a12
[2025-06-27T16:58:32.886+0000] {taskinstance.py:3134} INFO - Exporting env vars: AIRFLOW_CTX_DAG_OWNER='***' AIRFLOW_CTX_DAG_ID='example_branch_python_operator_decorator' AIRFLOW_CTX_TASK_ID='branching_virtualenv' AIRFLOW_CTX_EXECUTION_DATE='2025-06-26T00:00:00+00:00' AIRFLOW_CTX_TRY_NUMBER='1' AIRFLOW_CTX_DAG_RUN_ID='scheduled__2025-06-26T00:00:00+00:00'
[2025-06-27T16:58:32.889+0000] {logging_mixin.py:190} INFO - Task instance is in running state
[2025-06-27T16:58:32.889+0000] {logging_mixin.py:190} INFO -  Previous state of the Task instance: queued
[2025-06-27T16:58:32.890+0000] {logging_mixin.py:190} INFO - Current task name:branching_virtualenv state:running start_date:2025-06-27 16:58:32.691269+00:00
[2025-06-27T16:58:32.890+0000] {logging_mixin.py:190} INFO - Dag name:example_branch_python_operator_decorator and current dag run status:running
[2025-06-27T16:58:32.890+0000] {taskinstance.py:732} INFO - ::endgroup::
[2025-06-27T16:58:32.897+0000] {python.py:809} INFO - Python virtual environment will be cached in /tmp/venv-5ea997a7
[2025-06-27T16:58:32.900+0000] {python.py:823} INFO - Re-using cached Python virtual environment in /tmp/venv-5ea997a7
[2025-06-27T16:58:32.901+0000] {python.py:513} INFO - Use 'pickle' as serializer.
[2025-06-27T16:58:32.911+0000] {process_utils.py:186} INFO - Executing cmd: /tmp/venv-5ea997a7/bin/python /tmp/venv-calluc0zpuqx/script.py /tmp/venv-calluc0zpuqx/script.in /tmp/venv-calluc0zpuqx/script.out /tmp/venv-calluc0zpuqx/string_args.txt /tmp/venv-calluc0zpuqx/termination.log
[2025-06-27T16:58:32.918+0000] {process_utils.py:190} INFO - Output:
[2025-06-27T16:58:35.784+0000] {process_utils.py:194} INFO - Some numpy stuff: [0 1 2 3 4 5]
[2025-06-27T16:58:36.194+0000] {python.py:240} INFO - Done. Returned value was: venv_d
[2025-06-27T16:58:36.195+0000] {branch.py:38} INFO - Branch into venv_d
[2025-06-27T16:58:36.195+0000] {skipmixin.py:233} INFO - Following branch ('venv_d',)
[2025-06-27T16:58:36.206+0000] {skipmixin.py:281} INFO - Skipping tasks [('venv_a', -1), ('venv_b', -1), ('venv_c', -1)]
[2025-06-27T16:58:36.239+0000] {taskinstance.py:341} INFO - ::group::Post task execution logs
[2025-06-27T16:58:36.240+0000] {taskinstance.py:353} INFO - Marking task as SUCCESS. dag_id=example_branch_python_operator_decorator, task_id=branching_virtualenv, run_id=scheduled__2025-06-26T00:00:00+00:00, execution_date=20250626T000000, start_date=20250627T165832, end_date=20250627T165836
[2025-06-27T16:58:36.264+0000] {logging_mixin.py:190} INFO - Task instance in success state
[2025-06-27T16:58:36.264+0000] {logging_mixin.py:190} INFO -  Previous state of the Task instance: running
[2025-06-27T16:58:36.265+0000] {logging_mixin.py:190} INFO - Dag name:example_branch_python_operator_decorator queued_at:2025-06-27 16:57:55.610279+00:00
[2025-06-27T16:58:36.265+0000] {logging_mixin.py:190} INFO - Task hostname:a5c304807a12 operator:_BranchPythonVirtualenvDecoratedOperator
[2025-06-27T16:58:36.314+0000] {local_task_job_runner.py:266} INFO - Task exited with return code 0
[2025-06-27T16:58:36.343+0000] {taskinstance.py:3901} INFO - 1 downstream tasks scheduled from follow-on schedule check
[2025-06-27T16:58:36.348+0000] {local_task_job_runner.py:245} INFO - ::endgroup::
