[2025-06-22T12:22:44.587+0000] {local_task_job_runner.py:123} INFO - ::group::Pre task execution logs
[2025-06-22T12:22:44.653+0000] {taskinstance.py:2614} INFO - Dependencies all met for dep_context=non-requeueable deps ti=<TaskInstance: example_branch_python_operator_decorator.branching scheduled__2025-06-21T00:00:00+00:00 [queued]>
[2025-06-22T12:22:44.676+0000] {taskinstance.py:2614} INFO - Dependencies all met for dep_context=requeueable deps ti=<TaskInstance: example_branch_python_operator_decorator.branching scheduled__2025-06-21T00:00:00+00:00 [queued]>
[2025-06-22T12:22:44.677+0000] {taskinstance.py:2867} INFO - Starting attempt 1 of 1
[2025-06-22T12:22:44.976+0000] {taskinstance.py:2890} INFO - Executing <Task(_BranchPythonDecoratedOperator): branching> on 2025-06-21 00:00:00+00:00
[2025-06-22T12:22:44.990+0000] {warnings.py:112} WARNING - /home/***/.local/lib/python3.12/site-packages/***/task/task_runner/standard_task_runner.py:70: DeprecationWarning: This process (pid=164) is multi-threaded, use of fork() may lead to deadlocks in the child.
  pid = os.fork()

[2025-06-22T12:22:44.998+0000] {standard_task_runner.py:72} INFO - Started process 194 to run task
[2025-06-22T12:22:44.999+0000] {standard_task_runner.py:104} INFO - Running: ['***', 'tasks', 'run', 'example_branch_python_operator_decorator', 'branching', 'scheduled__2025-06-21T00:00:00+00:00', '--job-id', '22', '--raw', '--subdir', '/home/***/.local/lib/python3.12/site-packages/***/example_dags/example_branch_operator_decorator.py', '--cfg-path', '/tmp/tmp7j1_rf9q']
[2025-06-22T12:22:45.003+0000] {standard_task_runner.py:105} INFO - Job 22: Subtask branching
[2025-06-22T12:22:45.127+0000] {task_command.py:467} INFO - Running <TaskInstance: example_branch_python_operator_decorator.branching scheduled__2025-06-21T00:00:00+00:00 [running]> on host 342e1477a02c
[2025-06-22T12:22:45.351+0000] {taskinstance.py:3134} INFO - Exporting env vars: AIRFLOW_CTX_DAG_OWNER='***' AIRFLOW_CTX_DAG_ID='example_branch_python_operator_decorator' AIRFLOW_CTX_TASK_ID='branching' AIRFLOW_CTX_EXECUTION_DATE='2025-06-21T00:00:00+00:00' AIRFLOW_CTX_TRY_NUMBER='1' AIRFLOW_CTX_DAG_RUN_ID='scheduled__2025-06-21T00:00:00+00:00'
[2025-06-22T12:22:45.357+0000] {logging_mixin.py:190} INFO - Task instance is in running state
[2025-06-22T12:22:45.360+0000] {logging_mixin.py:190} INFO -  Previous state of the Task instance: queued
[2025-06-22T12:22:45.381+0000] {logging_mixin.py:190} INFO - Current task name:branching state:running start_date:2025-06-22 12:22:44.656929+00:00
[2025-06-22T12:22:45.388+0000] {logging_mixin.py:190} INFO - Dag name:example_branch_python_operator_decorator and current dag run status:running
[2025-06-22T12:22:45.390+0000] {taskinstance.py:732} INFO - ::endgroup::
[2025-06-22T12:22:45.392+0000] {python.py:240} INFO - Done. Returned value was: branch_d
[2025-06-22T12:22:45.405+0000] {branch.py:38} INFO - Branch into branch_d
[2025-06-22T12:22:45.408+0000] {skipmixin.py:233} INFO - Following branch ('branch_d',)
[2025-06-22T12:22:45.443+0000] {skipmixin.py:281} INFO - Skipping tasks [('branch_a', -1), ('branch_b', -1), ('branch_c', -1)]
[2025-06-22T12:22:45.513+0000] {taskinstance.py:341} INFO - ::group::Post task execution logs
[2025-06-22T12:22:45.516+0000] {taskinstance.py:353} INFO - Marking task as SUCCESS. dag_id=example_branch_python_operator_decorator, task_id=branching, run_id=scheduled__2025-06-21T00:00:00+00:00, execution_date=20250621T000000, start_date=20250622T122244, end_date=20250622T122245
[2025-06-22T12:22:45.569+0000] {logging_mixin.py:190} INFO - Task instance in success state
[2025-06-22T12:22:45.570+0000] {logging_mixin.py:190} INFO -  Previous state of the Task instance: running
[2025-06-22T12:22:45.573+0000] {logging_mixin.py:190} INFO - Dag name:example_branch_python_operator_decorator queued_at:2025-06-22 12:22:39.890765+00:00
[2025-06-22T12:22:45.573+0000] {logging_mixin.py:190} INFO - Task hostname:342e1477a02c operator:_BranchPythonDecoratedOperator
[2025-06-22T12:22:45.630+0000] {local_task_job_runner.py:266} INFO - Task exited with return code 0
[2025-06-22T12:22:45.703+0000] {taskinstance.py:3901} INFO - 1 downstream tasks scheduled from follow-on schedule check
[2025-06-22T12:22:45.713+0000] {local_task_job_runner.py:245} INFO - ::endgroup::
[2025-06-22T12:37:59.617+0000] {local_task_job_runner.py:123} INFO - ::group::Pre task execution logs
[2025-06-22T12:37:59.657+0000] {taskinstance.py:2614} INFO - Dependencies all met for dep_context=non-requeueable deps ti=<TaskInstance: example_branch_python_operator_decorator.branching scheduled__2025-06-21T00:00:00+00:00 [queued]>
[2025-06-22T12:37:59.678+0000] {taskinstance.py:2614} INFO - Dependencies all met for dep_context=requeueable deps ti=<TaskInstance: example_branch_python_operator_decorator.branching scheduled__2025-06-21T00:00:00+00:00 [queued]>
[2025-06-22T12:37:59.679+0000] {taskinstance.py:2867} INFO - Starting attempt 1 of 1
[2025-06-22T12:37:59.956+0000] {taskinstance.py:2890} INFO - Executing <Task(_BranchPythonDecoratedOperator): branching> on 2025-06-21 00:00:00+00:00
[2025-06-22T12:37:59.973+0000] {warnings.py:112} WARNING - /home/***/.local/lib/python3.12/site-packages/***/task/task_runner/standard_task_runner.py:70: DeprecationWarning: This process (pid=154) is multi-threaded, use of fork() may lead to deadlocks in the child.
  pid = os.fork()

[2025-06-22T12:37:59.977+0000] {standard_task_runner.py:72} INFO - Started process 188 to run task
[2025-06-22T12:37:59.977+0000] {standard_task_runner.py:104} INFO - Running: ['***', 'tasks', 'run', 'example_branch_python_operator_decorator', 'branching', 'scheduled__2025-06-21T00:00:00+00:00', '--job-id', '21', '--raw', '--subdir', '/home/***/.local/lib/python3.12/site-packages/***/example_dags/example_branch_operator_decorator.py', '--cfg-path', '/tmp/tmpjoqoh65x']
[2025-06-22T12:37:59.981+0000] {standard_task_runner.py:105} INFO - Job 21: Subtask branching
[2025-06-22T12:38:00.105+0000] {task_command.py:467} INFO - Running <TaskInstance: example_branch_python_operator_decorator.branching scheduled__2025-06-21T00:00:00+00:00 [running]> on host a5c304807a12
[2025-06-22T12:38:00.316+0000] {taskinstance.py:3134} INFO - Exporting env vars: AIRFLOW_CTX_DAG_OWNER='***' AIRFLOW_CTX_DAG_ID='example_branch_python_operator_decorator' AIRFLOW_CTX_TASK_ID='branching' AIRFLOW_CTX_EXECUTION_DATE='2025-06-21T00:00:00+00:00' AIRFLOW_CTX_TRY_NUMBER='1' AIRFLOW_CTX_DAG_RUN_ID='scheduled__2025-06-21T00:00:00+00:00'
[2025-06-22T12:38:00.318+0000] {logging_mixin.py:190} INFO - Task instance is in running state
[2025-06-22T12:38:00.319+0000] {logging_mixin.py:190} INFO -  Previous state of the Task instance: queued
[2025-06-22T12:38:00.319+0000] {logging_mixin.py:190} INFO - Current task name:branching state:running start_date:2025-06-22 12:37:59.658057+00:00
[2025-06-22T12:38:00.320+0000] {logging_mixin.py:190} INFO - Dag name:example_branch_python_operator_decorator and current dag run status:running
[2025-06-22T12:38:00.321+0000] {taskinstance.py:732} INFO - ::endgroup::
[2025-06-22T12:38:00.323+0000] {python.py:240} INFO - Done. Returned value was: branch_a
[2025-06-22T12:38:00.326+0000] {branch.py:38} INFO - Branch into branch_a
[2025-06-22T12:38:00.328+0000] {skipmixin.py:233} INFO - Following branch ('branch_a',)
[2025-06-22T12:38:00.369+0000] {skipmixin.py:281} INFO - Skipping tasks [('branch_d', -1), ('branch_c', -1), ('branch_b', -1)]
[2025-06-22T12:38:00.488+0000] {taskinstance.py:341} INFO - ::group::Post task execution logs
[2025-06-22T12:38:00.491+0000] {taskinstance.py:353} INFO - Marking task as SUCCESS. dag_id=example_branch_python_operator_decorator, task_id=branching, run_id=scheduled__2025-06-21T00:00:00+00:00, execution_date=20250621T000000, start_date=20250622T123759, end_date=20250622T123800
[2025-06-22T12:38:00.557+0000] {logging_mixin.py:190} INFO - Task instance in success state
[2025-06-22T12:38:00.558+0000] {logging_mixin.py:190} INFO -  Previous state of the Task instance: running
[2025-06-22T12:38:00.559+0000] {logging_mixin.py:190} INFO - Dag name:example_branch_python_operator_decorator queued_at:2025-06-22 12:37:53.893513+00:00
[2025-06-22T12:38:00.559+0000] {logging_mixin.py:190} INFO - Task hostname:a5c304807a12 operator:_BranchPythonDecoratedOperator
[2025-06-22T12:38:00.620+0000] {local_task_job_runner.py:266} INFO - Task exited with return code 0
[2025-06-22T12:38:00.643+0000] {local_task_job_runner.py:245} INFO - ::endgroup::
