[2025-06-27T16:58:20.027+0000] {local_task_job_runner.py:123} INFO - ::group::Pre task execution logs
[2025-06-27T16:58:20.052+0000] {taskinstance.py:2614} INFO - Dependencies all met for dep_context=non-requeueable deps ti=<TaskInstance: example_branch_operator.branching_ext_python scheduled__2025-06-26T00:00:00+00:00 [queued]>
[2025-06-27T16:58:20.212+0000] {taskinstance.py:2614} INFO - Dependencies all met for dep_context=requeueable deps ti=<TaskInstance: example_branch_operator.branching_ext_python scheduled__2025-06-26T00:00:00+00:00 [queued]>
[2025-06-27T16:58:20.213+0000] {taskinstance.py:2867} INFO - Starting attempt 1 of 1
[2025-06-27T16:58:20.226+0000] {taskinstance.py:2890} INFO - Executing <Task(BranchExternalPythonOperator): branching_ext_python> on 2025-06-26 00:00:00+00:00
[2025-06-27T16:58:20.233+0000] {warnings.py:112} WARNING - /home/***/.local/lib/python3.12/site-packages/***/task/task_runner/standard_task_runner.py:70: DeprecationWarning: This process (pid=425) is multi-threaded, use of fork() may lead to deadlocks in the child.
  pid = os.fork()

[2025-06-27T16:58:20.234+0000] {standard_task_runner.py:72} INFO - Started process 434 to run task
[2025-06-27T16:58:20.235+0000] {standard_task_runner.py:104} INFO - Running: ['***', 'tasks', 'run', 'example_branch_operator', 'branching_ext_python', 'scheduled__2025-06-26T00:00:00+00:00', '--job-id', '146', '--raw', '--subdir', '/home/***/.local/lib/python3.12/site-packages/***/example_dags/example_branch_operator.py', '--cfg-path', '/tmp/tmpy_empkz2']
[2025-06-27T16:58:20.236+0000] {standard_task_runner.py:105} INFO - Job 146: Subtask branching_ext_python
[2025-06-27T16:58:20.293+0000] {task_command.py:467} INFO - Running <TaskInstance: example_branch_operator.branching_ext_python scheduled__2025-06-26T00:00:00+00:00 [running]> on host a5c304807a12
[2025-06-27T16:58:20.378+0000] {taskinstance.py:3134} INFO - Exporting env vars: AIRFLOW_CTX_DAG_OWNER='***' AIRFLOW_CTX_DAG_ID='example_branch_operator' AIRFLOW_CTX_TASK_ID='branching_ext_python' AIRFLOW_CTX_EXECUTION_DATE='2025-06-26T00:00:00+00:00' AIRFLOW_CTX_TRY_NUMBER='1' AIRFLOW_CTX_DAG_RUN_ID='scheduled__2025-06-26T00:00:00+00:00'
[2025-06-27T16:58:20.379+0000] {logging_mixin.py:190} INFO - Task instance is in running state
[2025-06-27T16:58:20.380+0000] {logging_mixin.py:190} INFO -  Previous state of the Task instance: queued
[2025-06-27T16:58:20.380+0000] {logging_mixin.py:190} INFO - Current task name:branching_ext_python state:running start_date:2025-06-27 16:58:20.053161+00:00
[2025-06-27T16:58:20.381+0000] {logging_mixin.py:190} INFO - Dag name:example_branch_operator and current dag run status:running
[2025-06-27T16:58:20.381+0000] {taskinstance.py:732} INFO - ::endgroup::
[2025-06-27T16:58:20.382+0000] {baseoperator.py:423} WARNING - BranchExternalPythonOperator.execute cannot be called outside TaskInstance!
[2025-06-27T16:58:20.740+0000] {baseoperator.py:423} WARNING - BranchExternalPythonOperator.execute cannot be called outside TaskInstance!
[2025-06-27T16:58:20.776+0000] {python.py:513} INFO - Use 'pickle' as serializer.
[2025-06-27T16:58:20.785+0000] {process_utils.py:186} INFO - Executing cmd: /home/***/.local/bin/python /tmp/venv-callom0he395/script.py /tmp/venv-callom0he395/script.in /tmp/venv-callom0he395/script.out /tmp/venv-callom0he395/string_args.txt /tmp/venv-callom0he395/termination.log
[2025-06-27T16:58:20.786+0000] {process_utils.py:190} INFO - Output:
[2025-06-27T16:58:23.753+0000] {python.py:240} INFO - Done. Returned value was: ext_py_b
[2025-06-27T16:58:23.754+0000] {branch.py:38} INFO - Branch into ext_py_b
[2025-06-27T16:58:23.755+0000] {skipmixin.py:233} INFO - Following branch ('ext_py_b',)
[2025-06-27T16:58:23.772+0000] {skipmixin.py:281} INFO - Skipping tasks [('ext_py_c', -1), ('ext_py_d', -1), ('ext_py_a', -1)]
[2025-06-27T16:58:23.812+0000] {taskinstance.py:341} INFO - ::group::Post task execution logs
[2025-06-27T16:58:23.813+0000] {taskinstance.py:353} INFO - Marking task as SUCCESS. dag_id=example_branch_operator, task_id=branching_ext_python, run_id=scheduled__2025-06-26T00:00:00+00:00, execution_date=20250626T000000, start_date=20250627T165820, end_date=20250627T165823
[2025-06-27T16:58:23.870+0000] {logging_mixin.py:190} INFO - Task instance in success state
[2025-06-27T16:58:23.871+0000] {logging_mixin.py:190} INFO -  Previous state of the Task instance: running
[2025-06-27T16:58:23.872+0000] {logging_mixin.py:190} INFO - Dag name:example_branch_operator queued_at:2025-06-27 16:57:56.078071+00:00
[2025-06-27T16:58:23.872+0000] {logging_mixin.py:190} INFO - Task hostname:a5c304807a12 operator:BranchExternalPythonOperator
[2025-06-27T16:58:23.900+0000] {local_task_job_runner.py:266} INFO - Task exited with return code 0
[2025-06-27T16:58:23.932+0000] {taskinstance.py:3901} INFO - 1 downstream tasks scheduled from follow-on schedule check
[2025-06-27T16:58:23.941+0000] {local_task_job_runner.py:245} INFO - ::endgroup::
