[2025-06-27T16:58:24.767+0000] {local_task_job_runner.py:123} INFO - ::group::Pre task execution logs
[2025-06-27T16:58:24.986+0000] {taskinstance.py:2614} INFO - Dependencies all met for dep_context=non-requeueable deps ti=<TaskInstance: example_branch_python_operator_decorator.ext_py_b scheduled__2025-06-22T00:00:00+00:00 [queued]>
[2025-06-27T16:58:24.998+0000] {taskinstance.py:2614} INFO - Dependencies all met for dep_context=requeueable deps ti=<TaskInstance: example_branch_python_operator_decorator.ext_py_b scheduled__2025-06-22T00:00:00+00:00 [queued]>
[2025-06-27T16:58:24.999+0000] {taskinstance.py:2867} INFO - Starting attempt 1 of 1
[2025-06-27T16:58:25.020+0000] {taskinstance.py:2890} INFO - Executing <Task(_PythonExternalDecoratedOperator): ext_py_b> on 2025-06-22 00:00:00+00:00
[2025-06-27T16:58:25.029+0000] {warnings.py:112} WARNING - /home/***/.local/lib/python3.12/site-packages/***/task/task_runner/standard_task_runner.py:70: DeprecationWarning: This process (pid=519) is multi-threaded, use of fork() may lead to deadlocks in the child.
  pid = os.fork()

[2025-06-27T16:58:25.031+0000] {standard_task_runner.py:72} INFO - Started process 529 to run task
[2025-06-27T16:58:25.031+0000] {standard_task_runner.py:104} INFO - Running: ['***', 'tasks', 'run', 'example_branch_python_operator_decorator', 'ext_py_b', 'scheduled__2025-06-22T00:00:00+00:00', '--job-id', '150', '--raw', '--subdir', '/home/***/.local/lib/python3.12/site-packages/***/example_dags/example_branch_operator_decorator.py', '--cfg-path', '/tmp/tmp6d4yqs9e']
[2025-06-27T16:58:25.033+0000] {standard_task_runner.py:105} INFO - Job 150: Subtask ext_py_b
[2025-06-27T16:58:25.098+0000] {task_command.py:467} INFO - Running <TaskInstance: example_branch_python_operator_decorator.ext_py_b scheduled__2025-06-22T00:00:00+00:00 [running]> on host a5c304807a12
[2025-06-27T16:58:25.191+0000] {taskinstance.py:3134} INFO - Exporting env vars: AIRFLOW_CTX_DAG_OWNER='***' AIRFLOW_CTX_DAG_ID='example_branch_python_operator_decorator' AIRFLOW_CTX_TASK_ID='ext_py_b' AIRFLOW_CTX_EXECUTION_DATE='2025-06-22T00:00:00+00:00' AIRFLOW_CTX_TRY_NUMBER='1' AIRFLOW_CTX_DAG_RUN_ID='scheduled__2025-06-22T00:00:00+00:00'
[2025-06-27T16:58:25.192+0000] {logging_mixin.py:190} INFO - Task instance is in running state
[2025-06-27T16:58:25.193+0000] {logging_mixin.py:190} INFO -  Previous state of the Task instance: queued
[2025-06-27T16:58:25.194+0000] {logging_mixin.py:190} INFO - Current task name:ext_py_b state:running start_date:2025-06-27 16:58:24.987494+00:00
[2025-06-27T16:58:25.194+0000] {logging_mixin.py:190} INFO - Dag name:example_branch_python_operator_decorator and current dag run status:running
[2025-06-27T16:58:25.194+0000] {taskinstance.py:732} INFO - ::endgroup::
[2025-06-27T16:58:25.584+0000] {process_utils.py:186} INFO - Executing cmd: /home/***/.local/bin/python /tmp/venv-call9oyep1y6/script.py /tmp/venv-call9oyep1y6/script.in /tmp/venv-call9oyep1y6/script.out /tmp/venv-call9oyep1y6/string_args.txt /tmp/venv-call9oyep1y6/termination.log
[2025-06-27T16:58:25.586+0000] {process_utils.py:190} INFO - Output:
[2025-06-27T16:58:28.305+0000] {process_utils.py:194} INFO - doing something in external Python
[2025-06-27T16:58:28.702+0000] {python.py:240} INFO - Done. Returned value was: None
[2025-06-27T16:58:28.715+0000] {taskinstance.py:341} INFO - ::group::Post task execution logs
[2025-06-27T16:58:28.715+0000] {taskinstance.py:353} INFO - Marking task as SUCCESS. dag_id=example_branch_python_operator_decorator, task_id=ext_py_b, run_id=scheduled__2025-06-22T00:00:00+00:00, execution_date=20250622T000000, start_date=20250627T165824, end_date=20250627T165828
[2025-06-27T16:58:28.741+0000] {logging_mixin.py:190} INFO - Task instance in success state
[2025-06-27T16:58:28.741+0000] {logging_mixin.py:190} INFO -  Previous state of the Task instance: running
[2025-06-27T16:58:28.742+0000] {logging_mixin.py:190} INFO - Dag name:example_branch_python_operator_decorator queued_at:2025-06-27 16:57:54.039454+00:00
[2025-06-27T16:58:28.742+0000] {logging_mixin.py:190} INFO - Task hostname:a5c304807a12 operator:_PythonExternalDecoratedOperator
[2025-06-27T16:58:28.781+0000] {local_task_job_runner.py:266} INFO - Task exited with return code 0
[2025-06-27T16:58:28.810+0000] {taskinstance.py:3901} INFO - 0 downstream tasks scheduled from follow-on schedule check
[2025-06-27T16:58:28.813+0000] {local_task_job_runner.py:245} INFO - ::endgroup::
