[2025-06-27T16:58:07.059+0000] {local_task_job_runner.py:123} INFO - ::group::Pre task execution logs
[2025-06-27T16:58:07.085+0000] {taskinstance.py:2614} INFO - Dependencies all met for dep_context=non-requeueable deps ti=<TaskInstance: example_nested_branch_dag.branch_1 scheduled__2025-06-26T00:00:00+00:00 [queued]>
[2025-06-27T16:58:07.099+0000] {taskinstance.py:2614} INFO - Dependencies all met for dep_context=requeueable deps ti=<TaskInstance: example_nested_branch_dag.branch_1 scheduled__2025-06-26T00:00:00+00:00 [queued]>
[2025-06-27T16:58:07.102+0000] {taskinstance.py:2867} INFO - Starting attempt 1 of 1
[2025-06-27T16:58:07.352+0000] {taskinstance.py:2890} INFO - Executing <Task(_BranchPythonDecoratedOperator): branch_1> on 2025-06-26 00:00:00+00:00
[2025-06-27T16:58:07.367+0000] {warnings.py:112} WARNING - /home/***/.local/lib/python3.12/site-packages/***/task/task_runner/standard_task_runner.py:70: DeprecationWarning: This process (pid=193) is multi-threaded, use of fork() may lead to deadlocks in the child.
  pid = os.fork()

[2025-06-27T16:58:07.371+0000] {standard_task_runner.py:72} INFO - Started process 249 to run task
[2025-06-27T16:58:07.372+0000] {standard_task_runner.py:104} INFO - Running: ['***', 'tasks', 'run', 'example_nested_branch_dag', 'branch_1', 'scheduled__2025-06-26T00:00:00+00:00', '--job-id', '100', '--raw', '--subdir', '/home/***/.local/lib/python3.12/site-packages/***/example_dags/example_nested_branch_dag.py', '--cfg-path', '/tmp/tmpu63dms_e']
[2025-06-27T16:58:07.375+0000] {standard_task_runner.py:105} INFO - Job 100: Subtask branch_1
[2025-06-27T16:58:07.490+0000] {task_command.py:467} INFO - Running <TaskInstance: example_nested_branch_dag.branch_1 scheduled__2025-06-26T00:00:00+00:00 [running]> on host a5c304807a12
[2025-06-27T16:58:07.654+0000] {taskinstance.py:3134} INFO - Exporting env vars: AIRFLOW_CTX_DAG_OWNER='***' AIRFLOW_CTX_DAG_ID='example_nested_branch_dag' AIRFLOW_CTX_TASK_ID='branch_1' AIRFLOW_CTX_EXECUTION_DATE='2025-06-26T00:00:00+00:00' AIRFLOW_CTX_TRY_NUMBER='1' AIRFLOW_CTX_DAG_RUN_ID='scheduled__2025-06-26T00:00:00+00:00'
[2025-06-27T16:58:07.663+0000] {logging_mixin.py:190} INFO - Task instance is in running state
[2025-06-27T16:58:07.664+0000] {logging_mixin.py:190} INFO -  Previous state of the Task instance: queued
[2025-06-27T16:58:07.665+0000] {logging_mixin.py:190} INFO - Current task name:branch_1 state:running start_date:2025-06-27 16:58:07.085929+00:00
[2025-06-27T16:58:07.665+0000] {logging_mixin.py:190} INFO - Dag name:example_nested_branch_dag and current dag run status:running
[2025-06-27T16:58:07.666+0000] {taskinstance.py:732} INFO - ::endgroup::
[2025-06-27T16:58:07.667+0000] {python.py:240} INFO - Done. Returned value was: true_1
[2025-06-27T16:58:07.671+0000] {branch.py:38} INFO - Branch into true_1
[2025-06-27T16:58:07.673+0000] {skipmixin.py:233} INFO - Following branch ('true_1',)
[2025-06-27T16:58:07.698+0000] {skipmixin.py:281} INFO - Skipping tasks [('false_1', -1)]
[2025-06-27T16:58:07.763+0000] {taskinstance.py:341} INFO - ::group::Post task execution logs
[2025-06-27T16:58:07.765+0000] {taskinstance.py:353} INFO - Marking task as SUCCESS. dag_id=example_nested_branch_dag, task_id=branch_1, run_id=scheduled__2025-06-26T00:00:00+00:00, execution_date=20250626T000000, start_date=20250627T165807, end_date=20250627T165807
[2025-06-27T16:58:07.809+0000] {logging_mixin.py:190} INFO - Task instance in success state
[2025-06-27T16:58:07.809+0000] {logging_mixin.py:190} INFO -  Previous state of the Task instance: running
[2025-06-27T16:58:07.810+0000] {logging_mixin.py:190} INFO - Dag name:example_nested_branch_dag queued_at:2025-06-27 16:57:56.046178+00:00
[2025-06-27T16:58:07.811+0000] {logging_mixin.py:190} INFO - Task hostname:a5c304807a12 operator:_BranchPythonDecoratedOperator
[2025-06-27T16:58:07.842+0000] {local_task_job_runner.py:266} INFO - Task exited with return code 0
[2025-06-27T16:58:07.896+0000] {taskinstance.py:3901} INFO - 0 downstream tasks scheduled from follow-on schedule check
[2025-06-27T16:58:07.904+0000] {local_task_job_runner.py:245} INFO - ::endgroup::
