[2025-06-27T16:57:58.893+0000] {processor.py:186} INFO - Started process (PID=164) to work on /home/airflow/.local/lib/python3.12/site-packages/airflow/example_dags/example_inlet_event_extra.py
[2025-06-27T16:57:58.894+0000] {processor.py:914} INFO - Processing file /home/airflow/.local/lib/python3.12/site-packages/airflow/example_dags/example_inlet_event_extra.py for tasks to queue
[2025-06-27T16:57:58.898+0000] {logging_mixin.py:190} INFO - [2025-06-27T16:57:58.897+0000] {dagbag.py:588} INFO - Filling up the DagBag from /home/airflow/.local/lib/python3.12/site-packages/airflow/example_dags/example_inlet_event_extra.py
[2025-06-27T16:57:59.875+0000] {processor.py:925} INFO - DAG(s) 'read_dataset_event', 'read_dataset_event_from_classic' retrieved from /home/airflow/.local/lib/python3.12/site-packages/airflow/example_dags/example_inlet_event_extra.py
[2025-06-27T16:57:59.911+0000] {logging_mixin.py:190} INFO - [2025-06-27T16:57:59.910+0000] {dag.py:3239} INFO - Sync 2 DAGs
[2025-06-27T16:57:59.956+0000] {logging_mixin.py:190} INFO - [2025-06-27T16:57:59.956+0000] {dag.py:4180} INFO - Setting next_dagrun for read_dataset_event to 2025-06-27 00:00:00+00:00, run_after=2025-06-28 00:00:00+00:00
[2025-06-27T16:57:59.970+0000] {logging_mixin.py:190} INFO - [2025-06-27T16:57:59.970+0000] {dag.py:4180} INFO - Setting next_dagrun for read_dataset_event_from_classic to 2025-06-27 00:00:00+00:00, run_after=2025-06-28 00:00:00+00:00
[2025-06-27T16:58:00.002+0000] {processor.py:208} INFO - Processing /home/airflow/.local/lib/python3.12/site-packages/airflow/example_dags/example_inlet_event_extra.py took 1.119 seconds
[2025-06-27T16:58:30.606+0000] {processor.py:186} INFO - Started process (PID=300) to work on /home/airflow/.local/lib/python3.12/site-packages/airflow/example_dags/example_inlet_event_extra.py
[2025-06-27T16:58:30.607+0000] {processor.py:914} INFO - Processing file /home/airflow/.local/lib/python3.12/site-packages/airflow/example_dags/example_inlet_event_extra.py for tasks to queue
[2025-06-27T16:58:30.614+0000] {logging_mixin.py:190} INFO - [2025-06-27T16:58:30.613+0000] {dagbag.py:588} INFO - Filling up the DagBag from /home/airflow/.local/lib/python3.12/site-packages/airflow/example_dags/example_inlet_event_extra.py
[2025-06-27T16:58:31.191+0000] {processor.py:925} INFO - DAG(s) 'read_dataset_event_from_classic', 'read_dataset_event' retrieved from /home/airflow/.local/lib/python3.12/site-packages/airflow/example_dags/example_inlet_event_extra.py
[2025-06-27T16:58:31.217+0000] {logging_mixin.py:190} INFO - [2025-06-27T16:58:31.217+0000] {dag.py:3239} INFO - Sync 2 DAGs
[2025-06-27T16:58:31.243+0000] {logging_mixin.py:190} INFO - [2025-06-27T16:58:31.242+0000] {dag.py:4180} INFO - Setting next_dagrun for read_dataset_event to 2025-06-27 00:00:00+00:00, run_after=2025-06-28 00:00:00+00:00
[2025-06-27T16:58:31.248+0000] {logging_mixin.py:190} INFO - [2025-06-27T16:58:31.248+0000] {dag.py:4180} INFO - Setting next_dagrun for read_dataset_event_from_classic to 2025-06-27 00:00:00+00:00, run_after=2025-06-28 00:00:00+00:00
[2025-06-27T16:58:31.265+0000] {processor.py:208} INFO - Processing /home/airflow/.local/lib/python3.12/site-packages/airflow/example_dags/example_inlet_event_extra.py took 0.664 seconds
[2025-06-27T16:59:01.463+0000] {processor.py:186} INFO - Started process (PID=391) to work on /home/airflow/.local/lib/python3.12/site-packages/airflow/example_dags/example_inlet_event_extra.py
[2025-06-27T16:59:01.464+0000] {processor.py:914} INFO - Processing file /home/airflow/.local/lib/python3.12/site-packages/airflow/example_dags/example_inlet_event_extra.py for tasks to queue
[2025-06-27T16:59:01.466+0000] {logging_mixin.py:190} INFO - [2025-06-27T16:59:01.466+0000] {dagbag.py:588} INFO - Filling up the DagBag from /home/airflow/.local/lib/python3.12/site-packages/airflow/example_dags/example_inlet_event_extra.py
[2025-06-27T16:59:01.998+0000] {processor.py:925} INFO - DAG(s) 'read_dataset_event', 'read_dataset_event_from_classic' retrieved from /home/airflow/.local/lib/python3.12/site-packages/airflow/example_dags/example_inlet_event_extra.py
[2025-06-27T16:59:02.016+0000] {logging_mixin.py:190} INFO - [2025-06-27T16:59:02.016+0000] {dag.py:3239} INFO - Sync 2 DAGs
[2025-06-27T16:59:02.038+0000] {logging_mixin.py:190} INFO - [2025-06-27T16:59:02.037+0000] {dag.py:4180} INFO - Setting next_dagrun for read_dataset_event to 2025-06-27 00:00:00+00:00, run_after=2025-06-28 00:00:00+00:00
[2025-06-27T16:59:02.043+0000] {logging_mixin.py:190} INFO - [2025-06-27T16:59:02.043+0000] {dag.py:4180} INFO - Setting next_dagrun for read_dataset_event_from_classic to 2025-06-27 00:00:00+00:00, run_after=2025-06-28 00:00:00+00:00
[2025-06-27T16:59:02.059+0000] {processor.py:208} INFO - Processing /home/airflow/.local/lib/python3.12/site-packages/airflow/example_dags/example_inlet_event_extra.py took 0.601 seconds
[2025-06-27T16:59:32.912+0000] {processor.py:186} INFO - Started process (PID=457) to work on /home/airflow/.local/lib/python3.12/site-packages/airflow/example_dags/example_inlet_event_extra.py
[2025-06-27T16:59:32.913+0000] {processor.py:914} INFO - Processing file /home/airflow/.local/lib/python3.12/site-packages/airflow/example_dags/example_inlet_event_extra.py for tasks to queue
[2025-06-27T16:59:32.915+0000] {logging_mixin.py:190} INFO - [2025-06-27T16:59:32.915+0000] {dagbag.py:588} INFO - Filling up the DagBag from /home/airflow/.local/lib/python3.12/site-packages/airflow/example_dags/example_inlet_event_extra.py
[2025-06-27T16:59:33.426+0000] {processor.py:925} INFO - DAG(s) 'read_dataset_event', 'read_dataset_event_from_classic' retrieved from /home/airflow/.local/lib/python3.12/site-packages/airflow/example_dags/example_inlet_event_extra.py
[2025-06-27T16:59:33.444+0000] {logging_mixin.py:190} INFO - [2025-06-27T16:59:33.444+0000] {dag.py:3239} INFO - Sync 2 DAGs
[2025-06-27T16:59:33.463+0000] {logging_mixin.py:190} INFO - [2025-06-27T16:59:33.463+0000] {dag.py:4180} INFO - Setting next_dagrun for read_dataset_event to 2025-06-27 00:00:00+00:00, run_after=2025-06-28 00:00:00+00:00
[2025-06-27T16:59:33.468+0000] {logging_mixin.py:190} INFO - [2025-06-27T16:59:33.468+0000] {dag.py:4180} INFO - Setting next_dagrun for read_dataset_event_from_classic to 2025-06-27 00:00:00+00:00, run_after=2025-06-28 00:00:00+00:00
[2025-06-27T16:59:33.481+0000] {processor.py:208} INFO - Processing /home/airflow/.local/lib/python3.12/site-packages/airflow/example_dags/example_inlet_event_extra.py took 0.575 seconds
[2025-06-27T17:00:03.651+0000] {processor.py:186} INFO - Started process (PID=527) to work on /home/airflow/.local/lib/python3.12/site-packages/airflow/example_dags/example_inlet_event_extra.py
[2025-06-27T17:00:03.652+0000] {processor.py:914} INFO - Processing file /home/airflow/.local/lib/python3.12/site-packages/airflow/example_dags/example_inlet_event_extra.py for tasks to queue
[2025-06-27T17:00:03.654+0000] {logging_mixin.py:190} INFO - [2025-06-27T17:00:03.653+0000] {dagbag.py:588} INFO - Filling up the DagBag from /home/airflow/.local/lib/python3.12/site-packages/airflow/example_dags/example_inlet_event_extra.py
[2025-06-27T17:00:04.147+0000] {processor.py:925} INFO - DAG(s) 'read_dataset_event', 'read_dataset_event_from_classic' retrieved from /home/airflow/.local/lib/python3.12/site-packages/airflow/example_dags/example_inlet_event_extra.py
[2025-06-27T17:00:04.165+0000] {logging_mixin.py:190} INFO - [2025-06-27T17:00:04.164+0000] {dag.py:3239} INFO - Sync 2 DAGs
[2025-06-27T17:00:04.186+0000] {logging_mixin.py:190} INFO - [2025-06-27T17:00:04.186+0000] {dag.py:4180} INFO - Setting next_dagrun for read_dataset_event to 2025-06-27 00:00:00+00:00, run_after=2025-06-28 00:00:00+00:00
[2025-06-27T17:00:04.190+0000] {logging_mixin.py:190} INFO - [2025-06-27T17:00:04.190+0000] {dag.py:4180} INFO - Setting next_dagrun for read_dataset_event_from_classic to 2025-06-27 00:00:00+00:00, run_after=2025-06-28 00:00:00+00:00
[2025-06-27T17:00:04.205+0000] {processor.py:208} INFO - Processing /home/airflow/.local/lib/python3.12/site-packages/airflow/example_dags/example_inlet_event_extra.py took 0.560 seconds
[2025-06-27T17:00:34.457+0000] {processor.py:186} INFO - Started process (PID=591) to work on /home/airflow/.local/lib/python3.12/site-packages/airflow/example_dags/example_inlet_event_extra.py
[2025-06-27T17:00:34.458+0000] {processor.py:914} INFO - Processing file /home/airflow/.local/lib/python3.12/site-packages/airflow/example_dags/example_inlet_event_extra.py for tasks to queue
[2025-06-27T17:00:34.460+0000] {logging_mixin.py:190} INFO - [2025-06-27T17:00:34.460+0000] {dagbag.py:588} INFO - Filling up the DagBag from /home/airflow/.local/lib/python3.12/site-packages/airflow/example_dags/example_inlet_event_extra.py
[2025-06-27T17:00:35.018+0000] {processor.py:925} INFO - DAG(s) 'read_dataset_event', 'read_dataset_event_from_classic' retrieved from /home/airflow/.local/lib/python3.12/site-packages/airflow/example_dags/example_inlet_event_extra.py
[2025-06-27T17:00:35.035+0000] {logging_mixin.py:190} INFO - [2025-06-27T17:00:35.035+0000] {dag.py:3239} INFO - Sync 2 DAGs
[2025-06-27T17:00:35.058+0000] {logging_mixin.py:190} INFO - [2025-06-27T17:00:35.058+0000] {dag.py:4180} INFO - Setting next_dagrun for read_dataset_event to 2025-06-27 00:00:00+00:00, run_after=2025-06-28 00:00:00+00:00
[2025-06-27T17:00:35.062+0000] {logging_mixin.py:190} INFO - [2025-06-27T17:00:35.062+0000] {dag.py:4180} INFO - Setting next_dagrun for read_dataset_event_from_classic to 2025-06-27 00:00:00+00:00, run_after=2025-06-28 00:00:00+00:00
[2025-06-27T17:00:35.077+0000] {processor.py:208} INFO - Processing /home/airflow/.local/lib/python3.12/site-packages/airflow/example_dags/example_inlet_event_extra.py took 0.627 seconds
[2025-06-27T17:01:05.701+0000] {processor.py:186} INFO - Started process (PID=660) to work on /home/airflow/.local/lib/python3.12/site-packages/airflow/example_dags/example_inlet_event_extra.py
[2025-06-27T17:01:05.702+0000] {processor.py:914} INFO - Processing file /home/airflow/.local/lib/python3.12/site-packages/airflow/example_dags/example_inlet_event_extra.py for tasks to queue
[2025-06-27T17:01:05.706+0000] {logging_mixin.py:190} INFO - [2025-06-27T17:01:05.705+0000] {dagbag.py:588} INFO - Filling up the DagBag from /home/airflow/.local/lib/python3.12/site-packages/airflow/example_dags/example_inlet_event_extra.py
[2025-06-27T17:01:06.336+0000] {processor.py:925} INFO - DAG(s) 'read_dataset_event_from_classic', 'read_dataset_event' retrieved from /home/airflow/.local/lib/python3.12/site-packages/airflow/example_dags/example_inlet_event_extra.py
[2025-06-27T17:01:06.360+0000] {logging_mixin.py:190} INFO - [2025-06-27T17:01:06.359+0000] {dag.py:3239} INFO - Sync 2 DAGs
[2025-06-27T17:01:06.385+0000] {logging_mixin.py:190} INFO - [2025-06-27T17:01:06.385+0000] {dag.py:4180} INFO - Setting next_dagrun for read_dataset_event to 2025-06-27 00:00:00+00:00, run_after=2025-06-28 00:00:00+00:00
[2025-06-27T17:01:06.391+0000] {logging_mixin.py:190} INFO - [2025-06-27T17:01:06.390+0000] {dag.py:4180} INFO - Setting next_dagrun for read_dataset_event_from_classic to 2025-06-27 00:00:00+00:00, run_after=2025-06-28 00:00:00+00:00
[2025-06-27T17:01:06.408+0000] {processor.py:208} INFO - Processing /home/airflow/.local/lib/python3.12/site-packages/airflow/example_dags/example_inlet_event_extra.py took 0.713 seconds
[2025-06-27T17:01:36.928+0000] {processor.py:186} INFO - Started process (PID=724) to work on /home/airflow/.local/lib/python3.12/site-packages/airflow/example_dags/example_inlet_event_extra.py
[2025-06-27T17:01:36.928+0000] {processor.py:914} INFO - Processing file /home/airflow/.local/lib/python3.12/site-packages/airflow/example_dags/example_inlet_event_extra.py for tasks to queue
[2025-06-27T17:01:36.931+0000] {logging_mixin.py:190} INFO - [2025-06-27T17:01:36.930+0000] {dagbag.py:588} INFO - Filling up the DagBag from /home/airflow/.local/lib/python3.12/site-packages/airflow/example_dags/example_inlet_event_extra.py
[2025-06-27T17:01:37.452+0000] {processor.py:925} INFO - DAG(s) 'read_dataset_event', 'read_dataset_event_from_classic' retrieved from /home/airflow/.local/lib/python3.12/site-packages/airflow/example_dags/example_inlet_event_extra.py
[2025-06-27T17:01:37.469+0000] {logging_mixin.py:190} INFO - [2025-06-27T17:01:37.469+0000] {dag.py:3239} INFO - Sync 2 DAGs
[2025-06-27T17:01:37.489+0000] {logging_mixin.py:190} INFO - [2025-06-27T17:01:37.489+0000] {dag.py:4180} INFO - Setting next_dagrun for read_dataset_event to 2025-06-27 00:00:00+00:00, run_after=2025-06-28 00:00:00+00:00
[2025-06-27T17:01:37.494+0000] {logging_mixin.py:190} INFO - [2025-06-27T17:01:37.494+0000] {dag.py:4180} INFO - Setting next_dagrun for read_dataset_event_from_classic to 2025-06-27 00:00:00+00:00, run_after=2025-06-28 00:00:00+00:00
[2025-06-27T17:01:37.508+0000] {processor.py:208} INFO - Processing /home/airflow/.local/lib/python3.12/site-packages/airflow/example_dags/example_inlet_event_extra.py took 0.586 seconds
[2025-06-27T17:02:07.575+0000] {processor.py:186} INFO - Started process (PID=794) to work on /home/airflow/.local/lib/python3.12/site-packages/airflow/example_dags/example_inlet_event_extra.py
[2025-06-27T17:02:07.576+0000] {processor.py:914} INFO - Processing file /home/airflow/.local/lib/python3.12/site-packages/airflow/example_dags/example_inlet_event_extra.py for tasks to queue
[2025-06-27T17:02:07.579+0000] {logging_mixin.py:190} INFO - [2025-06-27T17:02:07.578+0000] {dagbag.py:588} INFO - Filling up the DagBag from /home/airflow/.local/lib/python3.12/site-packages/airflow/example_dags/example_inlet_event_extra.py
[2025-06-27T17:02:08.043+0000] {processor.py:925} INFO - DAG(s) 'read_dataset_event_from_classic', 'read_dataset_event' retrieved from /home/airflow/.local/lib/python3.12/site-packages/airflow/example_dags/example_inlet_event_extra.py
[2025-06-27T17:02:08.060+0000] {logging_mixin.py:190} INFO - [2025-06-27T17:02:08.060+0000] {dag.py:3239} INFO - Sync 2 DAGs
[2025-06-27T17:02:08.080+0000] {logging_mixin.py:190} INFO - [2025-06-27T17:02:08.080+0000] {dag.py:4180} INFO - Setting next_dagrun for read_dataset_event to 2025-06-27 00:00:00+00:00, run_after=2025-06-28 00:00:00+00:00
[2025-06-27T17:02:08.084+0000] {logging_mixin.py:190} INFO - [2025-06-27T17:02:08.084+0000] {dag.py:4180} INFO - Setting next_dagrun for read_dataset_event_from_classic to 2025-06-27 00:00:00+00:00, run_after=2025-06-28 00:00:00+00:00
[2025-06-27T17:02:08.098+0000] {processor.py:208} INFO - Processing /home/airflow/.local/lib/python3.12/site-packages/airflow/example_dags/example_inlet_event_extra.py took 0.528 seconds
[2025-06-27T17:02:38.366+0000] {processor.py:186} INFO - Started process (PID=858) to work on /home/airflow/.local/lib/python3.12/site-packages/airflow/example_dags/example_inlet_event_extra.py
[2025-06-27T17:02:38.367+0000] {processor.py:914} INFO - Processing file /home/airflow/.local/lib/python3.12/site-packages/airflow/example_dags/example_inlet_event_extra.py for tasks to queue
[2025-06-27T17:02:38.369+0000] {logging_mixin.py:190} INFO - [2025-06-27T17:02:38.368+0000] {dagbag.py:588} INFO - Filling up the DagBag from /home/airflow/.local/lib/python3.12/site-packages/airflow/example_dags/example_inlet_event_extra.py
[2025-06-27T17:02:38.850+0000] {processor.py:925} INFO - DAG(s) 'read_dataset_event_from_classic', 'read_dataset_event' retrieved from /home/airflow/.local/lib/python3.12/site-packages/airflow/example_dags/example_inlet_event_extra.py
[2025-06-27T17:02:38.869+0000] {logging_mixin.py:190} INFO - [2025-06-27T17:02:38.868+0000] {dag.py:3239} INFO - Sync 2 DAGs
[2025-06-27T17:02:38.889+0000] {logging_mixin.py:190} INFO - [2025-06-27T17:02:38.889+0000] {dag.py:4180} INFO - Setting next_dagrun for read_dataset_event to 2025-06-27 00:00:00+00:00, run_after=2025-06-28 00:00:00+00:00
[2025-06-27T17:02:38.894+0000] {logging_mixin.py:190} INFO - [2025-06-27T17:02:38.893+0000] {dag.py:4180} INFO - Setting next_dagrun for read_dataset_event_from_classic to 2025-06-27 00:00:00+00:00, run_after=2025-06-28 00:00:00+00:00
[2025-06-27T17:02:38.912+0000] {processor.py:208} INFO - Processing /home/airflow/.local/lib/python3.12/site-packages/airflow/example_dags/example_inlet_event_extra.py took 0.551 seconds
[2025-06-27T17:03:09.470+0000] {processor.py:186} INFO - Started process (PID=927) to work on /home/airflow/.local/lib/python3.12/site-packages/airflow/example_dags/example_inlet_event_extra.py
[2025-06-27T17:03:09.471+0000] {processor.py:914} INFO - Processing file /home/airflow/.local/lib/python3.12/site-packages/airflow/example_dags/example_inlet_event_extra.py for tasks to queue
[2025-06-27T17:03:09.473+0000] {logging_mixin.py:190} INFO - [2025-06-27T17:03:09.473+0000] {dagbag.py:588} INFO - Filling up the DagBag from /home/airflow/.local/lib/python3.12/site-packages/airflow/example_dags/example_inlet_event_extra.py
[2025-06-27T17:03:09.962+0000] {processor.py:925} INFO - DAG(s) 'read_dataset_event', 'read_dataset_event_from_classic' retrieved from /home/airflow/.local/lib/python3.12/site-packages/airflow/example_dags/example_inlet_event_extra.py
[2025-06-27T17:03:09.980+0000] {logging_mixin.py:190} INFO - [2025-06-27T17:03:09.979+0000] {dag.py:3239} INFO - Sync 2 DAGs
[2025-06-27T17:03:09.999+0000] {logging_mixin.py:190} INFO - [2025-06-27T17:03:09.999+0000] {dag.py:4180} INFO - Setting next_dagrun for read_dataset_event to 2025-06-27 00:00:00+00:00, run_after=2025-06-28 00:00:00+00:00
[2025-06-27T17:03:10.004+0000] {logging_mixin.py:190} INFO - [2025-06-27T17:03:10.004+0000] {dag.py:4180} INFO - Setting next_dagrun for read_dataset_event_from_classic to 2025-06-27 00:00:00+00:00, run_after=2025-06-28 00:00:00+00:00
[2025-06-27T17:03:10.017+0000] {processor.py:208} INFO - Processing /home/airflow/.local/lib/python3.12/site-packages/airflow/example_dags/example_inlet_event_extra.py took 0.552 seconds
[2025-06-27T17:03:40.286+0000] {processor.py:186} INFO - Started process (PID=991) to work on /home/airflow/.local/lib/python3.12/site-packages/airflow/example_dags/example_inlet_event_extra.py
[2025-06-27T17:03:40.286+0000] {processor.py:914} INFO - Processing file /home/airflow/.local/lib/python3.12/site-packages/airflow/example_dags/example_inlet_event_extra.py for tasks to queue
[2025-06-27T17:03:40.288+0000] {logging_mixin.py:190} INFO - [2025-06-27T17:03:40.288+0000] {dagbag.py:588} INFO - Filling up the DagBag from /home/airflow/.local/lib/python3.12/site-packages/airflow/example_dags/example_inlet_event_extra.py
[2025-06-27T17:03:40.753+0000] {processor.py:925} INFO - DAG(s) 'read_dataset_event', 'read_dataset_event_from_classic' retrieved from /home/airflow/.local/lib/python3.12/site-packages/airflow/example_dags/example_inlet_event_extra.py
[2025-06-27T17:03:40.770+0000] {logging_mixin.py:190} INFO - [2025-06-27T17:03:40.769+0000] {dag.py:3239} INFO - Sync 2 DAGs
[2025-06-27T17:03:40.791+0000] {logging_mixin.py:190} INFO - [2025-06-27T17:03:40.790+0000] {dag.py:4180} INFO - Setting next_dagrun for read_dataset_event to 2025-06-27 00:00:00+00:00, run_after=2025-06-28 00:00:00+00:00
[2025-06-27T17:03:40.795+0000] {logging_mixin.py:190} INFO - [2025-06-27T17:03:40.795+0000] {dag.py:4180} INFO - Setting next_dagrun for read_dataset_event_from_classic to 2025-06-27 00:00:00+00:00, run_after=2025-06-28 00:00:00+00:00
[2025-06-27T17:03:40.809+0000] {processor.py:208} INFO - Processing /home/airflow/.local/lib/python3.12/site-packages/airflow/example_dags/example_inlet_event_extra.py took 0.528 seconds
[2025-06-27T17:04:11.112+0000] {processor.py:186} INFO - Started process (PID=1061) to work on /home/airflow/.local/lib/python3.12/site-packages/airflow/example_dags/example_inlet_event_extra.py
[2025-06-27T17:04:11.113+0000] {processor.py:914} INFO - Processing file /home/airflow/.local/lib/python3.12/site-packages/airflow/example_dags/example_inlet_event_extra.py for tasks to queue
[2025-06-27T17:04:11.115+0000] {logging_mixin.py:190} INFO - [2025-06-27T17:04:11.115+0000] {dagbag.py:588} INFO - Filling up the DagBag from /home/airflow/.local/lib/python3.12/site-packages/airflow/example_dags/example_inlet_event_extra.py
[2025-06-27T17:04:11.635+0000] {processor.py:925} INFO - DAG(s) 'read_dataset_event_from_classic', 'read_dataset_event' retrieved from /home/airflow/.local/lib/python3.12/site-packages/airflow/example_dags/example_inlet_event_extra.py
[2025-06-27T17:04:11.652+0000] {logging_mixin.py:190} INFO - [2025-06-27T17:04:11.652+0000] {dag.py:3239} INFO - Sync 2 DAGs
[2025-06-27T17:04:11.673+0000] {logging_mixin.py:190} INFO - [2025-06-27T17:04:11.672+0000] {dag.py:4180} INFO - Setting next_dagrun for read_dataset_event to 2025-06-27 00:00:00+00:00, run_after=2025-06-28 00:00:00+00:00
[2025-06-27T17:04:11.677+0000] {logging_mixin.py:190} INFO - [2025-06-27T17:04:11.677+0000] {dag.py:4180} INFO - Setting next_dagrun for read_dataset_event_from_classic to 2025-06-27 00:00:00+00:00, run_after=2025-06-28 00:00:00+00:00
[2025-06-27T17:04:11.701+0000] {processor.py:208} INFO - Processing /home/airflow/.local/lib/python3.12/site-packages/airflow/example_dags/example_inlet_event_extra.py took 0.594 seconds
[2025-06-27T17:04:42.358+0000] {processor.py:186} INFO - Started process (PID=1125) to work on /home/airflow/.local/lib/python3.12/site-packages/airflow/example_dags/example_inlet_event_extra.py
[2025-06-27T17:04:42.359+0000] {processor.py:914} INFO - Processing file /home/airflow/.local/lib/python3.12/site-packages/airflow/example_dags/example_inlet_event_extra.py for tasks to queue
[2025-06-27T17:04:42.361+0000] {logging_mixin.py:190} INFO - [2025-06-27T17:04:42.361+0000] {dagbag.py:588} INFO - Filling up the DagBag from /home/airflow/.local/lib/python3.12/site-packages/airflow/example_dags/example_inlet_event_extra.py
[2025-06-27T17:04:42.840+0000] {processor.py:925} INFO - DAG(s) 'read_dataset_event', 'read_dataset_event_from_classic' retrieved from /home/airflow/.local/lib/python3.12/site-packages/airflow/example_dags/example_inlet_event_extra.py
[2025-06-27T17:04:42.858+0000] {logging_mixin.py:190} INFO - [2025-06-27T17:04:42.858+0000] {dag.py:3239} INFO - Sync 2 DAGs
[2025-06-27T17:04:42.880+0000] {logging_mixin.py:190} INFO - [2025-06-27T17:04:42.879+0000] {dag.py:4180} INFO - Setting next_dagrun for read_dataset_event to 2025-06-27 00:00:00+00:00, run_after=2025-06-28 00:00:00+00:00
[2025-06-27T17:04:42.884+0000] {logging_mixin.py:190} INFO - [2025-06-27T17:04:42.884+0000] {dag.py:4180} INFO - Setting next_dagrun for read_dataset_event_from_classic to 2025-06-27 00:00:00+00:00, run_after=2025-06-28 00:00:00+00:00
[2025-06-27T17:04:42.899+0000] {processor.py:208} INFO - Processing /home/airflow/.local/lib/python3.12/site-packages/airflow/example_dags/example_inlet_event_extra.py took 0.546 seconds
[2025-06-27T17:05:12.960+0000] {processor.py:186} INFO - Started process (PID=1193) to work on /home/airflow/.local/lib/python3.12/site-packages/airflow/example_dags/example_inlet_event_extra.py
[2025-06-27T17:05:12.961+0000] {processor.py:914} INFO - Processing file /home/airflow/.local/lib/python3.12/site-packages/airflow/example_dags/example_inlet_event_extra.py for tasks to queue
[2025-06-27T17:05:12.963+0000] {logging_mixin.py:190} INFO - [2025-06-27T17:05:12.962+0000] {dagbag.py:588} INFO - Filling up the DagBag from /home/airflow/.local/lib/python3.12/site-packages/airflow/example_dags/example_inlet_event_extra.py
[2025-06-27T17:05:13.462+0000] {processor.py:925} INFO - DAG(s) 'read_dataset_event', 'read_dataset_event_from_classic' retrieved from /home/airflow/.local/lib/python3.12/site-packages/airflow/example_dags/example_inlet_event_extra.py
[2025-06-27T17:05:13.479+0000] {logging_mixin.py:190} INFO - [2025-06-27T17:05:13.479+0000] {dag.py:3239} INFO - Sync 2 DAGs
[2025-06-27T17:05:13.501+0000] {logging_mixin.py:190} INFO - [2025-06-27T17:05:13.501+0000] {dag.py:4180} INFO - Setting next_dagrun for read_dataset_event to 2025-06-27 00:00:00+00:00, run_after=2025-06-28 00:00:00+00:00
[2025-06-27T17:05:13.506+0000] {logging_mixin.py:190} INFO - [2025-06-27T17:05:13.505+0000] {dag.py:4180} INFO - Setting next_dagrun for read_dataset_event_from_classic to 2025-06-27 00:00:00+00:00, run_after=2025-06-28 00:00:00+00:00
[2025-06-27T17:05:13.529+0000] {processor.py:208} INFO - Processing /home/airflow/.local/lib/python3.12/site-packages/airflow/example_dags/example_inlet_event_extra.py took 0.575 seconds
[2025-06-27T17:05:43.697+0000] {processor.py:186} INFO - Started process (PID=1258) to work on /home/airflow/.local/lib/python3.12/site-packages/airflow/example_dags/example_inlet_event_extra.py
[2025-06-27T17:05:43.698+0000] {processor.py:914} INFO - Processing file /home/airflow/.local/lib/python3.12/site-packages/airflow/example_dags/example_inlet_event_extra.py for tasks to queue
[2025-06-27T17:05:43.700+0000] {logging_mixin.py:190} INFO - [2025-06-27T17:05:43.699+0000] {dagbag.py:588} INFO - Filling up the DagBag from /home/airflow/.local/lib/python3.12/site-packages/airflow/example_dags/example_inlet_event_extra.py
[2025-06-27T17:05:44.175+0000] {processor.py:925} INFO - DAG(s) 'read_dataset_event_from_classic', 'read_dataset_event' retrieved from /home/airflow/.local/lib/python3.12/site-packages/airflow/example_dags/example_inlet_event_extra.py
[2025-06-27T17:05:44.193+0000] {logging_mixin.py:190} INFO - [2025-06-27T17:05:44.193+0000] {dag.py:3239} INFO - Sync 2 DAGs
[2025-06-27T17:05:44.213+0000] {logging_mixin.py:190} INFO - [2025-06-27T17:05:44.212+0000] {dag.py:4180} INFO - Setting next_dagrun for read_dataset_event to 2025-06-27 00:00:00+00:00, run_after=2025-06-28 00:00:00+00:00
[2025-06-27T17:05:44.217+0000] {logging_mixin.py:190} INFO - [2025-06-27T17:05:44.217+0000] {dag.py:4180} INFO - Setting next_dagrun for read_dataset_event_from_classic to 2025-06-27 00:00:00+00:00, run_after=2025-06-28 00:00:00+00:00
[2025-06-27T17:05:44.238+0000] {processor.py:208} INFO - Processing /home/airflow/.local/lib/python3.12/site-packages/airflow/example_dags/example_inlet_event_extra.py took 0.546 seconds
[2025-06-27T17:06:14.439+0000] {processor.py:186} INFO - Started process (PID=1328) to work on /home/airflow/.local/lib/python3.12/site-packages/airflow/example_dags/example_inlet_event_extra.py
[2025-06-27T17:06:14.440+0000] {processor.py:914} INFO - Processing file /home/airflow/.local/lib/python3.12/site-packages/airflow/example_dags/example_inlet_event_extra.py for tasks to queue
[2025-06-27T17:06:14.443+0000] {logging_mixin.py:190} INFO - [2025-06-27T17:06:14.442+0000] {dagbag.py:588} INFO - Filling up the DagBag from /home/airflow/.local/lib/python3.12/site-packages/airflow/example_dags/example_inlet_event_extra.py
[2025-06-27T17:06:14.957+0000] {processor.py:925} INFO - DAG(s) 'read_dataset_event', 'read_dataset_event_from_classic' retrieved from /home/airflow/.local/lib/python3.12/site-packages/airflow/example_dags/example_inlet_event_extra.py
[2025-06-27T17:06:14.974+0000] {logging_mixin.py:190} INFO - [2025-06-27T17:06:14.973+0000] {dag.py:3239} INFO - Sync 2 DAGs
[2025-06-27T17:06:14.995+0000] {logging_mixin.py:190} INFO - [2025-06-27T17:06:14.995+0000] {dag.py:4180} INFO - Setting next_dagrun for read_dataset_event to 2025-06-27 00:00:00+00:00, run_after=2025-06-28 00:00:00+00:00
[2025-06-27T17:06:14.999+0000] {logging_mixin.py:190} INFO - [2025-06-27T17:06:14.999+0000] {dag.py:4180} INFO - Setting next_dagrun for read_dataset_event_from_classic to 2025-06-27 00:00:00+00:00, run_after=2025-06-28 00:00:00+00:00
[2025-06-27T17:06:15.015+0000] {processor.py:208} INFO - Processing /home/airflow/.local/lib/python3.12/site-packages/airflow/example_dags/example_inlet_event_extra.py took 0.581 seconds
[2025-06-27T17:06:45.357+0000] {processor.py:186} INFO - Started process (PID=1392) to work on /home/airflow/.local/lib/python3.12/site-packages/airflow/example_dags/example_inlet_event_extra.py
[2025-06-27T17:06:45.358+0000] {processor.py:914} INFO - Processing file /home/airflow/.local/lib/python3.12/site-packages/airflow/example_dags/example_inlet_event_extra.py for tasks to queue
[2025-06-27T17:06:45.360+0000] {logging_mixin.py:190} INFO - [2025-06-27T17:06:45.360+0000] {dagbag.py:588} INFO - Filling up the DagBag from /home/airflow/.local/lib/python3.12/site-packages/airflow/example_dags/example_inlet_event_extra.py
[2025-06-27T17:06:45.865+0000] {processor.py:925} INFO - DAG(s) 'read_dataset_event_from_classic', 'read_dataset_event' retrieved from /home/airflow/.local/lib/python3.12/site-packages/airflow/example_dags/example_inlet_event_extra.py
[2025-06-27T17:06:45.881+0000] {logging_mixin.py:190} INFO - [2025-06-27T17:06:45.881+0000] {dag.py:3239} INFO - Sync 2 DAGs
[2025-06-27T17:06:45.904+0000] {logging_mixin.py:190} INFO - [2025-06-27T17:06:45.904+0000] {dag.py:4180} INFO - Setting next_dagrun for read_dataset_event to 2025-06-27 00:00:00+00:00, run_after=2025-06-28 00:00:00+00:00
[2025-06-27T17:06:45.909+0000] {logging_mixin.py:190} INFO - [2025-06-27T17:06:45.909+0000] {dag.py:4180} INFO - Setting next_dagrun for read_dataset_event_from_classic to 2025-06-27 00:00:00+00:00, run_after=2025-06-28 00:00:00+00:00
[2025-06-27T17:06:45.924+0000] {processor.py:208} INFO - Processing /home/airflow/.local/lib/python3.12/site-packages/airflow/example_dags/example_inlet_event_extra.py took 0.572 seconds
[2025-06-27T17:07:16.872+0000] {processor.py:186} INFO - Started process (PID=1461) to work on /home/airflow/.local/lib/python3.12/site-packages/airflow/example_dags/example_inlet_event_extra.py
[2025-06-27T17:07:16.873+0000] {processor.py:914} INFO - Processing file /home/airflow/.local/lib/python3.12/site-packages/airflow/example_dags/example_inlet_event_extra.py for tasks to queue
[2025-06-27T17:07:16.875+0000] {logging_mixin.py:190} INFO - [2025-06-27T17:07:16.875+0000] {dagbag.py:588} INFO - Filling up the DagBag from /home/airflow/.local/lib/python3.12/site-packages/airflow/example_dags/example_inlet_event_extra.py
[2025-06-27T17:07:17.357+0000] {processor.py:925} INFO - DAG(s) 'read_dataset_event_from_classic', 'read_dataset_event' retrieved from /home/airflow/.local/lib/python3.12/site-packages/airflow/example_dags/example_inlet_event_extra.py
[2025-06-27T17:07:17.373+0000] {logging_mixin.py:190} INFO - [2025-06-27T17:07:17.373+0000] {dag.py:3239} INFO - Sync 2 DAGs
[2025-06-27T17:07:17.395+0000] {logging_mixin.py:190} INFO - [2025-06-27T17:07:17.395+0000] {dag.py:4180} INFO - Setting next_dagrun for read_dataset_event to 2025-06-27 00:00:00+00:00, run_after=2025-06-28 00:00:00+00:00
[2025-06-27T17:07:17.399+0000] {logging_mixin.py:190} INFO - [2025-06-27T17:07:17.399+0000] {dag.py:4180} INFO - Setting next_dagrun for read_dataset_event_from_classic to 2025-06-27 00:00:00+00:00, run_after=2025-06-28 00:00:00+00:00
[2025-06-27T17:07:17.423+0000] {processor.py:208} INFO - Processing /home/airflow/.local/lib/python3.12/site-packages/airflow/example_dags/example_inlet_event_extra.py took 0.556 seconds
[2025-06-27T17:07:47.521+0000] {processor.py:186} INFO - Started process (PID=1525) to work on /home/airflow/.local/lib/python3.12/site-packages/airflow/example_dags/example_inlet_event_extra.py
[2025-06-27T17:07:47.522+0000] {processor.py:914} INFO - Processing file /home/airflow/.local/lib/python3.12/site-packages/airflow/example_dags/example_inlet_event_extra.py for tasks to queue
[2025-06-27T17:07:47.524+0000] {logging_mixin.py:190} INFO - [2025-06-27T17:07:47.524+0000] {dagbag.py:588} INFO - Filling up the DagBag from /home/airflow/.local/lib/python3.12/site-packages/airflow/example_dags/example_inlet_event_extra.py
[2025-06-27T17:07:48.001+0000] {processor.py:925} INFO - DAG(s) 'read_dataset_event', 'read_dataset_event_from_classic' retrieved from /home/airflow/.local/lib/python3.12/site-packages/airflow/example_dags/example_inlet_event_extra.py
[2025-06-27T17:07:48.017+0000] {logging_mixin.py:190} INFO - [2025-06-27T17:07:48.017+0000] {dag.py:3239} INFO - Sync 2 DAGs
[2025-06-27T17:07:48.037+0000] {logging_mixin.py:190} INFO - [2025-06-27T17:07:48.036+0000] {dag.py:4180} INFO - Setting next_dagrun for read_dataset_event to 2025-06-27 00:00:00+00:00, run_after=2025-06-28 00:00:00+00:00
[2025-06-27T17:07:48.041+0000] {logging_mixin.py:190} INFO - [2025-06-27T17:07:48.041+0000] {dag.py:4180} INFO - Setting next_dagrun for read_dataset_event_from_classic to 2025-06-27 00:00:00+00:00, run_after=2025-06-28 00:00:00+00:00
[2025-06-27T17:07:48.055+0000] {processor.py:208} INFO - Processing /home/airflow/.local/lib/python3.12/site-packages/airflow/example_dags/example_inlet_event_extra.py took 0.539 seconds
[2025-06-27T17:08:18.320+0000] {processor.py:186} INFO - Started process (PID=1595) to work on /home/airflow/.local/lib/python3.12/site-packages/airflow/example_dags/example_inlet_event_extra.py
[2025-06-27T17:08:18.321+0000] {processor.py:914} INFO - Processing file /home/airflow/.local/lib/python3.12/site-packages/airflow/example_dags/example_inlet_event_extra.py for tasks to queue
[2025-06-27T17:08:18.323+0000] {logging_mixin.py:190} INFO - [2025-06-27T17:08:18.323+0000] {dagbag.py:588} INFO - Filling up the DagBag from /home/airflow/.local/lib/python3.12/site-packages/airflow/example_dags/example_inlet_event_extra.py
[2025-06-27T17:08:18.816+0000] {processor.py:925} INFO - DAG(s) 'read_dataset_event_from_classic', 'read_dataset_event' retrieved from /home/airflow/.local/lib/python3.12/site-packages/airflow/example_dags/example_inlet_event_extra.py
[2025-06-27T17:08:18.834+0000] {logging_mixin.py:190} INFO - [2025-06-27T17:08:18.833+0000] {dag.py:3239} INFO - Sync 2 DAGs
[2025-06-27T17:08:18.854+0000] {logging_mixin.py:190} INFO - [2025-06-27T17:08:18.853+0000] {dag.py:4180} INFO - Setting next_dagrun for read_dataset_event to 2025-06-27 00:00:00+00:00, run_after=2025-06-28 00:00:00+00:00
[2025-06-27T17:08:18.858+0000] {logging_mixin.py:190} INFO - [2025-06-27T17:08:18.858+0000] {dag.py:4180} INFO - Setting next_dagrun for read_dataset_event_from_classic to 2025-06-27 00:00:00+00:00, run_after=2025-06-28 00:00:00+00:00
[2025-06-27T17:08:18.882+0000] {processor.py:208} INFO - Processing /home/airflow/.local/lib/python3.12/site-packages/airflow/example_dags/example_inlet_event_extra.py took 0.567 seconds
[2025-06-27T17:08:48.960+0000] {processor.py:186} INFO - Started process (PID=1659) to work on /home/airflow/.local/lib/python3.12/site-packages/airflow/example_dags/example_inlet_event_extra.py
[2025-06-27T17:08:48.961+0000] {processor.py:914} INFO - Processing file /home/airflow/.local/lib/python3.12/site-packages/airflow/example_dags/example_inlet_event_extra.py for tasks to queue
[2025-06-27T17:08:48.963+0000] {logging_mixin.py:190} INFO - [2025-06-27T17:08:48.963+0000] {dagbag.py:588} INFO - Filling up the DagBag from /home/airflow/.local/lib/python3.12/site-packages/airflow/example_dags/example_inlet_event_extra.py
[2025-06-27T17:08:49.452+0000] {processor.py:925} INFO - DAG(s) 'read_dataset_event_from_classic', 'read_dataset_event' retrieved from /home/airflow/.local/lib/python3.12/site-packages/airflow/example_dags/example_inlet_event_extra.py
[2025-06-27T17:08:49.469+0000] {logging_mixin.py:190} INFO - [2025-06-27T17:08:49.469+0000] {dag.py:3239} INFO - Sync 2 DAGs
[2025-06-27T17:08:49.491+0000] {logging_mixin.py:190} INFO - [2025-06-27T17:08:49.491+0000] {dag.py:4180} INFO - Setting next_dagrun for read_dataset_event to 2025-06-27 00:00:00+00:00, run_after=2025-06-28 00:00:00+00:00
[2025-06-27T17:08:49.497+0000] {logging_mixin.py:190} INFO - [2025-06-27T17:08:49.497+0000] {dag.py:4180} INFO - Setting next_dagrun for read_dataset_event_from_classic to 2025-06-27 00:00:00+00:00, run_after=2025-06-28 00:00:00+00:00
[2025-06-27T17:08:49.513+0000] {processor.py:208} INFO - Processing /home/airflow/.local/lib/python3.12/site-packages/airflow/example_dags/example_inlet_event_extra.py took 0.558 seconds
[2025-06-27T17:09:20.056+0000] {processor.py:186} INFO - Started process (PID=1728) to work on /home/airflow/.local/lib/python3.12/site-packages/airflow/example_dags/example_inlet_event_extra.py
[2025-06-27T17:09:20.056+0000] {processor.py:914} INFO - Processing file /home/airflow/.local/lib/python3.12/site-packages/airflow/example_dags/example_inlet_event_extra.py for tasks to queue
[2025-06-27T17:09:20.058+0000] {logging_mixin.py:190} INFO - [2025-06-27T17:09:20.058+0000] {dagbag.py:588} INFO - Filling up the DagBag from /home/airflow/.local/lib/python3.12/site-packages/airflow/example_dags/example_inlet_event_extra.py
[2025-06-27T17:09:20.524+0000] {processor.py:925} INFO - DAG(s) 'read_dataset_event', 'read_dataset_event_from_classic' retrieved from /home/airflow/.local/lib/python3.12/site-packages/airflow/example_dags/example_inlet_event_extra.py
[2025-06-27T17:09:20.544+0000] {logging_mixin.py:190} INFO - [2025-06-27T17:09:20.544+0000] {dag.py:3239} INFO - Sync 2 DAGs
[2025-06-27T17:09:20.564+0000] {logging_mixin.py:190} INFO - [2025-06-27T17:09:20.564+0000] {dag.py:4180} INFO - Setting next_dagrun for read_dataset_event to 2025-06-27 00:00:00+00:00, run_after=2025-06-28 00:00:00+00:00
[2025-06-27T17:09:20.569+0000] {logging_mixin.py:190} INFO - [2025-06-27T17:09:20.569+0000] {dag.py:4180} INFO - Setting next_dagrun for read_dataset_event_from_classic to 2025-06-27 00:00:00+00:00, run_after=2025-06-28 00:00:00+00:00
[2025-06-27T17:09:20.585+0000] {processor.py:208} INFO - Processing /home/airflow/.local/lib/python3.12/site-packages/airflow/example_dags/example_inlet_event_extra.py took 0.536 seconds
[2025-06-27T17:09:51.355+0000] {processor.py:186} INFO - Started process (PID=1792) to work on /home/airflow/.local/lib/python3.12/site-packages/airflow/example_dags/example_inlet_event_extra.py
[2025-06-27T17:09:51.356+0000] {processor.py:914} INFO - Processing file /home/airflow/.local/lib/python3.12/site-packages/airflow/example_dags/example_inlet_event_extra.py for tasks to queue
[2025-06-27T17:09:51.358+0000] {logging_mixin.py:190} INFO - [2025-06-27T17:09:51.358+0000] {dagbag.py:588} INFO - Filling up the DagBag from /home/airflow/.local/lib/python3.12/site-packages/airflow/example_dags/example_inlet_event_extra.py
[2025-06-27T17:09:51.871+0000] {processor.py:925} INFO - DAG(s) 'read_dataset_event_from_classic', 'read_dataset_event' retrieved from /home/airflow/.local/lib/python3.12/site-packages/airflow/example_dags/example_inlet_event_extra.py
[2025-06-27T17:09:51.889+0000] {logging_mixin.py:190} INFO - [2025-06-27T17:09:51.889+0000] {dag.py:3239} INFO - Sync 2 DAGs
[2025-06-27T17:09:51.912+0000] {logging_mixin.py:190} INFO - [2025-06-27T17:09:51.911+0000] {dag.py:4180} INFO - Setting next_dagrun for read_dataset_event to 2025-06-27 00:00:00+00:00, run_after=2025-06-28 00:00:00+00:00
[2025-06-27T17:09:51.916+0000] {logging_mixin.py:190} INFO - [2025-06-27T17:09:51.916+0000] {dag.py:4180} INFO - Setting next_dagrun for read_dataset_event_from_classic to 2025-06-27 00:00:00+00:00, run_after=2025-06-28 00:00:00+00:00
[2025-06-27T17:09:51.931+0000] {processor.py:208} INFO - Processing /home/airflow/.local/lib/python3.12/site-packages/airflow/example_dags/example_inlet_event_extra.py took 0.580 seconds
[2025-06-27T17:10:22.223+0000] {processor.py:186} INFO - Started process (PID=1862) to work on /home/airflow/.local/lib/python3.12/site-packages/airflow/example_dags/example_inlet_event_extra.py
[2025-06-27T17:10:22.224+0000] {processor.py:914} INFO - Processing file /home/airflow/.local/lib/python3.12/site-packages/airflow/example_dags/example_inlet_event_extra.py for tasks to queue
[2025-06-27T17:10:22.226+0000] {logging_mixin.py:190} INFO - [2025-06-27T17:10:22.226+0000] {dagbag.py:588} INFO - Filling up the DagBag from /home/airflow/.local/lib/python3.12/site-packages/airflow/example_dags/example_inlet_event_extra.py
[2025-06-27T17:10:22.737+0000] {processor.py:925} INFO - DAG(s) 'read_dataset_event', 'read_dataset_event_from_classic' retrieved from /home/airflow/.local/lib/python3.12/site-packages/airflow/example_dags/example_inlet_event_extra.py
[2025-06-27T17:10:22.755+0000] {logging_mixin.py:190} INFO - [2025-06-27T17:10:22.755+0000] {dag.py:3239} INFO - Sync 2 DAGs
[2025-06-27T17:10:22.777+0000] {logging_mixin.py:190} INFO - [2025-06-27T17:10:22.777+0000] {dag.py:4180} INFO - Setting next_dagrun for read_dataset_event to 2025-06-27 00:00:00+00:00, run_after=2025-06-28 00:00:00+00:00
[2025-06-27T17:10:22.783+0000] {logging_mixin.py:190} INFO - [2025-06-27T17:10:22.782+0000] {dag.py:4180} INFO - Setting next_dagrun for read_dataset_event_from_classic to 2025-06-27 00:00:00+00:00, run_after=2025-06-28 00:00:00+00:00
[2025-06-27T17:10:22.797+0000] {processor.py:208} INFO - Processing /home/airflow/.local/lib/python3.12/site-packages/airflow/example_dags/example_inlet_event_extra.py took 0.580 seconds
[2025-06-27T17:10:53.237+0000] {processor.py:186} INFO - Started process (PID=1926) to work on /home/airflow/.local/lib/python3.12/site-packages/airflow/example_dags/example_inlet_event_extra.py
[2025-06-27T17:10:53.238+0000] {processor.py:914} INFO - Processing file /home/airflow/.local/lib/python3.12/site-packages/airflow/example_dags/example_inlet_event_extra.py for tasks to queue
[2025-06-27T17:10:53.240+0000] {logging_mixin.py:190} INFO - [2025-06-27T17:10:53.239+0000] {dagbag.py:588} INFO - Filling up the DagBag from /home/airflow/.local/lib/python3.12/site-packages/airflow/example_dags/example_inlet_event_extra.py
[2025-06-27T17:10:53.698+0000] {processor.py:925} INFO - DAG(s) 'read_dataset_event', 'read_dataset_event_from_classic' retrieved from /home/airflow/.local/lib/python3.12/site-packages/airflow/example_dags/example_inlet_event_extra.py
[2025-06-27T17:10:53.714+0000] {logging_mixin.py:190} INFO - [2025-06-27T17:10:53.714+0000] {dag.py:3239} INFO - Sync 2 DAGs
[2025-06-27T17:10:53.736+0000] {logging_mixin.py:190} INFO - [2025-06-27T17:10:53.736+0000] {dag.py:4180} INFO - Setting next_dagrun for read_dataset_event to 2025-06-27 00:00:00+00:00, run_after=2025-06-28 00:00:00+00:00
[2025-06-27T17:10:53.740+0000] {logging_mixin.py:190} INFO - [2025-06-27T17:10:53.740+0000] {dag.py:4180} INFO - Setting next_dagrun for read_dataset_event_from_classic to 2025-06-27 00:00:00+00:00, run_after=2025-06-28 00:00:00+00:00
[2025-06-27T17:10:53.754+0000] {processor.py:208} INFO - Processing /home/airflow/.local/lib/python3.12/site-packages/airflow/example_dags/example_inlet_event_extra.py took 0.523 seconds
[2025-06-27T17:11:23.937+0000] {processor.py:186} INFO - Started process (PID=1995) to work on /home/airflow/.local/lib/python3.12/site-packages/airflow/example_dags/example_inlet_event_extra.py
[2025-06-27T17:11:23.938+0000] {processor.py:914} INFO - Processing file /home/airflow/.local/lib/python3.12/site-packages/airflow/example_dags/example_inlet_event_extra.py for tasks to queue
[2025-06-27T17:11:23.940+0000] {logging_mixin.py:190} INFO - [2025-06-27T17:11:23.940+0000] {dagbag.py:588} INFO - Filling up the DagBag from /home/airflow/.local/lib/python3.12/site-packages/airflow/example_dags/example_inlet_event_extra.py
[2025-06-27T17:11:24.448+0000] {processor.py:925} INFO - DAG(s) 'read_dataset_event_from_classic', 'read_dataset_event' retrieved from /home/airflow/.local/lib/python3.12/site-packages/airflow/example_dags/example_inlet_event_extra.py
[2025-06-27T17:11:24.465+0000] {logging_mixin.py:190} INFO - [2025-06-27T17:11:24.465+0000] {dag.py:3239} INFO - Sync 2 DAGs
[2025-06-27T17:11:24.487+0000] {logging_mixin.py:190} INFO - [2025-06-27T17:11:24.487+0000] {dag.py:4180} INFO - Setting next_dagrun for read_dataset_event to 2025-06-27 00:00:00+00:00, run_after=2025-06-28 00:00:00+00:00
[2025-06-27T17:11:24.491+0000] {logging_mixin.py:190} INFO - [2025-06-27T17:11:24.491+0000] {dag.py:4180} INFO - Setting next_dagrun for read_dataset_event_from_classic to 2025-06-27 00:00:00+00:00, run_after=2025-06-28 00:00:00+00:00
[2025-06-27T17:11:24.515+0000] {processor.py:208} INFO - Processing /home/airflow/.local/lib/python3.12/site-packages/airflow/example_dags/example_inlet_event_extra.py took 0.584 seconds
[2025-06-27T17:11:55.227+0000] {processor.py:186} INFO - Started process (PID=2059) to work on /home/airflow/.local/lib/python3.12/site-packages/airflow/example_dags/example_inlet_event_extra.py
[2025-06-27T17:11:55.228+0000] {processor.py:914} INFO - Processing file /home/airflow/.local/lib/python3.12/site-packages/airflow/example_dags/example_inlet_event_extra.py for tasks to queue
[2025-06-27T17:11:55.230+0000] {logging_mixin.py:190} INFO - [2025-06-27T17:11:55.229+0000] {dagbag.py:588} INFO - Filling up the DagBag from /home/airflow/.local/lib/python3.12/site-packages/airflow/example_dags/example_inlet_event_extra.py
[2025-06-27T17:11:55.795+0000] {processor.py:925} INFO - DAG(s) 'read_dataset_event', 'read_dataset_event_from_classic' retrieved from /home/airflow/.local/lib/python3.12/site-packages/airflow/example_dags/example_inlet_event_extra.py
[2025-06-27T17:11:55.814+0000] {logging_mixin.py:190} INFO - [2025-06-27T17:11:55.814+0000] {dag.py:3239} INFO - Sync 2 DAGs
[2025-06-27T17:11:55.837+0000] {logging_mixin.py:190} INFO - [2025-06-27T17:11:55.836+0000] {dag.py:4180} INFO - Setting next_dagrun for read_dataset_event to 2025-06-27 00:00:00+00:00, run_after=2025-06-28 00:00:00+00:00
[2025-06-27T17:11:55.841+0000] {logging_mixin.py:190} INFO - [2025-06-27T17:11:55.841+0000] {dag.py:4180} INFO - Setting next_dagrun for read_dataset_event_from_classic to 2025-06-27 00:00:00+00:00, run_after=2025-06-28 00:00:00+00:00
[2025-06-27T17:11:55.856+0000] {processor.py:208} INFO - Processing /home/airflow/.local/lib/python3.12/site-packages/airflow/example_dags/example_inlet_event_extra.py took 0.634 seconds
[2025-06-27T17:12:26.058+0000] {processor.py:186} INFO - Started process (PID=2135) to work on /home/airflow/.local/lib/python3.12/site-packages/airflow/example_dags/example_inlet_event_extra.py
[2025-06-27T17:12:26.059+0000] {processor.py:914} INFO - Processing file /home/airflow/.local/lib/python3.12/site-packages/airflow/example_dags/example_inlet_event_extra.py for tasks to queue
[2025-06-27T17:12:26.061+0000] {logging_mixin.py:190} INFO - [2025-06-27T17:12:26.060+0000] {dagbag.py:588} INFO - Filling up the DagBag from /home/airflow/.local/lib/python3.12/site-packages/airflow/example_dags/example_inlet_event_extra.py
[2025-06-27T17:12:26.587+0000] {processor.py:925} INFO - DAG(s) 'read_dataset_event_from_classic', 'read_dataset_event' retrieved from /home/airflow/.local/lib/python3.12/site-packages/airflow/example_dags/example_inlet_event_extra.py
[2025-06-27T17:12:26.607+0000] {logging_mixin.py:190} INFO - [2025-06-27T17:12:26.607+0000] {dag.py:3239} INFO - Sync 2 DAGs
[2025-06-27T17:12:26.632+0000] {logging_mixin.py:190} INFO - [2025-06-27T17:12:26.632+0000] {dag.py:4180} INFO - Setting next_dagrun for read_dataset_event to 2025-06-27 00:00:00+00:00, run_after=2025-06-28 00:00:00+00:00
[2025-06-27T17:12:26.637+0000] {logging_mixin.py:190} INFO - [2025-06-27T17:12:26.637+0000] {dag.py:4180} INFO - Setting next_dagrun for read_dataset_event_from_classic to 2025-06-27 00:00:00+00:00, run_after=2025-06-28 00:00:00+00:00
[2025-06-27T17:12:26.651+0000] {processor.py:208} INFO - Processing /home/airflow/.local/lib/python3.12/site-packages/airflow/example_dags/example_inlet_event_extra.py took 0.599 seconds
[2025-06-27T17:12:56.829+0000] {processor.py:186} INFO - Started process (PID=2199) to work on /home/airflow/.local/lib/python3.12/site-packages/airflow/example_dags/example_inlet_event_extra.py
[2025-06-27T17:12:56.830+0000] {processor.py:914} INFO - Processing file /home/airflow/.local/lib/python3.12/site-packages/airflow/example_dags/example_inlet_event_extra.py for tasks to queue
[2025-06-27T17:12:56.834+0000] {logging_mixin.py:190} INFO - [2025-06-27T17:12:56.833+0000] {dagbag.py:588} INFO - Filling up the DagBag from /home/airflow/.local/lib/python3.12/site-packages/airflow/example_dags/example_inlet_event_extra.py
[2025-06-27T17:12:57.389+0000] {processor.py:925} INFO - DAG(s) 'read_dataset_event_from_classic', 'read_dataset_event' retrieved from /home/airflow/.local/lib/python3.12/site-packages/airflow/example_dags/example_inlet_event_extra.py
[2025-06-27T17:12:57.405+0000] {logging_mixin.py:190} INFO - [2025-06-27T17:12:57.405+0000] {dag.py:3239} INFO - Sync 2 DAGs
[2025-06-27T17:12:57.424+0000] {logging_mixin.py:190} INFO - [2025-06-27T17:12:57.424+0000] {dag.py:4180} INFO - Setting next_dagrun for read_dataset_event to 2025-06-27 00:00:00+00:00, run_after=2025-06-28 00:00:00+00:00
[2025-06-27T17:12:57.429+0000] {logging_mixin.py:190} INFO - [2025-06-27T17:12:57.429+0000] {dag.py:4180} INFO - Setting next_dagrun for read_dataset_event_from_classic to 2025-06-27 00:00:00+00:00, run_after=2025-06-28 00:00:00+00:00
[2025-06-27T17:12:57.442+0000] {processor.py:208} INFO - Processing /home/airflow/.local/lib/python3.12/site-packages/airflow/example_dags/example_inlet_event_extra.py took 0.622 seconds
[2025-06-27T17:13:27.784+0000] {processor.py:186} INFO - Started process (PID=2268) to work on /home/airflow/.local/lib/python3.12/site-packages/airflow/example_dags/example_inlet_event_extra.py
[2025-06-27T17:13:27.785+0000] {processor.py:914} INFO - Processing file /home/airflow/.local/lib/python3.12/site-packages/airflow/example_dags/example_inlet_event_extra.py for tasks to queue
[2025-06-27T17:13:27.787+0000] {logging_mixin.py:190} INFO - [2025-06-27T17:13:27.787+0000] {dagbag.py:588} INFO - Filling up the DagBag from /home/airflow/.local/lib/python3.12/site-packages/airflow/example_dags/example_inlet_event_extra.py
[2025-06-27T17:13:28.264+0000] {processor.py:925} INFO - DAG(s) 'read_dataset_event_from_classic', 'read_dataset_event' retrieved from /home/airflow/.local/lib/python3.12/site-packages/airflow/example_dags/example_inlet_event_extra.py
[2025-06-27T17:13:28.284+0000] {logging_mixin.py:190} INFO - [2025-06-27T17:13:28.284+0000] {dag.py:3239} INFO - Sync 2 DAGs
[2025-06-27T17:13:28.306+0000] {logging_mixin.py:190} INFO - [2025-06-27T17:13:28.306+0000] {dag.py:4180} INFO - Setting next_dagrun for read_dataset_event to 2025-06-27 00:00:00+00:00, run_after=2025-06-28 00:00:00+00:00
[2025-06-27T17:13:28.311+0000] {logging_mixin.py:190} INFO - [2025-06-27T17:13:28.311+0000] {dag.py:4180} INFO - Setting next_dagrun for read_dataset_event_from_classic to 2025-06-27 00:00:00+00:00, run_after=2025-06-28 00:00:00+00:00
[2025-06-27T17:13:28.325+0000] {processor.py:208} INFO - Processing /home/airflow/.local/lib/python3.12/site-packages/airflow/example_dags/example_inlet_event_extra.py took 0.546 seconds
[2025-06-27T17:13:59.050+0000] {processor.py:186} INFO - Started process (PID=2332) to work on /home/airflow/.local/lib/python3.12/site-packages/airflow/example_dags/example_inlet_event_extra.py
[2025-06-27T17:13:59.051+0000] {processor.py:914} INFO - Processing file /home/airflow/.local/lib/python3.12/site-packages/airflow/example_dags/example_inlet_event_extra.py for tasks to queue
[2025-06-27T17:13:59.053+0000] {logging_mixin.py:190} INFO - [2025-06-27T17:13:59.053+0000] {dagbag.py:588} INFO - Filling up the DagBag from /home/airflow/.local/lib/python3.12/site-packages/airflow/example_dags/example_inlet_event_extra.py
[2025-06-27T17:13:59.546+0000] {processor.py:925} INFO - DAG(s) 'read_dataset_event_from_classic', 'read_dataset_event' retrieved from /home/airflow/.local/lib/python3.12/site-packages/airflow/example_dags/example_inlet_event_extra.py
[2025-06-27T17:13:59.566+0000] {logging_mixin.py:190} INFO - [2025-06-27T17:13:59.565+0000] {dag.py:3239} INFO - Sync 2 DAGs
[2025-06-27T17:13:59.587+0000] {logging_mixin.py:190} INFO - [2025-06-27T17:13:59.586+0000] {dag.py:4180} INFO - Setting next_dagrun for read_dataset_event to 2025-06-27 00:00:00+00:00, run_after=2025-06-28 00:00:00+00:00
[2025-06-27T17:13:59.591+0000] {logging_mixin.py:190} INFO - [2025-06-27T17:13:59.591+0000] {dag.py:4180} INFO - Setting next_dagrun for read_dataset_event_from_classic to 2025-06-27 00:00:00+00:00, run_after=2025-06-28 00:00:00+00:00
[2025-06-27T17:13:59.606+0000] {processor.py:208} INFO - Processing /home/airflow/.local/lib/python3.12/site-packages/airflow/example_dags/example_inlet_event_extra.py took 0.561 seconds
[2025-06-27T17:14:29.730+0000] {processor.py:186} INFO - Started process (PID=2402) to work on /home/airflow/.local/lib/python3.12/site-packages/airflow/example_dags/example_inlet_event_extra.py
[2025-06-27T17:14:29.730+0000] {processor.py:914} INFO - Processing file /home/airflow/.local/lib/python3.12/site-packages/airflow/example_dags/example_inlet_event_extra.py for tasks to queue
[2025-06-27T17:14:29.732+0000] {logging_mixin.py:190} INFO - [2025-06-27T17:14:29.732+0000] {dagbag.py:588} INFO - Filling up the DagBag from /home/airflow/.local/lib/python3.12/site-packages/airflow/example_dags/example_inlet_event_extra.py
[2025-06-27T17:14:30.249+0000] {processor.py:925} INFO - DAG(s) 'read_dataset_event', 'read_dataset_event_from_classic' retrieved from /home/airflow/.local/lib/python3.12/site-packages/airflow/example_dags/example_inlet_event_extra.py
[2025-06-27T17:14:30.267+0000] {logging_mixin.py:190} INFO - [2025-06-27T17:14:30.267+0000] {dag.py:3239} INFO - Sync 2 DAGs
[2025-06-27T17:14:30.291+0000] {logging_mixin.py:190} INFO - [2025-06-27T17:14:30.290+0000] {dag.py:4180} INFO - Setting next_dagrun for read_dataset_event to 2025-06-27 00:00:00+00:00, run_after=2025-06-28 00:00:00+00:00
[2025-06-27T17:14:30.295+0000] {logging_mixin.py:190} INFO - [2025-06-27T17:14:30.295+0000] {dag.py:4180} INFO - Setting next_dagrun for read_dataset_event_from_classic to 2025-06-27 00:00:00+00:00, run_after=2025-06-28 00:00:00+00:00
[2025-06-27T17:14:30.320+0000] {processor.py:208} INFO - Processing /home/airflow/.local/lib/python3.12/site-packages/airflow/example_dags/example_inlet_event_extra.py took 0.596 seconds
[2025-06-27T17:15:00.535+0000] {processor.py:186} INFO - Started process (PID=2466) to work on /home/airflow/.local/lib/python3.12/site-packages/airflow/example_dags/example_inlet_event_extra.py
[2025-06-27T17:15:00.536+0000] {processor.py:914} INFO - Processing file /home/airflow/.local/lib/python3.12/site-packages/airflow/example_dags/example_inlet_event_extra.py for tasks to queue
[2025-06-27T17:15:00.539+0000] {logging_mixin.py:190} INFO - [2025-06-27T17:15:00.538+0000] {dagbag.py:588} INFO - Filling up the DagBag from /home/airflow/.local/lib/python3.12/site-packages/airflow/example_dags/example_inlet_event_extra.py
[2025-06-27T17:15:01.031+0000] {processor.py:925} INFO - DAG(s) 'read_dataset_event', 'read_dataset_event_from_classic' retrieved from /home/airflow/.local/lib/python3.12/site-packages/airflow/example_dags/example_inlet_event_extra.py
[2025-06-27T17:15:01.047+0000] {logging_mixin.py:190} INFO - [2025-06-27T17:15:01.047+0000] {dag.py:3239} INFO - Sync 2 DAGs
[2025-06-27T17:15:01.070+0000] {logging_mixin.py:190} INFO - [2025-06-27T17:15:01.070+0000] {dag.py:4180} INFO - Setting next_dagrun for read_dataset_event to 2025-06-27 00:00:00+00:00, run_after=2025-06-28 00:00:00+00:00
[2025-06-27T17:15:01.076+0000] {logging_mixin.py:190} INFO - [2025-06-27T17:15:01.076+0000] {dag.py:4180} INFO - Setting next_dagrun for read_dataset_event_from_classic to 2025-06-27 00:00:00+00:00, run_after=2025-06-28 00:00:00+00:00
[2025-06-27T17:15:01.093+0000] {processor.py:208} INFO - Processing /home/airflow/.local/lib/python3.12/site-packages/airflow/example_dags/example_inlet_event_extra.py took 0.566 seconds
[2025-06-27T17:15:31.468+0000] {processor.py:186} INFO - Started process (PID=2535) to work on /home/airflow/.local/lib/python3.12/site-packages/airflow/example_dags/example_inlet_event_extra.py
[2025-06-27T17:15:31.469+0000] {processor.py:914} INFO - Processing file /home/airflow/.local/lib/python3.12/site-packages/airflow/example_dags/example_inlet_event_extra.py for tasks to queue
[2025-06-27T17:15:31.471+0000] {logging_mixin.py:190} INFO - [2025-06-27T17:15:31.471+0000] {dagbag.py:588} INFO - Filling up the DagBag from /home/airflow/.local/lib/python3.12/site-packages/airflow/example_dags/example_inlet_event_extra.py
[2025-06-27T17:15:31.957+0000] {processor.py:925} INFO - DAG(s) 'read_dataset_event', 'read_dataset_event_from_classic' retrieved from /home/airflow/.local/lib/python3.12/site-packages/airflow/example_dags/example_inlet_event_extra.py
[2025-06-27T17:15:31.972+0000] {logging_mixin.py:190} INFO - [2025-06-27T17:15:31.972+0000] {dag.py:3239} INFO - Sync 2 DAGs
[2025-06-27T17:15:31.993+0000] {logging_mixin.py:190} INFO - [2025-06-27T17:15:31.993+0000] {dag.py:4180} INFO - Setting next_dagrun for read_dataset_event to 2025-06-27 00:00:00+00:00, run_after=2025-06-28 00:00:00+00:00
[2025-06-27T17:15:31.998+0000] {logging_mixin.py:190} INFO - [2025-06-27T17:15:31.998+0000] {dag.py:4180} INFO - Setting next_dagrun for read_dataset_event_from_classic to 2025-06-27 00:00:00+00:00, run_after=2025-06-28 00:00:00+00:00
[2025-06-27T17:15:32.011+0000] {processor.py:208} INFO - Processing /home/airflow/.local/lib/python3.12/site-packages/airflow/example_dags/example_inlet_event_extra.py took 0.548 seconds
[2025-06-27T17:16:02.356+0000] {processor.py:186} INFO - Started process (PID=2605) to work on /home/airflow/.local/lib/python3.12/site-packages/airflow/example_dags/example_inlet_event_extra.py
[2025-06-27T17:16:02.358+0000] {processor.py:914} INFO - Processing file /home/airflow/.local/lib/python3.12/site-packages/airflow/example_dags/example_inlet_event_extra.py for tasks to queue
[2025-06-27T17:16:02.361+0000] {logging_mixin.py:190} INFO - [2025-06-27T17:16:02.361+0000] {dagbag.py:588} INFO - Filling up the DagBag from /home/airflow/.local/lib/python3.12/site-packages/airflow/example_dags/example_inlet_event_extra.py
[2025-06-27T17:16:02.941+0000] {processor.py:925} INFO - DAG(s) 'read_dataset_event_from_classic', 'read_dataset_event' retrieved from /home/airflow/.local/lib/python3.12/site-packages/airflow/example_dags/example_inlet_event_extra.py
[2025-06-27T17:16:02.960+0000] {logging_mixin.py:190} INFO - [2025-06-27T17:16:02.960+0000] {dag.py:3239} INFO - Sync 2 DAGs
[2025-06-27T17:16:02.992+0000] {logging_mixin.py:190} INFO - [2025-06-27T17:16:02.991+0000] {dag.py:4180} INFO - Setting next_dagrun for read_dataset_event to 2025-06-27 00:00:00+00:00, run_after=2025-06-28 00:00:00+00:00
[2025-06-27T17:16:02.997+0000] {logging_mixin.py:190} INFO - [2025-06-27T17:16:02.997+0000] {dag.py:4180} INFO - Setting next_dagrun for read_dataset_event_from_classic to 2025-06-27 00:00:00+00:00, run_after=2025-06-28 00:00:00+00:00
[2025-06-27T17:16:03.019+0000] {processor.py:208} INFO - Processing /home/airflow/.local/lib/python3.12/site-packages/airflow/example_dags/example_inlet_event_extra.py took 0.671 seconds
[2025-06-27T17:16:33.442+0000] {processor.py:186} INFO - Started process (PID=2668) to work on /home/airflow/.local/lib/python3.12/site-packages/airflow/example_dags/example_inlet_event_extra.py
[2025-06-27T17:16:33.443+0000] {processor.py:914} INFO - Processing file /home/airflow/.local/lib/python3.12/site-packages/airflow/example_dags/example_inlet_event_extra.py for tasks to queue
[2025-06-27T17:16:33.446+0000] {logging_mixin.py:190} INFO - [2025-06-27T17:16:33.445+0000] {dagbag.py:588} INFO - Filling up the DagBag from /home/airflow/.local/lib/python3.12/site-packages/airflow/example_dags/example_inlet_event_extra.py
[2025-06-27T17:16:33.931+0000] {processor.py:925} INFO - DAG(s) 'read_dataset_event_from_classic', 'read_dataset_event' retrieved from /home/airflow/.local/lib/python3.12/site-packages/airflow/example_dags/example_inlet_event_extra.py
[2025-06-27T17:16:33.946+0000] {logging_mixin.py:190} INFO - [2025-06-27T17:16:33.946+0000] {dag.py:3239} INFO - Sync 2 DAGs
[2025-06-27T17:16:33.967+0000] {logging_mixin.py:190} INFO - [2025-06-27T17:16:33.967+0000] {dag.py:4180} INFO - Setting next_dagrun for read_dataset_event to 2025-06-27 00:00:00+00:00, run_after=2025-06-28 00:00:00+00:00
[2025-06-27T17:16:33.972+0000] {logging_mixin.py:190} INFO - [2025-06-27T17:16:33.972+0000] {dag.py:4180} INFO - Setting next_dagrun for read_dataset_event_from_classic to 2025-06-27 00:00:00+00:00, run_after=2025-06-28 00:00:00+00:00
[2025-06-27T17:16:33.986+0000] {processor.py:208} INFO - Processing /home/airflow/.local/lib/python3.12/site-packages/airflow/example_dags/example_inlet_event_extra.py took 0.549 seconds
