[2025-06-27T16:57:55.703+0000] {processor.py:186} INFO - Started process (PID=129) to work on /home/airflow/.local/lib/python3.12/site-packages/airflow/example_dags/example_skip_dag.py
[2025-06-27T16:57:55.704+0000] {processor.py:914} INFO - Processing file /home/airflow/.local/lib/python3.12/site-packages/airflow/example_dags/example_skip_dag.py for tasks to queue
[2025-06-27T16:57:55.707+0000] {logging_mixin.py:190} INFO - [2025-06-27T16:57:55.707+0000] {dagbag.py:588} INFO - Filling up the DagBag from /home/airflow/.local/lib/python3.12/site-packages/airflow/example_dags/example_skip_dag.py
[2025-06-27T16:57:55.717+0000] {processor.py:925} INFO - DAG(s) 'example_skip_dag' retrieved from /home/airflow/.local/lib/python3.12/site-packages/airflow/example_dags/example_skip_dag.py
[2025-06-27T16:57:55.740+0000] {logging_mixin.py:190} INFO - [2025-06-27T16:57:55.740+0000] {dag.py:3239} INFO - Sync 1 DAGs
[2025-06-27T16:57:55.766+0000] {logging_mixin.py:190} INFO - [2025-06-27T16:57:55.766+0000] {dag.py:4180} INFO - Setting next_dagrun for example_skip_dag to 2025-06-26 00:00:00+00:00, run_after=2025-06-27 00:00:00+00:00
[2025-06-27T16:57:55.784+0000] {processor.py:208} INFO - Processing /home/airflow/.local/lib/python3.12/site-packages/airflow/example_dags/example_skip_dag.py took 0.087 seconds
[2025-06-27T16:58:26.078+0000] {processor.py:186} INFO - Started process (PID=277) to work on /home/airflow/.local/lib/python3.12/site-packages/airflow/example_dags/example_skip_dag.py
[2025-06-27T16:58:26.079+0000] {processor.py:914} INFO - Processing file /home/airflow/.local/lib/python3.12/site-packages/airflow/example_dags/example_skip_dag.py for tasks to queue
[2025-06-27T16:58:26.082+0000] {logging_mixin.py:190} INFO - [2025-06-27T16:58:26.082+0000] {dagbag.py:588} INFO - Filling up the DagBag from /home/airflow/.local/lib/python3.12/site-packages/airflow/example_dags/example_skip_dag.py
[2025-06-27T16:58:26.090+0000] {processor.py:925} INFO - DAG(s) 'example_skip_dag' retrieved from /home/airflow/.local/lib/python3.12/site-packages/airflow/example_dags/example_skip_dag.py
[2025-06-27T16:58:26.112+0000] {logging_mixin.py:190} INFO - [2025-06-27T16:58:26.112+0000] {dag.py:3239} INFO - Sync 1 DAGs
[2025-06-27T16:58:26.137+0000] {logging_mixin.py:190} INFO - [2025-06-27T16:58:26.137+0000] {dag.py:4180} INFO - Setting next_dagrun for example_skip_dag to 2025-06-27 00:00:00+00:00, run_after=2025-06-28 00:00:00+00:00
[2025-06-27T16:58:26.156+0000] {processor.py:208} INFO - Processing /home/airflow/.local/lib/python3.12/site-packages/airflow/example_dags/example_skip_dag.py took 0.084 seconds
[2025-06-27T16:58:56.441+0000] {processor.py:186} INFO - Started process (PID=356) to work on /home/airflow/.local/lib/python3.12/site-packages/airflow/example_dags/example_skip_dag.py
[2025-06-27T16:58:56.442+0000] {processor.py:914} INFO - Processing file /home/airflow/.local/lib/python3.12/site-packages/airflow/example_dags/example_skip_dag.py for tasks to queue
[2025-06-27T16:58:56.445+0000] {logging_mixin.py:190} INFO - [2025-06-27T16:58:56.445+0000] {dagbag.py:588} INFO - Filling up the DagBag from /home/airflow/.local/lib/python3.12/site-packages/airflow/example_dags/example_skip_dag.py
[2025-06-27T16:58:56.453+0000] {processor.py:925} INFO - DAG(s) 'example_skip_dag' retrieved from /home/airflow/.local/lib/python3.12/site-packages/airflow/example_dags/example_skip_dag.py
[2025-06-27T16:58:56.473+0000] {logging_mixin.py:190} INFO - [2025-06-27T16:58:56.472+0000] {dag.py:3239} INFO - Sync 1 DAGs
[2025-06-27T16:58:56.499+0000] {logging_mixin.py:190} INFO - [2025-06-27T16:58:56.499+0000] {dag.py:4180} INFO - Setting next_dagrun for example_skip_dag to 2025-06-27 00:00:00+00:00, run_after=2025-06-28 00:00:00+00:00
[2025-06-27T16:58:56.518+0000] {processor.py:208} INFO - Processing /home/airflow/.local/lib/python3.12/site-packages/airflow/example_dags/example_skip_dag.py took 0.082 seconds
[2025-06-27T16:59:27.189+0000] {processor.py:186} INFO - Started process (PID=425) to work on /home/airflow/.local/lib/python3.12/site-packages/airflow/example_dags/example_skip_dag.py
[2025-06-27T16:59:27.190+0000] {processor.py:914} INFO - Processing file /home/airflow/.local/lib/python3.12/site-packages/airflow/example_dags/example_skip_dag.py for tasks to queue
[2025-06-27T16:59:27.192+0000] {logging_mixin.py:190} INFO - [2025-06-27T16:59:27.191+0000] {dagbag.py:588} INFO - Filling up the DagBag from /home/airflow/.local/lib/python3.12/site-packages/airflow/example_dags/example_skip_dag.py
[2025-06-27T16:59:27.199+0000] {processor.py:925} INFO - DAG(s) 'example_skip_dag' retrieved from /home/airflow/.local/lib/python3.12/site-packages/airflow/example_dags/example_skip_dag.py
[2025-06-27T16:59:27.218+0000] {logging_mixin.py:190} INFO - [2025-06-27T16:59:27.217+0000] {dag.py:3239} INFO - Sync 1 DAGs
[2025-06-27T16:59:27.241+0000] {logging_mixin.py:190} INFO - [2025-06-27T16:59:27.241+0000] {dag.py:4180} INFO - Setting next_dagrun for example_skip_dag to 2025-06-27 00:00:00+00:00, run_after=2025-06-28 00:00:00+00:00
[2025-06-27T16:59:27.258+0000] {processor.py:208} INFO - Processing /home/airflow/.local/lib/python3.12/site-packages/airflow/example_dags/example_skip_dag.py took 0.075 seconds
[2025-06-27T16:59:57.670+0000] {processor.py:186} INFO - Started process (PID=489) to work on /home/airflow/.local/lib/python3.12/site-packages/airflow/example_dags/example_skip_dag.py
[2025-06-27T16:59:57.671+0000] {processor.py:914} INFO - Processing file /home/airflow/.local/lib/python3.12/site-packages/airflow/example_dags/example_skip_dag.py for tasks to queue
[2025-06-27T16:59:57.673+0000] {logging_mixin.py:190} INFO - [2025-06-27T16:59:57.673+0000] {dagbag.py:588} INFO - Filling up the DagBag from /home/airflow/.local/lib/python3.12/site-packages/airflow/example_dags/example_skip_dag.py
[2025-06-27T16:59:57.681+0000] {processor.py:925} INFO - DAG(s) 'example_skip_dag' retrieved from /home/airflow/.local/lib/python3.12/site-packages/airflow/example_dags/example_skip_dag.py
[2025-06-27T16:59:57.698+0000] {logging_mixin.py:190} INFO - [2025-06-27T16:59:57.698+0000] {dag.py:3239} INFO - Sync 1 DAGs
[2025-06-27T16:59:57.717+0000] {logging_mixin.py:190} INFO - [2025-06-27T16:59:57.717+0000] {dag.py:4180} INFO - Setting next_dagrun for example_skip_dag to 2025-06-27 00:00:00+00:00, run_after=2025-06-28 00:00:00+00:00
[2025-06-27T16:59:57.735+0000] {processor.py:208} INFO - Processing /home/airflow/.local/lib/python3.12/site-packages/airflow/example_dags/example_skip_dag.py took 0.070 seconds
[2025-06-27T17:00:28.009+0000] {processor.py:186} INFO - Started process (PID=559) to work on /home/airflow/.local/lib/python3.12/site-packages/airflow/example_dags/example_skip_dag.py
[2025-06-27T17:00:28.010+0000] {processor.py:914} INFO - Processing file /home/airflow/.local/lib/python3.12/site-packages/airflow/example_dags/example_skip_dag.py for tasks to queue
[2025-06-27T17:00:28.013+0000] {logging_mixin.py:190} INFO - [2025-06-27T17:00:28.013+0000] {dagbag.py:588} INFO - Filling up the DagBag from /home/airflow/.local/lib/python3.12/site-packages/airflow/example_dags/example_skip_dag.py
[2025-06-27T17:00:28.021+0000] {processor.py:925} INFO - DAG(s) 'example_skip_dag' retrieved from /home/airflow/.local/lib/python3.12/site-packages/airflow/example_dags/example_skip_dag.py
[2025-06-27T17:00:28.041+0000] {logging_mixin.py:190} INFO - [2025-06-27T17:00:28.041+0000] {dag.py:3239} INFO - Sync 1 DAGs
[2025-06-27T17:00:28.068+0000] {logging_mixin.py:190} INFO - [2025-06-27T17:00:28.068+0000] {dag.py:4180} INFO - Setting next_dagrun for example_skip_dag to 2025-06-27 00:00:00+00:00, run_after=2025-06-28 00:00:00+00:00
[2025-06-27T17:00:28.091+0000] {processor.py:208} INFO - Processing /home/airflow/.local/lib/python3.12/site-packages/airflow/example_dags/example_skip_dag.py took 0.087 seconds
[2025-06-27T17:00:59.239+0000] {processor.py:186} INFO - Started process (PID=622) to work on /home/airflow/.local/lib/python3.12/site-packages/airflow/example_dags/example_skip_dag.py
[2025-06-27T17:00:59.241+0000] {processor.py:914} INFO - Processing file /home/airflow/.local/lib/python3.12/site-packages/airflow/example_dags/example_skip_dag.py for tasks to queue
[2025-06-27T17:00:59.245+0000] {logging_mixin.py:190} INFO - [2025-06-27T17:00:59.245+0000] {dagbag.py:588} INFO - Filling up the DagBag from /home/airflow/.local/lib/python3.12/site-packages/airflow/example_dags/example_skip_dag.py
[2025-06-27T17:00:59.262+0000] {processor.py:925} INFO - DAG(s) 'example_skip_dag' retrieved from /home/airflow/.local/lib/python3.12/site-packages/airflow/example_dags/example_skip_dag.py
[2025-06-27T17:00:59.296+0000] {logging_mixin.py:190} INFO - [2025-06-27T17:00:59.295+0000] {dag.py:3239} INFO - Sync 1 DAGs
[2025-06-27T17:00:59.334+0000] {logging_mixin.py:190} INFO - [2025-06-27T17:00:59.334+0000] {dag.py:4180} INFO - Setting next_dagrun for example_skip_dag to 2025-06-27 00:00:00+00:00, run_after=2025-06-28 00:00:00+00:00
[2025-06-27T17:00:59.362+0000] {processor.py:208} INFO - Processing /home/airflow/.local/lib/python3.12/site-packages/airflow/example_dags/example_skip_dag.py took 0.137 seconds
[2025-06-27T17:01:32.111+0000] {processor.py:186} INFO - Started process (PID=691) to work on /home/airflow/.local/lib/python3.12/site-packages/airflow/example_dags/example_skip_dag.py
[2025-06-27T17:01:32.112+0000] {processor.py:914} INFO - Processing file /home/airflow/.local/lib/python3.12/site-packages/airflow/example_dags/example_skip_dag.py for tasks to queue
[2025-06-27T17:01:32.115+0000] {logging_mixin.py:190} INFO - [2025-06-27T17:01:32.115+0000] {dagbag.py:588} INFO - Filling up the DagBag from /home/airflow/.local/lib/python3.12/site-packages/airflow/example_dags/example_skip_dag.py
[2025-06-27T17:01:32.122+0000] {processor.py:925} INFO - DAG(s) 'example_skip_dag' retrieved from /home/airflow/.local/lib/python3.12/site-packages/airflow/example_dags/example_skip_dag.py
[2025-06-27T17:01:32.140+0000] {logging_mixin.py:190} INFO - [2025-06-27T17:01:32.140+0000] {dag.py:3239} INFO - Sync 1 DAGs
[2025-06-27T17:01:32.163+0000] {logging_mixin.py:190} INFO - [2025-06-27T17:01:32.163+0000] {dag.py:4180} INFO - Setting next_dagrun for example_skip_dag to 2025-06-27 00:00:00+00:00, run_after=2025-06-28 00:00:00+00:00
[2025-06-27T17:01:32.181+0000] {processor.py:208} INFO - Processing /home/airflow/.local/lib/python3.12/site-packages/airflow/example_dags/example_skip_dag.py took 0.075 seconds
[2025-06-27T17:02:02.724+0000] {processor.py:186} INFO - Started process (PID=761) to work on /home/airflow/.local/lib/python3.12/site-packages/airflow/example_dags/example_skip_dag.py
[2025-06-27T17:02:02.725+0000] {processor.py:914} INFO - Processing file /home/airflow/.local/lib/python3.12/site-packages/airflow/example_dags/example_skip_dag.py for tasks to queue
[2025-06-27T17:02:02.728+0000] {logging_mixin.py:190} INFO - [2025-06-27T17:02:02.727+0000] {dagbag.py:588} INFO - Filling up the DagBag from /home/airflow/.local/lib/python3.12/site-packages/airflow/example_dags/example_skip_dag.py
[2025-06-27T17:02:02.735+0000] {processor.py:925} INFO - DAG(s) 'example_skip_dag' retrieved from /home/airflow/.local/lib/python3.12/site-packages/airflow/example_dags/example_skip_dag.py
[2025-06-27T17:02:02.756+0000] {logging_mixin.py:190} INFO - [2025-06-27T17:02:02.756+0000] {dag.py:3239} INFO - Sync 1 DAGs
[2025-06-27T17:02:02.776+0000] {logging_mixin.py:190} INFO - [2025-06-27T17:02:02.776+0000] {dag.py:4180} INFO - Setting next_dagrun for example_skip_dag to 2025-06-27 00:00:00+00:00, run_after=2025-06-28 00:00:00+00:00
[2025-06-27T17:02:02.793+0000] {processor.py:208} INFO - Processing /home/airflow/.local/lib/python3.12/site-packages/airflow/example_dags/example_skip_dag.py took 0.074 seconds
[2025-06-27T17:02:33.185+0000] {processor.py:186} INFO - Started process (PID=825) to work on /home/airflow/.local/lib/python3.12/site-packages/airflow/example_dags/example_skip_dag.py
[2025-06-27T17:02:33.186+0000] {processor.py:914} INFO - Processing file /home/airflow/.local/lib/python3.12/site-packages/airflow/example_dags/example_skip_dag.py for tasks to queue
[2025-06-27T17:02:33.188+0000] {logging_mixin.py:190} INFO - [2025-06-27T17:02:33.188+0000] {dagbag.py:588} INFO - Filling up the DagBag from /home/airflow/.local/lib/python3.12/site-packages/airflow/example_dags/example_skip_dag.py
[2025-06-27T17:02:33.195+0000] {processor.py:925} INFO - DAG(s) 'example_skip_dag' retrieved from /home/airflow/.local/lib/python3.12/site-packages/airflow/example_dags/example_skip_dag.py
[2025-06-27T17:02:33.214+0000] {logging_mixin.py:190} INFO - [2025-06-27T17:02:33.213+0000] {dag.py:3239} INFO - Sync 1 DAGs
[2025-06-27T17:02:33.233+0000] {logging_mixin.py:190} INFO - [2025-06-27T17:02:33.233+0000] {dag.py:4180} INFO - Setting next_dagrun for example_skip_dag to 2025-06-27 00:00:00+00:00, run_after=2025-06-28 00:00:00+00:00
[2025-06-27T17:02:33.249+0000] {processor.py:208} INFO - Processing /home/airflow/.local/lib/python3.12/site-packages/airflow/example_dags/example_skip_dag.py took 0.070 seconds
[2025-06-27T17:03:03.992+0000] {processor.py:186} INFO - Started process (PID=894) to work on /home/airflow/.local/lib/python3.12/site-packages/airflow/example_dags/example_skip_dag.py
[2025-06-27T17:03:03.993+0000] {processor.py:914} INFO - Processing file /home/airflow/.local/lib/python3.12/site-packages/airflow/example_dags/example_skip_dag.py for tasks to queue
[2025-06-27T17:03:03.995+0000] {logging_mixin.py:190} INFO - [2025-06-27T17:03:03.995+0000] {dagbag.py:588} INFO - Filling up the DagBag from /home/airflow/.local/lib/python3.12/site-packages/airflow/example_dags/example_skip_dag.py
[2025-06-27T17:03:04.002+0000] {processor.py:925} INFO - DAG(s) 'example_skip_dag' retrieved from /home/airflow/.local/lib/python3.12/site-packages/airflow/example_dags/example_skip_dag.py
[2025-06-27T17:03:04.021+0000] {logging_mixin.py:190} INFO - [2025-06-27T17:03:04.020+0000] {dag.py:3239} INFO - Sync 1 DAGs
[2025-06-27T17:03:04.041+0000] {logging_mixin.py:190} INFO - [2025-06-27T17:03:04.040+0000] {dag.py:4180} INFO - Setting next_dagrun for example_skip_dag to 2025-06-27 00:00:00+00:00, run_after=2025-06-28 00:00:00+00:00
[2025-06-27T17:03:04.058+0000] {processor.py:208} INFO - Processing /home/airflow/.local/lib/python3.12/site-packages/airflow/example_dags/example_skip_dag.py took 0.072 seconds
[2025-06-27T17:03:34.427+0000] {processor.py:186} INFO - Started process (PID=958) to work on /home/airflow/.local/lib/python3.12/site-packages/airflow/example_dags/example_skip_dag.py
[2025-06-27T17:03:34.428+0000] {processor.py:914} INFO - Processing file /home/airflow/.local/lib/python3.12/site-packages/airflow/example_dags/example_skip_dag.py for tasks to queue
[2025-06-27T17:03:34.431+0000] {logging_mixin.py:190} INFO - [2025-06-27T17:03:34.430+0000] {dagbag.py:588} INFO - Filling up the DagBag from /home/airflow/.local/lib/python3.12/site-packages/airflow/example_dags/example_skip_dag.py
[2025-06-27T17:03:34.438+0000] {processor.py:925} INFO - DAG(s) 'example_skip_dag' retrieved from /home/airflow/.local/lib/python3.12/site-packages/airflow/example_dags/example_skip_dag.py
[2025-06-27T17:03:34.457+0000] {logging_mixin.py:190} INFO - [2025-06-27T17:03:34.457+0000] {dag.py:3239} INFO - Sync 1 DAGs
[2025-06-27T17:03:34.480+0000] {logging_mixin.py:190} INFO - [2025-06-27T17:03:34.480+0000] {dag.py:4180} INFO - Setting next_dagrun for example_skip_dag to 2025-06-27 00:00:00+00:00, run_after=2025-06-28 00:00:00+00:00
[2025-06-27T17:03:34.497+0000] {processor.py:208} INFO - Processing /home/airflow/.local/lib/python3.12/site-packages/airflow/example_dags/example_skip_dag.py took 0.075 seconds
[2025-06-27T17:04:04.863+0000] {processor.py:186} INFO - Started process (PID=1028) to work on /home/airflow/.local/lib/python3.12/site-packages/airflow/example_dags/example_skip_dag.py
[2025-06-27T17:04:04.864+0000] {processor.py:914} INFO - Processing file /home/airflow/.local/lib/python3.12/site-packages/airflow/example_dags/example_skip_dag.py for tasks to queue
[2025-06-27T17:04:04.867+0000] {logging_mixin.py:190} INFO - [2025-06-27T17:04:04.866+0000] {dagbag.py:588} INFO - Filling up the DagBag from /home/airflow/.local/lib/python3.12/site-packages/airflow/example_dags/example_skip_dag.py
[2025-06-27T17:04:04.874+0000] {processor.py:925} INFO - DAG(s) 'example_skip_dag' retrieved from /home/airflow/.local/lib/python3.12/site-packages/airflow/example_dags/example_skip_dag.py
[2025-06-27T17:04:04.892+0000] {logging_mixin.py:190} INFO - [2025-06-27T17:04:04.892+0000] {dag.py:3239} INFO - Sync 1 DAGs
[2025-06-27T17:04:04.912+0000] {logging_mixin.py:190} INFO - [2025-06-27T17:04:04.911+0000] {dag.py:4180} INFO - Setting next_dagrun for example_skip_dag to 2025-06-27 00:00:00+00:00, run_after=2025-06-28 00:00:00+00:00
[2025-06-27T17:04:04.930+0000] {processor.py:208} INFO - Processing /home/airflow/.local/lib/python3.12/site-packages/airflow/example_dags/example_skip_dag.py took 0.071 seconds
[2025-06-27T17:04:35.318+0000] {processor.py:186} INFO - Started process (PID=1092) to work on /home/airflow/.local/lib/python3.12/site-packages/airflow/example_dags/example_skip_dag.py
[2025-06-27T17:04:35.319+0000] {processor.py:914} INFO - Processing file /home/airflow/.local/lib/python3.12/site-packages/airflow/example_dags/example_skip_dag.py for tasks to queue
[2025-06-27T17:04:35.322+0000] {logging_mixin.py:190} INFO - [2025-06-27T17:04:35.322+0000] {dagbag.py:588} INFO - Filling up the DagBag from /home/airflow/.local/lib/python3.12/site-packages/airflow/example_dags/example_skip_dag.py
[2025-06-27T17:04:35.329+0000] {processor.py:925} INFO - DAG(s) 'example_skip_dag' retrieved from /home/airflow/.local/lib/python3.12/site-packages/airflow/example_dags/example_skip_dag.py
[2025-06-27T17:04:35.348+0000] {logging_mixin.py:190} INFO - [2025-06-27T17:04:35.347+0000] {dag.py:3239} INFO - Sync 1 DAGs
[2025-06-27T17:04:35.367+0000] {logging_mixin.py:190} INFO - [2025-06-27T17:04:35.367+0000] {dag.py:4180} INFO - Setting next_dagrun for example_skip_dag to 2025-06-27 00:00:00+00:00, run_after=2025-06-28 00:00:00+00:00
[2025-06-27T17:04:35.384+0000] {processor.py:208} INFO - Processing /home/airflow/.local/lib/python3.12/site-packages/airflow/example_dags/example_skip_dag.py took 0.071 seconds
[2025-06-27T17:05:05.440+0000] {processor.py:186} INFO - Started process (PID=1161) to work on /home/airflow/.local/lib/python3.12/site-packages/airflow/example_dags/example_skip_dag.py
[2025-06-27T17:05:05.441+0000] {processor.py:914} INFO - Processing file /home/airflow/.local/lib/python3.12/site-packages/airflow/example_dags/example_skip_dag.py for tasks to queue
[2025-06-27T17:05:05.444+0000] {logging_mixin.py:190} INFO - [2025-06-27T17:05:05.444+0000] {dagbag.py:588} INFO - Filling up the DagBag from /home/airflow/.local/lib/python3.12/site-packages/airflow/example_dags/example_skip_dag.py
[2025-06-27T17:05:05.452+0000] {processor.py:925} INFO - DAG(s) 'example_skip_dag' retrieved from /home/airflow/.local/lib/python3.12/site-packages/airflow/example_dags/example_skip_dag.py
[2025-06-27T17:05:05.475+0000] {logging_mixin.py:190} INFO - [2025-06-27T17:05:05.474+0000] {dag.py:3239} INFO - Sync 1 DAGs
[2025-06-27T17:05:05.497+0000] {logging_mixin.py:190} INFO - [2025-06-27T17:05:05.497+0000] {dag.py:4180} INFO - Setting next_dagrun for example_skip_dag to 2025-06-27 00:00:00+00:00, run_after=2025-06-28 00:00:00+00:00
[2025-06-27T17:05:05.518+0000] {processor.py:208} INFO - Processing /home/airflow/.local/lib/python3.12/site-packages/airflow/example_dags/example_skip_dag.py took 0.083 seconds
[2025-06-27T17:05:35.861+0000] {processor.py:186} INFO - Started process (PID=1225) to work on /home/airflow/.local/lib/python3.12/site-packages/airflow/example_dags/example_skip_dag.py
[2025-06-27T17:05:35.862+0000] {processor.py:914} INFO - Processing file /home/airflow/.local/lib/python3.12/site-packages/airflow/example_dags/example_skip_dag.py for tasks to queue
[2025-06-27T17:05:35.864+0000] {logging_mixin.py:190} INFO - [2025-06-27T17:05:35.864+0000] {dagbag.py:588} INFO - Filling up the DagBag from /home/airflow/.local/lib/python3.12/site-packages/airflow/example_dags/example_skip_dag.py
[2025-06-27T17:05:35.871+0000] {processor.py:925} INFO - DAG(s) 'example_skip_dag' retrieved from /home/airflow/.local/lib/python3.12/site-packages/airflow/example_dags/example_skip_dag.py
[2025-06-27T17:05:35.890+0000] {logging_mixin.py:190} INFO - [2025-06-27T17:05:35.890+0000] {dag.py:3239} INFO - Sync 1 DAGs
[2025-06-27T17:05:35.909+0000] {logging_mixin.py:190} INFO - [2025-06-27T17:05:35.909+0000] {dag.py:4180} INFO - Setting next_dagrun for example_skip_dag to 2025-06-27 00:00:00+00:00, run_after=2025-06-28 00:00:00+00:00
[2025-06-27T17:05:35.926+0000] {processor.py:208} INFO - Processing /home/airflow/.local/lib/python3.12/site-packages/airflow/example_dags/example_skip_dag.py took 0.071 seconds
[2025-06-27T17:06:05.980+0000] {processor.py:186} INFO - Started process (PID=1295) to work on /home/airflow/.local/lib/python3.12/site-packages/airflow/example_dags/example_skip_dag.py
[2025-06-27T17:06:05.981+0000] {processor.py:914} INFO - Processing file /home/airflow/.local/lib/python3.12/site-packages/airflow/example_dags/example_skip_dag.py for tasks to queue
[2025-06-27T17:06:05.984+0000] {logging_mixin.py:190} INFO - [2025-06-27T17:06:05.984+0000] {dagbag.py:588} INFO - Filling up the DagBag from /home/airflow/.local/lib/python3.12/site-packages/airflow/example_dags/example_skip_dag.py
[2025-06-27T17:06:05.991+0000] {processor.py:925} INFO - DAG(s) 'example_skip_dag' retrieved from /home/airflow/.local/lib/python3.12/site-packages/airflow/example_dags/example_skip_dag.py
[2025-06-27T17:06:06.011+0000] {logging_mixin.py:190} INFO - [2025-06-27T17:06:06.010+0000] {dag.py:3239} INFO - Sync 1 DAGs
[2025-06-27T17:06:06.032+0000] {logging_mixin.py:190} INFO - [2025-06-27T17:06:06.032+0000] {dag.py:4180} INFO - Setting next_dagrun for example_skip_dag to 2025-06-27 00:00:00+00:00, run_after=2025-06-28 00:00:00+00:00
[2025-06-27T17:06:06.050+0000] {processor.py:208} INFO - Processing /home/airflow/.local/lib/python3.12/site-packages/airflow/example_dags/example_skip_dag.py took 0.075 seconds
[2025-06-27T17:06:36.197+0000] {processor.py:186} INFO - Started process (PID=1359) to work on /home/airflow/.local/lib/python3.12/site-packages/airflow/example_dags/example_skip_dag.py
[2025-06-27T17:06:36.198+0000] {processor.py:914} INFO - Processing file /home/airflow/.local/lib/python3.12/site-packages/airflow/example_dags/example_skip_dag.py for tasks to queue
[2025-06-27T17:06:36.201+0000] {logging_mixin.py:190} INFO - [2025-06-27T17:06:36.201+0000] {dagbag.py:588} INFO - Filling up the DagBag from /home/airflow/.local/lib/python3.12/site-packages/airflow/example_dags/example_skip_dag.py
[2025-06-27T17:06:36.208+0000] {processor.py:925} INFO - DAG(s) 'example_skip_dag' retrieved from /home/airflow/.local/lib/python3.12/site-packages/airflow/example_dags/example_skip_dag.py
[2025-06-27T17:06:36.225+0000] {logging_mixin.py:190} INFO - [2025-06-27T17:06:36.225+0000] {dag.py:3239} INFO - Sync 1 DAGs
[2025-06-27T17:06:36.245+0000] {logging_mixin.py:190} INFO - [2025-06-27T17:06:36.245+0000] {dag.py:4180} INFO - Setting next_dagrun for example_skip_dag to 2025-06-27 00:00:00+00:00, run_after=2025-06-28 00:00:00+00:00
[2025-06-27T17:06:36.262+0000] {processor.py:208} INFO - Processing /home/airflow/.local/lib/python3.12/site-packages/airflow/example_dags/example_skip_dag.py took 0.071 seconds
[2025-06-27T17:07:06.430+0000] {processor.py:186} INFO - Started process (PID=1428) to work on /home/airflow/.local/lib/python3.12/site-packages/airflow/example_dags/example_skip_dag.py
[2025-06-27T17:07:06.431+0000] {processor.py:914} INFO - Processing file /home/airflow/.local/lib/python3.12/site-packages/airflow/example_dags/example_skip_dag.py for tasks to queue
[2025-06-27T17:07:06.434+0000] {logging_mixin.py:190} INFO - [2025-06-27T17:07:06.433+0000] {dagbag.py:588} INFO - Filling up the DagBag from /home/airflow/.local/lib/python3.12/site-packages/airflow/example_dags/example_skip_dag.py
[2025-06-27T17:07:06.441+0000] {processor.py:925} INFO - DAG(s) 'example_skip_dag' retrieved from /home/airflow/.local/lib/python3.12/site-packages/airflow/example_dags/example_skip_dag.py
[2025-06-27T17:07:06.460+0000] {logging_mixin.py:190} INFO - [2025-06-27T17:07:06.460+0000] {dag.py:3239} INFO - Sync 1 DAGs
[2025-06-27T17:07:06.483+0000] {logging_mixin.py:190} INFO - [2025-06-27T17:07:06.483+0000] {dag.py:4180} INFO - Setting next_dagrun for example_skip_dag to 2025-06-27 00:00:00+00:00, run_after=2025-06-28 00:00:00+00:00
[2025-06-27T17:07:06.502+0000] {processor.py:208} INFO - Processing /home/airflow/.local/lib/python3.12/site-packages/airflow/example_dags/example_skip_dag.py took 0.078 seconds
[2025-06-27T17:07:37.300+0000] {processor.py:186} INFO - Started process (PID=1492) to work on /home/airflow/.local/lib/python3.12/site-packages/airflow/example_dags/example_skip_dag.py
[2025-06-27T17:07:37.301+0000] {processor.py:914} INFO - Processing file /home/airflow/.local/lib/python3.12/site-packages/airflow/example_dags/example_skip_dag.py for tasks to queue
[2025-06-27T17:07:37.304+0000] {logging_mixin.py:190} INFO - [2025-06-27T17:07:37.303+0000] {dagbag.py:588} INFO - Filling up the DagBag from /home/airflow/.local/lib/python3.12/site-packages/airflow/example_dags/example_skip_dag.py
[2025-06-27T17:07:37.311+0000] {processor.py:925} INFO - DAG(s) 'example_skip_dag' retrieved from /home/airflow/.local/lib/python3.12/site-packages/airflow/example_dags/example_skip_dag.py
[2025-06-27T17:07:37.330+0000] {logging_mixin.py:190} INFO - [2025-06-27T17:07:37.330+0000] {dag.py:3239} INFO - Sync 1 DAGs
[2025-06-27T17:07:37.351+0000] {logging_mixin.py:190} INFO - [2025-06-27T17:07:37.351+0000] {dag.py:4180} INFO - Setting next_dagrun for example_skip_dag to 2025-06-27 00:00:00+00:00, run_after=2025-06-28 00:00:00+00:00
[2025-06-27T17:07:37.368+0000] {processor.py:208} INFO - Processing /home/airflow/.local/lib/python3.12/site-packages/airflow/example_dags/example_skip_dag.py took 0.074 seconds
[2025-06-27T17:08:07.871+0000] {processor.py:186} INFO - Started process (PID=1562) to work on /home/airflow/.local/lib/python3.12/site-packages/airflow/example_dags/example_skip_dag.py
[2025-06-27T17:08:07.872+0000] {processor.py:914} INFO - Processing file /home/airflow/.local/lib/python3.12/site-packages/airflow/example_dags/example_skip_dag.py for tasks to queue
[2025-06-27T17:08:07.875+0000] {logging_mixin.py:190} INFO - [2025-06-27T17:08:07.874+0000] {dagbag.py:588} INFO - Filling up the DagBag from /home/airflow/.local/lib/python3.12/site-packages/airflow/example_dags/example_skip_dag.py
[2025-06-27T17:08:07.884+0000] {processor.py:925} INFO - DAG(s) 'example_skip_dag' retrieved from /home/airflow/.local/lib/python3.12/site-packages/airflow/example_dags/example_skip_dag.py
[2025-06-27T17:08:07.905+0000] {logging_mixin.py:190} INFO - [2025-06-27T17:08:07.904+0000] {dag.py:3239} INFO - Sync 1 DAGs
[2025-06-27T17:08:07.927+0000] {logging_mixin.py:190} INFO - [2025-06-27T17:08:07.927+0000] {dag.py:4180} INFO - Setting next_dagrun for example_skip_dag to 2025-06-27 00:00:00+00:00, run_after=2025-06-28 00:00:00+00:00
[2025-06-27T17:08:07.945+0000] {processor.py:208} INFO - Processing /home/airflow/.local/lib/python3.12/site-packages/airflow/example_dags/example_skip_dag.py took 0.080 seconds
[2025-06-27T17:08:38.059+0000] {processor.py:186} INFO - Started process (PID=1626) to work on /home/airflow/.local/lib/python3.12/site-packages/airflow/example_dags/example_skip_dag.py
[2025-06-27T17:08:38.061+0000] {processor.py:914} INFO - Processing file /home/airflow/.local/lib/python3.12/site-packages/airflow/example_dags/example_skip_dag.py for tasks to queue
[2025-06-27T17:08:38.063+0000] {logging_mixin.py:190} INFO - [2025-06-27T17:08:38.063+0000] {dagbag.py:588} INFO - Filling up the DagBag from /home/airflow/.local/lib/python3.12/site-packages/airflow/example_dags/example_skip_dag.py
[2025-06-27T17:08:38.070+0000] {processor.py:925} INFO - DAG(s) 'example_skip_dag' retrieved from /home/airflow/.local/lib/python3.12/site-packages/airflow/example_dags/example_skip_dag.py
[2025-06-27T17:08:38.090+0000] {logging_mixin.py:190} INFO - [2025-06-27T17:08:38.089+0000] {dag.py:3239} INFO - Sync 1 DAGs
[2025-06-27T17:08:38.112+0000] {logging_mixin.py:190} INFO - [2025-06-27T17:08:38.112+0000] {dag.py:4180} INFO - Setting next_dagrun for example_skip_dag to 2025-06-27 00:00:00+00:00, run_after=2025-06-28 00:00:00+00:00
[2025-06-27T17:08:38.129+0000] {processor.py:208} INFO - Processing /home/airflow/.local/lib/python3.12/site-packages/airflow/example_dags/example_skip_dag.py took 0.076 seconds
[2025-06-27T17:09:08.592+0000] {processor.py:186} INFO - Started process (PID=1695) to work on /home/airflow/.local/lib/python3.12/site-packages/airflow/example_dags/example_skip_dag.py
[2025-06-27T17:09:08.593+0000] {processor.py:914} INFO - Processing file /home/airflow/.local/lib/python3.12/site-packages/airflow/example_dags/example_skip_dag.py for tasks to queue
[2025-06-27T17:09:08.596+0000] {logging_mixin.py:190} INFO - [2025-06-27T17:09:08.595+0000] {dagbag.py:588} INFO - Filling up the DagBag from /home/airflow/.local/lib/python3.12/site-packages/airflow/example_dags/example_skip_dag.py
[2025-06-27T17:09:08.603+0000] {processor.py:925} INFO - DAG(s) 'example_skip_dag' retrieved from /home/airflow/.local/lib/python3.12/site-packages/airflow/example_dags/example_skip_dag.py
[2025-06-27T17:09:08.622+0000] {logging_mixin.py:190} INFO - [2025-06-27T17:09:08.621+0000] {dag.py:3239} INFO - Sync 1 DAGs
[2025-06-27T17:09:08.642+0000] {logging_mixin.py:190} INFO - [2025-06-27T17:09:08.641+0000] {dag.py:4180} INFO - Setting next_dagrun for example_skip_dag to 2025-06-27 00:00:00+00:00, run_after=2025-06-28 00:00:00+00:00
[2025-06-27T17:09:08.660+0000] {processor.py:208} INFO - Processing /home/airflow/.local/lib/python3.12/site-packages/airflow/example_dags/example_skip_dag.py took 0.073 seconds
[2025-06-27T17:09:39.016+0000] {processor.py:186} INFO - Started process (PID=1759) to work on /home/airflow/.local/lib/python3.12/site-packages/airflow/example_dags/example_skip_dag.py
[2025-06-27T17:09:39.017+0000] {processor.py:914} INFO - Processing file /home/airflow/.local/lib/python3.12/site-packages/airflow/example_dags/example_skip_dag.py for tasks to queue
[2025-06-27T17:09:39.019+0000] {logging_mixin.py:190} INFO - [2025-06-27T17:09:39.019+0000] {dagbag.py:588} INFO - Filling up the DagBag from /home/airflow/.local/lib/python3.12/site-packages/airflow/example_dags/example_skip_dag.py
[2025-06-27T17:09:39.026+0000] {processor.py:925} INFO - DAG(s) 'example_skip_dag' retrieved from /home/airflow/.local/lib/python3.12/site-packages/airflow/example_dags/example_skip_dag.py
[2025-06-27T17:09:39.044+0000] {logging_mixin.py:190} INFO - [2025-06-27T17:09:39.044+0000] {dag.py:3239} INFO - Sync 1 DAGs
[2025-06-27T17:09:39.064+0000] {logging_mixin.py:190} INFO - [2025-06-27T17:09:39.063+0000] {dag.py:4180} INFO - Setting next_dagrun for example_skip_dag to 2025-06-27 00:00:00+00:00, run_after=2025-06-28 00:00:00+00:00
[2025-06-27T17:09:39.080+0000] {processor.py:208} INFO - Processing /home/airflow/.local/lib/python3.12/site-packages/airflow/example_dags/example_skip_dag.py took 0.069 seconds
[2025-06-27T17:10:09.545+0000] {processor.py:186} INFO - Started process (PID=1829) to work on /home/airflow/.local/lib/python3.12/site-packages/airflow/example_dags/example_skip_dag.py
[2025-06-27T17:10:09.546+0000] {processor.py:914} INFO - Processing file /home/airflow/.local/lib/python3.12/site-packages/airflow/example_dags/example_skip_dag.py for tasks to queue
[2025-06-27T17:10:09.548+0000] {logging_mixin.py:190} INFO - [2025-06-27T17:10:09.548+0000] {dagbag.py:588} INFO - Filling up the DagBag from /home/airflow/.local/lib/python3.12/site-packages/airflow/example_dags/example_skip_dag.py
[2025-06-27T17:10:09.556+0000] {processor.py:925} INFO - DAG(s) 'example_skip_dag' retrieved from /home/airflow/.local/lib/python3.12/site-packages/airflow/example_dags/example_skip_dag.py
[2025-06-27T17:10:09.575+0000] {logging_mixin.py:190} INFO - [2025-06-27T17:10:09.574+0000] {dag.py:3239} INFO - Sync 1 DAGs
[2025-06-27T17:10:09.594+0000] {logging_mixin.py:190} INFO - [2025-06-27T17:10:09.594+0000] {dag.py:4180} INFO - Setting next_dagrun for example_skip_dag to 2025-06-27 00:00:00+00:00, run_after=2025-06-28 00:00:00+00:00
[2025-06-27T17:10:09.611+0000] {processor.py:208} INFO - Processing /home/airflow/.local/lib/python3.12/site-packages/airflow/example_dags/example_skip_dag.py took 0.072 seconds
[2025-06-27T17:10:40.099+0000] {processor.py:186} INFO - Started process (PID=1893) to work on /home/airflow/.local/lib/python3.12/site-packages/airflow/example_dags/example_skip_dag.py
[2025-06-27T17:10:40.100+0000] {processor.py:914} INFO - Processing file /home/airflow/.local/lib/python3.12/site-packages/airflow/example_dags/example_skip_dag.py for tasks to queue
[2025-06-27T17:10:40.102+0000] {logging_mixin.py:190} INFO - [2025-06-27T17:10:40.102+0000] {dagbag.py:588} INFO - Filling up the DagBag from /home/airflow/.local/lib/python3.12/site-packages/airflow/example_dags/example_skip_dag.py
[2025-06-27T17:10:40.110+0000] {processor.py:925} INFO - DAG(s) 'example_skip_dag' retrieved from /home/airflow/.local/lib/python3.12/site-packages/airflow/example_dags/example_skip_dag.py
[2025-06-27T17:10:40.129+0000] {logging_mixin.py:190} INFO - [2025-06-27T17:10:40.129+0000] {dag.py:3239} INFO - Sync 1 DAGs
[2025-06-27T17:10:40.149+0000] {logging_mixin.py:190} INFO - [2025-06-27T17:10:40.148+0000] {dag.py:4180} INFO - Setting next_dagrun for example_skip_dag to 2025-06-27 00:00:00+00:00, run_after=2025-06-28 00:00:00+00:00
[2025-06-27T17:10:40.165+0000] {processor.py:208} INFO - Processing /home/airflow/.local/lib/python3.12/site-packages/airflow/example_dags/example_skip_dag.py took 0.071 seconds
[2025-06-27T17:11:10.493+0000] {processor.py:186} INFO - Started process (PID=1962) to work on /home/airflow/.local/lib/python3.12/site-packages/airflow/example_dags/example_skip_dag.py
[2025-06-27T17:11:10.494+0000] {processor.py:914} INFO - Processing file /home/airflow/.local/lib/python3.12/site-packages/airflow/example_dags/example_skip_dag.py for tasks to queue
[2025-06-27T17:11:10.496+0000] {logging_mixin.py:190} INFO - [2025-06-27T17:11:10.495+0000] {dagbag.py:588} INFO - Filling up the DagBag from /home/airflow/.local/lib/python3.12/site-packages/airflow/example_dags/example_skip_dag.py
[2025-06-27T17:11:10.503+0000] {processor.py:925} INFO - DAG(s) 'example_skip_dag' retrieved from /home/airflow/.local/lib/python3.12/site-packages/airflow/example_dags/example_skip_dag.py
[2025-06-27T17:11:10.522+0000] {logging_mixin.py:190} INFO - [2025-06-27T17:11:10.522+0000] {dag.py:3239} INFO - Sync 1 DAGs
[2025-06-27T17:11:10.545+0000] {logging_mixin.py:190} INFO - [2025-06-27T17:11:10.544+0000] {dag.py:4180} INFO - Setting next_dagrun for example_skip_dag to 2025-06-27 00:00:00+00:00, run_after=2025-06-28 00:00:00+00:00
[2025-06-27T17:11:10.562+0000] {processor.py:208} INFO - Processing /home/airflow/.local/lib/python3.12/site-packages/airflow/example_dags/example_skip_dag.py took 0.074 seconds
[2025-06-27T17:11:40.663+0000] {processor.py:186} INFO - Started process (PID=2026) to work on /home/airflow/.local/lib/python3.12/site-packages/airflow/example_dags/example_skip_dag.py
[2025-06-27T17:11:40.664+0000] {processor.py:914} INFO - Processing file /home/airflow/.local/lib/python3.12/site-packages/airflow/example_dags/example_skip_dag.py for tasks to queue
[2025-06-27T17:11:40.669+0000] {logging_mixin.py:190} INFO - [2025-06-27T17:11:40.668+0000] {dagbag.py:588} INFO - Filling up the DagBag from /home/airflow/.local/lib/python3.12/site-packages/airflow/example_dags/example_skip_dag.py
[2025-06-27T17:11:40.680+0000] {processor.py:925} INFO - DAG(s) 'example_skip_dag' retrieved from /home/airflow/.local/lib/python3.12/site-packages/airflow/example_dags/example_skip_dag.py
[2025-06-27T17:11:40.711+0000] {logging_mixin.py:190} INFO - [2025-06-27T17:11:40.711+0000] {dag.py:3239} INFO - Sync 1 DAGs
[2025-06-27T17:11:40.742+0000] {logging_mixin.py:190} INFO - [2025-06-27T17:11:40.741+0000] {dag.py:4180} INFO - Setting next_dagrun for example_skip_dag to 2025-06-27 00:00:00+00:00, run_after=2025-06-28 00:00:00+00:00
[2025-06-27T17:11:40.763+0000] {processor.py:208} INFO - Processing /home/airflow/.local/lib/python3.12/site-packages/airflow/example_dags/example_skip_dag.py took 0.107 seconds
[2025-06-27T17:12:11.065+0000] {processor.py:186} INFO - Started process (PID=2096) to work on /home/airflow/.local/lib/python3.12/site-packages/airflow/example_dags/example_skip_dag.py
[2025-06-27T17:12:11.066+0000] {processor.py:914} INFO - Processing file /home/airflow/.local/lib/python3.12/site-packages/airflow/example_dags/example_skip_dag.py for tasks to queue
[2025-06-27T17:12:11.069+0000] {logging_mixin.py:190} INFO - [2025-06-27T17:12:11.068+0000] {dagbag.py:588} INFO - Filling up the DagBag from /home/airflow/.local/lib/python3.12/site-packages/airflow/example_dags/example_skip_dag.py
[2025-06-27T17:12:11.077+0000] {processor.py:925} INFO - DAG(s) 'example_skip_dag' retrieved from /home/airflow/.local/lib/python3.12/site-packages/airflow/example_dags/example_skip_dag.py
[2025-06-27T17:12:11.097+0000] {logging_mixin.py:190} INFO - [2025-06-27T17:12:11.096+0000] {dag.py:3239} INFO - Sync 1 DAGs
[2025-06-27T17:12:11.118+0000] {logging_mixin.py:190} INFO - [2025-06-27T17:12:11.118+0000] {dag.py:4180} INFO - Setting next_dagrun for example_skip_dag to 2025-06-27 00:00:00+00:00, run_after=2025-06-28 00:00:00+00:00
[2025-06-27T17:12:11.136+0000] {processor.py:208} INFO - Processing /home/airflow/.local/lib/python3.12/site-packages/airflow/example_dags/example_skip_dag.py took 0.077 seconds
[2025-06-27T17:12:41.355+0000] {processor.py:186} INFO - Started process (PID=2160) to work on /home/airflow/.local/lib/python3.12/site-packages/airflow/example_dags/example_skip_dag.py
[2025-06-27T17:12:41.356+0000] {processor.py:914} INFO - Processing file /home/airflow/.local/lib/python3.12/site-packages/airflow/example_dags/example_skip_dag.py for tasks to queue
[2025-06-27T17:12:41.360+0000] {logging_mixin.py:190} INFO - [2025-06-27T17:12:41.359+0000] {dagbag.py:588} INFO - Filling up the DagBag from /home/airflow/.local/lib/python3.12/site-packages/airflow/example_dags/example_skip_dag.py
[2025-06-27T17:12:41.368+0000] {processor.py:925} INFO - DAG(s) 'example_skip_dag' retrieved from /home/airflow/.local/lib/python3.12/site-packages/airflow/example_dags/example_skip_dag.py
[2025-06-27T17:12:41.387+0000] {logging_mixin.py:190} INFO - [2025-06-27T17:12:41.387+0000] {dag.py:3239} INFO - Sync 1 DAGs
[2025-06-27T17:12:41.407+0000] {logging_mixin.py:190} INFO - [2025-06-27T17:12:41.407+0000] {dag.py:4180} INFO - Setting next_dagrun for example_skip_dag to 2025-06-27 00:00:00+00:00, run_after=2025-06-28 00:00:00+00:00
[2025-06-27T17:12:41.425+0000] {processor.py:208} INFO - Processing /home/airflow/.local/lib/python3.12/site-packages/airflow/example_dags/example_skip_dag.py took 0.076 seconds
