[2025-06-27T16:57:55.944+0000] {processor.py:186} INFO - Started process (PID=142) to work on /home/airflow/.local/lib/python3.12/site-packages/airflow/example_dags/example_xcom.py
[2025-06-27T16:57:55.946+0000] {processor.py:914} INFO - Processing file /home/airflow/.local/lib/python3.12/site-packages/airflow/example_dags/example_xcom.py for tasks to queue
[2025-06-27T16:57:55.950+0000] {logging_mixin.py:190} INFO - [2025-06-27T16:57:55.950+0000] {dagbag.py:588} INFO - Filling up the DagBag from /home/airflow/.local/lib/python3.12/site-packages/airflow/example_dags/example_xcom.py
[2025-06-27T16:57:55.967+0000] {processor.py:925} INFO - DAG(s) 'example_xcom' retrieved from /home/airflow/.local/lib/python3.12/site-packages/airflow/example_dags/example_xcom.py
[2025-06-27T16:57:55.991+0000] {logging_mixin.py:190} INFO - [2025-06-27T16:57:55.991+0000] {dag.py:3239} INFO - Sync 1 DAGs
[2025-06-27T16:57:56.013+0000] {logging_mixin.py:190} INFO - [2025-06-27T16:57:56.013+0000] {dag.py:4180} INFO - Setting next_dagrun for example_xcom to None, run_after=None
[2025-06-27T16:57:56.028+0000] {processor.py:208} INFO - Processing /home/airflow/.local/lib/python3.12/site-packages/airflow/example_dags/example_xcom.py took 0.094 seconds
[2025-06-27T16:58:26.296+0000] {processor.py:186} INFO - Started process (PID=281) to work on /home/airflow/.local/lib/python3.12/site-packages/airflow/example_dags/example_xcom.py
[2025-06-27T16:58:26.297+0000] {processor.py:914} INFO - Processing file /home/airflow/.local/lib/python3.12/site-packages/airflow/example_dags/example_xcom.py for tasks to queue
[2025-06-27T16:58:26.299+0000] {logging_mixin.py:190} INFO - [2025-06-27T16:58:26.299+0000] {dagbag.py:588} INFO - Filling up the DagBag from /home/airflow/.local/lib/python3.12/site-packages/airflow/example_dags/example_xcom.py
[2025-06-27T16:58:26.309+0000] {processor.py:925} INFO - DAG(s) 'example_xcom' retrieved from /home/airflow/.local/lib/python3.12/site-packages/airflow/example_dags/example_xcom.py
[2025-06-27T16:58:26.330+0000] {logging_mixin.py:190} INFO - [2025-06-27T16:58:26.330+0000] {dag.py:3239} INFO - Sync 1 DAGs
[2025-06-27T16:58:26.356+0000] {logging_mixin.py:190} INFO - [2025-06-27T16:58:26.355+0000] {dag.py:4180} INFO - Setting next_dagrun for example_xcom to None, run_after=None
[2025-06-27T16:58:26.377+0000] {processor.py:208} INFO - Processing /home/airflow/.local/lib/python3.12/site-packages/airflow/example_dags/example_xcom.py took 0.087 seconds
[2025-06-27T16:58:56.654+0000] {processor.py:186} INFO - Started process (PID=360) to work on /home/airflow/.local/lib/python3.12/site-packages/airflow/example_dags/example_xcom.py
[2025-06-27T16:58:56.655+0000] {processor.py:914} INFO - Processing file /home/airflow/.local/lib/python3.12/site-packages/airflow/example_dags/example_xcom.py for tasks to queue
[2025-06-27T16:58:56.657+0000] {logging_mixin.py:190} INFO - [2025-06-27T16:58:56.657+0000] {dagbag.py:588} INFO - Filling up the DagBag from /home/airflow/.local/lib/python3.12/site-packages/airflow/example_dags/example_xcom.py
[2025-06-27T16:58:56.667+0000] {processor.py:925} INFO - DAG(s) 'example_xcom' retrieved from /home/airflow/.local/lib/python3.12/site-packages/airflow/example_dags/example_xcom.py
[2025-06-27T16:58:56.687+0000] {logging_mixin.py:190} INFO - [2025-06-27T16:58:56.687+0000] {dag.py:3239} INFO - Sync 1 DAGs
[2025-06-27T16:58:56.711+0000] {logging_mixin.py:190} INFO - [2025-06-27T16:58:56.710+0000] {dag.py:4180} INFO - Setting next_dagrun for example_xcom to None, run_after=None
[2025-06-27T16:58:56.729+0000] {processor.py:208} INFO - Processing /home/airflow/.local/lib/python3.12/site-packages/airflow/example_dags/example_xcom.py took 0.081 seconds
[2025-06-27T16:59:27.373+0000] {processor.py:186} INFO - Started process (PID=429) to work on /home/airflow/.local/lib/python3.12/site-packages/airflow/example_dags/example_xcom.py
[2025-06-27T16:59:27.374+0000] {processor.py:914} INFO - Processing file /home/airflow/.local/lib/python3.12/site-packages/airflow/example_dags/example_xcom.py for tasks to queue
[2025-06-27T16:59:27.376+0000] {logging_mixin.py:190} INFO - [2025-06-27T16:59:27.376+0000] {dagbag.py:588} INFO - Filling up the DagBag from /home/airflow/.local/lib/python3.12/site-packages/airflow/example_dags/example_xcom.py
[2025-06-27T16:59:27.385+0000] {processor.py:925} INFO - DAG(s) 'example_xcom' retrieved from /home/airflow/.local/lib/python3.12/site-packages/airflow/example_dags/example_xcom.py
[2025-06-27T16:59:27.407+0000] {logging_mixin.py:190} INFO - [2025-06-27T16:59:27.407+0000] {dag.py:3239} INFO - Sync 1 DAGs
[2025-06-27T16:59:27.428+0000] {logging_mixin.py:190} INFO - [2025-06-27T16:59:27.428+0000] {dag.py:4180} INFO - Setting next_dagrun for example_xcom to None, run_after=None
[2025-06-27T16:59:27.446+0000] {processor.py:208} INFO - Processing /home/airflow/.local/lib/python3.12/site-packages/airflow/example_dags/example_xcom.py took 0.078 seconds
[2025-06-27T16:59:57.957+0000] {processor.py:186} INFO - Started process (PID=493) to work on /home/airflow/.local/lib/python3.12/site-packages/airflow/example_dags/example_xcom.py
[2025-06-27T16:59:57.958+0000] {processor.py:914} INFO - Processing file /home/airflow/.local/lib/python3.12/site-packages/airflow/example_dags/example_xcom.py for tasks to queue
[2025-06-27T16:59:57.960+0000] {logging_mixin.py:190} INFO - [2025-06-27T16:59:57.960+0000] {dagbag.py:588} INFO - Filling up the DagBag from /home/airflow/.local/lib/python3.12/site-packages/airflow/example_dags/example_xcom.py
[2025-06-27T16:59:57.968+0000] {processor.py:925} INFO - DAG(s) 'example_xcom' retrieved from /home/airflow/.local/lib/python3.12/site-packages/airflow/example_dags/example_xcom.py
[2025-06-27T16:59:57.985+0000] {logging_mixin.py:190} INFO - [2025-06-27T16:59:57.985+0000] {dag.py:3239} INFO - Sync 1 DAGs
[2025-06-27T16:59:58.004+0000] {logging_mixin.py:190} INFO - [2025-06-27T16:59:58.004+0000] {dag.py:4180} INFO - Setting next_dagrun for example_xcom to None, run_after=None
[2025-06-27T16:59:58.020+0000] {processor.py:208} INFO - Processing /home/airflow/.local/lib/python3.12/site-packages/airflow/example_dags/example_xcom.py took 0.068 seconds
[2025-06-27T17:00:28.405+0000] {processor.py:186} INFO - Started process (PID=563) to work on /home/airflow/.local/lib/python3.12/site-packages/airflow/example_dags/example_xcom.py
[2025-06-27T17:00:28.406+0000] {processor.py:914} INFO - Processing file /home/airflow/.local/lib/python3.12/site-packages/airflow/example_dags/example_xcom.py for tasks to queue
[2025-06-27T17:00:28.409+0000] {logging_mixin.py:190} INFO - [2025-06-27T17:00:28.408+0000] {dagbag.py:588} INFO - Filling up the DagBag from /home/airflow/.local/lib/python3.12/site-packages/airflow/example_dags/example_xcom.py
[2025-06-27T17:00:28.418+0000] {processor.py:925} INFO - DAG(s) 'example_xcom' retrieved from /home/airflow/.local/lib/python3.12/site-packages/airflow/example_dags/example_xcom.py
[2025-06-27T17:00:28.438+0000] {logging_mixin.py:190} INFO - [2025-06-27T17:00:28.438+0000] {dag.py:3239} INFO - Sync 1 DAGs
[2025-06-27T17:00:28.461+0000] {logging_mixin.py:190} INFO - [2025-06-27T17:00:28.460+0000] {dag.py:4180} INFO - Setting next_dagrun for example_xcom to None, run_after=None
[2025-06-27T17:00:28.481+0000] {processor.py:208} INFO - Processing /home/airflow/.local/lib/python3.12/site-packages/airflow/example_dags/example_xcom.py took 0.081 seconds
[2025-06-27T17:00:59.542+0000] {processor.py:186} INFO - Started process (PID=626) to work on /home/airflow/.local/lib/python3.12/site-packages/airflow/example_dags/example_xcom.py
[2025-06-27T17:00:59.542+0000] {processor.py:914} INFO - Processing file /home/airflow/.local/lib/python3.12/site-packages/airflow/example_dags/example_xcom.py for tasks to queue
[2025-06-27T17:00:59.546+0000] {logging_mixin.py:190} INFO - [2025-06-27T17:00:59.545+0000] {dagbag.py:588} INFO - Filling up the DagBag from /home/airflow/.local/lib/python3.12/site-packages/airflow/example_dags/example_xcom.py
[2025-06-27T17:00:59.556+0000] {processor.py:925} INFO - DAG(s) 'example_xcom' retrieved from /home/airflow/.local/lib/python3.12/site-packages/airflow/example_dags/example_xcom.py
[2025-06-27T17:00:59.585+0000] {logging_mixin.py:190} INFO - [2025-06-27T17:00:59.585+0000] {dag.py:3239} INFO - Sync 1 DAGs
[2025-06-27T17:00:59.619+0000] {logging_mixin.py:190} INFO - [2025-06-27T17:00:59.619+0000] {dag.py:4180} INFO - Setting next_dagrun for example_xcom to None, run_after=None
[2025-06-27T17:00:59.651+0000] {processor.py:208} INFO - Processing /home/airflow/.local/lib/python3.12/site-packages/airflow/example_dags/example_xcom.py took 0.115 seconds
[2025-06-27T17:01:32.992+0000] {processor.py:186} INFO - Started process (PID=696) to work on /home/airflow/.local/lib/python3.12/site-packages/airflow/example_dags/example_xcom.py
[2025-06-27T17:01:32.993+0000] {processor.py:914} INFO - Processing file /home/airflow/.local/lib/python3.12/site-packages/airflow/example_dags/example_xcom.py for tasks to queue
[2025-06-27T17:01:32.995+0000] {logging_mixin.py:190} INFO - [2025-06-27T17:01:32.995+0000] {dagbag.py:588} INFO - Filling up the DagBag from /home/airflow/.local/lib/python3.12/site-packages/airflow/example_dags/example_xcom.py
[2025-06-27T17:01:33.005+0000] {processor.py:925} INFO - DAG(s) 'example_xcom' retrieved from /home/airflow/.local/lib/python3.12/site-packages/airflow/example_dags/example_xcom.py
[2025-06-27T17:01:33.025+0000] {logging_mixin.py:190} INFO - [2025-06-27T17:01:33.025+0000] {dag.py:3239} INFO - Sync 1 DAGs
[2025-06-27T17:01:33.045+0000] {logging_mixin.py:190} INFO - [2025-06-27T17:01:33.045+0000] {dag.py:4180} INFO - Setting next_dagrun for example_xcom to None, run_after=None
[2025-06-27T17:01:33.063+0000] {processor.py:208} INFO - Processing /home/airflow/.local/lib/python3.12/site-packages/airflow/example_dags/example_xcom.py took 0.076 seconds
[2025-06-27T17:02:04.093+0000] {processor.py:186} INFO - Started process (PID=766) to work on /home/airflow/.local/lib/python3.12/site-packages/airflow/example_dags/example_xcom.py
[2025-06-27T17:02:04.095+0000] {processor.py:914} INFO - Processing file /home/airflow/.local/lib/python3.12/site-packages/airflow/example_dags/example_xcom.py for tasks to queue
[2025-06-27T17:02:04.097+0000] {logging_mixin.py:190} INFO - [2025-06-27T17:02:04.096+0000] {dagbag.py:588} INFO - Filling up the DagBag from /home/airflow/.local/lib/python3.12/site-packages/airflow/example_dags/example_xcom.py
[2025-06-27T17:02:04.106+0000] {processor.py:925} INFO - DAG(s) 'example_xcom' retrieved from /home/airflow/.local/lib/python3.12/site-packages/airflow/example_dags/example_xcom.py
[2025-06-27T17:02:04.126+0000] {logging_mixin.py:190} INFO - [2025-06-27T17:02:04.125+0000] {dag.py:3239} INFO - Sync 1 DAGs
[2025-06-27T17:02:04.153+0000] {logging_mixin.py:190} INFO - [2025-06-27T17:02:04.152+0000] {dag.py:4180} INFO - Setting next_dagrun for example_xcom to None, run_after=None
[2025-06-27T17:02:04.170+0000] {processor.py:208} INFO - Processing /home/airflow/.local/lib/python3.12/site-packages/airflow/example_dags/example_xcom.py took 0.082 seconds
[2025-06-27T17:02:34.303+0000] {processor.py:186} INFO - Started process (PID=829) to work on /home/airflow/.local/lib/python3.12/site-packages/airflow/example_dags/example_xcom.py
[2025-06-27T17:02:34.304+0000] {processor.py:914} INFO - Processing file /home/airflow/.local/lib/python3.12/site-packages/airflow/example_dags/example_xcom.py for tasks to queue
[2025-06-27T17:02:34.306+0000] {logging_mixin.py:190} INFO - [2025-06-27T17:02:34.305+0000] {dagbag.py:588} INFO - Filling up the DagBag from /home/airflow/.local/lib/python3.12/site-packages/airflow/example_dags/example_xcom.py
[2025-06-27T17:02:34.314+0000] {processor.py:925} INFO - DAG(s) 'example_xcom' retrieved from /home/airflow/.local/lib/python3.12/site-packages/airflow/example_dags/example_xcom.py
[2025-06-27T17:02:34.332+0000] {logging_mixin.py:190} INFO - [2025-06-27T17:02:34.332+0000] {dag.py:3239} INFO - Sync 1 DAGs
[2025-06-27T17:02:34.351+0000] {logging_mixin.py:190} INFO - [2025-06-27T17:02:34.351+0000] {dag.py:4180} INFO - Setting next_dagrun for example_xcom to None, run_after=None
[2025-06-27T17:02:34.369+0000] {processor.py:208} INFO - Processing /home/airflow/.local/lib/python3.12/site-packages/airflow/example_dags/example_xcom.py took 0.072 seconds
[2025-06-27T17:03:05.128+0000] {processor.py:186} INFO - Started process (PID=898) to work on /home/airflow/.local/lib/python3.12/site-packages/airflow/example_dags/example_xcom.py
[2025-06-27T17:03:05.129+0000] {processor.py:914} INFO - Processing file /home/airflow/.local/lib/python3.12/site-packages/airflow/example_dags/example_xcom.py for tasks to queue
[2025-06-27T17:03:05.132+0000] {logging_mixin.py:190} INFO - [2025-06-27T17:03:05.131+0000] {dagbag.py:588} INFO - Filling up the DagBag from /home/airflow/.local/lib/python3.12/site-packages/airflow/example_dags/example_xcom.py
[2025-06-27T17:03:05.141+0000] {processor.py:925} INFO - DAG(s) 'example_xcom' retrieved from /home/airflow/.local/lib/python3.12/site-packages/airflow/example_dags/example_xcom.py
[2025-06-27T17:03:05.161+0000] {logging_mixin.py:190} INFO - [2025-06-27T17:03:05.161+0000] {dag.py:3239} INFO - Sync 1 DAGs
[2025-06-27T17:03:05.181+0000] {logging_mixin.py:190} INFO - [2025-06-27T17:03:05.181+0000] {dag.py:4180} INFO - Setting next_dagrun for example_xcom to None, run_after=None
[2025-06-27T17:03:05.198+0000] {processor.py:208} INFO - Processing /home/airflow/.local/lib/python3.12/site-packages/airflow/example_dags/example_xcom.py took 0.076 seconds
[2025-06-27T17:03:35.648+0000] {processor.py:186} INFO - Started process (PID=962) to work on /home/airflow/.local/lib/python3.12/site-packages/airflow/example_dags/example_xcom.py
[2025-06-27T17:03:35.649+0000] {processor.py:914} INFO - Processing file /home/airflow/.local/lib/python3.12/site-packages/airflow/example_dags/example_xcom.py for tasks to queue
[2025-06-27T17:03:35.651+0000] {logging_mixin.py:190} INFO - [2025-06-27T17:03:35.651+0000] {dagbag.py:588} INFO - Filling up the DagBag from /home/airflow/.local/lib/python3.12/site-packages/airflow/example_dags/example_xcom.py
[2025-06-27T17:03:35.660+0000] {processor.py:925} INFO - DAG(s) 'example_xcom' retrieved from /home/airflow/.local/lib/python3.12/site-packages/airflow/example_dags/example_xcom.py
[2025-06-27T17:03:35.678+0000] {logging_mixin.py:190} INFO - [2025-06-27T17:03:35.678+0000] {dag.py:3239} INFO - Sync 1 DAGs
[2025-06-27T17:03:35.698+0000] {logging_mixin.py:190} INFO - [2025-06-27T17:03:35.698+0000] {dag.py:4180} INFO - Setting next_dagrun for example_xcom to None, run_after=None
[2025-06-27T17:03:35.714+0000] {processor.py:208} INFO - Processing /home/airflow/.local/lib/python3.12/site-packages/airflow/example_dags/example_xcom.py took 0.071 seconds
[2025-06-27T17:04:05.979+0000] {processor.py:186} INFO - Started process (PID=1032) to work on /home/airflow/.local/lib/python3.12/site-packages/airflow/example_dags/example_xcom.py
[2025-06-27T17:04:05.980+0000] {processor.py:914} INFO - Processing file /home/airflow/.local/lib/python3.12/site-packages/airflow/example_dags/example_xcom.py for tasks to queue
[2025-06-27T17:04:05.983+0000] {logging_mixin.py:190} INFO - [2025-06-27T17:04:05.982+0000] {dagbag.py:588} INFO - Filling up the DagBag from /home/airflow/.local/lib/python3.12/site-packages/airflow/example_dags/example_xcom.py
[2025-06-27T17:04:05.992+0000] {processor.py:925} INFO - DAG(s) 'example_xcom' retrieved from /home/airflow/.local/lib/python3.12/site-packages/airflow/example_dags/example_xcom.py
[2025-06-27T17:04:06.012+0000] {logging_mixin.py:190} INFO - [2025-06-27T17:04:06.012+0000] {dag.py:3239} INFO - Sync 1 DAGs
[2025-06-27T17:04:06.033+0000] {logging_mixin.py:190} INFO - [2025-06-27T17:04:06.033+0000] {dag.py:4180} INFO - Setting next_dagrun for example_xcom to None, run_after=None
[2025-06-27T17:04:06.052+0000] {processor.py:208} INFO - Processing /home/airflow/.local/lib/python3.12/site-packages/airflow/example_dags/example_xcom.py took 0.080 seconds
[2025-06-27T17:04:36.538+0000] {processor.py:186} INFO - Started process (PID=1096) to work on /home/airflow/.local/lib/python3.12/site-packages/airflow/example_dags/example_xcom.py
[2025-06-27T17:04:36.539+0000] {processor.py:914} INFO - Processing file /home/airflow/.local/lib/python3.12/site-packages/airflow/example_dags/example_xcom.py for tasks to queue
[2025-06-27T17:04:36.541+0000] {logging_mixin.py:190} INFO - [2025-06-27T17:04:36.541+0000] {dagbag.py:588} INFO - Filling up the DagBag from /home/airflow/.local/lib/python3.12/site-packages/airflow/example_dags/example_xcom.py
[2025-06-27T17:04:36.550+0000] {processor.py:925} INFO - DAG(s) 'example_xcom' retrieved from /home/airflow/.local/lib/python3.12/site-packages/airflow/example_dags/example_xcom.py
[2025-06-27T17:04:36.568+0000] {logging_mixin.py:190} INFO - [2025-06-27T17:04:36.568+0000] {dag.py:3239} INFO - Sync 1 DAGs
[2025-06-27T17:04:36.587+0000] {logging_mixin.py:190} INFO - [2025-06-27T17:04:36.587+0000] {dag.py:4180} INFO - Setting next_dagrun for example_xcom to None, run_after=None
[2025-06-27T17:04:36.603+0000] {processor.py:208} INFO - Processing /home/airflow/.local/lib/python3.12/site-packages/airflow/example_dags/example_xcom.py took 0.070 seconds
[2025-06-27T17:05:06.736+0000] {processor.py:186} INFO - Started process (PID=1165) to work on /home/airflow/.local/lib/python3.12/site-packages/airflow/example_dags/example_xcom.py
[2025-06-27T17:05:06.737+0000] {processor.py:914} INFO - Processing file /home/airflow/.local/lib/python3.12/site-packages/airflow/example_dags/example_xcom.py for tasks to queue
[2025-06-27T17:05:06.739+0000] {logging_mixin.py:190} INFO - [2025-06-27T17:05:06.739+0000] {dagbag.py:588} INFO - Filling up the DagBag from /home/airflow/.local/lib/python3.12/site-packages/airflow/example_dags/example_xcom.py
[2025-06-27T17:05:06.749+0000] {processor.py:925} INFO - DAG(s) 'example_xcom' retrieved from /home/airflow/.local/lib/python3.12/site-packages/airflow/example_dags/example_xcom.py
[2025-06-27T17:05:06.769+0000] {logging_mixin.py:190} INFO - [2025-06-27T17:05:06.769+0000] {dag.py:3239} INFO - Sync 1 DAGs
[2025-06-27T17:05:06.791+0000] {logging_mixin.py:190} INFO - [2025-06-27T17:05:06.790+0000] {dag.py:4180} INFO - Setting next_dagrun for example_xcom to None, run_after=None
[2025-06-27T17:05:06.809+0000] {processor.py:208} INFO - Processing /home/airflow/.local/lib/python3.12/site-packages/airflow/example_dags/example_xcom.py took 0.079 seconds
[2025-06-27T17:05:36.968+0000] {processor.py:186} INFO - Started process (PID=1229) to work on /home/airflow/.local/lib/python3.12/site-packages/airflow/example_dags/example_xcom.py
[2025-06-27T17:05:36.969+0000] {processor.py:914} INFO - Processing file /home/airflow/.local/lib/python3.12/site-packages/airflow/example_dags/example_xcom.py for tasks to queue
[2025-06-27T17:05:36.971+0000] {logging_mixin.py:190} INFO - [2025-06-27T17:05:36.970+0000] {dagbag.py:588} INFO - Filling up the DagBag from /home/airflow/.local/lib/python3.12/site-packages/airflow/example_dags/example_xcom.py
[2025-06-27T17:05:36.979+0000] {processor.py:925} INFO - DAG(s) 'example_xcom' retrieved from /home/airflow/.local/lib/python3.12/site-packages/airflow/example_dags/example_xcom.py
[2025-06-27T17:05:36.998+0000] {logging_mixin.py:190} INFO - [2025-06-27T17:05:36.997+0000] {dag.py:3239} INFO - Sync 1 DAGs
[2025-06-27T17:05:37.017+0000] {logging_mixin.py:190} INFO - [2025-06-27T17:05:37.017+0000] {dag.py:4180} INFO - Setting next_dagrun for example_xcom to None, run_after=None
[2025-06-27T17:05:37.034+0000] {processor.py:208} INFO - Processing /home/airflow/.local/lib/python3.12/site-packages/airflow/example_dags/example_xcom.py took 0.072 seconds
[2025-06-27T17:06:07.274+0000] {processor.py:186} INFO - Started process (PID=1299) to work on /home/airflow/.local/lib/python3.12/site-packages/airflow/example_dags/example_xcom.py
[2025-06-27T17:06:07.275+0000] {processor.py:914} INFO - Processing file /home/airflow/.local/lib/python3.12/site-packages/airflow/example_dags/example_xcom.py for tasks to queue
[2025-06-27T17:06:07.277+0000] {logging_mixin.py:190} INFO - [2025-06-27T17:06:07.276+0000] {dagbag.py:588} INFO - Filling up the DagBag from /home/airflow/.local/lib/python3.12/site-packages/airflow/example_dags/example_xcom.py
[2025-06-27T17:06:07.285+0000] {processor.py:925} INFO - DAG(s) 'example_xcom' retrieved from /home/airflow/.local/lib/python3.12/site-packages/airflow/example_dags/example_xcom.py
[2025-06-27T17:06:07.303+0000] {logging_mixin.py:190} INFO - [2025-06-27T17:06:07.303+0000] {dag.py:3239} INFO - Sync 1 DAGs
[2025-06-27T17:06:07.322+0000] {logging_mixin.py:190} INFO - [2025-06-27T17:06:07.322+0000] {dag.py:4180} INFO - Setting next_dagrun for example_xcom to None, run_after=None
[2025-06-27T17:06:07.339+0000] {processor.py:208} INFO - Processing /home/airflow/.local/lib/python3.12/site-packages/airflow/example_dags/example_xcom.py took 0.071 seconds
[2025-06-27T17:06:37.415+0000] {processor.py:186} INFO - Started process (PID=1363) to work on /home/airflow/.local/lib/python3.12/site-packages/airflow/example_dags/example_xcom.py
[2025-06-27T17:06:37.416+0000] {processor.py:914} INFO - Processing file /home/airflow/.local/lib/python3.12/site-packages/airflow/example_dags/example_xcom.py for tasks to queue
[2025-06-27T17:06:37.419+0000] {logging_mixin.py:190} INFO - [2025-06-27T17:06:37.419+0000] {dagbag.py:588} INFO - Filling up the DagBag from /home/airflow/.local/lib/python3.12/site-packages/airflow/example_dags/example_xcom.py
[2025-06-27T17:06:37.429+0000] {processor.py:925} INFO - DAG(s) 'example_xcom' retrieved from /home/airflow/.local/lib/python3.12/site-packages/airflow/example_dags/example_xcom.py
[2025-06-27T17:06:37.450+0000] {logging_mixin.py:190} INFO - [2025-06-27T17:06:37.450+0000] {dag.py:3239} INFO - Sync 1 DAGs
[2025-06-27T17:06:37.473+0000] {logging_mixin.py:190} INFO - [2025-06-27T17:06:37.473+0000] {dag.py:4180} INFO - Setting next_dagrun for example_xcom to None, run_after=None
[2025-06-27T17:06:37.498+0000] {processor.py:208} INFO - Processing /home/airflow/.local/lib/python3.12/site-packages/airflow/example_dags/example_xcom.py took 0.089 seconds
[2025-06-27T17:07:07.639+0000] {processor.py:186} INFO - Started process (PID=1432) to work on /home/airflow/.local/lib/python3.12/site-packages/airflow/example_dags/example_xcom.py
[2025-06-27T17:07:07.641+0000] {processor.py:914} INFO - Processing file /home/airflow/.local/lib/python3.12/site-packages/airflow/example_dags/example_xcom.py for tasks to queue
[2025-06-27T17:07:07.643+0000] {logging_mixin.py:190} INFO - [2025-06-27T17:07:07.643+0000] {dagbag.py:588} INFO - Filling up the DagBag from /home/airflow/.local/lib/python3.12/site-packages/airflow/example_dags/example_xcom.py
[2025-06-27T17:07:07.653+0000] {processor.py:925} INFO - DAG(s) 'example_xcom' retrieved from /home/airflow/.local/lib/python3.12/site-packages/airflow/example_dags/example_xcom.py
[2025-06-27T17:07:07.672+0000] {logging_mixin.py:190} INFO - [2025-06-27T17:07:07.672+0000] {dag.py:3239} INFO - Sync 1 DAGs
[2025-06-27T17:07:07.697+0000] {logging_mixin.py:190} INFO - [2025-06-27T17:07:07.696+0000] {dag.py:4180} INFO - Setting next_dagrun for example_xcom to None, run_after=None
[2025-06-27T17:07:07.716+0000] {processor.py:208} INFO - Processing /home/airflow/.local/lib/python3.12/site-packages/airflow/example_dags/example_xcom.py took 0.083 seconds
[2025-06-27T17:07:38.408+0000] {processor.py:186} INFO - Started process (PID=1496) to work on /home/airflow/.local/lib/python3.12/site-packages/airflow/example_dags/example_xcom.py
[2025-06-27T17:07:38.409+0000] {processor.py:914} INFO - Processing file /home/airflow/.local/lib/python3.12/site-packages/airflow/example_dags/example_xcom.py for tasks to queue
[2025-06-27T17:07:38.411+0000] {logging_mixin.py:190} INFO - [2025-06-27T17:07:38.411+0000] {dagbag.py:588} INFO - Filling up the DagBag from /home/airflow/.local/lib/python3.12/site-packages/airflow/example_dags/example_xcom.py
[2025-06-27T17:07:38.419+0000] {processor.py:925} INFO - DAG(s) 'example_xcom' retrieved from /home/airflow/.local/lib/python3.12/site-packages/airflow/example_dags/example_xcom.py
[2025-06-27T17:07:38.437+0000] {logging_mixin.py:190} INFO - [2025-06-27T17:07:38.437+0000] {dag.py:3239} INFO - Sync 1 DAGs
[2025-06-27T17:07:38.457+0000] {logging_mixin.py:190} INFO - [2025-06-27T17:07:38.457+0000] {dag.py:4180} INFO - Setting next_dagrun for example_xcom to None, run_after=None
[2025-06-27T17:07:38.475+0000] {processor.py:208} INFO - Processing /home/airflow/.local/lib/python3.12/site-packages/airflow/example_dags/example_xcom.py took 0.073 seconds
[2025-06-27T17:08:09.093+0000] {processor.py:186} INFO - Started process (PID=1566) to work on /home/airflow/.local/lib/python3.12/site-packages/airflow/example_dags/example_xcom.py
[2025-06-27T17:08:09.094+0000] {processor.py:914} INFO - Processing file /home/airflow/.local/lib/python3.12/site-packages/airflow/example_dags/example_xcom.py for tasks to queue
[2025-06-27T17:08:09.097+0000] {logging_mixin.py:190} INFO - [2025-06-27T17:08:09.097+0000] {dagbag.py:588} INFO - Filling up the DagBag from /home/airflow/.local/lib/python3.12/site-packages/airflow/example_dags/example_xcom.py
[2025-06-27T17:08:09.107+0000] {processor.py:925} INFO - DAG(s) 'example_xcom' retrieved from /home/airflow/.local/lib/python3.12/site-packages/airflow/example_dags/example_xcom.py
[2025-06-27T17:08:09.126+0000] {logging_mixin.py:190} INFO - [2025-06-27T17:08:09.126+0000] {dag.py:3239} INFO - Sync 1 DAGs
[2025-06-27T17:08:09.148+0000] {logging_mixin.py:190} INFO - [2025-06-27T17:08:09.148+0000] {dag.py:4180} INFO - Setting next_dagrun for example_xcom to None, run_after=None
[2025-06-27T17:08:09.169+0000] {processor.py:208} INFO - Processing /home/airflow/.local/lib/python3.12/site-packages/airflow/example_dags/example_xcom.py took 0.083 seconds
[2025-06-27T17:08:39.354+0000] {processor.py:186} INFO - Started process (PID=1630) to work on /home/airflow/.local/lib/python3.12/site-packages/airflow/example_dags/example_xcom.py
[2025-06-27T17:08:39.355+0000] {processor.py:914} INFO - Processing file /home/airflow/.local/lib/python3.12/site-packages/airflow/example_dags/example_xcom.py for tasks to queue
[2025-06-27T17:08:39.357+0000] {logging_mixin.py:190} INFO - [2025-06-27T17:08:39.357+0000] {dagbag.py:588} INFO - Filling up the DagBag from /home/airflow/.local/lib/python3.12/site-packages/airflow/example_dags/example_xcom.py
[2025-06-27T17:08:39.365+0000] {processor.py:925} INFO - DAG(s) 'example_xcom' retrieved from /home/airflow/.local/lib/python3.12/site-packages/airflow/example_dags/example_xcom.py
[2025-06-27T17:08:39.384+0000] {logging_mixin.py:190} INFO - [2025-06-27T17:08:39.383+0000] {dag.py:3239} INFO - Sync 1 DAGs
[2025-06-27T17:08:39.404+0000] {logging_mixin.py:190} INFO - [2025-06-27T17:08:39.404+0000] {dag.py:4180} INFO - Setting next_dagrun for example_xcom to None, run_after=None
[2025-06-27T17:08:39.420+0000] {processor.py:208} INFO - Processing /home/airflow/.local/lib/python3.12/site-packages/airflow/example_dags/example_xcom.py took 0.071 seconds
[2025-06-27T17:09:09.873+0000] {processor.py:186} INFO - Started process (PID=1699) to work on /home/airflow/.local/lib/python3.12/site-packages/airflow/example_dags/example_xcom.py
[2025-06-27T17:09:09.874+0000] {processor.py:914} INFO - Processing file /home/airflow/.local/lib/python3.12/site-packages/airflow/example_dags/example_xcom.py for tasks to queue
[2025-06-27T17:09:09.876+0000] {logging_mixin.py:190} INFO - [2025-06-27T17:09:09.876+0000] {dagbag.py:588} INFO - Filling up the DagBag from /home/airflow/.local/lib/python3.12/site-packages/airflow/example_dags/example_xcom.py
[2025-06-27T17:09:09.885+0000] {processor.py:925} INFO - DAG(s) 'example_xcom' retrieved from /home/airflow/.local/lib/python3.12/site-packages/airflow/example_dags/example_xcom.py
[2025-06-27T17:09:09.903+0000] {logging_mixin.py:190} INFO - [2025-06-27T17:09:09.903+0000] {dag.py:3239} INFO - Sync 1 DAGs
[2025-06-27T17:09:09.922+0000] {logging_mixin.py:190} INFO - [2025-06-27T17:09:09.922+0000] {dag.py:4180} INFO - Setting next_dagrun for example_xcom to None, run_after=None
[2025-06-27T17:09:09.939+0000] {processor.py:208} INFO - Processing /home/airflow/.local/lib/python3.12/site-packages/airflow/example_dags/example_xcom.py took 0.072 seconds
[2025-06-27T17:09:40.130+0000] {processor.py:186} INFO - Started process (PID=1763) to work on /home/airflow/.local/lib/python3.12/site-packages/airflow/example_dags/example_xcom.py
[2025-06-27T17:09:40.131+0000] {processor.py:914} INFO - Processing file /home/airflow/.local/lib/python3.12/site-packages/airflow/example_dags/example_xcom.py for tasks to queue
[2025-06-27T17:09:40.133+0000] {logging_mixin.py:190} INFO - [2025-06-27T17:09:40.132+0000] {dagbag.py:588} INFO - Filling up the DagBag from /home/airflow/.local/lib/python3.12/site-packages/airflow/example_dags/example_xcom.py
[2025-06-27T17:09:40.141+0000] {processor.py:925} INFO - DAG(s) 'example_xcom' retrieved from /home/airflow/.local/lib/python3.12/site-packages/airflow/example_dags/example_xcom.py
[2025-06-27T17:09:40.158+0000] {logging_mixin.py:190} INFO - [2025-06-27T17:09:40.158+0000] {dag.py:3239} INFO - Sync 1 DAGs
[2025-06-27T17:09:40.177+0000] {logging_mixin.py:190} INFO - [2025-06-27T17:09:40.177+0000] {dag.py:4180} INFO - Setting next_dagrun for example_xcom to None, run_after=None
[2025-06-27T17:09:40.193+0000] {processor.py:208} INFO - Processing /home/airflow/.local/lib/python3.12/site-packages/airflow/example_dags/example_xcom.py took 0.069 seconds
[2025-06-27T17:10:10.686+0000] {processor.py:186} INFO - Started process (PID=1833) to work on /home/airflow/.local/lib/python3.12/site-packages/airflow/example_dags/example_xcom.py
[2025-06-27T17:10:10.687+0000] {processor.py:914} INFO - Processing file /home/airflow/.local/lib/python3.12/site-packages/airflow/example_dags/example_xcom.py for tasks to queue
[2025-06-27T17:10:10.689+0000] {logging_mixin.py:190} INFO - [2025-06-27T17:10:10.688+0000] {dagbag.py:588} INFO - Filling up the DagBag from /home/airflow/.local/lib/python3.12/site-packages/airflow/example_dags/example_xcom.py
[2025-06-27T17:10:10.697+0000] {processor.py:925} INFO - DAG(s) 'example_xcom' retrieved from /home/airflow/.local/lib/python3.12/site-packages/airflow/example_dags/example_xcom.py
[2025-06-27T17:10:10.715+0000] {logging_mixin.py:190} INFO - [2025-06-27T17:10:10.714+0000] {dag.py:3239} INFO - Sync 1 DAGs
[2025-06-27T17:10:10.734+0000] {logging_mixin.py:190} INFO - [2025-06-27T17:10:10.734+0000] {dag.py:4180} INFO - Setting next_dagrun for example_xcom to None, run_after=None
[2025-06-27T17:10:10.751+0000] {processor.py:208} INFO - Processing /home/airflow/.local/lib/python3.12/site-packages/airflow/example_dags/example_xcom.py took 0.071 seconds
[2025-06-27T17:10:41.119+0000] {processor.py:186} INFO - Started process (PID=1897) to work on /home/airflow/.local/lib/python3.12/site-packages/airflow/example_dags/example_xcom.py
[2025-06-27T17:10:41.120+0000] {processor.py:914} INFO - Processing file /home/airflow/.local/lib/python3.12/site-packages/airflow/example_dags/example_xcom.py for tasks to queue
[2025-06-27T17:10:41.122+0000] {logging_mixin.py:190} INFO - [2025-06-27T17:10:41.122+0000] {dagbag.py:588} INFO - Filling up the DagBag from /home/airflow/.local/lib/python3.12/site-packages/airflow/example_dags/example_xcom.py
[2025-06-27T17:10:41.131+0000] {processor.py:925} INFO - DAG(s) 'example_xcom' retrieved from /home/airflow/.local/lib/python3.12/site-packages/airflow/example_dags/example_xcom.py
[2025-06-27T17:10:41.149+0000] {logging_mixin.py:190} INFO - [2025-06-27T17:10:41.149+0000] {dag.py:3239} INFO - Sync 1 DAGs
[2025-06-27T17:10:41.168+0000] {logging_mixin.py:190} INFO - [2025-06-27T17:10:41.168+0000] {dag.py:4180} INFO - Setting next_dagrun for example_xcom to None, run_after=None
[2025-06-27T17:10:41.186+0000] {processor.py:208} INFO - Processing /home/airflow/.local/lib/python3.12/site-packages/airflow/example_dags/example_xcom.py took 0.072 seconds
[2025-06-27T17:11:11.683+0000] {processor.py:186} INFO - Started process (PID=1966) to work on /home/airflow/.local/lib/python3.12/site-packages/airflow/example_dags/example_xcom.py
[2025-06-27T17:11:11.683+0000] {processor.py:914} INFO - Processing file /home/airflow/.local/lib/python3.12/site-packages/airflow/example_dags/example_xcom.py for tasks to queue
[2025-06-27T17:11:11.686+0000] {logging_mixin.py:190} INFO - [2025-06-27T17:11:11.686+0000] {dagbag.py:588} INFO - Filling up the DagBag from /home/airflow/.local/lib/python3.12/site-packages/airflow/example_dags/example_xcom.py
[2025-06-27T17:11:11.694+0000] {processor.py:925} INFO - DAG(s) 'example_xcom' retrieved from /home/airflow/.local/lib/python3.12/site-packages/airflow/example_dags/example_xcom.py
[2025-06-27T17:11:11.711+0000] {logging_mixin.py:190} INFO - [2025-06-27T17:11:11.711+0000] {dag.py:3239} INFO - Sync 1 DAGs
[2025-06-27T17:11:11.730+0000] {logging_mixin.py:190} INFO - [2025-06-27T17:11:11.730+0000] {dag.py:4180} INFO - Setting next_dagrun for example_xcom to None, run_after=None
[2025-06-27T17:11:11.747+0000] {processor.py:208} INFO - Processing /home/airflow/.local/lib/python3.12/site-packages/airflow/example_dags/example_xcom.py took 0.070 seconds
[2025-06-27T17:11:41.875+0000] {processor.py:186} INFO - Started process (PID=2030) to work on /home/airflow/.local/lib/python3.12/site-packages/airflow/example_dags/example_xcom.py
[2025-06-27T17:11:41.876+0000] {processor.py:914} INFO - Processing file /home/airflow/.local/lib/python3.12/site-packages/airflow/example_dags/example_xcom.py for tasks to queue
[2025-06-27T17:11:41.879+0000] {logging_mixin.py:190} INFO - [2025-06-27T17:11:41.879+0000] {dagbag.py:588} INFO - Filling up the DagBag from /home/airflow/.local/lib/python3.12/site-packages/airflow/example_dags/example_xcom.py
[2025-06-27T17:11:41.889+0000] {processor.py:925} INFO - DAG(s) 'example_xcom' retrieved from /home/airflow/.local/lib/python3.12/site-packages/airflow/example_dags/example_xcom.py
[2025-06-27T17:11:41.908+0000] {logging_mixin.py:190} INFO - [2025-06-27T17:11:41.907+0000] {dag.py:3239} INFO - Sync 1 DAGs
[2025-06-27T17:11:41.927+0000] {logging_mixin.py:190} INFO - [2025-06-27T17:11:41.927+0000] {dag.py:4180} INFO - Setting next_dagrun for example_xcom to None, run_after=None
[2025-06-27T17:11:41.944+0000] {processor.py:208} INFO - Processing /home/airflow/.local/lib/python3.12/site-packages/airflow/example_dags/example_xcom.py took 0.075 seconds
