[2025-06-27T16:57:54.264+0000] {processor.py:186} INFO - Started process (PID=86) to work on /home/airflow/.local/lib/python3.12/site-packages/airflow/example_dags/example_latest_only.py
[2025-06-27T16:57:54.265+0000] {processor.py:914} INFO - Processing file /home/airflow/.local/lib/python3.12/site-packages/airflow/example_dags/example_latest_only.py for tasks to queue
[2025-06-27T16:57:54.268+0000] {logging_mixin.py:190} INFO - [2025-06-27T16:57:54.268+0000] {dagbag.py:588} INFO - Filling up the DagBag from /home/airflow/.local/lib/python3.12/site-packages/airflow/example_dags/example_latest_only.py
[2025-06-27T16:57:54.279+0000] {processor.py:925} INFO - DAG(s) 'latest_only' retrieved from /home/airflow/.local/lib/python3.12/site-packages/airflow/example_dags/example_latest_only.py
[2025-06-27T16:57:54.304+0000] {logging_mixin.py:190} INFO - [2025-06-27T16:57:54.304+0000] {dag.py:3239} INFO - Sync 1 DAGs
[2025-06-27T16:57:54.333+0000] {logging_mixin.py:190} INFO - [2025-06-27T16:57:54.333+0000] {dag.py:4180} INFO - Setting next_dagrun for latest_only to 2025-06-27 12:00:00+00:00, run_after=2025-06-27 16:00:00+00:00
[2025-06-27T16:57:54.352+0000] {processor.py:208} INFO - Processing /home/airflow/.local/lib/python3.12/site-packages/airflow/example_dags/example_latest_only.py took 0.096 seconds
[2025-06-27T16:58:24.811+0000] {processor.py:186} INFO - Started process (PID=261) to work on /home/airflow/.local/lib/python3.12/site-packages/airflow/example_dags/example_latest_only.py
[2025-06-27T16:58:24.812+0000] {processor.py:914} INFO - Processing file /home/airflow/.local/lib/python3.12/site-packages/airflow/example_dags/example_latest_only.py for tasks to queue
[2025-06-27T16:58:24.816+0000] {logging_mixin.py:190} INFO - [2025-06-27T16:58:24.815+0000] {dagbag.py:588} INFO - Filling up the DagBag from /home/airflow/.local/lib/python3.12/site-packages/airflow/example_dags/example_latest_only.py
[2025-06-27T16:58:24.830+0000] {processor.py:925} INFO - DAG(s) 'latest_only' retrieved from /home/airflow/.local/lib/python3.12/site-packages/airflow/example_dags/example_latest_only.py
[2025-06-27T16:58:24.860+0000] {logging_mixin.py:190} INFO - [2025-06-27T16:58:24.860+0000] {dag.py:3239} INFO - Sync 1 DAGs
[2025-06-27T16:58:24.893+0000] {logging_mixin.py:190} INFO - [2025-06-27T16:58:24.892+0000] {dag.py:4180} INFO - Setting next_dagrun for latest_only to 2025-06-27 16:00:00+00:00, run_after=2025-06-27 20:00:00+00:00
[2025-06-27T16:58:24.913+0000] {processor.py:208} INFO - Processing /home/airflow/.local/lib/python3.12/site-packages/airflow/example_dags/example_latest_only.py took 0.110 seconds
[2025-06-27T16:58:55.226+0000] {processor.py:186} INFO - Started process (PID=339) to work on /home/airflow/.local/lib/python3.12/site-packages/airflow/example_dags/example_latest_only.py
[2025-06-27T16:58:55.227+0000] {processor.py:914} INFO - Processing file /home/airflow/.local/lib/python3.12/site-packages/airflow/example_dags/example_latest_only.py for tasks to queue
[2025-06-27T16:58:55.229+0000] {logging_mixin.py:190} INFO - [2025-06-27T16:58:55.229+0000] {dagbag.py:588} INFO - Filling up the DagBag from /home/airflow/.local/lib/python3.12/site-packages/airflow/example_dags/example_latest_only.py
[2025-06-27T16:58:55.236+0000] {processor.py:925} INFO - DAG(s) 'latest_only' retrieved from /home/airflow/.local/lib/python3.12/site-packages/airflow/example_dags/example_latest_only.py
[2025-06-27T16:58:55.252+0000] {logging_mixin.py:190} INFO - [2025-06-27T16:58:55.252+0000] {dag.py:3239} INFO - Sync 1 DAGs
[2025-06-27T16:58:55.272+0000] {logging_mixin.py:190} INFO - [2025-06-27T16:58:55.272+0000] {dag.py:4180} INFO - Setting next_dagrun for latest_only to 2025-06-27 16:00:00+00:00, run_after=2025-06-27 20:00:00+00:00
[2025-06-27T16:58:55.288+0000] {processor.py:208} INFO - Processing /home/airflow/.local/lib/python3.12/site-packages/airflow/example_dags/example_latest_only.py took 0.066 seconds
[2025-06-27T16:59:25.952+0000] {processor.py:186} INFO - Started process (PID=408) to work on /home/airflow/.local/lib/python3.12/site-packages/airflow/example_dags/example_latest_only.py
[2025-06-27T16:59:25.953+0000] {processor.py:914} INFO - Processing file /home/airflow/.local/lib/python3.12/site-packages/airflow/example_dags/example_latest_only.py for tasks to queue
[2025-06-27T16:59:25.955+0000] {logging_mixin.py:190} INFO - [2025-06-27T16:59:25.955+0000] {dagbag.py:588} INFO - Filling up the DagBag from /home/airflow/.local/lib/python3.12/site-packages/airflow/example_dags/example_latest_only.py
[2025-06-27T16:59:25.962+0000] {processor.py:925} INFO - DAG(s) 'latest_only' retrieved from /home/airflow/.local/lib/python3.12/site-packages/airflow/example_dags/example_latest_only.py
[2025-06-27T16:59:25.982+0000] {logging_mixin.py:190} INFO - [2025-06-27T16:59:25.981+0000] {dag.py:3239} INFO - Sync 1 DAGs
[2025-06-27T16:59:26.006+0000] {logging_mixin.py:190} INFO - [2025-06-27T16:59:26.006+0000] {dag.py:4180} INFO - Setting next_dagrun for latest_only to 2025-06-27 16:00:00+00:00, run_after=2025-06-27 20:00:00+00:00
[2025-06-27T16:59:26.024+0000] {processor.py:208} INFO - Processing /home/airflow/.local/lib/python3.12/site-packages/airflow/example_dags/example_latest_only.py took 0.078 seconds
[2025-06-27T16:59:56.403+0000] {processor.py:186} INFO - Started process (PID=472) to work on /home/airflow/.local/lib/python3.12/site-packages/airflow/example_dags/example_latest_only.py
[2025-06-27T16:59:56.403+0000] {processor.py:914} INFO - Processing file /home/airflow/.local/lib/python3.12/site-packages/airflow/example_dags/example_latest_only.py for tasks to queue
[2025-06-27T16:59:56.405+0000] {logging_mixin.py:190} INFO - [2025-06-27T16:59:56.405+0000] {dagbag.py:588} INFO - Filling up the DagBag from /home/airflow/.local/lib/python3.12/site-packages/airflow/example_dags/example_latest_only.py
[2025-06-27T16:59:56.411+0000] {processor.py:925} INFO - DAG(s) 'latest_only' retrieved from /home/airflow/.local/lib/python3.12/site-packages/airflow/example_dags/example_latest_only.py
[2025-06-27T16:59:56.428+0000] {logging_mixin.py:190} INFO - [2025-06-27T16:59:56.428+0000] {dag.py:3239} INFO - Sync 1 DAGs
[2025-06-27T16:59:56.448+0000] {logging_mixin.py:190} INFO - [2025-06-27T16:59:56.448+0000] {dag.py:4180} INFO - Setting next_dagrun for latest_only to 2025-06-27 16:00:00+00:00, run_after=2025-06-27 20:00:00+00:00
[2025-06-27T16:59:56.473+0000] {processor.py:208} INFO - Processing /home/airflow/.local/lib/python3.12/site-packages/airflow/example_dags/example_latest_only.py took 0.075 seconds
[2025-06-27T17:00:26.728+0000] {processor.py:186} INFO - Started process (PID=542) to work on /home/airflow/.local/lib/python3.12/site-packages/airflow/example_dags/example_latest_only.py
[2025-06-27T17:00:26.729+0000] {processor.py:914} INFO - Processing file /home/airflow/.local/lib/python3.12/site-packages/airflow/example_dags/example_latest_only.py for tasks to queue
[2025-06-27T17:00:26.731+0000] {logging_mixin.py:190} INFO - [2025-06-27T17:00:26.730+0000] {dagbag.py:588} INFO - Filling up the DagBag from /home/airflow/.local/lib/python3.12/site-packages/airflow/example_dags/example_latest_only.py
[2025-06-27T17:00:26.737+0000] {processor.py:925} INFO - DAG(s) 'latest_only' retrieved from /home/airflow/.local/lib/python3.12/site-packages/airflow/example_dags/example_latest_only.py
[2025-06-27T17:00:26.753+0000] {logging_mixin.py:190} INFO - [2025-06-27T17:00:26.753+0000] {dag.py:3239} INFO - Sync 1 DAGs
[2025-06-27T17:00:26.774+0000] {logging_mixin.py:190} INFO - [2025-06-27T17:00:26.774+0000] {dag.py:4180} INFO - Setting next_dagrun for latest_only to 2025-06-27 16:00:00+00:00, run_after=2025-06-27 20:00:00+00:00
[2025-06-27T17:00:26.790+0000] {processor.py:208} INFO - Processing /home/airflow/.local/lib/python3.12/site-packages/airflow/example_dags/example_latest_only.py took 0.067 seconds
[2025-06-27T17:00:57.491+0000] {processor.py:186} INFO - Started process (PID=606) to work on /home/airflow/.local/lib/python3.12/site-packages/airflow/example_dags/example_latest_only.py
[2025-06-27T17:00:57.493+0000] {processor.py:914} INFO - Processing file /home/airflow/.local/lib/python3.12/site-packages/airflow/example_dags/example_latest_only.py for tasks to queue
[2025-06-27T17:00:57.496+0000] {logging_mixin.py:190} INFO - [2025-06-27T17:00:57.495+0000] {dagbag.py:588} INFO - Filling up the DagBag from /home/airflow/.local/lib/python3.12/site-packages/airflow/example_dags/example_latest_only.py
[2025-06-27T17:00:57.506+0000] {processor.py:925} INFO - DAG(s) 'latest_only' retrieved from /home/airflow/.local/lib/python3.12/site-packages/airflow/example_dags/example_latest_only.py
[2025-06-27T17:00:57.532+0000] {logging_mixin.py:190} INFO - [2025-06-27T17:00:57.531+0000] {dag.py:3239} INFO - Sync 1 DAGs
[2025-06-27T17:00:57.566+0000] {logging_mixin.py:190} INFO - [2025-06-27T17:00:57.565+0000] {dag.py:4180} INFO - Setting next_dagrun for latest_only to 2025-06-27 16:00:00+00:00, run_after=2025-06-27 20:00:00+00:00
[2025-06-27T17:00:57.597+0000] {processor.py:208} INFO - Processing /home/airflow/.local/lib/python3.12/site-packages/airflow/example_dags/example_latest_only.py took 0.116 seconds
[2025-06-27T17:01:27.895+0000] {processor.py:186} INFO - Started process (PID=675) to work on /home/airflow/.local/lib/python3.12/site-packages/airflow/example_dags/example_latest_only.py
[2025-06-27T17:01:27.896+0000] {processor.py:914} INFO - Processing file /home/airflow/.local/lib/python3.12/site-packages/airflow/example_dags/example_latest_only.py for tasks to queue
[2025-06-27T17:01:27.898+0000] {logging_mixin.py:190} INFO - [2025-06-27T17:01:27.898+0000] {dagbag.py:588} INFO - Filling up the DagBag from /home/airflow/.local/lib/python3.12/site-packages/airflow/example_dags/example_latest_only.py
[2025-06-27T17:01:27.904+0000] {processor.py:925} INFO - DAG(s) 'latest_only' retrieved from /home/airflow/.local/lib/python3.12/site-packages/airflow/example_dags/example_latest_only.py
[2025-06-27T17:01:27.921+0000] {logging_mixin.py:190} INFO - [2025-06-27T17:01:27.921+0000] {dag.py:3239} INFO - Sync 1 DAGs
[2025-06-27T17:01:27.943+0000] {logging_mixin.py:190} INFO - [2025-06-27T17:01:27.943+0000] {dag.py:4180} INFO - Setting next_dagrun for latest_only to 2025-06-27 16:00:00+00:00, run_after=2025-06-27 20:00:00+00:00
[2025-06-27T17:01:27.959+0000] {processor.py:208} INFO - Processing /home/airflow/.local/lib/python3.12/site-packages/airflow/example_dags/example_latest_only.py took 0.069 seconds
[2025-06-27T17:01:58.808+0000] {processor.py:186} INFO - Started process (PID=739) to work on /home/airflow/.local/lib/python3.12/site-packages/airflow/example_dags/example_latest_only.py
[2025-06-27T17:01:58.809+0000] {processor.py:914} INFO - Processing file /home/airflow/.local/lib/python3.12/site-packages/airflow/example_dags/example_latest_only.py for tasks to queue
[2025-06-27T17:01:58.811+0000] {logging_mixin.py:190} INFO - [2025-06-27T17:01:58.811+0000] {dagbag.py:588} INFO - Filling up the DagBag from /home/airflow/.local/lib/python3.12/site-packages/airflow/example_dags/example_latest_only.py
[2025-06-27T17:01:58.817+0000] {processor.py:925} INFO - DAG(s) 'latest_only' retrieved from /home/airflow/.local/lib/python3.12/site-packages/airflow/example_dags/example_latest_only.py
[2025-06-27T17:01:58.834+0000] {logging_mixin.py:190} INFO - [2025-06-27T17:01:58.834+0000] {dag.py:3239} INFO - Sync 1 DAGs
[2025-06-27T17:01:58.855+0000] {logging_mixin.py:190} INFO - [2025-06-27T17:01:58.855+0000] {dag.py:4180} INFO - Setting next_dagrun for latest_only to 2025-06-27 16:00:00+00:00, run_after=2025-06-27 20:00:00+00:00
[2025-06-27T17:01:58.871+0000] {processor.py:208} INFO - Processing /home/airflow/.local/lib/python3.12/site-packages/airflow/example_dags/example_latest_only.py took 0.068 seconds
[2025-06-27T17:02:29.252+0000] {processor.py:186} INFO - Started process (PID=809) to work on /home/airflow/.local/lib/python3.12/site-packages/airflow/example_dags/example_latest_only.py
[2025-06-27T17:02:29.253+0000] {processor.py:914} INFO - Processing file /home/airflow/.local/lib/python3.12/site-packages/airflow/example_dags/example_latest_only.py for tasks to queue
[2025-06-27T17:02:29.255+0000] {logging_mixin.py:190} INFO - [2025-06-27T17:02:29.255+0000] {dagbag.py:588} INFO - Filling up the DagBag from /home/airflow/.local/lib/python3.12/site-packages/airflow/example_dags/example_latest_only.py
[2025-06-27T17:02:29.262+0000] {processor.py:925} INFO - DAG(s) 'latest_only' retrieved from /home/airflow/.local/lib/python3.12/site-packages/airflow/example_dags/example_latest_only.py
[2025-06-27T17:02:29.280+0000] {logging_mixin.py:190} INFO - [2025-06-27T17:02:29.279+0000] {dag.py:3239} INFO - Sync 1 DAGs
[2025-06-27T17:02:29.304+0000] {logging_mixin.py:190} INFO - [2025-06-27T17:02:29.303+0000] {dag.py:4180} INFO - Setting next_dagrun for latest_only to 2025-06-27 16:00:00+00:00, run_after=2025-06-27 20:00:00+00:00
[2025-06-27T17:02:29.321+0000] {processor.py:208} INFO - Processing /home/airflow/.local/lib/python3.12/site-packages/airflow/example_dags/example_latest_only.py took 0.076 seconds
[2025-06-27T17:03:00.015+0000] {processor.py:186} INFO - Started process (PID=873) to work on /home/airflow/.local/lib/python3.12/site-packages/airflow/example_dags/example_latest_only.py
[2025-06-27T17:03:00.016+0000] {processor.py:914} INFO - Processing file /home/airflow/.local/lib/python3.12/site-packages/airflow/example_dags/example_latest_only.py for tasks to queue
[2025-06-27T17:03:00.018+0000] {logging_mixin.py:190} INFO - [2025-06-27T17:03:00.017+0000] {dagbag.py:588} INFO - Filling up the DagBag from /home/airflow/.local/lib/python3.12/site-packages/airflow/example_dags/example_latest_only.py
[2025-06-27T17:03:00.024+0000] {processor.py:925} INFO - DAG(s) 'latest_only' retrieved from /home/airflow/.local/lib/python3.12/site-packages/airflow/example_dags/example_latest_only.py
[2025-06-27T17:03:00.041+0000] {logging_mixin.py:190} INFO - [2025-06-27T17:03:00.041+0000] {dag.py:3239} INFO - Sync 1 DAGs
[2025-06-27T17:03:00.061+0000] {logging_mixin.py:190} INFO - [2025-06-27T17:03:00.060+0000] {dag.py:4180} INFO - Setting next_dagrun for latest_only to 2025-06-27 16:00:00+00:00, run_after=2025-06-27 20:00:00+00:00
[2025-06-27T17:03:00.077+0000] {processor.py:208} INFO - Processing /home/airflow/.local/lib/python3.12/site-packages/airflow/example_dags/example_latest_only.py took 0.068 seconds
[2025-06-27T17:03:30.491+0000] {processor.py:186} INFO - Started process (PID=942) to work on /home/airflow/.local/lib/python3.12/site-packages/airflow/example_dags/example_latest_only.py
[2025-06-27T17:03:30.491+0000] {processor.py:914} INFO - Processing file /home/airflow/.local/lib/python3.12/site-packages/airflow/example_dags/example_latest_only.py for tasks to queue
[2025-06-27T17:03:30.494+0000] {logging_mixin.py:190} INFO - [2025-06-27T17:03:30.493+0000] {dagbag.py:588} INFO - Filling up the DagBag from /home/airflow/.local/lib/python3.12/site-packages/airflow/example_dags/example_latest_only.py
[2025-06-27T17:03:30.501+0000] {processor.py:925} INFO - DAG(s) 'latest_only' retrieved from /home/airflow/.local/lib/python3.12/site-packages/airflow/example_dags/example_latest_only.py
[2025-06-27T17:03:30.517+0000] {logging_mixin.py:190} INFO - [2025-06-27T17:03:30.517+0000] {dag.py:3239} INFO - Sync 1 DAGs
[2025-06-27T17:03:30.538+0000] {logging_mixin.py:190} INFO - [2025-06-27T17:03:30.538+0000] {dag.py:4180} INFO - Setting next_dagrun for latest_only to 2025-06-27 16:00:00+00:00, run_after=2025-06-27 20:00:00+00:00
[2025-06-27T17:03:30.555+0000] {processor.py:208} INFO - Processing /home/airflow/.local/lib/python3.12/site-packages/airflow/example_dags/example_latest_only.py took 0.069 seconds
[2025-06-27T17:04:01.134+0000] {processor.py:186} INFO - Started process (PID=1006) to work on /home/airflow/.local/lib/python3.12/site-packages/airflow/example_dags/example_latest_only.py
[2025-06-27T17:04:01.135+0000] {processor.py:914} INFO - Processing file /home/airflow/.local/lib/python3.12/site-packages/airflow/example_dags/example_latest_only.py for tasks to queue
[2025-06-27T17:04:01.137+0000] {logging_mixin.py:190} INFO - [2025-06-27T17:04:01.137+0000] {dagbag.py:588} INFO - Filling up the DagBag from /home/airflow/.local/lib/python3.12/site-packages/airflow/example_dags/example_latest_only.py
[2025-06-27T17:04:01.144+0000] {processor.py:925} INFO - DAG(s) 'latest_only' retrieved from /home/airflow/.local/lib/python3.12/site-packages/airflow/example_dags/example_latest_only.py
[2025-06-27T17:04:01.163+0000] {logging_mixin.py:190} INFO - [2025-06-27T17:04:01.163+0000] {dag.py:3239} INFO - Sync 1 DAGs
[2025-06-27T17:04:01.188+0000] {logging_mixin.py:190} INFO - [2025-06-27T17:04:01.188+0000] {dag.py:4180} INFO - Setting next_dagrun for latest_only to 2025-06-27 16:00:00+00:00, run_after=2025-06-27 20:00:00+00:00
[2025-06-27T17:04:01.209+0000] {processor.py:208} INFO - Processing /home/airflow/.local/lib/python3.12/site-packages/airflow/example_dags/example_latest_only.py took 0.081 seconds
[2025-06-27T17:04:31.394+0000] {processor.py:186} INFO - Started process (PID=1076) to work on /home/airflow/.local/lib/python3.12/site-packages/airflow/example_dags/example_latest_only.py
[2025-06-27T17:04:31.395+0000] {processor.py:914} INFO - Processing file /home/airflow/.local/lib/python3.12/site-packages/airflow/example_dags/example_latest_only.py for tasks to queue
[2025-06-27T17:04:31.397+0000] {logging_mixin.py:190} INFO - [2025-06-27T17:04:31.396+0000] {dagbag.py:588} INFO - Filling up the DagBag from /home/airflow/.local/lib/python3.12/site-packages/airflow/example_dags/example_latest_only.py
[2025-06-27T17:04:31.404+0000] {processor.py:925} INFO - DAG(s) 'latest_only' retrieved from /home/airflow/.local/lib/python3.12/site-packages/airflow/example_dags/example_latest_only.py
[2025-06-27T17:04:31.421+0000] {logging_mixin.py:190} INFO - [2025-06-27T17:04:31.421+0000] {dag.py:3239} INFO - Sync 1 DAGs
[2025-06-27T17:04:31.441+0000] {logging_mixin.py:190} INFO - [2025-06-27T17:04:31.440+0000] {dag.py:4180} INFO - Setting next_dagrun for latest_only to 2025-06-27 16:00:00+00:00, run_after=2025-06-27 20:00:00+00:00
[2025-06-27T17:04:31.457+0000] {processor.py:208} INFO - Processing /home/airflow/.local/lib/python3.12/site-packages/airflow/example_dags/example_latest_only.py took 0.068 seconds
[2025-06-27T17:05:01.518+0000] {processor.py:186} INFO - Started process (PID=1145) to work on /home/airflow/.local/lib/python3.12/site-packages/airflow/example_dags/example_latest_only.py
[2025-06-27T17:05:01.519+0000] {processor.py:914} INFO - Processing file /home/airflow/.local/lib/python3.12/site-packages/airflow/example_dags/example_latest_only.py for tasks to queue
[2025-06-27T17:05:01.523+0000] {logging_mixin.py:190} INFO - [2025-06-27T17:05:01.522+0000] {dagbag.py:588} INFO - Filling up the DagBag from /home/airflow/.local/lib/python3.12/site-packages/airflow/example_dags/example_latest_only.py
[2025-06-27T17:05:01.530+0000] {processor.py:925} INFO - DAG(s) 'latest_only' retrieved from /home/airflow/.local/lib/python3.12/site-packages/airflow/example_dags/example_latest_only.py
[2025-06-27T17:05:01.548+0000] {logging_mixin.py:190} INFO - [2025-06-27T17:05:01.547+0000] {dag.py:3239} INFO - Sync 1 DAGs
[2025-06-27T17:05:01.568+0000] {logging_mixin.py:190} INFO - [2025-06-27T17:05:01.568+0000] {dag.py:4180} INFO - Setting next_dagrun for latest_only to 2025-06-27 16:00:00+00:00, run_after=2025-06-27 20:00:00+00:00
[2025-06-27T17:05:01.587+0000] {processor.py:208} INFO - Processing /home/airflow/.local/lib/python3.12/site-packages/airflow/example_dags/example_latest_only.py took 0.075 seconds
[2025-06-27T17:05:32.027+0000] {processor.py:186} INFO - Started process (PID=1209) to work on /home/airflow/.local/lib/python3.12/site-packages/airflow/example_dags/example_latest_only.py
[2025-06-27T17:05:32.028+0000] {processor.py:914} INFO - Processing file /home/airflow/.local/lib/python3.12/site-packages/airflow/example_dags/example_latest_only.py for tasks to queue
[2025-06-27T17:05:32.030+0000] {logging_mixin.py:190} INFO - [2025-06-27T17:05:32.030+0000] {dagbag.py:588} INFO - Filling up the DagBag from /home/airflow/.local/lib/python3.12/site-packages/airflow/example_dags/example_latest_only.py
[2025-06-27T17:05:32.037+0000] {processor.py:925} INFO - DAG(s) 'latest_only' retrieved from /home/airflow/.local/lib/python3.12/site-packages/airflow/example_dags/example_latest_only.py
[2025-06-27T17:05:32.053+0000] {logging_mixin.py:190} INFO - [2025-06-27T17:05:32.053+0000] {dag.py:3239} INFO - Sync 1 DAGs
[2025-06-27T17:05:32.074+0000] {logging_mixin.py:190} INFO - [2025-06-27T17:05:32.074+0000] {dag.py:4180} INFO - Setting next_dagrun for latest_only to 2025-06-27 16:00:00+00:00, run_after=2025-06-27 20:00:00+00:00
[2025-06-27T17:05:32.090+0000] {processor.py:208} INFO - Processing /home/airflow/.local/lib/python3.12/site-packages/airflow/example_dags/example_latest_only.py took 0.068 seconds
[2025-06-27T17:06:02.432+0000] {processor.py:186} INFO - Started process (PID=1279) to work on /home/airflow/.local/lib/python3.12/site-packages/airflow/example_dags/example_latest_only.py
[2025-06-27T17:06:02.433+0000] {processor.py:914} INFO - Processing file /home/airflow/.local/lib/python3.12/site-packages/airflow/example_dags/example_latest_only.py for tasks to queue
[2025-06-27T17:06:02.436+0000] {logging_mixin.py:190} INFO - [2025-06-27T17:06:02.436+0000] {dagbag.py:588} INFO - Filling up the DagBag from /home/airflow/.local/lib/python3.12/site-packages/airflow/example_dags/example_latest_only.py
[2025-06-27T17:06:02.445+0000] {processor.py:925} INFO - DAG(s) 'latest_only' retrieved from /home/airflow/.local/lib/python3.12/site-packages/airflow/example_dags/example_latest_only.py
[2025-06-27T17:06:02.465+0000] {logging_mixin.py:190} INFO - [2025-06-27T17:06:02.465+0000] {dag.py:3239} INFO - Sync 1 DAGs
[2025-06-27T17:06:02.489+0000] {logging_mixin.py:190} INFO - [2025-06-27T17:06:02.489+0000] {dag.py:4180} INFO - Setting next_dagrun for latest_only to 2025-06-27 16:00:00+00:00, run_after=2025-06-27 20:00:00+00:00
[2025-06-27T17:06:02.507+0000] {processor.py:208} INFO - Processing /home/airflow/.local/lib/python3.12/site-packages/airflow/example_dags/example_latest_only.py took 0.083 seconds
[2025-06-27T17:06:32.546+0000] {processor.py:186} INFO - Started process (PID=1343) to work on /home/airflow/.local/lib/python3.12/site-packages/airflow/example_dags/example_latest_only.py
[2025-06-27T17:06:32.547+0000] {processor.py:914} INFO - Processing file /home/airflow/.local/lib/python3.12/site-packages/airflow/example_dags/example_latest_only.py for tasks to queue
[2025-06-27T17:06:32.549+0000] {logging_mixin.py:190} INFO - [2025-06-27T17:06:32.548+0000] {dagbag.py:588} INFO - Filling up the DagBag from /home/airflow/.local/lib/python3.12/site-packages/airflow/example_dags/example_latest_only.py
[2025-06-27T17:06:32.555+0000] {processor.py:925} INFO - DAG(s) 'latest_only' retrieved from /home/airflow/.local/lib/python3.12/site-packages/airflow/example_dags/example_latest_only.py
[2025-06-27T17:06:32.572+0000] {logging_mixin.py:190} INFO - [2025-06-27T17:06:32.572+0000] {dag.py:3239} INFO - Sync 1 DAGs
[2025-06-27T17:06:32.592+0000] {logging_mixin.py:190} INFO - [2025-06-27T17:06:32.592+0000] {dag.py:4180} INFO - Setting next_dagrun for latest_only to 2025-06-27 16:00:00+00:00, run_after=2025-06-27 20:00:00+00:00
[2025-06-27T17:06:32.607+0000] {processor.py:208} INFO - Processing /home/airflow/.local/lib/python3.12/site-packages/airflow/example_dags/example_latest_only.py took 0.067 seconds
[2025-06-27T17:07:03.474+0000] {processor.py:186} INFO - Started process (PID=1412) to work on /home/airflow/.local/lib/python3.12/site-packages/airflow/example_dags/example_latest_only.py
[2025-06-27T17:07:03.475+0000] {processor.py:914} INFO - Processing file /home/airflow/.local/lib/python3.12/site-packages/airflow/example_dags/example_latest_only.py for tasks to queue
[2025-06-27T17:07:03.478+0000] {logging_mixin.py:190} INFO - [2025-06-27T17:07:03.478+0000] {dagbag.py:588} INFO - Filling up the DagBag from /home/airflow/.local/lib/python3.12/site-packages/airflow/example_dags/example_latest_only.py
[2025-06-27T17:07:03.485+0000] {processor.py:925} INFO - DAG(s) 'latest_only' retrieved from /home/airflow/.local/lib/python3.12/site-packages/airflow/example_dags/example_latest_only.py
[2025-06-27T17:07:03.503+0000] {logging_mixin.py:190} INFO - [2025-06-27T17:07:03.503+0000] {dag.py:3239} INFO - Sync 1 DAGs
[2025-06-27T17:07:03.527+0000] {logging_mixin.py:190} INFO - [2025-06-27T17:07:03.526+0000] {dag.py:4180} INFO - Setting next_dagrun for latest_only to 2025-06-27 16:00:00+00:00, run_after=2025-06-27 20:00:00+00:00
[2025-06-27T17:07:03.543+0000] {processor.py:208} INFO - Processing /home/airflow/.local/lib/python3.12/site-packages/airflow/example_dags/example_latest_only.py took 0.074 seconds
[2025-06-27T17:07:34.365+0000] {processor.py:186} INFO - Started process (PID=1476) to work on /home/airflow/.local/lib/python3.12/site-packages/airflow/example_dags/example_latest_only.py
[2025-06-27T17:07:34.366+0000] {processor.py:914} INFO - Processing file /home/airflow/.local/lib/python3.12/site-packages/airflow/example_dags/example_latest_only.py for tasks to queue
[2025-06-27T17:07:34.369+0000] {logging_mixin.py:190} INFO - [2025-06-27T17:07:34.368+0000] {dagbag.py:588} INFO - Filling up the DagBag from /home/airflow/.local/lib/python3.12/site-packages/airflow/example_dags/example_latest_only.py
[2025-06-27T17:07:34.376+0000] {processor.py:925} INFO - DAG(s) 'latest_only' retrieved from /home/airflow/.local/lib/python3.12/site-packages/airflow/example_dags/example_latest_only.py
[2025-06-27T17:07:34.394+0000] {logging_mixin.py:190} INFO - [2025-06-27T17:07:34.394+0000] {dag.py:3239} INFO - Sync 1 DAGs
[2025-06-27T17:07:34.415+0000] {logging_mixin.py:190} INFO - [2025-06-27T17:07:34.415+0000] {dag.py:4180} INFO - Setting next_dagrun for latest_only to 2025-06-27 16:00:00+00:00, run_after=2025-06-27 20:00:00+00:00
[2025-06-27T17:07:34.431+0000] {processor.py:208} INFO - Processing /home/airflow/.local/lib/python3.12/site-packages/airflow/example_dags/example_latest_only.py took 0.071 seconds
[2025-06-27T17:08:04.547+0000] {processor.py:186} INFO - Started process (PID=1546) to work on /home/airflow/.local/lib/python3.12/site-packages/airflow/example_dags/example_latest_only.py
[2025-06-27T17:08:04.548+0000] {processor.py:914} INFO - Processing file /home/airflow/.local/lib/python3.12/site-packages/airflow/example_dags/example_latest_only.py for tasks to queue
[2025-06-27T17:08:04.550+0000] {logging_mixin.py:190} INFO - [2025-06-27T17:08:04.549+0000] {dagbag.py:588} INFO - Filling up the DagBag from /home/airflow/.local/lib/python3.12/site-packages/airflow/example_dags/example_latest_only.py
[2025-06-27T17:08:04.557+0000] {processor.py:925} INFO - DAG(s) 'latest_only' retrieved from /home/airflow/.local/lib/python3.12/site-packages/airflow/example_dags/example_latest_only.py
[2025-06-27T17:08:04.576+0000] {logging_mixin.py:190} INFO - [2025-06-27T17:08:04.575+0000] {dag.py:3239} INFO - Sync 1 DAGs
[2025-06-27T17:08:04.597+0000] {logging_mixin.py:190} INFO - [2025-06-27T17:08:04.597+0000] {dag.py:4180} INFO - Setting next_dagrun for latest_only to 2025-06-27 16:00:00+00:00, run_after=2025-06-27 20:00:00+00:00
[2025-06-27T17:08:04.615+0000] {processor.py:208} INFO - Processing /home/airflow/.local/lib/python3.12/site-packages/airflow/example_dags/example_latest_only.py took 0.073 seconds
[2025-06-27T17:08:34.960+0000] {processor.py:186} INFO - Started process (PID=1610) to work on /home/airflow/.local/lib/python3.12/site-packages/airflow/example_dags/example_latest_only.py
[2025-06-27T17:08:34.961+0000] {processor.py:914} INFO - Processing file /home/airflow/.local/lib/python3.12/site-packages/airflow/example_dags/example_latest_only.py for tasks to queue
[2025-06-27T17:08:34.963+0000] {logging_mixin.py:190} INFO - [2025-06-27T17:08:34.963+0000] {dagbag.py:588} INFO - Filling up the DagBag from /home/airflow/.local/lib/python3.12/site-packages/airflow/example_dags/example_latest_only.py
[2025-06-27T17:08:34.969+0000] {processor.py:925} INFO - DAG(s) 'latest_only' retrieved from /home/airflow/.local/lib/python3.12/site-packages/airflow/example_dags/example_latest_only.py
[2025-06-27T17:08:34.986+0000] {logging_mixin.py:190} INFO - [2025-06-27T17:08:34.986+0000] {dag.py:3239} INFO - Sync 1 DAGs
[2025-06-27T17:08:35.006+0000] {logging_mixin.py:190} INFO - [2025-06-27T17:08:35.006+0000] {dag.py:4180} INFO - Setting next_dagrun for latest_only to 2025-06-27 16:00:00+00:00, run_after=2025-06-27 20:00:00+00:00
[2025-06-27T17:08:35.021+0000] {processor.py:208} INFO - Processing /home/airflow/.local/lib/python3.12/site-packages/airflow/example_dags/example_latest_only.py took 0.067 seconds
[2025-06-27T17:09:05.750+0000] {processor.py:186} INFO - Started process (PID=1679) to work on /home/airflow/.local/lib/python3.12/site-packages/airflow/example_dags/example_latest_only.py
[2025-06-27T17:09:05.751+0000] {processor.py:914} INFO - Processing file /home/airflow/.local/lib/python3.12/site-packages/airflow/example_dags/example_latest_only.py for tasks to queue
[2025-06-27T17:09:05.754+0000] {logging_mixin.py:190} INFO - [2025-06-27T17:09:05.753+0000] {dagbag.py:588} INFO - Filling up the DagBag from /home/airflow/.local/lib/python3.12/site-packages/airflow/example_dags/example_latest_only.py
[2025-06-27T17:09:05.762+0000] {processor.py:925} INFO - DAG(s) 'latest_only' retrieved from /home/airflow/.local/lib/python3.12/site-packages/airflow/example_dags/example_latest_only.py
[2025-06-27T17:09:05.781+0000] {logging_mixin.py:190} INFO - [2025-06-27T17:09:05.781+0000] {dag.py:3239} INFO - Sync 1 DAGs
[2025-06-27T17:09:05.803+0000] {logging_mixin.py:190} INFO - [2025-06-27T17:09:05.803+0000] {dag.py:4180} INFO - Setting next_dagrun for latest_only to 2025-06-27 16:00:00+00:00, run_after=2025-06-27 20:00:00+00:00
[2025-06-27T17:09:05.820+0000] {processor.py:208} INFO - Processing /home/airflow/.local/lib/python3.12/site-packages/airflow/example_dags/example_latest_only.py took 0.076 seconds
[2025-06-27T17:09:36.107+0000] {processor.py:186} INFO - Started process (PID=1743) to work on /home/airflow/.local/lib/python3.12/site-packages/airflow/example_dags/example_latest_only.py
[2025-06-27T17:09:36.108+0000] {processor.py:914} INFO - Processing file /home/airflow/.local/lib/python3.12/site-packages/airflow/example_dags/example_latest_only.py for tasks to queue
[2025-06-27T17:09:36.111+0000] {logging_mixin.py:190} INFO - [2025-06-27T17:09:36.111+0000] {dagbag.py:588} INFO - Filling up the DagBag from /home/airflow/.local/lib/python3.12/site-packages/airflow/example_dags/example_latest_only.py
[2025-06-27T17:09:36.118+0000] {processor.py:925} INFO - DAG(s) 'latest_only' retrieved from /home/airflow/.local/lib/python3.12/site-packages/airflow/example_dags/example_latest_only.py
[2025-06-27T17:09:36.135+0000] {logging_mixin.py:190} INFO - [2025-06-27T17:09:36.135+0000] {dag.py:3239} INFO - Sync 1 DAGs
[2025-06-27T17:09:36.156+0000] {logging_mixin.py:190} INFO - [2025-06-27T17:09:36.156+0000] {dag.py:4180} INFO - Setting next_dagrun for latest_only to 2025-06-27 16:00:00+00:00, run_after=2025-06-27 20:00:00+00:00
[2025-06-27T17:09:36.173+0000] {processor.py:208} INFO - Processing /home/airflow/.local/lib/python3.12/site-packages/airflow/example_dags/example_latest_only.py took 0.071 seconds
[2025-06-27T17:10:06.650+0000] {processor.py:186} INFO - Started process (PID=1813) to work on /home/airflow/.local/lib/python3.12/site-packages/airflow/example_dags/example_latest_only.py
[2025-06-27T17:10:06.651+0000] {processor.py:914} INFO - Processing file /home/airflow/.local/lib/python3.12/site-packages/airflow/example_dags/example_latest_only.py for tasks to queue
[2025-06-27T17:10:06.653+0000] {logging_mixin.py:190} INFO - [2025-06-27T17:10:06.653+0000] {dagbag.py:588} INFO - Filling up the DagBag from /home/airflow/.local/lib/python3.12/site-packages/airflow/example_dags/example_latest_only.py
[2025-06-27T17:10:06.660+0000] {processor.py:925} INFO - DAG(s) 'latest_only' retrieved from /home/airflow/.local/lib/python3.12/site-packages/airflow/example_dags/example_latest_only.py
[2025-06-27T17:10:06.677+0000] {logging_mixin.py:190} INFO - [2025-06-27T17:10:06.677+0000] {dag.py:3239} INFO - Sync 1 DAGs
[2025-06-27T17:10:06.697+0000] {logging_mixin.py:190} INFO - [2025-06-27T17:10:06.697+0000] {dag.py:4180} INFO - Setting next_dagrun for latest_only to 2025-06-27 16:00:00+00:00, run_after=2025-06-27 20:00:00+00:00
[2025-06-27T17:10:06.713+0000] {processor.py:208} INFO - Processing /home/airflow/.local/lib/python3.12/site-packages/airflow/example_dags/example_latest_only.py took 0.067 seconds
[2025-06-27T17:10:37.178+0000] {processor.py:186} INFO - Started process (PID=1877) to work on /home/airflow/.local/lib/python3.12/site-packages/airflow/example_dags/example_latest_only.py
[2025-06-27T17:10:37.179+0000] {processor.py:914} INFO - Processing file /home/airflow/.local/lib/python3.12/site-packages/airflow/example_dags/example_latest_only.py for tasks to queue
[2025-06-27T17:10:37.182+0000] {logging_mixin.py:190} INFO - [2025-06-27T17:10:37.181+0000] {dagbag.py:588} INFO - Filling up the DagBag from /home/airflow/.local/lib/python3.12/site-packages/airflow/example_dags/example_latest_only.py
[2025-06-27T17:10:37.189+0000] {processor.py:925} INFO - DAG(s) 'latest_only' retrieved from /home/airflow/.local/lib/python3.12/site-packages/airflow/example_dags/example_latest_only.py
[2025-06-27T17:10:37.207+0000] {logging_mixin.py:190} INFO - [2025-06-27T17:10:37.206+0000] {dag.py:3239} INFO - Sync 1 DAGs
[2025-06-27T17:10:37.226+0000] {logging_mixin.py:190} INFO - [2025-06-27T17:10:37.226+0000] {dag.py:4180} INFO - Setting next_dagrun for latest_only to 2025-06-27 16:00:00+00:00, run_after=2025-06-27 20:00:00+00:00
[2025-06-27T17:10:37.243+0000] {processor.py:208} INFO - Processing /home/airflow/.local/lib/python3.12/site-packages/airflow/example_dags/example_latest_only.py took 0.071 seconds
[2025-06-27T17:11:07.441+0000] {processor.py:186} INFO - Started process (PID=1946) to work on /home/airflow/.local/lib/python3.12/site-packages/airflow/example_dags/example_latest_only.py
[2025-06-27T17:11:07.442+0000] {processor.py:914} INFO - Processing file /home/airflow/.local/lib/python3.12/site-packages/airflow/example_dags/example_latest_only.py for tasks to queue
[2025-06-27T17:11:07.445+0000] {logging_mixin.py:190} INFO - [2025-06-27T17:11:07.444+0000] {dagbag.py:588} INFO - Filling up the DagBag from /home/airflow/.local/lib/python3.12/site-packages/airflow/example_dags/example_latest_only.py
[2025-06-27T17:11:07.452+0000] {processor.py:925} INFO - DAG(s) 'latest_only' retrieved from /home/airflow/.local/lib/python3.12/site-packages/airflow/example_dags/example_latest_only.py
[2025-06-27T17:11:07.474+0000] {logging_mixin.py:190} INFO - [2025-06-27T17:11:07.474+0000] {dag.py:3239} INFO - Sync 1 DAGs
[2025-06-27T17:11:07.506+0000] {logging_mixin.py:190} INFO - [2025-06-27T17:11:07.506+0000] {dag.py:4180} INFO - Setting next_dagrun for latest_only to 2025-06-27 16:00:00+00:00, run_after=2025-06-27 20:00:00+00:00
[2025-06-27T17:11:07.530+0000] {processor.py:208} INFO - Processing /home/airflow/.local/lib/python3.12/site-packages/airflow/example_dags/example_latest_only.py took 0.095 seconds
[2025-06-27T17:11:37.614+0000] {processor.py:186} INFO - Started process (PID=2010) to work on /home/airflow/.local/lib/python3.12/site-packages/airflow/example_dags/example_latest_only.py
[2025-06-27T17:11:37.615+0000] {processor.py:914} INFO - Processing file /home/airflow/.local/lib/python3.12/site-packages/airflow/example_dags/example_latest_only.py for tasks to queue
[2025-06-27T17:11:37.617+0000] {logging_mixin.py:190} INFO - [2025-06-27T17:11:37.617+0000] {dagbag.py:588} INFO - Filling up the DagBag from /home/airflow/.local/lib/python3.12/site-packages/airflow/example_dags/example_latest_only.py
[2025-06-27T17:11:37.624+0000] {processor.py:925} INFO - DAG(s) 'latest_only' retrieved from /home/airflow/.local/lib/python3.12/site-packages/airflow/example_dags/example_latest_only.py
[2025-06-27T17:11:37.641+0000] {logging_mixin.py:190} INFO - [2025-06-27T17:11:37.640+0000] {dag.py:3239} INFO - Sync 1 DAGs
[2025-06-27T17:11:37.660+0000] {logging_mixin.py:190} INFO - [2025-06-27T17:11:37.660+0000] {dag.py:4180} INFO - Setting next_dagrun for latest_only to 2025-06-27 16:00:00+00:00, run_after=2025-06-27 20:00:00+00:00
[2025-06-27T17:11:37.677+0000] {processor.py:208} INFO - Processing /home/airflow/.local/lib/python3.12/site-packages/airflow/example_dags/example_latest_only.py took 0.068 seconds
[2025-06-27T17:12:07.990+0000] {processor.py:186} INFO - Started process (PID=2080) to work on /home/airflow/.local/lib/python3.12/site-packages/airflow/example_dags/example_latest_only.py
[2025-06-27T17:12:07.991+0000] {processor.py:914} INFO - Processing file /home/airflow/.local/lib/python3.12/site-packages/airflow/example_dags/example_latest_only.py for tasks to queue
[2025-06-27T17:12:07.993+0000] {logging_mixin.py:190} INFO - [2025-06-27T17:12:07.993+0000] {dagbag.py:588} INFO - Filling up the DagBag from /home/airflow/.local/lib/python3.12/site-packages/airflow/example_dags/example_latest_only.py
[2025-06-27T17:12:08.000+0000] {processor.py:925} INFO - DAG(s) 'latest_only' retrieved from /home/airflow/.local/lib/python3.12/site-packages/airflow/example_dags/example_latest_only.py
[2025-06-27T17:12:08.024+0000] {logging_mixin.py:190} INFO - [2025-06-27T17:12:08.024+0000] {dag.py:3239} INFO - Sync 1 DAGs
[2025-06-27T17:12:08.049+0000] {logging_mixin.py:190} INFO - [2025-06-27T17:12:08.049+0000] {dag.py:4180} INFO - Setting next_dagrun for latest_only to 2025-06-27 16:00:00+00:00, run_after=2025-06-27 20:00:00+00:00
[2025-06-27T17:12:08.069+0000] {processor.py:208} INFO - Processing /home/airflow/.local/lib/python3.12/site-packages/airflow/example_dags/example_latest_only.py took 0.085 seconds
[2025-06-27T17:12:38.364+0000] {processor.py:186} INFO - Started process (PID=2144) to work on /home/airflow/.local/lib/python3.12/site-packages/airflow/example_dags/example_latest_only.py
[2025-06-27T17:12:38.365+0000] {processor.py:914} INFO - Processing file /home/airflow/.local/lib/python3.12/site-packages/airflow/example_dags/example_latest_only.py for tasks to queue
[2025-06-27T17:12:38.367+0000] {logging_mixin.py:190} INFO - [2025-06-27T17:12:38.367+0000] {dagbag.py:588} INFO - Filling up the DagBag from /home/airflow/.local/lib/python3.12/site-packages/airflow/example_dags/example_latest_only.py
[2025-06-27T17:12:38.375+0000] {processor.py:925} INFO - DAG(s) 'latest_only' retrieved from /home/airflow/.local/lib/python3.12/site-packages/airflow/example_dags/example_latest_only.py
[2025-06-27T17:12:38.394+0000] {logging_mixin.py:190} INFO - [2025-06-27T17:12:38.394+0000] {dag.py:3239} INFO - Sync 1 DAGs
[2025-06-27T17:12:38.417+0000] {logging_mixin.py:190} INFO - [2025-06-27T17:12:38.416+0000] {dag.py:4180} INFO - Setting next_dagrun for latest_only to 2025-06-27 16:00:00+00:00, run_after=2025-06-27 20:00:00+00:00
[2025-06-27T17:12:38.439+0000] {processor.py:208} INFO - Processing /home/airflow/.local/lib/python3.12/site-packages/airflow/example_dags/example_latest_only.py took 0.081 seconds
[2025-06-27T17:13:08.875+0000] {processor.py:186} INFO - Started process (PID=2213) to work on /home/airflow/.local/lib/python3.12/site-packages/airflow/example_dags/example_latest_only.py
[2025-06-27T17:13:08.876+0000] {processor.py:914} INFO - Processing file /home/airflow/.local/lib/python3.12/site-packages/airflow/example_dags/example_latest_only.py for tasks to queue
[2025-06-27T17:13:08.879+0000] {logging_mixin.py:190} INFO - [2025-06-27T17:13:08.879+0000] {dagbag.py:588} INFO - Filling up the DagBag from /home/airflow/.local/lib/python3.12/site-packages/airflow/example_dags/example_latest_only.py
[2025-06-27T17:13:08.886+0000] {processor.py:925} INFO - DAG(s) 'latest_only' retrieved from /home/airflow/.local/lib/python3.12/site-packages/airflow/example_dags/example_latest_only.py
[2025-06-27T17:13:08.904+0000] {logging_mixin.py:190} INFO - [2025-06-27T17:13:08.904+0000] {dag.py:3239} INFO - Sync 1 DAGs
[2025-06-27T17:13:08.925+0000] {logging_mixin.py:190} INFO - [2025-06-27T17:13:08.925+0000] {dag.py:4180} INFO - Setting next_dagrun for latest_only to 2025-06-27 16:00:00+00:00, run_after=2025-06-27 20:00:00+00:00
[2025-06-27T17:13:08.941+0000] {processor.py:208} INFO - Processing /home/airflow/.local/lib/python3.12/site-packages/airflow/example_dags/example_latest_only.py took 0.071 seconds
[2025-06-27T17:13:39.770+0000] {processor.py:186} INFO - Started process (PID=2277) to work on /home/airflow/.local/lib/python3.12/site-packages/airflow/example_dags/example_latest_only.py
[2025-06-27T17:13:39.771+0000] {processor.py:914} INFO - Processing file /home/airflow/.local/lib/python3.12/site-packages/airflow/example_dags/example_latest_only.py for tasks to queue
[2025-06-27T17:13:39.773+0000] {logging_mixin.py:190} INFO - [2025-06-27T17:13:39.773+0000] {dagbag.py:588} INFO - Filling up the DagBag from /home/airflow/.local/lib/python3.12/site-packages/airflow/example_dags/example_latest_only.py
[2025-06-27T17:13:39.780+0000] {processor.py:925} INFO - DAG(s) 'latest_only' retrieved from /home/airflow/.local/lib/python3.12/site-packages/airflow/example_dags/example_latest_only.py
[2025-06-27T17:13:39.798+0000] {logging_mixin.py:190} INFO - [2025-06-27T17:13:39.798+0000] {dag.py:3239} INFO - Sync 1 DAGs
[2025-06-27T17:13:39.820+0000] {logging_mixin.py:190} INFO - [2025-06-27T17:13:39.820+0000] {dag.py:4180} INFO - Setting next_dagrun for latest_only to 2025-06-27 16:00:00+00:00, run_after=2025-06-27 20:00:00+00:00
[2025-06-27T17:13:39.837+0000] {processor.py:208} INFO - Processing /home/airflow/.local/lib/python3.12/site-packages/airflow/example_dags/example_latest_only.py took 0.072 seconds
[2025-06-27T17:14:10.307+0000] {processor.py:186} INFO - Started process (PID=2347) to work on /home/airflow/.local/lib/python3.12/site-packages/airflow/example_dags/example_latest_only.py
[2025-06-27T17:14:10.308+0000] {processor.py:914} INFO - Processing file /home/airflow/.local/lib/python3.12/site-packages/airflow/example_dags/example_latest_only.py for tasks to queue
[2025-06-27T17:14:10.310+0000] {logging_mixin.py:190} INFO - [2025-06-27T17:14:10.310+0000] {dagbag.py:588} INFO - Filling up the DagBag from /home/airflow/.local/lib/python3.12/site-packages/airflow/example_dags/example_latest_only.py
[2025-06-27T17:14:10.317+0000] {processor.py:925} INFO - DAG(s) 'latest_only' retrieved from /home/airflow/.local/lib/python3.12/site-packages/airflow/example_dags/example_latest_only.py
[2025-06-27T17:14:10.334+0000] {logging_mixin.py:190} INFO - [2025-06-27T17:14:10.334+0000] {dag.py:3239} INFO - Sync 1 DAGs
[2025-06-27T17:14:10.354+0000] {logging_mixin.py:190} INFO - [2025-06-27T17:14:10.354+0000] {dag.py:4180} INFO - Setting next_dagrun for latest_only to 2025-06-27 16:00:00+00:00, run_after=2025-06-27 20:00:00+00:00
[2025-06-27T17:14:10.371+0000] {processor.py:208} INFO - Processing /home/airflow/.local/lib/python3.12/site-packages/airflow/example_dags/example_latest_only.py took 0.070 seconds
[2025-06-27T17:14:40.916+0000] {processor.py:186} INFO - Started process (PID=2411) to work on /home/airflow/.local/lib/python3.12/site-packages/airflow/example_dags/example_latest_only.py
[2025-06-27T17:14:40.917+0000] {processor.py:914} INFO - Processing file /home/airflow/.local/lib/python3.12/site-packages/airflow/example_dags/example_latest_only.py for tasks to queue
[2025-06-27T17:14:40.919+0000] {logging_mixin.py:190} INFO - [2025-06-27T17:14:40.919+0000] {dagbag.py:588} INFO - Filling up the DagBag from /home/airflow/.local/lib/python3.12/site-packages/airflow/example_dags/example_latest_only.py
[2025-06-27T17:14:40.928+0000] {processor.py:925} INFO - DAG(s) 'latest_only' retrieved from /home/airflow/.local/lib/python3.12/site-packages/airflow/example_dags/example_latest_only.py
[2025-06-27T17:14:40.945+0000] {logging_mixin.py:190} INFO - [2025-06-27T17:14:40.945+0000] {dag.py:3239} INFO - Sync 1 DAGs
[2025-06-27T17:14:40.966+0000] {logging_mixin.py:190} INFO - [2025-06-27T17:14:40.965+0000] {dag.py:4180} INFO - Setting next_dagrun for latest_only to 2025-06-27 16:00:00+00:00, run_after=2025-06-27 20:00:00+00:00
[2025-06-27T17:14:40.982+0000] {processor.py:208} INFO - Processing /home/airflow/.local/lib/python3.12/site-packages/airflow/example_dags/example_latest_only.py took 0.071 seconds
[2025-06-27T17:15:11.552+0000] {processor.py:186} INFO - Started process (PID=2480) to work on /home/airflow/.local/lib/python3.12/site-packages/airflow/example_dags/example_latest_only.py
[2025-06-27T17:15:11.553+0000] {processor.py:914} INFO - Processing file /home/airflow/.local/lib/python3.12/site-packages/airflow/example_dags/example_latest_only.py for tasks to queue
[2025-06-27T17:15:11.555+0000] {logging_mixin.py:190} INFO - [2025-06-27T17:15:11.554+0000] {dagbag.py:588} INFO - Filling up the DagBag from /home/airflow/.local/lib/python3.12/site-packages/airflow/example_dags/example_latest_only.py
[2025-06-27T17:15:11.562+0000] {processor.py:925} INFO - DAG(s) 'latest_only' retrieved from /home/airflow/.local/lib/python3.12/site-packages/airflow/example_dags/example_latest_only.py
[2025-06-27T17:15:11.581+0000] {logging_mixin.py:190} INFO - [2025-06-27T17:15:11.580+0000] {dag.py:3239} INFO - Sync 1 DAGs
[2025-06-27T17:15:11.604+0000] {logging_mixin.py:190} INFO - [2025-06-27T17:15:11.604+0000] {dag.py:4180} INFO - Setting next_dagrun for latest_only to 2025-06-27 16:00:00+00:00, run_after=2025-06-27 20:00:00+00:00
[2025-06-27T17:15:11.627+0000] {processor.py:208} INFO - Processing /home/airflow/.local/lib/python3.12/site-packages/airflow/example_dags/example_latest_only.py took 0.082 seconds
[2025-06-27T17:15:42.393+0000] {processor.py:186} INFO - Started process (PID=2544) to work on /home/airflow/.local/lib/python3.12/site-packages/airflow/example_dags/example_latest_only.py
[2025-06-27T17:15:42.394+0000] {processor.py:914} INFO - Processing file /home/airflow/.local/lib/python3.12/site-packages/airflow/example_dags/example_latest_only.py for tasks to queue
[2025-06-27T17:15:42.397+0000] {logging_mixin.py:190} INFO - [2025-06-27T17:15:42.396+0000] {dagbag.py:588} INFO - Filling up the DagBag from /home/airflow/.local/lib/python3.12/site-packages/airflow/example_dags/example_latest_only.py
[2025-06-27T17:15:42.404+0000] {processor.py:925} INFO - DAG(s) 'latest_only' retrieved from /home/airflow/.local/lib/python3.12/site-packages/airflow/example_dags/example_latest_only.py
[2025-06-27T17:15:42.422+0000] {logging_mixin.py:190} INFO - [2025-06-27T17:15:42.422+0000] {dag.py:3239} INFO - Sync 1 DAGs
[2025-06-27T17:15:42.444+0000] {logging_mixin.py:190} INFO - [2025-06-27T17:15:42.443+0000] {dag.py:4180} INFO - Setting next_dagrun for latest_only to 2025-06-27 16:00:00+00:00, run_after=2025-06-27 20:00:00+00:00
[2025-06-27T17:15:42.461+0000] {processor.py:208} INFO - Processing /home/airflow/.local/lib/python3.12/site-packages/airflow/example_dags/example_latest_only.py took 0.073 seconds
[2025-06-27T17:16:12.764+0000] {processor.py:186} INFO - Started process (PID=2614) to work on /home/airflow/.local/lib/python3.12/site-packages/airflow/example_dags/example_latest_only.py
[2025-06-27T17:16:12.765+0000] {processor.py:914} INFO - Processing file /home/airflow/.local/lib/python3.12/site-packages/airflow/example_dags/example_latest_only.py for tasks to queue
[2025-06-27T17:16:12.767+0000] {logging_mixin.py:190} INFO - [2025-06-27T17:16:12.767+0000] {dagbag.py:588} INFO - Filling up the DagBag from /home/airflow/.local/lib/python3.12/site-packages/airflow/example_dags/example_latest_only.py
[2025-06-27T17:16:12.774+0000] {processor.py:925} INFO - DAG(s) 'latest_only' retrieved from /home/airflow/.local/lib/python3.12/site-packages/airflow/example_dags/example_latest_only.py
[2025-06-27T17:16:12.792+0000] {logging_mixin.py:190} INFO - [2025-06-27T17:16:12.792+0000] {dag.py:3239} INFO - Sync 1 DAGs
[2025-06-27T17:16:12.814+0000] {logging_mixin.py:190} INFO - [2025-06-27T17:16:12.814+0000] {dag.py:4180} INFO - Setting next_dagrun for latest_only to 2025-06-27 16:00:00+00:00, run_after=2025-06-27 20:00:00+00:00
[2025-06-27T17:16:12.832+0000] {processor.py:208} INFO - Processing /home/airflow/.local/lib/python3.12/site-packages/airflow/example_dags/example_latest_only.py took 0.074 seconds
[2025-06-27T17:16:43.274+0000] {processor.py:186} INFO - Started process (PID=2678) to work on /home/airflow/.local/lib/python3.12/site-packages/airflow/example_dags/example_latest_only.py
[2025-06-27T17:16:43.275+0000] {processor.py:914} INFO - Processing file /home/airflow/.local/lib/python3.12/site-packages/airflow/example_dags/example_latest_only.py for tasks to queue
[2025-06-27T17:16:43.277+0000] {logging_mixin.py:190} INFO - [2025-06-27T17:16:43.277+0000] {dagbag.py:588} INFO - Filling up the DagBag from /home/airflow/.local/lib/python3.12/site-packages/airflow/example_dags/example_latest_only.py
[2025-06-27T17:16:43.284+0000] {processor.py:925} INFO - DAG(s) 'latest_only' retrieved from /home/airflow/.local/lib/python3.12/site-packages/airflow/example_dags/example_latest_only.py
[2025-06-27T17:16:43.300+0000] {logging_mixin.py:190} INFO - [2025-06-27T17:16:43.300+0000] {dag.py:3239} INFO - Sync 1 DAGs
[2025-06-27T17:16:43.320+0000] {logging_mixin.py:190} INFO - [2025-06-27T17:16:43.320+0000] {dag.py:4180} INFO - Setting next_dagrun for latest_only to 2025-06-27 16:00:00+00:00, run_after=2025-06-27 20:00:00+00:00
[2025-06-27T17:16:43.336+0000] {processor.py:208} INFO - Processing /home/airflow/.local/lib/python3.12/site-packages/airflow/example_dags/example_latest_only.py took 0.067 seconds
[2025-06-27T17:17:13.591+0000] {processor.py:186} INFO - Started process (PID=2747) to work on /home/airflow/.local/lib/python3.12/site-packages/airflow/example_dags/example_latest_only.py
[2025-06-27T17:17:13.592+0000] {processor.py:914} INFO - Processing file /home/airflow/.local/lib/python3.12/site-packages/airflow/example_dags/example_latest_only.py for tasks to queue
[2025-06-27T17:17:13.595+0000] {logging_mixin.py:190} INFO - [2025-06-27T17:17:13.594+0000] {dagbag.py:588} INFO - Filling up the DagBag from /home/airflow/.local/lib/python3.12/site-packages/airflow/example_dags/example_latest_only.py
[2025-06-27T17:17:13.602+0000] {processor.py:925} INFO - DAG(s) 'latest_only' retrieved from /home/airflow/.local/lib/python3.12/site-packages/airflow/example_dags/example_latest_only.py
[2025-06-27T17:17:13.620+0000] {logging_mixin.py:190} INFO - [2025-06-27T17:17:13.620+0000] {dag.py:3239} INFO - Sync 1 DAGs
[2025-06-27T17:17:13.641+0000] {logging_mixin.py:190} INFO - [2025-06-27T17:17:13.641+0000] {dag.py:4180} INFO - Setting next_dagrun for latest_only to 2025-06-27 16:00:00+00:00, run_after=2025-06-27 20:00:00+00:00
[2025-06-27T17:17:13.657+0000] {processor.py:208} INFO - Processing /home/airflow/.local/lib/python3.12/site-packages/airflow/example_dags/example_latest_only.py took 0.072 seconds
