[2025-06-27T16:57:56.379+0000] {processor.py:186} INFO - Started process (PID=152) to work on /home/airflow/.local/lib/python3.12/site-packages/airflow/example_dags/example_python_operator.py
[2025-06-27T16:57:56.380+0000] {processor.py:914} INFO - Processing file /home/airflow/.local/lib/python3.12/site-packages/airflow/example_dags/example_python_operator.py for tasks to queue
[2025-06-27T16:57:56.383+0000] {logging_mixin.py:190} INFO - [2025-06-27T16:57:56.382+0000] {dagbag.py:588} INFO - Filling up the DagBag from /home/airflow/.local/lib/python3.12/site-packages/airflow/example_dags/example_python_operator.py
[2025-06-27T16:57:56.395+0000] {processor.py:925} INFO - DAG(s) 'example_python_operator' retrieved from /home/airflow/.local/lib/python3.12/site-packages/airflow/example_dags/example_python_operator.py
[2025-06-27T16:57:56.491+0000] {logging_mixin.py:190} INFO - [2025-06-27T16:57:56.491+0000] {dag.py:3239} INFO - Sync 1 DAGs
[2025-06-27T16:57:56.504+0000] {logging_mixin.py:190} INFO - [2025-06-27T16:57:56.503+0000] {dag.py:4180} INFO - Setting next_dagrun for example_python_operator to None, run_after=None
[2025-06-27T16:57:56.521+0000] {processor.py:208} INFO - Processing /home/airflow/.local/lib/python3.12/site-packages/airflow/example_dags/example_python_operator.py took 0.147 seconds
[2025-06-27T16:58:26.786+0000] {processor.py:186} INFO - Started process (PID=287) to work on /home/airflow/.local/lib/python3.12/site-packages/airflow/example_dags/example_python_operator.py
[2025-06-27T16:58:26.788+0000] {processor.py:914} INFO - Processing file /home/airflow/.local/lib/python3.12/site-packages/airflow/example_dags/example_python_operator.py for tasks to queue
[2025-06-27T16:58:26.790+0000] {logging_mixin.py:190} INFO - [2025-06-27T16:58:26.790+0000] {dagbag.py:588} INFO - Filling up the DagBag from /home/airflow/.local/lib/python3.12/site-packages/airflow/example_dags/example_python_operator.py
[2025-06-27T16:58:26.804+0000] {processor.py:925} INFO - DAG(s) 'example_python_operator' retrieved from /home/airflow/.local/lib/python3.12/site-packages/airflow/example_dags/example_python_operator.py
[2025-06-27T16:58:26.828+0000] {logging_mixin.py:190} INFO - [2025-06-27T16:58:26.827+0000] {dag.py:3239} INFO - Sync 1 DAGs
[2025-06-27T16:58:26.844+0000] {logging_mixin.py:190} INFO - [2025-06-27T16:58:26.843+0000] {dag.py:4180} INFO - Setting next_dagrun for example_python_operator to None, run_after=None
[2025-06-27T16:58:26.872+0000] {processor.py:208} INFO - Processing /home/airflow/.local/lib/python3.12/site-packages/airflow/example_dags/example_python_operator.py took 0.092 seconds
[2025-06-27T16:58:57.006+0000] {processor.py:186} INFO - Started process (PID=366) to work on /home/airflow/.local/lib/python3.12/site-packages/airflow/example_dags/example_python_operator.py
[2025-06-27T16:58:57.007+0000] {processor.py:914} INFO - Processing file /home/airflow/.local/lib/python3.12/site-packages/airflow/example_dags/example_python_operator.py for tasks to queue
[2025-06-27T16:58:57.009+0000] {logging_mixin.py:190} INFO - [2025-06-27T16:58:57.008+0000] {dagbag.py:588} INFO - Filling up the DagBag from /home/airflow/.local/lib/python3.12/site-packages/airflow/example_dags/example_python_operator.py
[2025-06-27T16:58:57.020+0000] {processor.py:925} INFO - DAG(s) 'example_python_operator' retrieved from /home/airflow/.local/lib/python3.12/site-packages/airflow/example_dags/example_python_operator.py
[2025-06-27T16:58:57.039+0000] {logging_mixin.py:190} INFO - [2025-06-27T16:58:57.038+0000] {dag.py:3239} INFO - Sync 1 DAGs
[2025-06-27T16:58:57.051+0000] {logging_mixin.py:190} INFO - [2025-06-27T16:58:57.051+0000] {dag.py:4180} INFO - Setting next_dagrun for example_python_operator to None, run_after=None
[2025-06-27T16:58:57.067+0000] {processor.py:208} INFO - Processing /home/airflow/.local/lib/python3.12/site-packages/airflow/example_dags/example_python_operator.py took 0.066 seconds
[2025-06-27T16:59:27.779+0000] {processor.py:186} INFO - Started process (PID=435) to work on /home/airflow/.local/lib/python3.12/site-packages/airflow/example_dags/example_python_operator.py
[2025-06-27T16:59:27.780+0000] {processor.py:914} INFO - Processing file /home/airflow/.local/lib/python3.12/site-packages/airflow/example_dags/example_python_operator.py for tasks to queue
[2025-06-27T16:59:27.782+0000] {logging_mixin.py:190} INFO - [2025-06-27T16:59:27.781+0000] {dagbag.py:588} INFO - Filling up the DagBag from /home/airflow/.local/lib/python3.12/site-packages/airflow/example_dags/example_python_operator.py
[2025-06-27T16:59:27.793+0000] {processor.py:925} INFO - DAG(s) 'example_python_operator' retrieved from /home/airflow/.local/lib/python3.12/site-packages/airflow/example_dags/example_python_operator.py
[2025-06-27T16:59:27.811+0000] {logging_mixin.py:190} INFO - [2025-06-27T16:59:27.810+0000] {dag.py:3239} INFO - Sync 1 DAGs
[2025-06-27T16:59:27.823+0000] {logging_mixin.py:190} INFO - [2025-06-27T16:59:27.823+0000] {dag.py:4180} INFO - Setting next_dagrun for example_python_operator to None, run_after=None
[2025-06-27T16:59:27.841+0000] {processor.py:208} INFO - Processing /home/airflow/.local/lib/python3.12/site-packages/airflow/example_dags/example_python_operator.py took 0.067 seconds
[2025-06-27T16:59:58.346+0000] {processor.py:186} INFO - Started process (PID=499) to work on /home/airflow/.local/lib/python3.12/site-packages/airflow/example_dags/example_python_operator.py
[2025-06-27T16:59:58.347+0000] {processor.py:914} INFO - Processing file /home/airflow/.local/lib/python3.12/site-packages/airflow/example_dags/example_python_operator.py for tasks to queue
[2025-06-27T16:59:58.349+0000] {logging_mixin.py:190} INFO - [2025-06-27T16:59:58.349+0000] {dagbag.py:588} INFO - Filling up the DagBag from /home/airflow/.local/lib/python3.12/site-packages/airflow/example_dags/example_python_operator.py
[2025-06-27T16:59:58.361+0000] {processor.py:925} INFO - DAG(s) 'example_python_operator' retrieved from /home/airflow/.local/lib/python3.12/site-packages/airflow/example_dags/example_python_operator.py
[2025-06-27T16:59:58.379+0000] {logging_mixin.py:190} INFO - [2025-06-27T16:59:58.379+0000] {dag.py:3239} INFO - Sync 1 DAGs
[2025-06-27T16:59:58.391+0000] {logging_mixin.py:190} INFO - [2025-06-27T16:59:58.391+0000] {dag.py:4180} INFO - Setting next_dagrun for example_python_operator to None, run_after=None
[2025-06-27T16:59:58.408+0000] {processor.py:208} INFO - Processing /home/airflow/.local/lib/python3.12/site-packages/airflow/example_dags/example_python_operator.py took 0.067 seconds
[2025-06-27T17:00:28.874+0000] {processor.py:186} INFO - Started process (PID=569) to work on /home/airflow/.local/lib/python3.12/site-packages/airflow/example_dags/example_python_operator.py
[2025-06-27T17:00:28.875+0000] {processor.py:914} INFO - Processing file /home/airflow/.local/lib/python3.12/site-packages/airflow/example_dags/example_python_operator.py for tasks to queue
[2025-06-27T17:00:28.877+0000] {logging_mixin.py:190} INFO - [2025-06-27T17:00:28.876+0000] {dagbag.py:588} INFO - Filling up the DagBag from /home/airflow/.local/lib/python3.12/site-packages/airflow/example_dags/example_python_operator.py
[2025-06-27T17:00:28.887+0000] {processor.py:925} INFO - DAG(s) 'example_python_operator' retrieved from /home/airflow/.local/lib/python3.12/site-packages/airflow/example_dags/example_python_operator.py
[2025-06-27T17:00:28.905+0000] {logging_mixin.py:190} INFO - [2025-06-27T17:00:28.905+0000] {dag.py:3239} INFO - Sync 1 DAGs
[2025-06-27T17:00:28.918+0000] {logging_mixin.py:190} INFO - [2025-06-27T17:00:28.918+0000] {dag.py:4180} INFO - Setting next_dagrun for example_python_operator to None, run_after=None
[2025-06-27T17:00:28.935+0000] {processor.py:208} INFO - Processing /home/airflow/.local/lib/python3.12/site-packages/airflow/example_dags/example_python_operator.py took 0.067 seconds
[2025-06-27T17:01:00.491+0000] {processor.py:186} INFO - Started process (PID=638) to work on /home/airflow/.local/lib/python3.12/site-packages/airflow/example_dags/example_python_operator.py
[2025-06-27T17:01:00.493+0000] {processor.py:914} INFO - Processing file /home/airflow/.local/lib/python3.12/site-packages/airflow/example_dags/example_python_operator.py for tasks to queue
[2025-06-27T17:01:00.497+0000] {logging_mixin.py:190} INFO - [2025-06-27T17:01:00.497+0000] {dagbag.py:588} INFO - Filling up the DagBag from /home/airflow/.local/lib/python3.12/site-packages/airflow/example_dags/example_python_operator.py
[2025-06-27T17:01:00.512+0000] {processor.py:925} INFO - DAG(s) 'example_python_operator' retrieved from /home/airflow/.local/lib/python3.12/site-packages/airflow/example_dags/example_python_operator.py
[2025-06-27T17:01:00.539+0000] {logging_mixin.py:190} INFO - [2025-06-27T17:01:00.539+0000] {dag.py:3239} INFO - Sync 1 DAGs
[2025-06-27T17:01:00.559+0000] {logging_mixin.py:190} INFO - [2025-06-27T17:01:00.559+0000] {dag.py:4180} INFO - Setting next_dagrun for example_python_operator to None, run_after=None
[2025-06-27T17:01:00.586+0000] {processor.py:208} INFO - Processing /home/airflow/.local/lib/python3.12/site-packages/airflow/example_dags/example_python_operator.py took 0.104 seconds
[2025-06-27T17:01:33.424+0000] {processor.py:186} INFO - Started process (PID=702) to work on /home/airflow/.local/lib/python3.12/site-packages/airflow/example_dags/example_python_operator.py
[2025-06-27T17:01:33.425+0000] {processor.py:914} INFO - Processing file /home/airflow/.local/lib/python3.12/site-packages/airflow/example_dags/example_python_operator.py for tasks to queue
[2025-06-27T17:01:33.427+0000] {logging_mixin.py:190} INFO - [2025-06-27T17:01:33.426+0000] {dagbag.py:588} INFO - Filling up the DagBag from /home/airflow/.local/lib/python3.12/site-packages/airflow/example_dags/example_python_operator.py
[2025-06-27T17:01:33.440+0000] {processor.py:925} INFO - DAG(s) 'example_python_operator' retrieved from /home/airflow/.local/lib/python3.12/site-packages/airflow/example_dags/example_python_operator.py
[2025-06-27T17:01:33.458+0000] {logging_mixin.py:190} INFO - [2025-06-27T17:01:33.458+0000] {dag.py:3239} INFO - Sync 1 DAGs
[2025-06-27T17:01:33.471+0000] {logging_mixin.py:190} INFO - [2025-06-27T17:01:33.471+0000] {dag.py:4180} INFO - Setting next_dagrun for example_python_operator to None, run_after=None
[2025-06-27T17:01:33.492+0000] {processor.py:208} INFO - Processing /home/airflow/.local/lib/python3.12/site-packages/airflow/example_dags/example_python_operator.py took 0.074 seconds
[2025-06-27T17:02:04.641+0000] {processor.py:186} INFO - Started process (PID=772) to work on /home/airflow/.local/lib/python3.12/site-packages/airflow/example_dags/example_python_operator.py
[2025-06-27T17:02:04.642+0000] {processor.py:914} INFO - Processing file /home/airflow/.local/lib/python3.12/site-packages/airflow/example_dags/example_python_operator.py for tasks to queue
[2025-06-27T17:02:04.644+0000] {logging_mixin.py:190} INFO - [2025-06-27T17:02:04.644+0000] {dagbag.py:588} INFO - Filling up the DagBag from /home/airflow/.local/lib/python3.12/site-packages/airflow/example_dags/example_python_operator.py
[2025-06-27T17:02:04.655+0000] {processor.py:925} INFO - DAG(s) 'example_python_operator' retrieved from /home/airflow/.local/lib/python3.12/site-packages/airflow/example_dags/example_python_operator.py
[2025-06-27T17:02:04.674+0000] {logging_mixin.py:190} INFO - [2025-06-27T17:02:04.674+0000] {dag.py:3239} INFO - Sync 1 DAGs
[2025-06-27T17:02:04.689+0000] {logging_mixin.py:190} INFO - [2025-06-27T17:02:04.689+0000] {dag.py:4180} INFO - Setting next_dagrun for example_python_operator to None, run_after=None
[2025-06-27T17:02:04.706+0000] {processor.py:208} INFO - Processing /home/airflow/.local/lib/python3.12/site-packages/airflow/example_dags/example_python_operator.py took 0.071 seconds
[2025-06-27T17:02:35.304+0000] {processor.py:186} INFO - Started process (PID=836) to work on /home/airflow/.local/lib/python3.12/site-packages/airflow/example_dags/example_python_operator.py
[2025-06-27T17:02:35.305+0000] {processor.py:914} INFO - Processing file /home/airflow/.local/lib/python3.12/site-packages/airflow/example_dags/example_python_operator.py for tasks to queue
[2025-06-27T17:02:35.307+0000] {logging_mixin.py:190} INFO - [2025-06-27T17:02:35.307+0000] {dagbag.py:588} INFO - Filling up the DagBag from /home/airflow/.local/lib/python3.12/site-packages/airflow/example_dags/example_python_operator.py
[2025-06-27T17:02:35.318+0000] {processor.py:925} INFO - DAG(s) 'example_python_operator' retrieved from /home/airflow/.local/lib/python3.12/site-packages/airflow/example_dags/example_python_operator.py
[2025-06-27T17:02:35.337+0000] {logging_mixin.py:190} INFO - [2025-06-27T17:02:35.337+0000] {dag.py:3239} INFO - Sync 1 DAGs
[2025-06-27T17:02:35.350+0000] {logging_mixin.py:190} INFO - [2025-06-27T17:02:35.350+0000] {dag.py:4180} INFO - Setting next_dagrun for example_python_operator to None, run_after=None
[2025-06-27T17:02:35.367+0000] {processor.py:208} INFO - Processing /home/airflow/.local/lib/python3.12/site-packages/airflow/example_dags/example_python_operator.py took 0.068 seconds
[2025-06-27T17:03:05.792+0000] {processor.py:186} INFO - Started process (PID=905) to work on /home/airflow/.local/lib/python3.12/site-packages/airflow/example_dags/example_python_operator.py
[2025-06-27T17:03:05.793+0000] {processor.py:914} INFO - Processing file /home/airflow/.local/lib/python3.12/site-packages/airflow/example_dags/example_python_operator.py for tasks to queue
[2025-06-27T17:03:05.796+0000] {logging_mixin.py:190} INFO - [2025-06-27T17:03:05.795+0000] {dagbag.py:588} INFO - Filling up the DagBag from /home/airflow/.local/lib/python3.12/site-packages/airflow/example_dags/example_python_operator.py
[2025-06-27T17:03:05.808+0000] {processor.py:925} INFO - DAG(s) 'example_python_operator' retrieved from /home/airflow/.local/lib/python3.12/site-packages/airflow/example_dags/example_python_operator.py
[2025-06-27T17:03:05.827+0000] {logging_mixin.py:190} INFO - [2025-06-27T17:03:05.827+0000] {dag.py:3239} INFO - Sync 1 DAGs
[2025-06-27T17:03:05.843+0000] {logging_mixin.py:190} INFO - [2025-06-27T17:03:05.842+0000] {dag.py:4180} INFO - Setting next_dagrun for example_python_operator to None, run_after=None
[2025-06-27T17:03:05.866+0000] {processor.py:208} INFO - Processing /home/airflow/.local/lib/python3.12/site-packages/airflow/example_dags/example_python_operator.py took 0.079 seconds
[2025-06-27T17:03:36.076+0000] {processor.py:186} INFO - Started process (PID=968) to work on /home/airflow/.local/lib/python3.12/site-packages/airflow/example_dags/example_python_operator.py
[2025-06-27T17:03:36.077+0000] {processor.py:914} INFO - Processing file /home/airflow/.local/lib/python3.12/site-packages/airflow/example_dags/example_python_operator.py for tasks to queue
[2025-06-27T17:03:36.080+0000] {logging_mixin.py:190} INFO - [2025-06-27T17:03:36.080+0000] {dagbag.py:588} INFO - Filling up the DagBag from /home/airflow/.local/lib/python3.12/site-packages/airflow/example_dags/example_python_operator.py
[2025-06-27T17:03:36.091+0000] {processor.py:925} INFO - DAG(s) 'example_python_operator' retrieved from /home/airflow/.local/lib/python3.12/site-packages/airflow/example_dags/example_python_operator.py
[2025-06-27T17:03:36.111+0000] {logging_mixin.py:190} INFO - [2025-06-27T17:03:36.110+0000] {dag.py:3239} INFO - Sync 1 DAGs
[2025-06-27T17:03:36.123+0000] {logging_mixin.py:190} INFO - [2025-06-27T17:03:36.123+0000] {dag.py:4180} INFO - Setting next_dagrun for example_python_operator to None, run_after=None
[2025-06-27T17:03:36.139+0000] {processor.py:208} INFO - Processing /home/airflow/.local/lib/python3.12/site-packages/airflow/example_dags/example_python_operator.py took 0.070 seconds
[2025-06-27T17:04:06.327+0000] {processor.py:186} INFO - Started process (PID=1038) to work on /home/airflow/.local/lib/python3.12/site-packages/airflow/example_dags/example_python_operator.py
[2025-06-27T17:04:06.328+0000] {processor.py:914} INFO - Processing file /home/airflow/.local/lib/python3.12/site-packages/airflow/example_dags/example_python_operator.py for tasks to queue
[2025-06-27T17:04:06.330+0000] {logging_mixin.py:190} INFO - [2025-06-27T17:04:06.330+0000] {dagbag.py:588} INFO - Filling up the DagBag from /home/airflow/.local/lib/python3.12/site-packages/airflow/example_dags/example_python_operator.py
[2025-06-27T17:04:06.344+0000] {processor.py:925} INFO - DAG(s) 'example_python_operator' retrieved from /home/airflow/.local/lib/python3.12/site-packages/airflow/example_dags/example_python_operator.py
[2025-06-27T17:04:06.362+0000] {logging_mixin.py:190} INFO - [2025-06-27T17:04:06.362+0000] {dag.py:3239} INFO - Sync 1 DAGs
[2025-06-27T17:04:06.375+0000] {logging_mixin.py:190} INFO - [2025-06-27T17:04:06.375+0000] {dag.py:4180} INFO - Setting next_dagrun for example_python_operator to None, run_after=None
[2025-06-27T17:04:06.392+0000] {processor.py:208} INFO - Processing /home/airflow/.local/lib/python3.12/site-packages/airflow/example_dags/example_python_operator.py took 0.070 seconds
[2025-06-27T17:04:36.854+0000] {processor.py:186} INFO - Started process (PID=1102) to work on /home/airflow/.local/lib/python3.12/site-packages/airflow/example_dags/example_python_operator.py
[2025-06-27T17:04:36.855+0000] {processor.py:914} INFO - Processing file /home/airflow/.local/lib/python3.12/site-packages/airflow/example_dags/example_python_operator.py for tasks to queue
[2025-06-27T17:04:36.858+0000] {logging_mixin.py:190} INFO - [2025-06-27T17:04:36.857+0000] {dagbag.py:588} INFO - Filling up the DagBag from /home/airflow/.local/lib/python3.12/site-packages/airflow/example_dags/example_python_operator.py
[2025-06-27T17:04:36.869+0000] {processor.py:925} INFO - DAG(s) 'example_python_operator' retrieved from /home/airflow/.local/lib/python3.12/site-packages/airflow/example_dags/example_python_operator.py
[2025-06-27T17:04:36.887+0000] {logging_mixin.py:190} INFO - [2025-06-27T17:04:36.887+0000] {dag.py:3239} INFO - Sync 1 DAGs
[2025-06-27T17:04:36.899+0000] {logging_mixin.py:190} INFO - [2025-06-27T17:04:36.899+0000] {dag.py:4180} INFO - Setting next_dagrun for example_python_operator to None, run_after=None
[2025-06-27T17:04:36.917+0000] {processor.py:208} INFO - Processing /home/airflow/.local/lib/python3.12/site-packages/airflow/example_dags/example_python_operator.py took 0.068 seconds
[2025-06-27T17:05:07.047+0000] {processor.py:186} INFO - Started process (PID=1170) to work on /home/airflow/.local/lib/python3.12/site-packages/airflow/example_dags/example_python_operator.py
[2025-06-27T17:05:07.048+0000] {processor.py:914} INFO - Processing file /home/airflow/.local/lib/python3.12/site-packages/airflow/example_dags/example_python_operator.py for tasks to queue
[2025-06-27T17:05:07.051+0000] {logging_mixin.py:190} INFO - [2025-06-27T17:05:07.051+0000] {dagbag.py:588} INFO - Filling up the DagBag from /home/airflow/.local/lib/python3.12/site-packages/airflow/example_dags/example_python_operator.py
[2025-06-27T17:05:07.064+0000] {processor.py:925} INFO - DAG(s) 'example_python_operator' retrieved from /home/airflow/.local/lib/python3.12/site-packages/airflow/example_dags/example_python_operator.py
[2025-06-27T17:05:07.082+0000] {logging_mixin.py:190} INFO - [2025-06-27T17:05:07.082+0000] {dag.py:3239} INFO - Sync 1 DAGs
[2025-06-27T17:05:07.095+0000] {logging_mixin.py:190} INFO - [2025-06-27T17:05:07.094+0000] {dag.py:4180} INFO - Setting next_dagrun for example_python_operator to None, run_after=None
[2025-06-27T17:05:07.113+0000] {processor.py:208} INFO - Processing /home/airflow/.local/lib/python3.12/site-packages/airflow/example_dags/example_python_operator.py took 0.072 seconds
[2025-06-27T17:05:37.225+0000] {processor.py:186} INFO - Started process (PID=1234) to work on /home/airflow/.local/lib/python3.12/site-packages/airflow/example_dags/example_python_operator.py
[2025-06-27T17:05:37.226+0000] {processor.py:914} INFO - Processing file /home/airflow/.local/lib/python3.12/site-packages/airflow/example_dags/example_python_operator.py for tasks to queue
[2025-06-27T17:05:37.228+0000] {logging_mixin.py:190} INFO - [2025-06-27T17:05:37.228+0000] {dagbag.py:588} INFO - Filling up the DagBag from /home/airflow/.local/lib/python3.12/site-packages/airflow/example_dags/example_python_operator.py
[2025-06-27T17:05:37.242+0000] {processor.py:925} INFO - DAG(s) 'example_python_operator' retrieved from /home/airflow/.local/lib/python3.12/site-packages/airflow/example_dags/example_python_operator.py
[2025-06-27T17:05:37.263+0000] {logging_mixin.py:190} INFO - [2025-06-27T17:05:37.263+0000] {dag.py:3239} INFO - Sync 1 DAGs
[2025-06-27T17:05:37.278+0000] {logging_mixin.py:190} INFO - [2025-06-27T17:05:37.278+0000] {dag.py:4180} INFO - Setting next_dagrun for example_python_operator to None, run_after=None
[2025-06-27T17:05:37.295+0000] {processor.py:208} INFO - Processing /home/airflow/.local/lib/python3.12/site-packages/airflow/example_dags/example_python_operator.py took 0.077 seconds
[2025-06-27T17:06:07.546+0000] {processor.py:186} INFO - Started process (PID=1304) to work on /home/airflow/.local/lib/python3.12/site-packages/airflow/example_dags/example_python_operator.py
[2025-06-27T17:06:07.547+0000] {processor.py:914} INFO - Processing file /home/airflow/.local/lib/python3.12/site-packages/airflow/example_dags/example_python_operator.py for tasks to queue
[2025-06-27T17:06:07.549+0000] {logging_mixin.py:190} INFO - [2025-06-27T17:06:07.549+0000] {dagbag.py:588} INFO - Filling up the DagBag from /home/airflow/.local/lib/python3.12/site-packages/airflow/example_dags/example_python_operator.py
[2025-06-27T17:06:07.560+0000] {processor.py:925} INFO - DAG(s) 'example_python_operator' retrieved from /home/airflow/.local/lib/python3.12/site-packages/airflow/example_dags/example_python_operator.py
[2025-06-27T17:06:07.580+0000] {logging_mixin.py:190} INFO - [2025-06-27T17:06:07.579+0000] {dag.py:3239} INFO - Sync 1 DAGs
[2025-06-27T17:06:07.592+0000] {logging_mixin.py:190} INFO - [2025-06-27T17:06:07.592+0000] {dag.py:4180} INFO - Setting next_dagrun for example_python_operator to None, run_after=None
[2025-06-27T17:06:07.610+0000] {processor.py:208} INFO - Processing /home/airflow/.local/lib/python3.12/site-packages/airflow/example_dags/example_python_operator.py took 0.069 seconds
[2025-06-27T17:06:37.681+0000] {processor.py:186} INFO - Started process (PID=1368) to work on /home/airflow/.local/lib/python3.12/site-packages/airflow/example_dags/example_python_operator.py
[2025-06-27T17:06:37.682+0000] {processor.py:914} INFO - Processing file /home/airflow/.local/lib/python3.12/site-packages/airflow/example_dags/example_python_operator.py for tasks to queue
[2025-06-27T17:06:37.684+0000] {logging_mixin.py:190} INFO - [2025-06-27T17:06:37.684+0000] {dagbag.py:588} INFO - Filling up the DagBag from /home/airflow/.local/lib/python3.12/site-packages/airflow/example_dags/example_python_operator.py
[2025-06-27T17:06:37.695+0000] {processor.py:925} INFO - DAG(s) 'example_python_operator' retrieved from /home/airflow/.local/lib/python3.12/site-packages/airflow/example_dags/example_python_operator.py
[2025-06-27T17:06:37.714+0000] {logging_mixin.py:190} INFO - [2025-06-27T17:06:37.714+0000] {dag.py:3239} INFO - Sync 1 DAGs
[2025-06-27T17:06:37.730+0000] {logging_mixin.py:190} INFO - [2025-06-27T17:06:37.729+0000] {dag.py:4180} INFO - Setting next_dagrun for example_python_operator to None, run_after=None
[2025-06-27T17:06:37.749+0000] {processor.py:208} INFO - Processing /home/airflow/.local/lib/python3.12/site-packages/airflow/example_dags/example_python_operator.py took 0.073 seconds
[2025-06-27T17:07:07.927+0000] {processor.py:186} INFO - Started process (PID=1437) to work on /home/airflow/.local/lib/python3.12/site-packages/airflow/example_dags/example_python_operator.py
[2025-06-27T17:07:07.928+0000] {processor.py:914} INFO - Processing file /home/airflow/.local/lib/python3.12/site-packages/airflow/example_dags/example_python_operator.py for tasks to queue
[2025-06-27T17:07:07.930+0000] {logging_mixin.py:190} INFO - [2025-06-27T17:07:07.930+0000] {dagbag.py:588} INFO - Filling up the DagBag from /home/airflow/.local/lib/python3.12/site-packages/airflow/example_dags/example_python_operator.py
[2025-06-27T17:07:07.943+0000] {processor.py:925} INFO - DAG(s) 'example_python_operator' retrieved from /home/airflow/.local/lib/python3.12/site-packages/airflow/example_dags/example_python_operator.py
[2025-06-27T17:07:07.964+0000] {logging_mixin.py:190} INFO - [2025-06-27T17:07:07.964+0000] {dag.py:3239} INFO - Sync 1 DAGs
[2025-06-27T17:07:07.978+0000] {logging_mixin.py:190} INFO - [2025-06-27T17:07:07.977+0000] {dag.py:4180} INFO - Setting next_dagrun for example_python_operator to None, run_after=None
[2025-06-27T17:07:07.996+0000] {processor.py:208} INFO - Processing /home/airflow/.local/lib/python3.12/site-packages/airflow/example_dags/example_python_operator.py took 0.075 seconds
[2025-06-27T17:07:38.657+0000] {processor.py:186} INFO - Started process (PID=1501) to work on /home/airflow/.local/lib/python3.12/site-packages/airflow/example_dags/example_python_operator.py
[2025-06-27T17:07:38.659+0000] {processor.py:914} INFO - Processing file /home/airflow/.local/lib/python3.12/site-packages/airflow/example_dags/example_python_operator.py for tasks to queue
[2025-06-27T17:07:38.661+0000] {logging_mixin.py:190} INFO - [2025-06-27T17:07:38.661+0000] {dagbag.py:588} INFO - Filling up the DagBag from /home/airflow/.local/lib/python3.12/site-packages/airflow/example_dags/example_python_operator.py
[2025-06-27T17:07:38.673+0000] {processor.py:925} INFO - DAG(s) 'example_python_operator' retrieved from /home/airflow/.local/lib/python3.12/site-packages/airflow/example_dags/example_python_operator.py
[2025-06-27T17:07:38.692+0000] {logging_mixin.py:190} INFO - [2025-06-27T17:07:38.692+0000] {dag.py:3239} INFO - Sync 1 DAGs
[2025-06-27T17:07:38.706+0000] {logging_mixin.py:190} INFO - [2025-06-27T17:07:38.706+0000] {dag.py:4180} INFO - Setting next_dagrun for example_python_operator to None, run_after=None
[2025-06-27T17:07:38.722+0000] {processor.py:208} INFO - Processing /home/airflow/.local/lib/python3.12/site-packages/airflow/example_dags/example_python_operator.py took 0.071 seconds
[2025-06-27T17:08:09.356+0000] {processor.py:186} INFO - Started process (PID=1571) to work on /home/airflow/.local/lib/python3.12/site-packages/airflow/example_dags/example_python_operator.py
[2025-06-27T17:08:09.357+0000] {processor.py:914} INFO - Processing file /home/airflow/.local/lib/python3.12/site-packages/airflow/example_dags/example_python_operator.py for tasks to queue
[2025-06-27T17:08:09.360+0000] {logging_mixin.py:190} INFO - [2025-06-27T17:08:09.359+0000] {dagbag.py:588} INFO - Filling up the DagBag from /home/airflow/.local/lib/python3.12/site-packages/airflow/example_dags/example_python_operator.py
[2025-06-27T17:08:09.371+0000] {processor.py:925} INFO - DAG(s) 'example_python_operator' retrieved from /home/airflow/.local/lib/python3.12/site-packages/airflow/example_dags/example_python_operator.py
[2025-06-27T17:08:09.390+0000] {logging_mixin.py:190} INFO - [2025-06-27T17:08:09.390+0000] {dag.py:3239} INFO - Sync 1 DAGs
[2025-06-27T17:08:09.404+0000] {logging_mixin.py:190} INFO - [2025-06-27T17:08:09.403+0000] {dag.py:4180} INFO - Setting next_dagrun for example_python_operator to None, run_after=None
[2025-06-27T17:08:09.421+0000] {processor.py:208} INFO - Processing /home/airflow/.local/lib/python3.12/site-packages/airflow/example_dags/example_python_operator.py took 0.070 seconds
[2025-06-27T17:08:39.627+0000] {processor.py:186} INFO - Started process (PID=1635) to work on /home/airflow/.local/lib/python3.12/site-packages/airflow/example_dags/example_python_operator.py
[2025-06-27T17:08:39.628+0000] {processor.py:914} INFO - Processing file /home/airflow/.local/lib/python3.12/site-packages/airflow/example_dags/example_python_operator.py for tasks to queue
[2025-06-27T17:08:39.630+0000] {logging_mixin.py:190} INFO - [2025-06-27T17:08:39.630+0000] {dagbag.py:588} INFO - Filling up the DagBag from /home/airflow/.local/lib/python3.12/site-packages/airflow/example_dags/example_python_operator.py
[2025-06-27T17:08:39.642+0000] {processor.py:925} INFO - DAG(s) 'example_python_operator' retrieved from /home/airflow/.local/lib/python3.12/site-packages/airflow/example_dags/example_python_operator.py
[2025-06-27T17:08:39.660+0000] {logging_mixin.py:190} INFO - [2025-06-27T17:08:39.660+0000] {dag.py:3239} INFO - Sync 1 DAGs
[2025-06-27T17:08:39.673+0000] {logging_mixin.py:190} INFO - [2025-06-27T17:08:39.672+0000] {dag.py:4180} INFO - Setting next_dagrun for example_python_operator to None, run_after=None
[2025-06-27T17:08:39.690+0000] {processor.py:208} INFO - Processing /home/airflow/.local/lib/python3.12/site-packages/airflow/example_dags/example_python_operator.py took 0.068 seconds
[2025-06-27T17:09:10.200+0000] {processor.py:186} INFO - Started process (PID=1705) to work on /home/airflow/.local/lib/python3.12/site-packages/airflow/example_dags/example_python_operator.py
[2025-06-27T17:09:10.202+0000] {processor.py:914} INFO - Processing file /home/airflow/.local/lib/python3.12/site-packages/airflow/example_dags/example_python_operator.py for tasks to queue
[2025-06-27T17:09:10.204+0000] {logging_mixin.py:190} INFO - [2025-06-27T17:09:10.204+0000] {dagbag.py:588} INFO - Filling up the DagBag from /home/airflow/.local/lib/python3.12/site-packages/airflow/example_dags/example_python_operator.py
[2025-06-27T17:09:10.216+0000] {processor.py:925} INFO - DAG(s) 'example_python_operator' retrieved from /home/airflow/.local/lib/python3.12/site-packages/airflow/example_dags/example_python_operator.py
[2025-06-27T17:09:10.236+0000] {logging_mixin.py:190} INFO - [2025-06-27T17:09:10.236+0000] {dag.py:3239} INFO - Sync 1 DAGs
[2025-06-27T17:09:10.249+0000] {logging_mixin.py:190} INFO - [2025-06-27T17:09:10.249+0000] {dag.py:4180} INFO - Setting next_dagrun for example_python_operator to None, run_after=None
[2025-06-27T17:09:10.266+0000] {processor.py:208} INFO - Processing /home/airflow/.local/lib/python3.12/site-packages/airflow/example_dags/example_python_operator.py took 0.072 seconds
[2025-06-27T17:09:40.437+0000] {processor.py:186} INFO - Started process (PID=1768) to work on /home/airflow/.local/lib/python3.12/site-packages/airflow/example_dags/example_python_operator.py
[2025-06-27T17:09:40.438+0000] {processor.py:914} INFO - Processing file /home/airflow/.local/lib/python3.12/site-packages/airflow/example_dags/example_python_operator.py for tasks to queue
[2025-06-27T17:09:40.440+0000] {logging_mixin.py:190} INFO - [2025-06-27T17:09:40.440+0000] {dagbag.py:588} INFO - Filling up the DagBag from /home/airflow/.local/lib/python3.12/site-packages/airflow/example_dags/example_python_operator.py
[2025-06-27T17:09:40.451+0000] {processor.py:925} INFO - DAG(s) 'example_python_operator' retrieved from /home/airflow/.local/lib/python3.12/site-packages/airflow/example_dags/example_python_operator.py
[2025-06-27T17:09:40.472+0000] {logging_mixin.py:190} INFO - [2025-06-27T17:09:40.472+0000] {dag.py:3239} INFO - Sync 1 DAGs
[2025-06-27T17:09:40.485+0000] {logging_mixin.py:190} INFO - [2025-06-27T17:09:40.485+0000] {dag.py:4180} INFO - Setting next_dagrun for example_python_operator to None, run_after=None
[2025-06-27T17:09:40.502+0000] {processor.py:208} INFO - Processing /home/airflow/.local/lib/python3.12/site-packages/airflow/example_dags/example_python_operator.py took 0.071 seconds
[2025-06-27T17:10:11.099+0000] {processor.py:186} INFO - Started process (PID=1839) to work on /home/airflow/.local/lib/python3.12/site-packages/airflow/example_dags/example_python_operator.py
[2025-06-27T17:10:11.100+0000] {processor.py:914} INFO - Processing file /home/airflow/.local/lib/python3.12/site-packages/airflow/example_dags/example_python_operator.py for tasks to queue
[2025-06-27T17:10:11.102+0000] {logging_mixin.py:190} INFO - [2025-06-27T17:10:11.102+0000] {dagbag.py:588} INFO - Filling up the DagBag from /home/airflow/.local/lib/python3.12/site-packages/airflow/example_dags/example_python_operator.py
[2025-06-27T17:10:11.113+0000] {processor.py:925} INFO - DAG(s) 'example_python_operator' retrieved from /home/airflow/.local/lib/python3.12/site-packages/airflow/example_dags/example_python_operator.py
[2025-06-27T17:10:11.133+0000] {logging_mixin.py:190} INFO - [2025-06-27T17:10:11.132+0000] {dag.py:3239} INFO - Sync 1 DAGs
[2025-06-27T17:10:11.146+0000] {logging_mixin.py:190} INFO - [2025-06-27T17:10:11.146+0000] {dag.py:4180} INFO - Setting next_dagrun for example_python_operator to None, run_after=None
[2025-06-27T17:10:11.165+0000] {processor.py:208} INFO - Processing /home/airflow/.local/lib/python3.12/site-packages/airflow/example_dags/example_python_operator.py took 0.071 seconds
[2025-06-27T17:10:41.481+0000] {processor.py:186} INFO - Started process (PID=1903) to work on /home/airflow/.local/lib/python3.12/site-packages/airflow/example_dags/example_python_operator.py
[2025-06-27T17:10:41.482+0000] {processor.py:914} INFO - Processing file /home/airflow/.local/lib/python3.12/site-packages/airflow/example_dags/example_python_operator.py for tasks to queue
[2025-06-27T17:10:41.485+0000] {logging_mixin.py:190} INFO - [2025-06-27T17:10:41.484+0000] {dagbag.py:588} INFO - Filling up the DagBag from /home/airflow/.local/lib/python3.12/site-packages/airflow/example_dags/example_python_operator.py
[2025-06-27T17:10:41.496+0000] {processor.py:925} INFO - DAG(s) 'example_python_operator' retrieved from /home/airflow/.local/lib/python3.12/site-packages/airflow/example_dags/example_python_operator.py
[2025-06-27T17:10:41.515+0000] {logging_mixin.py:190} INFO - [2025-06-27T17:10:41.514+0000] {dag.py:3239} INFO - Sync 1 DAGs
[2025-06-27T17:10:41.527+0000] {logging_mixin.py:190} INFO - [2025-06-27T17:10:41.527+0000] {dag.py:4180} INFO - Setting next_dagrun for example_python_operator to None, run_after=None
[2025-06-27T17:10:41.547+0000] {processor.py:208} INFO - Processing /home/airflow/.local/lib/python3.12/site-packages/airflow/example_dags/example_python_operator.py took 0.070 seconds
[2025-06-27T17:11:11.998+0000] {processor.py:186} INFO - Started process (PID=1972) to work on /home/airflow/.local/lib/python3.12/site-packages/airflow/example_dags/example_python_operator.py
[2025-06-27T17:11:11.999+0000] {processor.py:914} INFO - Processing file /home/airflow/.local/lib/python3.12/site-packages/airflow/example_dags/example_python_operator.py for tasks to queue
[2025-06-27T17:11:12.001+0000] {logging_mixin.py:190} INFO - [2025-06-27T17:11:12.001+0000] {dagbag.py:588} INFO - Filling up the DagBag from /home/airflow/.local/lib/python3.12/site-packages/airflow/example_dags/example_python_operator.py
[2025-06-27T17:11:12.012+0000] {processor.py:925} INFO - DAG(s) 'example_python_operator' retrieved from /home/airflow/.local/lib/python3.12/site-packages/airflow/example_dags/example_python_operator.py
[2025-06-27T17:11:12.031+0000] {logging_mixin.py:190} INFO - [2025-06-27T17:11:12.031+0000] {dag.py:3239} INFO - Sync 1 DAGs
[2025-06-27T17:11:12.043+0000] {logging_mixin.py:190} INFO - [2025-06-27T17:11:12.043+0000] {dag.py:4180} INFO - Setting next_dagrun for example_python_operator to None, run_after=None
[2025-06-27T17:11:12.060+0000] {processor.py:208} INFO - Processing /home/airflow/.local/lib/python3.12/site-packages/airflow/example_dags/example_python_operator.py took 0.067 seconds
[2025-06-27T17:11:42.152+0000] {processor.py:186} INFO - Started process (PID=2035) to work on /home/airflow/.local/lib/python3.12/site-packages/airflow/example_dags/example_python_operator.py
[2025-06-27T17:11:42.153+0000] {processor.py:914} INFO - Processing file /home/airflow/.local/lib/python3.12/site-packages/airflow/example_dags/example_python_operator.py for tasks to queue
[2025-06-27T17:11:42.156+0000] {logging_mixin.py:190} INFO - [2025-06-27T17:11:42.156+0000] {dagbag.py:588} INFO - Filling up the DagBag from /home/airflow/.local/lib/python3.12/site-packages/airflow/example_dags/example_python_operator.py
[2025-06-27T17:11:42.171+0000] {processor.py:925} INFO - DAG(s) 'example_python_operator' retrieved from /home/airflow/.local/lib/python3.12/site-packages/airflow/example_dags/example_python_operator.py
[2025-06-27T17:11:42.195+0000] {logging_mixin.py:190} INFO - [2025-06-27T17:11:42.195+0000] {dag.py:3239} INFO - Sync 1 DAGs
[2025-06-27T17:11:42.212+0000] {logging_mixin.py:190} INFO - [2025-06-27T17:11:42.212+0000] {dag.py:4180} INFO - Setting next_dagrun for example_python_operator to None, run_after=None
[2025-06-27T17:11:42.233+0000] {processor.py:208} INFO - Processing /home/airflow/.local/lib/python3.12/site-packages/airflow/example_dags/example_python_operator.py took 0.087 seconds
[2025-06-27T17:12:12.567+0000] {processor.py:186} INFO - Started process (PID=2105) to work on /home/airflow/.local/lib/python3.12/site-packages/airflow/example_dags/example_python_operator.py
[2025-06-27T17:12:12.568+0000] {processor.py:914} INFO - Processing file /home/airflow/.local/lib/python3.12/site-packages/airflow/example_dags/example_python_operator.py for tasks to queue
[2025-06-27T17:12:12.570+0000] {logging_mixin.py:190} INFO - [2025-06-27T17:12:12.570+0000] {dagbag.py:588} INFO - Filling up the DagBag from /home/airflow/.local/lib/python3.12/site-packages/airflow/example_dags/example_python_operator.py
[2025-06-27T17:12:12.584+0000] {processor.py:925} INFO - DAG(s) 'example_python_operator' retrieved from /home/airflow/.local/lib/python3.12/site-packages/airflow/example_dags/example_python_operator.py
[2025-06-27T17:12:12.605+0000] {logging_mixin.py:190} INFO - [2025-06-27T17:12:12.605+0000] {dag.py:3239} INFO - Sync 1 DAGs
[2025-06-27T17:12:12.619+0000] {logging_mixin.py:190} INFO - [2025-06-27T17:12:12.619+0000] {dag.py:4180} INFO - Setting next_dagrun for example_python_operator to None, run_after=None
[2025-06-27T17:12:12.639+0000] {processor.py:208} INFO - Processing /home/airflow/.local/lib/python3.12/site-packages/airflow/example_dags/example_python_operator.py took 0.078 seconds
[2025-06-27T17:12:42.816+0000] {processor.py:186} INFO - Started process (PID=2169) to work on /home/airflow/.local/lib/python3.12/site-packages/airflow/example_dags/example_python_operator.py
[2025-06-27T17:12:42.817+0000] {processor.py:914} INFO - Processing file /home/airflow/.local/lib/python3.12/site-packages/airflow/example_dags/example_python_operator.py for tasks to queue
[2025-06-27T17:12:42.819+0000] {logging_mixin.py:190} INFO - [2025-06-27T17:12:42.819+0000] {dagbag.py:588} INFO - Filling up the DagBag from /home/airflow/.local/lib/python3.12/site-packages/airflow/example_dags/example_python_operator.py
[2025-06-27T17:12:42.830+0000] {processor.py:925} INFO - DAG(s) 'example_python_operator' retrieved from /home/airflow/.local/lib/python3.12/site-packages/airflow/example_dags/example_python_operator.py
[2025-06-27T17:12:42.849+0000] {logging_mixin.py:190} INFO - [2025-06-27T17:12:42.849+0000] {dag.py:3239} INFO - Sync 1 DAGs
[2025-06-27T17:12:42.862+0000] {logging_mixin.py:190} INFO - [2025-06-27T17:12:42.862+0000] {dag.py:4180} INFO - Setting next_dagrun for example_python_operator to None, run_after=None
[2025-06-27T17:12:42.878+0000] {processor.py:208} INFO - Processing /home/airflow/.local/lib/python3.12/site-packages/airflow/example_dags/example_python_operator.py took 0.068 seconds
[2025-06-27T17:13:13.153+0000] {processor.py:186} INFO - Started process (PID=2238) to work on /home/airflow/.local/lib/python3.12/site-packages/airflow/example_dags/example_python_operator.py
[2025-06-27T17:13:13.154+0000] {processor.py:914} INFO - Processing file /home/airflow/.local/lib/python3.12/site-packages/airflow/example_dags/example_python_operator.py for tasks to queue
[2025-06-27T17:13:13.156+0000] {logging_mixin.py:190} INFO - [2025-06-27T17:13:13.156+0000] {dagbag.py:588} INFO - Filling up the DagBag from /home/airflow/.local/lib/python3.12/site-packages/airflow/example_dags/example_python_operator.py
[2025-06-27T17:13:13.168+0000] {processor.py:925} INFO - DAG(s) 'example_python_operator' retrieved from /home/airflow/.local/lib/python3.12/site-packages/airflow/example_dags/example_python_operator.py
[2025-06-27T17:13:13.187+0000] {logging_mixin.py:190} INFO - [2025-06-27T17:13:13.187+0000] {dag.py:3239} INFO - Sync 1 DAGs
[2025-06-27T17:13:13.200+0000] {logging_mixin.py:190} INFO - [2025-06-27T17:13:13.200+0000] {dag.py:4180} INFO - Setting next_dagrun for example_python_operator to None, run_after=None
[2025-06-27T17:13:13.217+0000] {processor.py:208} INFO - Processing /home/airflow/.local/lib/python3.12/site-packages/airflow/example_dags/example_python_operator.py took 0.069 seconds
[2025-06-27T17:13:44.225+0000] {processor.py:186} INFO - Started process (PID=2302) to work on /home/airflow/.local/lib/python3.12/site-packages/airflow/example_dags/example_python_operator.py
[2025-06-27T17:13:44.226+0000] {processor.py:914} INFO - Processing file /home/airflow/.local/lib/python3.12/site-packages/airflow/example_dags/example_python_operator.py for tasks to queue
[2025-06-27T17:13:44.228+0000] {logging_mixin.py:190} INFO - [2025-06-27T17:13:44.228+0000] {dagbag.py:588} INFO - Filling up the DagBag from /home/airflow/.local/lib/python3.12/site-packages/airflow/example_dags/example_python_operator.py
[2025-06-27T17:13:44.241+0000] {processor.py:925} INFO - DAG(s) 'example_python_operator' retrieved from /home/airflow/.local/lib/python3.12/site-packages/airflow/example_dags/example_python_operator.py
[2025-06-27T17:13:44.259+0000] {logging_mixin.py:190} INFO - [2025-06-27T17:13:44.259+0000] {dag.py:3239} INFO - Sync 1 DAGs
[2025-06-27T17:13:44.273+0000] {logging_mixin.py:190} INFO - [2025-06-27T17:13:44.273+0000] {dag.py:4180} INFO - Setting next_dagrun for example_python_operator to None, run_after=None
[2025-06-27T17:13:44.290+0000] {processor.py:208} INFO - Processing /home/airflow/.local/lib/python3.12/site-packages/airflow/example_dags/example_python_operator.py took 0.070 seconds
[2025-06-27T17:14:14.428+0000] {processor.py:186} INFO - Started process (PID=2372) to work on /home/airflow/.local/lib/python3.12/site-packages/airflow/example_dags/example_python_operator.py
[2025-06-27T17:14:14.429+0000] {processor.py:914} INFO - Processing file /home/airflow/.local/lib/python3.12/site-packages/airflow/example_dags/example_python_operator.py for tasks to queue
[2025-06-27T17:14:14.432+0000] {logging_mixin.py:190} INFO - [2025-06-27T17:14:14.431+0000] {dagbag.py:588} INFO - Filling up the DagBag from /home/airflow/.local/lib/python3.12/site-packages/airflow/example_dags/example_python_operator.py
[2025-06-27T17:14:14.444+0000] {processor.py:925} INFO - DAG(s) 'example_python_operator' retrieved from /home/airflow/.local/lib/python3.12/site-packages/airflow/example_dags/example_python_operator.py
[2025-06-27T17:14:14.463+0000] {logging_mixin.py:190} INFO - [2025-06-27T17:14:14.463+0000] {dag.py:3239} INFO - Sync 1 DAGs
[2025-06-27T17:14:14.476+0000] {logging_mixin.py:190} INFO - [2025-06-27T17:14:14.476+0000] {dag.py:4180} INFO - Setting next_dagrun for example_python_operator to None, run_after=None
[2025-06-27T17:14:14.493+0000] {processor.py:208} INFO - Processing /home/airflow/.local/lib/python3.12/site-packages/airflow/example_dags/example_python_operator.py took 0.070 seconds
[2025-06-27T17:14:45.048+0000] {processor.py:186} INFO - Started process (PID=2436) to work on /home/airflow/.local/lib/python3.12/site-packages/airflow/example_dags/example_python_operator.py
[2025-06-27T17:14:45.049+0000] {processor.py:914} INFO - Processing file /home/airflow/.local/lib/python3.12/site-packages/airflow/example_dags/example_python_operator.py for tasks to queue
[2025-06-27T17:14:45.051+0000] {logging_mixin.py:190} INFO - [2025-06-27T17:14:45.051+0000] {dagbag.py:588} INFO - Filling up the DagBag from /home/airflow/.local/lib/python3.12/site-packages/airflow/example_dags/example_python_operator.py
[2025-06-27T17:14:45.063+0000] {processor.py:925} INFO - DAG(s) 'example_python_operator' retrieved from /home/airflow/.local/lib/python3.12/site-packages/airflow/example_dags/example_python_operator.py
[2025-06-27T17:14:45.082+0000] {logging_mixin.py:190} INFO - [2025-06-27T17:14:45.082+0000] {dag.py:3239} INFO - Sync 1 DAGs
[2025-06-27T17:14:45.097+0000] {logging_mixin.py:190} INFO - [2025-06-27T17:14:45.097+0000] {dag.py:4180} INFO - Setting next_dagrun for example_python_operator to None, run_after=None
[2025-06-27T17:14:45.116+0000] {processor.py:208} INFO - Processing /home/airflow/.local/lib/python3.12/site-packages/airflow/example_dags/example_python_operator.py took 0.074 seconds
[2025-06-27T17:15:15.982+0000] {processor.py:186} INFO - Started process (PID=2505) to work on /home/airflow/.local/lib/python3.12/site-packages/airflow/example_dags/example_python_operator.py
[2025-06-27T17:15:15.983+0000] {processor.py:914} INFO - Processing file /home/airflow/.local/lib/python3.12/site-packages/airflow/example_dags/example_python_operator.py for tasks to queue
[2025-06-27T17:15:15.985+0000] {logging_mixin.py:190} INFO - [2025-06-27T17:15:15.985+0000] {dagbag.py:588} INFO - Filling up the DagBag from /home/airflow/.local/lib/python3.12/site-packages/airflow/example_dags/example_python_operator.py
[2025-06-27T17:15:15.999+0000] {processor.py:925} INFO - DAG(s) 'example_python_operator' retrieved from /home/airflow/.local/lib/python3.12/site-packages/airflow/example_dags/example_python_operator.py
[2025-06-27T17:15:16.020+0000] {logging_mixin.py:190} INFO - [2025-06-27T17:15:16.020+0000] {dag.py:3239} INFO - Sync 1 DAGs
[2025-06-27T17:15:16.033+0000] {logging_mixin.py:190} INFO - [2025-06-27T17:15:16.033+0000] {dag.py:4180} INFO - Setting next_dagrun for example_python_operator to None, run_after=None
[2025-06-27T17:15:16.050+0000] {processor.py:208} INFO - Processing /home/airflow/.local/lib/python3.12/site-packages/airflow/example_dags/example_python_operator.py took 0.074 seconds
[2025-06-27T17:15:46.520+0000] {processor.py:186} INFO - Started process (PID=2569) to work on /home/airflow/.local/lib/python3.12/site-packages/airflow/example_dags/example_python_operator.py
[2025-06-27T17:15:46.522+0000] {processor.py:914} INFO - Processing file /home/airflow/.local/lib/python3.12/site-packages/airflow/example_dags/example_python_operator.py for tasks to queue
[2025-06-27T17:15:46.532+0000] {logging_mixin.py:190} INFO - [2025-06-27T17:15:46.531+0000] {dagbag.py:588} INFO - Filling up the DagBag from /home/airflow/.local/lib/python3.12/site-packages/airflow/example_dags/example_python_operator.py
[2025-06-27T17:15:46.556+0000] {processor.py:925} INFO - DAG(s) 'example_python_operator' retrieved from /home/airflow/.local/lib/python3.12/site-packages/airflow/example_dags/example_python_operator.py
[2025-06-27T17:15:46.582+0000] {logging_mixin.py:190} INFO - [2025-06-27T17:15:46.582+0000] {dag.py:3239} INFO - Sync 1 DAGs
[2025-06-27T17:15:46.596+0000] {logging_mixin.py:190} INFO - [2025-06-27T17:15:46.596+0000] {dag.py:4180} INFO - Setting next_dagrun for example_python_operator to None, run_after=None
[2025-06-27T17:15:46.617+0000] {processor.py:208} INFO - Processing /home/airflow/.local/lib/python3.12/site-packages/airflow/example_dags/example_python_operator.py took 0.106 seconds
[2025-06-27T17:16:16.726+0000] {processor.py:186} INFO - Started process (PID=2639) to work on /home/airflow/.local/lib/python3.12/site-packages/airflow/example_dags/example_python_operator.py
[2025-06-27T17:16:16.727+0000] {processor.py:914} INFO - Processing file /home/airflow/.local/lib/python3.12/site-packages/airflow/example_dags/example_python_operator.py for tasks to queue
[2025-06-27T17:16:16.729+0000] {logging_mixin.py:190} INFO - [2025-06-27T17:16:16.729+0000] {dagbag.py:588} INFO - Filling up the DagBag from /home/airflow/.local/lib/python3.12/site-packages/airflow/example_dags/example_python_operator.py
[2025-06-27T17:16:16.741+0000] {processor.py:925} INFO - DAG(s) 'example_python_operator' retrieved from /home/airflow/.local/lib/python3.12/site-packages/airflow/example_dags/example_python_operator.py
[2025-06-27T17:16:16.761+0000] {logging_mixin.py:190} INFO - [2025-06-27T17:16:16.761+0000] {dag.py:3239} INFO - Sync 1 DAGs
[2025-06-27T17:16:16.775+0000] {logging_mixin.py:190} INFO - [2025-06-27T17:16:16.774+0000] {dag.py:4180} INFO - Setting next_dagrun for example_python_operator to None, run_after=None
[2025-06-27T17:16:16.792+0000] {processor.py:208} INFO - Processing /home/airflow/.local/lib/python3.12/site-packages/airflow/example_dags/example_python_operator.py took 0.072 seconds
[2025-06-27T17:16:47.040+0000] {processor.py:186} INFO - Started process (PID=2703) to work on /home/airflow/.local/lib/python3.12/site-packages/airflow/example_dags/example_python_operator.py
[2025-06-27T17:16:47.040+0000] {processor.py:914} INFO - Processing file /home/airflow/.local/lib/python3.12/site-packages/airflow/example_dags/example_python_operator.py for tasks to queue
[2025-06-27T17:16:47.043+0000] {logging_mixin.py:190} INFO - [2025-06-27T17:16:47.042+0000] {dagbag.py:588} INFO - Filling up the DagBag from /home/airflow/.local/lib/python3.12/site-packages/airflow/example_dags/example_python_operator.py
[2025-06-27T17:16:47.054+0000] {processor.py:925} INFO - DAG(s) 'example_python_operator' retrieved from /home/airflow/.local/lib/python3.12/site-packages/airflow/example_dags/example_python_operator.py
[2025-06-27T17:16:47.072+0000] {logging_mixin.py:190} INFO - [2025-06-27T17:16:47.072+0000] {dag.py:3239} INFO - Sync 1 DAGs
[2025-06-27T17:16:47.085+0000] {logging_mixin.py:190} INFO - [2025-06-27T17:16:47.085+0000] {dag.py:4180} INFO - Setting next_dagrun for example_python_operator to None, run_after=None
[2025-06-27T17:16:47.102+0000] {processor.py:208} INFO - Processing /home/airflow/.local/lib/python3.12/site-packages/airflow/example_dags/example_python_operator.py took 0.068 seconds
