[2025-06-27T16:57:58.848+0000] {processor.py:186} INFO - Started process (PID=163) to work on /home/airflow/.local/lib/python3.12/site-packages/airflow/example_dags/example_latest_only_with_trigger.py
[2025-06-27T16:57:58.854+0000] {processor.py:914} INFO - Processing file /home/airflow/.local/lib/python3.12/site-packages/airflow/example_dags/example_latest_only_with_trigger.py for tasks to queue
[2025-06-27T16:57:58.858+0000] {logging_mixin.py:190} INFO - [2025-06-27T16:57:58.857+0000] {dagbag.py:588} INFO - Filling up the DagBag from /home/airflow/.local/lib/python3.12/site-packages/airflow/example_dags/example_latest_only_with_trigger.py
[2025-06-27T16:57:58.871+0000] {processor.py:925} INFO - DAG(s) 'latest_only_with_trigger' retrieved from /home/airflow/.local/lib/python3.12/site-packages/airflow/example_dags/example_latest_only_with_trigger.py
[2025-06-27T16:57:58.898+0000] {logging_mixin.py:190} INFO - [2025-06-27T16:57:58.897+0000] {dag.py:3239} INFO - Sync 1 DAGs
[2025-06-27T16:57:58.936+0000] {logging_mixin.py:190} INFO - [2025-06-27T16:57:58.935+0000] {dag.py:4180} INFO - Setting next_dagrun for latest_only_with_trigger to 2025-06-27 16:00:00+00:00, run_after=2025-06-27 20:00:00+00:00
[2025-06-27T16:57:58.968+0000] {processor.py:208} INFO - Processing /home/airflow/.local/lib/python3.12/site-packages/airflow/example_dags/example_latest_only_with_trigger.py took 0.132 seconds
[2025-06-27T16:58:29.402+0000] {processor.py:186} INFO - Started process (PID=298) to work on /home/airflow/.local/lib/python3.12/site-packages/airflow/example_dags/example_latest_only_with_trigger.py
[2025-06-27T16:58:29.403+0000] {processor.py:914} INFO - Processing file /home/airflow/.local/lib/python3.12/site-packages/airflow/example_dags/example_latest_only_with_trigger.py for tasks to queue
[2025-06-27T16:58:29.406+0000] {logging_mixin.py:190} INFO - [2025-06-27T16:58:29.405+0000] {dagbag.py:588} INFO - Filling up the DagBag from /home/airflow/.local/lib/python3.12/site-packages/airflow/example_dags/example_latest_only_with_trigger.py
[2025-06-27T16:58:29.415+0000] {processor.py:925} INFO - DAG(s) 'latest_only_with_trigger' retrieved from /home/airflow/.local/lib/python3.12/site-packages/airflow/example_dags/example_latest_only_with_trigger.py
[2025-06-27T16:58:29.435+0000] {logging_mixin.py:190} INFO - [2025-06-27T16:58:29.435+0000] {dag.py:3239} INFO - Sync 1 DAGs
[2025-06-27T16:58:29.456+0000] {logging_mixin.py:190} INFO - [2025-06-27T16:58:29.456+0000] {dag.py:4180} INFO - Setting next_dagrun for latest_only_with_trigger to 2025-06-27 16:00:00+00:00, run_after=2025-06-27 20:00:00+00:00
[2025-06-27T16:58:29.474+0000] {processor.py:208} INFO - Processing /home/airflow/.local/lib/python3.12/site-packages/airflow/example_dags/example_latest_only_with_trigger.py took 0.078 seconds
[2025-06-27T16:58:59.784+0000] {processor.py:186} INFO - Started process (PID=376) to work on /home/airflow/.local/lib/python3.12/site-packages/airflow/example_dags/example_latest_only_with_trigger.py
[2025-06-27T16:58:59.785+0000] {processor.py:914} INFO - Processing file /home/airflow/.local/lib/python3.12/site-packages/airflow/example_dags/example_latest_only_with_trigger.py for tasks to queue
[2025-06-27T16:58:59.787+0000] {logging_mixin.py:190} INFO - [2025-06-27T16:58:59.787+0000] {dagbag.py:588} INFO - Filling up the DagBag from /home/airflow/.local/lib/python3.12/site-packages/airflow/example_dags/example_latest_only_with_trigger.py
[2025-06-27T16:58:59.794+0000] {processor.py:925} INFO - DAG(s) 'latest_only_with_trigger' retrieved from /home/airflow/.local/lib/python3.12/site-packages/airflow/example_dags/example_latest_only_with_trigger.py
[2025-06-27T16:58:59.812+0000] {logging_mixin.py:190} INFO - [2025-06-27T16:58:59.812+0000] {dag.py:3239} INFO - Sync 1 DAGs
[2025-06-27T16:58:59.833+0000] {logging_mixin.py:190} INFO - [2025-06-27T16:58:59.833+0000] {dag.py:4180} INFO - Setting next_dagrun for latest_only_with_trigger to 2025-06-27 16:00:00+00:00, run_after=2025-06-27 20:00:00+00:00
[2025-06-27T16:58:59.850+0000] {processor.py:208} INFO - Processing /home/airflow/.local/lib/python3.12/site-packages/airflow/example_dags/example_latest_only_with_trigger.py took 0.071 seconds
[2025-06-27T16:59:30.773+0000] {processor.py:186} INFO - Started process (PID=445) to work on /home/airflow/.local/lib/python3.12/site-packages/airflow/example_dags/example_latest_only_with_trigger.py
[2025-06-27T16:59:30.774+0000] {processor.py:914} INFO - Processing file /home/airflow/.local/lib/python3.12/site-packages/airflow/example_dags/example_latest_only_with_trigger.py for tasks to queue
[2025-06-27T16:59:30.777+0000] {logging_mixin.py:190} INFO - [2025-06-27T16:59:30.776+0000] {dagbag.py:588} INFO - Filling up the DagBag from /home/airflow/.local/lib/python3.12/site-packages/airflow/example_dags/example_latest_only_with_trigger.py
[2025-06-27T16:59:30.783+0000] {processor.py:925} INFO - DAG(s) 'latest_only_with_trigger' retrieved from /home/airflow/.local/lib/python3.12/site-packages/airflow/example_dags/example_latest_only_with_trigger.py
[2025-06-27T16:59:30.801+0000] {logging_mixin.py:190} INFO - [2025-06-27T16:59:30.800+0000] {dag.py:3239} INFO - Sync 1 DAGs
[2025-06-27T16:59:30.821+0000] {logging_mixin.py:190} INFO - [2025-06-27T16:59:30.821+0000] {dag.py:4180} INFO - Setting next_dagrun for latest_only_with_trigger to 2025-06-27 16:00:00+00:00, run_after=2025-06-27 20:00:00+00:00
[2025-06-27T16:59:30.839+0000] {processor.py:208} INFO - Processing /home/airflow/.local/lib/python3.12/site-packages/airflow/example_dags/example_latest_only_with_trigger.py took 0.071 seconds
[2025-06-27T17:00:01.401+0000] {processor.py:186} INFO - Started process (PID=515) to work on /home/airflow/.local/lib/python3.12/site-packages/airflow/example_dags/example_latest_only_with_trigger.py
[2025-06-27T17:00:01.402+0000] {processor.py:914} INFO - Processing file /home/airflow/.local/lib/python3.12/site-packages/airflow/example_dags/example_latest_only_with_trigger.py for tasks to queue
[2025-06-27T17:00:01.404+0000] {logging_mixin.py:190} INFO - [2025-06-27T17:00:01.403+0000] {dagbag.py:588} INFO - Filling up the DagBag from /home/airflow/.local/lib/python3.12/site-packages/airflow/example_dags/example_latest_only_with_trigger.py
[2025-06-27T17:00:01.411+0000] {processor.py:925} INFO - DAG(s) 'latest_only_with_trigger' retrieved from /home/airflow/.local/lib/python3.12/site-packages/airflow/example_dags/example_latest_only_with_trigger.py
[2025-06-27T17:00:01.430+0000] {logging_mixin.py:190} INFO - [2025-06-27T17:00:01.430+0000] {dag.py:3239} INFO - Sync 1 DAGs
[2025-06-27T17:00:01.452+0000] {logging_mixin.py:190} INFO - [2025-06-27T17:00:01.452+0000] {dag.py:4180} INFO - Setting next_dagrun for latest_only_with_trigger to 2025-06-27 16:00:00+00:00, run_after=2025-06-27 20:00:00+00:00
[2025-06-27T17:00:01.471+0000] {processor.py:208} INFO - Processing /home/airflow/.local/lib/python3.12/site-packages/airflow/example_dags/example_latest_only_with_trigger.py took 0.076 seconds
[2025-06-27T17:00:32.392+0000] {processor.py:186} INFO - Started process (PID=580) to work on /home/airflow/.local/lib/python3.12/site-packages/airflow/example_dags/example_latest_only_with_trigger.py
[2025-06-27T17:00:32.393+0000] {processor.py:914} INFO - Processing file /home/airflow/.local/lib/python3.12/site-packages/airflow/example_dags/example_latest_only_with_trigger.py for tasks to queue
[2025-06-27T17:00:32.395+0000] {logging_mixin.py:190} INFO - [2025-06-27T17:00:32.395+0000] {dagbag.py:588} INFO - Filling up the DagBag from /home/airflow/.local/lib/python3.12/site-packages/airflow/example_dags/example_latest_only_with_trigger.py
[2025-06-27T17:00:32.403+0000] {processor.py:925} INFO - DAG(s) 'latest_only_with_trigger' retrieved from /home/airflow/.local/lib/python3.12/site-packages/airflow/example_dags/example_latest_only_with_trigger.py
[2025-06-27T17:00:32.422+0000] {logging_mixin.py:190} INFO - [2025-06-27T17:00:32.421+0000] {dag.py:3239} INFO - Sync 1 DAGs
[2025-06-27T17:00:32.443+0000] {logging_mixin.py:190} INFO - [2025-06-27T17:00:32.443+0000] {dag.py:4180} INFO - Setting next_dagrun for latest_only_with_trigger to 2025-06-27 16:00:00+00:00, run_after=2025-06-27 20:00:00+00:00
[2025-06-27T17:00:32.463+0000] {processor.py:208} INFO - Processing /home/airflow/.local/lib/python3.12/site-packages/airflow/example_dags/example_latest_only_with_trigger.py took 0.077 seconds
[2025-06-27T17:01:04.439+0000] {processor.py:186} INFO - Started process (PID=648) to work on /home/airflow/.local/lib/python3.12/site-packages/airflow/example_dags/example_latest_only_with_trigger.py
[2025-06-27T17:01:04.440+0000] {processor.py:914} INFO - Processing file /home/airflow/.local/lib/python3.12/site-packages/airflow/example_dags/example_latest_only_with_trigger.py for tasks to queue
[2025-06-27T17:01:04.445+0000] {logging_mixin.py:190} INFO - [2025-06-27T17:01:04.444+0000] {dagbag.py:588} INFO - Filling up the DagBag from /home/airflow/.local/lib/python3.12/site-packages/airflow/example_dags/example_latest_only_with_trigger.py
[2025-06-27T17:01:04.456+0000] {processor.py:925} INFO - DAG(s) 'latest_only_with_trigger' retrieved from /home/airflow/.local/lib/python3.12/site-packages/airflow/example_dags/example_latest_only_with_trigger.py
[2025-06-27T17:01:04.480+0000] {logging_mixin.py:190} INFO - [2025-06-27T17:01:04.479+0000] {dag.py:3239} INFO - Sync 1 DAGs
[2025-06-27T17:01:04.512+0000] {logging_mixin.py:190} INFO - [2025-06-27T17:01:04.512+0000] {dag.py:4180} INFO - Setting next_dagrun for latest_only_with_trigger to 2025-06-27 16:00:00+00:00, run_after=2025-06-27 20:00:00+00:00
[2025-06-27T17:01:04.540+0000] {processor.py:208} INFO - Processing /home/airflow/.local/lib/python3.12/site-packages/airflow/example_dags/example_latest_only_with_trigger.py took 0.109 seconds
[2025-06-27T17:01:35.761+0000] {processor.py:186} INFO - Started process (PID=712) to work on /home/airflow/.local/lib/python3.12/site-packages/airflow/example_dags/example_latest_only_with_trigger.py
[2025-06-27T17:01:35.762+0000] {processor.py:914} INFO - Processing file /home/airflow/.local/lib/python3.12/site-packages/airflow/example_dags/example_latest_only_with_trigger.py for tasks to queue
[2025-06-27T17:01:35.765+0000] {logging_mixin.py:190} INFO - [2025-06-27T17:01:35.764+0000] {dagbag.py:588} INFO - Filling up the DagBag from /home/airflow/.local/lib/python3.12/site-packages/airflow/example_dags/example_latest_only_with_trigger.py
[2025-06-27T17:01:35.772+0000] {processor.py:925} INFO - DAG(s) 'latest_only_with_trigger' retrieved from /home/airflow/.local/lib/python3.12/site-packages/airflow/example_dags/example_latest_only_with_trigger.py
[2025-06-27T17:01:35.793+0000] {logging_mixin.py:190} INFO - [2025-06-27T17:01:35.792+0000] {dag.py:3239} INFO - Sync 1 DAGs
[2025-06-27T17:01:35.817+0000] {logging_mixin.py:190} INFO - [2025-06-27T17:01:35.817+0000] {dag.py:4180} INFO - Setting next_dagrun for latest_only_with_trigger to 2025-06-27 16:00:00+00:00, run_after=2025-06-27 20:00:00+00:00
[2025-06-27T17:01:35.835+0000] {processor.py:208} INFO - Processing /home/airflow/.local/lib/python3.12/site-packages/airflow/example_dags/example_latest_only_with_trigger.py took 0.079 seconds
[2025-06-27T17:02:06.237+0000] {processor.py:186} INFO - Started process (PID=782) to work on /home/airflow/.local/lib/python3.12/site-packages/airflow/example_dags/example_latest_only_with_trigger.py
[2025-06-27T17:02:06.238+0000] {processor.py:914} INFO - Processing file /home/airflow/.local/lib/python3.12/site-packages/airflow/example_dags/example_latest_only_with_trigger.py for tasks to queue
[2025-06-27T17:02:06.241+0000] {logging_mixin.py:190} INFO - [2025-06-27T17:02:06.240+0000] {dagbag.py:588} INFO - Filling up the DagBag from /home/airflow/.local/lib/python3.12/site-packages/airflow/example_dags/example_latest_only_with_trigger.py
[2025-06-27T17:02:06.247+0000] {processor.py:925} INFO - DAG(s) 'latest_only_with_trigger' retrieved from /home/airflow/.local/lib/python3.12/site-packages/airflow/example_dags/example_latest_only_with_trigger.py
[2025-06-27T17:02:06.265+0000] {logging_mixin.py:190} INFO - [2025-06-27T17:02:06.265+0000] {dag.py:3239} INFO - Sync 1 DAGs
[2025-06-27T17:02:06.285+0000] {logging_mixin.py:190} INFO - [2025-06-27T17:02:06.285+0000] {dag.py:4180} INFO - Setting next_dagrun for latest_only_with_trigger to 2025-06-27 16:00:00+00:00, run_after=2025-06-27 20:00:00+00:00
[2025-06-27T17:02:06.303+0000] {processor.py:208} INFO - Processing /home/airflow/.local/lib/python3.12/site-packages/airflow/example_dags/example_latest_only_with_trigger.py took 0.071 seconds
[2025-06-27T17:02:36.969+0000] {processor.py:186} INFO - Started process (PID=846) to work on /home/airflow/.local/lib/python3.12/site-packages/airflow/example_dags/example_latest_only_with_trigger.py
[2025-06-27T17:02:36.970+0000] {processor.py:914} INFO - Processing file /home/airflow/.local/lib/python3.12/site-packages/airflow/example_dags/example_latest_only_with_trigger.py for tasks to queue
[2025-06-27T17:02:36.972+0000] {logging_mixin.py:190} INFO - [2025-06-27T17:02:36.972+0000] {dagbag.py:588} INFO - Filling up the DagBag from /home/airflow/.local/lib/python3.12/site-packages/airflow/example_dags/example_latest_only_with_trigger.py
[2025-06-27T17:02:36.979+0000] {processor.py:925} INFO - DAG(s) 'latest_only_with_trigger' retrieved from /home/airflow/.local/lib/python3.12/site-packages/airflow/example_dags/example_latest_only_with_trigger.py
[2025-06-27T17:02:36.997+0000] {logging_mixin.py:190} INFO - [2025-06-27T17:02:36.997+0000] {dag.py:3239} INFO - Sync 1 DAGs
[2025-06-27T17:02:37.018+0000] {logging_mixin.py:190} INFO - [2025-06-27T17:02:37.018+0000] {dag.py:4180} INFO - Setting next_dagrun for latest_only_with_trigger to 2025-06-27 16:00:00+00:00, run_after=2025-06-27 20:00:00+00:00
[2025-06-27T17:02:37.035+0000] {processor.py:208} INFO - Processing /home/airflow/.local/lib/python3.12/site-packages/airflow/example_dags/example_latest_only_with_trigger.py took 0.072 seconds
[2025-06-27T17:03:07.915+0000] {processor.py:186} INFO - Started process (PID=915) to work on /home/airflow/.local/lib/python3.12/site-packages/airflow/example_dags/example_latest_only_with_trigger.py
[2025-06-27T17:03:07.915+0000] {processor.py:914} INFO - Processing file /home/airflow/.local/lib/python3.12/site-packages/airflow/example_dags/example_latest_only_with_trigger.py for tasks to queue
[2025-06-27T17:03:07.918+0000] {logging_mixin.py:190} INFO - [2025-06-27T17:03:07.918+0000] {dagbag.py:588} INFO - Filling up the DagBag from /home/airflow/.local/lib/python3.12/site-packages/airflow/example_dags/example_latest_only_with_trigger.py
[2025-06-27T17:03:07.925+0000] {processor.py:925} INFO - DAG(s) 'latest_only_with_trigger' retrieved from /home/airflow/.local/lib/python3.12/site-packages/airflow/example_dags/example_latest_only_with_trigger.py
[2025-06-27T17:03:07.943+0000] {logging_mixin.py:190} INFO - [2025-06-27T17:03:07.943+0000] {dag.py:3239} INFO - Sync 1 DAGs
[2025-06-27T17:03:07.964+0000] {logging_mixin.py:190} INFO - [2025-06-27T17:03:07.963+0000] {dag.py:4180} INFO - Setting next_dagrun for latest_only_with_trigger to 2025-06-27 16:00:00+00:00, run_after=2025-06-27 20:00:00+00:00
[2025-06-27T17:03:07.981+0000] {processor.py:208} INFO - Processing /home/airflow/.local/lib/python3.12/site-packages/airflow/example_dags/example_latest_only_with_trigger.py took 0.072 seconds
[2025-06-27T17:03:38.801+0000] {processor.py:186} INFO - Started process (PID=979) to work on /home/airflow/.local/lib/python3.12/site-packages/airflow/example_dags/example_latest_only_with_trigger.py
[2025-06-27T17:03:38.802+0000] {processor.py:914} INFO - Processing file /home/airflow/.local/lib/python3.12/site-packages/airflow/example_dags/example_latest_only_with_trigger.py for tasks to queue
[2025-06-27T17:03:38.805+0000] {logging_mixin.py:190} INFO - [2025-06-27T17:03:38.804+0000] {dagbag.py:588} INFO - Filling up the DagBag from /home/airflow/.local/lib/python3.12/site-packages/airflow/example_dags/example_latest_only_with_trigger.py
[2025-06-27T17:03:38.814+0000] {processor.py:925} INFO - DAG(s) 'latest_only_with_trigger' retrieved from /home/airflow/.local/lib/python3.12/site-packages/airflow/example_dags/example_latest_only_with_trigger.py
[2025-06-27T17:03:38.833+0000] {logging_mixin.py:190} INFO - [2025-06-27T17:03:38.833+0000] {dag.py:3239} INFO - Sync 1 DAGs
[2025-06-27T17:03:38.854+0000] {logging_mixin.py:190} INFO - [2025-06-27T17:03:38.854+0000] {dag.py:4180} INFO - Setting next_dagrun for latest_only_with_trigger to 2025-06-27 16:00:00+00:00, run_after=2025-06-27 20:00:00+00:00
[2025-06-27T17:03:38.872+0000] {processor.py:208} INFO - Processing /home/airflow/.local/lib/python3.12/site-packages/airflow/example_dags/example_latest_only_with_trigger.py took 0.077 seconds
[2025-06-27T17:04:09.631+0000] {processor.py:186} INFO - Started process (PID=1049) to work on /home/airflow/.local/lib/python3.12/site-packages/airflow/example_dags/example_latest_only_with_trigger.py
[2025-06-27T17:04:09.632+0000] {processor.py:914} INFO - Processing file /home/airflow/.local/lib/python3.12/site-packages/airflow/example_dags/example_latest_only_with_trigger.py for tasks to queue
[2025-06-27T17:04:09.635+0000] {logging_mixin.py:190} INFO - [2025-06-27T17:04:09.634+0000] {dagbag.py:588} INFO - Filling up the DagBag from /home/airflow/.local/lib/python3.12/site-packages/airflow/example_dags/example_latest_only_with_trigger.py
[2025-06-27T17:04:09.642+0000] {processor.py:925} INFO - DAG(s) 'latest_only_with_trigger' retrieved from /home/airflow/.local/lib/python3.12/site-packages/airflow/example_dags/example_latest_only_with_trigger.py
[2025-06-27T17:04:09.660+0000] {logging_mixin.py:190} INFO - [2025-06-27T17:04:09.660+0000] {dag.py:3239} INFO - Sync 1 DAGs
[2025-06-27T17:04:09.681+0000] {logging_mixin.py:190} INFO - [2025-06-27T17:04:09.681+0000] {dag.py:4180} INFO - Setting next_dagrun for latest_only_with_trigger to 2025-06-27 16:00:00+00:00, run_after=2025-06-27 20:00:00+00:00
[2025-06-27T17:04:09.697+0000] {processor.py:208} INFO - Processing /home/airflow/.local/lib/python3.12/site-packages/airflow/example_dags/example_latest_only_with_trigger.py took 0.071 seconds
[2025-06-27T17:04:40.126+0000] {processor.py:186} INFO - Started process (PID=1113) to work on /home/airflow/.local/lib/python3.12/site-packages/airflow/example_dags/example_latest_only_with_trigger.py
[2025-06-27T17:04:40.127+0000] {processor.py:914} INFO - Processing file /home/airflow/.local/lib/python3.12/site-packages/airflow/example_dags/example_latest_only_with_trigger.py for tasks to queue
[2025-06-27T17:04:40.130+0000] {logging_mixin.py:190} INFO - [2025-06-27T17:04:40.130+0000] {dagbag.py:588} INFO - Filling up the DagBag from /home/airflow/.local/lib/python3.12/site-packages/airflow/example_dags/example_latest_only_with_trigger.py
[2025-06-27T17:04:40.137+0000] {processor.py:925} INFO - DAG(s) 'latest_only_with_trigger' retrieved from /home/airflow/.local/lib/python3.12/site-packages/airflow/example_dags/example_latest_only_with_trigger.py
[2025-06-27T17:04:40.156+0000] {logging_mixin.py:190} INFO - [2025-06-27T17:04:40.156+0000] {dag.py:3239} INFO - Sync 1 DAGs
[2025-06-27T17:04:40.179+0000] {logging_mixin.py:190} INFO - [2025-06-27T17:04:40.179+0000] {dag.py:4180} INFO - Setting next_dagrun for latest_only_with_trigger to 2025-06-27 16:00:00+00:00, run_after=2025-06-27 20:00:00+00:00
[2025-06-27T17:04:40.198+0000] {processor.py:208} INFO - Processing /home/airflow/.local/lib/python3.12/site-packages/airflow/example_dags/example_latest_only_with_trigger.py took 0.078 seconds
[2025-06-27T17:05:11.307+0000] {processor.py:186} INFO - Started process (PID=1182) to work on /home/airflow/.local/lib/python3.12/site-packages/airflow/example_dags/example_latest_only_with_trigger.py
[2025-06-27T17:05:11.307+0000] {processor.py:914} INFO - Processing file /home/airflow/.local/lib/python3.12/site-packages/airflow/example_dags/example_latest_only_with_trigger.py for tasks to queue
[2025-06-27T17:05:11.310+0000] {logging_mixin.py:190} INFO - [2025-06-27T17:05:11.309+0000] {dagbag.py:588} INFO - Filling up the DagBag from /home/airflow/.local/lib/python3.12/site-packages/airflow/example_dags/example_latest_only_with_trigger.py
[2025-06-27T17:05:11.317+0000] {processor.py:925} INFO - DAG(s) 'latest_only_with_trigger' retrieved from /home/airflow/.local/lib/python3.12/site-packages/airflow/example_dags/example_latest_only_with_trigger.py
[2025-06-27T17:05:11.337+0000] {logging_mixin.py:190} INFO - [2025-06-27T17:05:11.336+0000] {dag.py:3239} INFO - Sync 1 DAGs
[2025-06-27T17:05:11.358+0000] {logging_mixin.py:190} INFO - [2025-06-27T17:05:11.357+0000] {dag.py:4180} INFO - Setting next_dagrun for latest_only_with_trigger to 2025-06-27 16:00:00+00:00, run_after=2025-06-27 20:00:00+00:00
[2025-06-27T17:05:11.376+0000] {processor.py:208} INFO - Processing /home/airflow/.local/lib/python3.12/site-packages/airflow/example_dags/example_latest_only_with_trigger.py took 0.075 seconds
[2025-06-27T17:05:42.136+0000] {processor.py:186} INFO - Started process (PID=1246) to work on /home/airflow/.local/lib/python3.12/site-packages/airflow/example_dags/example_latest_only_with_trigger.py
[2025-06-27T17:05:42.137+0000] {processor.py:914} INFO - Processing file /home/airflow/.local/lib/python3.12/site-packages/airflow/example_dags/example_latest_only_with_trigger.py for tasks to queue
[2025-06-27T17:05:42.140+0000] {logging_mixin.py:190} INFO - [2025-06-27T17:05:42.139+0000] {dagbag.py:588} INFO - Filling up the DagBag from /home/airflow/.local/lib/python3.12/site-packages/airflow/example_dags/example_latest_only_with_trigger.py
[2025-06-27T17:05:42.150+0000] {processor.py:925} INFO - DAG(s) 'latest_only_with_trigger' retrieved from /home/airflow/.local/lib/python3.12/site-packages/airflow/example_dags/example_latest_only_with_trigger.py
[2025-06-27T17:05:42.173+0000] {logging_mixin.py:190} INFO - [2025-06-27T17:05:42.173+0000] {dag.py:3239} INFO - Sync 1 DAGs
[2025-06-27T17:05:42.194+0000] {logging_mixin.py:190} INFO - [2025-06-27T17:05:42.194+0000] {dag.py:4180} INFO - Setting next_dagrun for latest_only_with_trigger to 2025-06-27 16:00:00+00:00, run_after=2025-06-27 20:00:00+00:00
[2025-06-27T17:05:42.212+0000] {processor.py:208} INFO - Processing /home/airflow/.local/lib/python3.12/site-packages/airflow/example_dags/example_latest_only_with_trigger.py took 0.084 seconds
[2025-06-27T17:06:12.895+0000] {processor.py:186} INFO - Started process (PID=1316) to work on /home/airflow/.local/lib/python3.12/site-packages/airflow/example_dags/example_latest_only_with_trigger.py
[2025-06-27T17:06:12.896+0000] {processor.py:914} INFO - Processing file /home/airflow/.local/lib/python3.12/site-packages/airflow/example_dags/example_latest_only_with_trigger.py for tasks to queue
[2025-06-27T17:06:12.898+0000] {logging_mixin.py:190} INFO - [2025-06-27T17:06:12.898+0000] {dagbag.py:588} INFO - Filling up the DagBag from /home/airflow/.local/lib/python3.12/site-packages/airflow/example_dags/example_latest_only_with_trigger.py
[2025-06-27T17:06:12.905+0000] {processor.py:925} INFO - DAG(s) 'latest_only_with_trigger' retrieved from /home/airflow/.local/lib/python3.12/site-packages/airflow/example_dags/example_latest_only_with_trigger.py
[2025-06-27T17:06:12.923+0000] {logging_mixin.py:190} INFO - [2025-06-27T17:06:12.923+0000] {dag.py:3239} INFO - Sync 1 DAGs
[2025-06-27T17:06:12.943+0000] {logging_mixin.py:190} INFO - [2025-06-27T17:06:12.943+0000] {dag.py:4180} INFO - Setting next_dagrun for latest_only_with_trigger to 2025-06-27 16:00:00+00:00, run_after=2025-06-27 20:00:00+00:00
[2025-06-27T17:06:12.960+0000] {processor.py:208} INFO - Processing /home/airflow/.local/lib/python3.12/site-packages/airflow/example_dags/example_latest_only_with_trigger.py took 0.070 seconds
[2025-06-27T17:06:43.644+0000] {processor.py:186} INFO - Started process (PID=1380) to work on /home/airflow/.local/lib/python3.12/site-packages/airflow/example_dags/example_latest_only_with_trigger.py
[2025-06-27T17:06:43.645+0000] {processor.py:914} INFO - Processing file /home/airflow/.local/lib/python3.12/site-packages/airflow/example_dags/example_latest_only_with_trigger.py for tasks to queue
[2025-06-27T17:06:43.648+0000] {logging_mixin.py:190} INFO - [2025-06-27T17:06:43.647+0000] {dagbag.py:588} INFO - Filling up the DagBag from /home/airflow/.local/lib/python3.12/site-packages/airflow/example_dags/example_latest_only_with_trigger.py
[2025-06-27T17:06:43.655+0000] {processor.py:925} INFO - DAG(s) 'latest_only_with_trigger' retrieved from /home/airflow/.local/lib/python3.12/site-packages/airflow/example_dags/example_latest_only_with_trigger.py
[2025-06-27T17:06:43.676+0000] {logging_mixin.py:190} INFO - [2025-06-27T17:06:43.676+0000] {dag.py:3239} INFO - Sync 1 DAGs
[2025-06-27T17:06:43.701+0000] {logging_mixin.py:190} INFO - [2025-06-27T17:06:43.700+0000] {dag.py:4180} INFO - Setting next_dagrun for latest_only_with_trigger to 2025-06-27 16:00:00+00:00, run_after=2025-06-27 20:00:00+00:00
[2025-06-27T17:06:43.720+0000] {processor.py:208} INFO - Processing /home/airflow/.local/lib/python3.12/site-packages/airflow/example_dags/example_latest_only_with_trigger.py took 0.081 seconds
[2025-06-27T17:07:14.223+0000] {processor.py:186} INFO - Started process (PID=1449) to work on /home/airflow/.local/lib/python3.12/site-packages/airflow/example_dags/example_latest_only_with_trigger.py
[2025-06-27T17:07:14.224+0000] {processor.py:914} INFO - Processing file /home/airflow/.local/lib/python3.12/site-packages/airflow/example_dags/example_latest_only_with_trigger.py for tasks to queue
[2025-06-27T17:07:14.227+0000] {logging_mixin.py:190} INFO - [2025-06-27T17:07:14.226+0000] {dagbag.py:588} INFO - Filling up the DagBag from /home/airflow/.local/lib/python3.12/site-packages/airflow/example_dags/example_latest_only_with_trigger.py
[2025-06-27T17:07:14.234+0000] {processor.py:925} INFO - DAG(s) 'latest_only_with_trigger' retrieved from /home/airflow/.local/lib/python3.12/site-packages/airflow/example_dags/example_latest_only_with_trigger.py
[2025-06-27T17:07:14.255+0000] {logging_mixin.py:190} INFO - [2025-06-27T17:07:14.255+0000] {dag.py:3239} INFO - Sync 1 DAGs
[2025-06-27T17:07:14.277+0000] {logging_mixin.py:190} INFO - [2025-06-27T17:07:14.277+0000] {dag.py:4180} INFO - Setting next_dagrun for latest_only_with_trigger to 2025-06-27 16:00:00+00:00, run_after=2025-06-27 20:00:00+00:00
[2025-06-27T17:07:14.296+0000] {processor.py:208} INFO - Processing /home/airflow/.local/lib/python3.12/site-packages/airflow/example_dags/example_latest_only_with_trigger.py took 0.079 seconds
[2025-06-27T17:07:44.847+0000] {processor.py:186} INFO - Started process (PID=1513) to work on /home/airflow/.local/lib/python3.12/site-packages/airflow/example_dags/example_latest_only_with_trigger.py
[2025-06-27T17:07:44.848+0000] {processor.py:914} INFO - Processing file /home/airflow/.local/lib/python3.12/site-packages/airflow/example_dags/example_latest_only_with_trigger.py for tasks to queue
[2025-06-27T17:07:44.851+0000] {logging_mixin.py:190} INFO - [2025-06-27T17:07:44.850+0000] {dagbag.py:588} INFO - Filling up the DagBag from /home/airflow/.local/lib/python3.12/site-packages/airflow/example_dags/example_latest_only_with_trigger.py
[2025-06-27T17:07:44.859+0000] {processor.py:925} INFO - DAG(s) 'latest_only_with_trigger' retrieved from /home/airflow/.local/lib/python3.12/site-packages/airflow/example_dags/example_latest_only_with_trigger.py
[2025-06-27T17:07:44.879+0000] {logging_mixin.py:190} INFO - [2025-06-27T17:07:44.879+0000] {dag.py:3239} INFO - Sync 1 DAGs
[2025-06-27T17:07:44.901+0000] {logging_mixin.py:190} INFO - [2025-06-27T17:07:44.901+0000] {dag.py:4180} INFO - Setting next_dagrun for latest_only_with_trigger to 2025-06-27 16:00:00+00:00, run_after=2025-06-27 20:00:00+00:00
[2025-06-27T17:07:44.919+0000] {processor.py:208} INFO - Processing /home/airflow/.local/lib/python3.12/site-packages/airflow/example_dags/example_latest_only_with_trigger.py took 0.078 seconds
[2025-06-27T17:08:15.680+0000] {processor.py:186} INFO - Started process (PID=1583) to work on /home/airflow/.local/lib/python3.12/site-packages/airflow/example_dags/example_latest_only_with_trigger.py
[2025-06-27T17:08:15.681+0000] {processor.py:914} INFO - Processing file /home/airflow/.local/lib/python3.12/site-packages/airflow/example_dags/example_latest_only_with_trigger.py for tasks to queue
[2025-06-27T17:08:15.684+0000] {logging_mixin.py:190} INFO - [2025-06-27T17:08:15.683+0000] {dagbag.py:588} INFO - Filling up the DagBag from /home/airflow/.local/lib/python3.12/site-packages/airflow/example_dags/example_latest_only_with_trigger.py
[2025-06-27T17:08:15.691+0000] {processor.py:925} INFO - DAG(s) 'latest_only_with_trigger' retrieved from /home/airflow/.local/lib/python3.12/site-packages/airflow/example_dags/example_latest_only_with_trigger.py
[2025-06-27T17:08:15.709+0000] {logging_mixin.py:190} INFO - [2025-06-27T17:08:15.709+0000] {dag.py:3239} INFO - Sync 1 DAGs
[2025-06-27T17:08:15.730+0000] {logging_mixin.py:190} INFO - [2025-06-27T17:08:15.730+0000] {dag.py:4180} INFO - Setting next_dagrun for latest_only_with_trigger to 2025-06-27 16:00:00+00:00, run_after=2025-06-27 20:00:00+00:00
[2025-06-27T17:08:15.750+0000] {processor.py:208} INFO - Processing /home/airflow/.local/lib/python3.12/site-packages/airflow/example_dags/example_latest_only_with_trigger.py took 0.075 seconds
[2025-06-27T17:08:47.130+0000] {processor.py:186} INFO - Started process (PID=1647) to work on /home/airflow/.local/lib/python3.12/site-packages/airflow/example_dags/example_latest_only_with_trigger.py
[2025-06-27T17:08:47.131+0000] {processor.py:914} INFO - Processing file /home/airflow/.local/lib/python3.12/site-packages/airflow/example_dags/example_latest_only_with_trigger.py for tasks to queue
[2025-06-27T17:08:47.133+0000] {logging_mixin.py:190} INFO - [2025-06-27T17:08:47.132+0000] {dagbag.py:588} INFO - Filling up the DagBag from /home/airflow/.local/lib/python3.12/site-packages/airflow/example_dags/example_latest_only_with_trigger.py
[2025-06-27T17:08:47.140+0000] {processor.py:925} INFO - DAG(s) 'latest_only_with_trigger' retrieved from /home/airflow/.local/lib/python3.12/site-packages/airflow/example_dags/example_latest_only_with_trigger.py
[2025-06-27T17:08:47.157+0000] {logging_mixin.py:190} INFO - [2025-06-27T17:08:47.157+0000] {dag.py:3239} INFO - Sync 1 DAGs
[2025-06-27T17:08:47.178+0000] {logging_mixin.py:190} INFO - [2025-06-27T17:08:47.178+0000] {dag.py:4180} INFO - Setting next_dagrun for latest_only_with_trigger to 2025-06-27 16:00:00+00:00, run_after=2025-06-27 20:00:00+00:00
[2025-06-27T17:08:47.195+0000] {processor.py:208} INFO - Processing /home/airflow/.local/lib/python3.12/site-packages/airflow/example_dags/example_latest_only_with_trigger.py took 0.070 seconds
[2025-06-27T17:09:18.572+0000] {processor.py:186} INFO - Started process (PID=1716) to work on /home/airflow/.local/lib/python3.12/site-packages/airflow/example_dags/example_latest_only_with_trigger.py
[2025-06-27T17:09:18.573+0000] {processor.py:914} INFO - Processing file /home/airflow/.local/lib/python3.12/site-packages/airflow/example_dags/example_latest_only_with_trigger.py for tasks to queue
[2025-06-27T17:09:18.575+0000] {logging_mixin.py:190} INFO - [2025-06-27T17:09:18.574+0000] {dagbag.py:588} INFO - Filling up the DagBag from /home/airflow/.local/lib/python3.12/site-packages/airflow/example_dags/example_latest_only_with_trigger.py
[2025-06-27T17:09:18.582+0000] {processor.py:925} INFO - DAG(s) 'latest_only_with_trigger' retrieved from /home/airflow/.local/lib/python3.12/site-packages/airflow/example_dags/example_latest_only_with_trigger.py
[2025-06-27T17:09:18.600+0000] {logging_mixin.py:190} INFO - [2025-06-27T17:09:18.599+0000] {dag.py:3239} INFO - Sync 1 DAGs
[2025-06-27T17:09:18.619+0000] {logging_mixin.py:190} INFO - [2025-06-27T17:09:18.619+0000] {dag.py:4180} INFO - Setting next_dagrun for latest_only_with_trigger to 2025-06-27 16:00:00+00:00, run_after=2025-06-27 20:00:00+00:00
[2025-06-27T17:09:18.636+0000] {processor.py:208} INFO - Processing /home/airflow/.local/lib/python3.12/site-packages/airflow/example_dags/example_latest_only_with_trigger.py took 0.070 seconds
[2025-06-27T17:09:49.863+0000] {processor.py:186} INFO - Started process (PID=1780) to work on /home/airflow/.local/lib/python3.12/site-packages/airflow/example_dags/example_latest_only_with_trigger.py
[2025-06-27T17:09:49.864+0000] {processor.py:914} INFO - Processing file /home/airflow/.local/lib/python3.12/site-packages/airflow/example_dags/example_latest_only_with_trigger.py for tasks to queue
[2025-06-27T17:09:49.866+0000] {logging_mixin.py:190} INFO - [2025-06-27T17:09:49.866+0000] {dagbag.py:588} INFO - Filling up the DagBag from /home/airflow/.local/lib/python3.12/site-packages/airflow/example_dags/example_latest_only_with_trigger.py
[2025-06-27T17:09:49.873+0000] {processor.py:925} INFO - DAG(s) 'latest_only_with_trigger' retrieved from /home/airflow/.local/lib/python3.12/site-packages/airflow/example_dags/example_latest_only_with_trigger.py
[2025-06-27T17:09:49.891+0000] {logging_mixin.py:190} INFO - [2025-06-27T17:09:49.891+0000] {dag.py:3239} INFO - Sync 1 DAGs
[2025-06-27T17:09:49.911+0000] {logging_mixin.py:190} INFO - [2025-06-27T17:09:49.911+0000] {dag.py:4180} INFO - Setting next_dagrun for latest_only_with_trigger to 2025-06-27 16:00:00+00:00, run_after=2025-06-27 20:00:00+00:00
[2025-06-27T17:09:49.928+0000] {processor.py:208} INFO - Processing /home/airflow/.local/lib/python3.12/site-packages/airflow/example_dags/example_latest_only_with_trigger.py took 0.073 seconds
[2025-06-27T17:10:20.593+0000] {processor.py:186} INFO - Started process (PID=1850) to work on /home/airflow/.local/lib/python3.12/site-packages/airflow/example_dags/example_latest_only_with_trigger.py
[2025-06-27T17:10:20.594+0000] {processor.py:914} INFO - Processing file /home/airflow/.local/lib/python3.12/site-packages/airflow/example_dags/example_latest_only_with_trigger.py for tasks to queue
[2025-06-27T17:10:20.596+0000] {logging_mixin.py:190} INFO - [2025-06-27T17:10:20.595+0000] {dagbag.py:588} INFO - Filling up the DagBag from /home/airflow/.local/lib/python3.12/site-packages/airflow/example_dags/example_latest_only_with_trigger.py
[2025-06-27T17:10:20.602+0000] {processor.py:925} INFO - DAG(s) 'latest_only_with_trigger' retrieved from /home/airflow/.local/lib/python3.12/site-packages/airflow/example_dags/example_latest_only_with_trigger.py
[2025-06-27T17:10:20.621+0000] {logging_mixin.py:190} INFO - [2025-06-27T17:10:20.621+0000] {dag.py:3239} INFO - Sync 1 DAGs
[2025-06-27T17:10:20.642+0000] {logging_mixin.py:190} INFO - [2025-06-27T17:10:20.642+0000] {dag.py:4180} INFO - Setting next_dagrun for latest_only_with_trigger to 2025-06-27 16:00:00+00:00, run_after=2025-06-27 20:00:00+00:00
[2025-06-27T17:10:20.661+0000] {processor.py:208} INFO - Processing /home/airflow/.local/lib/python3.12/site-packages/airflow/example_dags/example_latest_only_with_trigger.py took 0.074 seconds
[2025-06-27T17:10:51.401+0000] {processor.py:186} INFO - Started process (PID=1914) to work on /home/airflow/.local/lib/python3.12/site-packages/airflow/example_dags/example_latest_only_with_trigger.py
[2025-06-27T17:10:51.402+0000] {processor.py:914} INFO - Processing file /home/airflow/.local/lib/python3.12/site-packages/airflow/example_dags/example_latest_only_with_trigger.py for tasks to queue
[2025-06-27T17:10:51.405+0000] {logging_mixin.py:190} INFO - [2025-06-27T17:10:51.405+0000] {dagbag.py:588} INFO - Filling up the DagBag from /home/airflow/.local/lib/python3.12/site-packages/airflow/example_dags/example_latest_only_with_trigger.py
[2025-06-27T17:10:51.413+0000] {processor.py:925} INFO - DAG(s) 'latest_only_with_trigger' retrieved from /home/airflow/.local/lib/python3.12/site-packages/airflow/example_dags/example_latest_only_with_trigger.py
[2025-06-27T17:10:51.431+0000] {logging_mixin.py:190} INFO - [2025-06-27T17:10:51.431+0000] {dag.py:3239} INFO - Sync 1 DAGs
[2025-06-27T17:10:51.454+0000] {logging_mixin.py:190} INFO - [2025-06-27T17:10:51.454+0000] {dag.py:4180} INFO - Setting next_dagrun for latest_only_with_trigger to 2025-06-27 16:00:00+00:00, run_after=2025-06-27 20:00:00+00:00
[2025-06-27T17:10:51.472+0000] {processor.py:208} INFO - Processing /home/airflow/.local/lib/python3.12/site-packages/airflow/example_dags/example_latest_only_with_trigger.py took 0.077 seconds
[2025-06-27T17:11:22.297+0000] {processor.py:186} INFO - Started process (PID=1983) to work on /home/airflow/.local/lib/python3.12/site-packages/airflow/example_dags/example_latest_only_with_trigger.py
[2025-06-27T17:11:22.298+0000] {processor.py:914} INFO - Processing file /home/airflow/.local/lib/python3.12/site-packages/airflow/example_dags/example_latest_only_with_trigger.py for tasks to queue
[2025-06-27T17:11:22.301+0000] {logging_mixin.py:190} INFO - [2025-06-27T17:11:22.301+0000] {dagbag.py:588} INFO - Filling up the DagBag from /home/airflow/.local/lib/python3.12/site-packages/airflow/example_dags/example_latest_only_with_trigger.py
[2025-06-27T17:11:22.309+0000] {processor.py:925} INFO - DAG(s) 'latest_only_with_trigger' retrieved from /home/airflow/.local/lib/python3.12/site-packages/airflow/example_dags/example_latest_only_with_trigger.py
[2025-06-27T17:11:22.329+0000] {logging_mixin.py:190} INFO - [2025-06-27T17:11:22.328+0000] {dag.py:3239} INFO - Sync 1 DAGs
[2025-06-27T17:11:22.351+0000] {logging_mixin.py:190} INFO - [2025-06-27T17:11:22.351+0000] {dag.py:4180} INFO - Setting next_dagrun for latest_only_with_trigger to 2025-06-27 16:00:00+00:00, run_after=2025-06-27 20:00:00+00:00
[2025-06-27T17:11:22.389+0000] {processor.py:208} INFO - Processing /home/airflow/.local/lib/python3.12/site-packages/airflow/example_dags/example_latest_only_with_trigger.py took 0.098 seconds
[2025-06-27T17:11:53.456+0000] {processor.py:186} INFO - Started process (PID=2046) to work on /home/airflow/.local/lib/python3.12/site-packages/airflow/example_dags/example_latest_only_with_trigger.py
[2025-06-27T17:11:53.457+0000] {processor.py:914} INFO - Processing file /home/airflow/.local/lib/python3.12/site-packages/airflow/example_dags/example_latest_only_with_trigger.py for tasks to queue
[2025-06-27T17:11:53.460+0000] {logging_mixin.py:190} INFO - [2025-06-27T17:11:53.459+0000] {dagbag.py:588} INFO - Filling up the DagBag from /home/airflow/.local/lib/python3.12/site-packages/airflow/example_dags/example_latest_only_with_trigger.py
[2025-06-27T17:11:53.467+0000] {processor.py:925} INFO - DAG(s) 'latest_only_with_trigger' retrieved from /home/airflow/.local/lib/python3.12/site-packages/airflow/example_dags/example_latest_only_with_trigger.py
[2025-06-27T17:11:53.487+0000] {logging_mixin.py:190} INFO - [2025-06-27T17:11:53.486+0000] {dag.py:3239} INFO - Sync 1 DAGs
[2025-06-27T17:11:53.508+0000] {logging_mixin.py:190} INFO - [2025-06-27T17:11:53.508+0000] {dag.py:4180} INFO - Setting next_dagrun for latest_only_with_trigger to 2025-06-27 16:00:00+00:00, run_after=2025-06-27 20:00:00+00:00
[2025-06-27T17:11:53.526+0000] {processor.py:208} INFO - Processing /home/airflow/.local/lib/python3.12/site-packages/airflow/example_dags/example_latest_only_with_trigger.py took 0.075 seconds
