[2025-06-27T16:57:56.333+0000] {processor.py:186} INFO - Started process (PID=151) to work on /home/airflow/.local/lib/python3.12/site-packages/airflow/example_dags/example_bash_operator.py
[2025-06-27T16:57:56.334+0000] {processor.py:914} INFO - Processing file /home/airflow/.local/lib/python3.12/site-packages/airflow/example_dags/example_bash_operator.py for tasks to queue
[2025-06-27T16:57:56.336+0000] {logging_mixin.py:190} INFO - [2025-06-27T16:57:56.336+0000] {dagbag.py:588} INFO - Filling up the DagBag from /home/airflow/.local/lib/python3.12/site-packages/airflow/example_dags/example_bash_operator.py
[2025-06-27T16:57:56.348+0000] {processor.py:925} INFO - DAG(s) 'example_bash_operator' retrieved from /home/airflow/.local/lib/python3.12/site-packages/airflow/example_dags/example_bash_operator.py
[2025-06-27T16:57:56.372+0000] {logging_mixin.py:190} INFO - [2025-06-27T16:57:56.372+0000] {dag.py:3239} INFO - Sync 1 DAGs
[2025-06-27T16:57:56.396+0000] {logging_mixin.py:190} INFO - [2025-06-27T16:57:56.396+0000] {dag.py:4180} INFO - Setting next_dagrun for example_bash_operator to 2025-06-27 00:00:00+00:00, run_after=2025-06-28 00:00:00+00:00
[2025-06-27T16:57:56.413+0000] {processor.py:208} INFO - Processing /home/airflow/.local/lib/python3.12/site-packages/airflow/example_dags/example_bash_operator.py took 0.085 seconds
[2025-06-27T16:58:26.687+0000] {processor.py:186} INFO - Started process (PID=286) to work on /home/airflow/.local/lib/python3.12/site-packages/airflow/example_dags/example_bash_operator.py
[2025-06-27T16:58:26.688+0000] {processor.py:914} INFO - Processing file /home/airflow/.local/lib/python3.12/site-packages/airflow/example_dags/example_bash_operator.py for tasks to queue
[2025-06-27T16:58:26.691+0000] {logging_mixin.py:190} INFO - [2025-06-27T16:58:26.691+0000] {dagbag.py:588} INFO - Filling up the DagBag from /home/airflow/.local/lib/python3.12/site-packages/airflow/example_dags/example_bash_operator.py
[2025-06-27T16:58:26.705+0000] {processor.py:925} INFO - DAG(s) 'example_bash_operator' retrieved from /home/airflow/.local/lib/python3.12/site-packages/airflow/example_dags/example_bash_operator.py
[2025-06-27T16:58:26.733+0000] {logging_mixin.py:190} INFO - [2025-06-27T16:58:26.733+0000] {dag.py:3239} INFO - Sync 1 DAGs
[2025-06-27T16:58:26.759+0000] {logging_mixin.py:190} INFO - [2025-06-27T16:58:26.758+0000] {dag.py:4180} INFO - Setting next_dagrun for example_bash_operator to 2025-06-27 00:00:00+00:00, run_after=2025-06-28 00:00:00+00:00
[2025-06-27T16:58:26.781+0000] {processor.py:208} INFO - Processing /home/airflow/.local/lib/python3.12/site-packages/airflow/example_dags/example_bash_operator.py took 0.100 seconds
[2025-06-27T16:58:56.901+0000] {processor.py:186} INFO - Started process (PID=365) to work on /home/airflow/.local/lib/python3.12/site-packages/airflow/example_dags/example_bash_operator.py
[2025-06-27T16:58:56.902+0000] {processor.py:914} INFO - Processing file /home/airflow/.local/lib/python3.12/site-packages/airflow/example_dags/example_bash_operator.py for tasks to queue
[2025-06-27T16:58:56.904+0000] {logging_mixin.py:190} INFO - [2025-06-27T16:58:56.903+0000] {dagbag.py:588} INFO - Filling up the DagBag from /home/airflow/.local/lib/python3.12/site-packages/airflow/example_dags/example_bash_operator.py
[2025-06-27T16:58:56.916+0000] {processor.py:925} INFO - DAG(s) 'example_bash_operator' retrieved from /home/airflow/.local/lib/python3.12/site-packages/airflow/example_dags/example_bash_operator.py
[2025-06-27T16:58:56.939+0000] {logging_mixin.py:190} INFO - [2025-06-27T16:58:56.939+0000] {dag.py:3239} INFO - Sync 1 DAGs
[2025-06-27T16:58:56.962+0000] {logging_mixin.py:190} INFO - [2025-06-27T16:58:56.961+0000] {dag.py:4180} INFO - Setting next_dagrun for example_bash_operator to 2025-06-27 00:00:00+00:00, run_after=2025-06-28 00:00:00+00:00
[2025-06-27T16:58:56.978+0000] {processor.py:208} INFO - Processing /home/airflow/.local/lib/python3.12/site-packages/airflow/example_dags/example_bash_operator.py took 0.082 seconds
[2025-06-27T16:59:27.681+0000] {processor.py:186} INFO - Started process (PID=434) to work on /home/airflow/.local/lib/python3.12/site-packages/airflow/example_dags/example_bash_operator.py
[2025-06-27T16:59:27.682+0000] {processor.py:914} INFO - Processing file /home/airflow/.local/lib/python3.12/site-packages/airflow/example_dags/example_bash_operator.py for tasks to queue
[2025-06-27T16:59:27.684+0000] {logging_mixin.py:190} INFO - [2025-06-27T16:59:27.684+0000] {dagbag.py:588} INFO - Filling up the DagBag from /home/airflow/.local/lib/python3.12/site-packages/airflow/example_dags/example_bash_operator.py
[2025-06-27T16:59:27.696+0000] {processor.py:925} INFO - DAG(s) 'example_bash_operator' retrieved from /home/airflow/.local/lib/python3.12/site-packages/airflow/example_dags/example_bash_operator.py
[2025-06-27T16:59:27.718+0000] {logging_mixin.py:190} INFO - [2025-06-27T16:59:27.718+0000] {dag.py:3239} INFO - Sync 1 DAGs
[2025-06-27T16:59:27.738+0000] {logging_mixin.py:190} INFO - [2025-06-27T16:59:27.738+0000] {dag.py:4180} INFO - Setting next_dagrun for example_bash_operator to 2025-06-27 00:00:00+00:00, run_after=2025-06-28 00:00:00+00:00
[2025-06-27T16:59:27.755+0000] {processor.py:208} INFO - Processing /home/airflow/.local/lib/python3.12/site-packages/airflow/example_dags/example_bash_operator.py took 0.079 seconds
[2025-06-27T16:59:58.243+0000] {processor.py:186} INFO - Started process (PID=498) to work on /home/airflow/.local/lib/python3.12/site-packages/airflow/example_dags/example_bash_operator.py
[2025-06-27T16:59:58.244+0000] {processor.py:914} INFO - Processing file /home/airflow/.local/lib/python3.12/site-packages/airflow/example_dags/example_bash_operator.py for tasks to queue
[2025-06-27T16:59:58.246+0000] {logging_mixin.py:190} INFO - [2025-06-27T16:59:58.246+0000] {dagbag.py:588} INFO - Filling up the DagBag from /home/airflow/.local/lib/python3.12/site-packages/airflow/example_dags/example_bash_operator.py
[2025-06-27T16:59:58.258+0000] {processor.py:925} INFO - DAG(s) 'example_bash_operator' retrieved from /home/airflow/.local/lib/python3.12/site-packages/airflow/example_dags/example_bash_operator.py
[2025-06-27T16:59:58.281+0000] {logging_mixin.py:190} INFO - [2025-06-27T16:59:58.281+0000] {dag.py:3239} INFO - Sync 1 DAGs
[2025-06-27T16:59:58.302+0000] {logging_mixin.py:190} INFO - [2025-06-27T16:59:58.302+0000] {dag.py:4180} INFO - Setting next_dagrun for example_bash_operator to 2025-06-27 00:00:00+00:00, run_after=2025-06-28 00:00:00+00:00
[2025-06-27T16:59:58.318+0000] {processor.py:208} INFO - Processing /home/airflow/.local/lib/python3.12/site-packages/airflow/example_dags/example_bash_operator.py took 0.081 seconds
[2025-06-27T17:00:28.772+0000] {processor.py:186} INFO - Started process (PID=568) to work on /home/airflow/.local/lib/python3.12/site-packages/airflow/example_dags/example_bash_operator.py
[2025-06-27T17:00:28.773+0000] {processor.py:914} INFO - Processing file /home/airflow/.local/lib/python3.12/site-packages/airflow/example_dags/example_bash_operator.py for tasks to queue
[2025-06-27T17:00:28.775+0000] {logging_mixin.py:190} INFO - [2025-06-27T17:00:28.775+0000] {dagbag.py:588} INFO - Filling up the DagBag from /home/airflow/.local/lib/python3.12/site-packages/airflow/example_dags/example_bash_operator.py
[2025-06-27T17:00:28.787+0000] {processor.py:925} INFO - DAG(s) 'example_bash_operator' retrieved from /home/airflow/.local/lib/python3.12/site-packages/airflow/example_dags/example_bash_operator.py
[2025-06-27T17:00:28.810+0000] {logging_mixin.py:190} INFO - [2025-06-27T17:00:28.810+0000] {dag.py:3239} INFO - Sync 1 DAGs
[2025-06-27T17:00:28.831+0000] {logging_mixin.py:190} INFO - [2025-06-27T17:00:28.830+0000] {dag.py:4180} INFO - Setting next_dagrun for example_bash_operator to 2025-06-27 00:00:00+00:00, run_after=2025-06-28 00:00:00+00:00
[2025-06-27T17:00:28.847+0000] {processor.py:208} INFO - Processing /home/airflow/.local/lib/python3.12/site-packages/airflow/example_dags/example_bash_operator.py took 0.080 seconds
[2025-06-27T17:01:00.391+0000] {processor.py:186} INFO - Started process (PID=632) to work on /home/airflow/.local/lib/python3.12/site-packages/airflow/example_dags/example_bash_operator.py
[2025-06-27T17:01:00.392+0000] {processor.py:914} INFO - Processing file /home/airflow/.local/lib/python3.12/site-packages/airflow/example_dags/example_bash_operator.py for tasks to queue
[2025-06-27T17:01:00.394+0000] {logging_mixin.py:190} INFO - [2025-06-27T17:01:00.394+0000] {dagbag.py:588} INFO - Filling up the DagBag from /home/airflow/.local/lib/python3.12/site-packages/airflow/example_dags/example_bash_operator.py
[2025-06-27T17:01:00.410+0000] {processor.py:925} INFO - DAG(s) 'example_bash_operator' retrieved from /home/airflow/.local/lib/python3.12/site-packages/airflow/example_dags/example_bash_operator.py
[2025-06-27T17:01:00.445+0000] {logging_mixin.py:190} INFO - [2025-06-27T17:01:00.444+0000] {dag.py:3239} INFO - Sync 1 DAGs
[2025-06-27T17:01:00.489+0000] {logging_mixin.py:190} INFO - [2025-06-27T17:01:00.489+0000] {dag.py:4180} INFO - Setting next_dagrun for example_bash_operator to 2025-06-27 00:00:00+00:00, run_after=2025-06-28 00:00:00+00:00
[2025-06-27T17:01:00.522+0000] {processor.py:208} INFO - Processing /home/airflow/.local/lib/python3.12/site-packages/airflow/example_dags/example_bash_operator.py took 0.139 seconds
[2025-06-27T17:01:33.316+0000] {processor.py:186} INFO - Started process (PID=701) to work on /home/airflow/.local/lib/python3.12/site-packages/airflow/example_dags/example_bash_operator.py
[2025-06-27T17:01:33.317+0000] {processor.py:914} INFO - Processing file /home/airflow/.local/lib/python3.12/site-packages/airflow/example_dags/example_bash_operator.py for tasks to queue
[2025-06-27T17:01:33.319+0000] {logging_mixin.py:190} INFO - [2025-06-27T17:01:33.319+0000] {dagbag.py:588} INFO - Filling up the DagBag from /home/airflow/.local/lib/python3.12/site-packages/airflow/example_dags/example_bash_operator.py
[2025-06-27T17:01:33.332+0000] {processor.py:925} INFO - DAG(s) 'example_bash_operator' retrieved from /home/airflow/.local/lib/python3.12/site-packages/airflow/example_dags/example_bash_operator.py
[2025-06-27T17:01:33.357+0000] {logging_mixin.py:190} INFO - [2025-06-27T17:01:33.357+0000] {dag.py:3239} INFO - Sync 1 DAGs
[2025-06-27T17:01:33.379+0000] {logging_mixin.py:190} INFO - [2025-06-27T17:01:33.379+0000] {dag.py:4180} INFO - Setting next_dagrun for example_bash_operator to 2025-06-27 00:00:00+00:00, run_after=2025-06-28 00:00:00+00:00
[2025-06-27T17:01:33.397+0000] {processor.py:208} INFO - Processing /home/airflow/.local/lib/python3.12/site-packages/airflow/example_dags/example_bash_operator.py took 0.086 seconds
[2025-06-27T17:02:04.560+0000] {processor.py:186} INFO - Started process (PID=771) to work on /home/airflow/.local/lib/python3.12/site-packages/airflow/example_dags/example_bash_operator.py
[2025-06-27T17:02:04.561+0000] {processor.py:914} INFO - Processing file /home/airflow/.local/lib/python3.12/site-packages/airflow/example_dags/example_bash_operator.py for tasks to queue
[2025-06-27T17:02:04.564+0000] {logging_mixin.py:190} INFO - [2025-06-27T17:02:04.563+0000] {dagbag.py:588} INFO - Filling up the DagBag from /home/airflow/.local/lib/python3.12/site-packages/airflow/example_dags/example_bash_operator.py
[2025-06-27T17:02:04.576+0000] {processor.py:925} INFO - DAG(s) 'example_bash_operator' retrieved from /home/airflow/.local/lib/python3.12/site-packages/airflow/example_dags/example_bash_operator.py
[2025-06-27T17:02:04.599+0000] {logging_mixin.py:190} INFO - [2025-06-27T17:02:04.599+0000] {dag.py:3239} INFO - Sync 1 DAGs
[2025-06-27T17:02:04.619+0000] {logging_mixin.py:190} INFO - [2025-06-27T17:02:04.619+0000] {dag.py:4180} INFO - Setting next_dagrun for example_bash_operator to 2025-06-27 00:00:00+00:00, run_after=2025-06-28 00:00:00+00:00
[2025-06-27T17:02:04.636+0000] {processor.py:208} INFO - Processing /home/airflow/.local/lib/python3.12/site-packages/airflow/example_dags/example_bash_operator.py took 0.081 seconds
[2025-06-27T17:02:35.203+0000] {processor.py:186} INFO - Started process (PID=835) to work on /home/airflow/.local/lib/python3.12/site-packages/airflow/example_dags/example_bash_operator.py
[2025-06-27T17:02:35.204+0000] {processor.py:914} INFO - Processing file /home/airflow/.local/lib/python3.12/site-packages/airflow/example_dags/example_bash_operator.py for tasks to queue
[2025-06-27T17:02:35.206+0000] {logging_mixin.py:190} INFO - [2025-06-27T17:02:35.206+0000] {dagbag.py:588} INFO - Filling up the DagBag from /home/airflow/.local/lib/python3.12/site-packages/airflow/example_dags/example_bash_operator.py
[2025-06-27T17:02:35.218+0000] {processor.py:925} INFO - DAG(s) 'example_bash_operator' retrieved from /home/airflow/.local/lib/python3.12/site-packages/airflow/example_dags/example_bash_operator.py
[2025-06-27T17:02:35.241+0000] {logging_mixin.py:190} INFO - [2025-06-27T17:02:35.241+0000] {dag.py:3239} INFO - Sync 1 DAGs
[2025-06-27T17:02:35.262+0000] {logging_mixin.py:190} INFO - [2025-06-27T17:02:35.262+0000] {dag.py:4180} INFO - Setting next_dagrun for example_bash_operator to 2025-06-27 00:00:00+00:00, run_after=2025-06-28 00:00:00+00:00
[2025-06-27T17:02:35.278+0000] {processor.py:208} INFO - Processing /home/airflow/.local/lib/python3.12/site-packages/airflow/example_dags/example_bash_operator.py took 0.080 seconds
[2025-06-27T17:03:05.683+0000] {processor.py:186} INFO - Started process (PID=904) to work on /home/airflow/.local/lib/python3.12/site-packages/airflow/example_dags/example_bash_operator.py
[2025-06-27T17:03:05.684+0000] {processor.py:914} INFO - Processing file /home/airflow/.local/lib/python3.12/site-packages/airflow/example_dags/example_bash_operator.py for tasks to queue
[2025-06-27T17:03:05.687+0000] {logging_mixin.py:190} INFO - [2025-06-27T17:03:05.686+0000] {dagbag.py:588} INFO - Filling up the DagBag from /home/airflow/.local/lib/python3.12/site-packages/airflow/example_dags/example_bash_operator.py
[2025-06-27T17:03:05.700+0000] {processor.py:925} INFO - DAG(s) 'example_bash_operator' retrieved from /home/airflow/.local/lib/python3.12/site-packages/airflow/example_dags/example_bash_operator.py
[2025-06-27T17:03:05.724+0000] {logging_mixin.py:190} INFO - [2025-06-27T17:03:05.724+0000] {dag.py:3239} INFO - Sync 1 DAGs
[2025-06-27T17:03:05.746+0000] {logging_mixin.py:190} INFO - [2025-06-27T17:03:05.746+0000] {dag.py:4180} INFO - Setting next_dagrun for example_bash_operator to 2025-06-27 00:00:00+00:00, run_after=2025-06-28 00:00:00+00:00
[2025-06-27T17:03:05.763+0000] {processor.py:208} INFO - Processing /home/airflow/.local/lib/python3.12/site-packages/airflow/example_dags/example_bash_operator.py took 0.086 seconds
[2025-06-27T17:03:35.962+0000] {processor.py:186} INFO - Started process (PID=967) to work on /home/airflow/.local/lib/python3.12/site-packages/airflow/example_dags/example_bash_operator.py
[2025-06-27T17:03:35.963+0000] {processor.py:914} INFO - Processing file /home/airflow/.local/lib/python3.12/site-packages/airflow/example_dags/example_bash_operator.py for tasks to queue
[2025-06-27T17:03:35.965+0000] {logging_mixin.py:190} INFO - [2025-06-27T17:03:35.964+0000] {dagbag.py:588} INFO - Filling up the DagBag from /home/airflow/.local/lib/python3.12/site-packages/airflow/example_dags/example_bash_operator.py
[2025-06-27T17:03:35.977+0000] {processor.py:925} INFO - DAG(s) 'example_bash_operator' retrieved from /home/airflow/.local/lib/python3.12/site-packages/airflow/example_dags/example_bash_operator.py
[2025-06-27T17:03:36.000+0000] {logging_mixin.py:190} INFO - [2025-06-27T17:03:36.000+0000] {dag.py:3239} INFO - Sync 1 DAGs
[2025-06-27T17:03:36.021+0000] {logging_mixin.py:190} INFO - [2025-06-27T17:03:36.021+0000] {dag.py:4180} INFO - Setting next_dagrun for example_bash_operator to 2025-06-27 00:00:00+00:00, run_after=2025-06-28 00:00:00+00:00
[2025-06-27T17:03:36.039+0000] {processor.py:208} INFO - Processing /home/airflow/.local/lib/python3.12/site-packages/airflow/example_dags/example_bash_operator.py took 0.082 seconds
[2025-06-27T17:04:06.210+0000] {processor.py:186} INFO - Started process (PID=1036) to work on /home/airflow/.local/lib/python3.12/site-packages/airflow/example_dags/example_bash_operator.py
[2025-06-27T17:04:06.211+0000] {processor.py:914} INFO - Processing file /home/airflow/.local/lib/python3.12/site-packages/airflow/example_dags/example_bash_operator.py for tasks to queue
[2025-06-27T17:04:06.214+0000] {logging_mixin.py:190} INFO - [2025-06-27T17:04:06.214+0000] {dagbag.py:588} INFO - Filling up the DagBag from /home/airflow/.local/lib/python3.12/site-packages/airflow/example_dags/example_bash_operator.py
[2025-06-27T17:04:06.228+0000] {processor.py:925} INFO - DAG(s) 'example_bash_operator' retrieved from /home/airflow/.local/lib/python3.12/site-packages/airflow/example_dags/example_bash_operator.py
[2025-06-27T17:04:06.251+0000] {logging_mixin.py:190} INFO - [2025-06-27T17:04:06.251+0000] {dag.py:3239} INFO - Sync 1 DAGs
[2025-06-27T17:04:06.275+0000] {logging_mixin.py:190} INFO - [2025-06-27T17:04:06.275+0000] {dag.py:4180} INFO - Setting next_dagrun for example_bash_operator to 2025-06-27 00:00:00+00:00, run_after=2025-06-28 00:00:00+00:00
[2025-06-27T17:04:06.291+0000] {processor.py:208} INFO - Processing /home/airflow/.local/lib/python3.12/site-packages/airflow/example_dags/example_bash_operator.py took 0.087 seconds
[2025-06-27T17:04:36.750+0000] {processor.py:186} INFO - Started process (PID=1100) to work on /home/airflow/.local/lib/python3.12/site-packages/airflow/example_dags/example_bash_operator.py
[2025-06-27T17:04:36.751+0000] {processor.py:914} INFO - Processing file /home/airflow/.local/lib/python3.12/site-packages/airflow/example_dags/example_bash_operator.py for tasks to queue
[2025-06-27T17:04:36.753+0000] {logging_mixin.py:190} INFO - [2025-06-27T17:04:36.753+0000] {dagbag.py:588} INFO - Filling up the DagBag from /home/airflow/.local/lib/python3.12/site-packages/airflow/example_dags/example_bash_operator.py
[2025-06-27T17:04:36.766+0000] {processor.py:925} INFO - DAG(s) 'example_bash_operator' retrieved from /home/airflow/.local/lib/python3.12/site-packages/airflow/example_dags/example_bash_operator.py
[2025-06-27T17:04:36.788+0000] {logging_mixin.py:190} INFO - [2025-06-27T17:04:36.788+0000] {dag.py:3239} INFO - Sync 1 DAGs
[2025-06-27T17:04:36.808+0000] {logging_mixin.py:190} INFO - [2025-06-27T17:04:36.808+0000] {dag.py:4180} INFO - Setting next_dagrun for example_bash_operator to 2025-06-27 00:00:00+00:00, run_after=2025-06-28 00:00:00+00:00
[2025-06-27T17:04:36.825+0000] {processor.py:208} INFO - Processing /home/airflow/.local/lib/python3.12/site-packages/airflow/example_dags/example_bash_operator.py took 0.080 seconds
[2025-06-27T17:05:06.957+0000] {processor.py:186} INFO - Started process (PID=1169) to work on /home/airflow/.local/lib/python3.12/site-packages/airflow/example_dags/example_bash_operator.py
[2025-06-27T17:05:06.958+0000] {processor.py:914} INFO - Processing file /home/airflow/.local/lib/python3.12/site-packages/airflow/example_dags/example_bash_operator.py for tasks to queue
[2025-06-27T17:05:06.961+0000] {logging_mixin.py:190} INFO - [2025-06-27T17:05:06.960+0000] {dagbag.py:588} INFO - Filling up the DagBag from /home/airflow/.local/lib/python3.12/site-packages/airflow/example_dags/example_bash_operator.py
[2025-06-27T17:05:06.973+0000] {processor.py:925} INFO - DAG(s) 'example_bash_operator' retrieved from /home/airflow/.local/lib/python3.12/site-packages/airflow/example_dags/example_bash_operator.py
[2025-06-27T17:05:06.997+0000] {logging_mixin.py:190} INFO - [2025-06-27T17:05:06.996+0000] {dag.py:3239} INFO - Sync 1 DAGs
[2025-06-27T17:05:07.019+0000] {logging_mixin.py:190} INFO - [2025-06-27T17:05:07.018+0000] {dag.py:4180} INFO - Setting next_dagrun for example_bash_operator to 2025-06-27 00:00:00+00:00, run_after=2025-06-28 00:00:00+00:00
[2025-06-27T17:05:07.039+0000] {processor.py:208} INFO - Processing /home/airflow/.local/lib/python3.12/site-packages/airflow/example_dags/example_bash_operator.py took 0.087 seconds
[2025-06-27T17:05:37.181+0000] {processor.py:186} INFO - Started process (PID=1233) to work on /home/airflow/.local/lib/python3.12/site-packages/airflow/example_dags/example_bash_operator.py
[2025-06-27T17:05:37.182+0000] {processor.py:914} INFO - Processing file /home/airflow/.local/lib/python3.12/site-packages/airflow/example_dags/example_bash_operator.py for tasks to queue
[2025-06-27T17:05:37.185+0000] {logging_mixin.py:190} INFO - [2025-06-27T17:05:37.184+0000] {dagbag.py:588} INFO - Filling up the DagBag from /home/airflow/.local/lib/python3.12/site-packages/airflow/example_dags/example_bash_operator.py
[2025-06-27T17:05:37.200+0000] {processor.py:925} INFO - DAG(s) 'example_bash_operator' retrieved from /home/airflow/.local/lib/python3.12/site-packages/airflow/example_dags/example_bash_operator.py
[2025-06-27T17:05:37.222+0000] {logging_mixin.py:190} INFO - [2025-06-27T17:05:37.222+0000] {dag.py:3239} INFO - Sync 1 DAGs
[2025-06-27T17:05:37.242+0000] {logging_mixin.py:190} INFO - [2025-06-27T17:05:37.242+0000] {dag.py:4180} INFO - Setting next_dagrun for example_bash_operator to 2025-06-27 00:00:00+00:00, run_after=2025-06-28 00:00:00+00:00
[2025-06-27T17:05:37.259+0000] {processor.py:208} INFO - Processing /home/airflow/.local/lib/python3.12/site-packages/airflow/example_dags/example_bash_operator.py took 0.083 seconds
[2025-06-27T17:06:07.487+0000] {processor.py:186} INFO - Started process (PID=1303) to work on /home/airflow/.local/lib/python3.12/site-packages/airflow/example_dags/example_bash_operator.py
[2025-06-27T17:06:07.488+0000] {processor.py:914} INFO - Processing file /home/airflow/.local/lib/python3.12/site-packages/airflow/example_dags/example_bash_operator.py for tasks to queue
[2025-06-27T17:06:07.490+0000] {logging_mixin.py:190} INFO - [2025-06-27T17:06:07.490+0000] {dagbag.py:588} INFO - Filling up the DagBag from /home/airflow/.local/lib/python3.12/site-packages/airflow/example_dags/example_bash_operator.py
[2025-06-27T17:06:07.502+0000] {processor.py:925} INFO - DAG(s) 'example_bash_operator' retrieved from /home/airflow/.local/lib/python3.12/site-packages/airflow/example_dags/example_bash_operator.py
[2025-06-27T17:06:07.525+0000] {logging_mixin.py:190} INFO - [2025-06-27T17:06:07.524+0000] {dag.py:3239} INFO - Sync 1 DAGs
[2025-06-27T17:06:07.546+0000] {logging_mixin.py:190} INFO - [2025-06-27T17:06:07.546+0000] {dag.py:4180} INFO - Setting next_dagrun for example_bash_operator to 2025-06-27 00:00:00+00:00, run_after=2025-06-28 00:00:00+00:00
[2025-06-27T17:06:07.563+0000] {processor.py:208} INFO - Processing /home/airflow/.local/lib/python3.12/site-packages/airflow/example_dags/example_bash_operator.py took 0.081 seconds
[2025-06-27T17:06:37.640+0000] {processor.py:186} INFO - Started process (PID=1367) to work on /home/airflow/.local/lib/python3.12/site-packages/airflow/example_dags/example_bash_operator.py
[2025-06-27T17:06:37.641+0000] {processor.py:914} INFO - Processing file /home/airflow/.local/lib/python3.12/site-packages/airflow/example_dags/example_bash_operator.py for tasks to queue
[2025-06-27T17:06:37.643+0000] {logging_mixin.py:190} INFO - [2025-06-27T17:06:37.643+0000] {dagbag.py:588} INFO - Filling up the DagBag from /home/airflow/.local/lib/python3.12/site-packages/airflow/example_dags/example_bash_operator.py
[2025-06-27T17:06:37.655+0000] {processor.py:925} INFO - DAG(s) 'example_bash_operator' retrieved from /home/airflow/.local/lib/python3.12/site-packages/airflow/example_dags/example_bash_operator.py
[2025-06-27T17:06:37.678+0000] {logging_mixin.py:190} INFO - [2025-06-27T17:06:37.677+0000] {dag.py:3239} INFO - Sync 1 DAGs
[2025-06-27T17:06:37.700+0000] {logging_mixin.py:190} INFO - [2025-06-27T17:06:37.699+0000] {dag.py:4180} INFO - Setting next_dagrun for example_bash_operator to 2025-06-27 00:00:00+00:00, run_after=2025-06-28 00:00:00+00:00
[2025-06-27T17:06:37.716+0000] {processor.py:208} INFO - Processing /home/airflow/.local/lib/python3.12/site-packages/airflow/example_dags/example_bash_operator.py took 0.081 seconds
[2025-06-27T17:07:07.887+0000] {processor.py:186} INFO - Started process (PID=1436) to work on /home/airflow/.local/lib/python3.12/site-packages/airflow/example_dags/example_bash_operator.py
[2025-06-27T17:07:07.888+0000] {processor.py:914} INFO - Processing file /home/airflow/.local/lib/python3.12/site-packages/airflow/example_dags/example_bash_operator.py for tasks to queue
[2025-06-27T17:07:07.891+0000] {logging_mixin.py:190} INFO - [2025-06-27T17:07:07.891+0000] {dagbag.py:588} INFO - Filling up the DagBag from /home/airflow/.local/lib/python3.12/site-packages/airflow/example_dags/example_bash_operator.py
[2025-06-27T17:07:07.906+0000] {processor.py:925} INFO - DAG(s) 'example_bash_operator' retrieved from /home/airflow/.local/lib/python3.12/site-packages/airflow/example_dags/example_bash_operator.py
[2025-06-27T17:07:07.930+0000] {logging_mixin.py:190} INFO - [2025-06-27T17:07:07.930+0000] {dag.py:3239} INFO - Sync 1 DAGs
[2025-06-27T17:07:07.953+0000] {logging_mixin.py:190} INFO - [2025-06-27T17:07:07.953+0000] {dag.py:4180} INFO - Setting next_dagrun for example_bash_operator to 2025-06-27 00:00:00+00:00, run_after=2025-06-28 00:00:00+00:00
[2025-06-27T17:07:07.974+0000] {processor.py:208} INFO - Processing /home/airflow/.local/lib/python3.12/site-packages/airflow/example_dags/example_bash_operator.py took 0.093 seconds
[2025-06-27T17:07:38.618+0000] {processor.py:186} INFO - Started process (PID=1500) to work on /home/airflow/.local/lib/python3.12/site-packages/airflow/example_dags/example_bash_operator.py
[2025-06-27T17:07:38.619+0000] {processor.py:914} INFO - Processing file /home/airflow/.local/lib/python3.12/site-packages/airflow/example_dags/example_bash_operator.py for tasks to queue
[2025-06-27T17:07:38.621+0000] {logging_mixin.py:190} INFO - [2025-06-27T17:07:38.621+0000] {dagbag.py:588} INFO - Filling up the DagBag from /home/airflow/.local/lib/python3.12/site-packages/airflow/example_dags/example_bash_operator.py
[2025-06-27T17:07:38.634+0000] {processor.py:925} INFO - DAG(s) 'example_bash_operator' retrieved from /home/airflow/.local/lib/python3.12/site-packages/airflow/example_dags/example_bash_operator.py
[2025-06-27T17:07:38.657+0000] {logging_mixin.py:190} INFO - [2025-06-27T17:07:38.656+0000] {dag.py:3239} INFO - Sync 1 DAGs
[2025-06-27T17:07:38.679+0000] {logging_mixin.py:190} INFO - [2025-06-27T17:07:38.679+0000] {dag.py:4180} INFO - Setting next_dagrun for example_bash_operator to 2025-06-27 00:00:00+00:00, run_after=2025-06-28 00:00:00+00:00
[2025-06-27T17:07:38.697+0000] {processor.py:208} INFO - Processing /home/airflow/.local/lib/python3.12/site-packages/airflow/example_dags/example_bash_operator.py took 0.084 seconds
[2025-06-27T17:08:09.321+0000] {processor.py:186} INFO - Started process (PID=1570) to work on /home/airflow/.local/lib/python3.12/site-packages/airflow/example_dags/example_bash_operator.py
[2025-06-27T17:08:09.322+0000] {processor.py:914} INFO - Processing file /home/airflow/.local/lib/python3.12/site-packages/airflow/example_dags/example_bash_operator.py for tasks to queue
[2025-06-27T17:08:09.325+0000] {logging_mixin.py:190} INFO - [2025-06-27T17:08:09.324+0000] {dagbag.py:588} INFO - Filling up the DagBag from /home/airflow/.local/lib/python3.12/site-packages/airflow/example_dags/example_bash_operator.py
[2025-06-27T17:08:09.338+0000] {processor.py:925} INFO - DAG(s) 'example_bash_operator' retrieved from /home/airflow/.local/lib/python3.12/site-packages/airflow/example_dags/example_bash_operator.py
[2025-06-27T17:08:09.360+0000] {logging_mixin.py:190} INFO - [2025-06-27T17:08:09.360+0000] {dag.py:3239} INFO - Sync 1 DAGs
[2025-06-27T17:08:09.381+0000] {logging_mixin.py:190} INFO - [2025-06-27T17:08:09.381+0000] {dag.py:4180} INFO - Setting next_dagrun for example_bash_operator to 2025-06-27 00:00:00+00:00, run_after=2025-06-28 00:00:00+00:00
[2025-06-27T17:08:09.398+0000] {processor.py:208} INFO - Processing /home/airflow/.local/lib/python3.12/site-packages/airflow/example_dags/example_bash_operator.py took 0.083 seconds
[2025-06-27T17:08:39.566+0000] {processor.py:186} INFO - Started process (PID=1634) to work on /home/airflow/.local/lib/python3.12/site-packages/airflow/example_dags/example_bash_operator.py
[2025-06-27T17:08:39.567+0000] {processor.py:914} INFO - Processing file /home/airflow/.local/lib/python3.12/site-packages/airflow/example_dags/example_bash_operator.py for tasks to queue
[2025-06-27T17:08:39.569+0000] {logging_mixin.py:190} INFO - [2025-06-27T17:08:39.569+0000] {dagbag.py:588} INFO - Filling up the DagBag from /home/airflow/.local/lib/python3.12/site-packages/airflow/example_dags/example_bash_operator.py
[2025-06-27T17:08:39.581+0000] {processor.py:925} INFO - DAG(s) 'example_bash_operator' retrieved from /home/airflow/.local/lib/python3.12/site-packages/airflow/example_dags/example_bash_operator.py
[2025-06-27T17:08:39.603+0000] {logging_mixin.py:190} INFO - [2025-06-27T17:08:39.603+0000] {dag.py:3239} INFO - Sync 1 DAGs
[2025-06-27T17:08:39.624+0000] {logging_mixin.py:190} INFO - [2025-06-27T17:08:39.624+0000] {dag.py:4180} INFO - Setting next_dagrun for example_bash_operator to 2025-06-27 00:00:00+00:00, run_after=2025-06-28 00:00:00+00:00
[2025-06-27T17:08:39.641+0000] {processor.py:208} INFO - Processing /home/airflow/.local/lib/python3.12/site-packages/airflow/example_dags/example_bash_operator.py took 0.081 seconds
[2025-06-27T17:09:10.091+0000] {processor.py:186} INFO - Started process (PID=1703) to work on /home/airflow/.local/lib/python3.12/site-packages/airflow/example_dags/example_bash_operator.py
[2025-06-27T17:09:10.092+0000] {processor.py:914} INFO - Processing file /home/airflow/.local/lib/python3.12/site-packages/airflow/example_dags/example_bash_operator.py for tasks to queue
[2025-06-27T17:09:10.094+0000] {logging_mixin.py:190} INFO - [2025-06-27T17:09:10.094+0000] {dagbag.py:588} INFO - Filling up the DagBag from /home/airflow/.local/lib/python3.12/site-packages/airflow/example_dags/example_bash_operator.py
[2025-06-27T17:09:10.106+0000] {processor.py:925} INFO - DAG(s) 'example_bash_operator' retrieved from /home/airflow/.local/lib/python3.12/site-packages/airflow/example_dags/example_bash_operator.py
[2025-06-27T17:09:10.129+0000] {logging_mixin.py:190} INFO - [2025-06-27T17:09:10.129+0000] {dag.py:3239} INFO - Sync 1 DAGs
[2025-06-27T17:09:10.152+0000] {logging_mixin.py:190} INFO - [2025-06-27T17:09:10.152+0000] {dag.py:4180} INFO - Setting next_dagrun for example_bash_operator to 2025-06-27 00:00:00+00:00, run_after=2025-06-28 00:00:00+00:00
[2025-06-27T17:09:10.169+0000] {processor.py:208} INFO - Processing /home/airflow/.local/lib/python3.12/site-packages/airflow/example_dags/example_bash_operator.py took 0.084 seconds
[2025-06-27T17:09:40.412+0000] {processor.py:186} INFO - Started process (PID=1767) to work on /home/airflow/.local/lib/python3.12/site-packages/airflow/example_dags/example_bash_operator.py
[2025-06-27T17:09:40.414+0000] {processor.py:914} INFO - Processing file /home/airflow/.local/lib/python3.12/site-packages/airflow/example_dags/example_bash_operator.py for tasks to queue
[2025-06-27T17:09:40.417+0000] {logging_mixin.py:190} INFO - [2025-06-27T17:09:40.417+0000] {dagbag.py:588} INFO - Filling up the DagBag from /home/airflow/.local/lib/python3.12/site-packages/airflow/example_dags/example_bash_operator.py
[2025-06-27T17:09:40.430+0000] {processor.py:925} INFO - DAG(s) 'example_bash_operator' retrieved from /home/airflow/.local/lib/python3.12/site-packages/airflow/example_dags/example_bash_operator.py
[2025-06-27T17:09:40.452+0000] {logging_mixin.py:190} INFO - [2025-06-27T17:09:40.452+0000] {dag.py:3239} INFO - Sync 1 DAGs
[2025-06-27T17:09:40.476+0000] {logging_mixin.py:190} INFO - [2025-06-27T17:09:40.476+0000] {dag.py:4180} INFO - Setting next_dagrun for example_bash_operator to 2025-06-27 00:00:00+00:00, run_after=2025-06-28 00:00:00+00:00
[2025-06-27T17:09:40.492+0000] {processor.py:208} INFO - Processing /home/airflow/.local/lib/python3.12/site-packages/airflow/example_dags/example_bash_operator.py took 0.085 seconds
[2025-06-27T17:10:10.993+0000] {processor.py:186} INFO - Started process (PID=1838) to work on /home/airflow/.local/lib/python3.12/site-packages/airflow/example_dags/example_bash_operator.py
[2025-06-27T17:10:10.994+0000] {processor.py:914} INFO - Processing file /home/airflow/.local/lib/python3.12/site-packages/airflow/example_dags/example_bash_operator.py for tasks to queue
[2025-06-27T17:10:10.996+0000] {logging_mixin.py:190} INFO - [2025-06-27T17:10:10.996+0000] {dagbag.py:588} INFO - Filling up the DagBag from /home/airflow/.local/lib/python3.12/site-packages/airflow/example_dags/example_bash_operator.py
[2025-06-27T17:10:11.009+0000] {processor.py:925} INFO - DAG(s) 'example_bash_operator' retrieved from /home/airflow/.local/lib/python3.12/site-packages/airflow/example_dags/example_bash_operator.py
[2025-06-27T17:10:11.033+0000] {logging_mixin.py:190} INFO - [2025-06-27T17:10:11.033+0000] {dag.py:3239} INFO - Sync 1 DAGs
[2025-06-27T17:10:11.054+0000] {logging_mixin.py:190} INFO - [2025-06-27T17:10:11.054+0000] {dag.py:4180} INFO - Setting next_dagrun for example_bash_operator to 2025-06-27 00:00:00+00:00, run_after=2025-06-28 00:00:00+00:00
[2025-06-27T17:10:11.071+0000] {processor.py:208} INFO - Processing /home/airflow/.local/lib/python3.12/site-packages/airflow/example_dags/example_bash_operator.py took 0.085 seconds
[2025-06-27T17:10:41.378+0000] {processor.py:186} INFO - Started process (PID=1902) to work on /home/airflow/.local/lib/python3.12/site-packages/airflow/example_dags/example_bash_operator.py
[2025-06-27T17:10:41.379+0000] {processor.py:914} INFO - Processing file /home/airflow/.local/lib/python3.12/site-packages/airflow/example_dags/example_bash_operator.py for tasks to queue
[2025-06-27T17:10:41.381+0000] {logging_mixin.py:190} INFO - [2025-06-27T17:10:41.381+0000] {dagbag.py:588} INFO - Filling up the DagBag from /home/airflow/.local/lib/python3.12/site-packages/airflow/example_dags/example_bash_operator.py
[2025-06-27T17:10:41.393+0000] {processor.py:925} INFO - DAG(s) 'example_bash_operator' retrieved from /home/airflow/.local/lib/python3.12/site-packages/airflow/example_dags/example_bash_operator.py
[2025-06-27T17:10:41.416+0000] {logging_mixin.py:190} INFO - [2025-06-27T17:10:41.415+0000] {dag.py:3239} INFO - Sync 1 DAGs
[2025-06-27T17:10:41.438+0000] {logging_mixin.py:190} INFO - [2025-06-27T17:10:41.437+0000] {dag.py:4180} INFO - Setting next_dagrun for example_bash_operator to 2025-06-27 00:00:00+00:00, run_after=2025-06-28 00:00:00+00:00
[2025-06-27T17:10:41.455+0000] {processor.py:208} INFO - Processing /home/airflow/.local/lib/python3.12/site-packages/airflow/example_dags/example_bash_operator.py took 0.082 seconds
[2025-06-27T17:11:11.896+0000] {processor.py:186} INFO - Started process (PID=1970) to work on /home/airflow/.local/lib/python3.12/site-packages/airflow/example_dags/example_bash_operator.py
[2025-06-27T17:11:11.897+0000] {processor.py:914} INFO - Processing file /home/airflow/.local/lib/python3.12/site-packages/airflow/example_dags/example_bash_operator.py for tasks to queue
[2025-06-27T17:11:11.899+0000] {logging_mixin.py:190} INFO - [2025-06-27T17:11:11.899+0000] {dagbag.py:588} INFO - Filling up the DagBag from /home/airflow/.local/lib/python3.12/site-packages/airflow/example_dags/example_bash_operator.py
[2025-06-27T17:11:11.911+0000] {processor.py:925} INFO - DAG(s) 'example_bash_operator' retrieved from /home/airflow/.local/lib/python3.12/site-packages/airflow/example_dags/example_bash_operator.py
[2025-06-27T17:11:11.932+0000] {logging_mixin.py:190} INFO - [2025-06-27T17:11:11.932+0000] {dag.py:3239} INFO - Sync 1 DAGs
[2025-06-27T17:11:11.952+0000] {logging_mixin.py:190} INFO - [2025-06-27T17:11:11.952+0000] {dag.py:4180} INFO - Setting next_dagrun for example_bash_operator to 2025-06-27 00:00:00+00:00, run_after=2025-06-28 00:00:00+00:00
[2025-06-27T17:11:11.969+0000] {processor.py:208} INFO - Processing /home/airflow/.local/lib/python3.12/site-packages/airflow/example_dags/example_bash_operator.py took 0.078 seconds
[2025-06-27T17:11:42.102+0000] {processor.py:186} INFO - Started process (PID=2034) to work on /home/airflow/.local/lib/python3.12/site-packages/airflow/example_dags/example_bash_operator.py
[2025-06-27T17:11:42.103+0000] {processor.py:914} INFO - Processing file /home/airflow/.local/lib/python3.12/site-packages/airflow/example_dags/example_bash_operator.py for tasks to queue
[2025-06-27T17:11:42.105+0000] {logging_mixin.py:190} INFO - [2025-06-27T17:11:42.105+0000] {dagbag.py:588} INFO - Filling up the DagBag from /home/airflow/.local/lib/python3.12/site-packages/airflow/example_dags/example_bash_operator.py
[2025-06-27T17:11:42.119+0000] {processor.py:925} INFO - DAG(s) 'example_bash_operator' retrieved from /home/airflow/.local/lib/python3.12/site-packages/airflow/example_dags/example_bash_operator.py
[2025-06-27T17:11:42.147+0000] {logging_mixin.py:190} INFO - [2025-06-27T17:11:42.146+0000] {dag.py:3239} INFO - Sync 1 DAGs
[2025-06-27T17:11:42.175+0000] {logging_mixin.py:190} INFO - [2025-06-27T17:11:42.175+0000] {dag.py:4180} INFO - Setting next_dagrun for example_bash_operator to 2025-06-27 00:00:00+00:00, run_after=2025-06-28 00:00:00+00:00
[2025-06-27T17:11:42.197+0000] {processor.py:208} INFO - Processing /home/airflow/.local/lib/python3.12/site-packages/airflow/example_dags/example_bash_operator.py took 0.102 seconds
