[2025-06-27T16:57:56.753+0000] {processor.py:186} INFO - Started process (PID=156) to work on /home/airflow/.local/lib/python3.12/site-packages/airflow/example_dags/example_dataset_alias.py
[2025-06-27T16:57:56.754+0000] {processor.py:914} INFO - Processing file /home/airflow/.local/lib/python3.12/site-packages/airflow/example_dags/example_dataset_alias.py for tasks to queue
[2025-06-27T16:57:56.756+0000] {logging_mixin.py:190} INFO - [2025-06-27T16:57:56.756+0000] {dagbag.py:588} INFO - Filling up the DagBag from /home/airflow/.local/lib/python3.12/site-packages/airflow/example_dags/example_dataset_alias.py
[2025-06-27T16:57:57.686+0000] {processor.py:925} INFO - DAG(s) 'dataset_s3_bucket_consumer', 'dataset_alias_example_alias_consumer', 'dataset_alias_example_alias_producer', 'dataset_s3_bucket_producer' retrieved from /home/airflow/.local/lib/python3.12/site-packages/airflow/example_dags/example_dataset_alias.py
[2025-06-27T16:57:57.715+0000] {logging_mixin.py:190} INFO - [2025-06-27T16:57:57.714+0000] {dag.py:3239} INFO - Sync 4 DAGs
[2025-06-27T16:57:57.766+0000] {logging_mixin.py:190} INFO - [2025-06-27T16:57:57.766+0000] {dag.py:4180} INFO - Setting next_dagrun for dataset_alias_example_alias_consumer to None, run_after=None
[2025-06-27T16:57:57.777+0000] {logging_mixin.py:190} INFO - [2025-06-27T16:57:57.777+0000] {dag.py:4180} INFO - Setting next_dagrun for dataset_alias_example_alias_producer to None, run_after=None
[2025-06-27T16:57:57.785+0000] {logging_mixin.py:190} INFO - [2025-06-27T16:57:57.785+0000] {dag.py:4180} INFO - Setting next_dagrun for dataset_s3_bucket_consumer to None, run_after=None
[2025-06-27T16:57:57.788+0000] {logging_mixin.py:190} INFO - [2025-06-27T16:57:57.788+0000] {dag.py:4180} INFO - Setting next_dagrun for dataset_s3_bucket_producer to None, run_after=None
[2025-06-27T16:57:57.835+0000] {processor.py:208} INFO - Processing /home/airflow/.local/lib/python3.12/site-packages/airflow/example_dags/example_dataset_alias.py took 1.087 seconds
[2025-06-27T16:58:28.185+0000] {processor.py:186} INFO - Started process (PID=291) to work on /home/airflow/.local/lib/python3.12/site-packages/airflow/example_dags/example_dataset_alias.py
[2025-06-27T16:58:28.186+0000] {processor.py:914} INFO - Processing file /home/airflow/.local/lib/python3.12/site-packages/airflow/example_dags/example_dataset_alias.py for tasks to queue
[2025-06-27T16:58:28.189+0000] {logging_mixin.py:190} INFO - [2025-06-27T16:58:28.189+0000] {dagbag.py:588} INFO - Filling up the DagBag from /home/airflow/.local/lib/python3.12/site-packages/airflow/example_dags/example_dataset_alias.py
[2025-06-27T16:58:28.784+0000] {processor.py:925} INFO - DAG(s) 'dataset_alias_example_alias_consumer', 'dataset_s3_bucket_producer', 'dataset_s3_bucket_consumer', 'dataset_alias_example_alias_producer' retrieved from /home/airflow/.local/lib/python3.12/site-packages/airflow/example_dags/example_dataset_alias.py
[2025-06-27T16:58:28.805+0000] {logging_mixin.py:190} INFO - [2025-06-27T16:58:28.804+0000] {dag.py:3239} INFO - Sync 4 DAGs
[2025-06-27T16:58:28.824+0000] {logging_mixin.py:190} INFO - [2025-06-27T16:58:28.824+0000] {dag.py:4180} INFO - Setting next_dagrun for dataset_alias_example_alias_consumer to None, run_after=None
[2025-06-27T16:58:28.827+0000] {logging_mixin.py:190} INFO - [2025-06-27T16:58:28.826+0000] {dag.py:4180} INFO - Setting next_dagrun for dataset_alias_example_alias_producer to None, run_after=None
[2025-06-27T16:58:28.828+0000] {logging_mixin.py:190} INFO - [2025-06-27T16:58:28.828+0000] {dag.py:4180} INFO - Setting next_dagrun for dataset_s3_bucket_consumer to None, run_after=None
[2025-06-27T16:58:28.830+0000] {logging_mixin.py:190} INFO - [2025-06-27T16:58:28.829+0000] {dag.py:4180} INFO - Setting next_dagrun for dataset_s3_bucket_producer to None, run_after=None
[2025-06-27T16:58:28.852+0000] {processor.py:208} INFO - Processing /home/airflow/.local/lib/python3.12/site-packages/airflow/example_dags/example_dataset_alias.py took 0.675 seconds
[2025-06-27T16:58:58.975+0000] {processor.py:186} INFO - Started process (PID=370) to work on /home/airflow/.local/lib/python3.12/site-packages/airflow/example_dags/example_dataset_alias.py
[2025-06-27T16:58:58.976+0000] {processor.py:914} INFO - Processing file /home/airflow/.local/lib/python3.12/site-packages/airflow/example_dags/example_dataset_alias.py for tasks to queue
[2025-06-27T16:58:58.978+0000] {logging_mixin.py:190} INFO - [2025-06-27T16:58:58.978+0000] {dagbag.py:588} INFO - Filling up the DagBag from /home/airflow/.local/lib/python3.12/site-packages/airflow/example_dags/example_dataset_alias.py
[2025-06-27T16:58:59.516+0000] {processor.py:925} INFO - DAG(s) 'dataset_s3_bucket_consumer', 'dataset_alias_example_alias_consumer', 'dataset_s3_bucket_producer', 'dataset_alias_example_alias_producer' retrieved from /home/airflow/.local/lib/python3.12/site-packages/airflow/example_dags/example_dataset_alias.py
[2025-06-27T16:58:59.534+0000] {logging_mixin.py:190} INFO - [2025-06-27T16:58:59.534+0000] {dag.py:3239} INFO - Sync 4 DAGs
[2025-06-27T16:58:59.552+0000] {logging_mixin.py:190} INFO - [2025-06-27T16:58:59.552+0000] {dag.py:4180} INFO - Setting next_dagrun for dataset_alias_example_alias_consumer to None, run_after=None
[2025-06-27T16:58:59.554+0000] {logging_mixin.py:190} INFO - [2025-06-27T16:58:59.554+0000] {dag.py:4180} INFO - Setting next_dagrun for dataset_alias_example_alias_producer to None, run_after=None
[2025-06-27T16:58:59.556+0000] {logging_mixin.py:190} INFO - [2025-06-27T16:58:59.555+0000] {dag.py:4180} INFO - Setting next_dagrun for dataset_s3_bucket_consumer to None, run_after=None
[2025-06-27T16:58:59.557+0000] {logging_mixin.py:190} INFO - [2025-06-27T16:58:59.557+0000] {dag.py:4180} INFO - Setting next_dagrun for dataset_s3_bucket_producer to None, run_after=None
[2025-06-27T16:58:59.575+0000] {processor.py:208} INFO - Processing /home/airflow/.local/lib/python3.12/site-packages/airflow/example_dags/example_dataset_alias.py took 0.605 seconds
[2025-06-27T16:59:29.900+0000] {processor.py:186} INFO - Started process (PID=439) to work on /home/airflow/.local/lib/python3.12/site-packages/airflow/example_dags/example_dataset_alias.py
[2025-06-27T16:59:29.901+0000] {processor.py:914} INFO - Processing file /home/airflow/.local/lib/python3.12/site-packages/airflow/example_dags/example_dataset_alias.py for tasks to queue
[2025-06-27T16:59:29.903+0000] {logging_mixin.py:190} INFO - [2025-06-27T16:59:29.902+0000] {dagbag.py:588} INFO - Filling up the DagBag from /home/airflow/.local/lib/python3.12/site-packages/airflow/example_dags/example_dataset_alias.py
[2025-06-27T16:59:30.396+0000] {processor.py:925} INFO - DAG(s) 'dataset_alias_example_alias_producer', 'dataset_alias_example_alias_consumer', 'dataset_s3_bucket_producer', 'dataset_s3_bucket_consumer' retrieved from /home/airflow/.local/lib/python3.12/site-packages/airflow/example_dags/example_dataset_alias.py
[2025-06-27T16:59:30.413+0000] {logging_mixin.py:190} INFO - [2025-06-27T16:59:30.413+0000] {dag.py:3239} INFO - Sync 4 DAGs
[2025-06-27T16:59:30.432+0000] {logging_mixin.py:190} INFO - [2025-06-27T16:59:30.432+0000] {dag.py:4180} INFO - Setting next_dagrun for dataset_alias_example_alias_consumer to None, run_after=None
[2025-06-27T16:59:30.436+0000] {logging_mixin.py:190} INFO - [2025-06-27T16:59:30.436+0000] {dag.py:4180} INFO - Setting next_dagrun for dataset_alias_example_alias_producer to None, run_after=None
[2025-06-27T16:59:30.438+0000] {logging_mixin.py:190} INFO - [2025-06-27T16:59:30.438+0000] {dag.py:4180} INFO - Setting next_dagrun for dataset_s3_bucket_consumer to None, run_after=None
[2025-06-27T16:59:30.440+0000] {logging_mixin.py:190} INFO - [2025-06-27T16:59:30.439+0000] {dag.py:4180} INFO - Setting next_dagrun for dataset_s3_bucket_producer to None, run_after=None
[2025-06-27T16:59:30.461+0000] {processor.py:208} INFO - Processing /home/airflow/.local/lib/python3.12/site-packages/airflow/example_dags/example_dataset_alias.py took 0.566 seconds
[2025-06-27T17:00:00.551+0000] {processor.py:186} INFO - Started process (PID=503) to work on /home/airflow/.local/lib/python3.12/site-packages/airflow/example_dags/example_dataset_alias.py
[2025-06-27T17:00:00.552+0000] {processor.py:914} INFO - Processing file /home/airflow/.local/lib/python3.12/site-packages/airflow/example_dags/example_dataset_alias.py for tasks to queue
[2025-06-27T17:00:00.554+0000] {logging_mixin.py:190} INFO - [2025-06-27T17:00:00.554+0000] {dagbag.py:588} INFO - Filling up the DagBag from /home/airflow/.local/lib/python3.12/site-packages/airflow/example_dags/example_dataset_alias.py
[2025-06-27T17:00:01.065+0000] {processor.py:925} INFO - DAG(s) 'dataset_alias_example_alias_producer', 'dataset_alias_example_alias_consumer', 'dataset_s3_bucket_consumer', 'dataset_s3_bucket_producer' retrieved from /home/airflow/.local/lib/python3.12/site-packages/airflow/example_dags/example_dataset_alias.py
[2025-06-27T17:00:01.081+0000] {logging_mixin.py:190} INFO - [2025-06-27T17:00:01.081+0000] {dag.py:3239} INFO - Sync 4 DAGs
[2025-06-27T17:00:01.100+0000] {logging_mixin.py:190} INFO - [2025-06-27T17:00:01.100+0000] {dag.py:4180} INFO - Setting next_dagrun for dataset_alias_example_alias_consumer to None, run_after=None
[2025-06-27T17:00:01.104+0000] {logging_mixin.py:190} INFO - [2025-06-27T17:00:01.104+0000] {dag.py:4180} INFO - Setting next_dagrun for dataset_alias_example_alias_producer to None, run_after=None
[2025-06-27T17:00:01.106+0000] {logging_mixin.py:190} INFO - [2025-06-27T17:00:01.106+0000] {dag.py:4180} INFO - Setting next_dagrun for dataset_s3_bucket_consumer to None, run_after=None
[2025-06-27T17:00:01.107+0000] {logging_mixin.py:190} INFO - [2025-06-27T17:00:01.106+0000] {dag.py:4180} INFO - Setting next_dagrun for dataset_s3_bucket_producer to None, run_after=None
[2025-06-27T17:00:01.128+0000] {processor.py:208} INFO - Processing /home/airflow/.local/lib/python3.12/site-packages/airflow/example_dags/example_dataset_alias.py took 0.583 seconds
[2025-06-27T17:00:31.428+0000] {processor.py:186} INFO - Started process (PID=573) to work on /home/airflow/.local/lib/python3.12/site-packages/airflow/example_dags/example_dataset_alias.py
[2025-06-27T17:00:31.430+0000] {processor.py:914} INFO - Processing file /home/airflow/.local/lib/python3.12/site-packages/airflow/example_dags/example_dataset_alias.py for tasks to queue
[2025-06-27T17:00:31.433+0000] {logging_mixin.py:190} INFO - [2025-06-27T17:00:31.432+0000] {dagbag.py:588} INFO - Filling up the DagBag from /home/airflow/.local/lib/python3.12/site-packages/airflow/example_dags/example_dataset_alias.py
[2025-06-27T17:00:31.982+0000] {processor.py:925} INFO - DAG(s) 'dataset_alias_example_alias_consumer', 'dataset_s3_bucket_consumer', 'dataset_s3_bucket_producer', 'dataset_alias_example_alias_producer' retrieved from /home/airflow/.local/lib/python3.12/site-packages/airflow/example_dags/example_dataset_alias.py
[2025-06-27T17:00:31.998+0000] {logging_mixin.py:190} INFO - [2025-06-27T17:00:31.998+0000] {dag.py:3239} INFO - Sync 4 DAGs
[2025-06-27T17:00:32.017+0000] {logging_mixin.py:190} INFO - [2025-06-27T17:00:32.017+0000] {dag.py:4180} INFO - Setting next_dagrun for dataset_alias_example_alias_consumer to None, run_after=None
[2025-06-27T17:00:32.020+0000] {logging_mixin.py:190} INFO - [2025-06-27T17:00:32.020+0000] {dag.py:4180} INFO - Setting next_dagrun for dataset_alias_example_alias_producer to None, run_after=None
[2025-06-27T17:00:32.026+0000] {logging_mixin.py:190} INFO - [2025-06-27T17:00:32.025+0000] {dag.py:4180} INFO - Setting next_dagrun for dataset_s3_bucket_consumer to None, run_after=None
[2025-06-27T17:00:32.027+0000] {logging_mixin.py:190} INFO - [2025-06-27T17:00:32.027+0000] {dag.py:4180} INFO - Setting next_dagrun for dataset_s3_bucket_producer to None, run_after=None
[2025-06-27T17:00:32.046+0000] {processor.py:208} INFO - Processing /home/airflow/.local/lib/python3.12/site-packages/airflow/example_dags/example_dataset_alias.py took 0.623 seconds
[2025-06-27T17:01:02.747+0000] {processor.py:186} INFO - Started process (PID=642) to work on /home/airflow/.local/lib/python3.12/site-packages/airflow/example_dags/example_dataset_alias.py
[2025-06-27T17:01:02.749+0000] {processor.py:914} INFO - Processing file /home/airflow/.local/lib/python3.12/site-packages/airflow/example_dags/example_dataset_alias.py for tasks to queue
[2025-06-27T17:01:02.753+0000] {logging_mixin.py:190} INFO - [2025-06-27T17:01:02.752+0000] {dagbag.py:588} INFO - Filling up the DagBag from /home/airflow/.local/lib/python3.12/site-packages/airflow/example_dags/example_dataset_alias.py
[2025-06-27T17:01:03.833+0000] {processor.py:925} INFO - DAG(s) 'dataset_alias_example_alias_consumer', 'dataset_s3_bucket_consumer', 'dataset_s3_bucket_producer', 'dataset_alias_example_alias_producer' retrieved from /home/airflow/.local/lib/python3.12/site-packages/airflow/example_dags/example_dataset_alias.py
[2025-06-27T17:01:03.865+0000] {logging_mixin.py:190} INFO - [2025-06-27T17:01:03.864+0000] {dag.py:3239} INFO - Sync 4 DAGs
[2025-06-27T17:01:03.895+0000] {logging_mixin.py:190} INFO - [2025-06-27T17:01:03.895+0000] {dag.py:4180} INFO - Setting next_dagrun for dataset_alias_example_alias_consumer to None, run_after=None
[2025-06-27T17:01:03.899+0000] {logging_mixin.py:190} INFO - [2025-06-27T17:01:03.899+0000] {dag.py:4180} INFO - Setting next_dagrun for dataset_alias_example_alias_producer to None, run_after=None
[2025-06-27T17:01:03.905+0000] {logging_mixin.py:190} INFO - [2025-06-27T17:01:03.905+0000] {dag.py:4180} INFO - Setting next_dagrun for dataset_s3_bucket_consumer to None, run_after=None
[2025-06-27T17:01:03.908+0000] {logging_mixin.py:190} INFO - [2025-06-27T17:01:03.907+0000] {dag.py:4180} INFO - Setting next_dagrun for dataset_s3_bucket_producer to None, run_after=None
[2025-06-27T17:01:03.939+0000] {processor.py:208} INFO - Processing /home/airflow/.local/lib/python3.12/site-packages/airflow/example_dags/example_dataset_alias.py took 1.199 seconds
[2025-06-27T17:01:34.565+0000] {processor.py:186} INFO - Started process (PID=706) to work on /home/airflow/.local/lib/python3.12/site-packages/airflow/example_dags/example_dataset_alias.py
[2025-06-27T17:01:34.566+0000] {processor.py:914} INFO - Processing file /home/airflow/.local/lib/python3.12/site-packages/airflow/example_dags/example_dataset_alias.py for tasks to queue
[2025-06-27T17:01:34.569+0000] {logging_mixin.py:190} INFO - [2025-06-27T17:01:34.568+0000] {dagbag.py:588} INFO - Filling up the DagBag from /home/airflow/.local/lib/python3.12/site-packages/airflow/example_dags/example_dataset_alias.py
[2025-06-27T17:01:35.143+0000] {processor.py:925} INFO - DAG(s) 'dataset_alias_example_alias_consumer', 'dataset_s3_bucket_producer', 'dataset_s3_bucket_consumer', 'dataset_alias_example_alias_producer' retrieved from /home/airflow/.local/lib/python3.12/site-packages/airflow/example_dags/example_dataset_alias.py
[2025-06-27T17:01:35.161+0000] {logging_mixin.py:190} INFO - [2025-06-27T17:01:35.160+0000] {dag.py:3239} INFO - Sync 4 DAGs
[2025-06-27T17:01:35.181+0000] {logging_mixin.py:190} INFO - [2025-06-27T17:01:35.181+0000] {dag.py:4180} INFO - Setting next_dagrun for dataset_alias_example_alias_consumer to None, run_after=None
[2025-06-27T17:01:35.183+0000] {logging_mixin.py:190} INFO - [2025-06-27T17:01:35.183+0000] {dag.py:4180} INFO - Setting next_dagrun for dataset_alias_example_alias_producer to None, run_after=None
[2025-06-27T17:01:35.185+0000] {logging_mixin.py:190} INFO - [2025-06-27T17:01:35.185+0000] {dag.py:4180} INFO - Setting next_dagrun for dataset_s3_bucket_consumer to None, run_after=None
[2025-06-27T17:01:35.187+0000] {logging_mixin.py:190} INFO - [2025-06-27T17:01:35.186+0000] {dag.py:4180} INFO - Setting next_dagrun for dataset_s3_bucket_producer to None, run_after=None
[2025-06-27T17:01:35.215+0000] {processor.py:208} INFO - Processing /home/airflow/.local/lib/python3.12/site-packages/airflow/example_dags/example_dataset_alias.py took 0.656 seconds
[2025-06-27T17:02:05.347+0000] {processor.py:186} INFO - Started process (PID=776) to work on /home/airflow/.local/lib/python3.12/site-packages/airflow/example_dags/example_dataset_alias.py
[2025-06-27T17:02:05.348+0000] {processor.py:914} INFO - Processing file /home/airflow/.local/lib/python3.12/site-packages/airflow/example_dags/example_dataset_alias.py for tasks to queue
[2025-06-27T17:02:05.350+0000] {logging_mixin.py:190} INFO - [2025-06-27T17:02:05.350+0000] {dagbag.py:588} INFO - Filling up the DagBag from /home/airflow/.local/lib/python3.12/site-packages/airflow/example_dags/example_dataset_alias.py
[2025-06-27T17:02:05.865+0000] {processor.py:925} INFO - DAG(s) 'dataset_alias_example_alias_producer', 'dataset_s3_bucket_producer', 'dataset_s3_bucket_consumer', 'dataset_alias_example_alias_consumer' retrieved from /home/airflow/.local/lib/python3.12/site-packages/airflow/example_dags/example_dataset_alias.py
[2025-06-27T17:02:05.883+0000] {logging_mixin.py:190} INFO - [2025-06-27T17:02:05.882+0000] {dag.py:3239} INFO - Sync 4 DAGs
[2025-06-27T17:02:05.902+0000] {logging_mixin.py:190} INFO - [2025-06-27T17:02:05.902+0000] {dag.py:4180} INFO - Setting next_dagrun for dataset_alias_example_alias_consumer to None, run_after=None
[2025-06-27T17:02:05.904+0000] {logging_mixin.py:190} INFO - [2025-06-27T17:02:05.904+0000] {dag.py:4180} INFO - Setting next_dagrun for dataset_alias_example_alias_producer to None, run_after=None
[2025-06-27T17:02:05.906+0000] {logging_mixin.py:190} INFO - [2025-06-27T17:02:05.906+0000] {dag.py:4180} INFO - Setting next_dagrun for dataset_s3_bucket_consumer to None, run_after=None
[2025-06-27T17:02:05.907+0000] {logging_mixin.py:190} INFO - [2025-06-27T17:02:05.907+0000] {dag.py:4180} INFO - Setting next_dagrun for dataset_s3_bucket_producer to None, run_after=None
[2025-06-27T17:02:05.926+0000] {processor.py:208} INFO - Processing /home/airflow/.local/lib/python3.12/site-packages/airflow/example_dags/example_dataset_alias.py took 0.584 seconds
[2025-06-27T17:02:36.034+0000] {processor.py:186} INFO - Started process (PID=840) to work on /home/airflow/.local/lib/python3.12/site-packages/airflow/example_dags/example_dataset_alias.py
[2025-06-27T17:02:36.035+0000] {processor.py:914} INFO - Processing file /home/airflow/.local/lib/python3.12/site-packages/airflow/example_dags/example_dataset_alias.py for tasks to queue
[2025-06-27T17:02:36.037+0000] {logging_mixin.py:190} INFO - [2025-06-27T17:02:36.036+0000] {dagbag.py:588} INFO - Filling up the DagBag from /home/airflow/.local/lib/python3.12/site-packages/airflow/example_dags/example_dataset_alias.py
[2025-06-27T17:02:36.568+0000] {processor.py:925} INFO - DAG(s) 'dataset_s3_bucket_producer', 'dataset_s3_bucket_consumer', 'dataset_alias_example_alias_producer', 'dataset_alias_example_alias_consumer' retrieved from /home/airflow/.local/lib/python3.12/site-packages/airflow/example_dags/example_dataset_alias.py
[2025-06-27T17:02:36.585+0000] {logging_mixin.py:190} INFO - [2025-06-27T17:02:36.585+0000] {dag.py:3239} INFO - Sync 4 DAGs
[2025-06-27T17:02:36.606+0000] {logging_mixin.py:190} INFO - [2025-06-27T17:02:36.605+0000] {dag.py:4180} INFO - Setting next_dagrun for dataset_alias_example_alias_consumer to None, run_after=None
[2025-06-27T17:02:36.608+0000] {logging_mixin.py:190} INFO - [2025-06-27T17:02:36.608+0000] {dag.py:4180} INFO - Setting next_dagrun for dataset_alias_example_alias_producer to None, run_after=None
[2025-06-27T17:02:36.609+0000] {logging_mixin.py:190} INFO - [2025-06-27T17:02:36.609+0000] {dag.py:4180} INFO - Setting next_dagrun for dataset_s3_bucket_consumer to None, run_after=None
[2025-06-27T17:02:36.610+0000] {logging_mixin.py:190} INFO - [2025-06-27T17:02:36.610+0000] {dag.py:4180} INFO - Setting next_dagrun for dataset_s3_bucket_producer to None, run_after=None
[2025-06-27T17:02:36.638+0000] {processor.py:208} INFO - Processing /home/airflow/.local/lib/python3.12/site-packages/airflow/example_dags/example_dataset_alias.py took 0.610 seconds
[2025-06-27T17:03:07.030+0000] {processor.py:186} INFO - Started process (PID=909) to work on /home/airflow/.local/lib/python3.12/site-packages/airflow/example_dags/example_dataset_alias.py
[2025-06-27T17:03:07.031+0000] {processor.py:914} INFO - Processing file /home/airflow/.local/lib/python3.12/site-packages/airflow/example_dags/example_dataset_alias.py for tasks to queue
[2025-06-27T17:03:07.033+0000] {logging_mixin.py:190} INFO - [2025-06-27T17:03:07.033+0000] {dagbag.py:588} INFO - Filling up the DagBag from /home/airflow/.local/lib/python3.12/site-packages/airflow/example_dags/example_dataset_alias.py
[2025-06-27T17:03:07.527+0000] {processor.py:925} INFO - DAG(s) 'dataset_s3_bucket_producer', 'dataset_alias_example_alias_producer', 'dataset_alias_example_alias_consumer', 'dataset_s3_bucket_consumer' retrieved from /home/airflow/.local/lib/python3.12/site-packages/airflow/example_dags/example_dataset_alias.py
[2025-06-27T17:03:07.544+0000] {logging_mixin.py:190} INFO - [2025-06-27T17:03:07.544+0000] {dag.py:3239} INFO - Sync 4 DAGs
[2025-06-27T17:03:07.564+0000] {logging_mixin.py:190} INFO - [2025-06-27T17:03:07.564+0000] {dag.py:4180} INFO - Setting next_dagrun for dataset_alias_example_alias_consumer to None, run_after=None
[2025-06-27T17:03:07.566+0000] {logging_mixin.py:190} INFO - [2025-06-27T17:03:07.566+0000] {dag.py:4180} INFO - Setting next_dagrun for dataset_alias_example_alias_producer to None, run_after=None
[2025-06-27T17:03:07.568+0000] {logging_mixin.py:190} INFO - [2025-06-27T17:03:07.568+0000] {dag.py:4180} INFO - Setting next_dagrun for dataset_s3_bucket_consumer to None, run_after=None
[2025-06-27T17:03:07.569+0000] {logging_mixin.py:190} INFO - [2025-06-27T17:03:07.569+0000] {dag.py:4180} INFO - Setting next_dagrun for dataset_s3_bucket_producer to None, run_after=None
[2025-06-27T17:03:07.590+0000] {processor.py:208} INFO - Processing /home/airflow/.local/lib/python3.12/site-packages/airflow/example_dags/example_dataset_alias.py took 0.566 seconds
[2025-06-27T17:03:37.806+0000] {processor.py:186} INFO - Started process (PID=973) to work on /home/airflow/.local/lib/python3.12/site-packages/airflow/example_dags/example_dataset_alias.py
[2025-06-27T17:03:37.807+0000] {processor.py:914} INFO - Processing file /home/airflow/.local/lib/python3.12/site-packages/airflow/example_dags/example_dataset_alias.py for tasks to queue
[2025-06-27T17:03:37.809+0000] {logging_mixin.py:190} INFO - [2025-06-27T17:03:37.808+0000] {dagbag.py:588} INFO - Filling up the DagBag from /home/airflow/.local/lib/python3.12/site-packages/airflow/example_dags/example_dataset_alias.py
[2025-06-27T17:03:38.296+0000] {processor.py:925} INFO - DAG(s) 'dataset_alias_example_alias_producer', 'dataset_alias_example_alias_consumer', 'dataset_s3_bucket_producer', 'dataset_s3_bucket_consumer' retrieved from /home/airflow/.local/lib/python3.12/site-packages/airflow/example_dags/example_dataset_alias.py
[2025-06-27T17:03:38.313+0000] {logging_mixin.py:190} INFO - [2025-06-27T17:03:38.312+0000] {dag.py:3239} INFO - Sync 4 DAGs
[2025-06-27T17:03:38.333+0000] {logging_mixin.py:190} INFO - [2025-06-27T17:03:38.333+0000] {dag.py:4180} INFO - Setting next_dagrun for dataset_alias_example_alias_consumer to None, run_after=None
[2025-06-27T17:03:38.336+0000] {logging_mixin.py:190} INFO - [2025-06-27T17:03:38.336+0000] {dag.py:4180} INFO - Setting next_dagrun for dataset_alias_example_alias_producer to None, run_after=None
[2025-06-27T17:03:38.338+0000] {logging_mixin.py:190} INFO - [2025-06-27T17:03:38.338+0000] {dag.py:4180} INFO - Setting next_dagrun for dataset_s3_bucket_consumer to None, run_after=None
[2025-06-27T17:03:38.339+0000] {logging_mixin.py:190} INFO - [2025-06-27T17:03:38.339+0000] {dag.py:4180} INFO - Setting next_dagrun for dataset_s3_bucket_producer to None, run_after=None
[2025-06-27T17:03:38.362+0000] {processor.py:208} INFO - Processing /home/airflow/.local/lib/python3.12/site-packages/airflow/example_dags/example_dataset_alias.py took 0.562 seconds
[2025-06-27T17:04:08.618+0000] {processor.py:186} INFO - Started process (PID=1043) to work on /home/airflow/.local/lib/python3.12/site-packages/airflow/example_dags/example_dataset_alias.py
[2025-06-27T17:04:08.619+0000] {processor.py:914} INFO - Processing file /home/airflow/.local/lib/python3.12/site-packages/airflow/example_dags/example_dataset_alias.py for tasks to queue
[2025-06-27T17:04:08.622+0000] {logging_mixin.py:190} INFO - [2025-06-27T17:04:08.621+0000] {dagbag.py:588} INFO - Filling up the DagBag from /home/airflow/.local/lib/python3.12/site-packages/airflow/example_dags/example_dataset_alias.py
[2025-06-27T17:04:09.161+0000] {processor.py:925} INFO - DAG(s) 'dataset_alias_example_alias_producer', 'dataset_alias_example_alias_consumer', 'dataset_s3_bucket_producer', 'dataset_s3_bucket_consumer' retrieved from /home/airflow/.local/lib/python3.12/site-packages/airflow/example_dags/example_dataset_alias.py
[2025-06-27T17:04:09.178+0000] {logging_mixin.py:190} INFO - [2025-06-27T17:04:09.177+0000] {dag.py:3239} INFO - Sync 4 DAGs
[2025-06-27T17:04:09.198+0000] {logging_mixin.py:190} INFO - [2025-06-27T17:04:09.198+0000] {dag.py:4180} INFO - Setting next_dagrun for dataset_alias_example_alias_consumer to None, run_after=None
[2025-06-27T17:04:09.200+0000] {logging_mixin.py:190} INFO - [2025-06-27T17:04:09.200+0000] {dag.py:4180} INFO - Setting next_dagrun for dataset_alias_example_alias_producer to None, run_after=None
[2025-06-27T17:04:09.201+0000] {logging_mixin.py:190} INFO - [2025-06-27T17:04:09.201+0000] {dag.py:4180} INFO - Setting next_dagrun for dataset_s3_bucket_consumer to None, run_after=None
[2025-06-27T17:04:09.203+0000] {logging_mixin.py:190} INFO - [2025-06-27T17:04:09.202+0000] {dag.py:4180} INFO - Setting next_dagrun for dataset_s3_bucket_producer to None, run_after=None
[2025-06-27T17:04:09.223+0000] {processor.py:208} INFO - Processing /home/airflow/.local/lib/python3.12/site-packages/airflow/example_dags/example_dataset_alias.py took 0.610 seconds
[2025-06-27T17:04:39.290+0000] {processor.py:186} INFO - Started process (PID=1107) to work on /home/airflow/.local/lib/python3.12/site-packages/airflow/example_dags/example_dataset_alias.py
[2025-06-27T17:04:39.291+0000] {processor.py:914} INFO - Processing file /home/airflow/.local/lib/python3.12/site-packages/airflow/example_dags/example_dataset_alias.py for tasks to queue
[2025-06-27T17:04:39.293+0000] {logging_mixin.py:190} INFO - [2025-06-27T17:04:39.293+0000] {dagbag.py:588} INFO - Filling up the DagBag from /home/airflow/.local/lib/python3.12/site-packages/airflow/example_dags/example_dataset_alias.py
[2025-06-27T17:04:39.833+0000] {processor.py:925} INFO - DAG(s) 'dataset_s3_bucket_consumer', 'dataset_s3_bucket_producer', 'dataset_alias_example_alias_producer', 'dataset_alias_example_alias_consumer' retrieved from /home/airflow/.local/lib/python3.12/site-packages/airflow/example_dags/example_dataset_alias.py
[2025-06-27T17:04:39.851+0000] {logging_mixin.py:190} INFO - [2025-06-27T17:04:39.850+0000] {dag.py:3239} INFO - Sync 4 DAGs
[2025-06-27T17:04:39.869+0000] {logging_mixin.py:190} INFO - [2025-06-27T17:04:39.869+0000] {dag.py:4180} INFO - Setting next_dagrun for dataset_alias_example_alias_consumer to None, run_after=None
[2025-06-27T17:04:39.872+0000] {logging_mixin.py:190} INFO - [2025-06-27T17:04:39.872+0000] {dag.py:4180} INFO - Setting next_dagrun for dataset_alias_example_alias_producer to None, run_after=None
[2025-06-27T17:04:39.874+0000] {logging_mixin.py:190} INFO - [2025-06-27T17:04:39.873+0000] {dag.py:4180} INFO - Setting next_dagrun for dataset_s3_bucket_consumer to None, run_after=None
[2025-06-27T17:04:39.875+0000] {logging_mixin.py:190} INFO - [2025-06-27T17:04:39.875+0000] {dag.py:4180} INFO - Setting next_dagrun for dataset_s3_bucket_producer to None, run_after=None
[2025-06-27T17:04:39.894+0000] {processor.py:208} INFO - Processing /home/airflow/.local/lib/python3.12/site-packages/airflow/example_dags/example_dataset_alias.py took 0.610 seconds
[2025-06-27T17:05:10.359+0000] {processor.py:186} INFO - Started process (PID=1176) to work on /home/airflow/.local/lib/python3.12/site-packages/airflow/example_dags/example_dataset_alias.py
[2025-06-27T17:05:10.360+0000] {processor.py:914} INFO - Processing file /home/airflow/.local/lib/python3.12/site-packages/airflow/example_dags/example_dataset_alias.py for tasks to queue
[2025-06-27T17:05:10.362+0000] {logging_mixin.py:190} INFO - [2025-06-27T17:05:10.362+0000] {dagbag.py:588} INFO - Filling up the DagBag from /home/airflow/.local/lib/python3.12/site-packages/airflow/example_dags/example_dataset_alias.py
[2025-06-27T17:05:10.882+0000] {processor.py:925} INFO - DAG(s) 'dataset_s3_bucket_producer', 'dataset_s3_bucket_consumer', 'dataset_alias_example_alias_producer', 'dataset_alias_example_alias_consumer' retrieved from /home/airflow/.local/lib/python3.12/site-packages/airflow/example_dags/example_dataset_alias.py
[2025-06-27T17:05:10.900+0000] {logging_mixin.py:190} INFO - [2025-06-27T17:05:10.899+0000] {dag.py:3239} INFO - Sync 4 DAGs
[2025-06-27T17:05:10.918+0000] {logging_mixin.py:190} INFO - [2025-06-27T17:05:10.918+0000] {dag.py:4180} INFO - Setting next_dagrun for dataset_alias_example_alias_consumer to None, run_after=None
[2025-06-27T17:05:10.921+0000] {logging_mixin.py:190} INFO - [2025-06-27T17:05:10.920+0000] {dag.py:4180} INFO - Setting next_dagrun for dataset_alias_example_alias_producer to None, run_after=None
[2025-06-27T17:05:10.922+0000] {logging_mixin.py:190} INFO - [2025-06-27T17:05:10.922+0000] {dag.py:4180} INFO - Setting next_dagrun for dataset_s3_bucket_consumer to None, run_after=None
[2025-06-27T17:05:10.923+0000] {logging_mixin.py:190} INFO - [2025-06-27T17:05:10.923+0000] {dag.py:4180} INFO - Setting next_dagrun for dataset_s3_bucket_producer to None, run_after=None
[2025-06-27T17:05:10.942+0000] {processor.py:208} INFO - Processing /home/airflow/.local/lib/python3.12/site-packages/airflow/example_dags/example_dataset_alias.py took 0.588 seconds
[2025-06-27T17:05:41.120+0000] {processor.py:186} INFO - Started process (PID=1240) to work on /home/airflow/.local/lib/python3.12/site-packages/airflow/example_dags/example_dataset_alias.py
[2025-06-27T17:05:41.120+0000] {processor.py:914} INFO - Processing file /home/airflow/.local/lib/python3.12/site-packages/airflow/example_dags/example_dataset_alias.py for tasks to queue
[2025-06-27T17:05:41.122+0000] {logging_mixin.py:190} INFO - [2025-06-27T17:05:41.122+0000] {dagbag.py:588} INFO - Filling up the DagBag from /home/airflow/.local/lib/python3.12/site-packages/airflow/example_dags/example_dataset_alias.py
[2025-06-27T17:05:41.663+0000] {processor.py:925} INFO - DAG(s) 'dataset_s3_bucket_consumer', 'dataset_alias_example_alias_producer', 'dataset_alias_example_alias_consumer', 'dataset_s3_bucket_producer' retrieved from /home/airflow/.local/lib/python3.12/site-packages/airflow/example_dags/example_dataset_alias.py
[2025-06-27T17:05:41.683+0000] {logging_mixin.py:190} INFO - [2025-06-27T17:05:41.682+0000] {dag.py:3239} INFO - Sync 4 DAGs
[2025-06-27T17:05:41.706+0000] {logging_mixin.py:190} INFO - [2025-06-27T17:05:41.705+0000] {dag.py:4180} INFO - Setting next_dagrun for dataset_alias_example_alias_consumer to None, run_after=None
[2025-06-27T17:05:41.708+0000] {logging_mixin.py:190} INFO - [2025-06-27T17:05:41.708+0000] {dag.py:4180} INFO - Setting next_dagrun for dataset_alias_example_alias_producer to None, run_after=None
[2025-06-27T17:05:41.710+0000] {logging_mixin.py:190} INFO - [2025-06-27T17:05:41.710+0000] {dag.py:4180} INFO - Setting next_dagrun for dataset_s3_bucket_consumer to None, run_after=None
[2025-06-27T17:05:41.711+0000] {logging_mixin.py:190} INFO - [2025-06-27T17:05:41.711+0000] {dag.py:4180} INFO - Setting next_dagrun for dataset_s3_bucket_producer to None, run_after=None
[2025-06-27T17:05:41.730+0000] {processor.py:208} INFO - Processing /home/airflow/.local/lib/python3.12/site-packages/airflow/example_dags/example_dataset_alias.py took 0.616 seconds
[2025-06-27T17:06:12.428+0000] {processor.py:186} INFO - Started process (PID=1310) to work on /home/airflow/.local/lib/python3.12/site-packages/airflow/example_dags/example_dataset_alias.py
[2025-06-27T17:06:12.429+0000] {processor.py:914} INFO - Processing file /home/airflow/.local/lib/python3.12/site-packages/airflow/example_dags/example_dataset_alias.py for tasks to queue
[2025-06-27T17:06:12.432+0000] {logging_mixin.py:190} INFO - [2025-06-27T17:06:12.431+0000] {dagbag.py:588} INFO - Filling up the DagBag from /home/airflow/.local/lib/python3.12/site-packages/airflow/example_dags/example_dataset_alias.py
[2025-06-27T17:06:12.937+0000] {processor.py:925} INFO - DAG(s) 'dataset_alias_example_alias_producer', 'dataset_s3_bucket_consumer', 'dataset_alias_example_alias_consumer', 'dataset_s3_bucket_producer' retrieved from /home/airflow/.local/lib/python3.12/site-packages/airflow/example_dags/example_dataset_alias.py
[2025-06-27T17:06:12.954+0000] {logging_mixin.py:190} INFO - [2025-06-27T17:06:12.953+0000] {dag.py:3239} INFO - Sync 4 DAGs
[2025-06-27T17:06:12.974+0000] {logging_mixin.py:190} INFO - [2025-06-27T17:06:12.973+0000] {dag.py:4180} INFO - Setting next_dagrun for dataset_alias_example_alias_consumer to None, run_after=None
[2025-06-27T17:06:12.976+0000] {logging_mixin.py:190} INFO - [2025-06-27T17:06:12.976+0000] {dag.py:4180} INFO - Setting next_dagrun for dataset_alias_example_alias_producer to None, run_after=None
[2025-06-27T17:06:12.978+0000] {logging_mixin.py:190} INFO - [2025-06-27T17:06:12.978+0000] {dag.py:4180} INFO - Setting next_dagrun for dataset_s3_bucket_consumer to None, run_after=None
[2025-06-27T17:06:12.979+0000] {logging_mixin.py:190} INFO - [2025-06-27T17:06:12.979+0000] {dag.py:4180} INFO - Setting next_dagrun for dataset_s3_bucket_producer to None, run_after=None
[2025-06-27T17:06:12.998+0000] {processor.py:208} INFO - Processing /home/airflow/.local/lib/python3.12/site-packages/airflow/example_dags/example_dataset_alias.py took 0.575 seconds
[2025-06-27T17:06:43.105+0000] {processor.py:186} INFO - Started process (PID=1374) to work on /home/airflow/.local/lib/python3.12/site-packages/airflow/example_dags/example_dataset_alias.py
[2025-06-27T17:06:43.106+0000] {processor.py:914} INFO - Processing file /home/airflow/.local/lib/python3.12/site-packages/airflow/example_dags/example_dataset_alias.py for tasks to queue
[2025-06-27T17:06:43.109+0000] {logging_mixin.py:190} INFO - [2025-06-27T17:06:43.108+0000] {dagbag.py:588} INFO - Filling up the DagBag from /home/airflow/.local/lib/python3.12/site-packages/airflow/example_dags/example_dataset_alias.py
[2025-06-27T17:06:43.650+0000] {processor.py:925} INFO - DAG(s) 'dataset_s3_bucket_consumer', 'dataset_s3_bucket_producer', 'dataset_alias_example_alias_producer', 'dataset_alias_example_alias_consumer' retrieved from /home/airflow/.local/lib/python3.12/site-packages/airflow/example_dags/example_dataset_alias.py
[2025-06-27T17:06:43.668+0000] {logging_mixin.py:190} INFO - [2025-06-27T17:06:43.668+0000] {dag.py:3239} INFO - Sync 4 DAGs
[2025-06-27T17:06:43.688+0000] {logging_mixin.py:190} INFO - [2025-06-27T17:06:43.688+0000] {dag.py:4180} INFO - Setting next_dagrun for dataset_alias_example_alias_consumer to None, run_after=None
[2025-06-27T17:06:43.691+0000] {logging_mixin.py:190} INFO - [2025-06-27T17:06:43.691+0000] {dag.py:4180} INFO - Setting next_dagrun for dataset_alias_example_alias_producer to None, run_after=None
[2025-06-27T17:06:43.694+0000] {logging_mixin.py:190} INFO - [2025-06-27T17:06:43.693+0000] {dag.py:4180} INFO - Setting next_dagrun for dataset_s3_bucket_consumer to None, run_after=None
[2025-06-27T17:06:43.695+0000] {logging_mixin.py:190} INFO - [2025-06-27T17:06:43.695+0000] {dag.py:4180} INFO - Setting next_dagrun for dataset_s3_bucket_producer to None, run_after=None
[2025-06-27T17:06:43.717+0000] {processor.py:208} INFO - Processing /home/airflow/.local/lib/python3.12/site-packages/airflow/example_dags/example_dataset_alias.py took 0.619 seconds
[2025-06-27T17:07:13.907+0000] {processor.py:186} INFO - Started process (PID=1445) to work on /home/airflow/.local/lib/python3.12/site-packages/airflow/example_dags/example_dataset_alias.py
[2025-06-27T17:07:13.908+0000] {processor.py:914} INFO - Processing file /home/airflow/.local/lib/python3.12/site-packages/airflow/example_dags/example_dataset_alias.py for tasks to queue
[2025-06-27T17:07:13.911+0000] {logging_mixin.py:190} INFO - [2025-06-27T17:07:13.910+0000] {dagbag.py:588} INFO - Filling up the DagBag from /home/airflow/.local/lib/python3.12/site-packages/airflow/example_dags/example_dataset_alias.py
[2025-06-27T17:07:14.440+0000] {processor.py:925} INFO - DAG(s) 'dataset_alias_example_alias_consumer', 'dataset_s3_bucket_producer', 'dataset_alias_example_alias_producer', 'dataset_s3_bucket_consumer' retrieved from /home/airflow/.local/lib/python3.12/site-packages/airflow/example_dags/example_dataset_alias.py
[2025-06-27T17:07:14.460+0000] {logging_mixin.py:190} INFO - [2025-06-27T17:07:14.459+0000] {dag.py:3239} INFO - Sync 4 DAGs
[2025-06-27T17:07:14.480+0000] {logging_mixin.py:190} INFO - [2025-06-27T17:07:14.480+0000] {dag.py:4180} INFO - Setting next_dagrun for dataset_alias_example_alias_consumer to None, run_after=None
[2025-06-27T17:07:14.483+0000] {logging_mixin.py:190} INFO - [2025-06-27T17:07:14.483+0000] {dag.py:4180} INFO - Setting next_dagrun for dataset_alias_example_alias_producer to None, run_after=None
[2025-06-27T17:07:14.485+0000] {logging_mixin.py:190} INFO - [2025-06-27T17:07:14.485+0000] {dag.py:4180} INFO - Setting next_dagrun for dataset_s3_bucket_consumer to None, run_after=None
[2025-06-27T17:07:14.487+0000] {logging_mixin.py:190} INFO - [2025-06-27T17:07:14.487+0000] {dag.py:4180} INFO - Setting next_dagrun for dataset_s3_bucket_producer to None, run_after=None
[2025-06-27T17:07:14.509+0000] {processor.py:208} INFO - Processing /home/airflow/.local/lib/python3.12/site-packages/airflow/example_dags/example_dataset_alias.py took 0.608 seconds
[2025-06-27T17:07:44.597+0000] {processor.py:186} INFO - Started process (PID=1510) to work on /home/airflow/.local/lib/python3.12/site-packages/airflow/example_dags/example_dataset_alias.py
[2025-06-27T17:07:44.598+0000] {processor.py:914} INFO - Processing file /home/airflow/.local/lib/python3.12/site-packages/airflow/example_dags/example_dataset_alias.py for tasks to queue
[2025-06-27T17:07:44.600+0000] {logging_mixin.py:190} INFO - [2025-06-27T17:07:44.600+0000] {dagbag.py:588} INFO - Filling up the DagBag from /home/airflow/.local/lib/python3.12/site-packages/airflow/example_dags/example_dataset_alias.py
[2025-06-27T17:07:45.121+0000] {processor.py:925} INFO - DAG(s) 'dataset_s3_bucket_consumer', 'dataset_alias_example_alias_consumer', 'dataset_alias_example_alias_producer', 'dataset_s3_bucket_producer' retrieved from /home/airflow/.local/lib/python3.12/site-packages/airflow/example_dags/example_dataset_alias.py
[2025-06-27T17:07:45.142+0000] {logging_mixin.py:190} INFO - [2025-06-27T17:07:45.142+0000] {dag.py:3239} INFO - Sync 4 DAGs
[2025-06-27T17:07:45.161+0000] {logging_mixin.py:190} INFO - [2025-06-27T17:07:45.161+0000] {dag.py:4180} INFO - Setting next_dagrun for dataset_alias_example_alias_consumer to None, run_after=None
[2025-06-27T17:07:45.164+0000] {logging_mixin.py:190} INFO - [2025-06-27T17:07:45.164+0000] {dag.py:4180} INFO - Setting next_dagrun for dataset_alias_example_alias_producer to None, run_after=None
[2025-06-27T17:07:45.166+0000] {logging_mixin.py:190} INFO - [2025-06-27T17:07:45.165+0000] {dag.py:4180} INFO - Setting next_dagrun for dataset_s3_bucket_consumer to None, run_after=None
[2025-06-27T17:07:45.167+0000] {logging_mixin.py:190} INFO - [2025-06-27T17:07:45.167+0000] {dag.py:4180} INFO - Setting next_dagrun for dataset_s3_bucket_producer to None, run_after=None
[2025-06-27T17:07:45.188+0000] {processor.py:208} INFO - Processing /home/airflow/.local/lib/python3.12/site-packages/airflow/example_dags/example_dataset_alias.py took 0.596 seconds
[2025-06-27T17:08:15.372+0000] {processor.py:186} INFO - Started process (PID=1579) to work on /home/airflow/.local/lib/python3.12/site-packages/airflow/example_dags/example_dataset_alias.py
[2025-06-27T17:08:15.373+0000] {processor.py:914} INFO - Processing file /home/airflow/.local/lib/python3.12/site-packages/airflow/example_dags/example_dataset_alias.py for tasks to queue
[2025-06-27T17:08:15.375+0000] {logging_mixin.py:190} INFO - [2025-06-27T17:08:15.375+0000] {dagbag.py:588} INFO - Filling up the DagBag from /home/airflow/.local/lib/python3.12/site-packages/airflow/example_dags/example_dataset_alias.py
[2025-06-27T17:08:15.865+0000] {processor.py:925} INFO - DAG(s) 'dataset_s3_bucket_consumer', 'dataset_alias_example_alias_consumer', 'dataset_alias_example_alias_producer', 'dataset_s3_bucket_producer' retrieved from /home/airflow/.local/lib/python3.12/site-packages/airflow/example_dags/example_dataset_alias.py
[2025-06-27T17:08:15.882+0000] {logging_mixin.py:190} INFO - [2025-06-27T17:08:15.882+0000] {dag.py:3239} INFO - Sync 4 DAGs
[2025-06-27T17:08:15.902+0000] {logging_mixin.py:190} INFO - [2025-06-27T17:08:15.902+0000] {dag.py:4180} INFO - Setting next_dagrun for dataset_alias_example_alias_consumer to None, run_after=None
[2025-06-27T17:08:15.905+0000] {logging_mixin.py:190} INFO - [2025-06-27T17:08:15.904+0000] {dag.py:4180} INFO - Setting next_dagrun for dataset_alias_example_alias_producer to None, run_after=None
[2025-06-27T17:08:15.906+0000] {logging_mixin.py:190} INFO - [2025-06-27T17:08:15.906+0000] {dag.py:4180} INFO - Setting next_dagrun for dataset_s3_bucket_consumer to None, run_after=None
[2025-06-27T17:08:15.907+0000] {logging_mixin.py:190} INFO - [2025-06-27T17:08:15.907+0000] {dag.py:4180} INFO - Setting next_dagrun for dataset_s3_bucket_producer to None, run_after=None
[2025-06-27T17:08:15.926+0000] {processor.py:208} INFO - Processing /home/airflow/.local/lib/python3.12/site-packages/airflow/example_dags/example_dataset_alias.py took 0.559 seconds
[2025-06-27T17:08:46.634+0000] {processor.py:186} INFO - Started process (PID=1641) to work on /home/airflow/.local/lib/python3.12/site-packages/airflow/example_dags/example_dataset_alias.py
[2025-06-27T17:08:46.635+0000] {processor.py:914} INFO - Processing file /home/airflow/.local/lib/python3.12/site-packages/airflow/example_dags/example_dataset_alias.py for tasks to queue
[2025-06-27T17:08:46.637+0000] {logging_mixin.py:190} INFO - [2025-06-27T17:08:46.637+0000] {dagbag.py:588} INFO - Filling up the DagBag from /home/airflow/.local/lib/python3.12/site-packages/airflow/example_dags/example_dataset_alias.py
[2025-06-27T17:08:47.147+0000] {processor.py:925} INFO - DAG(s) 'dataset_s3_bucket_producer', 'dataset_alias_example_alias_producer', 'dataset_alias_example_alias_consumer', 'dataset_s3_bucket_consumer' retrieved from /home/airflow/.local/lib/python3.12/site-packages/airflow/example_dags/example_dataset_alias.py
[2025-06-27T17:08:47.165+0000] {logging_mixin.py:190} INFO - [2025-06-27T17:08:47.165+0000] {dag.py:3239} INFO - Sync 4 DAGs
[2025-06-27T17:08:47.184+0000] {logging_mixin.py:190} INFO - [2025-06-27T17:08:47.184+0000] {dag.py:4180} INFO - Setting next_dagrun for dataset_alias_example_alias_consumer to None, run_after=None
[2025-06-27T17:08:47.186+0000] {logging_mixin.py:190} INFO - [2025-06-27T17:08:47.186+0000] {dag.py:4180} INFO - Setting next_dagrun for dataset_alias_example_alias_producer to None, run_after=None
[2025-06-27T17:08:47.188+0000] {logging_mixin.py:190} INFO - [2025-06-27T17:08:47.188+0000] {dag.py:4180} INFO - Setting next_dagrun for dataset_s3_bucket_consumer to None, run_after=None
[2025-06-27T17:08:47.189+0000] {logging_mixin.py:190} INFO - [2025-06-27T17:08:47.189+0000] {dag.py:4180} INFO - Setting next_dagrun for dataset_s3_bucket_producer to None, run_after=None
[2025-06-27T17:08:47.210+0000] {processor.py:208} INFO - Processing /home/airflow/.local/lib/python3.12/site-packages/airflow/example_dags/example_dataset_alias.py took 0.581 seconds
[2025-06-27T17:09:18.067+0000] {processor.py:186} INFO - Started process (PID=1710) to work on /home/airflow/.local/lib/python3.12/site-packages/airflow/example_dags/example_dataset_alias.py
[2025-06-27T17:09:18.068+0000] {processor.py:914} INFO - Processing file /home/airflow/.local/lib/python3.12/site-packages/airflow/example_dags/example_dataset_alias.py for tasks to queue
[2025-06-27T17:09:18.070+0000] {logging_mixin.py:190} INFO - [2025-06-27T17:09:18.070+0000] {dagbag.py:588} INFO - Filling up the DagBag from /home/airflow/.local/lib/python3.12/site-packages/airflow/example_dags/example_dataset_alias.py
[2025-06-27T17:09:18.602+0000] {processor.py:925} INFO - DAG(s) 'dataset_s3_bucket_consumer', 'dataset_alias_example_alias_producer', 'dataset_alias_example_alias_consumer', 'dataset_s3_bucket_producer' retrieved from /home/airflow/.local/lib/python3.12/site-packages/airflow/example_dags/example_dataset_alias.py
[2025-06-27T17:09:18.620+0000] {logging_mixin.py:190} INFO - [2025-06-27T17:09:18.619+0000] {dag.py:3239} INFO - Sync 4 DAGs
[2025-06-27T17:09:18.639+0000] {logging_mixin.py:190} INFO - [2025-06-27T17:09:18.638+0000] {dag.py:4180} INFO - Setting next_dagrun for dataset_alias_example_alias_consumer to None, run_after=None
[2025-06-27T17:09:18.641+0000] {logging_mixin.py:190} INFO - [2025-06-27T17:09:18.641+0000] {dag.py:4180} INFO - Setting next_dagrun for dataset_alias_example_alias_producer to None, run_after=None
[2025-06-27T17:09:18.642+0000] {logging_mixin.py:190} INFO - [2025-06-27T17:09:18.642+0000] {dag.py:4180} INFO - Setting next_dagrun for dataset_s3_bucket_consumer to None, run_after=None
[2025-06-27T17:09:18.644+0000] {logging_mixin.py:190} INFO - [2025-06-27T17:09:18.643+0000] {dag.py:4180} INFO - Setting next_dagrun for dataset_s3_bucket_producer to None, run_after=None
[2025-06-27T17:09:18.662+0000] {processor.py:208} INFO - Processing /home/airflow/.local/lib/python3.12/site-packages/airflow/example_dags/example_dataset_alias.py took 0.601 seconds
[2025-06-27T17:09:49.390+0000] {processor.py:186} INFO - Started process (PID=1774) to work on /home/airflow/.local/lib/python3.12/site-packages/airflow/example_dags/example_dataset_alias.py
[2025-06-27T17:09:49.391+0000] {processor.py:914} INFO - Processing file /home/airflow/.local/lib/python3.12/site-packages/airflow/example_dags/example_dataset_alias.py for tasks to queue
[2025-06-27T17:09:49.393+0000] {logging_mixin.py:190} INFO - [2025-06-27T17:09:49.393+0000] {dagbag.py:588} INFO - Filling up the DagBag from /home/airflow/.local/lib/python3.12/site-packages/airflow/example_dags/example_dataset_alias.py
[2025-06-27T17:09:49.896+0000] {processor.py:925} INFO - DAG(s) 'dataset_s3_bucket_producer', 'dataset_s3_bucket_consumer', 'dataset_alias_example_alias_consumer', 'dataset_alias_example_alias_producer' retrieved from /home/airflow/.local/lib/python3.12/site-packages/airflow/example_dags/example_dataset_alias.py
[2025-06-27T17:09:49.913+0000] {logging_mixin.py:190} INFO - [2025-06-27T17:09:49.913+0000] {dag.py:3239} INFO - Sync 4 DAGs
[2025-06-27T17:09:49.931+0000] {logging_mixin.py:190} INFO - [2025-06-27T17:09:49.930+0000] {dag.py:4180} INFO - Setting next_dagrun for dataset_alias_example_alias_consumer to None, run_after=None
[2025-06-27T17:09:49.933+0000] {logging_mixin.py:190} INFO - [2025-06-27T17:09:49.933+0000] {dag.py:4180} INFO - Setting next_dagrun for dataset_alias_example_alias_producer to None, run_after=None
[2025-06-27T17:09:49.937+0000] {logging_mixin.py:190} INFO - [2025-06-27T17:09:49.936+0000] {dag.py:4180} INFO - Setting next_dagrun for dataset_s3_bucket_consumer to None, run_after=None
[2025-06-27T17:09:49.938+0000] {logging_mixin.py:190} INFO - [2025-06-27T17:09:49.938+0000] {dag.py:4180} INFO - Setting next_dagrun for dataset_s3_bucket_producer to None, run_after=None
[2025-06-27T17:09:49.959+0000] {processor.py:208} INFO - Processing /home/airflow/.local/lib/python3.12/site-packages/airflow/example_dags/example_dataset_alias.py took 0.574 seconds
[2025-06-27T17:10:20.278+0000] {processor.py:186} INFO - Started process (PID=1846) to work on /home/airflow/.local/lib/python3.12/site-packages/airflow/example_dags/example_dataset_alias.py
[2025-06-27T17:10:20.279+0000] {processor.py:914} INFO - Processing file /home/airflow/.local/lib/python3.12/site-packages/airflow/example_dags/example_dataset_alias.py for tasks to queue
[2025-06-27T17:10:20.282+0000] {logging_mixin.py:190} INFO - [2025-06-27T17:10:20.282+0000] {dagbag.py:588} INFO - Filling up the DagBag from /home/airflow/.local/lib/python3.12/site-packages/airflow/example_dags/example_dataset_alias.py
[2025-06-27T17:10:20.792+0000] {processor.py:925} INFO - DAG(s) 'dataset_s3_bucket_consumer', 'dataset_alias_example_alias_consumer', 'dataset_alias_example_alias_producer', 'dataset_s3_bucket_producer' retrieved from /home/airflow/.local/lib/python3.12/site-packages/airflow/example_dags/example_dataset_alias.py
[2025-06-27T17:10:20.809+0000] {logging_mixin.py:190} INFO - [2025-06-27T17:10:20.808+0000] {dag.py:3239} INFO - Sync 4 DAGs
[2025-06-27T17:10:20.827+0000] {logging_mixin.py:190} INFO - [2025-06-27T17:10:20.827+0000] {dag.py:4180} INFO - Setting next_dagrun for dataset_alias_example_alias_consumer to None, run_after=None
[2025-06-27T17:10:20.830+0000] {logging_mixin.py:190} INFO - [2025-06-27T17:10:20.829+0000] {dag.py:4180} INFO - Setting next_dagrun for dataset_alias_example_alias_producer to None, run_after=None
[2025-06-27T17:10:20.831+0000] {logging_mixin.py:190} INFO - [2025-06-27T17:10:20.831+0000] {dag.py:4180} INFO - Setting next_dagrun for dataset_s3_bucket_consumer to None, run_after=None
[2025-06-27T17:10:20.833+0000] {logging_mixin.py:190} INFO - [2025-06-27T17:10:20.832+0000] {dag.py:4180} INFO - Setting next_dagrun for dataset_s3_bucket_producer to None, run_after=None
[2025-06-27T17:10:20.854+0000] {processor.py:208} INFO - Processing /home/airflow/.local/lib/python3.12/site-packages/airflow/example_dags/example_dataset_alias.py took 0.582 seconds
[2025-06-27T17:10:51.173+0000] {processor.py:186} INFO - Started process (PID=1911) to work on /home/airflow/.local/lib/python3.12/site-packages/airflow/example_dags/example_dataset_alias.py
[2025-06-27T17:10:51.174+0000] {processor.py:914} INFO - Processing file /home/airflow/.local/lib/python3.12/site-packages/airflow/example_dags/example_dataset_alias.py for tasks to queue
[2025-06-27T17:10:51.177+0000] {logging_mixin.py:190} INFO - [2025-06-27T17:10:51.176+0000] {dagbag.py:588} INFO - Filling up the DagBag from /home/airflow/.local/lib/python3.12/site-packages/airflow/example_dags/example_dataset_alias.py
[2025-06-27T17:10:51.670+0000] {processor.py:925} INFO - DAG(s) 'dataset_s3_bucket_consumer', 'dataset_s3_bucket_producer', 'dataset_alias_example_alias_producer', 'dataset_alias_example_alias_consumer' retrieved from /home/airflow/.local/lib/python3.12/site-packages/airflow/example_dags/example_dataset_alias.py
[2025-06-27T17:10:51.686+0000] {logging_mixin.py:190} INFO - [2025-06-27T17:10:51.685+0000] {dag.py:3239} INFO - Sync 4 DAGs
[2025-06-27T17:10:51.702+0000] {logging_mixin.py:190} INFO - [2025-06-27T17:10:51.702+0000] {dag.py:4180} INFO - Setting next_dagrun for dataset_alias_example_alias_consumer to None, run_after=None
[2025-06-27T17:10:51.704+0000] {logging_mixin.py:190} INFO - [2025-06-27T17:10:51.704+0000] {dag.py:4180} INFO - Setting next_dagrun for dataset_alias_example_alias_producer to None, run_after=None
[2025-06-27T17:10:51.706+0000] {logging_mixin.py:190} INFO - [2025-06-27T17:10:51.706+0000] {dag.py:4180} INFO - Setting next_dagrun for dataset_s3_bucket_consumer to None, run_after=None
[2025-06-27T17:10:51.707+0000] {logging_mixin.py:190} INFO - [2025-06-27T17:10:51.707+0000] {dag.py:4180} INFO - Setting next_dagrun for dataset_s3_bucket_producer to None, run_after=None
[2025-06-27T17:10:51.726+0000] {processor.py:208} INFO - Processing /home/airflow/.local/lib/python3.12/site-packages/airflow/example_dags/example_dataset_alias.py took 0.558 seconds
[2025-06-27T17:11:22.058+0000] {processor.py:186} INFO - Started process (PID=1980) to work on /home/airflow/.local/lib/python3.12/site-packages/airflow/example_dags/example_dataset_alias.py
[2025-06-27T17:11:22.059+0000] {processor.py:914} INFO - Processing file /home/airflow/.local/lib/python3.12/site-packages/airflow/example_dags/example_dataset_alias.py for tasks to queue
[2025-06-27T17:11:22.061+0000] {logging_mixin.py:190} INFO - [2025-06-27T17:11:22.061+0000] {dagbag.py:588} INFO - Filling up the DagBag from /home/airflow/.local/lib/python3.12/site-packages/airflow/example_dags/example_dataset_alias.py
[2025-06-27T17:11:22.576+0000] {processor.py:925} INFO - DAG(s) 'dataset_alias_example_alias_consumer', 'dataset_s3_bucket_producer', 'dataset_s3_bucket_consumer', 'dataset_alias_example_alias_producer' retrieved from /home/airflow/.local/lib/python3.12/site-packages/airflow/example_dags/example_dataset_alias.py
[2025-06-27T17:11:22.595+0000] {logging_mixin.py:190} INFO - [2025-06-27T17:11:22.594+0000] {dag.py:3239} INFO - Sync 4 DAGs
[2025-06-27T17:11:22.613+0000] {logging_mixin.py:190} INFO - [2025-06-27T17:11:22.613+0000] {dag.py:4180} INFO - Setting next_dagrun for dataset_alias_example_alias_consumer to None, run_after=None
[2025-06-27T17:11:22.616+0000] {logging_mixin.py:190} INFO - [2025-06-27T17:11:22.616+0000] {dag.py:4180} INFO - Setting next_dagrun for dataset_alias_example_alias_producer to None, run_after=None
[2025-06-27T17:11:22.617+0000] {logging_mixin.py:190} INFO - [2025-06-27T17:11:22.617+0000] {dag.py:4180} INFO - Setting next_dagrun for dataset_s3_bucket_consumer to None, run_after=None
[2025-06-27T17:11:22.618+0000] {logging_mixin.py:190} INFO - [2025-06-27T17:11:22.618+0000] {dag.py:4180} INFO - Setting next_dagrun for dataset_s3_bucket_producer to None, run_after=None
[2025-06-27T17:11:22.637+0000] {processor.py:208} INFO - Processing /home/airflow/.local/lib/python3.12/site-packages/airflow/example_dags/example_dataset_alias.py took 0.585 seconds
[2025-06-27T17:11:53.558+0000] {processor.py:186} INFO - Started process (PID=2048) to work on /home/airflow/.local/lib/python3.12/site-packages/airflow/example_dags/example_dataset_alias.py
[2025-06-27T17:11:53.559+0000] {processor.py:914} INFO - Processing file /home/airflow/.local/lib/python3.12/site-packages/airflow/example_dags/example_dataset_alias.py for tasks to queue
[2025-06-27T17:11:53.561+0000] {logging_mixin.py:190} INFO - [2025-06-27T17:11:53.561+0000] {dagbag.py:588} INFO - Filling up the DagBag from /home/airflow/.local/lib/python3.12/site-packages/airflow/example_dags/example_dataset_alias.py
[2025-06-27T17:11:54.092+0000] {processor.py:925} INFO - DAG(s) 'dataset_alias_example_alias_producer', 'dataset_alias_example_alias_consumer', 'dataset_s3_bucket_producer', 'dataset_s3_bucket_consumer' retrieved from /home/airflow/.local/lib/python3.12/site-packages/airflow/example_dags/example_dataset_alias.py
[2025-06-27T17:11:54.114+0000] {logging_mixin.py:190} INFO - [2025-06-27T17:11:54.113+0000] {dag.py:3239} INFO - Sync 4 DAGs
[2025-06-27T17:11:54.134+0000] {logging_mixin.py:190} INFO - [2025-06-27T17:11:54.134+0000] {dag.py:4180} INFO - Setting next_dagrun for dataset_alias_example_alias_consumer to None, run_after=None
[2025-06-27T17:11:54.136+0000] {logging_mixin.py:190} INFO - [2025-06-27T17:11:54.136+0000] {dag.py:4180} INFO - Setting next_dagrun for dataset_alias_example_alias_producer to None, run_after=None
[2025-06-27T17:11:54.138+0000] {logging_mixin.py:190} INFO - [2025-06-27T17:11:54.138+0000] {dag.py:4180} INFO - Setting next_dagrun for dataset_s3_bucket_consumer to None, run_after=None
[2025-06-27T17:11:54.139+0000] {logging_mixin.py:190} INFO - [2025-06-27T17:11:54.139+0000] {dag.py:4180} INFO - Setting next_dagrun for dataset_s3_bucket_producer to None, run_after=None
[2025-06-27T17:11:54.160+0000] {processor.py:208} INFO - Processing /home/airflow/.local/lib/python3.12/site-packages/airflow/example_dags/example_dataset_alias.py took 0.608 seconds
[2025-06-27T17:12:24.434+0000] {processor.py:186} INFO - Started process (PID=2121) to work on /home/airflow/.local/lib/python3.12/site-packages/airflow/example_dags/example_dataset_alias.py
[2025-06-27T17:12:24.435+0000] {processor.py:914} INFO - Processing file /home/airflow/.local/lib/python3.12/site-packages/airflow/example_dags/example_dataset_alias.py for tasks to queue
[2025-06-27T17:12:24.437+0000] {logging_mixin.py:190} INFO - [2025-06-27T17:12:24.437+0000] {dagbag.py:588} INFO - Filling up the DagBag from /home/airflow/.local/lib/python3.12/site-packages/airflow/example_dags/example_dataset_alias.py
[2025-06-27T17:12:24.957+0000] {processor.py:925} INFO - DAG(s) 'dataset_s3_bucket_producer', 'dataset_alias_example_alias_producer', 'dataset_s3_bucket_consumer', 'dataset_alias_example_alias_consumer' retrieved from /home/airflow/.local/lib/python3.12/site-packages/airflow/example_dags/example_dataset_alias.py
[2025-06-27T17:12:24.973+0000] {logging_mixin.py:190} INFO - [2025-06-27T17:12:24.973+0000] {dag.py:3239} INFO - Sync 4 DAGs
[2025-06-27T17:12:24.991+0000] {logging_mixin.py:190} INFO - [2025-06-27T17:12:24.990+0000] {dag.py:4180} INFO - Setting next_dagrun for dataset_alias_example_alias_consumer to None, run_after=None
[2025-06-27T17:12:24.993+0000] {logging_mixin.py:190} INFO - [2025-06-27T17:12:24.993+0000] {dag.py:4180} INFO - Setting next_dagrun for dataset_alias_example_alias_producer to None, run_after=None
[2025-06-27T17:12:24.994+0000] {logging_mixin.py:190} INFO - [2025-06-27T17:12:24.994+0000] {dag.py:4180} INFO - Setting next_dagrun for dataset_s3_bucket_consumer to None, run_after=None
[2025-06-27T17:12:24.996+0000] {logging_mixin.py:190} INFO - [2025-06-27T17:12:24.995+0000] {dag.py:4180} INFO - Setting next_dagrun for dataset_s3_bucket_producer to None, run_after=None
[2025-06-27T17:12:25.013+0000] {processor.py:208} INFO - Processing /home/airflow/.local/lib/python3.12/site-packages/airflow/example_dags/example_dataset_alias.py took 0.585 seconds
[2025-06-27T17:12:55.145+0000] {processor.py:186} INFO - Started process (PID=2185) to work on /home/airflow/.local/lib/python3.12/site-packages/airflow/example_dags/example_dataset_alias.py
[2025-06-27T17:12:55.146+0000] {processor.py:914} INFO - Processing file /home/airflow/.local/lib/python3.12/site-packages/airflow/example_dags/example_dataset_alias.py for tasks to queue
[2025-06-27T17:12:55.149+0000] {logging_mixin.py:190} INFO - [2025-06-27T17:12:55.148+0000] {dagbag.py:588} INFO - Filling up the DagBag from /home/airflow/.local/lib/python3.12/site-packages/airflow/example_dags/example_dataset_alias.py
[2025-06-27T17:12:55.703+0000] {processor.py:925} INFO - DAG(s) 'dataset_alias_example_alias_producer', 'dataset_alias_example_alias_consumer', 'dataset_s3_bucket_consumer', 'dataset_s3_bucket_producer' retrieved from /home/airflow/.local/lib/python3.12/site-packages/airflow/example_dags/example_dataset_alias.py
[2025-06-27T17:12:55.722+0000] {logging_mixin.py:190} INFO - [2025-06-27T17:12:55.721+0000] {dag.py:3239} INFO - Sync 4 DAGs
[2025-06-27T17:12:55.740+0000] {logging_mixin.py:190} INFO - [2025-06-27T17:12:55.740+0000] {dag.py:4180} INFO - Setting next_dagrun for dataset_alias_example_alias_consumer to None, run_after=None
[2025-06-27T17:12:55.743+0000] {logging_mixin.py:190} INFO - [2025-06-27T17:12:55.742+0000] {dag.py:4180} INFO - Setting next_dagrun for dataset_alias_example_alias_producer to None, run_after=None
[2025-06-27T17:12:55.744+0000] {logging_mixin.py:190} INFO - [2025-06-27T17:12:55.744+0000] {dag.py:4180} INFO - Setting next_dagrun for dataset_s3_bucket_consumer to None, run_after=None
[2025-06-27T17:12:55.745+0000] {logging_mixin.py:190} INFO - [2025-06-27T17:12:55.745+0000] {dag.py:4180} INFO - Setting next_dagrun for dataset_s3_bucket_producer to None, run_after=None
[2025-06-27T17:12:55.766+0000] {processor.py:208} INFO - Processing /home/airflow/.local/lib/python3.12/site-packages/airflow/example_dags/example_dataset_alias.py took 0.627 seconds
