[2025-06-27T16:57:55.135+0000] {processor.py:186} INFO - Started process (PID=108) to work on /home/airflow/.local/lib/python3.12/site-packages/airflow/example_dags/example_workday_timetable.py
[2025-06-27T16:57:55.136+0000] {processor.py:914} INFO - Processing file /home/airflow/.local/lib/python3.12/site-packages/airflow/example_dags/example_workday_timetable.py for tasks to queue
[2025-06-27T16:57:55.139+0000] {logging_mixin.py:190} INFO - [2025-06-27T16:57:55.138+0000] {dagbag.py:588} INFO - Filling up the DagBag from /home/airflow/.local/lib/python3.12/site-packages/airflow/example_dags/example_workday_timetable.py
[2025-06-27T16:57:55.145+0000] {processor.py:925} INFO - DAG(s) 'example_workday_timetable' retrieved from /home/airflow/.local/lib/python3.12/site-packages/airflow/example_dags/example_workday_timetable.py
[2025-06-27T16:57:55.164+0000] {logging_mixin.py:190} INFO - [2025-06-27T16:57:55.163+0000] {dag.py:3239} INFO - Sync 1 DAGs
[2025-06-27T16:57:55.207+0000] {logging_mixin.py:190} INFO - [2025-06-27T16:57:55.207+0000] {dag.py:4180} INFO - Setting next_dagrun for example_workday_timetable to 2021-03-16 00:00:00+00:00, run_after=2021-03-17 00:00:00+00:00
[2025-06-27T16:57:55.226+0000] {processor.py:208} INFO - Processing /home/airflow/.local/lib/python3.12/site-packages/airflow/example_dags/example_workday_timetable.py took 0.099 seconds
[2025-06-27T16:58:25.597+0000] {processor.py:186} INFO - Started process (PID=269) to work on /home/airflow/.local/lib/python3.12/site-packages/airflow/example_dags/example_workday_timetable.py
[2025-06-27T16:58:25.598+0000] {processor.py:914} INFO - Processing file /home/airflow/.local/lib/python3.12/site-packages/airflow/example_dags/example_workday_timetable.py for tasks to queue
[2025-06-27T16:58:25.600+0000] {logging_mixin.py:190} INFO - [2025-06-27T16:58:25.600+0000] {dagbag.py:588} INFO - Filling up the DagBag from /home/airflow/.local/lib/python3.12/site-packages/airflow/example_dags/example_workday_timetable.py
[2025-06-27T16:58:25.606+0000] {processor.py:925} INFO - DAG(s) 'example_workday_timetable' retrieved from /home/airflow/.local/lib/python3.12/site-packages/airflow/example_dags/example_workday_timetable.py
[2025-06-27T16:58:25.626+0000] {logging_mixin.py:190} INFO - [2025-06-27T16:58:25.626+0000] {dag.py:3239} INFO - Sync 1 DAGs
[2025-06-27T16:58:25.675+0000] {logging_mixin.py:190} INFO - [2025-06-27T16:58:25.675+0000] {dag.py:4180} INFO - Setting next_dagrun for example_workday_timetable to 2021-04-15 00:00:00+00:00, run_after=2021-04-16 00:00:00+00:00
[2025-06-27T16:58:25.694+0000] {processor.py:208} INFO - Processing /home/airflow/.local/lib/python3.12/site-packages/airflow/example_dags/example_workday_timetable.py took 0.103 seconds
[2025-06-27T16:58:56.041+0000] {processor.py:186} INFO - Started process (PID=348) to work on /home/airflow/.local/lib/python3.12/site-packages/airflow/example_dags/example_workday_timetable.py
[2025-06-27T16:58:56.042+0000] {processor.py:914} INFO - Processing file /home/airflow/.local/lib/python3.12/site-packages/airflow/example_dags/example_workday_timetable.py for tasks to queue
[2025-06-27T16:58:56.044+0000] {logging_mixin.py:190} INFO - [2025-06-27T16:58:56.044+0000] {dagbag.py:588} INFO - Filling up the DagBag from /home/airflow/.local/lib/python3.12/site-packages/airflow/example_dags/example_workday_timetable.py
[2025-06-27T16:58:56.050+0000] {processor.py:925} INFO - DAG(s) 'example_workday_timetable' retrieved from /home/airflow/.local/lib/python3.12/site-packages/airflow/example_dags/example_workday_timetable.py
[2025-06-27T16:58:56.066+0000] {logging_mixin.py:190} INFO - [2025-06-27T16:58:56.065+0000] {dag.py:3239} INFO - Sync 1 DAGs
[2025-06-27T16:58:56.104+0000] {logging_mixin.py:190} INFO - [2025-06-27T16:58:56.104+0000] {dag.py:4180} INFO - Setting next_dagrun for example_workday_timetable to 2021-05-14 00:00:00+00:00, run_after=2021-05-15 00:00:00+00:00
[2025-06-27T16:58:56.120+0000] {processor.py:208} INFO - Processing /home/airflow/.local/lib/python3.12/site-packages/airflow/example_dags/example_workday_timetable.py took 0.084 seconds
[2025-06-27T16:59:26.592+0000] {processor.py:186} INFO - Started process (PID=417) to work on /home/airflow/.local/lib/python3.12/site-packages/airflow/example_dags/example_workday_timetable.py
[2025-06-27T16:59:26.593+0000] {processor.py:914} INFO - Processing file /home/airflow/.local/lib/python3.12/site-packages/airflow/example_dags/example_workday_timetable.py for tasks to queue
[2025-06-27T16:59:26.595+0000] {logging_mixin.py:190} INFO - [2025-06-27T16:59:26.594+0000] {dagbag.py:588} INFO - Filling up the DagBag from /home/airflow/.local/lib/python3.12/site-packages/airflow/example_dags/example_workday_timetable.py
[2025-06-27T16:59:26.600+0000] {processor.py:925} INFO - DAG(s) 'example_workday_timetable' retrieved from /home/airflow/.local/lib/python3.12/site-packages/airflow/example_dags/example_workday_timetable.py
[2025-06-27T16:59:26.617+0000] {logging_mixin.py:190} INFO - [2025-06-27T16:59:26.617+0000] {dag.py:3239} INFO - Sync 1 DAGs
[2025-06-27T16:59:26.671+0000] {logging_mixin.py:190} INFO - [2025-06-27T16:59:26.671+0000] {dag.py:4180} INFO - Setting next_dagrun for example_workday_timetable to 2021-06-21 00:00:00+00:00, run_after=2021-06-22 00:00:00+00:00
[2025-06-27T16:59:26.688+0000] {processor.py:208} INFO - Processing /home/airflow/.local/lib/python3.12/site-packages/airflow/example_dags/example_workday_timetable.py took 0.101 seconds
[2025-06-27T16:59:56.913+0000] {processor.py:186} INFO - Started process (PID=480) to work on /home/airflow/.local/lib/python3.12/site-packages/airflow/example_dags/example_workday_timetable.py
[2025-06-27T16:59:56.914+0000] {processor.py:914} INFO - Processing file /home/airflow/.local/lib/python3.12/site-packages/airflow/example_dags/example_workday_timetable.py for tasks to queue
[2025-06-27T16:59:56.916+0000] {logging_mixin.py:190} INFO - [2025-06-27T16:59:56.916+0000] {dagbag.py:588} INFO - Filling up the DagBag from /home/airflow/.local/lib/python3.12/site-packages/airflow/example_dags/example_workday_timetable.py
[2025-06-27T16:59:56.921+0000] {processor.py:925} INFO - DAG(s) 'example_workday_timetable' retrieved from /home/airflow/.local/lib/python3.12/site-packages/airflow/example_dags/example_workday_timetable.py
[2025-06-27T16:59:56.938+0000] {logging_mixin.py:190} INFO - [2025-06-27T16:59:56.938+0000] {dag.py:3239} INFO - Sync 1 DAGs
[2025-06-27T16:59:56.977+0000] {logging_mixin.py:190} INFO - [2025-06-27T16:59:56.977+0000] {dag.py:4180} INFO - Setting next_dagrun for example_workday_timetable to 2021-07-21 00:00:00+00:00, run_after=2021-07-22 00:00:00+00:00
[2025-06-27T16:59:56.993+0000] {processor.py:208} INFO - Processing /home/airflow/.local/lib/python3.12/site-packages/airflow/example_dags/example_workday_timetable.py took 0.085 seconds
[2025-06-27T17:00:27.332+0000] {processor.py:186} INFO - Started process (PID=550) to work on /home/airflow/.local/lib/python3.12/site-packages/airflow/example_dags/example_workday_timetable.py
[2025-06-27T17:00:27.333+0000] {processor.py:914} INFO - Processing file /home/airflow/.local/lib/python3.12/site-packages/airflow/example_dags/example_workday_timetable.py for tasks to queue
[2025-06-27T17:00:27.335+0000] {logging_mixin.py:190} INFO - [2025-06-27T17:00:27.335+0000] {dagbag.py:588} INFO - Filling up the DagBag from /home/airflow/.local/lib/python3.12/site-packages/airflow/example_dags/example_workday_timetable.py
[2025-06-27T17:00:27.341+0000] {processor.py:925} INFO - DAG(s) 'example_workday_timetable' retrieved from /home/airflow/.local/lib/python3.12/site-packages/airflow/example_dags/example_workday_timetable.py
[2025-06-27T17:00:27.359+0000] {logging_mixin.py:190} INFO - [2025-06-27T17:00:27.358+0000] {dag.py:3239} INFO - Sync 1 DAGs
[2025-06-27T17:00:27.411+0000] {logging_mixin.py:190} INFO - [2025-06-27T17:00:27.410+0000] {dag.py:4180} INFO - Setting next_dagrun for example_workday_timetable to 2021-08-23 00:00:00+00:00, run_after=2021-08-24 00:00:00+00:00
[2025-06-27T17:00:27.438+0000] {processor.py:208} INFO - Processing /home/airflow/.local/lib/python3.12/site-packages/airflow/example_dags/example_workday_timetable.py took 0.111 seconds
[2025-06-27T17:00:58.499+0000] {processor.py:186} INFO - Started process (PID=614) to work on /home/airflow/.local/lib/python3.12/site-packages/airflow/example_dags/example_workday_timetable.py
[2025-06-27T17:00:58.501+0000] {processor.py:914} INFO - Processing file /home/airflow/.local/lib/python3.12/site-packages/airflow/example_dags/example_workday_timetable.py for tasks to queue
[2025-06-27T17:00:58.504+0000] {logging_mixin.py:190} INFO - [2025-06-27T17:00:58.504+0000] {dagbag.py:588} INFO - Filling up the DagBag from /home/airflow/.local/lib/python3.12/site-packages/airflow/example_dags/example_workday_timetable.py
[2025-06-27T17:00:58.512+0000] {processor.py:925} INFO - DAG(s) 'example_workday_timetable' retrieved from /home/airflow/.local/lib/python3.12/site-packages/airflow/example_dags/example_workday_timetable.py
[2025-06-27T17:00:58.545+0000] {logging_mixin.py:190} INFO - [2025-06-27T17:00:58.545+0000] {dag.py:3239} INFO - Sync 1 DAGs
[2025-06-27T17:00:58.605+0000] {logging_mixin.py:190} INFO - [2025-06-27T17:00:58.604+0000] {dag.py:4180} INFO - Setting next_dagrun for example_workday_timetable to 2021-09-27 00:00:00+00:00, run_after=2021-09-28 00:00:00+00:00
[2025-06-27T17:00:58.635+0000] {processor.py:208} INFO - Processing /home/airflow/.local/lib/python3.12/site-packages/airflow/example_dags/example_workday_timetable.py took 0.143 seconds
[2025-06-27T17:01:29.552+0000] {processor.py:186} INFO - Started process (PID=683) to work on /home/airflow/.local/lib/python3.12/site-packages/airflow/example_dags/example_workday_timetable.py
[2025-06-27T17:01:29.553+0000] {processor.py:914} INFO - Processing file /home/airflow/.local/lib/python3.12/site-packages/airflow/example_dags/example_workday_timetable.py for tasks to queue
[2025-06-27T17:01:29.555+0000] {logging_mixin.py:190} INFO - [2025-06-27T17:01:29.555+0000] {dagbag.py:588} INFO - Filling up the DagBag from /home/airflow/.local/lib/python3.12/site-packages/airflow/example_dags/example_workday_timetable.py
[2025-06-27T17:01:29.561+0000] {processor.py:925} INFO - DAG(s) 'example_workday_timetable' retrieved from /home/airflow/.local/lib/python3.12/site-packages/airflow/example_dags/example_workday_timetable.py
[2025-06-27T17:01:29.577+0000] {logging_mixin.py:190} INFO - [2025-06-27T17:01:29.577+0000] {dag.py:3239} INFO - Sync 1 DAGs
[2025-06-27T17:01:29.622+0000] {logging_mixin.py:190} INFO - [2025-06-27T17:01:29.622+0000] {dag.py:4180} INFO - Setting next_dagrun for example_workday_timetable to 2021-10-27 00:00:00+00:00, run_after=2021-10-28 00:00:00+00:00
[2025-06-27T17:01:29.642+0000] {processor.py:208} INFO - Processing /home/airflow/.local/lib/python3.12/site-packages/airflow/example_dags/example_workday_timetable.py took 0.095 seconds
[2025-06-27T17:02:00.278+0000] {processor.py:186} INFO - Started process (PID=753) to work on /home/airflow/.local/lib/python3.12/site-packages/airflow/example_dags/example_workday_timetable.py
[2025-06-27T17:02:00.279+0000] {processor.py:914} INFO - Processing file /home/airflow/.local/lib/python3.12/site-packages/airflow/example_dags/example_workday_timetable.py for tasks to queue
[2025-06-27T17:02:00.282+0000] {logging_mixin.py:190} INFO - [2025-06-27T17:02:00.282+0000] {dagbag.py:588} INFO - Filling up the DagBag from /home/airflow/.local/lib/python3.12/site-packages/airflow/example_dags/example_workday_timetable.py
[2025-06-27T17:02:00.291+0000] {processor.py:925} INFO - DAG(s) 'example_workday_timetable' retrieved from /home/airflow/.local/lib/python3.12/site-packages/airflow/example_dags/example_workday_timetable.py
[2025-06-27T17:02:00.311+0000] {logging_mixin.py:190} INFO - [2025-06-27T17:02:00.310+0000] {dag.py:3239} INFO - Sync 1 DAGs
[2025-06-27T17:02:00.362+0000] {logging_mixin.py:190} INFO - [2025-06-27T17:02:00.362+0000] {dag.py:4180} INFO - Setting next_dagrun for example_workday_timetable to 2021-12-02 00:00:00+00:00, run_after=2021-12-03 00:00:00+00:00
[2025-06-27T17:02:00.389+0000] {processor.py:208} INFO - Processing /home/airflow/.local/lib/python3.12/site-packages/airflow/example_dags/example_workday_timetable.py took 0.118 seconds
[2025-06-27T17:02:30.557+0000] {processor.py:186} INFO - Started process (PID=817) to work on /home/airflow/.local/lib/python3.12/site-packages/airflow/example_dags/example_workday_timetable.py
[2025-06-27T17:02:30.558+0000] {processor.py:914} INFO - Processing file /home/airflow/.local/lib/python3.12/site-packages/airflow/example_dags/example_workday_timetable.py for tasks to queue
[2025-06-27T17:02:30.560+0000] {logging_mixin.py:190} INFO - [2025-06-27T17:02:30.560+0000] {dagbag.py:588} INFO - Filling up the DagBag from /home/airflow/.local/lib/python3.12/site-packages/airflow/example_dags/example_workday_timetable.py
[2025-06-27T17:02:30.566+0000] {processor.py:925} INFO - DAG(s) 'example_workday_timetable' retrieved from /home/airflow/.local/lib/python3.12/site-packages/airflow/example_dags/example_workday_timetable.py
[2025-06-27T17:02:30.581+0000] {logging_mixin.py:190} INFO - [2025-06-27T17:02:30.581+0000] {dag.py:3239} INFO - Sync 1 DAGs
[2025-06-27T17:02:30.621+0000] {logging_mixin.py:190} INFO - [2025-06-27T17:02:30.621+0000] {dag.py:4180} INFO - Setting next_dagrun for example_workday_timetable to 2022-01-07 00:00:00+00:00, run_after=2022-01-08 00:00:00+00:00
[2025-06-27T17:02:30.638+0000] {processor.py:208} INFO - Processing /home/airflow/.local/lib/python3.12/site-packages/airflow/example_dags/example_workday_timetable.py took 0.086 seconds
[2025-06-27T17:03:01.525+0000] {processor.py:186} INFO - Started process (PID=886) to work on /home/airflow/.local/lib/python3.12/site-packages/airflow/example_dags/example_workday_timetable.py
[2025-06-27T17:03:01.526+0000] {processor.py:914} INFO - Processing file /home/airflow/.local/lib/python3.12/site-packages/airflow/example_dags/example_workday_timetable.py for tasks to queue
[2025-06-27T17:03:01.528+0000] {logging_mixin.py:190} INFO - [2025-06-27T17:03:01.528+0000] {dagbag.py:588} INFO - Filling up the DagBag from /home/airflow/.local/lib/python3.12/site-packages/airflow/example_dags/example_workday_timetable.py
[2025-06-27T17:03:01.534+0000] {processor.py:925} INFO - DAG(s) 'example_workday_timetable' retrieved from /home/airflow/.local/lib/python3.12/site-packages/airflow/example_dags/example_workday_timetable.py
[2025-06-27T17:03:01.550+0000] {logging_mixin.py:190} INFO - [2025-06-27T17:03:01.550+0000] {dag.py:3239} INFO - Sync 1 DAGs
[2025-06-27T17:03:01.601+0000] {logging_mixin.py:190} INFO - [2025-06-27T17:03:01.601+0000] {dag.py:4180} INFO - Setting next_dagrun for example_workday_timetable to 2022-02-10 00:00:00+00:00, run_after=2022-02-11 00:00:00+00:00
[2025-06-27T17:03:01.625+0000] {processor.py:208} INFO - Processing /home/airflow/.local/lib/python3.12/site-packages/airflow/example_dags/example_workday_timetable.py took 0.107 seconds
[2025-06-27T17:03:32.025+0000] {processor.py:186} INFO - Started process (PID=950) to work on /home/airflow/.local/lib/python3.12/site-packages/airflow/example_dags/example_workday_timetable.py
[2025-06-27T17:03:32.026+0000] {processor.py:914} INFO - Processing file /home/airflow/.local/lib/python3.12/site-packages/airflow/example_dags/example_workday_timetable.py for tasks to queue
[2025-06-27T17:03:32.028+0000] {logging_mixin.py:190} INFO - [2025-06-27T17:03:32.028+0000] {dagbag.py:588} INFO - Filling up the DagBag from /home/airflow/.local/lib/python3.12/site-packages/airflow/example_dags/example_workday_timetable.py
[2025-06-27T17:03:32.033+0000] {processor.py:925} INFO - DAG(s) 'example_workday_timetable' retrieved from /home/airflow/.local/lib/python3.12/site-packages/airflow/example_dags/example_workday_timetable.py
[2025-06-27T17:03:32.050+0000] {logging_mixin.py:190} INFO - [2025-06-27T17:03:32.050+0000] {dag.py:3239} INFO - Sync 1 DAGs
[2025-06-27T17:03:32.089+0000] {logging_mixin.py:190} INFO - [2025-06-27T17:03:32.089+0000] {dag.py:4180} INFO - Setting next_dagrun for example_workday_timetable to 2022-03-15 00:00:00+00:00, run_after=2022-03-16 00:00:00+00:00
[2025-06-27T17:03:32.106+0000] {processor.py:208} INFO - Processing /home/airflow/.local/lib/python3.12/site-packages/airflow/example_dags/example_workday_timetable.py took 0.086 seconds
[2025-06-27T17:04:02.565+0000] {processor.py:186} INFO - Started process (PID=1020) to work on /home/airflow/.local/lib/python3.12/site-packages/airflow/example_dags/example_workday_timetable.py
[2025-06-27T17:04:02.566+0000] {processor.py:914} INFO - Processing file /home/airflow/.local/lib/python3.12/site-packages/airflow/example_dags/example_workday_timetable.py for tasks to queue
[2025-06-27T17:04:02.569+0000] {logging_mixin.py:190} INFO - [2025-06-27T17:04:02.569+0000] {dagbag.py:588} INFO - Filling up the DagBag from /home/airflow/.local/lib/python3.12/site-packages/airflow/example_dags/example_workday_timetable.py
[2025-06-27T17:04:02.577+0000] {processor.py:925} INFO - DAG(s) 'example_workday_timetable' retrieved from /home/airflow/.local/lib/python3.12/site-packages/airflow/example_dags/example_workday_timetable.py
[2025-06-27T17:04:02.596+0000] {logging_mixin.py:190} INFO - [2025-06-27T17:04:02.596+0000] {dag.py:3239} INFO - Sync 1 DAGs
[2025-06-27T17:04:02.641+0000] {logging_mixin.py:190} INFO - [2025-06-27T17:04:02.641+0000] {dag.py:4180} INFO - Setting next_dagrun for example_workday_timetable to 2022-04-15 00:00:00+00:00, run_after=2022-04-16 00:00:00+00:00
[2025-06-27T17:04:02.660+0000] {processor.py:208} INFO - Processing /home/airflow/.local/lib/python3.12/site-packages/airflow/example_dags/example_workday_timetable.py took 0.100 seconds
[2025-06-27T17:04:32.895+0000] {processor.py:186} INFO - Started process (PID=1084) to work on /home/airflow/.local/lib/python3.12/site-packages/airflow/example_dags/example_workday_timetable.py
[2025-06-27T17:04:32.896+0000] {processor.py:914} INFO - Processing file /home/airflow/.local/lib/python3.12/site-packages/airflow/example_dags/example_workday_timetable.py for tasks to queue
[2025-06-27T17:04:32.899+0000] {logging_mixin.py:190} INFO - [2025-06-27T17:04:32.898+0000] {dagbag.py:588} INFO - Filling up the DagBag from /home/airflow/.local/lib/python3.12/site-packages/airflow/example_dags/example_workday_timetable.py
[2025-06-27T17:04:32.904+0000] {processor.py:925} INFO - DAG(s) 'example_workday_timetable' retrieved from /home/airflow/.local/lib/python3.12/site-packages/airflow/example_dags/example_workday_timetable.py
[2025-06-27T17:04:32.921+0000] {logging_mixin.py:190} INFO - [2025-06-27T17:04:32.921+0000] {dag.py:3239} INFO - Sync 1 DAGs
[2025-06-27T17:04:32.961+0000] {logging_mixin.py:190} INFO - [2025-06-27T17:04:32.960+0000] {dag.py:4180} INFO - Setting next_dagrun for example_workday_timetable to 2022-05-18 00:00:00+00:00, run_after=2022-05-19 00:00:00+00:00
[2025-06-27T17:04:32.980+0000] {processor.py:208} INFO - Processing /home/airflow/.local/lib/python3.12/site-packages/airflow/example_dags/example_workday_timetable.py took 0.090 seconds
[2025-06-27T17:05:03.098+0000] {processor.py:186} INFO - Started process (PID=1153) to work on /home/airflow/.local/lib/python3.12/site-packages/airflow/example_dags/example_workday_timetable.py
[2025-06-27T17:05:03.099+0000] {processor.py:914} INFO - Processing file /home/airflow/.local/lib/python3.12/site-packages/airflow/example_dags/example_workday_timetable.py for tasks to queue
[2025-06-27T17:05:03.102+0000] {logging_mixin.py:190} INFO - [2025-06-27T17:05:03.101+0000] {dagbag.py:588} INFO - Filling up the DagBag from /home/airflow/.local/lib/python3.12/site-packages/airflow/example_dags/example_workday_timetable.py
[2025-06-27T17:05:03.107+0000] {processor.py:925} INFO - DAG(s) 'example_workday_timetable' retrieved from /home/airflow/.local/lib/python3.12/site-packages/airflow/example_dags/example_workday_timetable.py
[2025-06-27T17:05:03.125+0000] {logging_mixin.py:190} INFO - [2025-06-27T17:05:03.125+0000] {dag.py:3239} INFO - Sync 1 DAGs
[2025-06-27T17:05:03.174+0000] {logging_mixin.py:190} INFO - [2025-06-27T17:05:03.174+0000] {dag.py:4180} INFO - Setting next_dagrun for example_workday_timetable to 2022-06-22 00:00:00+00:00, run_after=2022-06-23 00:00:00+00:00
[2025-06-27T17:05:03.194+0000] {processor.py:208} INFO - Processing /home/airflow/.local/lib/python3.12/site-packages/airflow/example_dags/example_workday_timetable.py took 0.102 seconds
[2025-06-27T17:05:33.424+0000] {processor.py:186} INFO - Started process (PID=1217) to work on /home/airflow/.local/lib/python3.12/site-packages/airflow/example_dags/example_workday_timetable.py
[2025-06-27T17:05:33.425+0000] {processor.py:914} INFO - Processing file /home/airflow/.local/lib/python3.12/site-packages/airflow/example_dags/example_workday_timetable.py for tasks to queue
[2025-06-27T17:05:33.427+0000] {logging_mixin.py:190} INFO - [2025-06-27T17:05:33.427+0000] {dagbag.py:588} INFO - Filling up the DagBag from /home/airflow/.local/lib/python3.12/site-packages/airflow/example_dags/example_workday_timetable.py
[2025-06-27T17:05:33.433+0000] {processor.py:925} INFO - DAG(s) 'example_workday_timetable' retrieved from /home/airflow/.local/lib/python3.12/site-packages/airflow/example_dags/example_workday_timetable.py
[2025-06-27T17:05:33.450+0000] {logging_mixin.py:190} INFO - [2025-06-27T17:05:33.449+0000] {dag.py:3239} INFO - Sync 1 DAGs
[2025-06-27T17:05:33.497+0000] {logging_mixin.py:190} INFO - [2025-06-27T17:05:33.496+0000] {dag.py:4180} INFO - Setting next_dagrun for example_workday_timetable to 2022-07-25 00:00:00+00:00, run_after=2022-07-26 00:00:00+00:00
[2025-06-27T17:05:33.514+0000] {processor.py:208} INFO - Processing /home/airflow/.local/lib/python3.12/site-packages/airflow/example_dags/example_workday_timetable.py took 0.096 seconds
[2025-06-27T17:06:04.276+0000] {processor.py:186} INFO - Started process (PID=1287) to work on /home/airflow/.local/lib/python3.12/site-packages/airflow/example_dags/example_workday_timetable.py
[2025-06-27T17:06:04.277+0000] {processor.py:914} INFO - Processing file /home/airflow/.local/lib/python3.12/site-packages/airflow/example_dags/example_workday_timetable.py for tasks to queue
[2025-06-27T17:06:04.279+0000] {logging_mixin.py:190} INFO - [2025-06-27T17:06:04.279+0000] {dagbag.py:588} INFO - Filling up the DagBag from /home/airflow/.local/lib/python3.12/site-packages/airflow/example_dags/example_workday_timetable.py
[2025-06-27T17:06:04.285+0000] {processor.py:925} INFO - DAG(s) 'example_workday_timetable' retrieved from /home/airflow/.local/lib/python3.12/site-packages/airflow/example_dags/example_workday_timetable.py
[2025-06-27T17:06:04.300+0000] {logging_mixin.py:190} INFO - [2025-06-27T17:06:04.300+0000] {dag.py:3239} INFO - Sync 1 DAGs
[2025-06-27T17:06:04.347+0000] {logging_mixin.py:190} INFO - [2025-06-27T17:06:04.346+0000] {dag.py:4180} INFO - Setting next_dagrun for example_workday_timetable to 2022-08-29 00:00:00+00:00, run_after=2022-08-30 00:00:00+00:00
[2025-06-27T17:06:04.364+0000] {processor.py:208} INFO - Processing /home/airflow/.local/lib/python3.12/site-packages/airflow/example_dags/example_workday_timetable.py took 0.093 seconds
[2025-06-27T17:06:34.687+0000] {processor.py:186} INFO - Started process (PID=1351) to work on /home/airflow/.local/lib/python3.12/site-packages/airflow/example_dags/example_workday_timetable.py
[2025-06-27T17:06:34.687+0000] {processor.py:914} INFO - Processing file /home/airflow/.local/lib/python3.12/site-packages/airflow/example_dags/example_workday_timetable.py for tasks to queue
[2025-06-27T17:06:34.690+0000] {logging_mixin.py:190} INFO - [2025-06-27T17:06:34.690+0000] {dagbag.py:588} INFO - Filling up the DagBag from /home/airflow/.local/lib/python3.12/site-packages/airflow/example_dags/example_workday_timetable.py
[2025-06-27T17:06:34.695+0000] {processor.py:925} INFO - DAG(s) 'example_workday_timetable' retrieved from /home/airflow/.local/lib/python3.12/site-packages/airflow/example_dags/example_workday_timetable.py
[2025-06-27T17:06:34.711+0000] {logging_mixin.py:190} INFO - [2025-06-27T17:06:34.711+0000] {dag.py:3239} INFO - Sync 1 DAGs
[2025-06-27T17:06:34.749+0000] {logging_mixin.py:190} INFO - [2025-06-27T17:06:34.749+0000] {dag.py:4180} INFO - Setting next_dagrun for example_workday_timetable to 2022-09-27 00:00:00+00:00, run_after=2022-09-28 00:00:00+00:00
[2025-06-27T17:06:34.766+0000] {processor.py:208} INFO - Processing /home/airflow/.local/lib/python3.12/site-packages/airflow/example_dags/example_workday_timetable.py took 0.084 seconds
[2025-06-27T17:07:04.966+0000] {processor.py:186} INFO - Started process (PID=1420) to work on /home/airflow/.local/lib/python3.12/site-packages/airflow/example_dags/example_workday_timetable.py
[2025-06-27T17:07:04.967+0000] {processor.py:914} INFO - Processing file /home/airflow/.local/lib/python3.12/site-packages/airflow/example_dags/example_workday_timetable.py for tasks to queue
[2025-06-27T17:07:04.969+0000] {logging_mixin.py:190} INFO - [2025-06-27T17:07:04.969+0000] {dagbag.py:588} INFO - Filling up the DagBag from /home/airflow/.local/lib/python3.12/site-packages/airflow/example_dags/example_workday_timetable.py
[2025-06-27T17:07:04.974+0000] {processor.py:925} INFO - DAG(s) 'example_workday_timetable' retrieved from /home/airflow/.local/lib/python3.12/site-packages/airflow/example_dags/example_workday_timetable.py
[2025-06-27T17:07:04.992+0000] {logging_mixin.py:190} INFO - [2025-06-27T17:07:04.992+0000] {dag.py:3239} INFO - Sync 1 DAGs
[2025-06-27T17:07:05.033+0000] {logging_mixin.py:190} INFO - [2025-06-27T17:07:05.033+0000] {dag.py:4180} INFO - Setting next_dagrun for example_workday_timetable to 2022-10-28 00:00:00+00:00, run_after=2022-10-29 00:00:00+00:00
[2025-06-27T17:07:05.054+0000] {processor.py:208} INFO - Processing /home/airflow/.local/lib/python3.12/site-packages/airflow/example_dags/example_workday_timetable.py took 0.093 seconds
[2025-06-27T17:07:35.874+0000] {processor.py:186} INFO - Started process (PID=1484) to work on /home/airflow/.local/lib/python3.12/site-packages/airflow/example_dags/example_workday_timetable.py
[2025-06-27T17:07:35.875+0000] {processor.py:914} INFO - Processing file /home/airflow/.local/lib/python3.12/site-packages/airflow/example_dags/example_workday_timetable.py for tasks to queue
[2025-06-27T17:07:35.877+0000] {logging_mixin.py:190} INFO - [2025-06-27T17:07:35.877+0000] {dagbag.py:588} INFO - Filling up the DagBag from /home/airflow/.local/lib/python3.12/site-packages/airflow/example_dags/example_workday_timetable.py
[2025-06-27T17:07:35.883+0000] {processor.py:925} INFO - DAG(s) 'example_workday_timetable' retrieved from /home/airflow/.local/lib/python3.12/site-packages/airflow/example_dags/example_workday_timetable.py
[2025-06-27T17:07:35.899+0000] {logging_mixin.py:190} INFO - [2025-06-27T17:07:35.899+0000] {dag.py:3239} INFO - Sync 1 DAGs
[2025-06-27T17:07:35.938+0000] {logging_mixin.py:190} INFO - [2025-06-27T17:07:35.938+0000] {dag.py:4180} INFO - Setting next_dagrun for example_workday_timetable to 2022-12-05 00:00:00+00:00, run_after=2022-12-06 00:00:00+00:00
[2025-06-27T17:07:35.955+0000] {processor.py:208} INFO - Processing /home/airflow/.local/lib/python3.12/site-packages/airflow/example_dags/example_workday_timetable.py took 0.086 seconds
[2025-06-27T17:08:06.082+0000] {processor.py:186} INFO - Started process (PID=1554) to work on /home/airflow/.local/lib/python3.12/site-packages/airflow/example_dags/example_workday_timetable.py
[2025-06-27T17:08:06.083+0000] {processor.py:914} INFO - Processing file /home/airflow/.local/lib/python3.12/site-packages/airflow/example_dags/example_workday_timetable.py for tasks to queue
[2025-06-27T17:08:06.085+0000] {logging_mixin.py:190} INFO - [2025-06-27T17:08:06.085+0000] {dagbag.py:588} INFO - Filling up the DagBag from /home/airflow/.local/lib/python3.12/site-packages/airflow/example_dags/example_workday_timetable.py
[2025-06-27T17:08:06.091+0000] {processor.py:925} INFO - DAG(s) 'example_workday_timetable' retrieved from /home/airflow/.local/lib/python3.12/site-packages/airflow/example_dags/example_workday_timetable.py
[2025-06-27T17:08:06.108+0000] {logging_mixin.py:190} INFO - [2025-06-27T17:08:06.108+0000] {dag.py:3239} INFO - Sync 1 DAGs
[2025-06-27T17:08:06.152+0000] {logging_mixin.py:190} INFO - [2025-06-27T17:08:06.152+0000] {dag.py:4180} INFO - Setting next_dagrun for example_workday_timetable to 2023-01-09 00:00:00+00:00, run_after=2023-01-10 00:00:00+00:00
[2025-06-27T17:08:06.178+0000] {processor.py:208} INFO - Processing /home/airflow/.local/lib/python3.12/site-packages/airflow/example_dags/example_workday_timetable.py took 0.102 seconds
[2025-06-27T17:08:36.315+0000] {processor.py:186} INFO - Started process (PID=1618) to work on /home/airflow/.local/lib/python3.12/site-packages/airflow/example_dags/example_workday_timetable.py
[2025-06-27T17:08:36.316+0000] {processor.py:914} INFO - Processing file /home/airflow/.local/lib/python3.12/site-packages/airflow/example_dags/example_workday_timetable.py for tasks to queue
[2025-06-27T17:08:36.318+0000] {logging_mixin.py:190} INFO - [2025-06-27T17:08:36.318+0000] {dagbag.py:588} INFO - Filling up the DagBag from /home/airflow/.local/lib/python3.12/site-packages/airflow/example_dags/example_workday_timetable.py
[2025-06-27T17:08:36.324+0000] {processor.py:925} INFO - DAG(s) 'example_workday_timetable' retrieved from /home/airflow/.local/lib/python3.12/site-packages/airflow/example_dags/example_workday_timetable.py
[2025-06-27T17:08:36.340+0000] {logging_mixin.py:190} INFO - [2025-06-27T17:08:36.340+0000] {dag.py:3239} INFO - Sync 1 DAGs
[2025-06-27T17:08:36.380+0000] {logging_mixin.py:190} INFO - [2025-06-27T17:08:36.379+0000] {dag.py:4180} INFO - Setting next_dagrun for example_workday_timetable to 2023-02-10 00:00:00+00:00, run_after=2023-02-11 00:00:00+00:00
[2025-06-27T17:08:36.396+0000] {processor.py:208} INFO - Processing /home/airflow/.local/lib/python3.12/site-packages/airflow/example_dags/example_workday_timetable.py took 0.086 seconds
[2025-06-27T17:09:07.246+0000] {processor.py:186} INFO - Started process (PID=1687) to work on /home/airflow/.local/lib/python3.12/site-packages/airflow/example_dags/example_workday_timetable.py
[2025-06-27T17:09:07.247+0000] {processor.py:914} INFO - Processing file /home/airflow/.local/lib/python3.12/site-packages/airflow/example_dags/example_workday_timetable.py for tasks to queue
[2025-06-27T17:09:07.249+0000] {logging_mixin.py:190} INFO - [2025-06-27T17:09:07.249+0000] {dagbag.py:588} INFO - Filling up the DagBag from /home/airflow/.local/lib/python3.12/site-packages/airflow/example_dags/example_workday_timetable.py
[2025-06-27T17:09:07.255+0000] {processor.py:925} INFO - DAG(s) 'example_workday_timetable' retrieved from /home/airflow/.local/lib/python3.12/site-packages/airflow/example_dags/example_workday_timetable.py
[2025-06-27T17:09:07.272+0000] {logging_mixin.py:190} INFO - [2025-06-27T17:09:07.272+0000] {dag.py:3239} INFO - Sync 1 DAGs
[2025-06-27T17:09:07.314+0000] {logging_mixin.py:190} INFO - [2025-06-27T17:09:07.314+0000] {dag.py:4180} INFO - Setting next_dagrun for example_workday_timetable to 2023-03-17 00:00:00+00:00, run_after=2023-03-18 00:00:00+00:00
[2025-06-27T17:09:07.332+0000] {processor.py:208} INFO - Processing /home/airflow/.local/lib/python3.12/site-packages/airflow/example_dags/example_workday_timetable.py took 0.092 seconds
[2025-06-27T17:09:37.583+0000] {processor.py:186} INFO - Started process (PID=1751) to work on /home/airflow/.local/lib/python3.12/site-packages/airflow/example_dags/example_workday_timetable.py
[2025-06-27T17:09:37.583+0000] {processor.py:914} INFO - Processing file /home/airflow/.local/lib/python3.12/site-packages/airflow/example_dags/example_workday_timetable.py for tasks to queue
[2025-06-27T17:09:37.586+0000] {logging_mixin.py:190} INFO - [2025-06-27T17:09:37.585+0000] {dagbag.py:588} INFO - Filling up the DagBag from /home/airflow/.local/lib/python3.12/site-packages/airflow/example_dags/example_workday_timetable.py
[2025-06-27T17:09:37.591+0000] {processor.py:925} INFO - DAG(s) 'example_workday_timetable' retrieved from /home/airflow/.local/lib/python3.12/site-packages/airflow/example_dags/example_workday_timetable.py
[2025-06-27T17:09:37.608+0000] {logging_mixin.py:190} INFO - [2025-06-27T17:09:37.608+0000] {dag.py:3239} INFO - Sync 1 DAGs
[2025-06-27T17:09:37.648+0000] {logging_mixin.py:190} INFO - [2025-06-27T17:09:37.647+0000] {dag.py:4180} INFO - Setting next_dagrun for example_workday_timetable to 2023-04-17 00:00:00+00:00, run_after=2023-04-18 00:00:00+00:00
[2025-06-27T17:09:37.664+0000] {processor.py:208} INFO - Processing /home/airflow/.local/lib/python3.12/site-packages/airflow/example_dags/example_workday_timetable.py took 0.087 seconds
[2025-06-27T17:10:08.034+0000] {processor.py:186} INFO - Started process (PID=1821) to work on /home/airflow/.local/lib/python3.12/site-packages/airflow/example_dags/example_workday_timetable.py
[2025-06-27T17:10:08.035+0000] {processor.py:914} INFO - Processing file /home/airflow/.local/lib/python3.12/site-packages/airflow/example_dags/example_workday_timetable.py for tasks to queue
[2025-06-27T17:10:08.037+0000] {logging_mixin.py:190} INFO - [2025-06-27T17:10:08.037+0000] {dagbag.py:588} INFO - Filling up the DagBag from /home/airflow/.local/lib/python3.12/site-packages/airflow/example_dags/example_workday_timetable.py
[2025-06-27T17:10:08.043+0000] {processor.py:925} INFO - DAG(s) 'example_workday_timetable' retrieved from /home/airflow/.local/lib/python3.12/site-packages/airflow/example_dags/example_workday_timetable.py
[2025-06-27T17:10:08.061+0000] {logging_mixin.py:190} INFO - [2025-06-27T17:10:08.060+0000] {dag.py:3239} INFO - Sync 1 DAGs
[2025-06-27T17:10:08.102+0000] {logging_mixin.py:190} INFO - [2025-06-27T17:10:08.102+0000] {dag.py:4180} INFO - Setting next_dagrun for example_workday_timetable to 2023-05-19 00:00:00+00:00, run_after=2023-05-20 00:00:00+00:00
[2025-06-27T17:10:08.119+0000] {processor.py:208} INFO - Processing /home/airflow/.local/lib/python3.12/site-packages/airflow/example_dags/example_workday_timetable.py took 0.091 seconds
[2025-06-27T17:10:38.578+0000] {processor.py:186} INFO - Started process (PID=1885) to work on /home/airflow/.local/lib/python3.12/site-packages/airflow/example_dags/example_workday_timetable.py
[2025-06-27T17:10:38.579+0000] {processor.py:914} INFO - Processing file /home/airflow/.local/lib/python3.12/site-packages/airflow/example_dags/example_workday_timetable.py for tasks to queue
[2025-06-27T17:10:38.582+0000] {logging_mixin.py:190} INFO - [2025-06-27T17:10:38.582+0000] {dagbag.py:588} INFO - Filling up the DagBag from /home/airflow/.local/lib/python3.12/site-packages/airflow/example_dags/example_workday_timetable.py
[2025-06-27T17:10:38.588+0000] {processor.py:925} INFO - DAG(s) 'example_workday_timetable' retrieved from /home/airflow/.local/lib/python3.12/site-packages/airflow/example_dags/example_workday_timetable.py
[2025-06-27T17:10:38.604+0000] {logging_mixin.py:190} INFO - [2025-06-27T17:10:38.604+0000] {dag.py:3239} INFO - Sync 1 DAGs
[2025-06-27T17:10:38.646+0000] {logging_mixin.py:190} INFO - [2025-06-27T17:10:38.646+0000] {dag.py:4180} INFO - Setting next_dagrun for example_workday_timetable to 2023-06-23 00:00:00+00:00, run_after=2023-06-24 00:00:00+00:00
[2025-06-27T17:10:38.663+0000] {processor.py:208} INFO - Processing /home/airflow/.local/lib/python3.12/site-packages/airflow/example_dags/example_workday_timetable.py took 0.090 seconds
[2025-06-27T17:11:08.966+0000] {processor.py:186} INFO - Started process (PID=1954) to work on /home/airflow/.local/lib/python3.12/site-packages/airflow/example_dags/example_workday_timetable.py
[2025-06-27T17:11:08.967+0000] {processor.py:914} INFO - Processing file /home/airflow/.local/lib/python3.12/site-packages/airflow/example_dags/example_workday_timetable.py for tasks to queue
[2025-06-27T17:11:08.969+0000] {logging_mixin.py:190} INFO - [2025-06-27T17:11:08.969+0000] {dagbag.py:588} INFO - Filling up the DagBag from /home/airflow/.local/lib/python3.12/site-packages/airflow/example_dags/example_workday_timetable.py
[2025-06-27T17:11:08.974+0000] {processor.py:925} INFO - DAG(s) 'example_workday_timetable' retrieved from /home/airflow/.local/lib/python3.12/site-packages/airflow/example_dags/example_workday_timetable.py
[2025-06-27T17:11:08.993+0000] {logging_mixin.py:190} INFO - [2025-06-27T17:11:08.993+0000] {dag.py:3239} INFO - Sync 1 DAGs
[2025-06-27T17:11:09.035+0000] {logging_mixin.py:190} INFO - [2025-06-27T17:11:09.035+0000] {dag.py:4180} INFO - Setting next_dagrun for example_workday_timetable to 2023-07-27 00:00:00+00:00, run_after=2023-07-28 00:00:00+00:00
[2025-06-27T17:11:09.052+0000] {processor.py:208} INFO - Processing /home/airflow/.local/lib/python3.12/site-packages/airflow/example_dags/example_workday_timetable.py took 0.092 seconds
[2025-06-27T17:11:39.186+0000] {processor.py:186} INFO - Started process (PID=2018) to work on /home/airflow/.local/lib/python3.12/site-packages/airflow/example_dags/example_workday_timetable.py
[2025-06-27T17:11:39.187+0000] {processor.py:914} INFO - Processing file /home/airflow/.local/lib/python3.12/site-packages/airflow/example_dags/example_workday_timetable.py for tasks to queue
[2025-06-27T17:11:39.190+0000] {logging_mixin.py:190} INFO - [2025-06-27T17:11:39.190+0000] {dagbag.py:588} INFO - Filling up the DagBag from /home/airflow/.local/lib/python3.12/site-packages/airflow/example_dags/example_workday_timetable.py
[2025-06-27T17:11:39.197+0000] {processor.py:925} INFO - DAG(s) 'example_workday_timetable' retrieved from /home/airflow/.local/lib/python3.12/site-packages/airflow/example_dags/example_workday_timetable.py
[2025-06-27T17:11:39.222+0000] {logging_mixin.py:190} INFO - [2025-06-27T17:11:39.222+0000] {dag.py:3239} INFO - Sync 1 DAGs
[2025-06-27T17:11:39.268+0000] {logging_mixin.py:190} INFO - [2025-06-27T17:11:39.268+0000] {dag.py:4180} INFO - Setting next_dagrun for example_workday_timetable to 2023-08-24 00:00:00+00:00, run_after=2023-08-25 00:00:00+00:00
[2025-06-27T17:11:39.286+0000] {processor.py:208} INFO - Processing /home/airflow/.local/lib/python3.12/site-packages/airflow/example_dags/example_workday_timetable.py took 0.110 seconds
[2025-06-27T17:12:09.369+0000] {processor.py:186} INFO - Started process (PID=2088) to work on /home/airflow/.local/lib/python3.12/site-packages/airflow/example_dags/example_workday_timetable.py
[2025-06-27T17:12:09.370+0000] {processor.py:914} INFO - Processing file /home/airflow/.local/lib/python3.12/site-packages/airflow/example_dags/example_workday_timetable.py for tasks to queue
[2025-06-27T17:12:09.372+0000] {logging_mixin.py:190} INFO - [2025-06-27T17:12:09.372+0000] {dagbag.py:588} INFO - Filling up the DagBag from /home/airflow/.local/lib/python3.12/site-packages/airflow/example_dags/example_workday_timetable.py
[2025-06-27T17:12:09.378+0000] {processor.py:925} INFO - DAG(s) 'example_workday_timetable' retrieved from /home/airflow/.local/lib/python3.12/site-packages/airflow/example_dags/example_workday_timetable.py
[2025-06-27T17:12:09.395+0000] {logging_mixin.py:190} INFO - [2025-06-27T17:12:09.395+0000] {dag.py:3239} INFO - Sync 1 DAGs
[2025-06-27T17:12:09.438+0000] {logging_mixin.py:190} INFO - [2025-06-27T17:12:09.437+0000] {dag.py:4180} INFO - Setting next_dagrun for example_workday_timetable to 2023-09-27 00:00:00+00:00, run_after=2023-09-28 00:00:00+00:00
[2025-06-27T17:12:09.455+0000] {processor.py:208} INFO - Processing /home/airflow/.local/lib/python3.12/site-packages/airflow/example_dags/example_workday_timetable.py took 0.091 seconds
[2025-06-27T17:12:39.917+0000] {processor.py:186} INFO - Started process (PID=2152) to work on /home/airflow/.local/lib/python3.12/site-packages/airflow/example_dags/example_workday_timetable.py
[2025-06-27T17:12:39.918+0000] {processor.py:914} INFO - Processing file /home/airflow/.local/lib/python3.12/site-packages/airflow/example_dags/example_workday_timetable.py for tasks to queue
[2025-06-27T17:12:39.921+0000] {logging_mixin.py:190} INFO - [2025-06-27T17:12:39.920+0000] {dagbag.py:588} INFO - Filling up the DagBag from /home/airflow/.local/lib/python3.12/site-packages/airflow/example_dags/example_workday_timetable.py
[2025-06-27T17:12:39.927+0000] {processor.py:925} INFO - DAG(s) 'example_workday_timetable' retrieved from /home/airflow/.local/lib/python3.12/site-packages/airflow/example_dags/example_workday_timetable.py
[2025-06-27T17:12:39.944+0000] {logging_mixin.py:190} INFO - [2025-06-27T17:12:39.944+0000] {dag.py:3239} INFO - Sync 1 DAGs
[2025-06-27T17:12:39.982+0000] {logging_mixin.py:190} INFO - [2025-06-27T17:12:39.982+0000] {dag.py:4180} INFO - Setting next_dagrun for example_workday_timetable to 2023-10-31 00:00:00+00:00, run_after=2023-11-01 00:00:00+00:00
[2025-06-27T17:12:39.999+0000] {processor.py:208} INFO - Processing /home/airflow/.local/lib/python3.12/site-packages/airflow/example_dags/example_workday_timetable.py took 0.089 seconds
[2025-06-27T17:13:10.367+0000] {processor.py:186} INFO - Started process (PID=2221) to work on /home/airflow/.local/lib/python3.12/site-packages/airflow/example_dags/example_workday_timetable.py
[2025-06-27T17:13:10.368+0000] {processor.py:914} INFO - Processing file /home/airflow/.local/lib/python3.12/site-packages/airflow/example_dags/example_workday_timetable.py for tasks to queue
[2025-06-27T17:13:10.371+0000] {logging_mixin.py:190} INFO - [2025-06-27T17:13:10.370+0000] {dagbag.py:588} INFO - Filling up the DagBag from /home/airflow/.local/lib/python3.12/site-packages/airflow/example_dags/example_workday_timetable.py
[2025-06-27T17:13:10.377+0000] {processor.py:925} INFO - DAG(s) 'example_workday_timetable' retrieved from /home/airflow/.local/lib/python3.12/site-packages/airflow/example_dags/example_workday_timetable.py
[2025-06-27T17:13:10.394+0000] {logging_mixin.py:190} INFO - [2025-06-27T17:13:10.394+0000] {dag.py:3239} INFO - Sync 1 DAGs
[2025-06-27T17:13:10.433+0000] {logging_mixin.py:190} INFO - [2025-06-27T17:13:10.433+0000] {dag.py:4180} INFO - Setting next_dagrun for example_workday_timetable to 2023-12-04 00:00:00+00:00, run_after=2023-12-05 00:00:00+00:00
[2025-06-27T17:13:10.450+0000] {processor.py:208} INFO - Processing /home/airflow/.local/lib/python3.12/site-packages/airflow/example_dags/example_workday_timetable.py took 0.089 seconds
[2025-06-27T17:13:41.300+0000] {processor.py:186} INFO - Started process (PID=2285) to work on /home/airflow/.local/lib/python3.12/site-packages/airflow/example_dags/example_workday_timetable.py
[2025-06-27T17:13:41.302+0000] {processor.py:914} INFO - Processing file /home/airflow/.local/lib/python3.12/site-packages/airflow/example_dags/example_workday_timetable.py for tasks to queue
[2025-06-27T17:13:41.305+0000] {logging_mixin.py:190} INFO - [2025-06-27T17:13:41.304+0000] {dagbag.py:588} INFO - Filling up the DagBag from /home/airflow/.local/lib/python3.12/site-packages/airflow/example_dags/example_workday_timetable.py
[2025-06-27T17:13:41.311+0000] {processor.py:925} INFO - DAG(s) 'example_workday_timetable' retrieved from /home/airflow/.local/lib/python3.12/site-packages/airflow/example_dags/example_workday_timetable.py
[2025-06-27T17:13:41.334+0000] {logging_mixin.py:190} INFO - [2025-06-27T17:13:41.334+0000] {dag.py:3239} INFO - Sync 1 DAGs
[2025-06-27T17:13:41.379+0000] {logging_mixin.py:190} INFO - [2025-06-27T17:13:41.379+0000] {dag.py:4180} INFO - Setting next_dagrun for example_workday_timetable to 2024-01-08 00:00:00+00:00, run_after=2024-01-09 00:00:00+00:00
[2025-06-27T17:13:41.399+0000] {processor.py:208} INFO - Processing /home/airflow/.local/lib/python3.12/site-packages/airflow/example_dags/example_workday_timetable.py took 0.105 seconds
[2025-06-27T17:14:11.592+0000] {processor.py:186} INFO - Started process (PID=2355) to work on /home/airflow/.local/lib/python3.12/site-packages/airflow/example_dags/example_workday_timetable.py
[2025-06-27T17:14:11.593+0000] {processor.py:914} INFO - Processing file /home/airflow/.local/lib/python3.12/site-packages/airflow/example_dags/example_workday_timetable.py for tasks to queue
[2025-06-27T17:14:11.595+0000] {logging_mixin.py:190} INFO - [2025-06-27T17:14:11.595+0000] {dagbag.py:588} INFO - Filling up the DagBag from /home/airflow/.local/lib/python3.12/site-packages/airflow/example_dags/example_workday_timetable.py
[2025-06-27T17:14:11.600+0000] {processor.py:925} INFO - DAG(s) 'example_workday_timetable' retrieved from /home/airflow/.local/lib/python3.12/site-packages/airflow/example_dags/example_workday_timetable.py
[2025-06-27T17:14:11.618+0000] {logging_mixin.py:190} INFO - [2025-06-27T17:14:11.617+0000] {dag.py:3239} INFO - Sync 1 DAGs
[2025-06-27T17:14:11.659+0000] {logging_mixin.py:190} INFO - [2025-06-27T17:14:11.658+0000] {dag.py:4180} INFO - Setting next_dagrun for example_workday_timetable to 2024-02-09 00:00:00+00:00, run_after=2024-02-10 00:00:00+00:00
[2025-06-27T17:14:11.680+0000] {processor.py:208} INFO - Processing /home/airflow/.local/lib/python3.12/site-packages/airflow/example_dags/example_workday_timetable.py took 0.093 seconds
[2025-06-27T17:14:42.172+0000] {processor.py:186} INFO - Started process (PID=2419) to work on /home/airflow/.local/lib/python3.12/site-packages/airflow/example_dags/example_workday_timetable.py
[2025-06-27T17:14:42.173+0000] {processor.py:914} INFO - Processing file /home/airflow/.local/lib/python3.12/site-packages/airflow/example_dags/example_workday_timetable.py for tasks to queue
[2025-06-27T17:14:42.175+0000] {logging_mixin.py:190} INFO - [2025-06-27T17:14:42.175+0000] {dagbag.py:588} INFO - Filling up the DagBag from /home/airflow/.local/lib/python3.12/site-packages/airflow/example_dags/example_workday_timetable.py
[2025-06-27T17:14:42.180+0000] {processor.py:925} INFO - DAG(s) 'example_workday_timetable' retrieved from /home/airflow/.local/lib/python3.12/site-packages/airflow/example_dags/example_workday_timetable.py
[2025-06-27T17:14:42.196+0000] {logging_mixin.py:190} INFO - [2025-06-27T17:14:42.196+0000] {dag.py:3239} INFO - Sync 1 DAGs
[2025-06-27T17:14:42.239+0000] {logging_mixin.py:190} INFO - [2025-06-27T17:14:42.239+0000] {dag.py:4180} INFO - Setting next_dagrun for example_workday_timetable to 2024-03-13 00:00:00+00:00, run_after=2024-03-14 00:00:00+00:00
[2025-06-27T17:14:42.256+0000] {processor.py:208} INFO - Processing /home/airflow/.local/lib/python3.12/site-packages/airflow/example_dags/example_workday_timetable.py took 0.089 seconds
[2025-06-27T17:15:12.957+0000] {processor.py:186} INFO - Started process (PID=2488) to work on /home/airflow/.local/lib/python3.12/site-packages/airflow/example_dags/example_workday_timetable.py
[2025-06-27T17:15:12.958+0000] {processor.py:914} INFO - Processing file /home/airflow/.local/lib/python3.12/site-packages/airflow/example_dags/example_workday_timetable.py for tasks to queue
[2025-06-27T17:15:12.960+0000] {logging_mixin.py:190} INFO - [2025-06-27T17:15:12.960+0000] {dagbag.py:588} INFO - Filling up the DagBag from /home/airflow/.local/lib/python3.12/site-packages/airflow/example_dags/example_workday_timetable.py
[2025-06-27T17:15:12.966+0000] {processor.py:925} INFO - DAG(s) 'example_workday_timetable' retrieved from /home/airflow/.local/lib/python3.12/site-packages/airflow/example_dags/example_workday_timetable.py
[2025-06-27T17:15:12.983+0000] {logging_mixin.py:190} INFO - [2025-06-27T17:15:12.983+0000] {dag.py:3239} INFO - Sync 1 DAGs
[2025-06-27T17:15:13.024+0000] {logging_mixin.py:190} INFO - [2025-06-27T17:15:13.024+0000] {dag.py:4180} INFO - Setting next_dagrun for example_workday_timetable to 2024-04-15 00:00:00+00:00, run_after=2024-04-16 00:00:00+00:00
[2025-06-27T17:15:13.044+0000] {processor.py:208} INFO - Processing /home/airflow/.local/lib/python3.12/site-packages/airflow/example_dags/example_workday_timetable.py took 0.092 seconds
[2025-06-27T17:15:43.903+0000] {processor.py:186} INFO - Started process (PID=2552) to work on /home/airflow/.local/lib/python3.12/site-packages/airflow/example_dags/example_workday_timetable.py
[2025-06-27T17:15:43.904+0000] {processor.py:914} INFO - Processing file /home/airflow/.local/lib/python3.12/site-packages/airflow/example_dags/example_workday_timetable.py for tasks to queue
[2025-06-27T17:15:43.906+0000] {logging_mixin.py:190} INFO - [2025-06-27T17:15:43.906+0000] {dagbag.py:588} INFO - Filling up the DagBag from /home/airflow/.local/lib/python3.12/site-packages/airflow/example_dags/example_workday_timetable.py
[2025-06-27T17:15:43.913+0000] {processor.py:925} INFO - DAG(s) 'example_workday_timetable' retrieved from /home/airflow/.local/lib/python3.12/site-packages/airflow/example_dags/example_workday_timetable.py
[2025-06-27T17:15:43.934+0000] {logging_mixin.py:190} INFO - [2025-06-27T17:15:43.934+0000] {dag.py:3239} INFO - Sync 1 DAGs
[2025-06-27T17:15:43.978+0000] {logging_mixin.py:190} INFO - [2025-06-27T17:15:43.978+0000] {dag.py:4180} INFO - Setting next_dagrun for example_workday_timetable to 2024-05-16 00:00:00+00:00, run_after=2024-05-17 00:00:00+00:00
[2025-06-27T17:15:43.999+0000] {processor.py:208} INFO - Processing /home/airflow/.local/lib/python3.12/site-packages/airflow/example_dags/example_workday_timetable.py took 0.103 seconds
[2025-06-27T17:16:14.290+0000] {processor.py:186} INFO - Started process (PID=2622) to work on /home/airflow/.local/lib/python3.12/site-packages/airflow/example_dags/example_workday_timetable.py
[2025-06-27T17:16:14.291+0000] {processor.py:914} INFO - Processing file /home/airflow/.local/lib/python3.12/site-packages/airflow/example_dags/example_workday_timetable.py for tasks to queue
[2025-06-27T17:16:14.293+0000] {logging_mixin.py:190} INFO - [2025-06-27T17:16:14.292+0000] {dagbag.py:588} INFO - Filling up the DagBag from /home/airflow/.local/lib/python3.12/site-packages/airflow/example_dags/example_workday_timetable.py
[2025-06-27T17:16:14.299+0000] {processor.py:925} INFO - DAG(s) 'example_workday_timetable' retrieved from /home/airflow/.local/lib/python3.12/site-packages/airflow/example_dags/example_workday_timetable.py
[2025-06-27T17:16:14.315+0000] {logging_mixin.py:190} INFO - [2025-06-27T17:16:14.315+0000] {dag.py:3239} INFO - Sync 1 DAGs
[2025-06-27T17:16:14.356+0000] {logging_mixin.py:190} INFO - [2025-06-27T17:16:14.356+0000] {dag.py:4180} INFO - Setting next_dagrun for example_workday_timetable to 2024-06-18 00:00:00+00:00, run_after=2024-06-19 00:00:00+00:00
[2025-06-27T17:16:14.373+0000] {processor.py:208} INFO - Processing /home/airflow/.local/lib/python3.12/site-packages/airflow/example_dags/example_workday_timetable.py took 0.089 seconds
[2025-06-27T17:16:44.640+0000] {processor.py:186} INFO - Started process (PID=2686) to work on /home/airflow/.local/lib/python3.12/site-packages/airflow/example_dags/example_workday_timetable.py
[2025-06-27T17:16:44.641+0000] {processor.py:914} INFO - Processing file /home/airflow/.local/lib/python3.12/site-packages/airflow/example_dags/example_workday_timetable.py for tasks to queue
[2025-06-27T17:16:44.643+0000] {logging_mixin.py:190} INFO - [2025-06-27T17:16:44.643+0000] {dagbag.py:588} INFO - Filling up the DagBag from /home/airflow/.local/lib/python3.12/site-packages/airflow/example_dags/example_workday_timetable.py
[2025-06-27T17:16:44.648+0000] {processor.py:925} INFO - DAG(s) 'example_workday_timetable' retrieved from /home/airflow/.local/lib/python3.12/site-packages/airflow/example_dags/example_workday_timetable.py
[2025-06-27T17:16:44.665+0000] {logging_mixin.py:190} INFO - [2025-06-27T17:16:44.665+0000] {dag.py:3239} INFO - Sync 1 DAGs
[2025-06-27T17:16:44.703+0000] {logging_mixin.py:190} INFO - [2025-06-27T17:16:44.703+0000] {dag.py:4180} INFO - Setting next_dagrun for example_workday_timetable to 2024-07-19 00:00:00+00:00, run_after=2024-07-20 00:00:00+00:00
[2025-06-27T17:16:44.721+0000] {processor.py:208} INFO - Processing /home/airflow/.local/lib/python3.12/site-packages/airflow/example_dags/example_workday_timetable.py took 0.086 seconds
