[2025-06-27T16:57:54.708+0000] {processor.py:186} INFO - Started process (PID=103) to work on /home/airflow/.local/lib/python3.12/site-packages/airflow/example_dags/example_subdag_operator.py
[2025-06-27T16:57:54.709+0000] {processor.py:914} INFO - Processing file /home/airflow/.local/lib/python3.12/site-packages/airflow/example_dags/example_subdag_operator.py for tasks to queue
[2025-06-27T16:57:54.711+0000] {logging_mixin.py:190} INFO - [2025-06-27T16:57:54.711+0000] {dagbag.py:588} INFO - Filling up the DagBag from /home/airflow/.local/lib/python3.12/site-packages/airflow/example_dags/example_subdag_operator.py
[2025-06-27T16:57:54.744+0000] {processor.py:925} INFO - DAG(s) 'example_subdag_operator.section-1', 'example_subdag_operator.section-2', 'example_subdag_operator' retrieved from /home/airflow/.local/lib/python3.12/site-packages/airflow/example_dags/example_subdag_operator.py
[2025-06-27T16:57:54.767+0000] {logging_mixin.py:190} INFO - [2025-06-27T16:57:54.767+0000] {dag.py:3239} INFO - Sync 3 DAGs
[2025-06-27T16:57:54.804+0000] {logging_mixin.py:190} INFO - [2025-06-27T16:57:54.803+0000] {dag.py:4180} INFO - Setting next_dagrun for example_subdag_operator to None, run_after=None
[2025-06-27T16:57:54.813+0000] {logging_mixin.py:190} INFO - [2025-06-27T16:57:54.812+0000] {dag.py:4180} INFO - Setting next_dagrun for example_subdag_operator.section-1 to None, run_after=None
[2025-06-27T16:57:54.816+0000] {logging_mixin.py:190} INFO - [2025-06-27T16:57:54.815+0000] {dag.py:4180} INFO - Setting next_dagrun for example_subdag_operator.section-2 to None, run_after=None
[2025-06-27T16:57:54.827+0000] {logging_mixin.py:190} INFO - [2025-06-27T16:57:54.827+0000] {dag.py:3239} INFO - Sync 2 DAGs
[2025-06-27T16:57:54.839+0000] {logging_mixin.py:190} INFO - [2025-06-27T16:57:54.838+0000] {dag.py:4180} INFO - Setting next_dagrun for example_subdag_operator.section-1 to None, run_after=None
[2025-06-27T16:57:54.840+0000] {logging_mixin.py:190} INFO - [2025-06-27T16:57:54.840+0000] {dag.py:4180} INFO - Setting next_dagrun for example_subdag_operator.section-2 to None, run_after=None
[2025-06-27T16:57:54.864+0000] {processor.py:208} INFO - Processing /home/airflow/.local/lib/python3.12/site-packages/airflow/example_dags/example_subdag_operator.py took 0.165 seconds
[2025-06-27T16:58:25.185+0000] {processor.py:186} INFO - Started process (PID=264) to work on /home/airflow/.local/lib/python3.12/site-packages/airflow/example_dags/example_subdag_operator.py
[2025-06-27T16:58:25.186+0000] {processor.py:914} INFO - Processing file /home/airflow/.local/lib/python3.12/site-packages/airflow/example_dags/example_subdag_operator.py for tasks to queue
[2025-06-27T16:58:25.189+0000] {logging_mixin.py:190} INFO - [2025-06-27T16:58:25.189+0000] {dagbag.py:588} INFO - Filling up the DagBag from /home/airflow/.local/lib/python3.12/site-packages/airflow/example_dags/example_subdag_operator.py
[2025-06-27T16:58:25.217+0000] {processor.py:925} INFO - DAG(s) 'example_subdag_operator.section-1', 'example_subdag_operator.section-2', 'example_subdag_operator' retrieved from /home/airflow/.local/lib/python3.12/site-packages/airflow/example_dags/example_subdag_operator.py
[2025-06-27T16:58:25.232+0000] {logging_mixin.py:190} INFO - [2025-06-27T16:58:25.232+0000] {dag.py:3239} INFO - Sync 3 DAGs
[2025-06-27T16:58:25.257+0000] {logging_mixin.py:190} INFO - [2025-06-27T16:58:25.257+0000] {dag.py:4180} INFO - Setting next_dagrun for example_subdag_operator to None, run_after=None
[2025-06-27T16:58:25.261+0000] {logging_mixin.py:190} INFO - [2025-06-27T16:58:25.261+0000] {dag.py:4180} INFO - Setting next_dagrun for example_subdag_operator.section-1 to None, run_after=None
[2025-06-27T16:58:25.263+0000] {logging_mixin.py:190} INFO - [2025-06-27T16:58:25.263+0000] {dag.py:4180} INFO - Setting next_dagrun for example_subdag_operator.section-2 to None, run_after=None
[2025-06-27T16:58:25.271+0000] {logging_mixin.py:190} INFO - [2025-06-27T16:58:25.270+0000] {dag.py:3239} INFO - Sync 2 DAGs
[2025-06-27T16:58:25.276+0000] {logging_mixin.py:190} INFO - [2025-06-27T16:58:25.276+0000] {dag.py:4180} INFO - Setting next_dagrun for example_subdag_operator.section-1 to None, run_after=None
[2025-06-27T16:58:25.276+0000] {logging_mixin.py:190} INFO - [2025-06-27T16:58:25.276+0000] {dag.py:4180} INFO - Setting next_dagrun for example_subdag_operator.section-2 to None, run_after=None
[2025-06-27T16:58:25.290+0000] {processor.py:208} INFO - Processing /home/airflow/.local/lib/python3.12/site-packages/airflow/example_dags/example_subdag_operator.py took 0.110 seconds
[2025-06-27T16:58:55.541+0000] {processor.py:186} INFO - Started process (PID=343) to work on /home/airflow/.local/lib/python3.12/site-packages/airflow/example_dags/example_subdag_operator.py
[2025-06-27T16:58:55.542+0000] {processor.py:914} INFO - Processing file /home/airflow/.local/lib/python3.12/site-packages/airflow/example_dags/example_subdag_operator.py for tasks to queue
[2025-06-27T16:58:55.544+0000] {logging_mixin.py:190} INFO - [2025-06-27T16:58:55.543+0000] {dagbag.py:588} INFO - Filling up the DagBag from /home/airflow/.local/lib/python3.12/site-packages/airflow/example_dags/example_subdag_operator.py
[2025-06-27T16:58:55.568+0000] {processor.py:925} INFO - DAG(s) 'example_subdag_operator.section-1', 'example_subdag_operator.section-2', 'example_subdag_operator' retrieved from /home/airflow/.local/lib/python3.12/site-packages/airflow/example_dags/example_subdag_operator.py
[2025-06-27T16:58:55.581+0000] {logging_mixin.py:190} INFO - [2025-06-27T16:58:55.581+0000] {dag.py:3239} INFO - Sync 3 DAGs
[2025-06-27T16:58:55.601+0000] {logging_mixin.py:190} INFO - [2025-06-27T16:58:55.601+0000] {dag.py:4180} INFO - Setting next_dagrun for example_subdag_operator to None, run_after=None
[2025-06-27T16:58:55.604+0000] {logging_mixin.py:190} INFO - [2025-06-27T16:58:55.604+0000] {dag.py:4180} INFO - Setting next_dagrun for example_subdag_operator.section-1 to None, run_after=None
[2025-06-27T16:58:55.605+0000] {logging_mixin.py:190} INFO - [2025-06-27T16:58:55.605+0000] {dag.py:4180} INFO - Setting next_dagrun for example_subdag_operator.section-2 to None, run_after=None
[2025-06-27T16:58:55.612+0000] {logging_mixin.py:190} INFO - [2025-06-27T16:58:55.611+0000] {dag.py:3239} INFO - Sync 2 DAGs
[2025-06-27T16:58:55.616+0000] {logging_mixin.py:190} INFO - [2025-06-27T16:58:55.616+0000] {dag.py:4180} INFO - Setting next_dagrun for example_subdag_operator.section-1 to None, run_after=None
[2025-06-27T16:58:55.617+0000] {logging_mixin.py:190} INFO - [2025-06-27T16:58:55.617+0000] {dag.py:4180} INFO - Setting next_dagrun for example_subdag_operator.section-2 to None, run_after=None
[2025-06-27T16:58:55.627+0000] {processor.py:208} INFO - Processing /home/airflow/.local/lib/python3.12/site-packages/airflow/example_dags/example_subdag_operator.py took 0.092 seconds
[2025-06-27T16:59:26.181+0000] {processor.py:186} INFO - Started process (PID=411) to work on /home/airflow/.local/lib/python3.12/site-packages/airflow/example_dags/example_subdag_operator.py
[2025-06-27T16:59:26.182+0000] {processor.py:914} INFO - Processing file /home/airflow/.local/lib/python3.12/site-packages/airflow/example_dags/example_subdag_operator.py for tasks to queue
[2025-06-27T16:59:26.184+0000] {logging_mixin.py:190} INFO - [2025-06-27T16:59:26.184+0000] {dagbag.py:588} INFO - Filling up the DagBag from /home/airflow/.local/lib/python3.12/site-packages/airflow/example_dags/example_subdag_operator.py
[2025-06-27T16:59:26.207+0000] {processor.py:925} INFO - DAG(s) 'example_subdag_operator.section-1', 'example_subdag_operator.section-2', 'example_subdag_operator' retrieved from /home/airflow/.local/lib/python3.12/site-packages/airflow/example_dags/example_subdag_operator.py
[2025-06-27T16:59:26.219+0000] {logging_mixin.py:190} INFO - [2025-06-27T16:59:26.219+0000] {dag.py:3239} INFO - Sync 3 DAGs
[2025-06-27T16:59:26.239+0000] {logging_mixin.py:190} INFO - [2025-06-27T16:59:26.239+0000] {dag.py:4180} INFO - Setting next_dagrun for example_subdag_operator to None, run_after=None
[2025-06-27T16:59:26.242+0000] {logging_mixin.py:190} INFO - [2025-06-27T16:59:26.242+0000] {dag.py:4180} INFO - Setting next_dagrun for example_subdag_operator.section-1 to None, run_after=None
[2025-06-27T16:59:26.244+0000] {logging_mixin.py:190} INFO - [2025-06-27T16:59:26.243+0000] {dag.py:4180} INFO - Setting next_dagrun for example_subdag_operator.section-2 to None, run_after=None
[2025-06-27T16:59:26.249+0000] {logging_mixin.py:190} INFO - [2025-06-27T16:59:26.249+0000] {dag.py:3239} INFO - Sync 2 DAGs
[2025-06-27T16:59:26.254+0000] {logging_mixin.py:190} INFO - [2025-06-27T16:59:26.254+0000] {dag.py:4180} INFO - Setting next_dagrun for example_subdag_operator.section-1 to None, run_after=None
[2025-06-27T16:59:26.254+0000] {logging_mixin.py:190} INFO - [2025-06-27T16:59:26.254+0000] {dag.py:4180} INFO - Setting next_dagrun for example_subdag_operator.section-2 to None, run_after=None
[2025-06-27T16:59:26.265+0000] {processor.py:208} INFO - Processing /home/airflow/.local/lib/python3.12/site-packages/airflow/example_dags/example_subdag_operator.py took 0.089 seconds
[2025-06-27T16:59:56.617+0000] {processor.py:186} INFO - Started process (PID=475) to work on /home/airflow/.local/lib/python3.12/site-packages/airflow/example_dags/example_subdag_operator.py
[2025-06-27T16:59:56.618+0000] {processor.py:914} INFO - Processing file /home/airflow/.local/lib/python3.12/site-packages/airflow/example_dags/example_subdag_operator.py for tasks to queue
[2025-06-27T16:59:56.620+0000] {logging_mixin.py:190} INFO - [2025-06-27T16:59:56.619+0000] {dagbag.py:588} INFO - Filling up the DagBag from /home/airflow/.local/lib/python3.12/site-packages/airflow/example_dags/example_subdag_operator.py
[2025-06-27T16:59:56.644+0000] {processor.py:925} INFO - DAG(s) 'example_subdag_operator.section-1', 'example_subdag_operator.section-2', 'example_subdag_operator' retrieved from /home/airflow/.local/lib/python3.12/site-packages/airflow/example_dags/example_subdag_operator.py
[2025-06-27T16:59:56.656+0000] {logging_mixin.py:190} INFO - [2025-06-27T16:59:56.656+0000] {dag.py:3239} INFO - Sync 3 DAGs
[2025-06-27T16:59:56.676+0000] {logging_mixin.py:190} INFO - [2025-06-27T16:59:56.676+0000] {dag.py:4180} INFO - Setting next_dagrun for example_subdag_operator to None, run_after=None
[2025-06-27T16:59:56.679+0000] {logging_mixin.py:190} INFO - [2025-06-27T16:59:56.679+0000] {dag.py:4180} INFO - Setting next_dagrun for example_subdag_operator.section-1 to None, run_after=None
[2025-06-27T16:59:56.681+0000] {logging_mixin.py:190} INFO - [2025-06-27T16:59:56.680+0000] {dag.py:4180} INFO - Setting next_dagrun for example_subdag_operator.section-2 to None, run_after=None
[2025-06-27T16:59:56.686+0000] {logging_mixin.py:190} INFO - [2025-06-27T16:59:56.686+0000] {dag.py:3239} INFO - Sync 2 DAGs
[2025-06-27T16:59:56.691+0000] {logging_mixin.py:190} INFO - [2025-06-27T16:59:56.691+0000] {dag.py:4180} INFO - Setting next_dagrun for example_subdag_operator.section-1 to None, run_after=None
[2025-06-27T16:59:56.692+0000] {logging_mixin.py:190} INFO - [2025-06-27T16:59:56.691+0000] {dag.py:4180} INFO - Setting next_dagrun for example_subdag_operator.section-2 to None, run_after=None
[2025-06-27T16:59:56.702+0000] {processor.py:208} INFO - Processing /home/airflow/.local/lib/python3.12/site-packages/airflow/example_dags/example_subdag_operator.py took 0.091 seconds
[2025-06-27T17:00:27.019+0000] {processor.py:186} INFO - Started process (PID=545) to work on /home/airflow/.local/lib/python3.12/site-packages/airflow/example_dags/example_subdag_operator.py
[2025-06-27T17:00:27.020+0000] {processor.py:914} INFO - Processing file /home/airflow/.local/lib/python3.12/site-packages/airflow/example_dags/example_subdag_operator.py for tasks to queue
[2025-06-27T17:00:27.022+0000] {logging_mixin.py:190} INFO - [2025-06-27T17:00:27.022+0000] {dagbag.py:588} INFO - Filling up the DagBag from /home/airflow/.local/lib/python3.12/site-packages/airflow/example_dags/example_subdag_operator.py
[2025-06-27T17:00:27.044+0000] {processor.py:925} INFO - DAG(s) 'example_subdag_operator.section-1', 'example_subdag_operator.section-2', 'example_subdag_operator' retrieved from /home/airflow/.local/lib/python3.12/site-packages/airflow/example_dags/example_subdag_operator.py
[2025-06-27T17:00:27.056+0000] {logging_mixin.py:190} INFO - [2025-06-27T17:00:27.056+0000] {dag.py:3239} INFO - Sync 3 DAGs
[2025-06-27T17:00:27.077+0000] {logging_mixin.py:190} INFO - [2025-06-27T17:00:27.076+0000] {dag.py:4180} INFO - Setting next_dagrun for example_subdag_operator to None, run_after=None
[2025-06-27T17:00:27.080+0000] {logging_mixin.py:190} INFO - [2025-06-27T17:00:27.080+0000] {dag.py:4180} INFO - Setting next_dagrun for example_subdag_operator.section-1 to None, run_after=None
[2025-06-27T17:00:27.081+0000] {logging_mixin.py:190} INFO - [2025-06-27T17:00:27.081+0000] {dag.py:4180} INFO - Setting next_dagrun for example_subdag_operator.section-2 to None, run_after=None
[2025-06-27T17:00:27.087+0000] {logging_mixin.py:190} INFO - [2025-06-27T17:00:27.086+0000] {dag.py:3239} INFO - Sync 2 DAGs
[2025-06-27T17:00:27.091+0000] {logging_mixin.py:190} INFO - [2025-06-27T17:00:27.091+0000] {dag.py:4180} INFO - Setting next_dagrun for example_subdag_operator.section-1 to None, run_after=None
[2025-06-27T17:00:27.091+0000] {logging_mixin.py:190} INFO - [2025-06-27T17:00:27.091+0000] {dag.py:4180} INFO - Setting next_dagrun for example_subdag_operator.section-2 to None, run_after=None
[2025-06-27T17:00:27.101+0000] {processor.py:208} INFO - Processing /home/airflow/.local/lib/python3.12/site-packages/airflow/example_dags/example_subdag_operator.py took 0.087 seconds
[2025-06-27T17:00:57.846+0000] {processor.py:186} INFO - Started process (PID=609) to work on /home/airflow/.local/lib/python3.12/site-packages/airflow/example_dags/example_subdag_operator.py
[2025-06-27T17:00:57.848+0000] {processor.py:914} INFO - Processing file /home/airflow/.local/lib/python3.12/site-packages/airflow/example_dags/example_subdag_operator.py for tasks to queue
[2025-06-27T17:00:57.852+0000] {logging_mixin.py:190} INFO - [2025-06-27T17:00:57.851+0000] {dagbag.py:588} INFO - Filling up the DagBag from /home/airflow/.local/lib/python3.12/site-packages/airflow/example_dags/example_subdag_operator.py
[2025-06-27T17:00:57.898+0000] {processor.py:925} INFO - DAG(s) 'example_subdag_operator.section-1', 'example_subdag_operator.section-2', 'example_subdag_operator' retrieved from /home/airflow/.local/lib/python3.12/site-packages/airflow/example_dags/example_subdag_operator.py
[2025-06-27T17:00:57.930+0000] {logging_mixin.py:190} INFO - [2025-06-27T17:00:57.929+0000] {dag.py:3239} INFO - Sync 3 DAGs
[2025-06-27T17:00:57.988+0000] {logging_mixin.py:190} INFO - [2025-06-27T17:00:57.988+0000] {dag.py:4180} INFO - Setting next_dagrun for example_subdag_operator to None, run_after=None
[2025-06-27T17:00:58.000+0000] {logging_mixin.py:190} INFO - [2025-06-27T17:00:57.999+0000] {dag.py:4180} INFO - Setting next_dagrun for example_subdag_operator.section-1 to None, run_after=None
[2025-06-27T17:00:58.013+0000] {logging_mixin.py:190} INFO - [2025-06-27T17:00:58.013+0000] {dag.py:4180} INFO - Setting next_dagrun for example_subdag_operator.section-2 to None, run_after=None
[2025-06-27T17:00:58.047+0000] {logging_mixin.py:190} INFO - [2025-06-27T17:00:58.043+0000] {dag.py:3239} INFO - Sync 2 DAGs
[2025-06-27T17:00:58.060+0000] {logging_mixin.py:190} INFO - [2025-06-27T17:00:58.060+0000] {dag.py:4180} INFO - Setting next_dagrun for example_subdag_operator.section-1 to None, run_after=None
[2025-06-27T17:00:58.061+0000] {logging_mixin.py:190} INFO - [2025-06-27T17:00:58.061+0000] {dag.py:4180} INFO - Setting next_dagrun for example_subdag_operator.section-2 to None, run_after=None
[2025-06-27T17:00:58.085+0000] {processor.py:208} INFO - Processing /home/airflow/.local/lib/python3.12/site-packages/airflow/example_dags/example_subdag_operator.py took 0.247 seconds
[2025-06-27T17:01:28.232+0000] {processor.py:186} INFO - Started process (PID=678) to work on /home/airflow/.local/lib/python3.12/site-packages/airflow/example_dags/example_subdag_operator.py
[2025-06-27T17:01:28.234+0000] {processor.py:914} INFO - Processing file /home/airflow/.local/lib/python3.12/site-packages/airflow/example_dags/example_subdag_operator.py for tasks to queue
[2025-06-27T17:01:28.236+0000] {logging_mixin.py:190} INFO - [2025-06-27T17:01:28.235+0000] {dagbag.py:588} INFO - Filling up the DagBag from /home/airflow/.local/lib/python3.12/site-packages/airflow/example_dags/example_subdag_operator.py
[2025-06-27T17:01:28.261+0000] {processor.py:925} INFO - DAG(s) 'example_subdag_operator.section-1', 'example_subdag_operator.section-2', 'example_subdag_operator' retrieved from /home/airflow/.local/lib/python3.12/site-packages/airflow/example_dags/example_subdag_operator.py
[2025-06-27T17:01:28.275+0000] {logging_mixin.py:190} INFO - [2025-06-27T17:01:28.275+0000] {dag.py:3239} INFO - Sync 3 DAGs
[2025-06-27T17:01:28.295+0000] {logging_mixin.py:190} INFO - [2025-06-27T17:01:28.295+0000] {dag.py:4180} INFO - Setting next_dagrun for example_subdag_operator to None, run_after=None
[2025-06-27T17:01:28.298+0000] {logging_mixin.py:190} INFO - [2025-06-27T17:01:28.298+0000] {dag.py:4180} INFO - Setting next_dagrun for example_subdag_operator.section-1 to None, run_after=None
[2025-06-27T17:01:28.299+0000] {logging_mixin.py:190} INFO - [2025-06-27T17:01:28.299+0000] {dag.py:4180} INFO - Setting next_dagrun for example_subdag_operator.section-2 to None, run_after=None
[2025-06-27T17:01:28.305+0000] {logging_mixin.py:190} INFO - [2025-06-27T17:01:28.305+0000] {dag.py:3239} INFO - Sync 2 DAGs
[2025-06-27T17:01:28.309+0000] {logging_mixin.py:190} INFO - [2025-06-27T17:01:28.309+0000] {dag.py:4180} INFO - Setting next_dagrun for example_subdag_operator.section-1 to None, run_after=None
[2025-06-27T17:01:28.309+0000] {logging_mixin.py:190} INFO - [2025-06-27T17:01:28.309+0000] {dag.py:4180} INFO - Setting next_dagrun for example_subdag_operator.section-2 to None, run_after=None
[2025-06-27T17:01:28.321+0000] {processor.py:208} INFO - Processing /home/airflow/.local/lib/python3.12/site-packages/airflow/example_dags/example_subdag_operator.py took 0.093 seconds
[2025-06-27T17:01:59.011+0000] {processor.py:186} INFO - Started process (PID=742) to work on /home/airflow/.local/lib/python3.12/site-packages/airflow/example_dags/example_subdag_operator.py
[2025-06-27T17:01:59.012+0000] {processor.py:914} INFO - Processing file /home/airflow/.local/lib/python3.12/site-packages/airflow/example_dags/example_subdag_operator.py for tasks to queue
[2025-06-27T17:01:59.014+0000] {logging_mixin.py:190} INFO - [2025-06-27T17:01:59.013+0000] {dagbag.py:588} INFO - Filling up the DagBag from /home/airflow/.local/lib/python3.12/site-packages/airflow/example_dags/example_subdag_operator.py
[2025-06-27T17:01:59.036+0000] {processor.py:925} INFO - DAG(s) 'example_subdag_operator.section-1', 'example_subdag_operator.section-2', 'example_subdag_operator' retrieved from /home/airflow/.local/lib/python3.12/site-packages/airflow/example_dags/example_subdag_operator.py
[2025-06-27T17:01:59.048+0000] {logging_mixin.py:190} INFO - [2025-06-27T17:01:59.048+0000] {dag.py:3239} INFO - Sync 3 DAGs
[2025-06-27T17:01:59.068+0000] {logging_mixin.py:190} INFO - [2025-06-27T17:01:59.068+0000] {dag.py:4180} INFO - Setting next_dagrun for example_subdag_operator to None, run_after=None
[2025-06-27T17:01:59.071+0000] {logging_mixin.py:190} INFO - [2025-06-27T17:01:59.071+0000] {dag.py:4180} INFO - Setting next_dagrun for example_subdag_operator.section-1 to None, run_after=None
[2025-06-27T17:01:59.072+0000] {logging_mixin.py:190} INFO - [2025-06-27T17:01:59.072+0000] {dag.py:4180} INFO - Setting next_dagrun for example_subdag_operator.section-2 to None, run_after=None
[2025-06-27T17:01:59.078+0000] {logging_mixin.py:190} INFO - [2025-06-27T17:01:59.077+0000] {dag.py:3239} INFO - Sync 2 DAGs
[2025-06-27T17:01:59.082+0000] {logging_mixin.py:190} INFO - [2025-06-27T17:01:59.082+0000] {dag.py:4180} INFO - Setting next_dagrun for example_subdag_operator.section-1 to None, run_after=None
[2025-06-27T17:01:59.083+0000] {logging_mixin.py:190} INFO - [2025-06-27T17:01:59.082+0000] {dag.py:4180} INFO - Setting next_dagrun for example_subdag_operator.section-2 to None, run_after=None
[2025-06-27T17:01:59.094+0000] {processor.py:208} INFO - Processing /home/airflow/.local/lib/python3.12/site-packages/airflow/example_dags/example_subdag_operator.py took 0.088 seconds
[2025-06-27T17:02:29.470+0000] {processor.py:186} INFO - Started process (PID=812) to work on /home/airflow/.local/lib/python3.12/site-packages/airflow/example_dags/example_subdag_operator.py
[2025-06-27T17:02:29.471+0000] {processor.py:914} INFO - Processing file /home/airflow/.local/lib/python3.12/site-packages/airflow/example_dags/example_subdag_operator.py for tasks to queue
[2025-06-27T17:02:29.473+0000] {logging_mixin.py:190} INFO - [2025-06-27T17:02:29.473+0000] {dagbag.py:588} INFO - Filling up the DagBag from /home/airflow/.local/lib/python3.12/site-packages/airflow/example_dags/example_subdag_operator.py
[2025-06-27T17:02:29.497+0000] {processor.py:925} INFO - DAG(s) 'example_subdag_operator.section-1', 'example_subdag_operator.section-2', 'example_subdag_operator' retrieved from /home/airflow/.local/lib/python3.12/site-packages/airflow/example_dags/example_subdag_operator.py
[2025-06-27T17:02:29.509+0000] {logging_mixin.py:190} INFO - [2025-06-27T17:02:29.509+0000] {dag.py:3239} INFO - Sync 3 DAGs
[2025-06-27T17:02:29.528+0000] {logging_mixin.py:190} INFO - [2025-06-27T17:02:29.528+0000] {dag.py:4180} INFO - Setting next_dagrun for example_subdag_operator to None, run_after=None
[2025-06-27T17:02:29.531+0000] {logging_mixin.py:190} INFO - [2025-06-27T17:02:29.531+0000] {dag.py:4180} INFO - Setting next_dagrun for example_subdag_operator.section-1 to None, run_after=None
[2025-06-27T17:02:29.533+0000] {logging_mixin.py:190} INFO - [2025-06-27T17:02:29.533+0000] {dag.py:4180} INFO - Setting next_dagrun for example_subdag_operator.section-2 to None, run_after=None
[2025-06-27T17:02:29.539+0000] {logging_mixin.py:190} INFO - [2025-06-27T17:02:29.539+0000] {dag.py:3239} INFO - Sync 2 DAGs
[2025-06-27T17:02:29.544+0000] {logging_mixin.py:190} INFO - [2025-06-27T17:02:29.544+0000] {dag.py:4180} INFO - Setting next_dagrun for example_subdag_operator.section-1 to None, run_after=None
[2025-06-27T17:02:29.545+0000] {logging_mixin.py:190} INFO - [2025-06-27T17:02:29.545+0000] {dag.py:4180} INFO - Setting next_dagrun for example_subdag_operator.section-2 to None, run_after=None
[2025-06-27T17:02:29.555+0000] {processor.py:208} INFO - Processing /home/airflow/.local/lib/python3.12/site-packages/airflow/example_dags/example_subdag_operator.py took 0.091 seconds
[2025-06-27T17:03:00.221+0000] {processor.py:186} INFO - Started process (PID=876) to work on /home/airflow/.local/lib/python3.12/site-packages/airflow/example_dags/example_subdag_operator.py
[2025-06-27T17:03:00.222+0000] {processor.py:914} INFO - Processing file /home/airflow/.local/lib/python3.12/site-packages/airflow/example_dags/example_subdag_operator.py for tasks to queue
[2025-06-27T17:03:00.224+0000] {logging_mixin.py:190} INFO - [2025-06-27T17:03:00.224+0000] {dagbag.py:588} INFO - Filling up the DagBag from /home/airflow/.local/lib/python3.12/site-packages/airflow/example_dags/example_subdag_operator.py
[2025-06-27T17:03:00.247+0000] {processor.py:925} INFO - DAG(s) 'example_subdag_operator.section-1', 'example_subdag_operator.section-2', 'example_subdag_operator' retrieved from /home/airflow/.local/lib/python3.12/site-packages/airflow/example_dags/example_subdag_operator.py
[2025-06-27T17:03:00.259+0000] {logging_mixin.py:190} INFO - [2025-06-27T17:03:00.259+0000] {dag.py:3239} INFO - Sync 3 DAGs
[2025-06-27T17:03:00.279+0000] {logging_mixin.py:190} INFO - [2025-06-27T17:03:00.279+0000] {dag.py:4180} INFO - Setting next_dagrun for example_subdag_operator to None, run_after=None
[2025-06-27T17:03:00.282+0000] {logging_mixin.py:190} INFO - [2025-06-27T17:03:00.282+0000] {dag.py:4180} INFO - Setting next_dagrun for example_subdag_operator.section-1 to None, run_after=None
[2025-06-27T17:03:00.283+0000] {logging_mixin.py:190} INFO - [2025-06-27T17:03:00.283+0000] {dag.py:4180} INFO - Setting next_dagrun for example_subdag_operator.section-2 to None, run_after=None
[2025-06-27T17:03:00.289+0000] {logging_mixin.py:190} INFO - [2025-06-27T17:03:00.289+0000] {dag.py:3239} INFO - Sync 2 DAGs
[2025-06-27T17:03:00.293+0000] {logging_mixin.py:190} INFO - [2025-06-27T17:03:00.293+0000] {dag.py:4180} INFO - Setting next_dagrun for example_subdag_operator.section-1 to None, run_after=None
[2025-06-27T17:03:00.294+0000] {logging_mixin.py:190} INFO - [2025-06-27T17:03:00.294+0000] {dag.py:4180} INFO - Setting next_dagrun for example_subdag_operator.section-2 to None, run_after=None
[2025-06-27T17:03:00.304+0000] {processor.py:208} INFO - Processing /home/airflow/.local/lib/python3.12/site-packages/airflow/example_dags/example_subdag_operator.py took 0.088 seconds
[2025-06-27T17:03:30.705+0000] {processor.py:186} INFO - Started process (PID=945) to work on /home/airflow/.local/lib/python3.12/site-packages/airflow/example_dags/example_subdag_operator.py
[2025-06-27T17:03:30.706+0000] {processor.py:914} INFO - Processing file /home/airflow/.local/lib/python3.12/site-packages/airflow/example_dags/example_subdag_operator.py for tasks to queue
[2025-06-27T17:03:30.708+0000] {logging_mixin.py:190} INFO - [2025-06-27T17:03:30.708+0000] {dagbag.py:588} INFO - Filling up the DagBag from /home/airflow/.local/lib/python3.12/site-packages/airflow/example_dags/example_subdag_operator.py
[2025-06-27T17:03:30.733+0000] {processor.py:925} INFO - DAG(s) 'example_subdag_operator.section-1', 'example_subdag_operator.section-2', 'example_subdag_operator' retrieved from /home/airflow/.local/lib/python3.12/site-packages/airflow/example_dags/example_subdag_operator.py
[2025-06-27T17:03:30.746+0000] {logging_mixin.py:190} INFO - [2025-06-27T17:03:30.746+0000] {dag.py:3239} INFO - Sync 3 DAGs
[2025-06-27T17:03:30.770+0000] {logging_mixin.py:190} INFO - [2025-06-27T17:03:30.769+0000] {dag.py:4180} INFO - Setting next_dagrun for example_subdag_operator to None, run_after=None
[2025-06-27T17:03:30.774+0000] {logging_mixin.py:190} INFO - [2025-06-27T17:03:30.774+0000] {dag.py:4180} INFO - Setting next_dagrun for example_subdag_operator.section-1 to None, run_after=None
[2025-06-27T17:03:30.776+0000] {logging_mixin.py:190} INFO - [2025-06-27T17:03:30.776+0000] {dag.py:4180} INFO - Setting next_dagrun for example_subdag_operator.section-2 to None, run_after=None
[2025-06-27T17:03:30.785+0000] {logging_mixin.py:190} INFO - [2025-06-27T17:03:30.784+0000] {dag.py:3239} INFO - Sync 2 DAGs
[2025-06-27T17:03:30.790+0000] {logging_mixin.py:190} INFO - [2025-06-27T17:03:30.790+0000] {dag.py:4180} INFO - Setting next_dagrun for example_subdag_operator.section-1 to None, run_after=None
[2025-06-27T17:03:30.791+0000] {logging_mixin.py:190} INFO - [2025-06-27T17:03:30.791+0000] {dag.py:4180} INFO - Setting next_dagrun for example_subdag_operator.section-2 to None, run_after=None
[2025-06-27T17:03:30.807+0000] {processor.py:208} INFO - Processing /home/airflow/.local/lib/python3.12/site-packages/airflow/example_dags/example_subdag_operator.py took 0.108 seconds
[2025-06-27T17:04:01.376+0000] {processor.py:186} INFO - Started process (PID=1015) to work on /home/airflow/.local/lib/python3.12/site-packages/airflow/example_dags/example_subdag_operator.py
[2025-06-27T17:04:01.377+0000] {processor.py:914} INFO - Processing file /home/airflow/.local/lib/python3.12/site-packages/airflow/example_dags/example_subdag_operator.py for tasks to queue
[2025-06-27T17:04:01.380+0000] {logging_mixin.py:190} INFO - [2025-06-27T17:04:01.379+0000] {dagbag.py:588} INFO - Filling up the DagBag from /home/airflow/.local/lib/python3.12/site-packages/airflow/example_dags/example_subdag_operator.py
[2025-06-27T17:04:01.405+0000] {processor.py:925} INFO - DAG(s) 'example_subdag_operator.section-1', 'example_subdag_operator.section-2', 'example_subdag_operator' retrieved from /home/airflow/.local/lib/python3.12/site-packages/airflow/example_dags/example_subdag_operator.py
[2025-06-27T17:04:01.418+0000] {logging_mixin.py:190} INFO - [2025-06-27T17:04:01.417+0000] {dag.py:3239} INFO - Sync 3 DAGs
[2025-06-27T17:04:01.440+0000] {logging_mixin.py:190} INFO - [2025-06-27T17:04:01.440+0000] {dag.py:4180} INFO - Setting next_dagrun for example_subdag_operator to None, run_after=None
[2025-06-27T17:04:01.443+0000] {logging_mixin.py:190} INFO - [2025-06-27T17:04:01.443+0000] {dag.py:4180} INFO - Setting next_dagrun for example_subdag_operator.section-1 to None, run_after=None
[2025-06-27T17:04:01.445+0000] {logging_mixin.py:190} INFO - [2025-06-27T17:04:01.445+0000] {dag.py:4180} INFO - Setting next_dagrun for example_subdag_operator.section-2 to None, run_after=None
[2025-06-27T17:04:01.451+0000] {logging_mixin.py:190} INFO - [2025-06-27T17:04:01.451+0000] {dag.py:3239} INFO - Sync 2 DAGs
[2025-06-27T17:04:01.456+0000] {logging_mixin.py:190} INFO - [2025-06-27T17:04:01.456+0000] {dag.py:4180} INFO - Setting next_dagrun for example_subdag_operator.section-1 to None, run_after=None
[2025-06-27T17:04:01.457+0000] {logging_mixin.py:190} INFO - [2025-06-27T17:04:01.457+0000] {dag.py:4180} INFO - Setting next_dagrun for example_subdag_operator.section-2 to None, run_after=None
[2025-06-27T17:04:01.468+0000] {processor.py:208} INFO - Processing /home/airflow/.local/lib/python3.12/site-packages/airflow/example_dags/example_subdag_operator.py took 0.097 seconds
[2025-06-27T17:04:31.598+0000] {processor.py:186} INFO - Started process (PID=1079) to work on /home/airflow/.local/lib/python3.12/site-packages/airflow/example_dags/example_subdag_operator.py
[2025-06-27T17:04:31.599+0000] {processor.py:914} INFO - Processing file /home/airflow/.local/lib/python3.12/site-packages/airflow/example_dags/example_subdag_operator.py for tasks to queue
[2025-06-27T17:04:31.601+0000] {logging_mixin.py:190} INFO - [2025-06-27T17:04:31.601+0000] {dagbag.py:588} INFO - Filling up the DagBag from /home/airflow/.local/lib/python3.12/site-packages/airflow/example_dags/example_subdag_operator.py
[2025-06-27T17:04:31.624+0000] {processor.py:925} INFO - DAG(s) 'example_subdag_operator.section-1', 'example_subdag_operator.section-2', 'example_subdag_operator' retrieved from /home/airflow/.local/lib/python3.12/site-packages/airflow/example_dags/example_subdag_operator.py
[2025-06-27T17:04:31.636+0000] {logging_mixin.py:190} INFO - [2025-06-27T17:04:31.636+0000] {dag.py:3239} INFO - Sync 3 DAGs
[2025-06-27T17:04:31.656+0000] {logging_mixin.py:190} INFO - [2025-06-27T17:04:31.656+0000] {dag.py:4180} INFO - Setting next_dagrun for example_subdag_operator to None, run_after=None
[2025-06-27T17:04:31.659+0000] {logging_mixin.py:190} INFO - [2025-06-27T17:04:31.659+0000] {dag.py:4180} INFO - Setting next_dagrun for example_subdag_operator.section-1 to None, run_after=None
[2025-06-27T17:04:31.660+0000] {logging_mixin.py:190} INFO - [2025-06-27T17:04:31.660+0000] {dag.py:4180} INFO - Setting next_dagrun for example_subdag_operator.section-2 to None, run_after=None
[2025-06-27T17:04:31.666+0000] {logging_mixin.py:190} INFO - [2025-06-27T17:04:31.666+0000] {dag.py:3239} INFO - Sync 2 DAGs
[2025-06-27T17:04:31.671+0000] {logging_mixin.py:190} INFO - [2025-06-27T17:04:31.671+0000] {dag.py:4180} INFO - Setting next_dagrun for example_subdag_operator.section-1 to None, run_after=None
[2025-06-27T17:04:31.672+0000] {logging_mixin.py:190} INFO - [2025-06-27T17:04:31.672+0000] {dag.py:4180} INFO - Setting next_dagrun for example_subdag_operator.section-2 to None, run_after=None
[2025-06-27T17:04:31.682+0000] {processor.py:208} INFO - Processing /home/airflow/.local/lib/python3.12/site-packages/airflow/example_dags/example_subdag_operator.py took 0.089 seconds
[2025-06-27T17:05:01.749+0000] {processor.py:186} INFO - Started process (PID=1148) to work on /home/airflow/.local/lib/python3.12/site-packages/airflow/example_dags/example_subdag_operator.py
[2025-06-27T17:05:01.750+0000] {processor.py:914} INFO - Processing file /home/airflow/.local/lib/python3.12/site-packages/airflow/example_dags/example_subdag_operator.py for tasks to queue
[2025-06-27T17:05:01.753+0000] {logging_mixin.py:190} INFO - [2025-06-27T17:05:01.753+0000] {dagbag.py:588} INFO - Filling up the DagBag from /home/airflow/.local/lib/python3.12/site-packages/airflow/example_dags/example_subdag_operator.py
[2025-06-27T17:05:01.779+0000] {processor.py:925} INFO - DAG(s) 'example_subdag_operator.section-1', 'example_subdag_operator.section-2', 'example_subdag_operator' retrieved from /home/airflow/.local/lib/python3.12/site-packages/airflow/example_dags/example_subdag_operator.py
[2025-06-27T17:05:01.796+0000] {logging_mixin.py:190} INFO - [2025-06-27T17:05:01.795+0000] {dag.py:3239} INFO - Sync 3 DAGs
[2025-06-27T17:05:01.818+0000] {logging_mixin.py:190} INFO - [2025-06-27T17:05:01.818+0000] {dag.py:4180} INFO - Setting next_dagrun for example_subdag_operator to None, run_after=None
[2025-06-27T17:05:01.822+0000] {logging_mixin.py:190} INFO - [2025-06-27T17:05:01.822+0000] {dag.py:4180} INFO - Setting next_dagrun for example_subdag_operator.section-1 to None, run_after=None
[2025-06-27T17:05:01.823+0000] {logging_mixin.py:190} INFO - [2025-06-27T17:05:01.823+0000] {dag.py:4180} INFO - Setting next_dagrun for example_subdag_operator.section-2 to None, run_after=None
[2025-06-27T17:05:01.831+0000] {logging_mixin.py:190} INFO - [2025-06-27T17:05:01.831+0000] {dag.py:3239} INFO - Sync 2 DAGs
[2025-06-27T17:05:01.836+0000] {logging_mixin.py:190} INFO - [2025-06-27T17:05:01.836+0000] {dag.py:4180} INFO - Setting next_dagrun for example_subdag_operator.section-1 to None, run_after=None
[2025-06-27T17:05:01.837+0000] {logging_mixin.py:190} INFO - [2025-06-27T17:05:01.837+0000] {dag.py:4180} INFO - Setting next_dagrun for example_subdag_operator.section-2 to None, run_after=None
[2025-06-27T17:05:01.848+0000] {processor.py:208} INFO - Processing /home/airflow/.local/lib/python3.12/site-packages/airflow/example_dags/example_subdag_operator.py took 0.105 seconds
[2025-06-27T17:05:32.185+0000] {processor.py:186} INFO - Started process (PID=1212) to work on /home/airflow/.local/lib/python3.12/site-packages/airflow/example_dags/example_subdag_operator.py
[2025-06-27T17:05:32.186+0000] {processor.py:914} INFO - Processing file /home/airflow/.local/lib/python3.12/site-packages/airflow/example_dags/example_subdag_operator.py for tasks to queue
[2025-06-27T17:05:32.188+0000] {logging_mixin.py:190} INFO - [2025-06-27T17:05:32.188+0000] {dagbag.py:588} INFO - Filling up the DagBag from /home/airflow/.local/lib/python3.12/site-packages/airflow/example_dags/example_subdag_operator.py
[2025-06-27T17:05:32.211+0000] {processor.py:925} INFO - DAG(s) 'example_subdag_operator.section-1', 'example_subdag_operator.section-2', 'example_subdag_operator' retrieved from /home/airflow/.local/lib/python3.12/site-packages/airflow/example_dags/example_subdag_operator.py
[2025-06-27T17:05:32.223+0000] {logging_mixin.py:190} INFO - [2025-06-27T17:05:32.223+0000] {dag.py:3239} INFO - Sync 3 DAGs
[2025-06-27T17:05:32.243+0000] {logging_mixin.py:190} INFO - [2025-06-27T17:05:32.243+0000] {dag.py:4180} INFO - Setting next_dagrun for example_subdag_operator to None, run_after=None
[2025-06-27T17:05:32.247+0000] {logging_mixin.py:190} INFO - [2025-06-27T17:05:32.247+0000] {dag.py:4180} INFO - Setting next_dagrun for example_subdag_operator.section-1 to None, run_after=None
[2025-06-27T17:05:32.249+0000] {logging_mixin.py:190} INFO - [2025-06-27T17:05:32.249+0000] {dag.py:4180} INFO - Setting next_dagrun for example_subdag_operator.section-2 to None, run_after=None
[2025-06-27T17:05:32.255+0000] {logging_mixin.py:190} INFO - [2025-06-27T17:05:32.255+0000] {dag.py:3239} INFO - Sync 2 DAGs
[2025-06-27T17:05:32.260+0000] {logging_mixin.py:190} INFO - [2025-06-27T17:05:32.260+0000] {dag.py:4180} INFO - Setting next_dagrun for example_subdag_operator.section-1 to None, run_after=None
[2025-06-27T17:05:32.260+0000] {logging_mixin.py:190} INFO - [2025-06-27T17:05:32.260+0000] {dag.py:4180} INFO - Setting next_dagrun for example_subdag_operator.section-2 to None, run_after=None
[2025-06-27T17:05:32.269+0000] {processor.py:208} INFO - Processing /home/airflow/.local/lib/python3.12/site-packages/airflow/example_dags/example_subdag_operator.py took 0.090 seconds
[2025-06-27T17:06:02.681+0000] {processor.py:186} INFO - Started process (PID=1282) to work on /home/airflow/.local/lib/python3.12/site-packages/airflow/example_dags/example_subdag_operator.py
[2025-06-27T17:06:02.682+0000] {processor.py:914} INFO - Processing file /home/airflow/.local/lib/python3.12/site-packages/airflow/example_dags/example_subdag_operator.py for tasks to queue
[2025-06-27T17:06:02.684+0000] {logging_mixin.py:190} INFO - [2025-06-27T17:06:02.684+0000] {dagbag.py:588} INFO - Filling up the DagBag from /home/airflow/.local/lib/python3.12/site-packages/airflow/example_dags/example_subdag_operator.py
[2025-06-27T17:06:02.709+0000] {processor.py:925} INFO - DAG(s) 'example_subdag_operator.section-1', 'example_subdag_operator.section-2', 'example_subdag_operator' retrieved from /home/airflow/.local/lib/python3.12/site-packages/airflow/example_dags/example_subdag_operator.py
[2025-06-27T17:06:02.722+0000] {logging_mixin.py:190} INFO - [2025-06-27T17:06:02.722+0000] {dag.py:3239} INFO - Sync 3 DAGs
[2025-06-27T17:06:02.746+0000] {logging_mixin.py:190} INFO - [2025-06-27T17:06:02.745+0000] {dag.py:4180} INFO - Setting next_dagrun for example_subdag_operator to None, run_after=None
[2025-06-27T17:06:02.749+0000] {logging_mixin.py:190} INFO - [2025-06-27T17:06:02.749+0000] {dag.py:4180} INFO - Setting next_dagrun for example_subdag_operator.section-1 to None, run_after=None
[2025-06-27T17:06:02.752+0000] {logging_mixin.py:190} INFO - [2025-06-27T17:06:02.752+0000] {dag.py:4180} INFO - Setting next_dagrun for example_subdag_operator.section-2 to None, run_after=None
[2025-06-27T17:06:02.758+0000] {logging_mixin.py:190} INFO - [2025-06-27T17:06:02.758+0000] {dag.py:3239} INFO - Sync 2 DAGs
[2025-06-27T17:06:02.763+0000] {logging_mixin.py:190} INFO - [2025-06-27T17:06:02.763+0000] {dag.py:4180} INFO - Setting next_dagrun for example_subdag_operator.section-1 to None, run_after=None
[2025-06-27T17:06:02.764+0000] {logging_mixin.py:190} INFO - [2025-06-27T17:06:02.764+0000] {dag.py:4180} INFO - Setting next_dagrun for example_subdag_operator.section-2 to None, run_after=None
[2025-06-27T17:06:02.776+0000] {processor.py:208} INFO - Processing /home/airflow/.local/lib/python3.12/site-packages/airflow/example_dags/example_subdag_operator.py took 0.101 seconds
[2025-06-27T17:06:33.611+0000] {processor.py:186} INFO - Started process (PID=1346) to work on /home/airflow/.local/lib/python3.12/site-packages/airflow/example_dags/example_subdag_operator.py
[2025-06-27T17:06:33.611+0000] {processor.py:914} INFO - Processing file /home/airflow/.local/lib/python3.12/site-packages/airflow/example_dags/example_subdag_operator.py for tasks to queue
[2025-06-27T17:06:33.614+0000] {logging_mixin.py:190} INFO - [2025-06-27T17:06:33.613+0000] {dagbag.py:588} INFO - Filling up the DagBag from /home/airflow/.local/lib/python3.12/site-packages/airflow/example_dags/example_subdag_operator.py
[2025-06-27T17:06:33.636+0000] {processor.py:925} INFO - DAG(s) 'example_subdag_operator.section-1', 'example_subdag_operator.section-2', 'example_subdag_operator' retrieved from /home/airflow/.local/lib/python3.12/site-packages/airflow/example_dags/example_subdag_operator.py
[2025-06-27T17:06:33.648+0000] {logging_mixin.py:190} INFO - [2025-06-27T17:06:33.647+0000] {dag.py:3239} INFO - Sync 3 DAGs
[2025-06-27T17:06:33.667+0000] {logging_mixin.py:190} INFO - [2025-06-27T17:06:33.667+0000] {dag.py:4180} INFO - Setting next_dagrun for example_subdag_operator to None, run_after=None
[2025-06-27T17:06:33.670+0000] {logging_mixin.py:190} INFO - [2025-06-27T17:06:33.670+0000] {dag.py:4180} INFO - Setting next_dagrun for example_subdag_operator.section-1 to None, run_after=None
[2025-06-27T17:06:33.672+0000] {logging_mixin.py:190} INFO - [2025-06-27T17:06:33.672+0000] {dag.py:4180} INFO - Setting next_dagrun for example_subdag_operator.section-2 to None, run_after=None
[2025-06-27T17:06:33.678+0000] {logging_mixin.py:190} INFO - [2025-06-27T17:06:33.678+0000] {dag.py:3239} INFO - Sync 2 DAGs
[2025-06-27T17:06:33.682+0000] {logging_mixin.py:190} INFO - [2025-06-27T17:06:33.682+0000] {dag.py:4180} INFO - Setting next_dagrun for example_subdag_operator.section-1 to None, run_after=None
[2025-06-27T17:06:33.683+0000] {logging_mixin.py:190} INFO - [2025-06-27T17:06:33.683+0000] {dag.py:4180} INFO - Setting next_dagrun for example_subdag_operator.section-2 to None, run_after=None
[2025-06-27T17:06:33.694+0000] {processor.py:208} INFO - Processing /home/airflow/.local/lib/python3.12/site-packages/airflow/example_dags/example_subdag_operator.py took 0.088 seconds
[2025-06-27T17:07:04.654+0000] {processor.py:186} INFO - Started process (PID=1415) to work on /home/airflow/.local/lib/python3.12/site-packages/airflow/example_dags/example_subdag_operator.py
[2025-06-27T17:07:04.655+0000] {processor.py:914} INFO - Processing file /home/airflow/.local/lib/python3.12/site-packages/airflow/example_dags/example_subdag_operator.py for tasks to queue
[2025-06-27T17:07:04.657+0000] {logging_mixin.py:190} INFO - [2025-06-27T17:07:04.656+0000] {dagbag.py:588} INFO - Filling up the DagBag from /home/airflow/.local/lib/python3.12/site-packages/airflow/example_dags/example_subdag_operator.py
[2025-06-27T17:07:04.680+0000] {processor.py:925} INFO - DAG(s) 'example_subdag_operator.section-1', 'example_subdag_operator.section-2', 'example_subdag_operator' retrieved from /home/airflow/.local/lib/python3.12/site-packages/airflow/example_dags/example_subdag_operator.py
[2025-06-27T17:07:04.694+0000] {logging_mixin.py:190} INFO - [2025-06-27T17:07:04.693+0000] {dag.py:3239} INFO - Sync 3 DAGs
[2025-06-27T17:07:04.715+0000] {logging_mixin.py:190} INFO - [2025-06-27T17:07:04.715+0000] {dag.py:4180} INFO - Setting next_dagrun for example_subdag_operator to None, run_after=None
[2025-06-27T17:07:04.719+0000] {logging_mixin.py:190} INFO - [2025-06-27T17:07:04.718+0000] {dag.py:4180} INFO - Setting next_dagrun for example_subdag_operator.section-1 to None, run_after=None
[2025-06-27T17:07:04.720+0000] {logging_mixin.py:190} INFO - [2025-06-27T17:07:04.720+0000] {dag.py:4180} INFO - Setting next_dagrun for example_subdag_operator.section-2 to None, run_after=None
[2025-06-27T17:07:04.727+0000] {logging_mixin.py:190} INFO - [2025-06-27T17:07:04.727+0000] {dag.py:3239} INFO - Sync 2 DAGs
[2025-06-27T17:07:04.731+0000] {logging_mixin.py:190} INFO - [2025-06-27T17:07:04.731+0000] {dag.py:4180} INFO - Setting next_dagrun for example_subdag_operator.section-1 to None, run_after=None
[2025-06-27T17:07:04.732+0000] {logging_mixin.py:190} INFO - [2025-06-27T17:07:04.732+0000] {dag.py:4180} INFO - Setting next_dagrun for example_subdag_operator.section-2 to None, run_after=None
[2025-06-27T17:07:04.744+0000] {processor.py:208} INFO - Processing /home/airflow/.local/lib/python3.12/site-packages/airflow/example_dags/example_subdag_operator.py took 0.096 seconds
[2025-06-27T17:07:35.577+0000] {processor.py:186} INFO - Started process (PID=1479) to work on /home/airflow/.local/lib/python3.12/site-packages/airflow/example_dags/example_subdag_operator.py
[2025-06-27T17:07:35.578+0000] {processor.py:914} INFO - Processing file /home/airflow/.local/lib/python3.12/site-packages/airflow/example_dags/example_subdag_operator.py for tasks to queue
[2025-06-27T17:07:35.580+0000] {logging_mixin.py:190} INFO - [2025-06-27T17:07:35.580+0000] {dagbag.py:588} INFO - Filling up the DagBag from /home/airflow/.local/lib/python3.12/site-packages/airflow/example_dags/example_subdag_operator.py
[2025-06-27T17:07:35.603+0000] {processor.py:925} INFO - DAG(s) 'example_subdag_operator.section-1', 'example_subdag_operator.section-2', 'example_subdag_operator' retrieved from /home/airflow/.local/lib/python3.12/site-packages/airflow/example_dags/example_subdag_operator.py
[2025-06-27T17:07:35.615+0000] {logging_mixin.py:190} INFO - [2025-06-27T17:07:35.615+0000] {dag.py:3239} INFO - Sync 3 DAGs
[2025-06-27T17:07:35.635+0000] {logging_mixin.py:190} INFO - [2025-06-27T17:07:35.635+0000] {dag.py:4180} INFO - Setting next_dagrun for example_subdag_operator to None, run_after=None
[2025-06-27T17:07:35.638+0000] {logging_mixin.py:190} INFO - [2025-06-27T17:07:35.638+0000] {dag.py:4180} INFO - Setting next_dagrun for example_subdag_operator.section-1 to None, run_after=None
[2025-06-27T17:07:35.639+0000] {logging_mixin.py:190} INFO - [2025-06-27T17:07:35.639+0000] {dag.py:4180} INFO - Setting next_dagrun for example_subdag_operator.section-2 to None, run_after=None
[2025-06-27T17:07:35.645+0000] {logging_mixin.py:190} INFO - [2025-06-27T17:07:35.645+0000] {dag.py:3239} INFO - Sync 2 DAGs
[2025-06-27T17:07:35.649+0000] {logging_mixin.py:190} INFO - [2025-06-27T17:07:35.649+0000] {dag.py:4180} INFO - Setting next_dagrun for example_subdag_operator.section-1 to None, run_after=None
[2025-06-27T17:07:35.650+0000] {logging_mixin.py:190} INFO - [2025-06-27T17:07:35.650+0000] {dag.py:4180} INFO - Setting next_dagrun for example_subdag_operator.section-2 to None, run_after=None
[2025-06-27T17:07:35.660+0000] {processor.py:208} INFO - Processing /home/airflow/.local/lib/python3.12/site-packages/airflow/example_dags/example_subdag_operator.py took 0.089 seconds
[2025-06-27T17:08:05.769+0000] {processor.py:186} INFO - Started process (PID=1549) to work on /home/airflow/.local/lib/python3.12/site-packages/airflow/example_dags/example_subdag_operator.py
[2025-06-27T17:08:05.770+0000] {processor.py:914} INFO - Processing file /home/airflow/.local/lib/python3.12/site-packages/airflow/example_dags/example_subdag_operator.py for tasks to queue
[2025-06-27T17:08:05.772+0000] {logging_mixin.py:190} INFO - [2025-06-27T17:08:05.772+0000] {dagbag.py:588} INFO - Filling up the DagBag from /home/airflow/.local/lib/python3.12/site-packages/airflow/example_dags/example_subdag_operator.py
[2025-06-27T17:08:05.795+0000] {processor.py:925} INFO - DAG(s) 'example_subdag_operator.section-1', 'example_subdag_operator.section-2', 'example_subdag_operator' retrieved from /home/airflow/.local/lib/python3.12/site-packages/airflow/example_dags/example_subdag_operator.py
[2025-06-27T17:08:05.808+0000] {logging_mixin.py:190} INFO - [2025-06-27T17:08:05.807+0000] {dag.py:3239} INFO - Sync 3 DAGs
[2025-06-27T17:08:05.829+0000] {logging_mixin.py:190} INFO - [2025-06-27T17:08:05.829+0000] {dag.py:4180} INFO - Setting next_dagrun for example_subdag_operator to None, run_after=None
[2025-06-27T17:08:05.832+0000] {logging_mixin.py:190} INFO - [2025-06-27T17:08:05.832+0000] {dag.py:4180} INFO - Setting next_dagrun for example_subdag_operator.section-1 to None, run_after=None
[2025-06-27T17:08:05.833+0000] {logging_mixin.py:190} INFO - [2025-06-27T17:08:05.833+0000] {dag.py:4180} INFO - Setting next_dagrun for example_subdag_operator.section-2 to None, run_after=None
[2025-06-27T17:08:05.840+0000] {logging_mixin.py:190} INFO - [2025-06-27T17:08:05.840+0000] {dag.py:3239} INFO - Sync 2 DAGs
[2025-06-27T17:08:05.844+0000] {logging_mixin.py:190} INFO - [2025-06-27T17:08:05.844+0000] {dag.py:4180} INFO - Setting next_dagrun for example_subdag_operator.section-1 to None, run_after=None
[2025-06-27T17:08:05.845+0000] {logging_mixin.py:190} INFO - [2025-06-27T17:08:05.845+0000] {dag.py:4180} INFO - Setting next_dagrun for example_subdag_operator.section-2 to None, run_after=None
[2025-06-27T17:08:05.855+0000] {processor.py:208} INFO - Processing /home/airflow/.local/lib/python3.12/site-packages/airflow/example_dags/example_subdag_operator.py took 0.092 seconds
[2025-06-27T17:08:36.017+0000] {processor.py:186} INFO - Started process (PID=1613) to work on /home/airflow/.local/lib/python3.12/site-packages/airflow/example_dags/example_subdag_operator.py
[2025-06-27T17:08:36.018+0000] {processor.py:914} INFO - Processing file /home/airflow/.local/lib/python3.12/site-packages/airflow/example_dags/example_subdag_operator.py for tasks to queue
[2025-06-27T17:08:36.020+0000] {logging_mixin.py:190} INFO - [2025-06-27T17:08:36.020+0000] {dagbag.py:588} INFO - Filling up the DagBag from /home/airflow/.local/lib/python3.12/site-packages/airflow/example_dags/example_subdag_operator.py
[2025-06-27T17:08:36.042+0000] {processor.py:925} INFO - DAG(s) 'example_subdag_operator.section-1', 'example_subdag_operator.section-2', 'example_subdag_operator' retrieved from /home/airflow/.local/lib/python3.12/site-packages/airflow/example_dags/example_subdag_operator.py
[2025-06-27T17:08:36.054+0000] {logging_mixin.py:190} INFO - [2025-06-27T17:08:36.054+0000] {dag.py:3239} INFO - Sync 3 DAGs
[2025-06-27T17:08:36.074+0000] {logging_mixin.py:190} INFO - [2025-06-27T17:08:36.074+0000] {dag.py:4180} INFO - Setting next_dagrun for example_subdag_operator to None, run_after=None
[2025-06-27T17:08:36.077+0000] {logging_mixin.py:190} INFO - [2025-06-27T17:08:36.077+0000] {dag.py:4180} INFO - Setting next_dagrun for example_subdag_operator.section-1 to None, run_after=None
[2025-06-27T17:08:36.078+0000] {logging_mixin.py:190} INFO - [2025-06-27T17:08:36.078+0000] {dag.py:4180} INFO - Setting next_dagrun for example_subdag_operator.section-2 to None, run_after=None
[2025-06-27T17:08:36.084+0000] {logging_mixin.py:190} INFO - [2025-06-27T17:08:36.083+0000] {dag.py:3239} INFO - Sync 2 DAGs
[2025-06-27T17:08:36.088+0000] {logging_mixin.py:190} INFO - [2025-06-27T17:08:36.088+0000] {dag.py:4180} INFO - Setting next_dagrun for example_subdag_operator.section-1 to None, run_after=None
[2025-06-27T17:08:36.089+0000] {logging_mixin.py:190} INFO - [2025-06-27T17:08:36.088+0000] {dag.py:4180} INFO - Setting next_dagrun for example_subdag_operator.section-2 to None, run_after=None
[2025-06-27T17:08:36.099+0000] {processor.py:208} INFO - Processing /home/airflow/.local/lib/python3.12/site-packages/airflow/example_dags/example_subdag_operator.py took 0.088 seconds
[2025-06-27T17:09:06.939+0000] {processor.py:186} INFO - Started process (PID=1682) to work on /home/airflow/.local/lib/python3.12/site-packages/airflow/example_dags/example_subdag_operator.py
[2025-06-27T17:09:06.940+0000] {processor.py:914} INFO - Processing file /home/airflow/.local/lib/python3.12/site-packages/airflow/example_dags/example_subdag_operator.py for tasks to queue
[2025-06-27T17:09:06.942+0000] {logging_mixin.py:190} INFO - [2025-06-27T17:09:06.942+0000] {dagbag.py:588} INFO - Filling up the DagBag from /home/airflow/.local/lib/python3.12/site-packages/airflow/example_dags/example_subdag_operator.py
[2025-06-27T17:09:06.965+0000] {processor.py:925} INFO - DAG(s) 'example_subdag_operator.section-1', 'example_subdag_operator.section-2', 'example_subdag_operator' retrieved from /home/airflow/.local/lib/python3.12/site-packages/airflow/example_dags/example_subdag_operator.py
[2025-06-27T17:09:06.977+0000] {logging_mixin.py:190} INFO - [2025-06-27T17:09:06.977+0000] {dag.py:3239} INFO - Sync 3 DAGs
[2025-06-27T17:09:06.997+0000] {logging_mixin.py:190} INFO - [2025-06-27T17:09:06.997+0000] {dag.py:4180} INFO - Setting next_dagrun for example_subdag_operator to None, run_after=None
[2025-06-27T17:09:07.000+0000] {logging_mixin.py:190} INFO - [2025-06-27T17:09:07.000+0000] {dag.py:4180} INFO - Setting next_dagrun for example_subdag_operator.section-1 to None, run_after=None
[2025-06-27T17:09:07.002+0000] {logging_mixin.py:190} INFO - [2025-06-27T17:09:07.001+0000] {dag.py:4180} INFO - Setting next_dagrun for example_subdag_operator.section-2 to None, run_after=None
[2025-06-27T17:09:07.008+0000] {logging_mixin.py:190} INFO - [2025-06-27T17:09:07.007+0000] {dag.py:3239} INFO - Sync 2 DAGs
[2025-06-27T17:09:07.012+0000] {logging_mixin.py:190} INFO - [2025-06-27T17:09:07.012+0000] {dag.py:4180} INFO - Setting next_dagrun for example_subdag_operator.section-1 to None, run_after=None
[2025-06-27T17:09:07.012+0000] {logging_mixin.py:190} INFO - [2025-06-27T17:09:07.012+0000] {dag.py:4180} INFO - Setting next_dagrun for example_subdag_operator.section-2 to None, run_after=None
[2025-06-27T17:09:07.024+0000] {processor.py:208} INFO - Processing /home/airflow/.local/lib/python3.12/site-packages/airflow/example_dags/example_subdag_operator.py took 0.091 seconds
[2025-06-27T17:09:37.287+0000] {processor.py:186} INFO - Started process (PID=1746) to work on /home/airflow/.local/lib/python3.12/site-packages/airflow/example_dags/example_subdag_operator.py
[2025-06-27T17:09:37.288+0000] {processor.py:914} INFO - Processing file /home/airflow/.local/lib/python3.12/site-packages/airflow/example_dags/example_subdag_operator.py for tasks to queue
[2025-06-27T17:09:37.290+0000] {logging_mixin.py:190} INFO - [2025-06-27T17:09:37.289+0000] {dagbag.py:588} INFO - Filling up the DagBag from /home/airflow/.local/lib/python3.12/site-packages/airflow/example_dags/example_subdag_operator.py
[2025-06-27T17:09:37.313+0000] {processor.py:925} INFO - DAG(s) 'example_subdag_operator.section-1', 'example_subdag_operator.section-2', 'example_subdag_operator' retrieved from /home/airflow/.local/lib/python3.12/site-packages/airflow/example_dags/example_subdag_operator.py
[2025-06-27T17:09:37.326+0000] {logging_mixin.py:190} INFO - [2025-06-27T17:09:37.325+0000] {dag.py:3239} INFO - Sync 3 DAGs
[2025-06-27T17:09:37.347+0000] {logging_mixin.py:190} INFO - [2025-06-27T17:09:37.347+0000] {dag.py:4180} INFO - Setting next_dagrun for example_subdag_operator to None, run_after=None
[2025-06-27T17:09:37.350+0000] {logging_mixin.py:190} INFO - [2025-06-27T17:09:37.350+0000] {dag.py:4180} INFO - Setting next_dagrun for example_subdag_operator.section-1 to None, run_after=None
[2025-06-27T17:09:37.351+0000] {logging_mixin.py:190} INFO - [2025-06-27T17:09:37.351+0000] {dag.py:4180} INFO - Setting next_dagrun for example_subdag_operator.section-2 to None, run_after=None
[2025-06-27T17:09:37.357+0000] {logging_mixin.py:190} INFO - [2025-06-27T17:09:37.357+0000] {dag.py:3239} INFO - Sync 2 DAGs
[2025-06-27T17:09:37.363+0000] {logging_mixin.py:190} INFO - [2025-06-27T17:09:37.362+0000] {dag.py:4180} INFO - Setting next_dagrun for example_subdag_operator.section-1 to None, run_after=None
[2025-06-27T17:09:37.363+0000] {logging_mixin.py:190} INFO - [2025-06-27T17:09:37.363+0000] {dag.py:4180} INFO - Setting next_dagrun for example_subdag_operator.section-2 to None, run_after=None
[2025-06-27T17:09:37.376+0000] {processor.py:208} INFO - Processing /home/airflow/.local/lib/python3.12/site-packages/airflow/example_dags/example_subdag_operator.py took 0.095 seconds
[2025-06-27T17:10:07.729+0000] {processor.py:186} INFO - Started process (PID=1816) to work on /home/airflow/.local/lib/python3.12/site-packages/airflow/example_dags/example_subdag_operator.py
[2025-06-27T17:10:07.730+0000] {processor.py:914} INFO - Processing file /home/airflow/.local/lib/python3.12/site-packages/airflow/example_dags/example_subdag_operator.py for tasks to queue
[2025-06-27T17:10:07.732+0000] {logging_mixin.py:190} INFO - [2025-06-27T17:10:07.732+0000] {dagbag.py:588} INFO - Filling up the DagBag from /home/airflow/.local/lib/python3.12/site-packages/airflow/example_dags/example_subdag_operator.py
[2025-06-27T17:10:07.756+0000] {processor.py:925} INFO - DAG(s) 'example_subdag_operator.section-1', 'example_subdag_operator.section-2', 'example_subdag_operator' retrieved from /home/airflow/.local/lib/python3.12/site-packages/airflow/example_dags/example_subdag_operator.py
[2025-06-27T17:10:07.768+0000] {logging_mixin.py:190} INFO - [2025-06-27T17:10:07.768+0000] {dag.py:3239} INFO - Sync 3 DAGs
[2025-06-27T17:10:07.788+0000] {logging_mixin.py:190} INFO - [2025-06-27T17:10:07.787+0000] {dag.py:4180} INFO - Setting next_dagrun for example_subdag_operator to None, run_after=None
[2025-06-27T17:10:07.791+0000] {logging_mixin.py:190} INFO - [2025-06-27T17:10:07.791+0000] {dag.py:4180} INFO - Setting next_dagrun for example_subdag_operator.section-1 to None, run_after=None
[2025-06-27T17:10:07.792+0000] {logging_mixin.py:190} INFO - [2025-06-27T17:10:07.792+0000] {dag.py:4180} INFO - Setting next_dagrun for example_subdag_operator.section-2 to None, run_after=None
[2025-06-27T17:10:07.798+0000] {logging_mixin.py:190} INFO - [2025-06-27T17:10:07.798+0000] {dag.py:3239} INFO - Sync 2 DAGs
[2025-06-27T17:10:07.802+0000] {logging_mixin.py:190} INFO - [2025-06-27T17:10:07.802+0000] {dag.py:4180} INFO - Setting next_dagrun for example_subdag_operator.section-1 to None, run_after=None
[2025-06-27T17:10:07.803+0000] {logging_mixin.py:190} INFO - [2025-06-27T17:10:07.803+0000] {dag.py:4180} INFO - Setting next_dagrun for example_subdag_operator.section-2 to None, run_after=None
[2025-06-27T17:10:07.813+0000] {processor.py:208} INFO - Processing /home/airflow/.local/lib/python3.12/site-packages/airflow/example_dags/example_subdag_operator.py took 0.089 seconds
[2025-06-27T17:10:38.255+0000] {processor.py:186} INFO - Started process (PID=1880) to work on /home/airflow/.local/lib/python3.12/site-packages/airflow/example_dags/example_subdag_operator.py
[2025-06-27T17:10:38.256+0000] {processor.py:914} INFO - Processing file /home/airflow/.local/lib/python3.12/site-packages/airflow/example_dags/example_subdag_operator.py for tasks to queue
[2025-06-27T17:10:38.258+0000] {logging_mixin.py:190} INFO - [2025-06-27T17:10:38.258+0000] {dagbag.py:588} INFO - Filling up the DagBag from /home/airflow/.local/lib/python3.12/site-packages/airflow/example_dags/example_subdag_operator.py
[2025-06-27T17:10:38.282+0000] {processor.py:925} INFO - DAG(s) 'example_subdag_operator.section-1', 'example_subdag_operator.section-2', 'example_subdag_operator' retrieved from /home/airflow/.local/lib/python3.12/site-packages/airflow/example_dags/example_subdag_operator.py
[2025-06-27T17:10:38.295+0000] {logging_mixin.py:190} INFO - [2025-06-27T17:10:38.295+0000] {dag.py:3239} INFO - Sync 3 DAGs
[2025-06-27T17:10:38.317+0000] {logging_mixin.py:190} INFO - [2025-06-27T17:10:38.316+0000] {dag.py:4180} INFO - Setting next_dagrun for example_subdag_operator to None, run_after=None
[2025-06-27T17:10:38.320+0000] {logging_mixin.py:190} INFO - [2025-06-27T17:10:38.320+0000] {dag.py:4180} INFO - Setting next_dagrun for example_subdag_operator.section-1 to None, run_after=None
[2025-06-27T17:10:38.321+0000] {logging_mixin.py:190} INFO - [2025-06-27T17:10:38.321+0000] {dag.py:4180} INFO - Setting next_dagrun for example_subdag_operator.section-2 to None, run_after=None
[2025-06-27T17:10:38.328+0000] {logging_mixin.py:190} INFO - [2025-06-27T17:10:38.327+0000] {dag.py:3239} INFO - Sync 2 DAGs
[2025-06-27T17:10:38.332+0000] {logging_mixin.py:190} INFO - [2025-06-27T17:10:38.332+0000] {dag.py:4180} INFO - Setting next_dagrun for example_subdag_operator.section-1 to None, run_after=None
[2025-06-27T17:10:38.333+0000] {logging_mixin.py:190} INFO - [2025-06-27T17:10:38.333+0000] {dag.py:4180} INFO - Setting next_dagrun for example_subdag_operator.section-2 to None, run_after=None
[2025-06-27T17:10:38.344+0000] {processor.py:208} INFO - Processing /home/airflow/.local/lib/python3.12/site-packages/airflow/example_dags/example_subdag_operator.py took 0.095 seconds
[2025-06-27T17:11:08.644+0000] {processor.py:186} INFO - Started process (PID=1949) to work on /home/airflow/.local/lib/python3.12/site-packages/airflow/example_dags/example_subdag_operator.py
[2025-06-27T17:11:08.645+0000] {processor.py:914} INFO - Processing file /home/airflow/.local/lib/python3.12/site-packages/airflow/example_dags/example_subdag_operator.py for tasks to queue
[2025-06-27T17:11:08.647+0000] {logging_mixin.py:190} INFO - [2025-06-27T17:11:08.646+0000] {dagbag.py:588} INFO - Filling up the DagBag from /home/airflow/.local/lib/python3.12/site-packages/airflow/example_dags/example_subdag_operator.py
[2025-06-27T17:11:08.670+0000] {processor.py:925} INFO - DAG(s) 'example_subdag_operator.section-1', 'example_subdag_operator.section-2', 'example_subdag_operator' retrieved from /home/airflow/.local/lib/python3.12/site-packages/airflow/example_dags/example_subdag_operator.py
[2025-06-27T17:11:08.684+0000] {logging_mixin.py:190} INFO - [2025-06-27T17:11:08.684+0000] {dag.py:3239} INFO - Sync 3 DAGs
[2025-06-27T17:11:08.706+0000] {logging_mixin.py:190} INFO - [2025-06-27T17:11:08.706+0000] {dag.py:4180} INFO - Setting next_dagrun for example_subdag_operator to None, run_after=None
[2025-06-27T17:11:08.710+0000] {logging_mixin.py:190} INFO - [2025-06-27T17:11:08.710+0000] {dag.py:4180} INFO - Setting next_dagrun for example_subdag_operator.section-1 to None, run_after=None
[2025-06-27T17:11:08.711+0000] {logging_mixin.py:190} INFO - [2025-06-27T17:11:08.711+0000] {dag.py:4180} INFO - Setting next_dagrun for example_subdag_operator.section-2 to None, run_after=None
[2025-06-27T17:11:08.717+0000] {logging_mixin.py:190} INFO - [2025-06-27T17:11:08.717+0000] {dag.py:3239} INFO - Sync 2 DAGs
[2025-06-27T17:11:08.721+0000] {logging_mixin.py:190} INFO - [2025-06-27T17:11:08.721+0000] {dag.py:4180} INFO - Setting next_dagrun for example_subdag_operator.section-1 to None, run_after=None
[2025-06-27T17:11:08.722+0000] {logging_mixin.py:190} INFO - [2025-06-27T17:11:08.722+0000] {dag.py:4180} INFO - Setting next_dagrun for example_subdag_operator.section-2 to None, run_after=None
[2025-06-27T17:11:08.732+0000] {processor.py:208} INFO - Processing /home/airflow/.local/lib/python3.12/site-packages/airflow/example_dags/example_subdag_operator.py took 0.094 seconds
[2025-06-27T17:11:38.808+0000] {processor.py:186} INFO - Started process (PID=2013) to work on /home/airflow/.local/lib/python3.12/site-packages/airflow/example_dags/example_subdag_operator.py
[2025-06-27T17:11:38.809+0000] {processor.py:914} INFO - Processing file /home/airflow/.local/lib/python3.12/site-packages/airflow/example_dags/example_subdag_operator.py for tasks to queue
[2025-06-27T17:11:38.811+0000] {logging_mixin.py:190} INFO - [2025-06-27T17:11:38.810+0000] {dagbag.py:588} INFO - Filling up the DagBag from /home/airflow/.local/lib/python3.12/site-packages/airflow/example_dags/example_subdag_operator.py
[2025-06-27T17:11:38.838+0000] {processor.py:925} INFO - DAG(s) 'example_subdag_operator.section-1', 'example_subdag_operator.section-2', 'example_subdag_operator' retrieved from /home/airflow/.local/lib/python3.12/site-packages/airflow/example_dags/example_subdag_operator.py
[2025-06-27T17:11:38.853+0000] {logging_mixin.py:190} INFO - [2025-06-27T17:11:38.853+0000] {dag.py:3239} INFO - Sync 3 DAGs
[2025-06-27T17:11:38.885+0000] {logging_mixin.py:190} INFO - [2025-06-27T17:11:38.884+0000] {dag.py:4180} INFO - Setting next_dagrun for example_subdag_operator to None, run_after=None
[2025-06-27T17:11:38.891+0000] {logging_mixin.py:190} INFO - [2025-06-27T17:11:38.891+0000] {dag.py:4180} INFO - Setting next_dagrun for example_subdag_operator.section-1 to None, run_after=None
[2025-06-27T17:11:38.894+0000] {logging_mixin.py:190} INFO - [2025-06-27T17:11:38.893+0000] {dag.py:4180} INFO - Setting next_dagrun for example_subdag_operator.section-2 to None, run_after=None
[2025-06-27T17:11:38.904+0000] {logging_mixin.py:190} INFO - [2025-06-27T17:11:38.904+0000] {dag.py:3239} INFO - Sync 2 DAGs
[2025-06-27T17:11:38.910+0000] {logging_mixin.py:190} INFO - [2025-06-27T17:11:38.910+0000] {dag.py:4180} INFO - Setting next_dagrun for example_subdag_operator.section-1 to None, run_after=None
[2025-06-27T17:11:38.911+0000] {logging_mixin.py:190} INFO - [2025-06-27T17:11:38.911+0000] {dag.py:4180} INFO - Setting next_dagrun for example_subdag_operator.section-2 to None, run_after=None
[2025-06-27T17:11:38.925+0000] {processor.py:208} INFO - Processing /home/airflow/.local/lib/python3.12/site-packages/airflow/example_dags/example_subdag_operator.py took 0.123 seconds
[2025-06-27T17:12:09.054+0000] {processor.py:186} INFO - Started process (PID=2083) to work on /home/airflow/.local/lib/python3.12/site-packages/airflow/example_dags/example_subdag_operator.py
[2025-06-27T17:12:09.055+0000] {processor.py:914} INFO - Processing file /home/airflow/.local/lib/python3.12/site-packages/airflow/example_dags/example_subdag_operator.py for tasks to queue
[2025-06-27T17:12:09.057+0000] {logging_mixin.py:190} INFO - [2025-06-27T17:12:09.057+0000] {dagbag.py:588} INFO - Filling up the DagBag from /home/airflow/.local/lib/python3.12/site-packages/airflow/example_dags/example_subdag_operator.py
[2025-06-27T17:12:09.081+0000] {processor.py:925} INFO - DAG(s) 'example_subdag_operator.section-1', 'example_subdag_operator.section-2', 'example_subdag_operator' retrieved from /home/airflow/.local/lib/python3.12/site-packages/airflow/example_dags/example_subdag_operator.py
[2025-06-27T17:12:09.094+0000] {logging_mixin.py:190} INFO - [2025-06-27T17:12:09.094+0000] {dag.py:3239} INFO - Sync 3 DAGs
[2025-06-27T17:12:09.115+0000] {logging_mixin.py:190} INFO - [2025-06-27T17:12:09.115+0000] {dag.py:4180} INFO - Setting next_dagrun for example_subdag_operator to None, run_after=None
[2025-06-27T17:12:09.119+0000] {logging_mixin.py:190} INFO - [2025-06-27T17:12:09.118+0000] {dag.py:4180} INFO - Setting next_dagrun for example_subdag_operator.section-1 to None, run_after=None
[2025-06-27T17:12:09.120+0000] {logging_mixin.py:190} INFO - [2025-06-27T17:12:09.120+0000] {dag.py:4180} INFO - Setting next_dagrun for example_subdag_operator.section-2 to None, run_after=None
[2025-06-27T17:12:09.127+0000] {logging_mixin.py:190} INFO - [2025-06-27T17:12:09.127+0000] {dag.py:3239} INFO - Sync 2 DAGs
[2025-06-27T17:12:09.131+0000] {logging_mixin.py:190} INFO - [2025-06-27T17:12:09.131+0000] {dag.py:4180} INFO - Setting next_dagrun for example_subdag_operator.section-1 to None, run_after=None
[2025-06-27T17:12:09.132+0000] {logging_mixin.py:190} INFO - [2025-06-27T17:12:09.132+0000] {dag.py:4180} INFO - Setting next_dagrun for example_subdag_operator.section-2 to None, run_after=None
[2025-06-27T17:12:09.143+0000] {processor.py:208} INFO - Processing /home/airflow/.local/lib/python3.12/site-packages/airflow/example_dags/example_subdag_operator.py took 0.095 seconds
[2025-06-27T17:12:39.579+0000] {processor.py:186} INFO - Started process (PID=2147) to work on /home/airflow/.local/lib/python3.12/site-packages/airflow/example_dags/example_subdag_operator.py
[2025-06-27T17:12:39.580+0000] {processor.py:914} INFO - Processing file /home/airflow/.local/lib/python3.12/site-packages/airflow/example_dags/example_subdag_operator.py for tasks to queue
[2025-06-27T17:12:39.582+0000] {logging_mixin.py:190} INFO - [2025-06-27T17:12:39.582+0000] {dagbag.py:588} INFO - Filling up the DagBag from /home/airflow/.local/lib/python3.12/site-packages/airflow/example_dags/example_subdag_operator.py
[2025-06-27T17:12:39.605+0000] {processor.py:925} INFO - DAG(s) 'example_subdag_operator.section-1', 'example_subdag_operator.section-2', 'example_subdag_operator' retrieved from /home/airflow/.local/lib/python3.12/site-packages/airflow/example_dags/example_subdag_operator.py
[2025-06-27T17:12:39.618+0000] {logging_mixin.py:190} INFO - [2025-06-27T17:12:39.617+0000] {dag.py:3239} INFO - Sync 3 DAGs
[2025-06-27T17:12:39.638+0000] {logging_mixin.py:190} INFO - [2025-06-27T17:12:39.638+0000] {dag.py:4180} INFO - Setting next_dagrun for example_subdag_operator to None, run_after=None
[2025-06-27T17:12:39.641+0000] {logging_mixin.py:190} INFO - [2025-06-27T17:12:39.641+0000] {dag.py:4180} INFO - Setting next_dagrun for example_subdag_operator.section-1 to None, run_after=None
[2025-06-27T17:12:39.643+0000] {logging_mixin.py:190} INFO - [2025-06-27T17:12:39.642+0000] {dag.py:4180} INFO - Setting next_dagrun for example_subdag_operator.section-2 to None, run_after=None
[2025-06-27T17:12:39.649+0000] {logging_mixin.py:190} INFO - [2025-06-27T17:12:39.649+0000] {dag.py:3239} INFO - Sync 2 DAGs
[2025-06-27T17:12:39.653+0000] {logging_mixin.py:190} INFO - [2025-06-27T17:12:39.653+0000] {dag.py:4180} INFO - Setting next_dagrun for example_subdag_operator.section-1 to None, run_after=None
[2025-06-27T17:12:39.654+0000] {logging_mixin.py:190} INFO - [2025-06-27T17:12:39.654+0000] {dag.py:4180} INFO - Setting next_dagrun for example_subdag_operator.section-2 to None, run_after=None
[2025-06-27T17:12:39.666+0000] {processor.py:208} INFO - Processing /home/airflow/.local/lib/python3.12/site-packages/airflow/example_dags/example_subdag_operator.py took 0.092 seconds
[2025-06-27T17:13:10.050+0000] {processor.py:186} INFO - Started process (PID=2216) to work on /home/airflow/.local/lib/python3.12/site-packages/airflow/example_dags/example_subdag_operator.py
[2025-06-27T17:13:10.051+0000] {processor.py:914} INFO - Processing file /home/airflow/.local/lib/python3.12/site-packages/airflow/example_dags/example_subdag_operator.py for tasks to queue
[2025-06-27T17:13:10.053+0000] {logging_mixin.py:190} INFO - [2025-06-27T17:13:10.053+0000] {dagbag.py:588} INFO - Filling up the DagBag from /home/airflow/.local/lib/python3.12/site-packages/airflow/example_dags/example_subdag_operator.py
[2025-06-27T17:13:10.076+0000] {processor.py:925} INFO - DAG(s) 'example_subdag_operator.section-1', 'example_subdag_operator.section-2', 'example_subdag_operator' retrieved from /home/airflow/.local/lib/python3.12/site-packages/airflow/example_dags/example_subdag_operator.py
[2025-06-27T17:13:10.088+0000] {logging_mixin.py:190} INFO - [2025-06-27T17:13:10.088+0000] {dag.py:3239} INFO - Sync 3 DAGs
[2025-06-27T17:13:10.107+0000] {logging_mixin.py:190} INFO - [2025-06-27T17:13:10.107+0000] {dag.py:4180} INFO - Setting next_dagrun for example_subdag_operator to None, run_after=None
[2025-06-27T17:13:10.110+0000] {logging_mixin.py:190} INFO - [2025-06-27T17:13:10.110+0000] {dag.py:4180} INFO - Setting next_dagrun for example_subdag_operator.section-1 to None, run_after=None
[2025-06-27T17:13:10.112+0000] {logging_mixin.py:190} INFO - [2025-06-27T17:13:10.112+0000] {dag.py:4180} INFO - Setting next_dagrun for example_subdag_operator.section-2 to None, run_after=None
[2025-06-27T17:13:10.117+0000] {logging_mixin.py:190} INFO - [2025-06-27T17:13:10.117+0000] {dag.py:3239} INFO - Sync 2 DAGs
[2025-06-27T17:13:10.121+0000] {logging_mixin.py:190} INFO - [2025-06-27T17:13:10.121+0000] {dag.py:4180} INFO - Setting next_dagrun for example_subdag_operator.section-1 to None, run_after=None
[2025-06-27T17:13:10.122+0000] {logging_mixin.py:190} INFO - [2025-06-27T17:13:10.122+0000] {dag.py:4180} INFO - Setting next_dagrun for example_subdag_operator.section-2 to None, run_after=None
[2025-06-27T17:13:10.132+0000] {processor.py:208} INFO - Processing /home/airflow/.local/lib/python3.12/site-packages/airflow/example_dags/example_subdag_operator.py took 0.088 seconds
[2025-06-27T17:13:40.957+0000] {processor.py:186} INFO - Started process (PID=2280) to work on /home/airflow/.local/lib/python3.12/site-packages/airflow/example_dags/example_subdag_operator.py
[2025-06-27T17:13:40.958+0000] {processor.py:914} INFO - Processing file /home/airflow/.local/lib/python3.12/site-packages/airflow/example_dags/example_subdag_operator.py for tasks to queue
[2025-06-27T17:13:40.960+0000] {logging_mixin.py:190} INFO - [2025-06-27T17:13:40.960+0000] {dagbag.py:588} INFO - Filling up the DagBag from /home/airflow/.local/lib/python3.12/site-packages/airflow/example_dags/example_subdag_operator.py
[2025-06-27T17:13:40.983+0000] {processor.py:925} INFO - DAG(s) 'example_subdag_operator.section-1', 'example_subdag_operator.section-2', 'example_subdag_operator' retrieved from /home/airflow/.local/lib/python3.12/site-packages/airflow/example_dags/example_subdag_operator.py
[2025-06-27T17:13:40.996+0000] {logging_mixin.py:190} INFO - [2025-06-27T17:13:40.995+0000] {dag.py:3239} INFO - Sync 3 DAGs
[2025-06-27T17:13:41.022+0000] {logging_mixin.py:190} INFO - [2025-06-27T17:13:41.022+0000] {dag.py:4180} INFO - Setting next_dagrun for example_subdag_operator to None, run_after=None
[2025-06-27T17:13:41.026+0000] {logging_mixin.py:190} INFO - [2025-06-27T17:13:41.026+0000] {dag.py:4180} INFO - Setting next_dagrun for example_subdag_operator.section-1 to None, run_after=None
[2025-06-27T17:13:41.028+0000] {logging_mixin.py:190} INFO - [2025-06-27T17:13:41.027+0000] {dag.py:4180} INFO - Setting next_dagrun for example_subdag_operator.section-2 to None, run_after=None
[2025-06-27T17:13:41.036+0000] {logging_mixin.py:190} INFO - [2025-06-27T17:13:41.035+0000] {dag.py:3239} INFO - Sync 2 DAGs
[2025-06-27T17:13:41.041+0000] {logging_mixin.py:190} INFO - [2025-06-27T17:13:41.040+0000] {dag.py:4180} INFO - Setting next_dagrun for example_subdag_operator.section-1 to None, run_after=None
[2025-06-27T17:13:41.041+0000] {logging_mixin.py:190} INFO - [2025-06-27T17:13:41.041+0000] {dag.py:4180} INFO - Setting next_dagrun for example_subdag_operator.section-2 to None, run_after=None
[2025-06-27T17:13:41.053+0000] {processor.py:208} INFO - Processing /home/airflow/.local/lib/python3.12/site-packages/airflow/example_dags/example_subdag_operator.py took 0.102 seconds
[2025-06-27T17:14:11.286+0000] {processor.py:186} INFO - Started process (PID=2350) to work on /home/airflow/.local/lib/python3.12/site-packages/airflow/example_dags/example_subdag_operator.py
[2025-06-27T17:14:11.287+0000] {processor.py:914} INFO - Processing file /home/airflow/.local/lib/python3.12/site-packages/airflow/example_dags/example_subdag_operator.py for tasks to queue
[2025-06-27T17:14:11.289+0000] {logging_mixin.py:190} INFO - [2025-06-27T17:14:11.289+0000] {dagbag.py:588} INFO - Filling up the DagBag from /home/airflow/.local/lib/python3.12/site-packages/airflow/example_dags/example_subdag_operator.py
[2025-06-27T17:14:11.310+0000] {processor.py:925} INFO - DAG(s) 'example_subdag_operator.section-1', 'example_subdag_operator.section-2', 'example_subdag_operator' retrieved from /home/airflow/.local/lib/python3.12/site-packages/airflow/example_dags/example_subdag_operator.py
[2025-06-27T17:14:11.322+0000] {logging_mixin.py:190} INFO - [2025-06-27T17:14:11.322+0000] {dag.py:3239} INFO - Sync 3 DAGs
[2025-06-27T17:14:11.342+0000] {logging_mixin.py:190} INFO - [2025-06-27T17:14:11.342+0000] {dag.py:4180} INFO - Setting next_dagrun for example_subdag_operator to None, run_after=None
[2025-06-27T17:14:11.346+0000] {logging_mixin.py:190} INFO - [2025-06-27T17:14:11.346+0000] {dag.py:4180} INFO - Setting next_dagrun for example_subdag_operator.section-1 to None, run_after=None
[2025-06-27T17:14:11.347+0000] {logging_mixin.py:190} INFO - [2025-06-27T17:14:11.347+0000] {dag.py:4180} INFO - Setting next_dagrun for example_subdag_operator.section-2 to None, run_after=None
[2025-06-27T17:14:11.353+0000] {logging_mixin.py:190} INFO - [2025-06-27T17:14:11.353+0000] {dag.py:3239} INFO - Sync 2 DAGs
[2025-06-27T17:14:11.357+0000] {logging_mixin.py:190} INFO - [2025-06-27T17:14:11.357+0000] {dag.py:4180} INFO - Setting next_dagrun for example_subdag_operator.section-1 to None, run_after=None
[2025-06-27T17:14:11.358+0000] {logging_mixin.py:190} INFO - [2025-06-27T17:14:11.358+0000] {dag.py:4180} INFO - Setting next_dagrun for example_subdag_operator.section-2 to None, run_after=None
[2025-06-27T17:14:11.370+0000] {processor.py:208} INFO - Processing /home/airflow/.local/lib/python3.12/site-packages/airflow/example_dags/example_subdag_operator.py took 0.089 seconds
[2025-06-27T17:14:41.874+0000] {processor.py:186} INFO - Started process (PID=2414) to work on /home/airflow/.local/lib/python3.12/site-packages/airflow/example_dags/example_subdag_operator.py
[2025-06-27T17:14:41.875+0000] {processor.py:914} INFO - Processing file /home/airflow/.local/lib/python3.12/site-packages/airflow/example_dags/example_subdag_operator.py for tasks to queue
[2025-06-27T17:14:41.877+0000] {logging_mixin.py:190} INFO - [2025-06-27T17:14:41.877+0000] {dagbag.py:588} INFO - Filling up the DagBag from /home/airflow/.local/lib/python3.12/site-packages/airflow/example_dags/example_subdag_operator.py
[2025-06-27T17:14:41.900+0000] {processor.py:925} INFO - DAG(s) 'example_subdag_operator.section-1', 'example_subdag_operator.section-2', 'example_subdag_operator' retrieved from /home/airflow/.local/lib/python3.12/site-packages/airflow/example_dags/example_subdag_operator.py
[2025-06-27T17:14:41.912+0000] {logging_mixin.py:190} INFO - [2025-06-27T17:14:41.912+0000] {dag.py:3239} INFO - Sync 3 DAGs
[2025-06-27T17:14:41.934+0000] {logging_mixin.py:190} INFO - [2025-06-27T17:14:41.934+0000] {dag.py:4180} INFO - Setting next_dagrun for example_subdag_operator to None, run_after=None
[2025-06-27T17:14:41.939+0000] {logging_mixin.py:190} INFO - [2025-06-27T17:14:41.939+0000] {dag.py:4180} INFO - Setting next_dagrun for example_subdag_operator.section-1 to None, run_after=None
[2025-06-27T17:14:41.940+0000] {logging_mixin.py:190} INFO - [2025-06-27T17:14:41.940+0000] {dag.py:4180} INFO - Setting next_dagrun for example_subdag_operator.section-2 to None, run_after=None
[2025-06-27T17:14:41.947+0000] {logging_mixin.py:190} INFO - [2025-06-27T17:14:41.947+0000] {dag.py:3239} INFO - Sync 2 DAGs
[2025-06-27T17:14:41.951+0000] {logging_mixin.py:190} INFO - [2025-06-27T17:14:41.951+0000] {dag.py:4180} INFO - Setting next_dagrun for example_subdag_operator.section-1 to None, run_after=None
[2025-06-27T17:14:41.952+0000] {logging_mixin.py:190} INFO - [2025-06-27T17:14:41.952+0000] {dag.py:4180} INFO - Setting next_dagrun for example_subdag_operator.section-2 to None, run_after=None
[2025-06-27T17:14:41.962+0000] {processor.py:208} INFO - Processing /home/airflow/.local/lib/python3.12/site-packages/airflow/example_dags/example_subdag_operator.py took 0.094 seconds
[2025-06-27T17:15:12.731+0000] {processor.py:186} INFO - Started process (PID=2483) to work on /home/airflow/.local/lib/python3.12/site-packages/airflow/example_dags/example_subdag_operator.py
[2025-06-27T17:15:12.733+0000] {processor.py:914} INFO - Processing file /home/airflow/.local/lib/python3.12/site-packages/airflow/example_dags/example_subdag_operator.py for tasks to queue
[2025-06-27T17:15:12.735+0000] {logging_mixin.py:190} INFO - [2025-06-27T17:15:12.735+0000] {dagbag.py:588} INFO - Filling up the DagBag from /home/airflow/.local/lib/python3.12/site-packages/airflow/example_dags/example_subdag_operator.py
[2025-06-27T17:15:12.758+0000] {processor.py:925} INFO - DAG(s) 'example_subdag_operator.section-1', 'example_subdag_operator.section-2', 'example_subdag_operator' retrieved from /home/airflow/.local/lib/python3.12/site-packages/airflow/example_dags/example_subdag_operator.py
[2025-06-27T17:15:12.772+0000] {logging_mixin.py:190} INFO - [2025-06-27T17:15:12.772+0000] {dag.py:3239} INFO - Sync 3 DAGs
[2025-06-27T17:15:12.795+0000] {logging_mixin.py:190} INFO - [2025-06-27T17:15:12.795+0000] {dag.py:4180} INFO - Setting next_dagrun for example_subdag_operator to None, run_after=None
[2025-06-27T17:15:12.798+0000] {logging_mixin.py:190} INFO - [2025-06-27T17:15:12.798+0000] {dag.py:4180} INFO - Setting next_dagrun for example_subdag_operator.section-1 to None, run_after=None
[2025-06-27T17:15:12.800+0000] {logging_mixin.py:190} INFO - [2025-06-27T17:15:12.799+0000] {dag.py:4180} INFO - Setting next_dagrun for example_subdag_operator.section-2 to None, run_after=None
[2025-06-27T17:15:12.808+0000] {logging_mixin.py:190} INFO - [2025-06-27T17:15:12.808+0000] {dag.py:3239} INFO - Sync 2 DAGs
[2025-06-27T17:15:12.813+0000] {logging_mixin.py:190} INFO - [2025-06-27T17:15:12.812+0000] {dag.py:4180} INFO - Setting next_dagrun for example_subdag_operator.section-1 to None, run_after=None
[2025-06-27T17:15:12.813+0000] {logging_mixin.py:190} INFO - [2025-06-27T17:15:12.813+0000] {dag.py:4180} INFO - Setting next_dagrun for example_subdag_operator.section-2 to None, run_after=None
[2025-06-27T17:15:12.824+0000] {processor.py:208} INFO - Processing /home/airflow/.local/lib/python3.12/site-packages/airflow/example_dags/example_subdag_operator.py took 0.098 seconds
[2025-06-27T17:15:43.574+0000] {processor.py:186} INFO - Started process (PID=2547) to work on /home/airflow/.local/lib/python3.12/site-packages/airflow/example_dags/example_subdag_operator.py
[2025-06-27T17:15:43.575+0000] {processor.py:914} INFO - Processing file /home/airflow/.local/lib/python3.12/site-packages/airflow/example_dags/example_subdag_operator.py for tasks to queue
[2025-06-27T17:15:43.577+0000] {logging_mixin.py:190} INFO - [2025-06-27T17:15:43.577+0000] {dagbag.py:588} INFO - Filling up the DagBag from /home/airflow/.local/lib/python3.12/site-packages/airflow/example_dags/example_subdag_operator.py
[2025-06-27T17:15:43.601+0000] {processor.py:925} INFO - DAG(s) 'example_subdag_operator.section-1', 'example_subdag_operator.section-2', 'example_subdag_operator' retrieved from /home/airflow/.local/lib/python3.12/site-packages/airflow/example_dags/example_subdag_operator.py
[2025-06-27T17:15:43.614+0000] {logging_mixin.py:190} INFO - [2025-06-27T17:15:43.614+0000] {dag.py:3239} INFO - Sync 3 DAGs
[2025-06-27T17:15:43.635+0000] {logging_mixin.py:190} INFO - [2025-06-27T17:15:43.635+0000] {dag.py:4180} INFO - Setting next_dagrun for example_subdag_operator to None, run_after=None
[2025-06-27T17:15:43.639+0000] {logging_mixin.py:190} INFO - [2025-06-27T17:15:43.639+0000] {dag.py:4180} INFO - Setting next_dagrun for example_subdag_operator.section-1 to None, run_after=None
[2025-06-27T17:15:43.640+0000] {logging_mixin.py:190} INFO - [2025-06-27T17:15:43.640+0000] {dag.py:4180} INFO - Setting next_dagrun for example_subdag_operator.section-2 to None, run_after=None
[2025-06-27T17:15:43.648+0000] {logging_mixin.py:190} INFO - [2025-06-27T17:15:43.648+0000] {dag.py:3239} INFO - Sync 2 DAGs
[2025-06-27T17:15:43.654+0000] {logging_mixin.py:190} INFO - [2025-06-27T17:15:43.654+0000] {dag.py:4180} INFO - Setting next_dagrun for example_subdag_operator.section-1 to None, run_after=None
[2025-06-27T17:15:43.655+0000] {logging_mixin.py:190} INFO - [2025-06-27T17:15:43.654+0000] {dag.py:4180} INFO - Setting next_dagrun for example_subdag_operator.section-2 to None, run_after=None
[2025-06-27T17:15:43.667+0000] {processor.py:208} INFO - Processing /home/airflow/.local/lib/python3.12/site-packages/airflow/example_dags/example_subdag_operator.py took 0.099 seconds
[2025-06-27T17:16:13.994+0000] {processor.py:186} INFO - Started process (PID=2617) to work on /home/airflow/.local/lib/python3.12/site-packages/airflow/example_dags/example_subdag_operator.py
[2025-06-27T17:16:13.995+0000] {processor.py:914} INFO - Processing file /home/airflow/.local/lib/python3.12/site-packages/airflow/example_dags/example_subdag_operator.py for tasks to queue
[2025-06-27T17:16:13.997+0000] {logging_mixin.py:190} INFO - [2025-06-27T17:16:13.997+0000] {dagbag.py:588} INFO - Filling up the DagBag from /home/airflow/.local/lib/python3.12/site-packages/airflow/example_dags/example_subdag_operator.py
[2025-06-27T17:16:14.020+0000] {processor.py:925} INFO - DAG(s) 'example_subdag_operator.section-1', 'example_subdag_operator.section-2', 'example_subdag_operator' retrieved from /home/airflow/.local/lib/python3.12/site-packages/airflow/example_dags/example_subdag_operator.py
[2025-06-27T17:16:14.032+0000] {logging_mixin.py:190} INFO - [2025-06-27T17:16:14.032+0000] {dag.py:3239} INFO - Sync 3 DAGs
[2025-06-27T17:16:14.051+0000] {logging_mixin.py:190} INFO - [2025-06-27T17:16:14.051+0000] {dag.py:4180} INFO - Setting next_dagrun for example_subdag_operator to None, run_after=None
[2025-06-27T17:16:14.054+0000] {logging_mixin.py:190} INFO - [2025-06-27T17:16:14.054+0000] {dag.py:4180} INFO - Setting next_dagrun for example_subdag_operator.section-1 to None, run_after=None
[2025-06-27T17:16:14.056+0000] {logging_mixin.py:190} INFO - [2025-06-27T17:16:14.055+0000] {dag.py:4180} INFO - Setting next_dagrun for example_subdag_operator.section-2 to None, run_after=None
[2025-06-27T17:16:14.062+0000] {logging_mixin.py:190} INFO - [2025-06-27T17:16:14.062+0000] {dag.py:3239} INFO - Sync 2 DAGs
[2025-06-27T17:16:14.066+0000] {logging_mixin.py:190} INFO - [2025-06-27T17:16:14.066+0000] {dag.py:4180} INFO - Setting next_dagrun for example_subdag_operator.section-1 to None, run_after=None
[2025-06-27T17:16:14.067+0000] {logging_mixin.py:190} INFO - [2025-06-27T17:16:14.067+0000] {dag.py:4180} INFO - Setting next_dagrun for example_subdag_operator.section-2 to None, run_after=None
[2025-06-27T17:16:14.078+0000] {processor.py:208} INFO - Processing /home/airflow/.local/lib/python3.12/site-packages/airflow/example_dags/example_subdag_operator.py took 0.089 seconds
[2025-06-27T17:16:44.229+0000] {processor.py:186} INFO - Started process (PID=2681) to work on /home/airflow/.local/lib/python3.12/site-packages/airflow/example_dags/example_subdag_operator.py
[2025-06-27T17:16:44.229+0000] {processor.py:914} INFO - Processing file /home/airflow/.local/lib/python3.12/site-packages/airflow/example_dags/example_subdag_operator.py for tasks to queue
[2025-06-27T17:16:44.231+0000] {logging_mixin.py:190} INFO - [2025-06-27T17:16:44.231+0000] {dagbag.py:588} INFO - Filling up the DagBag from /home/airflow/.local/lib/python3.12/site-packages/airflow/example_dags/example_subdag_operator.py
[2025-06-27T17:16:44.253+0000] {processor.py:925} INFO - DAG(s) 'example_subdag_operator.section-1', 'example_subdag_operator.section-2', 'example_subdag_operator' retrieved from /home/airflow/.local/lib/python3.12/site-packages/airflow/example_dags/example_subdag_operator.py
[2025-06-27T17:16:44.265+0000] {logging_mixin.py:190} INFO - [2025-06-27T17:16:44.264+0000] {dag.py:3239} INFO - Sync 3 DAGs
[2025-06-27T17:16:44.285+0000] {logging_mixin.py:190} INFO - [2025-06-27T17:16:44.285+0000] {dag.py:4180} INFO - Setting next_dagrun for example_subdag_operator to None, run_after=None
[2025-06-27T17:16:44.288+0000] {logging_mixin.py:190} INFO - [2025-06-27T17:16:44.288+0000] {dag.py:4180} INFO - Setting next_dagrun for example_subdag_operator.section-1 to None, run_after=None
[2025-06-27T17:16:44.290+0000] {logging_mixin.py:190} INFO - [2025-06-27T17:16:44.289+0000] {dag.py:4180} INFO - Setting next_dagrun for example_subdag_operator.section-2 to None, run_after=None
[2025-06-27T17:16:44.296+0000] {logging_mixin.py:190} INFO - [2025-06-27T17:16:44.295+0000] {dag.py:3239} INFO - Sync 2 DAGs
[2025-06-27T17:16:44.300+0000] {logging_mixin.py:190} INFO - [2025-06-27T17:16:44.300+0000] {dag.py:4180} INFO - Setting next_dagrun for example_subdag_operator.section-1 to None, run_after=None
[2025-06-27T17:16:44.301+0000] {logging_mixin.py:190} INFO - [2025-06-27T17:16:44.301+0000] {dag.py:4180} INFO - Setting next_dagrun for example_subdag_operator.section-2 to None, run_after=None
[2025-06-27T17:16:44.311+0000] {processor.py:208} INFO - Processing /home/airflow/.local/lib/python3.12/site-packages/airflow/example_dags/example_subdag_operator.py took 0.088 seconds
