[2025-06-27T16:57:59.658+0000] {processor.py:186} INFO - Started process (PID=167) to work on /home/airflow/.local/lib/python3.12/site-packages/airflow/example_dags/example_branch_operator.py
[2025-06-27T16:57:59.660+0000] {processor.py:914} INFO - Processing file /home/airflow/.local/lib/python3.12/site-packages/airflow/example_dags/example_branch_operator.py for tasks to queue
[2025-06-27T16:57:59.665+0000] {logging_mixin.py:190} INFO - [2025-06-27T16:57:59.664+0000] {dagbag.py:588} INFO - Filling up the DagBag from /home/airflow/.local/lib/python3.12/site-packages/airflow/example_dags/example_branch_operator.py
[2025-06-27T16:57:59.704+0000] {processor.py:925} INFO - DAG(s) 'example_branch_operator' retrieved from /home/airflow/.local/lib/python3.12/site-packages/airflow/example_dags/example_branch_operator.py
[2025-06-27T16:57:59.871+0000] {logging_mixin.py:190} INFO - [2025-06-27T16:57:59.871+0000] {dag.py:3239} INFO - Sync 1 DAGs
[2025-06-27T16:57:59.905+0000] {logging_mixin.py:190} INFO - [2025-06-27T16:57:59.905+0000] {dag.py:4180} INFO - Setting next_dagrun for example_branch_operator to 2025-06-27 00:00:00+00:00, run_after=2025-06-28 00:00:00+00:00
[2025-06-27T16:57:59.935+0000] {processor.py:208} INFO - Processing /home/airflow/.local/lib/python3.12/site-packages/airflow/example_dags/example_branch_operator.py took 0.288 seconds
[2025-06-27T16:58:30.713+0000] {processor.py:186} INFO - Started process (PID=302) to work on /home/airflow/.local/lib/python3.12/site-packages/airflow/example_dags/example_branch_operator.py
[2025-06-27T16:58:30.714+0000] {processor.py:914} INFO - Processing file /home/airflow/.local/lib/python3.12/site-packages/airflow/example_dags/example_branch_operator.py for tasks to queue
[2025-06-27T16:58:30.717+0000] {logging_mixin.py:190} INFO - [2025-06-27T16:58:30.716+0000] {dagbag.py:588} INFO - Filling up the DagBag from /home/airflow/.local/lib/python3.12/site-packages/airflow/example_dags/example_branch_operator.py
[2025-06-27T16:58:30.735+0000] {processor.py:925} INFO - DAG(s) 'example_branch_operator' retrieved from /home/airflow/.local/lib/python3.12/site-packages/airflow/example_dags/example_branch_operator.py
[2025-06-27T16:58:30.760+0000] {logging_mixin.py:190} INFO - [2025-06-27T16:58:30.760+0000] {dag.py:3239} INFO - Sync 1 DAGs
[2025-06-27T16:58:30.785+0000] {logging_mixin.py:190} INFO - [2025-06-27T16:58:30.785+0000] {dag.py:4180} INFO - Setting next_dagrun for example_branch_operator to 2025-06-27 00:00:00+00:00, run_after=2025-06-28 00:00:00+00:00
[2025-06-27T16:58:30.805+0000] {processor.py:208} INFO - Processing /home/airflow/.local/lib/python3.12/site-packages/airflow/example_dags/example_branch_operator.py took 0.097 seconds
[2025-06-27T16:59:01.090+0000] {processor.py:186} INFO - Started process (PID=380) to work on /home/airflow/.local/lib/python3.12/site-packages/airflow/example_dags/example_branch_operator.py
[2025-06-27T16:59:01.092+0000] {processor.py:914} INFO - Processing file /home/airflow/.local/lib/python3.12/site-packages/airflow/example_dags/example_branch_operator.py for tasks to queue
[2025-06-27T16:59:01.095+0000] {logging_mixin.py:190} INFO - [2025-06-27T16:59:01.095+0000] {dagbag.py:588} INFO - Filling up the DagBag from /home/airflow/.local/lib/python3.12/site-packages/airflow/example_dags/example_branch_operator.py
[2025-06-27T16:59:01.115+0000] {processor.py:925} INFO - DAG(s) 'example_branch_operator' retrieved from /home/airflow/.local/lib/python3.12/site-packages/airflow/example_dags/example_branch_operator.py
[2025-06-27T16:59:01.143+0000] {logging_mixin.py:190} INFO - [2025-06-27T16:59:01.143+0000] {dag.py:3239} INFO - Sync 1 DAGs
[2025-06-27T16:59:01.172+0000] {logging_mixin.py:190} INFO - [2025-06-27T16:59:01.171+0000] {dag.py:4180} INFO - Setting next_dagrun for example_branch_operator to 2025-06-27 00:00:00+00:00, run_after=2025-06-28 00:00:00+00:00
[2025-06-27T16:59:01.193+0000] {processor.py:208} INFO - Processing /home/airflow/.local/lib/python3.12/site-packages/airflow/example_dags/example_branch_operator.py took 0.112 seconds
[2025-06-27T16:59:31.552+0000] {processor.py:186} INFO - Started process (PID=449) to work on /home/airflow/.local/lib/python3.12/site-packages/airflow/example_dags/example_branch_operator.py
[2025-06-27T16:59:31.553+0000] {processor.py:914} INFO - Processing file /home/airflow/.local/lib/python3.12/site-packages/airflow/example_dags/example_branch_operator.py for tasks to queue
[2025-06-27T16:59:31.555+0000] {logging_mixin.py:190} INFO - [2025-06-27T16:59:31.555+0000] {dagbag.py:588} INFO - Filling up the DagBag from /home/airflow/.local/lib/python3.12/site-packages/airflow/example_dags/example_branch_operator.py
[2025-06-27T16:59:31.571+0000] {processor.py:925} INFO - DAG(s) 'example_branch_operator' retrieved from /home/airflow/.local/lib/python3.12/site-packages/airflow/example_dags/example_branch_operator.py
[2025-06-27T16:59:31.594+0000] {logging_mixin.py:190} INFO - [2025-06-27T16:59:31.594+0000] {dag.py:3239} INFO - Sync 1 DAGs
[2025-06-27T16:59:31.615+0000] {logging_mixin.py:190} INFO - [2025-06-27T16:59:31.615+0000] {dag.py:4180} INFO - Setting next_dagrun for example_branch_operator to 2025-06-27 00:00:00+00:00, run_after=2025-06-28 00:00:00+00:00
[2025-06-27T16:59:31.632+0000] {processor.py:208} INFO - Processing /home/airflow/.local/lib/python3.12/site-packages/airflow/example_dags/example_branch_operator.py took 0.085 seconds
[2025-06-27T17:00:02.241+0000] {processor.py:186} INFO - Started process (PID=519) to work on /home/airflow/.local/lib/python3.12/site-packages/airflow/example_dags/example_branch_operator.py
[2025-06-27T17:00:02.242+0000] {processor.py:914} INFO - Processing file /home/airflow/.local/lib/python3.12/site-packages/airflow/example_dags/example_branch_operator.py for tasks to queue
[2025-06-27T17:00:02.246+0000] {logging_mixin.py:190} INFO - [2025-06-27T17:00:02.246+0000] {dagbag.py:588} INFO - Filling up the DagBag from /home/airflow/.local/lib/python3.12/site-packages/airflow/example_dags/example_branch_operator.py
[2025-06-27T17:00:02.266+0000] {processor.py:925} INFO - DAG(s) 'example_branch_operator' retrieved from /home/airflow/.local/lib/python3.12/site-packages/airflow/example_dags/example_branch_operator.py
[2025-06-27T17:00:02.294+0000] {logging_mixin.py:190} INFO - [2025-06-27T17:00:02.293+0000] {dag.py:3239} INFO - Sync 1 DAGs
[2025-06-27T17:00:02.319+0000] {logging_mixin.py:190} INFO - [2025-06-27T17:00:02.319+0000] {dag.py:4180} INFO - Setting next_dagrun for example_branch_operator to 2025-06-27 00:00:00+00:00, run_after=2025-06-28 00:00:00+00:00
[2025-06-27T17:00:02.338+0000] {processor.py:208} INFO - Processing /home/airflow/.local/lib/python3.12/site-packages/airflow/example_dags/example_branch_operator.py took 0.101 seconds
[2025-06-27T17:00:32.679+0000] {processor.py:186} INFO - Started process (PID=583) to work on /home/airflow/.local/lib/python3.12/site-packages/airflow/example_dags/example_branch_operator.py
[2025-06-27T17:00:32.680+0000] {processor.py:914} INFO - Processing file /home/airflow/.local/lib/python3.12/site-packages/airflow/example_dags/example_branch_operator.py for tasks to queue
[2025-06-27T17:00:32.682+0000] {logging_mixin.py:190} INFO - [2025-06-27T17:00:32.681+0000] {dagbag.py:588} INFO - Filling up the DagBag from /home/airflow/.local/lib/python3.12/site-packages/airflow/example_dags/example_branch_operator.py
[2025-06-27T17:00:32.699+0000] {processor.py:925} INFO - DAG(s) 'example_branch_operator' retrieved from /home/airflow/.local/lib/python3.12/site-packages/airflow/example_dags/example_branch_operator.py
[2025-06-27T17:00:32.723+0000] {logging_mixin.py:190} INFO - [2025-06-27T17:00:32.722+0000] {dag.py:3239} INFO - Sync 1 DAGs
[2025-06-27T17:00:32.746+0000] {logging_mixin.py:190} INFO - [2025-06-27T17:00:32.745+0000] {dag.py:4180} INFO - Setting next_dagrun for example_branch_operator to 2025-06-27 00:00:00+00:00, run_after=2025-06-28 00:00:00+00:00
[2025-06-27T17:00:32.765+0000] {processor.py:208} INFO - Processing /home/airflow/.local/lib/python3.12/site-packages/airflow/example_dags/example_branch_operator.py took 0.092 seconds
[2025-06-27T17:01:04.871+0000] {processor.py:186} INFO - Started process (PID=652) to work on /home/airflow/.local/lib/python3.12/site-packages/airflow/example_dags/example_branch_operator.py
[2025-06-27T17:01:04.873+0000] {processor.py:914} INFO - Processing file /home/airflow/.local/lib/python3.12/site-packages/airflow/example_dags/example_branch_operator.py for tasks to queue
[2025-06-27T17:01:04.875+0000] {logging_mixin.py:190} INFO - [2025-06-27T17:01:04.875+0000] {dagbag.py:588} INFO - Filling up the DagBag from /home/airflow/.local/lib/python3.12/site-packages/airflow/example_dags/example_branch_operator.py
[2025-06-27T17:01:04.904+0000] {processor.py:925} INFO - DAG(s) 'example_branch_operator' retrieved from /home/airflow/.local/lib/python3.12/site-packages/airflow/example_dags/example_branch_operator.py
[2025-06-27T17:01:04.955+0000] {logging_mixin.py:190} INFO - [2025-06-27T17:01:04.954+0000] {dag.py:3239} INFO - Sync 1 DAGs
[2025-06-27T17:01:05.030+0000] {logging_mixin.py:190} INFO - [2025-06-27T17:01:05.029+0000] {dag.py:4180} INFO - Setting next_dagrun for example_branch_operator to 2025-06-27 00:00:00+00:00, run_after=2025-06-28 00:00:00+00:00
[2025-06-27T17:01:05.060+0000] {processor.py:208} INFO - Processing /home/airflow/.local/lib/python3.12/site-packages/airflow/example_dags/example_branch_operator.py took 0.196 seconds
[2025-06-27T17:01:35.976+0000] {processor.py:186} INFO - Started process (PID=715) to work on /home/airflow/.local/lib/python3.12/site-packages/airflow/example_dags/example_branch_operator.py
[2025-06-27T17:01:35.977+0000] {processor.py:914} INFO - Processing file /home/airflow/.local/lib/python3.12/site-packages/airflow/example_dags/example_branch_operator.py for tasks to queue
[2025-06-27T17:01:35.979+0000] {logging_mixin.py:190} INFO - [2025-06-27T17:01:35.979+0000] {dagbag.py:588} INFO - Filling up the DagBag from /home/airflow/.local/lib/python3.12/site-packages/airflow/example_dags/example_branch_operator.py
[2025-06-27T17:01:35.998+0000] {processor.py:925} INFO - DAG(s) 'example_branch_operator' retrieved from /home/airflow/.local/lib/python3.12/site-packages/airflow/example_dags/example_branch_operator.py
[2025-06-27T17:01:36.026+0000] {logging_mixin.py:190} INFO - [2025-06-27T17:01:36.026+0000] {dag.py:3239} INFO - Sync 1 DAGs
[2025-06-27T17:01:36.049+0000] {logging_mixin.py:190} INFO - [2025-06-27T17:01:36.049+0000] {dag.py:4180} INFO - Setting next_dagrun for example_branch_operator to 2025-06-27 00:00:00+00:00, run_after=2025-06-28 00:00:00+00:00
[2025-06-27T17:01:36.068+0000] {processor.py:208} INFO - Processing /home/airflow/.local/lib/python3.12/site-packages/airflow/example_dags/example_branch_operator.py took 0.097 seconds
[2025-06-27T17:02:06.529+0000] {processor.py:186} INFO - Started process (PID=785) to work on /home/airflow/.local/lib/python3.12/site-packages/airflow/example_dags/example_branch_operator.py
[2025-06-27T17:02:06.530+0000] {processor.py:914} INFO - Processing file /home/airflow/.local/lib/python3.12/site-packages/airflow/example_dags/example_branch_operator.py for tasks to queue
[2025-06-27T17:02:06.532+0000] {logging_mixin.py:190} INFO - [2025-06-27T17:02:06.532+0000] {dagbag.py:588} INFO - Filling up the DagBag from /home/airflow/.local/lib/python3.12/site-packages/airflow/example_dags/example_branch_operator.py
[2025-06-27T17:02:06.548+0000] {processor.py:925} INFO - DAG(s) 'example_branch_operator' retrieved from /home/airflow/.local/lib/python3.12/site-packages/airflow/example_dags/example_branch_operator.py
[2025-06-27T17:02:06.572+0000] {logging_mixin.py:190} INFO - [2025-06-27T17:02:06.572+0000] {dag.py:3239} INFO - Sync 1 DAGs
[2025-06-27T17:02:06.594+0000] {logging_mixin.py:190} INFO - [2025-06-27T17:02:06.594+0000] {dag.py:4180} INFO - Setting next_dagrun for example_branch_operator to 2025-06-27 00:00:00+00:00, run_after=2025-06-28 00:00:00+00:00
[2025-06-27T17:02:06.611+0000] {processor.py:208} INFO - Processing /home/airflow/.local/lib/python3.12/site-packages/airflow/example_dags/example_branch_operator.py took 0.088 seconds
[2025-06-27T17:02:37.170+0000] {processor.py:186} INFO - Started process (PID=849) to work on /home/airflow/.local/lib/python3.12/site-packages/airflow/example_dags/example_branch_operator.py
[2025-06-27T17:02:37.171+0000] {processor.py:914} INFO - Processing file /home/airflow/.local/lib/python3.12/site-packages/airflow/example_dags/example_branch_operator.py for tasks to queue
[2025-06-27T17:02:37.174+0000] {logging_mixin.py:190} INFO - [2025-06-27T17:02:37.174+0000] {dagbag.py:588} INFO - Filling up the DagBag from /home/airflow/.local/lib/python3.12/site-packages/airflow/example_dags/example_branch_operator.py
[2025-06-27T17:02:37.192+0000] {processor.py:925} INFO - DAG(s) 'example_branch_operator' retrieved from /home/airflow/.local/lib/python3.12/site-packages/airflow/example_dags/example_branch_operator.py
[2025-06-27T17:02:37.217+0000] {logging_mixin.py:190} INFO - [2025-06-27T17:02:37.217+0000] {dag.py:3239} INFO - Sync 1 DAGs
[2025-06-27T17:02:37.240+0000] {logging_mixin.py:190} INFO - [2025-06-27T17:02:37.239+0000] {dag.py:4180} INFO - Setting next_dagrun for example_branch_operator to 2025-06-27 00:00:00+00:00, run_after=2025-06-28 00:00:00+00:00
[2025-06-27T17:02:37.257+0000] {processor.py:208} INFO - Processing /home/airflow/.local/lib/python3.12/site-packages/airflow/example_dags/example_branch_operator.py took 0.093 seconds
[2025-06-27T17:03:08.119+0000] {processor.py:186} INFO - Started process (PID=918) to work on /home/airflow/.local/lib/python3.12/site-packages/airflow/example_dags/example_branch_operator.py
[2025-06-27T17:03:08.120+0000] {processor.py:914} INFO - Processing file /home/airflow/.local/lib/python3.12/site-packages/airflow/example_dags/example_branch_operator.py for tasks to queue
[2025-06-27T17:03:08.122+0000] {logging_mixin.py:190} INFO - [2025-06-27T17:03:08.121+0000] {dagbag.py:588} INFO - Filling up the DagBag from /home/airflow/.local/lib/python3.12/site-packages/airflow/example_dags/example_branch_operator.py
[2025-06-27T17:03:08.137+0000] {processor.py:925} INFO - DAG(s) 'example_branch_operator' retrieved from /home/airflow/.local/lib/python3.12/site-packages/airflow/example_dags/example_branch_operator.py
[2025-06-27T17:03:08.162+0000] {logging_mixin.py:190} INFO - [2025-06-27T17:03:08.161+0000] {dag.py:3239} INFO - Sync 1 DAGs
[2025-06-27T17:03:08.182+0000] {logging_mixin.py:190} INFO - [2025-06-27T17:03:08.182+0000] {dag.py:4180} INFO - Setting next_dagrun for example_branch_operator to 2025-06-27 00:00:00+00:00, run_after=2025-06-28 00:00:00+00:00
[2025-06-27T17:03:08.199+0000] {processor.py:208} INFO - Processing /home/airflow/.local/lib/python3.12/site-packages/airflow/example_dags/example_branch_operator.py took 0.086 seconds
[2025-06-27T17:03:39.011+0000] {processor.py:186} INFO - Started process (PID=982) to work on /home/airflow/.local/lib/python3.12/site-packages/airflow/example_dags/example_branch_operator.py
[2025-06-27T17:03:39.012+0000] {processor.py:914} INFO - Processing file /home/airflow/.local/lib/python3.12/site-packages/airflow/example_dags/example_branch_operator.py for tasks to queue
[2025-06-27T17:03:39.014+0000] {logging_mixin.py:190} INFO - [2025-06-27T17:03:39.014+0000] {dagbag.py:588} INFO - Filling up the DagBag from /home/airflow/.local/lib/python3.12/site-packages/airflow/example_dags/example_branch_operator.py
[2025-06-27T17:03:39.032+0000] {processor.py:925} INFO - DAG(s) 'example_branch_operator' retrieved from /home/airflow/.local/lib/python3.12/site-packages/airflow/example_dags/example_branch_operator.py
[2025-06-27T17:03:39.057+0000] {logging_mixin.py:190} INFO - [2025-06-27T17:03:39.057+0000] {dag.py:3239} INFO - Sync 1 DAGs
[2025-06-27T17:03:39.079+0000] {logging_mixin.py:190} INFO - [2025-06-27T17:03:39.079+0000] {dag.py:4180} INFO - Setting next_dagrun for example_branch_operator to 2025-06-27 00:00:00+00:00, run_after=2025-06-28 00:00:00+00:00
[2025-06-27T17:03:39.097+0000] {processor.py:208} INFO - Processing /home/airflow/.local/lib/python3.12/site-packages/airflow/example_dags/example_branch_operator.py took 0.092 seconds
[2025-06-27T17:04:09.829+0000] {processor.py:186} INFO - Started process (PID=1052) to work on /home/airflow/.local/lib/python3.12/site-packages/airflow/example_dags/example_branch_operator.py
[2025-06-27T17:04:09.829+0000] {processor.py:914} INFO - Processing file /home/airflow/.local/lib/python3.12/site-packages/airflow/example_dags/example_branch_operator.py for tasks to queue
[2025-06-27T17:04:09.831+0000] {logging_mixin.py:190} INFO - [2025-06-27T17:04:09.831+0000] {dagbag.py:588} INFO - Filling up the DagBag from /home/airflow/.local/lib/python3.12/site-packages/airflow/example_dags/example_branch_operator.py
[2025-06-27T17:04:09.847+0000] {processor.py:925} INFO - DAG(s) 'example_branch_operator' retrieved from /home/airflow/.local/lib/python3.12/site-packages/airflow/example_dags/example_branch_operator.py
[2025-06-27T17:04:09.870+0000] {logging_mixin.py:190} INFO - [2025-06-27T17:04:09.870+0000] {dag.py:3239} INFO - Sync 1 DAGs
[2025-06-27T17:04:09.891+0000] {logging_mixin.py:190} INFO - [2025-06-27T17:04:09.891+0000] {dag.py:4180} INFO - Setting next_dagrun for example_branch_operator to 2025-06-27 00:00:00+00:00, run_after=2025-06-28 00:00:00+00:00
[2025-06-27T17:04:09.908+0000] {processor.py:208} INFO - Processing /home/airflow/.local/lib/python3.12/site-packages/airflow/example_dags/example_branch_operator.py took 0.084 seconds
[2025-06-27T17:04:40.298+0000] {processor.py:186} INFO - Started process (PID=1116) to work on /home/airflow/.local/lib/python3.12/site-packages/airflow/example_dags/example_branch_operator.py
[2025-06-27T17:04:40.299+0000] {processor.py:914} INFO - Processing file /home/airflow/.local/lib/python3.12/site-packages/airflow/example_dags/example_branch_operator.py for tasks to queue
[2025-06-27T17:04:40.301+0000] {logging_mixin.py:190} INFO - [2025-06-27T17:04:40.301+0000] {dagbag.py:588} INFO - Filling up the DagBag from /home/airflow/.local/lib/python3.12/site-packages/airflow/example_dags/example_branch_operator.py
[2025-06-27T17:04:40.319+0000] {processor.py:925} INFO - DAG(s) 'example_branch_operator' retrieved from /home/airflow/.local/lib/python3.12/site-packages/airflow/example_dags/example_branch_operator.py
[2025-06-27T17:04:40.343+0000] {logging_mixin.py:190} INFO - [2025-06-27T17:04:40.343+0000] {dag.py:3239} INFO - Sync 1 DAGs
[2025-06-27T17:04:40.366+0000] {logging_mixin.py:190} INFO - [2025-06-27T17:04:40.366+0000] {dag.py:4180} INFO - Setting next_dagrun for example_branch_operator to 2025-06-27 00:00:00+00:00, run_after=2025-06-28 00:00:00+00:00
[2025-06-27T17:04:40.383+0000] {processor.py:208} INFO - Processing /home/airflow/.local/lib/python3.12/site-packages/airflow/example_dags/example_branch_operator.py took 0.091 seconds
[2025-06-27T17:05:11.659+0000] {processor.py:186} INFO - Started process (PID=1185) to work on /home/airflow/.local/lib/python3.12/site-packages/airflow/example_dags/example_branch_operator.py
[2025-06-27T17:05:11.660+0000] {processor.py:914} INFO - Processing file /home/airflow/.local/lib/python3.12/site-packages/airflow/example_dags/example_branch_operator.py for tasks to queue
[2025-06-27T17:05:11.663+0000] {logging_mixin.py:190} INFO - [2025-06-27T17:05:11.663+0000] {dagbag.py:588} INFO - Filling up the DagBag from /home/airflow/.local/lib/python3.12/site-packages/airflow/example_dags/example_branch_operator.py
[2025-06-27T17:05:11.681+0000] {processor.py:925} INFO - DAG(s) 'example_branch_operator' retrieved from /home/airflow/.local/lib/python3.12/site-packages/airflow/example_dags/example_branch_operator.py
[2025-06-27T17:05:11.712+0000] {logging_mixin.py:190} INFO - [2025-06-27T17:05:11.712+0000] {dag.py:3239} INFO - Sync 1 DAGs
[2025-06-27T17:05:11.735+0000] {logging_mixin.py:190} INFO - [2025-06-27T17:05:11.735+0000] {dag.py:4180} INFO - Setting next_dagrun for example_branch_operator to 2025-06-27 00:00:00+00:00, run_after=2025-06-28 00:00:00+00:00
[2025-06-27T17:05:11.756+0000] {processor.py:208} INFO - Processing /home/airflow/.local/lib/python3.12/site-packages/airflow/example_dags/example_branch_operator.py took 0.102 seconds
[2025-06-27T17:05:42.358+0000] {processor.py:186} INFO - Started process (PID=1249) to work on /home/airflow/.local/lib/python3.12/site-packages/airflow/example_dags/example_branch_operator.py
[2025-06-27T17:05:42.359+0000] {processor.py:914} INFO - Processing file /home/airflow/.local/lib/python3.12/site-packages/airflow/example_dags/example_branch_operator.py for tasks to queue
[2025-06-27T17:05:42.362+0000] {logging_mixin.py:190} INFO - [2025-06-27T17:05:42.361+0000] {dagbag.py:588} INFO - Filling up the DagBag from /home/airflow/.local/lib/python3.12/site-packages/airflow/example_dags/example_branch_operator.py
[2025-06-27T17:05:42.380+0000] {processor.py:925} INFO - DAG(s) 'example_branch_operator' retrieved from /home/airflow/.local/lib/python3.12/site-packages/airflow/example_dags/example_branch_operator.py
[2025-06-27T17:05:42.405+0000] {logging_mixin.py:190} INFO - [2025-06-27T17:05:42.405+0000] {dag.py:3239} INFO - Sync 1 DAGs
[2025-06-27T17:05:42.427+0000] {logging_mixin.py:190} INFO - [2025-06-27T17:05:42.427+0000] {dag.py:4180} INFO - Setting next_dagrun for example_branch_operator to 2025-06-27 00:00:00+00:00, run_after=2025-06-28 00:00:00+00:00
[2025-06-27T17:05:42.446+0000] {processor.py:208} INFO - Processing /home/airflow/.local/lib/python3.12/site-packages/airflow/example_dags/example_branch_operator.py took 0.094 seconds
[2025-06-27T17:06:13.083+0000] {processor.py:186} INFO - Started process (PID=1319) to work on /home/airflow/.local/lib/python3.12/site-packages/airflow/example_dags/example_branch_operator.py
[2025-06-27T17:06:13.083+0000] {processor.py:914} INFO - Processing file /home/airflow/.local/lib/python3.12/site-packages/airflow/example_dags/example_branch_operator.py for tasks to queue
[2025-06-27T17:06:13.086+0000] {logging_mixin.py:190} INFO - [2025-06-27T17:06:13.085+0000] {dagbag.py:588} INFO - Filling up the DagBag from /home/airflow/.local/lib/python3.12/site-packages/airflow/example_dags/example_branch_operator.py
[2025-06-27T17:06:13.102+0000] {processor.py:925} INFO - DAG(s) 'example_branch_operator' retrieved from /home/airflow/.local/lib/python3.12/site-packages/airflow/example_dags/example_branch_operator.py
[2025-06-27T17:06:13.127+0000] {logging_mixin.py:190} INFO - [2025-06-27T17:06:13.126+0000] {dag.py:3239} INFO - Sync 1 DAGs
[2025-06-27T17:06:13.147+0000] {logging_mixin.py:190} INFO - [2025-06-27T17:06:13.147+0000] {dag.py:4180} INFO - Setting next_dagrun for example_branch_operator to 2025-06-27 00:00:00+00:00, run_after=2025-06-28 00:00:00+00:00
[2025-06-27T17:06:13.163+0000] {processor.py:208} INFO - Processing /home/airflow/.local/lib/python3.12/site-packages/airflow/example_dags/example_branch_operator.py took 0.086 seconds
[2025-06-27T17:06:43.875+0000] {processor.py:186} INFO - Started process (PID=1383) to work on /home/airflow/.local/lib/python3.12/site-packages/airflow/example_dags/example_branch_operator.py
[2025-06-27T17:06:43.877+0000] {processor.py:914} INFO - Processing file /home/airflow/.local/lib/python3.12/site-packages/airflow/example_dags/example_branch_operator.py for tasks to queue
[2025-06-27T17:06:43.880+0000] {logging_mixin.py:190} INFO - [2025-06-27T17:06:43.880+0000] {dagbag.py:588} INFO - Filling up the DagBag from /home/airflow/.local/lib/python3.12/site-packages/airflow/example_dags/example_branch_operator.py
[2025-06-27T17:06:43.916+0000] {processor.py:925} INFO - DAG(s) 'example_branch_operator' retrieved from /home/airflow/.local/lib/python3.12/site-packages/airflow/example_dags/example_branch_operator.py
[2025-06-27T17:06:43.952+0000] {logging_mixin.py:190} INFO - [2025-06-27T17:06:43.952+0000] {dag.py:3239} INFO - Sync 1 DAGs
[2025-06-27T17:06:43.984+0000] {logging_mixin.py:190} INFO - [2025-06-27T17:06:43.984+0000] {dag.py:4180} INFO - Setting next_dagrun for example_branch_operator to 2025-06-27 00:00:00+00:00, run_after=2025-06-28 00:00:00+00:00
[2025-06-27T17:06:44.010+0000] {processor.py:208} INFO - Processing /home/airflow/.local/lib/python3.12/site-packages/airflow/example_dags/example_branch_operator.py took 0.145 seconds
[2025-06-27T17:07:14.528+0000] {processor.py:186} INFO - Started process (PID=1452) to work on /home/airflow/.local/lib/python3.12/site-packages/airflow/example_dags/example_branch_operator.py
[2025-06-27T17:07:14.529+0000] {processor.py:914} INFO - Processing file /home/airflow/.local/lib/python3.12/site-packages/airflow/example_dags/example_branch_operator.py for tasks to queue
[2025-06-27T17:07:14.532+0000] {logging_mixin.py:190} INFO - [2025-06-27T17:07:14.532+0000] {dagbag.py:588} INFO - Filling up the DagBag from /home/airflow/.local/lib/python3.12/site-packages/airflow/example_dags/example_branch_operator.py
[2025-06-27T17:07:14.548+0000] {processor.py:925} INFO - DAG(s) 'example_branch_operator' retrieved from /home/airflow/.local/lib/python3.12/site-packages/airflow/example_dags/example_branch_operator.py
[2025-06-27T17:07:14.571+0000] {logging_mixin.py:190} INFO - [2025-06-27T17:07:14.571+0000] {dag.py:3239} INFO - Sync 1 DAGs
[2025-06-27T17:07:14.591+0000] {logging_mixin.py:190} INFO - [2025-06-27T17:07:14.591+0000] {dag.py:4180} INFO - Setting next_dagrun for example_branch_operator to 2025-06-27 00:00:00+00:00, run_after=2025-06-28 00:00:00+00:00
[2025-06-27T17:07:14.612+0000] {processor.py:208} INFO - Processing /home/airflow/.local/lib/python3.12/site-packages/airflow/example_dags/example_branch_operator.py took 0.090 seconds
[2025-06-27T17:07:45.149+0000] {processor.py:186} INFO - Started process (PID=1516) to work on /home/airflow/.local/lib/python3.12/site-packages/airflow/example_dags/example_branch_operator.py
[2025-06-27T17:07:45.150+0000] {processor.py:914} INFO - Processing file /home/airflow/.local/lib/python3.12/site-packages/airflow/example_dags/example_branch_operator.py for tasks to queue
[2025-06-27T17:07:45.152+0000] {logging_mixin.py:190} INFO - [2025-06-27T17:07:45.152+0000] {dagbag.py:588} INFO - Filling up the DagBag from /home/airflow/.local/lib/python3.12/site-packages/airflow/example_dags/example_branch_operator.py
[2025-06-27T17:07:45.169+0000] {processor.py:925} INFO - DAG(s) 'example_branch_operator' retrieved from /home/airflow/.local/lib/python3.12/site-packages/airflow/example_dags/example_branch_operator.py
[2025-06-27T17:07:45.195+0000] {logging_mixin.py:190} INFO - [2025-06-27T17:07:45.194+0000] {dag.py:3239} INFO - Sync 1 DAGs
[2025-06-27T17:07:45.225+0000] {logging_mixin.py:190} INFO - [2025-06-27T17:07:45.224+0000] {dag.py:4180} INFO - Setting next_dagrun for example_branch_operator to 2025-06-27 00:00:00+00:00, run_after=2025-06-28 00:00:00+00:00
[2025-06-27T17:07:45.247+0000] {processor.py:208} INFO - Processing /home/airflow/.local/lib/python3.12/site-packages/airflow/example_dags/example_branch_operator.py took 0.103 seconds
[2025-06-27T17:08:15.962+0000] {processor.py:186} INFO - Started process (PID=1586) to work on /home/airflow/.local/lib/python3.12/site-packages/airflow/example_dags/example_branch_operator.py
[2025-06-27T17:08:15.963+0000] {processor.py:914} INFO - Processing file /home/airflow/.local/lib/python3.12/site-packages/airflow/example_dags/example_branch_operator.py for tasks to queue
[2025-06-27T17:08:15.965+0000] {logging_mixin.py:190} INFO - [2025-06-27T17:08:15.964+0000] {dagbag.py:588} INFO - Filling up the DagBag from /home/airflow/.local/lib/python3.12/site-packages/airflow/example_dags/example_branch_operator.py
[2025-06-27T17:08:15.981+0000] {processor.py:925} INFO - DAG(s) 'example_branch_operator' retrieved from /home/airflow/.local/lib/python3.12/site-packages/airflow/example_dags/example_branch_operator.py
[2025-06-27T17:08:16.005+0000] {logging_mixin.py:190} INFO - [2025-06-27T17:08:16.005+0000] {dag.py:3239} INFO - Sync 1 DAGs
[2025-06-27T17:08:16.029+0000] {logging_mixin.py:190} INFO - [2025-06-27T17:08:16.029+0000] {dag.py:4180} INFO - Setting next_dagrun for example_branch_operator to 2025-06-27 00:00:00+00:00, run_after=2025-06-28 00:00:00+00:00
[2025-06-27T17:08:16.046+0000] {processor.py:208} INFO - Processing /home/airflow/.local/lib/python3.12/site-packages/airflow/example_dags/example_branch_operator.py took 0.090 seconds
[2025-06-27T17:08:47.321+0000] {processor.py:186} INFO - Started process (PID=1650) to work on /home/airflow/.local/lib/python3.12/site-packages/airflow/example_dags/example_branch_operator.py
[2025-06-27T17:08:47.322+0000] {processor.py:914} INFO - Processing file /home/airflow/.local/lib/python3.12/site-packages/airflow/example_dags/example_branch_operator.py for tasks to queue
[2025-06-27T17:08:47.325+0000] {logging_mixin.py:190} INFO - [2025-06-27T17:08:47.325+0000] {dagbag.py:588} INFO - Filling up the DagBag from /home/airflow/.local/lib/python3.12/site-packages/airflow/example_dags/example_branch_operator.py
[2025-06-27T17:08:47.345+0000] {processor.py:925} INFO - DAG(s) 'example_branch_operator' retrieved from /home/airflow/.local/lib/python3.12/site-packages/airflow/example_dags/example_branch_operator.py
[2025-06-27T17:08:47.367+0000] {logging_mixin.py:190} INFO - [2025-06-27T17:08:47.367+0000] {dag.py:3239} INFO - Sync 1 DAGs
[2025-06-27T17:08:47.388+0000] {logging_mixin.py:190} INFO - [2025-06-27T17:08:47.388+0000] {dag.py:4180} INFO - Setting next_dagrun for example_branch_operator to 2025-06-27 00:00:00+00:00, run_after=2025-06-28 00:00:00+00:00
[2025-06-27T17:08:47.407+0000] {processor.py:208} INFO - Processing /home/airflow/.local/lib/python3.12/site-packages/airflow/example_dags/example_branch_operator.py took 0.092 seconds
[2025-06-27T17:09:18.767+0000] {processor.py:186} INFO - Started process (PID=1719) to work on /home/airflow/.local/lib/python3.12/site-packages/airflow/example_dags/example_branch_operator.py
[2025-06-27T17:09:18.769+0000] {processor.py:914} INFO - Processing file /home/airflow/.local/lib/python3.12/site-packages/airflow/example_dags/example_branch_operator.py for tasks to queue
[2025-06-27T17:09:18.774+0000] {logging_mixin.py:190} INFO - [2025-06-27T17:09:18.773+0000] {dagbag.py:588} INFO - Filling up the DagBag from /home/airflow/.local/lib/python3.12/site-packages/airflow/example_dags/example_branch_operator.py
[2025-06-27T17:09:18.790+0000] {processor.py:925} INFO - DAG(s) 'example_branch_operator' retrieved from /home/airflow/.local/lib/python3.12/site-packages/airflow/example_dags/example_branch_operator.py
[2025-06-27T17:09:18.813+0000] {logging_mixin.py:190} INFO - [2025-06-27T17:09:18.812+0000] {dag.py:3239} INFO - Sync 1 DAGs
[2025-06-27T17:09:18.834+0000] {logging_mixin.py:190} INFO - [2025-06-27T17:09:18.834+0000] {dag.py:4180} INFO - Setting next_dagrun for example_branch_operator to 2025-06-27 00:00:00+00:00, run_after=2025-06-28 00:00:00+00:00
[2025-06-27T17:09:18.852+0000] {processor.py:208} INFO - Processing /home/airflow/.local/lib/python3.12/site-packages/airflow/example_dags/example_branch_operator.py took 0.090 seconds
[2025-06-27T17:09:50.055+0000] {processor.py:186} INFO - Started process (PID=1783) to work on /home/airflow/.local/lib/python3.12/site-packages/airflow/example_dags/example_branch_operator.py
[2025-06-27T17:09:50.056+0000] {processor.py:914} INFO - Processing file /home/airflow/.local/lib/python3.12/site-packages/airflow/example_dags/example_branch_operator.py for tasks to queue
[2025-06-27T17:09:50.059+0000] {logging_mixin.py:190} INFO - [2025-06-27T17:09:50.058+0000] {dagbag.py:588} INFO - Filling up the DagBag from /home/airflow/.local/lib/python3.12/site-packages/airflow/example_dags/example_branch_operator.py
[2025-06-27T17:09:50.076+0000] {processor.py:925} INFO - DAG(s) 'example_branch_operator' retrieved from /home/airflow/.local/lib/python3.12/site-packages/airflow/example_dags/example_branch_operator.py
[2025-06-27T17:09:50.102+0000] {logging_mixin.py:190} INFO - [2025-06-27T17:09:50.102+0000] {dag.py:3239} INFO - Sync 1 DAGs
[2025-06-27T17:09:50.126+0000] {logging_mixin.py:190} INFO - [2025-06-27T17:09:50.126+0000] {dag.py:4180} INFO - Setting next_dagrun for example_branch_operator to 2025-06-27 00:00:00+00:00, run_after=2025-06-28 00:00:00+00:00
[2025-06-27T17:09:50.145+0000] {processor.py:208} INFO - Processing /home/airflow/.local/lib/python3.12/site-packages/airflow/example_dags/example_branch_operator.py took 0.096 seconds
[2025-06-27T17:10:20.892+0000] {processor.py:186} INFO - Started process (PID=1853) to work on /home/airflow/.local/lib/python3.12/site-packages/airflow/example_dags/example_branch_operator.py
[2025-06-27T17:10:20.893+0000] {processor.py:914} INFO - Processing file /home/airflow/.local/lib/python3.12/site-packages/airflow/example_dags/example_branch_operator.py for tasks to queue
[2025-06-27T17:10:20.895+0000] {logging_mixin.py:190} INFO - [2025-06-27T17:10:20.895+0000] {dagbag.py:588} INFO - Filling up the DagBag from /home/airflow/.local/lib/python3.12/site-packages/airflow/example_dags/example_branch_operator.py
[2025-06-27T17:10:20.911+0000] {processor.py:925} INFO - DAG(s) 'example_branch_operator' retrieved from /home/airflow/.local/lib/python3.12/site-packages/airflow/example_dags/example_branch_operator.py
[2025-06-27T17:10:20.935+0000] {logging_mixin.py:190} INFO - [2025-06-27T17:10:20.934+0000] {dag.py:3239} INFO - Sync 1 DAGs
[2025-06-27T17:10:20.955+0000] {logging_mixin.py:190} INFO - [2025-06-27T17:10:20.955+0000] {dag.py:4180} INFO - Setting next_dagrun for example_branch_operator to 2025-06-27 00:00:00+00:00, run_after=2025-06-28 00:00:00+00:00
[2025-06-27T17:10:20.973+0000] {processor.py:208} INFO - Processing /home/airflow/.local/lib/python3.12/site-packages/airflow/example_dags/example_branch_operator.py took 0.088 seconds
[2025-06-27T17:10:51.862+0000] {processor.py:186} INFO - Started process (PID=1917) to work on /home/airflow/.local/lib/python3.12/site-packages/airflow/example_dags/example_branch_operator.py
[2025-06-27T17:10:51.863+0000] {processor.py:914} INFO - Processing file /home/airflow/.local/lib/python3.12/site-packages/airflow/example_dags/example_branch_operator.py for tasks to queue
[2025-06-27T17:10:51.865+0000] {logging_mixin.py:190} INFO - [2025-06-27T17:10:51.864+0000] {dagbag.py:588} INFO - Filling up the DagBag from /home/airflow/.local/lib/python3.12/site-packages/airflow/example_dags/example_branch_operator.py
[2025-06-27T17:10:51.881+0000] {processor.py:925} INFO - DAG(s) 'example_branch_operator' retrieved from /home/airflow/.local/lib/python3.12/site-packages/airflow/example_dags/example_branch_operator.py
[2025-06-27T17:10:51.905+0000] {logging_mixin.py:190} INFO - [2025-06-27T17:10:51.905+0000] {dag.py:3239} INFO - Sync 1 DAGs
[2025-06-27T17:10:51.926+0000] {logging_mixin.py:190} INFO - [2025-06-27T17:10:51.925+0000] {dag.py:4180} INFO - Setting next_dagrun for example_branch_operator to 2025-06-27 00:00:00+00:00, run_after=2025-06-28 00:00:00+00:00
[2025-06-27T17:10:51.942+0000] {processor.py:208} INFO - Processing /home/airflow/.local/lib/python3.12/site-packages/airflow/example_dags/example_branch_operator.py took 0.086 seconds
[2025-06-27T17:11:22.612+0000] {processor.py:186} INFO - Started process (PID=1986) to work on /home/airflow/.local/lib/python3.12/site-packages/airflow/example_dags/example_branch_operator.py
[2025-06-27T17:11:22.613+0000] {processor.py:914} INFO - Processing file /home/airflow/.local/lib/python3.12/site-packages/airflow/example_dags/example_branch_operator.py for tasks to queue
[2025-06-27T17:11:22.615+0000] {logging_mixin.py:190} INFO - [2025-06-27T17:11:22.615+0000] {dagbag.py:588} INFO - Filling up the DagBag from /home/airflow/.local/lib/python3.12/site-packages/airflow/example_dags/example_branch_operator.py
[2025-06-27T17:11:22.631+0000] {processor.py:925} INFO - DAG(s) 'example_branch_operator' retrieved from /home/airflow/.local/lib/python3.12/site-packages/airflow/example_dags/example_branch_operator.py
[2025-06-27T17:11:22.657+0000] {logging_mixin.py:190} INFO - [2025-06-27T17:11:22.657+0000] {dag.py:3239} INFO - Sync 1 DAGs
[2025-06-27T17:11:22.681+0000] {logging_mixin.py:190} INFO - [2025-06-27T17:11:22.681+0000] {dag.py:4180} INFO - Setting next_dagrun for example_branch_operator to 2025-06-27 00:00:00+00:00, run_after=2025-06-28 00:00:00+00:00
[2025-06-27T17:11:22.698+0000] {processor.py:208} INFO - Processing /home/airflow/.local/lib/python3.12/site-packages/airflow/example_dags/example_branch_operator.py took 0.091 seconds
[2025-06-27T17:11:53.701+0000] {processor.py:186} INFO - Started process (PID=2050) to work on /home/airflow/.local/lib/python3.12/site-packages/airflow/example_dags/example_branch_operator.py
[2025-06-27T17:11:53.702+0000] {processor.py:914} INFO - Processing file /home/airflow/.local/lib/python3.12/site-packages/airflow/example_dags/example_branch_operator.py for tasks to queue
[2025-06-27T17:11:53.704+0000] {logging_mixin.py:190} INFO - [2025-06-27T17:11:53.704+0000] {dagbag.py:588} INFO - Filling up the DagBag from /home/airflow/.local/lib/python3.12/site-packages/airflow/example_dags/example_branch_operator.py
[2025-06-27T17:11:53.720+0000] {processor.py:925} INFO - DAG(s) 'example_branch_operator' retrieved from /home/airflow/.local/lib/python3.12/site-packages/airflow/example_dags/example_branch_operator.py
[2025-06-27T17:11:53.746+0000] {logging_mixin.py:190} INFO - [2025-06-27T17:11:53.746+0000] {dag.py:3239} INFO - Sync 1 DAGs
[2025-06-27T17:11:53.768+0000] {logging_mixin.py:190} INFO - [2025-06-27T17:11:53.768+0000] {dag.py:4180} INFO - Setting next_dagrun for example_branch_operator to 2025-06-27 00:00:00+00:00, run_after=2025-06-28 00:00:00+00:00
[2025-06-27T17:11:53.787+0000] {processor.py:208} INFO - Processing /home/airflow/.local/lib/python3.12/site-packages/airflow/example_dags/example_branch_operator.py took 0.092 seconds
[2025-06-27T17:12:24.320+0000] {processor.py:186} INFO - Started process (PID=2119) to work on /home/airflow/.local/lib/python3.12/site-packages/airflow/example_dags/example_branch_operator.py
[2025-06-27T17:12:24.321+0000] {processor.py:914} INFO - Processing file /home/airflow/.local/lib/python3.12/site-packages/airflow/example_dags/example_branch_operator.py for tasks to queue
[2025-06-27T17:12:24.323+0000] {logging_mixin.py:190} INFO - [2025-06-27T17:12:24.323+0000] {dagbag.py:588} INFO - Filling up the DagBag from /home/airflow/.local/lib/python3.12/site-packages/airflow/example_dags/example_branch_operator.py
[2025-06-27T17:12:24.339+0000] {processor.py:925} INFO - DAG(s) 'example_branch_operator' retrieved from /home/airflow/.local/lib/python3.12/site-packages/airflow/example_dags/example_branch_operator.py
[2025-06-27T17:12:24.362+0000] {logging_mixin.py:190} INFO - [2025-06-27T17:12:24.362+0000] {dag.py:3239} INFO - Sync 1 DAGs
[2025-06-27T17:12:24.383+0000] {logging_mixin.py:190} INFO - [2025-06-27T17:12:24.383+0000] {dag.py:4180} INFO - Setting next_dagrun for example_branch_operator to 2025-06-27 00:00:00+00:00, run_after=2025-06-28 00:00:00+00:00
[2025-06-27T17:12:24.401+0000] {processor.py:208} INFO - Processing /home/airflow/.local/lib/python3.12/site-packages/airflow/example_dags/example_branch_operator.py took 0.087 seconds
[2025-06-27T17:12:55.028+0000] {processor.py:186} INFO - Started process (PID=2183) to work on /home/airflow/.local/lib/python3.12/site-packages/airflow/example_dags/example_branch_operator.py
[2025-06-27T17:12:55.029+0000] {processor.py:914} INFO - Processing file /home/airflow/.local/lib/python3.12/site-packages/airflow/example_dags/example_branch_operator.py for tasks to queue
[2025-06-27T17:12:55.031+0000] {logging_mixin.py:190} INFO - [2025-06-27T17:12:55.031+0000] {dagbag.py:588} INFO - Filling up the DagBag from /home/airflow/.local/lib/python3.12/site-packages/airflow/example_dags/example_branch_operator.py
[2025-06-27T17:12:55.050+0000] {processor.py:925} INFO - DAG(s) 'example_branch_operator' retrieved from /home/airflow/.local/lib/python3.12/site-packages/airflow/example_dags/example_branch_operator.py
[2025-06-27T17:12:55.073+0000] {logging_mixin.py:190} INFO - [2025-06-27T17:12:55.073+0000] {dag.py:3239} INFO - Sync 1 DAGs
[2025-06-27T17:12:55.096+0000] {logging_mixin.py:190} INFO - [2025-06-27T17:12:55.096+0000] {dag.py:4180} INFO - Setting next_dagrun for example_branch_operator to 2025-06-27 00:00:00+00:00, run_after=2025-06-28 00:00:00+00:00
[2025-06-27T17:12:55.114+0000] {processor.py:208} INFO - Processing /home/airflow/.local/lib/python3.12/site-packages/airflow/example_dags/example_branch_operator.py took 0.091 seconds
