[2025-06-27T16:57:55.185+0000] {processor.py:186} INFO - Started process (PID=109) to work on /home/airflow/.local/lib/python3.12/site-packages/airflow/example_dags/example_trigger_controller_dag.py
[2025-06-27T16:57:55.185+0000] {processor.py:914} INFO - Processing file /home/airflow/.local/lib/python3.12/site-packages/airflow/example_dags/example_trigger_controller_dag.py for tasks to queue
[2025-06-27T16:57:55.188+0000] {logging_mixin.py:190} INFO - [2025-06-27T16:57:55.187+0000] {dagbag.py:588} INFO - Filling up the DagBag from /home/airflow/.local/lib/python3.12/site-packages/airflow/example_dags/example_trigger_controller_dag.py
[2025-06-27T16:57:55.194+0000] {processor.py:925} INFO - DAG(s) 'example_trigger_controller_dag' retrieved from /home/airflow/.local/lib/python3.12/site-packages/airflow/example_dags/example_trigger_controller_dag.py
[2025-06-27T16:57:55.211+0000] {logging_mixin.py:190} INFO - [2025-06-27T16:57:55.210+0000] {dag.py:3239} INFO - Sync 1 DAGs
[2025-06-27T16:57:55.234+0000] {logging_mixin.py:190} INFO - [2025-06-27T16:57:55.233+0000] {dag.py:4180} INFO - Setting next_dagrun for example_trigger_controller_dag to None, run_after=None
[2025-06-27T16:57:55.255+0000] {processor.py:208} INFO - Processing /home/airflow/.local/lib/python3.12/site-packages/airflow/example_dags/example_trigger_controller_dag.py took 0.076 seconds
[2025-06-27T16:58:25.670+0000] {processor.py:186} INFO - Started process (PID=270) to work on /home/airflow/.local/lib/python3.12/site-packages/airflow/example_dags/example_trigger_controller_dag.py
[2025-06-27T16:58:25.671+0000] {processor.py:914} INFO - Processing file /home/airflow/.local/lib/python3.12/site-packages/airflow/example_dags/example_trigger_controller_dag.py for tasks to queue
[2025-06-27T16:58:25.674+0000] {logging_mixin.py:190} INFO - [2025-06-27T16:58:25.674+0000] {dagbag.py:588} INFO - Filling up the DagBag from /home/airflow/.local/lib/python3.12/site-packages/airflow/example_dags/example_trigger_controller_dag.py
[2025-06-27T16:58:25.683+0000] {processor.py:925} INFO - DAG(s) 'example_trigger_controller_dag' retrieved from /home/airflow/.local/lib/python3.12/site-packages/airflow/example_dags/example_trigger_controller_dag.py
[2025-06-27T16:58:25.702+0000] {logging_mixin.py:190} INFO - [2025-06-27T16:58:25.702+0000] {dag.py:3239} INFO - Sync 1 DAGs
[2025-06-27T16:58:25.729+0000] {logging_mixin.py:190} INFO - [2025-06-27T16:58:25.729+0000] {dag.py:4180} INFO - Setting next_dagrun for example_trigger_controller_dag to None, run_after=None
[2025-06-27T16:58:25.752+0000] {processor.py:208} INFO - Processing /home/airflow/.local/lib/python3.12/site-packages/airflow/example_dags/example_trigger_controller_dag.py took 0.089 seconds
[2025-06-27T16:58:56.148+0000] {processor.py:186} INFO - Started process (PID=349) to work on /home/airflow/.local/lib/python3.12/site-packages/airflow/example_dags/example_trigger_controller_dag.py
[2025-06-27T16:58:56.149+0000] {processor.py:914} INFO - Processing file /home/airflow/.local/lib/python3.12/site-packages/airflow/example_dags/example_trigger_controller_dag.py for tasks to queue
[2025-06-27T16:58:56.152+0000] {logging_mixin.py:190} INFO - [2025-06-27T16:58:56.151+0000] {dagbag.py:588} INFO - Filling up the DagBag from /home/airflow/.local/lib/python3.12/site-packages/airflow/example_dags/example_trigger_controller_dag.py
[2025-06-27T16:58:56.159+0000] {processor.py:925} INFO - DAG(s) 'example_trigger_controller_dag' retrieved from /home/airflow/.local/lib/python3.12/site-packages/airflow/example_dags/example_trigger_controller_dag.py
[2025-06-27T16:58:56.174+0000] {logging_mixin.py:190} INFO - [2025-06-27T16:58:56.174+0000] {dag.py:3239} INFO - Sync 1 DAGs
[2025-06-27T16:58:56.193+0000] {logging_mixin.py:190} INFO - [2025-06-27T16:58:56.193+0000] {dag.py:4180} INFO - Setting next_dagrun for example_trigger_controller_dag to None, run_after=None
[2025-06-27T16:58:56.211+0000] {processor.py:208} INFO - Processing /home/airflow/.local/lib/python3.12/site-packages/airflow/example_dags/example_trigger_controller_dag.py took 0.067 seconds
[2025-06-27T16:59:26.714+0000] {processor.py:186} INFO - Started process (PID=418) to work on /home/airflow/.local/lib/python3.12/site-packages/airflow/example_dags/example_trigger_controller_dag.py
[2025-06-27T16:59:26.715+0000] {processor.py:914} INFO - Processing file /home/airflow/.local/lib/python3.12/site-packages/airflow/example_dags/example_trigger_controller_dag.py for tasks to queue
[2025-06-27T16:59:26.717+0000] {logging_mixin.py:190} INFO - [2025-06-27T16:59:26.716+0000] {dagbag.py:588} INFO - Filling up the DagBag from /home/airflow/.local/lib/python3.12/site-packages/airflow/example_dags/example_trigger_controller_dag.py
[2025-06-27T16:59:26.723+0000] {processor.py:925} INFO - DAG(s) 'example_trigger_controller_dag' retrieved from /home/airflow/.local/lib/python3.12/site-packages/airflow/example_dags/example_trigger_controller_dag.py
[2025-06-27T16:59:26.740+0000] {logging_mixin.py:190} INFO - [2025-06-27T16:59:26.739+0000] {dag.py:3239} INFO - Sync 1 DAGs
[2025-06-27T16:59:26.760+0000] {logging_mixin.py:190} INFO - [2025-06-27T16:59:26.760+0000] {dag.py:4180} INFO - Setting next_dagrun for example_trigger_controller_dag to None, run_after=None
[2025-06-27T16:59:26.777+0000] {processor.py:208} INFO - Processing /home/airflow/.local/lib/python3.12/site-packages/airflow/example_dags/example_trigger_controller_dag.py took 0.068 seconds
[2025-06-27T16:59:57.024+0000] {processor.py:186} INFO - Started process (PID=481) to work on /home/airflow/.local/lib/python3.12/site-packages/airflow/example_dags/example_trigger_controller_dag.py
[2025-06-27T16:59:57.025+0000] {processor.py:914} INFO - Processing file /home/airflow/.local/lib/python3.12/site-packages/airflow/example_dags/example_trigger_controller_dag.py for tasks to queue
[2025-06-27T16:59:57.027+0000] {logging_mixin.py:190} INFO - [2025-06-27T16:59:57.026+0000] {dagbag.py:588} INFO - Filling up the DagBag from /home/airflow/.local/lib/python3.12/site-packages/airflow/example_dags/example_trigger_controller_dag.py
[2025-06-27T16:59:57.033+0000] {processor.py:925} INFO - DAG(s) 'example_trigger_controller_dag' retrieved from /home/airflow/.local/lib/python3.12/site-packages/airflow/example_dags/example_trigger_controller_dag.py
[2025-06-27T16:59:57.050+0000] {logging_mixin.py:190} INFO - [2025-06-27T16:59:57.050+0000] {dag.py:3239} INFO - Sync 1 DAGs
[2025-06-27T16:59:57.069+0000] {logging_mixin.py:190} INFO - [2025-06-27T16:59:57.069+0000] {dag.py:4180} INFO - Setting next_dagrun for example_trigger_controller_dag to None, run_after=None
[2025-06-27T16:59:57.086+0000] {processor.py:208} INFO - Processing /home/airflow/.local/lib/python3.12/site-packages/airflow/example_dags/example_trigger_controller_dag.py took 0.068 seconds
[2025-06-27T17:00:27.474+0000] {processor.py:186} INFO - Started process (PID=551) to work on /home/airflow/.local/lib/python3.12/site-packages/airflow/example_dags/example_trigger_controller_dag.py
[2025-06-27T17:00:27.475+0000] {processor.py:914} INFO - Processing file /home/airflow/.local/lib/python3.12/site-packages/airflow/example_dags/example_trigger_controller_dag.py for tasks to queue
[2025-06-27T17:00:27.477+0000] {logging_mixin.py:190} INFO - [2025-06-27T17:00:27.477+0000] {dagbag.py:588} INFO - Filling up the DagBag from /home/airflow/.local/lib/python3.12/site-packages/airflow/example_dags/example_trigger_controller_dag.py
[2025-06-27T17:00:27.484+0000] {processor.py:925} INFO - DAG(s) 'example_trigger_controller_dag' retrieved from /home/airflow/.local/lib/python3.12/site-packages/airflow/example_dags/example_trigger_controller_dag.py
[2025-06-27T17:00:27.504+0000] {logging_mixin.py:190} INFO - [2025-06-27T17:00:27.504+0000] {dag.py:3239} INFO - Sync 1 DAGs
[2025-06-27T17:00:27.528+0000] {logging_mixin.py:190} INFO - [2025-06-27T17:00:27.528+0000] {dag.py:4180} INFO - Setting next_dagrun for example_trigger_controller_dag to None, run_after=None
[2025-06-27T17:00:27.551+0000] {processor.py:208} INFO - Processing /home/airflow/.local/lib/python3.12/site-packages/airflow/example_dags/example_trigger_controller_dag.py took 0.083 seconds
[2025-06-27T17:00:58.554+0000] {processor.py:186} INFO - Started process (PID=615) to work on /home/airflow/.local/lib/python3.12/site-packages/airflow/example_dags/example_trigger_controller_dag.py
[2025-06-27T17:00:58.555+0000] {processor.py:914} INFO - Processing file /home/airflow/.local/lib/python3.12/site-packages/airflow/example_dags/example_trigger_controller_dag.py for tasks to queue
[2025-06-27T17:00:58.559+0000] {logging_mixin.py:190} INFO - [2025-06-27T17:00:58.559+0000] {dagbag.py:588} INFO - Filling up the DagBag from /home/airflow/.local/lib/python3.12/site-packages/airflow/example_dags/example_trigger_controller_dag.py
[2025-06-27T17:00:58.568+0000] {processor.py:925} INFO - DAG(s) 'example_trigger_controller_dag' retrieved from /home/airflow/.local/lib/python3.12/site-packages/airflow/example_dags/example_trigger_controller_dag.py
[2025-06-27T17:00:58.590+0000] {logging_mixin.py:190} INFO - [2025-06-27T17:00:58.590+0000] {dag.py:3239} INFO - Sync 1 DAGs
[2025-06-27T17:00:58.621+0000] {logging_mixin.py:190} INFO - [2025-06-27T17:00:58.621+0000] {dag.py:4180} INFO - Setting next_dagrun for example_trigger_controller_dag to None, run_after=None
[2025-06-27T17:00:58.650+0000] {processor.py:208} INFO - Processing /home/airflow/.local/lib/python3.12/site-packages/airflow/example_dags/example_trigger_controller_dag.py took 0.103 seconds
[2025-06-27T17:01:29.573+0000] {processor.py:186} INFO - Started process (PID=684) to work on /home/airflow/.local/lib/python3.12/site-packages/airflow/example_dags/example_trigger_controller_dag.py
[2025-06-27T17:01:29.574+0000] {processor.py:914} INFO - Processing file /home/airflow/.local/lib/python3.12/site-packages/airflow/example_dags/example_trigger_controller_dag.py for tasks to queue
[2025-06-27T17:01:29.576+0000] {logging_mixin.py:190} INFO - [2025-06-27T17:01:29.576+0000] {dagbag.py:588} INFO - Filling up the DagBag from /home/airflow/.local/lib/python3.12/site-packages/airflow/example_dags/example_trigger_controller_dag.py
[2025-06-27T17:01:29.582+0000] {processor.py:925} INFO - DAG(s) 'example_trigger_controller_dag' retrieved from /home/airflow/.local/lib/python3.12/site-packages/airflow/example_dags/example_trigger_controller_dag.py
[2025-06-27T17:01:29.600+0000] {logging_mixin.py:190} INFO - [2025-06-27T17:01:29.600+0000] {dag.py:3239} INFO - Sync 1 DAGs
[2025-06-27T17:01:29.622+0000] {logging_mixin.py:190} INFO - [2025-06-27T17:01:29.622+0000] {dag.py:4180} INFO - Setting next_dagrun for example_trigger_controller_dag to None, run_after=None
[2025-06-27T17:01:29.640+0000] {processor.py:208} INFO - Processing /home/airflow/.local/lib/python3.12/site-packages/airflow/example_dags/example_trigger_controller_dag.py took 0.073 seconds
[2025-06-27T17:02:00.303+0000] {processor.py:186} INFO - Started process (PID=754) to work on /home/airflow/.local/lib/python3.12/site-packages/airflow/example_dags/example_trigger_controller_dag.py
[2025-06-27T17:02:00.304+0000] {processor.py:914} INFO - Processing file /home/airflow/.local/lib/python3.12/site-packages/airflow/example_dags/example_trigger_controller_dag.py for tasks to queue
[2025-06-27T17:02:00.307+0000] {logging_mixin.py:190} INFO - [2025-06-27T17:02:00.306+0000] {dagbag.py:588} INFO - Filling up the DagBag from /home/airflow/.local/lib/python3.12/site-packages/airflow/example_dags/example_trigger_controller_dag.py
[2025-06-27T17:02:00.314+0000] {processor.py:925} INFO - DAG(s) 'example_trigger_controller_dag' retrieved from /home/airflow/.local/lib/python3.12/site-packages/airflow/example_dags/example_trigger_controller_dag.py
[2025-06-27T17:02:00.333+0000] {logging_mixin.py:190} INFO - [2025-06-27T17:02:00.333+0000] {dag.py:3239} INFO - Sync 1 DAGs
[2025-06-27T17:02:00.363+0000] {logging_mixin.py:190} INFO - [2025-06-27T17:02:00.363+0000] {dag.py:4180} INFO - Setting next_dagrun for example_trigger_controller_dag to None, run_after=None
[2025-06-27T17:02:00.387+0000] {processor.py:208} INFO - Processing /home/airflow/.local/lib/python3.12/site-packages/airflow/example_dags/example_trigger_controller_dag.py took 0.090 seconds
[2025-06-27T17:02:30.575+0000] {processor.py:186} INFO - Started process (PID=818) to work on /home/airflow/.local/lib/python3.12/site-packages/airflow/example_dags/example_trigger_controller_dag.py
[2025-06-27T17:02:30.576+0000] {processor.py:914} INFO - Processing file /home/airflow/.local/lib/python3.12/site-packages/airflow/example_dags/example_trigger_controller_dag.py for tasks to queue
[2025-06-27T17:02:30.579+0000] {logging_mixin.py:190} INFO - [2025-06-27T17:02:30.578+0000] {dagbag.py:588} INFO - Filling up the DagBag from /home/airflow/.local/lib/python3.12/site-packages/airflow/example_dags/example_trigger_controller_dag.py
[2025-06-27T17:02:30.585+0000] {processor.py:925} INFO - DAG(s) 'example_trigger_controller_dag' retrieved from /home/airflow/.local/lib/python3.12/site-packages/airflow/example_dags/example_trigger_controller_dag.py
[2025-06-27T17:02:30.601+0000] {logging_mixin.py:190} INFO - [2025-06-27T17:02:30.601+0000] {dag.py:3239} INFO - Sync 1 DAGs
[2025-06-27T17:02:30.621+0000] {logging_mixin.py:190} INFO - [2025-06-27T17:02:30.621+0000] {dag.py:4180} INFO - Setting next_dagrun for example_trigger_controller_dag to None, run_after=None
[2025-06-27T17:02:30.640+0000] {processor.py:208} INFO - Processing /home/airflow/.local/lib/python3.12/site-packages/airflow/example_dags/example_trigger_controller_dag.py took 0.070 seconds
[2025-06-27T17:03:01.542+0000] {processor.py:186} INFO - Started process (PID=887) to work on /home/airflow/.local/lib/python3.12/site-packages/airflow/example_dags/example_trigger_controller_dag.py
[2025-06-27T17:03:01.543+0000] {processor.py:914} INFO - Processing file /home/airflow/.local/lib/python3.12/site-packages/airflow/example_dags/example_trigger_controller_dag.py for tasks to queue
[2025-06-27T17:03:01.545+0000] {logging_mixin.py:190} INFO - [2025-06-27T17:03:01.544+0000] {dagbag.py:588} INFO - Filling up the DagBag from /home/airflow/.local/lib/python3.12/site-packages/airflow/example_dags/example_trigger_controller_dag.py
[2025-06-27T17:03:01.554+0000] {processor.py:925} INFO - DAG(s) 'example_trigger_controller_dag' retrieved from /home/airflow/.local/lib/python3.12/site-packages/airflow/example_dags/example_trigger_controller_dag.py
[2025-06-27T17:03:01.576+0000] {logging_mixin.py:190} INFO - [2025-06-27T17:03:01.576+0000] {dag.py:3239} INFO - Sync 1 DAGs
[2025-06-27T17:03:01.602+0000] {logging_mixin.py:190} INFO - [2025-06-27T17:03:01.601+0000] {dag.py:4180} INFO - Setting next_dagrun for example_trigger_controller_dag to None, run_after=None
[2025-06-27T17:03:01.627+0000] {processor.py:208} INFO - Processing /home/airflow/.local/lib/python3.12/site-packages/airflow/example_dags/example_trigger_controller_dag.py took 0.091 seconds
[2025-06-27T17:03:32.041+0000] {processor.py:186} INFO - Started process (PID=951) to work on /home/airflow/.local/lib/python3.12/site-packages/airflow/example_dags/example_trigger_controller_dag.py
[2025-06-27T17:03:32.042+0000] {processor.py:914} INFO - Processing file /home/airflow/.local/lib/python3.12/site-packages/airflow/example_dags/example_trigger_controller_dag.py for tasks to queue
[2025-06-27T17:03:32.044+0000] {logging_mixin.py:190} INFO - [2025-06-27T17:03:32.044+0000] {dagbag.py:588} INFO - Filling up the DagBag from /home/airflow/.local/lib/python3.12/site-packages/airflow/example_dags/example_trigger_controller_dag.py
[2025-06-27T17:03:32.051+0000] {processor.py:925} INFO - DAG(s) 'example_trigger_controller_dag' retrieved from /home/airflow/.local/lib/python3.12/site-packages/airflow/example_dags/example_trigger_controller_dag.py
[2025-06-27T17:03:32.067+0000] {logging_mixin.py:190} INFO - [2025-06-27T17:03:32.067+0000] {dag.py:3239} INFO - Sync 1 DAGs
[2025-06-27T17:03:32.087+0000] {logging_mixin.py:190} INFO - [2025-06-27T17:03:32.087+0000] {dag.py:4180} INFO - Setting next_dagrun for example_trigger_controller_dag to None, run_after=None
[2025-06-27T17:03:32.104+0000] {processor.py:208} INFO - Processing /home/airflow/.local/lib/python3.12/site-packages/airflow/example_dags/example_trigger_controller_dag.py took 0.069 seconds
[2025-06-27T17:04:02.597+0000] {processor.py:186} INFO - Started process (PID=1021) to work on /home/airflow/.local/lib/python3.12/site-packages/airflow/example_dags/example_trigger_controller_dag.py
[2025-06-27T17:04:02.598+0000] {processor.py:914} INFO - Processing file /home/airflow/.local/lib/python3.12/site-packages/airflow/example_dags/example_trigger_controller_dag.py for tasks to queue
[2025-06-27T17:04:02.600+0000] {logging_mixin.py:190} INFO - [2025-06-27T17:04:02.599+0000] {dagbag.py:588} INFO - Filling up the DagBag from /home/airflow/.local/lib/python3.12/site-packages/airflow/example_dags/example_trigger_controller_dag.py
[2025-06-27T17:04:02.606+0000] {processor.py:925} INFO - DAG(s) 'example_trigger_controller_dag' retrieved from /home/airflow/.local/lib/python3.12/site-packages/airflow/example_dags/example_trigger_controller_dag.py
[2025-06-27T17:04:02.627+0000] {logging_mixin.py:190} INFO - [2025-06-27T17:04:02.627+0000] {dag.py:3239} INFO - Sync 1 DAGs
[2025-06-27T17:04:02.653+0000] {logging_mixin.py:190} INFO - [2025-06-27T17:04:02.652+0000] {dag.py:4180} INFO - Setting next_dagrun for example_trigger_controller_dag to None, run_after=None
[2025-06-27T17:04:02.673+0000] {processor.py:208} INFO - Processing /home/airflow/.local/lib/python3.12/site-packages/airflow/example_dags/example_trigger_controller_dag.py took 0.083 seconds
[2025-06-27T17:04:32.914+0000] {processor.py:186} INFO - Started process (PID=1085) to work on /home/airflow/.local/lib/python3.12/site-packages/airflow/example_dags/example_trigger_controller_dag.py
[2025-06-27T17:04:32.915+0000] {processor.py:914} INFO - Processing file /home/airflow/.local/lib/python3.12/site-packages/airflow/example_dags/example_trigger_controller_dag.py for tasks to queue
[2025-06-27T17:04:32.918+0000] {logging_mixin.py:190} INFO - [2025-06-27T17:04:32.917+0000] {dagbag.py:588} INFO - Filling up the DagBag from /home/airflow/.local/lib/python3.12/site-packages/airflow/example_dags/example_trigger_controller_dag.py
[2025-06-27T17:04:32.924+0000] {processor.py:925} INFO - DAG(s) 'example_trigger_controller_dag' retrieved from /home/airflow/.local/lib/python3.12/site-packages/airflow/example_dags/example_trigger_controller_dag.py
[2025-06-27T17:04:32.941+0000] {logging_mixin.py:190} INFO - [2025-06-27T17:04:32.940+0000] {dag.py:3239} INFO - Sync 1 DAGs
[2025-06-27T17:04:32.960+0000] {logging_mixin.py:190} INFO - [2025-06-27T17:04:32.960+0000] {dag.py:4180} INFO - Setting next_dagrun for example_trigger_controller_dag to None, run_after=None
[2025-06-27T17:04:32.977+0000] {processor.py:208} INFO - Processing /home/airflow/.local/lib/python3.12/site-packages/airflow/example_dags/example_trigger_controller_dag.py took 0.069 seconds
[2025-06-27T17:05:03.113+0000] {processor.py:186} INFO - Started process (PID=1154) to work on /home/airflow/.local/lib/python3.12/site-packages/airflow/example_dags/example_trigger_controller_dag.py
[2025-06-27T17:05:03.114+0000] {processor.py:914} INFO - Processing file /home/airflow/.local/lib/python3.12/site-packages/airflow/example_dags/example_trigger_controller_dag.py for tasks to queue
[2025-06-27T17:05:03.117+0000] {logging_mixin.py:190} INFO - [2025-06-27T17:05:03.116+0000] {dagbag.py:588} INFO - Filling up the DagBag from /home/airflow/.local/lib/python3.12/site-packages/airflow/example_dags/example_trigger_controller_dag.py
[2025-06-27T17:05:03.124+0000] {processor.py:925} INFO - DAG(s) 'example_trigger_controller_dag' retrieved from /home/airflow/.local/lib/python3.12/site-packages/airflow/example_dags/example_trigger_controller_dag.py
[2025-06-27T17:05:03.142+0000] {logging_mixin.py:190} INFO - [2025-06-27T17:05:03.141+0000] {dag.py:3239} INFO - Sync 1 DAGs
[2025-06-27T17:05:03.163+0000] {logging_mixin.py:190} INFO - [2025-06-27T17:05:03.163+0000] {dag.py:4180} INFO - Setting next_dagrun for example_trigger_controller_dag to None, run_after=None
[2025-06-27T17:05:03.183+0000] {processor.py:208} INFO - Processing /home/airflow/.local/lib/python3.12/site-packages/airflow/example_dags/example_trigger_controller_dag.py took 0.075 seconds
[2025-06-27T17:05:33.442+0000] {processor.py:186} INFO - Started process (PID=1218) to work on /home/airflow/.local/lib/python3.12/site-packages/airflow/example_dags/example_trigger_controller_dag.py
[2025-06-27T17:05:33.449+0000] {processor.py:914} INFO - Processing file /home/airflow/.local/lib/python3.12/site-packages/airflow/example_dags/example_trigger_controller_dag.py for tasks to queue
[2025-06-27T17:05:33.451+0000] {logging_mixin.py:190} INFO - [2025-06-27T17:05:33.451+0000] {dagbag.py:588} INFO - Filling up the DagBag from /home/airflow/.local/lib/python3.12/site-packages/airflow/example_dags/example_trigger_controller_dag.py
[2025-06-27T17:05:33.458+0000] {processor.py:925} INFO - DAG(s) 'example_trigger_controller_dag' retrieved from /home/airflow/.local/lib/python3.12/site-packages/airflow/example_dags/example_trigger_controller_dag.py
[2025-06-27T17:05:33.477+0000] {logging_mixin.py:190} INFO - [2025-06-27T17:05:33.477+0000] {dag.py:3239} INFO - Sync 1 DAGs
[2025-06-27T17:05:33.500+0000] {logging_mixin.py:190} INFO - [2025-06-27T17:05:33.500+0000] {dag.py:4180} INFO - Setting next_dagrun for example_trigger_controller_dag to None, run_after=None
[2025-06-27T17:05:33.519+0000] {processor.py:208} INFO - Processing /home/airflow/.local/lib/python3.12/site-packages/airflow/example_dags/example_trigger_controller_dag.py took 0.082 seconds
[2025-06-27T17:06:04.292+0000] {processor.py:186} INFO - Started process (PID=1288) to work on /home/airflow/.local/lib/python3.12/site-packages/airflow/example_dags/example_trigger_controller_dag.py
[2025-06-27T17:06:04.292+0000] {processor.py:914} INFO - Processing file /home/airflow/.local/lib/python3.12/site-packages/airflow/example_dags/example_trigger_controller_dag.py for tasks to queue
[2025-06-27T17:06:04.295+0000] {logging_mixin.py:190} INFO - [2025-06-27T17:06:04.294+0000] {dagbag.py:588} INFO - Filling up the DagBag from /home/airflow/.local/lib/python3.12/site-packages/airflow/example_dags/example_trigger_controller_dag.py
[2025-06-27T17:06:04.301+0000] {processor.py:925} INFO - DAG(s) 'example_trigger_controller_dag' retrieved from /home/airflow/.local/lib/python3.12/site-packages/airflow/example_dags/example_trigger_controller_dag.py
[2025-06-27T17:06:04.319+0000] {logging_mixin.py:190} INFO - [2025-06-27T17:06:04.318+0000] {dag.py:3239} INFO - Sync 1 DAGs
[2025-06-27T17:06:04.340+0000] {logging_mixin.py:190} INFO - [2025-06-27T17:06:04.340+0000] {dag.py:4180} INFO - Setting next_dagrun for example_trigger_controller_dag to None, run_after=None
[2025-06-27T17:06:04.357+0000] {processor.py:208} INFO - Processing /home/airflow/.local/lib/python3.12/site-packages/airflow/example_dags/example_trigger_controller_dag.py took 0.071 seconds
[2025-06-27T17:06:34.701+0000] {processor.py:186} INFO - Started process (PID=1352) to work on /home/airflow/.local/lib/python3.12/site-packages/airflow/example_dags/example_trigger_controller_dag.py
[2025-06-27T17:06:34.702+0000] {processor.py:914} INFO - Processing file /home/airflow/.local/lib/python3.12/site-packages/airflow/example_dags/example_trigger_controller_dag.py for tasks to queue
[2025-06-27T17:06:34.704+0000] {logging_mixin.py:190} INFO - [2025-06-27T17:06:34.704+0000] {dagbag.py:588} INFO - Filling up the DagBag from /home/airflow/.local/lib/python3.12/site-packages/airflow/example_dags/example_trigger_controller_dag.py
[2025-06-27T17:06:34.710+0000] {processor.py:925} INFO - DAG(s) 'example_trigger_controller_dag' retrieved from /home/airflow/.local/lib/python3.12/site-packages/airflow/example_dags/example_trigger_controller_dag.py
[2025-06-27T17:06:34.727+0000] {logging_mixin.py:190} INFO - [2025-06-27T17:06:34.726+0000] {dag.py:3239} INFO - Sync 1 DAGs
[2025-06-27T17:06:34.746+0000] {logging_mixin.py:190} INFO - [2025-06-27T17:06:34.746+0000] {dag.py:4180} INFO - Setting next_dagrun for example_trigger_controller_dag to None, run_after=None
[2025-06-27T17:06:34.764+0000] {processor.py:208} INFO - Processing /home/airflow/.local/lib/python3.12/site-packages/airflow/example_dags/example_trigger_controller_dag.py took 0.068 seconds
[2025-06-27T17:07:05.090+0000] {processor.py:186} INFO - Started process (PID=1421) to work on /home/airflow/.local/lib/python3.12/site-packages/airflow/example_dags/example_trigger_controller_dag.py
[2025-06-27T17:07:05.091+0000] {processor.py:914} INFO - Processing file /home/airflow/.local/lib/python3.12/site-packages/airflow/example_dags/example_trigger_controller_dag.py for tasks to queue
[2025-06-27T17:07:05.093+0000] {logging_mixin.py:190} INFO - [2025-06-27T17:07:05.093+0000] {dagbag.py:588} INFO - Filling up the DagBag from /home/airflow/.local/lib/python3.12/site-packages/airflow/example_dags/example_trigger_controller_dag.py
[2025-06-27T17:07:05.101+0000] {processor.py:925} INFO - DAG(s) 'example_trigger_controller_dag' retrieved from /home/airflow/.local/lib/python3.12/site-packages/airflow/example_dags/example_trigger_controller_dag.py
[2025-06-27T17:07:05.120+0000] {logging_mixin.py:190} INFO - [2025-06-27T17:07:05.119+0000] {dag.py:3239} INFO - Sync 1 DAGs
[2025-06-27T17:07:05.141+0000] {logging_mixin.py:190} INFO - [2025-06-27T17:07:05.141+0000] {dag.py:4180} INFO - Setting next_dagrun for example_trigger_controller_dag to None, run_after=None
[2025-06-27T17:07:05.164+0000] {processor.py:208} INFO - Processing /home/airflow/.local/lib/python3.12/site-packages/airflow/example_dags/example_trigger_controller_dag.py took 0.080 seconds
[2025-06-27T17:07:35.900+0000] {processor.py:186} INFO - Started process (PID=1485) to work on /home/airflow/.local/lib/python3.12/site-packages/airflow/example_dags/example_trigger_controller_dag.py
[2025-06-27T17:07:35.901+0000] {processor.py:914} INFO - Processing file /home/airflow/.local/lib/python3.12/site-packages/airflow/example_dags/example_trigger_controller_dag.py for tasks to queue
[2025-06-27T17:07:35.903+0000] {logging_mixin.py:190} INFO - [2025-06-27T17:07:35.903+0000] {dagbag.py:588} INFO - Filling up the DagBag from /home/airflow/.local/lib/python3.12/site-packages/airflow/example_dags/example_trigger_controller_dag.py
[2025-06-27T17:07:35.910+0000] {processor.py:925} INFO - DAG(s) 'example_trigger_controller_dag' retrieved from /home/airflow/.local/lib/python3.12/site-packages/airflow/example_dags/example_trigger_controller_dag.py
[2025-06-27T17:07:35.926+0000] {logging_mixin.py:190} INFO - [2025-06-27T17:07:35.926+0000] {dag.py:3239} INFO - Sync 1 DAGs
[2025-06-27T17:07:35.946+0000] {logging_mixin.py:190} INFO - [2025-06-27T17:07:35.945+0000] {dag.py:4180} INFO - Setting next_dagrun for example_trigger_controller_dag to None, run_after=None
[2025-06-27T17:07:35.963+0000] {processor.py:208} INFO - Processing /home/airflow/.local/lib/python3.12/site-packages/airflow/example_dags/example_trigger_controller_dag.py took 0.068 seconds
[2025-06-27T17:08:06.116+0000] {processor.py:186} INFO - Started process (PID=1555) to work on /home/airflow/.local/lib/python3.12/site-packages/airflow/example_dags/example_trigger_controller_dag.py
[2025-06-27T17:08:06.117+0000] {processor.py:914} INFO - Processing file /home/airflow/.local/lib/python3.12/site-packages/airflow/example_dags/example_trigger_controller_dag.py for tasks to queue
[2025-06-27T17:08:06.119+0000] {logging_mixin.py:190} INFO - [2025-06-27T17:08:06.119+0000] {dagbag.py:588} INFO - Filling up the DagBag from /home/airflow/.local/lib/python3.12/site-packages/airflow/example_dags/example_trigger_controller_dag.py
[2025-06-27T17:08:06.126+0000] {processor.py:925} INFO - DAG(s) 'example_trigger_controller_dag' retrieved from /home/airflow/.local/lib/python3.12/site-packages/airflow/example_dags/example_trigger_controller_dag.py
[2025-06-27T17:08:06.145+0000] {logging_mixin.py:190} INFO - [2025-06-27T17:08:06.145+0000] {dag.py:3239} INFO - Sync 1 DAGs
[2025-06-27T17:08:06.175+0000] {logging_mixin.py:190} INFO - [2025-06-27T17:08:06.174+0000] {dag.py:4180} INFO - Setting next_dagrun for example_trigger_controller_dag to None, run_after=None
[2025-06-27T17:08:06.200+0000] {processor.py:208} INFO - Processing /home/airflow/.local/lib/python3.12/site-packages/airflow/example_dags/example_trigger_controller_dag.py took 0.089 seconds
[2025-06-27T17:08:36.340+0000] {processor.py:186} INFO - Started process (PID=1619) to work on /home/airflow/.local/lib/python3.12/site-packages/airflow/example_dags/example_trigger_controller_dag.py
[2025-06-27T17:08:36.341+0000] {processor.py:914} INFO - Processing file /home/airflow/.local/lib/python3.12/site-packages/airflow/example_dags/example_trigger_controller_dag.py for tasks to queue
[2025-06-27T17:08:36.343+0000] {logging_mixin.py:190} INFO - [2025-06-27T17:08:36.343+0000] {dagbag.py:588} INFO - Filling up the DagBag from /home/airflow/.local/lib/python3.12/site-packages/airflow/example_dags/example_trigger_controller_dag.py
[2025-06-27T17:08:36.349+0000] {processor.py:925} INFO - DAG(s) 'example_trigger_controller_dag' retrieved from /home/airflow/.local/lib/python3.12/site-packages/airflow/example_dags/example_trigger_controller_dag.py
[2025-06-27T17:08:36.366+0000] {logging_mixin.py:190} INFO - [2025-06-27T17:08:36.366+0000] {dag.py:3239} INFO - Sync 1 DAGs
[2025-06-27T17:08:36.385+0000] {logging_mixin.py:190} INFO - [2025-06-27T17:08:36.385+0000] {dag.py:4180} INFO - Setting next_dagrun for example_trigger_controller_dag to None, run_after=None
[2025-06-27T17:08:36.401+0000] {processor.py:208} INFO - Processing /home/airflow/.local/lib/python3.12/site-packages/airflow/example_dags/example_trigger_controller_dag.py took 0.067 seconds
[2025-06-27T17:09:07.273+0000] {processor.py:186} INFO - Started process (PID=1688) to work on /home/airflow/.local/lib/python3.12/site-packages/airflow/example_dags/example_trigger_controller_dag.py
[2025-06-27T17:09:07.274+0000] {processor.py:914} INFO - Processing file /home/airflow/.local/lib/python3.12/site-packages/airflow/example_dags/example_trigger_controller_dag.py for tasks to queue
[2025-06-27T17:09:07.277+0000] {logging_mixin.py:190} INFO - [2025-06-27T17:09:07.276+0000] {dagbag.py:588} INFO - Filling up the DagBag from /home/airflow/.local/lib/python3.12/site-packages/airflow/example_dags/example_trigger_controller_dag.py
[2025-06-27T17:09:07.284+0000] {processor.py:925} INFO - DAG(s) 'example_trigger_controller_dag' retrieved from /home/airflow/.local/lib/python3.12/site-packages/airflow/example_dags/example_trigger_controller_dag.py
[2025-06-27T17:09:07.304+0000] {logging_mixin.py:190} INFO - [2025-06-27T17:09:07.303+0000] {dag.py:3239} INFO - Sync 1 DAGs
[2025-06-27T17:09:07.326+0000] {logging_mixin.py:190} INFO - [2025-06-27T17:09:07.326+0000] {dag.py:4180} INFO - Setting next_dagrun for example_trigger_controller_dag to None, run_after=None
[2025-06-27T17:09:07.348+0000] {processor.py:208} INFO - Processing /home/airflow/.local/lib/python3.12/site-packages/airflow/example_dags/example_trigger_controller_dag.py took 0.080 seconds
[2025-06-27T17:09:37.629+0000] {processor.py:186} INFO - Started process (PID=1752) to work on /home/airflow/.local/lib/python3.12/site-packages/airflow/example_dags/example_trigger_controller_dag.py
[2025-06-27T17:09:37.630+0000] {processor.py:914} INFO - Processing file /home/airflow/.local/lib/python3.12/site-packages/airflow/example_dags/example_trigger_controller_dag.py for tasks to queue
[2025-06-27T17:09:37.632+0000] {logging_mixin.py:190} INFO - [2025-06-27T17:09:37.632+0000] {dagbag.py:588} INFO - Filling up the DagBag from /home/airflow/.local/lib/python3.12/site-packages/airflow/example_dags/example_trigger_controller_dag.py
[2025-06-27T17:09:37.639+0000] {processor.py:925} INFO - DAG(s) 'example_trigger_controller_dag' retrieved from /home/airflow/.local/lib/python3.12/site-packages/airflow/example_dags/example_trigger_controller_dag.py
[2025-06-27T17:09:37.656+0000] {logging_mixin.py:190} INFO - [2025-06-27T17:09:37.655+0000] {dag.py:3239} INFO - Sync 1 DAGs
[2025-06-27T17:09:37.676+0000] {logging_mixin.py:190} INFO - [2025-06-27T17:09:37.676+0000] {dag.py:4180} INFO - Setting next_dagrun for example_trigger_controller_dag to None, run_after=None
[2025-06-27T17:09:37.693+0000] {processor.py:208} INFO - Processing /home/airflow/.local/lib/python3.12/site-packages/airflow/example_dags/example_trigger_controller_dag.py took 0.069 seconds
[2025-06-27T17:10:08.073+0000] {processor.py:186} INFO - Started process (PID=1822) to work on /home/airflow/.local/lib/python3.12/site-packages/airflow/example_dags/example_trigger_controller_dag.py
[2025-06-27T17:10:08.074+0000] {processor.py:914} INFO - Processing file /home/airflow/.local/lib/python3.12/site-packages/airflow/example_dags/example_trigger_controller_dag.py for tasks to queue
[2025-06-27T17:10:08.076+0000] {logging_mixin.py:190} INFO - [2025-06-27T17:10:08.076+0000] {dagbag.py:588} INFO - Filling up the DagBag from /home/airflow/.local/lib/python3.12/site-packages/airflow/example_dags/example_trigger_controller_dag.py
[2025-06-27T17:10:08.083+0000] {processor.py:925} INFO - DAG(s) 'example_trigger_controller_dag' retrieved from /home/airflow/.local/lib/python3.12/site-packages/airflow/example_dags/example_trigger_controller_dag.py
[2025-06-27T17:10:08.102+0000] {logging_mixin.py:190} INFO - [2025-06-27T17:10:08.102+0000] {dag.py:3239} INFO - Sync 1 DAGs
[2025-06-27T17:10:08.122+0000] {logging_mixin.py:190} INFO - [2025-06-27T17:10:08.122+0000] {dag.py:4180} INFO - Setting next_dagrun for example_trigger_controller_dag to None, run_after=None
[2025-06-27T17:10:08.140+0000] {processor.py:208} INFO - Processing /home/airflow/.local/lib/python3.12/site-packages/airflow/example_dags/example_trigger_controller_dag.py took 0.072 seconds
[2025-06-27T17:10:38.604+0000] {processor.py:186} INFO - Started process (PID=1886) to work on /home/airflow/.local/lib/python3.12/site-packages/airflow/example_dags/example_trigger_controller_dag.py
[2025-06-27T17:10:38.605+0000] {processor.py:914} INFO - Processing file /home/airflow/.local/lib/python3.12/site-packages/airflow/example_dags/example_trigger_controller_dag.py for tasks to queue
[2025-06-27T17:10:38.607+0000] {logging_mixin.py:190} INFO - [2025-06-27T17:10:38.606+0000] {dagbag.py:588} INFO - Filling up the DagBag from /home/airflow/.local/lib/python3.12/site-packages/airflow/example_dags/example_trigger_controller_dag.py
[2025-06-27T17:10:38.613+0000] {processor.py:925} INFO - DAG(s) 'example_trigger_controller_dag' retrieved from /home/airflow/.local/lib/python3.12/site-packages/airflow/example_dags/example_trigger_controller_dag.py
[2025-06-27T17:10:38.632+0000] {logging_mixin.py:190} INFO - [2025-06-27T17:10:38.632+0000] {dag.py:3239} INFO - Sync 1 DAGs
[2025-06-27T17:10:38.653+0000] {logging_mixin.py:190} INFO - [2025-06-27T17:10:38.652+0000] {dag.py:4180} INFO - Setting next_dagrun for example_trigger_controller_dag to None, run_after=None
[2025-06-27T17:10:38.669+0000] {processor.py:208} INFO - Processing /home/airflow/.local/lib/python3.12/site-packages/airflow/example_dags/example_trigger_controller_dag.py took 0.071 seconds
[2025-06-27T17:11:09.090+0000] {processor.py:186} INFO - Started process (PID=1955) to work on /home/airflow/.local/lib/python3.12/site-packages/airflow/example_dags/example_trigger_controller_dag.py
[2025-06-27T17:11:09.091+0000] {processor.py:914} INFO - Processing file /home/airflow/.local/lib/python3.12/site-packages/airflow/example_dags/example_trigger_controller_dag.py for tasks to queue
[2025-06-27T17:11:09.094+0000] {logging_mixin.py:190} INFO - [2025-06-27T17:11:09.093+0000] {dagbag.py:588} INFO - Filling up the DagBag from /home/airflow/.local/lib/python3.12/site-packages/airflow/example_dags/example_trigger_controller_dag.py
[2025-06-27T17:11:09.101+0000] {processor.py:925} INFO - DAG(s) 'example_trigger_controller_dag' retrieved from /home/airflow/.local/lib/python3.12/site-packages/airflow/example_dags/example_trigger_controller_dag.py
[2025-06-27T17:11:09.118+0000] {logging_mixin.py:190} INFO - [2025-06-27T17:11:09.118+0000] {dag.py:3239} INFO - Sync 1 DAGs
[2025-06-27T17:11:09.139+0000] {logging_mixin.py:190} INFO - [2025-06-27T17:11:09.138+0000] {dag.py:4180} INFO - Setting next_dagrun for example_trigger_controller_dag to None, run_after=None
[2025-06-27T17:11:09.158+0000] {processor.py:208} INFO - Processing /home/airflow/.local/lib/python3.12/site-packages/airflow/example_dags/example_trigger_controller_dag.py took 0.073 seconds
[2025-06-27T17:11:39.319+0000] {processor.py:186} INFO - Started process (PID=2019) to work on /home/airflow/.local/lib/python3.12/site-packages/airflow/example_dags/example_trigger_controller_dag.py
[2025-06-27T17:11:39.320+0000] {processor.py:914} INFO - Processing file /home/airflow/.local/lib/python3.12/site-packages/airflow/example_dags/example_trigger_controller_dag.py for tasks to queue
[2025-06-27T17:11:39.323+0000] {logging_mixin.py:190} INFO - [2025-06-27T17:11:39.323+0000] {dagbag.py:588} INFO - Filling up the DagBag from /home/airflow/.local/lib/python3.12/site-packages/airflow/example_dags/example_trigger_controller_dag.py
[2025-06-27T17:11:39.330+0000] {processor.py:925} INFO - DAG(s) 'example_trigger_controller_dag' retrieved from /home/airflow/.local/lib/python3.12/site-packages/airflow/example_dags/example_trigger_controller_dag.py
[2025-06-27T17:11:39.348+0000] {logging_mixin.py:190} INFO - [2025-06-27T17:11:39.348+0000] {dag.py:3239} INFO - Sync 1 DAGs
[2025-06-27T17:11:39.369+0000] {logging_mixin.py:190} INFO - [2025-06-27T17:11:39.369+0000] {dag.py:4180} INFO - Setting next_dagrun for example_trigger_controller_dag to None, run_after=None
[2025-06-27T17:11:39.387+0000] {processor.py:208} INFO - Processing /home/airflow/.local/lib/python3.12/site-packages/airflow/example_dags/example_trigger_controller_dag.py took 0.074 seconds
[2025-06-27T17:12:09.490+0000] {processor.py:186} INFO - Started process (PID=2089) to work on /home/airflow/.local/lib/python3.12/site-packages/airflow/example_dags/example_trigger_controller_dag.py
[2025-06-27T17:12:09.491+0000] {processor.py:914} INFO - Processing file /home/airflow/.local/lib/python3.12/site-packages/airflow/example_dags/example_trigger_controller_dag.py for tasks to queue
[2025-06-27T17:12:09.494+0000] {logging_mixin.py:190} INFO - [2025-06-27T17:12:09.494+0000] {dagbag.py:588} INFO - Filling up the DagBag from /home/airflow/.local/lib/python3.12/site-packages/airflow/example_dags/example_trigger_controller_dag.py
[2025-06-27T17:12:09.502+0000] {processor.py:925} INFO - DAG(s) 'example_trigger_controller_dag' retrieved from /home/airflow/.local/lib/python3.12/site-packages/airflow/example_dags/example_trigger_controller_dag.py
[2025-06-27T17:12:09.522+0000] {logging_mixin.py:190} INFO - [2025-06-27T17:12:09.521+0000] {dag.py:3239} INFO - Sync 1 DAGs
[2025-06-27T17:12:09.545+0000] {logging_mixin.py:190} INFO - [2025-06-27T17:12:09.545+0000] {dag.py:4180} INFO - Setting next_dagrun for example_trigger_controller_dag to None, run_after=None
[2025-06-27T17:12:09.569+0000] {processor.py:208} INFO - Processing /home/airflow/.local/lib/python3.12/site-packages/airflow/example_dags/example_trigger_controller_dag.py took 0.085 seconds
[2025-06-27T17:12:39.943+0000] {processor.py:186} INFO - Started process (PID=2153) to work on /home/airflow/.local/lib/python3.12/site-packages/airflow/example_dags/example_trigger_controller_dag.py
[2025-06-27T17:12:39.944+0000] {processor.py:914} INFO - Processing file /home/airflow/.local/lib/python3.12/site-packages/airflow/example_dags/example_trigger_controller_dag.py for tasks to queue
[2025-06-27T17:12:39.946+0000] {logging_mixin.py:190} INFO - [2025-06-27T17:12:39.945+0000] {dagbag.py:588} INFO - Filling up the DagBag from /home/airflow/.local/lib/python3.12/site-packages/airflow/example_dags/example_trigger_controller_dag.py
[2025-06-27T17:12:39.952+0000] {processor.py:925} INFO - DAG(s) 'example_trigger_controller_dag' retrieved from /home/airflow/.local/lib/python3.12/site-packages/airflow/example_dags/example_trigger_controller_dag.py
[2025-06-27T17:12:39.968+0000] {logging_mixin.py:190} INFO - [2025-06-27T17:12:39.968+0000] {dag.py:3239} INFO - Sync 1 DAGs
[2025-06-27T17:12:39.987+0000] {logging_mixin.py:190} INFO - [2025-06-27T17:12:39.987+0000] {dag.py:4180} INFO - Setting next_dagrun for example_trigger_controller_dag to None, run_after=None
[2025-06-27T17:12:40.003+0000] {processor.py:208} INFO - Processing /home/airflow/.local/lib/python3.12/site-packages/airflow/example_dags/example_trigger_controller_dag.py took 0.065 seconds
[2025-06-27T17:13:10.394+0000] {processor.py:186} INFO - Started process (PID=2222) to work on /home/airflow/.local/lib/python3.12/site-packages/airflow/example_dags/example_trigger_controller_dag.py
[2025-06-27T17:13:10.396+0000] {processor.py:914} INFO - Processing file /home/airflow/.local/lib/python3.12/site-packages/airflow/example_dags/example_trigger_controller_dag.py for tasks to queue
[2025-06-27T17:13:10.398+0000] {logging_mixin.py:190} INFO - [2025-06-27T17:13:10.397+0000] {dagbag.py:588} INFO - Filling up the DagBag from /home/airflow/.local/lib/python3.12/site-packages/airflow/example_dags/example_trigger_controller_dag.py
[2025-06-27T17:13:10.404+0000] {processor.py:925} INFO - DAG(s) 'example_trigger_controller_dag' retrieved from /home/airflow/.local/lib/python3.12/site-packages/airflow/example_dags/example_trigger_controller_dag.py
[2025-06-27T17:13:10.421+0000] {logging_mixin.py:190} INFO - [2025-06-27T17:13:10.421+0000] {dag.py:3239} INFO - Sync 1 DAGs
[2025-06-27T17:13:10.441+0000] {logging_mixin.py:190} INFO - [2025-06-27T17:13:10.441+0000] {dag.py:4180} INFO - Setting next_dagrun for example_trigger_controller_dag to None, run_after=None
[2025-06-27T17:13:10.458+0000] {processor.py:208} INFO - Processing /home/airflow/.local/lib/python3.12/site-packages/airflow/example_dags/example_trigger_controller_dag.py took 0.069 seconds
