[2025-06-27T16:57:54.691+0000] {processor.py:186} INFO - Started process (PID=102) to work on /home/airflow/.local/lib/python3.12/site-packages/airflow/example_dags/example_complex.py
[2025-06-27T16:57:54.695+0000] {processor.py:914} INFO - Processing file /home/airflow/.local/lib/python3.12/site-packages/airflow/example_dags/example_complex.py for tasks to queue
[2025-06-27T16:57:54.701+0000] {logging_mixin.py:190} INFO - [2025-06-27T16:57:54.700+0000] {dagbag.py:588} INFO - Filling up the DagBag from /home/airflow/.local/lib/python3.12/site-packages/airflow/example_dags/example_complex.py
[2025-06-27T16:57:54.715+0000] {processor.py:925} INFO - DAG(s) 'example_complex' retrieved from /home/airflow/.local/lib/python3.12/site-packages/airflow/example_dags/example_complex.py
[2025-06-27T16:57:54.756+0000] {logging_mixin.py:190} INFO - [2025-06-27T16:57:54.755+0000] {dag.py:3239} INFO - Sync 1 DAGs
[2025-06-27T16:57:54.776+0000] {logging_mixin.py:190} INFO - [2025-06-27T16:57:54.775+0000] {dag.py:4180} INFO - Setting next_dagrun for example_complex to None, run_after=None
[2025-06-27T16:57:54.807+0000] {processor.py:208} INFO - Processing /home/airflow/.local/lib/python3.12/site-packages/airflow/example_dags/example_complex.py took 0.123 seconds
[2025-06-27T16:58:25.073+0000] {processor.py:186} INFO - Started process (PID=263) to work on /home/airflow/.local/lib/python3.12/site-packages/airflow/example_dags/example_complex.py
[2025-06-27T16:58:25.074+0000] {processor.py:914} INFO - Processing file /home/airflow/.local/lib/python3.12/site-packages/airflow/example_dags/example_complex.py for tasks to queue
[2025-06-27T16:58:25.077+0000] {logging_mixin.py:190} INFO - [2025-06-27T16:58:25.077+0000] {dagbag.py:588} INFO - Filling up the DagBag from /home/airflow/.local/lib/python3.12/site-packages/airflow/example_dags/example_complex.py
[2025-06-27T16:58:25.089+0000] {processor.py:925} INFO - DAG(s) 'example_complex' retrieved from /home/airflow/.local/lib/python3.12/site-packages/airflow/example_dags/example_complex.py
[2025-06-27T16:58:25.118+0000] {logging_mixin.py:190} INFO - [2025-06-27T16:58:25.118+0000] {dag.py:3239} INFO - Sync 1 DAGs
[2025-06-27T16:58:25.133+0000] {logging_mixin.py:190} INFO - [2025-06-27T16:58:25.133+0000] {dag.py:4180} INFO - Setting next_dagrun for example_complex to None, run_after=None
[2025-06-27T16:58:25.152+0000] {processor.py:208} INFO - Processing /home/airflow/.local/lib/python3.12/site-packages/airflow/example_dags/example_complex.py took 0.085 seconds
[2025-06-27T16:58:55.436+0000] {processor.py:186} INFO - Started process (PID=341) to work on /home/airflow/.local/lib/python3.12/site-packages/airflow/example_dags/example_complex.py
[2025-06-27T16:58:55.437+0000] {processor.py:914} INFO - Processing file /home/airflow/.local/lib/python3.12/site-packages/airflow/example_dags/example_complex.py for tasks to queue
[2025-06-27T16:58:55.439+0000] {logging_mixin.py:190} INFO - [2025-06-27T16:58:55.439+0000] {dagbag.py:588} INFO - Filling up the DagBag from /home/airflow/.local/lib/python3.12/site-packages/airflow/example_dags/example_complex.py
[2025-06-27T16:58:55.449+0000] {processor.py:925} INFO - DAG(s) 'example_complex' retrieved from /home/airflow/.local/lib/python3.12/site-packages/airflow/example_dags/example_complex.py
[2025-06-27T16:58:55.475+0000] {logging_mixin.py:190} INFO - [2025-06-27T16:58:55.475+0000] {dag.py:3239} INFO - Sync 1 DAGs
[2025-06-27T16:58:55.488+0000] {logging_mixin.py:190} INFO - [2025-06-27T16:58:55.488+0000] {dag.py:4180} INFO - Setting next_dagrun for example_complex to None, run_after=None
[2025-06-27T16:58:55.505+0000] {processor.py:208} INFO - Processing /home/airflow/.local/lib/python3.12/site-packages/airflow/example_dags/example_complex.py took 0.074 seconds
[2025-06-27T16:59:26.180+0000] {processor.py:186} INFO - Started process (PID=410) to work on /home/airflow/.local/lib/python3.12/site-packages/airflow/example_dags/example_complex.py
[2025-06-27T16:59:26.181+0000] {processor.py:914} INFO - Processing file /home/airflow/.local/lib/python3.12/site-packages/airflow/example_dags/example_complex.py for tasks to queue
[2025-06-27T16:59:26.183+0000] {logging_mixin.py:190} INFO - [2025-06-27T16:59:26.183+0000] {dagbag.py:588} INFO - Filling up the DagBag from /home/airflow/.local/lib/python3.12/site-packages/airflow/example_dags/example_complex.py
[2025-06-27T16:59:26.197+0000] {processor.py:925} INFO - DAG(s) 'example_complex' retrieved from /home/airflow/.local/lib/python3.12/site-packages/airflow/example_dags/example_complex.py
[2025-06-27T16:59:26.223+0000] {logging_mixin.py:190} INFO - [2025-06-27T16:59:26.223+0000] {dag.py:3239} INFO - Sync 1 DAGs
[2025-06-27T16:59:26.236+0000] {logging_mixin.py:190} INFO - [2025-06-27T16:59:26.235+0000] {dag.py:4180} INFO - Setting next_dagrun for example_complex to None, run_after=None
[2025-06-27T16:59:26.253+0000] {processor.py:208} INFO - Processing /home/airflow/.local/lib/python3.12/site-packages/airflow/example_dags/example_complex.py took 0.077 seconds
[2025-06-27T16:59:56.616+0000] {processor.py:186} INFO - Started process (PID=474) to work on /home/airflow/.local/lib/python3.12/site-packages/airflow/example_dags/example_complex.py
[2025-06-27T16:59:56.616+0000] {processor.py:914} INFO - Processing file /home/airflow/.local/lib/python3.12/site-packages/airflow/example_dags/example_complex.py for tasks to queue
[2025-06-27T16:59:56.619+0000] {logging_mixin.py:190} INFO - [2025-06-27T16:59:56.618+0000] {dagbag.py:588} INFO - Filling up the DagBag from /home/airflow/.local/lib/python3.12/site-packages/airflow/example_dags/example_complex.py
[2025-06-27T16:59:56.630+0000] {processor.py:925} INFO - DAG(s) 'example_complex' retrieved from /home/airflow/.local/lib/python3.12/site-packages/airflow/example_dags/example_complex.py
[2025-06-27T16:59:56.657+0000] {logging_mixin.py:190} INFO - [2025-06-27T16:59:56.657+0000] {dag.py:3239} INFO - Sync 1 DAGs
[2025-06-27T16:59:56.670+0000] {logging_mixin.py:190} INFO - [2025-06-27T16:59:56.670+0000] {dag.py:4180} INFO - Setting next_dagrun for example_complex to None, run_after=None
[2025-06-27T16:59:56.687+0000] {processor.py:208} INFO - Processing /home/airflow/.local/lib/python3.12/site-packages/airflow/example_dags/example_complex.py took 0.076 seconds
[2025-06-27T17:00:26.935+0000] {processor.py:186} INFO - Started process (PID=544) to work on /home/airflow/.local/lib/python3.12/site-packages/airflow/example_dags/example_complex.py
[2025-06-27T17:00:26.936+0000] {processor.py:914} INFO - Processing file /home/airflow/.local/lib/python3.12/site-packages/airflow/example_dags/example_complex.py for tasks to queue
[2025-06-27T17:00:26.938+0000] {logging_mixin.py:190} INFO - [2025-06-27T17:00:26.938+0000] {dagbag.py:588} INFO - Filling up the DagBag from /home/airflow/.local/lib/python3.12/site-packages/airflow/example_dags/example_complex.py
[2025-06-27T17:00:26.948+0000] {processor.py:925} INFO - DAG(s) 'example_complex' retrieved from /home/airflow/.local/lib/python3.12/site-packages/airflow/example_dags/example_complex.py
[2025-06-27T17:00:26.973+0000] {logging_mixin.py:190} INFO - [2025-06-27T17:00:26.973+0000] {dag.py:3239} INFO - Sync 1 DAGs
[2025-06-27T17:00:26.986+0000] {logging_mixin.py:190} INFO - [2025-06-27T17:00:26.985+0000] {dag.py:4180} INFO - Setting next_dagrun for example_complex to None, run_after=None
[2025-06-27T17:00:27.003+0000] {processor.py:208} INFO - Processing /home/airflow/.local/lib/python3.12/site-packages/airflow/example_dags/example_complex.py took 0.073 seconds
[2025-06-27T17:00:57.843+0000] {processor.py:186} INFO - Started process (PID=608) to work on /home/airflow/.local/lib/python3.12/site-packages/airflow/example_dags/example_complex.py
[2025-06-27T17:00:57.845+0000] {processor.py:914} INFO - Processing file /home/airflow/.local/lib/python3.12/site-packages/airflow/example_dags/example_complex.py for tasks to queue
[2025-06-27T17:00:57.849+0000] {logging_mixin.py:190} INFO - [2025-06-27T17:00:57.848+0000] {dagbag.py:588} INFO - Filling up the DagBag from /home/airflow/.local/lib/python3.12/site-packages/airflow/example_dags/example_complex.py
[2025-06-27T17:00:57.866+0000] {processor.py:925} INFO - DAG(s) 'example_complex' retrieved from /home/airflow/.local/lib/python3.12/site-packages/airflow/example_dags/example_complex.py
[2025-06-27T17:00:57.930+0000] {logging_mixin.py:190} INFO - [2025-06-27T17:00:57.929+0000] {dag.py:3239} INFO - Sync 1 DAGs
[2025-06-27T17:00:57.970+0000] {logging_mixin.py:190} INFO - [2025-06-27T17:00:57.969+0000] {dag.py:4180} INFO - Setting next_dagrun for example_complex to None, run_after=None
[2025-06-27T17:00:58.012+0000] {processor.py:208} INFO - Processing /home/airflow/.local/lib/python3.12/site-packages/airflow/example_dags/example_complex.py took 0.177 seconds
[2025-06-27T17:01:28.123+0000] {processor.py:186} INFO - Started process (PID=677) to work on /home/airflow/.local/lib/python3.12/site-packages/airflow/example_dags/example_complex.py
[2025-06-27T17:01:28.124+0000] {processor.py:914} INFO - Processing file /home/airflow/.local/lib/python3.12/site-packages/airflow/example_dags/example_complex.py for tasks to queue
[2025-06-27T17:01:28.127+0000] {logging_mixin.py:190} INFO - [2025-06-27T17:01:28.126+0000] {dagbag.py:588} INFO - Filling up the DagBag from /home/airflow/.local/lib/python3.12/site-packages/airflow/example_dags/example_complex.py
[2025-06-27T17:01:28.140+0000] {processor.py:925} INFO - DAG(s) 'example_complex' retrieved from /home/airflow/.local/lib/python3.12/site-packages/airflow/example_dags/example_complex.py
[2025-06-27T17:01:28.168+0000] {logging_mixin.py:190} INFO - [2025-06-27T17:01:28.167+0000] {dag.py:3239} INFO - Sync 1 DAGs
[2025-06-27T17:01:28.180+0000] {logging_mixin.py:190} INFO - [2025-06-27T17:01:28.180+0000] {dag.py:4180} INFO - Setting next_dagrun for example_complex to None, run_after=None
[2025-06-27T17:01:28.198+0000] {processor.py:208} INFO - Processing /home/airflow/.local/lib/python3.12/site-packages/airflow/example_dags/example_complex.py took 0.083 seconds
[2025-06-27T17:01:59.010+0000] {processor.py:186} INFO - Started process (PID=741) to work on /home/airflow/.local/lib/python3.12/site-packages/airflow/example_dags/example_complex.py
[2025-06-27T17:01:59.011+0000] {processor.py:914} INFO - Processing file /home/airflow/.local/lib/python3.12/site-packages/airflow/example_dags/example_complex.py for tasks to queue
[2025-06-27T17:01:59.013+0000] {logging_mixin.py:190} INFO - [2025-06-27T17:01:59.013+0000] {dagbag.py:588} INFO - Filling up the DagBag from /home/airflow/.local/lib/python3.12/site-packages/airflow/example_dags/example_complex.py
[2025-06-27T17:01:59.024+0000] {processor.py:925} INFO - DAG(s) 'example_complex' retrieved from /home/airflow/.local/lib/python3.12/site-packages/airflow/example_dags/example_complex.py
[2025-06-27T17:01:59.050+0000] {logging_mixin.py:190} INFO - [2025-06-27T17:01:59.050+0000] {dag.py:3239} INFO - Sync 1 DAGs
[2025-06-27T17:01:59.062+0000] {logging_mixin.py:190} INFO - [2025-06-27T17:01:59.061+0000] {dag.py:4180} INFO - Setting next_dagrun for example_complex to None, run_after=None
[2025-06-27T17:01:59.078+0000] {processor.py:208} INFO - Processing /home/airflow/.local/lib/python3.12/site-packages/airflow/example_dags/example_complex.py took 0.073 seconds
[2025-06-27T17:02:29.364+0000] {processor.py:186} INFO - Started process (PID=811) to work on /home/airflow/.local/lib/python3.12/site-packages/airflow/example_dags/example_complex.py
[2025-06-27T17:02:29.366+0000] {processor.py:914} INFO - Processing file /home/airflow/.local/lib/python3.12/site-packages/airflow/example_dags/example_complex.py for tasks to queue
[2025-06-27T17:02:29.368+0000] {logging_mixin.py:190} INFO - [2025-06-27T17:02:29.368+0000] {dagbag.py:588} INFO - Filling up the DagBag from /home/airflow/.local/lib/python3.12/site-packages/airflow/example_dags/example_complex.py
[2025-06-27T17:02:29.381+0000] {processor.py:925} INFO - DAG(s) 'example_complex' retrieved from /home/airflow/.local/lib/python3.12/site-packages/airflow/example_dags/example_complex.py
[2025-06-27T17:02:29.406+0000] {logging_mixin.py:190} INFO - [2025-06-27T17:02:29.406+0000] {dag.py:3239} INFO - Sync 1 DAGs
[2025-06-27T17:02:29.419+0000] {logging_mixin.py:190} INFO - [2025-06-27T17:02:29.419+0000] {dag.py:4180} INFO - Setting next_dagrun for example_complex to None, run_after=None
[2025-06-27T17:02:29.436+0000] {processor.py:208} INFO - Processing /home/airflow/.local/lib/python3.12/site-packages/airflow/example_dags/example_complex.py took 0.079 seconds
[2025-06-27T17:03:00.220+0000] {processor.py:186} INFO - Started process (PID=875) to work on /home/airflow/.local/lib/python3.12/site-packages/airflow/example_dags/example_complex.py
[2025-06-27T17:03:00.221+0000] {processor.py:914} INFO - Processing file /home/airflow/.local/lib/python3.12/site-packages/airflow/example_dags/example_complex.py for tasks to queue
[2025-06-27T17:03:00.223+0000] {logging_mixin.py:190} INFO - [2025-06-27T17:03:00.223+0000] {dagbag.py:588} INFO - Filling up the DagBag from /home/airflow/.local/lib/python3.12/site-packages/airflow/example_dags/example_complex.py
[2025-06-27T17:03:00.233+0000] {processor.py:925} INFO - DAG(s) 'example_complex' retrieved from /home/airflow/.local/lib/python3.12/site-packages/airflow/example_dags/example_complex.py
[2025-06-27T17:03:00.259+0000] {logging_mixin.py:190} INFO - [2025-06-27T17:03:00.259+0000] {dag.py:3239} INFO - Sync 1 DAGs
[2025-06-27T17:03:00.272+0000] {logging_mixin.py:190} INFO - [2025-06-27T17:03:00.271+0000] {dag.py:4180} INFO - Setting next_dagrun for example_complex to None, run_after=None
[2025-06-27T17:03:00.289+0000] {processor.py:208} INFO - Processing /home/airflow/.local/lib/python3.12/site-packages/airflow/example_dags/example_complex.py took 0.075 seconds
[2025-06-27T17:03:30.704+0000] {processor.py:186} INFO - Started process (PID=944) to work on /home/airflow/.local/lib/python3.12/site-packages/airflow/example_dags/example_complex.py
[2025-06-27T17:03:30.705+0000] {processor.py:914} INFO - Processing file /home/airflow/.local/lib/python3.12/site-packages/airflow/example_dags/example_complex.py for tasks to queue
[2025-06-27T17:03:30.707+0000] {logging_mixin.py:190} INFO - [2025-06-27T17:03:30.707+0000] {dagbag.py:588} INFO - Filling up the DagBag from /home/airflow/.local/lib/python3.12/site-packages/airflow/example_dags/example_complex.py
[2025-06-27T17:03:30.719+0000] {processor.py:925} INFO - DAG(s) 'example_complex' retrieved from /home/airflow/.local/lib/python3.12/site-packages/airflow/example_dags/example_complex.py
[2025-06-27T17:03:30.747+0000] {logging_mixin.py:190} INFO - [2025-06-27T17:03:30.747+0000] {dag.py:3239} INFO - Sync 1 DAGs
[2025-06-27T17:03:30.760+0000] {logging_mixin.py:190} INFO - [2025-06-27T17:03:30.760+0000] {dag.py:4180} INFO - Setting next_dagrun for example_complex to None, run_after=None
[2025-06-27T17:03:30.781+0000] {processor.py:208} INFO - Processing /home/airflow/.local/lib/python3.12/site-packages/airflow/example_dags/example_complex.py took 0.082 seconds
[2025-06-27T17:04:01.340+0000] {processor.py:186} INFO - Started process (PID=1014) to work on /home/airflow/.local/lib/python3.12/site-packages/airflow/example_dags/example_complex.py
[2025-06-27T17:04:01.341+0000] {processor.py:914} INFO - Processing file /home/airflow/.local/lib/python3.12/site-packages/airflow/example_dags/example_complex.py for tasks to queue
[2025-06-27T17:04:01.344+0000] {logging_mixin.py:190} INFO - [2025-06-27T17:04:01.344+0000] {dagbag.py:588} INFO - Filling up the DagBag from /home/airflow/.local/lib/python3.12/site-packages/airflow/example_dags/example_complex.py
[2025-06-27T17:04:01.356+0000] {processor.py:925} INFO - DAG(s) 'example_complex' retrieved from /home/airflow/.local/lib/python3.12/site-packages/airflow/example_dags/example_complex.py
[2025-06-27T17:04:01.384+0000] {logging_mixin.py:190} INFO - [2025-06-27T17:04:01.384+0000] {dag.py:3239} INFO - Sync 1 DAGs
[2025-06-27T17:04:01.397+0000] {logging_mixin.py:190} INFO - [2025-06-27T17:04:01.397+0000] {dag.py:4180} INFO - Setting next_dagrun for example_complex to None, run_after=None
[2025-06-27T17:04:01.418+0000] {processor.py:208} INFO - Processing /home/airflow/.local/lib/python3.12/site-packages/airflow/example_dags/example_complex.py took 0.083 seconds
[2025-06-27T17:04:31.597+0000] {processor.py:186} INFO - Started process (PID=1078) to work on /home/airflow/.local/lib/python3.12/site-packages/airflow/example_dags/example_complex.py
[2025-06-27T17:04:31.598+0000] {processor.py:914} INFO - Processing file /home/airflow/.local/lib/python3.12/site-packages/airflow/example_dags/example_complex.py for tasks to queue
[2025-06-27T17:04:31.600+0000] {logging_mixin.py:190} INFO - [2025-06-27T17:04:31.600+0000] {dagbag.py:588} INFO - Filling up the DagBag from /home/airflow/.local/lib/python3.12/site-packages/airflow/example_dags/example_complex.py
[2025-06-27T17:04:31.610+0000] {processor.py:925} INFO - DAG(s) 'example_complex' retrieved from /home/airflow/.local/lib/python3.12/site-packages/airflow/example_dags/example_complex.py
[2025-06-27T17:04:31.636+0000] {logging_mixin.py:190} INFO - [2025-06-27T17:04:31.636+0000] {dag.py:3239} INFO - Sync 1 DAGs
[2025-06-27T17:04:31.648+0000] {logging_mixin.py:190} INFO - [2025-06-27T17:04:31.648+0000] {dag.py:4180} INFO - Setting next_dagrun for example_complex to None, run_after=None
[2025-06-27T17:04:31.665+0000] {processor.py:208} INFO - Processing /home/airflow/.local/lib/python3.12/site-packages/airflow/example_dags/example_complex.py took 0.073 seconds
[2025-06-27T17:05:01.747+0000] {processor.py:186} INFO - Started process (PID=1147) to work on /home/airflow/.local/lib/python3.12/site-packages/airflow/example_dags/example_complex.py
[2025-06-27T17:05:01.748+0000] {processor.py:914} INFO - Processing file /home/airflow/.local/lib/python3.12/site-packages/airflow/example_dags/example_complex.py for tasks to queue
[2025-06-27T17:05:01.750+0000] {logging_mixin.py:190} INFO - [2025-06-27T17:05:01.749+0000] {dagbag.py:588} INFO - Filling up the DagBag from /home/airflow/.local/lib/python3.12/site-packages/airflow/example_dags/example_complex.py
[2025-06-27T17:05:01.761+0000] {processor.py:925} INFO - DAG(s) 'example_complex' retrieved from /home/airflow/.local/lib/python3.12/site-packages/airflow/example_dags/example_complex.py
[2025-06-27T17:05:01.791+0000] {logging_mixin.py:190} INFO - [2025-06-27T17:05:01.790+0000] {dag.py:3239} INFO - Sync 1 DAGs
[2025-06-27T17:05:01.806+0000] {logging_mixin.py:190} INFO - [2025-06-27T17:05:01.806+0000] {dag.py:4180} INFO - Setting next_dagrun for example_complex to None, run_after=None
[2025-06-27T17:05:01.826+0000] {processor.py:208} INFO - Processing /home/airflow/.local/lib/python3.12/site-packages/airflow/example_dags/example_complex.py took 0.085 seconds
[2025-06-27T17:05:32.119+0000] {processor.py:186} INFO - Started process (PID=1211) to work on /home/airflow/.local/lib/python3.12/site-packages/airflow/example_dags/example_complex.py
[2025-06-27T17:05:32.120+0000] {processor.py:914} INFO - Processing file /home/airflow/.local/lib/python3.12/site-packages/airflow/example_dags/example_complex.py for tasks to queue
[2025-06-27T17:05:32.122+0000] {logging_mixin.py:190} INFO - [2025-06-27T17:05:32.122+0000] {dagbag.py:588} INFO - Filling up the DagBag from /home/airflow/.local/lib/python3.12/site-packages/airflow/example_dags/example_complex.py
[2025-06-27T17:05:32.133+0000] {processor.py:925} INFO - DAG(s) 'example_complex' retrieved from /home/airflow/.local/lib/python3.12/site-packages/airflow/example_dags/example_complex.py
[2025-06-27T17:05:32.159+0000] {logging_mixin.py:190} INFO - [2025-06-27T17:05:32.158+0000] {dag.py:3239} INFO - Sync 1 DAGs
[2025-06-27T17:05:32.172+0000] {logging_mixin.py:190} INFO - [2025-06-27T17:05:32.172+0000] {dag.py:4180} INFO - Setting next_dagrun for example_complex to None, run_after=None
[2025-06-27T17:05:32.189+0000] {processor.py:208} INFO - Processing /home/airflow/.local/lib/python3.12/site-packages/airflow/example_dags/example_complex.py took 0.075 seconds
[2025-06-27T17:06:02.549+0000] {processor.py:186} INFO - Started process (PID=1281) to work on /home/airflow/.local/lib/python3.12/site-packages/airflow/example_dags/example_complex.py
[2025-06-27T17:06:02.550+0000] {processor.py:914} INFO - Processing file /home/airflow/.local/lib/python3.12/site-packages/airflow/example_dags/example_complex.py for tasks to queue
[2025-06-27T17:06:02.553+0000] {logging_mixin.py:190} INFO - [2025-06-27T17:06:02.552+0000] {dagbag.py:588} INFO - Filling up the DagBag from /home/airflow/.local/lib/python3.12/site-packages/airflow/example_dags/example_complex.py
[2025-06-27T17:06:02.567+0000] {processor.py:925} INFO - DAG(s) 'example_complex' retrieved from /home/airflow/.local/lib/python3.12/site-packages/airflow/example_dags/example_complex.py
[2025-06-27T17:06:02.599+0000] {logging_mixin.py:190} INFO - [2025-06-27T17:06:02.598+0000] {dag.py:3239} INFO - Sync 1 DAGs
[2025-06-27T17:06:02.617+0000] {logging_mixin.py:190} INFO - [2025-06-27T17:06:02.617+0000] {dag.py:4180} INFO - Setting next_dagrun for example_complex to None, run_after=None
[2025-06-27T17:06:02.639+0000] {processor.py:208} INFO - Processing /home/airflow/.local/lib/python3.12/site-packages/airflow/example_dags/example_complex.py took 0.097 seconds
[2025-06-27T17:06:33.507+0000] {processor.py:186} INFO - Started process (PID=1345) to work on /home/airflow/.local/lib/python3.12/site-packages/airflow/example_dags/example_complex.py
[2025-06-27T17:06:33.508+0000] {processor.py:914} INFO - Processing file /home/airflow/.local/lib/python3.12/site-packages/airflow/example_dags/example_complex.py for tasks to queue
[2025-06-27T17:06:33.511+0000] {logging_mixin.py:190} INFO - [2025-06-27T17:06:33.510+0000] {dagbag.py:588} INFO - Filling up the DagBag from /home/airflow/.local/lib/python3.12/site-packages/airflow/example_dags/example_complex.py
[2025-06-27T17:06:33.521+0000] {processor.py:925} INFO - DAG(s) 'example_complex' retrieved from /home/airflow/.local/lib/python3.12/site-packages/airflow/example_dags/example_complex.py
[2025-06-27T17:06:33.547+0000] {logging_mixin.py:190} INFO - [2025-06-27T17:06:33.547+0000] {dag.py:3239} INFO - Sync 1 DAGs
[2025-06-27T17:06:33.560+0000] {logging_mixin.py:190} INFO - [2025-06-27T17:06:33.560+0000] {dag.py:4180} INFO - Setting next_dagrun for example_complex to None, run_after=None
[2025-06-27T17:06:33.577+0000] {processor.py:208} INFO - Processing /home/airflow/.local/lib/python3.12/site-packages/airflow/example_dags/example_complex.py took 0.074 seconds
[2025-06-27T17:07:04.547+0000] {processor.py:186} INFO - Started process (PID=1414) to work on /home/airflow/.local/lib/python3.12/site-packages/airflow/example_dags/example_complex.py
[2025-06-27T17:07:04.548+0000] {processor.py:914} INFO - Processing file /home/airflow/.local/lib/python3.12/site-packages/airflow/example_dags/example_complex.py for tasks to queue
[2025-06-27T17:07:04.550+0000] {logging_mixin.py:190} INFO - [2025-06-27T17:07:04.550+0000] {dagbag.py:588} INFO - Filling up the DagBag from /home/airflow/.local/lib/python3.12/site-packages/airflow/example_dags/example_complex.py
[2025-06-27T17:07:04.561+0000] {processor.py:925} INFO - DAG(s) 'example_complex' retrieved from /home/airflow/.local/lib/python3.12/site-packages/airflow/example_dags/example_complex.py
[2025-06-27T17:07:04.587+0000] {logging_mixin.py:190} INFO - [2025-06-27T17:07:04.587+0000] {dag.py:3239} INFO - Sync 1 DAGs
[2025-06-27T17:07:04.601+0000] {logging_mixin.py:190} INFO - [2025-06-27T17:07:04.601+0000] {dag.py:4180} INFO - Setting next_dagrun for example_complex to None, run_after=None
[2025-06-27T17:07:04.618+0000] {processor.py:208} INFO - Processing /home/airflow/.local/lib/python3.12/site-packages/airflow/example_dags/example_complex.py took 0.076 seconds
[2025-06-27T17:07:35.468+0000] {processor.py:186} INFO - Started process (PID=1478) to work on /home/airflow/.local/lib/python3.12/site-packages/airflow/example_dags/example_complex.py
[2025-06-27T17:07:35.468+0000] {processor.py:914} INFO - Processing file /home/airflow/.local/lib/python3.12/site-packages/airflow/example_dags/example_complex.py for tasks to queue
[2025-06-27T17:07:35.470+0000] {logging_mixin.py:190} INFO - [2025-06-27T17:07:35.470+0000] {dagbag.py:588} INFO - Filling up the DagBag from /home/airflow/.local/lib/python3.12/site-packages/airflow/example_dags/example_complex.py
[2025-06-27T17:07:35.480+0000] {processor.py:925} INFO - DAG(s) 'example_complex' retrieved from /home/airflow/.local/lib/python3.12/site-packages/airflow/example_dags/example_complex.py
[2025-06-27T17:07:35.504+0000] {logging_mixin.py:190} INFO - [2025-06-27T17:07:35.504+0000] {dag.py:3239} INFO - Sync 1 DAGs
[2025-06-27T17:07:35.517+0000] {logging_mixin.py:190} INFO - [2025-06-27T17:07:35.517+0000] {dag.py:4180} INFO - Setting next_dagrun for example_complex to None, run_after=None
[2025-06-27T17:07:35.544+0000] {processor.py:208} INFO - Processing /home/airflow/.local/lib/python3.12/site-packages/airflow/example_dags/example_complex.py took 0.081 seconds
[2025-06-27T17:08:05.654+0000] {processor.py:186} INFO - Started process (PID=1548) to work on /home/airflow/.local/lib/python3.12/site-packages/airflow/example_dags/example_complex.py
[2025-06-27T17:08:05.655+0000] {processor.py:914} INFO - Processing file /home/airflow/.local/lib/python3.12/site-packages/airflow/example_dags/example_complex.py for tasks to queue
[2025-06-27T17:08:05.657+0000] {logging_mixin.py:190} INFO - [2025-06-27T17:08:05.657+0000] {dagbag.py:588} INFO - Filling up the DagBag from /home/airflow/.local/lib/python3.12/site-packages/airflow/example_dags/example_complex.py
[2025-06-27T17:08:05.668+0000] {processor.py:925} INFO - DAG(s) 'example_complex' retrieved from /home/airflow/.local/lib/python3.12/site-packages/airflow/example_dags/example_complex.py
[2025-06-27T17:08:05.695+0000] {logging_mixin.py:190} INFO - [2025-06-27T17:08:05.695+0000] {dag.py:3239} INFO - Sync 1 DAGs
[2025-06-27T17:08:05.709+0000] {logging_mixin.py:190} INFO - [2025-06-27T17:08:05.708+0000] {dag.py:4180} INFO - Setting next_dagrun for example_complex to None, run_after=None
[2025-06-27T17:08:05.736+0000] {processor.py:208} INFO - Processing /home/airflow/.local/lib/python3.12/site-packages/airflow/example_dags/example_complex.py took 0.087 seconds
[2025-06-27T17:08:35.915+0000] {processor.py:186} INFO - Started process (PID=1612) to work on /home/airflow/.local/lib/python3.12/site-packages/airflow/example_dags/example_complex.py
[2025-06-27T17:08:35.915+0000] {processor.py:914} INFO - Processing file /home/airflow/.local/lib/python3.12/site-packages/airflow/example_dags/example_complex.py for tasks to queue
[2025-06-27T17:08:35.918+0000] {logging_mixin.py:190} INFO - [2025-06-27T17:08:35.917+0000] {dagbag.py:588} INFO - Filling up the DagBag from /home/airflow/.local/lib/python3.12/site-packages/airflow/example_dags/example_complex.py
[2025-06-27T17:08:35.928+0000] {processor.py:925} INFO - DAG(s) 'example_complex' retrieved from /home/airflow/.local/lib/python3.12/site-packages/airflow/example_dags/example_complex.py
[2025-06-27T17:08:35.953+0000] {logging_mixin.py:190} INFO - [2025-06-27T17:08:35.953+0000] {dag.py:3239} INFO - Sync 1 DAGs
[2025-06-27T17:08:35.966+0000] {logging_mixin.py:190} INFO - [2025-06-27T17:08:35.965+0000] {dag.py:4180} INFO - Setting next_dagrun for example_complex to None, run_after=None
[2025-06-27T17:08:35.983+0000] {processor.py:208} INFO - Processing /home/airflow/.local/lib/python3.12/site-packages/airflow/example_dags/example_complex.py took 0.073 seconds
[2025-06-27T17:09:06.837+0000] {processor.py:186} INFO - Started process (PID=1681) to work on /home/airflow/.local/lib/python3.12/site-packages/airflow/example_dags/example_complex.py
[2025-06-27T17:09:06.838+0000] {processor.py:914} INFO - Processing file /home/airflow/.local/lib/python3.12/site-packages/airflow/example_dags/example_complex.py for tasks to queue
[2025-06-27T17:09:06.840+0000] {logging_mixin.py:190} INFO - [2025-06-27T17:09:06.839+0000] {dagbag.py:588} INFO - Filling up the DagBag from /home/airflow/.local/lib/python3.12/site-packages/airflow/example_dags/example_complex.py
[2025-06-27T17:09:06.850+0000] {processor.py:925} INFO - DAG(s) 'example_complex' retrieved from /home/airflow/.local/lib/python3.12/site-packages/airflow/example_dags/example_complex.py
[2025-06-27T17:09:06.875+0000] {logging_mixin.py:190} INFO - [2025-06-27T17:09:06.875+0000] {dag.py:3239} INFO - Sync 1 DAGs
[2025-06-27T17:09:06.887+0000] {logging_mixin.py:190} INFO - [2025-06-27T17:09:06.887+0000] {dag.py:4180} INFO - Setting next_dagrun for example_complex to None, run_after=None
[2025-06-27T17:09:06.905+0000] {processor.py:208} INFO - Processing /home/airflow/.local/lib/python3.12/site-packages/airflow/example_dags/example_complex.py took 0.073 seconds
[2025-06-27T17:09:37.181+0000] {processor.py:186} INFO - Started process (PID=1745) to work on /home/airflow/.local/lib/python3.12/site-packages/airflow/example_dags/example_complex.py
[2025-06-27T17:09:37.182+0000] {processor.py:914} INFO - Processing file /home/airflow/.local/lib/python3.12/site-packages/airflow/example_dags/example_complex.py for tasks to queue
[2025-06-27T17:09:37.184+0000] {logging_mixin.py:190} INFO - [2025-06-27T17:09:37.184+0000] {dagbag.py:588} INFO - Filling up the DagBag from /home/airflow/.local/lib/python3.12/site-packages/airflow/example_dags/example_complex.py
[2025-06-27T17:09:37.194+0000] {processor.py:925} INFO - DAG(s) 'example_complex' retrieved from /home/airflow/.local/lib/python3.12/site-packages/airflow/example_dags/example_complex.py
[2025-06-27T17:09:37.222+0000] {logging_mixin.py:190} INFO - [2025-06-27T17:09:37.222+0000] {dag.py:3239} INFO - Sync 1 DAGs
[2025-06-27T17:09:37.235+0000] {logging_mixin.py:190} INFO - [2025-06-27T17:09:37.235+0000] {dag.py:4180} INFO - Setting next_dagrun for example_complex to None, run_after=None
[2025-06-27T17:09:37.256+0000] {processor.py:208} INFO - Processing /home/airflow/.local/lib/python3.12/site-packages/airflow/example_dags/example_complex.py took 0.081 seconds
[2025-06-27T17:10:07.627+0000] {processor.py:186} INFO - Started process (PID=1815) to work on /home/airflow/.local/lib/python3.12/site-packages/airflow/example_dags/example_complex.py
[2025-06-27T17:10:07.628+0000] {processor.py:914} INFO - Processing file /home/airflow/.local/lib/python3.12/site-packages/airflow/example_dags/example_complex.py for tasks to queue
[2025-06-27T17:10:07.630+0000] {logging_mixin.py:190} INFO - [2025-06-27T17:10:07.630+0000] {dagbag.py:588} INFO - Filling up the DagBag from /home/airflow/.local/lib/python3.12/site-packages/airflow/example_dags/example_complex.py
[2025-06-27T17:10:07.640+0000] {processor.py:925} INFO - DAG(s) 'example_complex' retrieved from /home/airflow/.local/lib/python3.12/site-packages/airflow/example_dags/example_complex.py
[2025-06-27T17:10:07.667+0000] {logging_mixin.py:190} INFO - [2025-06-27T17:10:07.667+0000] {dag.py:3239} INFO - Sync 1 DAGs
[2025-06-27T17:10:07.680+0000] {logging_mixin.py:190} INFO - [2025-06-27T17:10:07.680+0000] {dag.py:4180} INFO - Setting next_dagrun for example_complex to None, run_after=None
[2025-06-27T17:10:07.697+0000] {processor.py:208} INFO - Processing /home/airflow/.local/lib/python3.12/site-packages/airflow/example_dags/example_complex.py took 0.075 seconds
[2025-06-27T17:10:38.144+0000] {processor.py:186} INFO - Started process (PID=1879) to work on /home/airflow/.local/lib/python3.12/site-packages/airflow/example_dags/example_complex.py
[2025-06-27T17:10:38.145+0000] {processor.py:914} INFO - Processing file /home/airflow/.local/lib/python3.12/site-packages/airflow/example_dags/example_complex.py for tasks to queue
[2025-06-27T17:10:38.147+0000] {logging_mixin.py:190} INFO - [2025-06-27T17:10:38.147+0000] {dagbag.py:588} INFO - Filling up the DagBag from /home/airflow/.local/lib/python3.12/site-packages/airflow/example_dags/example_complex.py
[2025-06-27T17:10:38.158+0000] {processor.py:925} INFO - DAG(s) 'example_complex' retrieved from /home/airflow/.local/lib/python3.12/site-packages/airflow/example_dags/example_complex.py
[2025-06-27T17:10:38.187+0000] {logging_mixin.py:190} INFO - [2025-06-27T17:10:38.187+0000] {dag.py:3239} INFO - Sync 1 DAGs
[2025-06-27T17:10:38.203+0000] {logging_mixin.py:190} INFO - [2025-06-27T17:10:38.202+0000] {dag.py:4180} INFO - Setting next_dagrun for example_complex to None, run_after=None
[2025-06-27T17:10:38.222+0000] {processor.py:208} INFO - Processing /home/airflow/.local/lib/python3.12/site-packages/airflow/example_dags/example_complex.py took 0.083 seconds
[2025-06-27T17:11:08.537+0000] {processor.py:186} INFO - Started process (PID=1948) to work on /home/airflow/.local/lib/python3.12/site-packages/airflow/example_dags/example_complex.py
[2025-06-27T17:11:08.538+0000] {processor.py:914} INFO - Processing file /home/airflow/.local/lib/python3.12/site-packages/airflow/example_dags/example_complex.py for tasks to queue
[2025-06-27T17:11:08.540+0000] {logging_mixin.py:190} INFO - [2025-06-27T17:11:08.540+0000] {dagbag.py:588} INFO - Filling up the DagBag from /home/airflow/.local/lib/python3.12/site-packages/airflow/example_dags/example_complex.py
[2025-06-27T17:11:08.552+0000] {processor.py:925} INFO - DAG(s) 'example_complex' retrieved from /home/airflow/.local/lib/python3.12/site-packages/airflow/example_dags/example_complex.py
[2025-06-27T17:11:08.579+0000] {logging_mixin.py:190} INFO - [2025-06-27T17:11:08.579+0000] {dag.py:3239} INFO - Sync 1 DAGs
[2025-06-27T17:11:08.593+0000] {logging_mixin.py:190} INFO - [2025-06-27T17:11:08.593+0000] {dag.py:4180} INFO - Setting next_dagrun for example_complex to None, run_after=None
[2025-06-27T17:11:08.611+0000] {processor.py:208} INFO - Processing /home/airflow/.local/lib/python3.12/site-packages/airflow/example_dags/example_complex.py took 0.080 seconds
[2025-06-27T17:11:38.700+0000] {processor.py:186} INFO - Started process (PID=2012) to work on /home/airflow/.local/lib/python3.12/site-packages/airflow/example_dags/example_complex.py
[2025-06-27T17:11:38.701+0000] {processor.py:914} INFO - Processing file /home/airflow/.local/lib/python3.12/site-packages/airflow/example_dags/example_complex.py for tasks to queue
[2025-06-27T17:11:38.703+0000] {logging_mixin.py:190} INFO - [2025-06-27T17:11:38.703+0000] {dagbag.py:588} INFO - Filling up the DagBag from /home/airflow/.local/lib/python3.12/site-packages/airflow/example_dags/example_complex.py
[2025-06-27T17:11:38.714+0000] {processor.py:925} INFO - DAG(s) 'example_complex' retrieved from /home/airflow/.local/lib/python3.12/site-packages/airflow/example_dags/example_complex.py
[2025-06-27T17:11:38.742+0000] {logging_mixin.py:190} INFO - [2025-06-27T17:11:38.741+0000] {dag.py:3239} INFO - Sync 1 DAGs
[2025-06-27T17:11:38.755+0000] {logging_mixin.py:190} INFO - [2025-06-27T17:11:38.755+0000] {dag.py:4180} INFO - Setting next_dagrun for example_complex to None, run_after=None
[2025-06-27T17:11:38.774+0000] {processor.py:208} INFO - Processing /home/airflow/.local/lib/python3.12/site-packages/airflow/example_dags/example_complex.py took 0.079 seconds
[2025-06-27T17:12:08.943+0000] {processor.py:186} INFO - Started process (PID=2082) to work on /home/airflow/.local/lib/python3.12/site-packages/airflow/example_dags/example_complex.py
[2025-06-27T17:12:08.944+0000] {processor.py:914} INFO - Processing file /home/airflow/.local/lib/python3.12/site-packages/airflow/example_dags/example_complex.py for tasks to queue
[2025-06-27T17:12:08.946+0000] {logging_mixin.py:190} INFO - [2025-06-27T17:12:08.946+0000] {dagbag.py:588} INFO - Filling up the DagBag from /home/airflow/.local/lib/python3.12/site-packages/airflow/example_dags/example_complex.py
[2025-06-27T17:12:08.957+0000] {processor.py:925} INFO - DAG(s) 'example_complex' retrieved from /home/airflow/.local/lib/python3.12/site-packages/airflow/example_dags/example_complex.py
[2025-06-27T17:12:08.986+0000] {logging_mixin.py:190} INFO - [2025-06-27T17:12:08.986+0000] {dag.py:3239} INFO - Sync 1 DAGs
[2025-06-27T17:12:09.000+0000] {logging_mixin.py:190} INFO - [2025-06-27T17:12:09.000+0000] {dag.py:4180} INFO - Setting next_dagrun for example_complex to None, run_after=None
[2025-06-27T17:12:09.018+0000] {processor.py:208} INFO - Processing /home/airflow/.local/lib/python3.12/site-packages/airflow/example_dags/example_complex.py took 0.080 seconds
[2025-06-27T17:12:39.466+0000] {processor.py:186} INFO - Started process (PID=2146) to work on /home/airflow/.local/lib/python3.12/site-packages/airflow/example_dags/example_complex.py
[2025-06-27T17:12:39.467+0000] {processor.py:914} INFO - Processing file /home/airflow/.local/lib/python3.12/site-packages/airflow/example_dags/example_complex.py for tasks to queue
[2025-06-27T17:12:39.470+0000] {logging_mixin.py:190} INFO - [2025-06-27T17:12:39.470+0000] {dagbag.py:588} INFO - Filling up the DagBag from /home/airflow/.local/lib/python3.12/site-packages/airflow/example_dags/example_complex.py
[2025-06-27T17:12:39.482+0000] {processor.py:925} INFO - DAG(s) 'example_complex' retrieved from /home/airflow/.local/lib/python3.12/site-packages/airflow/example_dags/example_complex.py
[2025-06-27T17:12:39.514+0000] {logging_mixin.py:190} INFO - [2025-06-27T17:12:39.514+0000] {dag.py:3239} INFO - Sync 1 DAGs
[2025-06-27T17:12:39.527+0000] {logging_mixin.py:190} INFO - [2025-06-27T17:12:39.527+0000] {dag.py:4180} INFO - Setting next_dagrun for example_complex to None, run_after=None
[2025-06-27T17:12:39.546+0000] {processor.py:208} INFO - Processing /home/airflow/.local/lib/python3.12/site-packages/airflow/example_dags/example_complex.py took 0.085 seconds
[2025-06-27T17:13:09.945+0000] {processor.py:186} INFO - Started process (PID=2215) to work on /home/airflow/.local/lib/python3.12/site-packages/airflow/example_dags/example_complex.py
[2025-06-27T17:13:09.946+0000] {processor.py:914} INFO - Processing file /home/airflow/.local/lib/python3.12/site-packages/airflow/example_dags/example_complex.py for tasks to queue
[2025-06-27T17:13:09.949+0000] {logging_mixin.py:190} INFO - [2025-06-27T17:13:09.949+0000] {dagbag.py:588} INFO - Filling up the DagBag from /home/airflow/.local/lib/python3.12/site-packages/airflow/example_dags/example_complex.py
[2025-06-27T17:13:09.962+0000] {processor.py:925} INFO - DAG(s) 'example_complex' retrieved from /home/airflow/.local/lib/python3.12/site-packages/airflow/example_dags/example_complex.py
[2025-06-27T17:13:09.988+0000] {logging_mixin.py:190} INFO - [2025-06-27T17:13:09.988+0000] {dag.py:3239} INFO - Sync 1 DAGs
[2025-06-27T17:13:10.000+0000] {logging_mixin.py:190} INFO - [2025-06-27T17:13:10.000+0000] {dag.py:4180} INFO - Setting next_dagrun for example_complex to None, run_after=None
[2025-06-27T17:13:10.017+0000] {processor.py:208} INFO - Processing /home/airflow/.local/lib/python3.12/site-packages/airflow/example_dags/example_complex.py took 0.078 seconds
[2025-06-27T17:13:40.834+0000] {processor.py:186} INFO - Started process (PID=2279) to work on /home/airflow/.local/lib/python3.12/site-packages/airflow/example_dags/example_complex.py
[2025-06-27T17:13:40.835+0000] {processor.py:914} INFO - Processing file /home/airflow/.local/lib/python3.12/site-packages/airflow/example_dags/example_complex.py for tasks to queue
[2025-06-27T17:13:40.838+0000] {logging_mixin.py:190} INFO - [2025-06-27T17:13:40.838+0000] {dagbag.py:588} INFO - Filling up the DagBag from /home/airflow/.local/lib/python3.12/site-packages/airflow/example_dags/example_complex.py
[2025-06-27T17:13:40.851+0000] {processor.py:925} INFO - DAG(s) 'example_complex' retrieved from /home/airflow/.local/lib/python3.12/site-packages/airflow/example_dags/example_complex.py
[2025-06-27T17:13:40.879+0000] {logging_mixin.py:190} INFO - [2025-06-27T17:13:40.878+0000] {dag.py:3239} INFO - Sync 1 DAGs
[2025-06-27T17:13:40.894+0000] {logging_mixin.py:190} INFO - [2025-06-27T17:13:40.894+0000] {dag.py:4180} INFO - Setting next_dagrun for example_complex to None, run_after=None
[2025-06-27T17:13:40.923+0000] {processor.py:208} INFO - Processing /home/airflow/.local/lib/python3.12/site-packages/airflow/example_dags/example_complex.py took 0.095 seconds
[2025-06-27T17:14:11.184+0000] {processor.py:186} INFO - Started process (PID=2349) to work on /home/airflow/.local/lib/python3.12/site-packages/airflow/example_dags/example_complex.py
[2025-06-27T17:14:11.185+0000] {processor.py:914} INFO - Processing file /home/airflow/.local/lib/python3.12/site-packages/airflow/example_dags/example_complex.py for tasks to queue
[2025-06-27T17:14:11.187+0000] {logging_mixin.py:190} INFO - [2025-06-27T17:14:11.187+0000] {dagbag.py:588} INFO - Filling up the DagBag from /home/airflow/.local/lib/python3.12/site-packages/airflow/example_dags/example_complex.py
[2025-06-27T17:14:11.199+0000] {processor.py:925} INFO - DAG(s) 'example_complex' retrieved from /home/airflow/.local/lib/python3.12/site-packages/airflow/example_dags/example_complex.py
[2025-06-27T17:14:11.224+0000] {logging_mixin.py:190} INFO - [2025-06-27T17:14:11.224+0000] {dag.py:3239} INFO - Sync 1 DAGs
[2025-06-27T17:14:11.238+0000] {logging_mixin.py:190} INFO - [2025-06-27T17:14:11.237+0000] {dag.py:4180} INFO - Setting next_dagrun for example_complex to None, run_after=None
[2025-06-27T17:14:11.258+0000] {processor.py:208} INFO - Processing /home/airflow/.local/lib/python3.12/site-packages/airflow/example_dags/example_complex.py took 0.079 seconds
[2025-06-27T17:14:41.772+0000] {processor.py:186} INFO - Started process (PID=2413) to work on /home/airflow/.local/lib/python3.12/site-packages/airflow/example_dags/example_complex.py
[2025-06-27T17:14:41.772+0000] {processor.py:914} INFO - Processing file /home/airflow/.local/lib/python3.12/site-packages/airflow/example_dags/example_complex.py for tasks to queue
[2025-06-27T17:14:41.774+0000] {logging_mixin.py:190} INFO - [2025-06-27T17:14:41.774+0000] {dagbag.py:588} INFO - Filling up the DagBag from /home/airflow/.local/lib/python3.12/site-packages/airflow/example_dags/example_complex.py
[2025-06-27T17:14:41.784+0000] {processor.py:925} INFO - DAG(s) 'example_complex' retrieved from /home/airflow/.local/lib/python3.12/site-packages/airflow/example_dags/example_complex.py
[2025-06-27T17:14:41.809+0000] {logging_mixin.py:190} INFO - [2025-06-27T17:14:41.809+0000] {dag.py:3239} INFO - Sync 1 DAGs
[2025-06-27T17:14:41.821+0000] {logging_mixin.py:190} INFO - [2025-06-27T17:14:41.821+0000] {dag.py:4180} INFO - Setting next_dagrun for example_complex to None, run_after=None
[2025-06-27T17:14:41.839+0000] {processor.py:208} INFO - Processing /home/airflow/.local/lib/python3.12/site-packages/airflow/example_dags/example_complex.py took 0.073 seconds
[2025-06-27T17:15:12.633+0000] {processor.py:186} INFO - Started process (PID=2482) to work on /home/airflow/.local/lib/python3.12/site-packages/airflow/example_dags/example_complex.py
[2025-06-27T17:15:12.635+0000] {processor.py:914} INFO - Processing file /home/airflow/.local/lib/python3.12/site-packages/airflow/example_dags/example_complex.py for tasks to queue
[2025-06-27T17:15:12.637+0000] {logging_mixin.py:190} INFO - [2025-06-27T17:15:12.637+0000] {dagbag.py:588} INFO - Filling up the DagBag from /home/airflow/.local/lib/python3.12/site-packages/airflow/example_dags/example_complex.py
[2025-06-27T17:15:12.649+0000] {processor.py:925} INFO - DAG(s) 'example_complex' retrieved from /home/airflow/.local/lib/python3.12/site-packages/airflow/example_dags/example_complex.py
[2025-06-27T17:15:12.675+0000] {logging_mixin.py:190} INFO - [2025-06-27T17:15:12.674+0000] {dag.py:3239} INFO - Sync 1 DAGs
[2025-06-27T17:15:12.688+0000] {logging_mixin.py:190} INFO - [2025-06-27T17:15:12.687+0000] {dag.py:4180} INFO - Setting next_dagrun for example_complex to None, run_after=None
[2025-06-27T17:15:12.704+0000] {processor.py:208} INFO - Processing /home/airflow/.local/lib/python3.12/site-packages/airflow/example_dags/example_complex.py took 0.077 seconds
[2025-06-27T17:15:43.462+0000] {processor.py:186} INFO - Started process (PID=2546) to work on /home/airflow/.local/lib/python3.12/site-packages/airflow/example_dags/example_complex.py
[2025-06-27T17:15:43.463+0000] {processor.py:914} INFO - Processing file /home/airflow/.local/lib/python3.12/site-packages/airflow/example_dags/example_complex.py for tasks to queue
[2025-06-27T17:15:43.465+0000] {logging_mixin.py:190} INFO - [2025-06-27T17:15:43.465+0000] {dagbag.py:588} INFO - Filling up the DagBag from /home/airflow/.local/lib/python3.12/site-packages/airflow/example_dags/example_complex.py
[2025-06-27T17:15:43.477+0000] {processor.py:925} INFO - DAG(s) 'example_complex' retrieved from /home/airflow/.local/lib/python3.12/site-packages/airflow/example_dags/example_complex.py
[2025-06-27T17:15:43.503+0000] {logging_mixin.py:190} INFO - [2025-06-27T17:15:43.503+0000] {dag.py:3239} INFO - Sync 1 DAGs
[2025-06-27T17:15:43.517+0000] {logging_mixin.py:190} INFO - [2025-06-27T17:15:43.517+0000] {dag.py:4180} INFO - Setting next_dagrun for example_complex to None, run_after=None
[2025-06-27T17:15:43.536+0000] {processor.py:208} INFO - Processing /home/airflow/.local/lib/python3.12/site-packages/airflow/example_dags/example_complex.py took 0.079 seconds
[2025-06-27T17:16:13.874+0000] {processor.py:186} INFO - Started process (PID=2616) to work on /home/airflow/.local/lib/python3.12/site-packages/airflow/example_dags/example_complex.py
[2025-06-27T17:16:13.875+0000] {processor.py:914} INFO - Processing file /home/airflow/.local/lib/python3.12/site-packages/airflow/example_dags/example_complex.py for tasks to queue
[2025-06-27T17:16:13.877+0000] {logging_mixin.py:190} INFO - [2025-06-27T17:16:13.877+0000] {dagbag.py:588} INFO - Filling up the DagBag from /home/airflow/.local/lib/python3.12/site-packages/airflow/example_dags/example_complex.py
[2025-06-27T17:16:13.888+0000] {processor.py:925} INFO - DAG(s) 'example_complex' retrieved from /home/airflow/.local/lib/python3.12/site-packages/airflow/example_dags/example_complex.py
[2025-06-27T17:16:13.922+0000] {logging_mixin.py:190} INFO - [2025-06-27T17:16:13.922+0000] {dag.py:3239} INFO - Sync 1 DAGs
[2025-06-27T17:16:13.936+0000] {logging_mixin.py:190} INFO - [2025-06-27T17:16:13.935+0000] {dag.py:4180} INFO - Setting next_dagrun for example_complex to None, run_after=None
[2025-06-27T17:16:13.962+0000] {processor.py:208} INFO - Processing /home/airflow/.local/lib/python3.12/site-packages/airflow/example_dags/example_complex.py took 0.094 seconds
[2025-06-27T17:16:44.128+0000] {processor.py:186} INFO - Started process (PID=2680) to work on /home/airflow/.local/lib/python3.12/site-packages/airflow/example_dags/example_complex.py
[2025-06-27T17:16:44.129+0000] {processor.py:914} INFO - Processing file /home/airflow/.local/lib/python3.12/site-packages/airflow/example_dags/example_complex.py for tasks to queue
[2025-06-27T17:16:44.131+0000] {logging_mixin.py:190} INFO - [2025-06-27T17:16:44.131+0000] {dagbag.py:588} INFO - Filling up the DagBag from /home/airflow/.local/lib/python3.12/site-packages/airflow/example_dags/example_complex.py
[2025-06-27T17:16:44.141+0000] {processor.py:925} INFO - DAG(s) 'example_complex' retrieved from /home/airflow/.local/lib/python3.12/site-packages/airflow/example_dags/example_complex.py
[2025-06-27T17:16:44.166+0000] {logging_mixin.py:190} INFO - [2025-06-27T17:16:44.166+0000] {dag.py:3239} INFO - Sync 1 DAGs
[2025-06-27T17:16:44.178+0000] {logging_mixin.py:190} INFO - [2025-06-27T17:16:44.178+0000] {dag.py:4180} INFO - Setting next_dagrun for example_complex to None, run_after=None
[2025-06-27T17:16:44.196+0000] {processor.py:208} INFO - Processing /home/airflow/.local/lib/python3.12/site-packages/airflow/example_dags/example_complex.py took 0.073 seconds
[2025-06-27T17:17:14.670+0000] {processor.py:186} INFO - Started process (PID=2749) to work on /home/airflow/.local/lib/python3.12/site-packages/airflow/example_dags/example_complex.py
[2025-06-27T17:17:14.671+0000] {processor.py:914} INFO - Processing file /home/airflow/.local/lib/python3.12/site-packages/airflow/example_dags/example_complex.py for tasks to queue
[2025-06-27T17:17:14.674+0000] {logging_mixin.py:190} INFO - [2025-06-27T17:17:14.673+0000] {dagbag.py:588} INFO - Filling up the DagBag from /home/airflow/.local/lib/python3.12/site-packages/airflow/example_dags/example_complex.py
[2025-06-27T17:17:14.689+0000] {processor.py:925} INFO - DAG(s) 'example_complex' retrieved from /home/airflow/.local/lib/python3.12/site-packages/airflow/example_dags/example_complex.py
[2025-06-27T17:17:14.726+0000] {logging_mixin.py:190} INFO - [2025-06-27T17:17:14.726+0000] {dag.py:3239} INFO - Sync 1 DAGs
[2025-06-27T17:17:14.741+0000] {logging_mixin.py:190} INFO - [2025-06-27T17:17:14.741+0000] {dag.py:4180} INFO - Setting next_dagrun for example_complex to None, run_after=None
[2025-06-27T17:17:14.761+0000] {processor.py:208} INFO - Processing /home/airflow/.local/lib/python3.12/site-packages/airflow/example_dags/example_complex.py took 0.098 seconds
