[2025-06-27T16:57:53.558+0000] {processor.py:186} INFO - Started process (PID=74) to work on /home/airflow/.local/lib/python3.12/site-packages/airflow/example_dags/example_sensors.py
[2025-06-27T16:57:53.560+0000] {processor.py:914} INFO - Processing file /home/airflow/.local/lib/python3.12/site-packages/airflow/example_dags/example_sensors.py for tasks to queue
[2025-06-27T16:57:53.563+0000] {logging_mixin.py:190} INFO - [2025-06-27T16:57:53.563+0000] {dagbag.py:588} INFO - Filling up the DagBag from /home/airflow/.local/lib/python3.12/site-packages/airflow/example_dags/example_sensors.py
[2025-06-27T16:57:53.577+0000] {processor.py:925} INFO - DAG(s) 'example_sensors' retrieved from /home/airflow/.local/lib/python3.12/site-packages/airflow/example_dags/example_sensors.py
[2025-06-27T16:57:53.614+0000] {logging_mixin.py:190} INFO - [2025-06-27T16:57:53.614+0000] {dag.py:3239} INFO - Sync 1 DAGs
[2025-06-27T16:57:53.633+0000] {logging_mixin.py:190} INFO - [2025-06-27T16:57:53.633+0000] {dag.py:4180} INFO - Setting next_dagrun for example_sensors to None, run_after=None
[2025-06-27T16:57:53.660+0000] {processor.py:208} INFO - Processing /home/airflow/.local/lib/python3.12/site-packages/airflow/example_dags/example_sensors.py took 0.108 seconds
[2025-06-27T16:58:24.023+0000] {processor.py:186} INFO - Started process (PID=244) to work on /home/airflow/.local/lib/python3.12/site-packages/airflow/example_dags/example_sensors.py
[2025-06-27T16:58:24.024+0000] {processor.py:914} INFO - Processing file /home/airflow/.local/lib/python3.12/site-packages/airflow/example_dags/example_sensors.py for tasks to queue
[2025-06-27T16:58:24.026+0000] {logging_mixin.py:190} INFO - [2025-06-27T16:58:24.026+0000] {dagbag.py:588} INFO - Filling up the DagBag from /home/airflow/.local/lib/python3.12/site-packages/airflow/example_dags/example_sensors.py
[2025-06-27T16:58:24.036+0000] {processor.py:925} INFO - DAG(s) 'example_sensors' retrieved from /home/airflow/.local/lib/python3.12/site-packages/airflow/example_dags/example_sensors.py
[2025-06-27T16:58:24.058+0000] {logging_mixin.py:190} INFO - [2025-06-27T16:58:24.058+0000] {dag.py:3239} INFO - Sync 1 DAGs
[2025-06-27T16:58:24.071+0000] {logging_mixin.py:190} INFO - [2025-06-27T16:58:24.071+0000] {dag.py:4180} INFO - Setting next_dagrun for example_sensors to None, run_after=None
[2025-06-27T16:58:24.088+0000] {processor.py:208} INFO - Processing /home/airflow/.local/lib/python3.12/site-packages/airflow/example_dags/example_sensors.py took 0.070 seconds
[2025-06-27T16:58:54.334+0000] {processor.py:186} INFO - Started process (PID=334) to work on /home/airflow/.local/lib/python3.12/site-packages/airflow/example_dags/example_sensors.py
[2025-06-27T16:58:54.335+0000] {processor.py:914} INFO - Processing file /home/airflow/.local/lib/python3.12/site-packages/airflow/example_dags/example_sensors.py for tasks to queue
[2025-06-27T16:58:54.337+0000] {logging_mixin.py:190} INFO - [2025-06-27T16:58:54.336+0000] {dagbag.py:588} INFO - Filling up the DagBag from /home/airflow/.local/lib/python3.12/site-packages/airflow/example_dags/example_sensors.py
[2025-06-27T16:58:54.346+0000] {processor.py:925} INFO - DAG(s) 'example_sensors' retrieved from /home/airflow/.local/lib/python3.12/site-packages/airflow/example_dags/example_sensors.py
[2025-06-27T16:58:54.369+0000] {logging_mixin.py:190} INFO - [2025-06-27T16:58:54.369+0000] {dag.py:3239} INFO - Sync 1 DAGs
[2025-06-27T16:58:54.382+0000] {logging_mixin.py:190} INFO - [2025-06-27T16:58:54.382+0000] {dag.py:4180} INFO - Setting next_dagrun for example_sensors to None, run_after=None
[2025-06-27T16:58:54.400+0000] {processor.py:208} INFO - Processing /home/airflow/.local/lib/python3.12/site-packages/airflow/example_dags/example_sensors.py took 0.071 seconds
[2025-06-27T16:59:24.701+0000] {processor.py:186} INFO - Started process (PID=403) to work on /home/airflow/.local/lib/python3.12/site-packages/airflow/example_dags/example_sensors.py
[2025-06-27T16:59:24.702+0000] {processor.py:914} INFO - Processing file /home/airflow/.local/lib/python3.12/site-packages/airflow/example_dags/example_sensors.py for tasks to queue
[2025-06-27T16:59:24.704+0000] {logging_mixin.py:190} INFO - [2025-06-27T16:59:24.704+0000] {dagbag.py:588} INFO - Filling up the DagBag from /home/airflow/.local/lib/python3.12/site-packages/airflow/example_dags/example_sensors.py
[2025-06-27T16:59:24.715+0000] {processor.py:925} INFO - DAG(s) 'example_sensors' retrieved from /home/airflow/.local/lib/python3.12/site-packages/airflow/example_dags/example_sensors.py
[2025-06-27T16:59:24.739+0000] {logging_mixin.py:190} INFO - [2025-06-27T16:59:24.739+0000] {dag.py:3239} INFO - Sync 1 DAGs
[2025-06-27T16:59:24.753+0000] {logging_mixin.py:190} INFO - [2025-06-27T16:59:24.753+0000] {dag.py:4180} INFO - Setting next_dagrun for example_sensors to None, run_after=None
[2025-06-27T16:59:24.771+0000] {processor.py:208} INFO - Processing /home/airflow/.local/lib/python3.12/site-packages/airflow/example_dags/example_sensors.py took 0.075 seconds
[2025-06-27T16:59:55.201+0000] {processor.py:186} INFO - Started process (PID=467) to work on /home/airflow/.local/lib/python3.12/site-packages/airflow/example_dags/example_sensors.py
[2025-06-27T16:59:55.202+0000] {processor.py:914} INFO - Processing file /home/airflow/.local/lib/python3.12/site-packages/airflow/example_dags/example_sensors.py for tasks to queue
[2025-06-27T16:59:55.204+0000] {logging_mixin.py:190} INFO - [2025-06-27T16:59:55.204+0000] {dagbag.py:588} INFO - Filling up the DagBag from /home/airflow/.local/lib/python3.12/site-packages/airflow/example_dags/example_sensors.py
[2025-06-27T16:59:55.214+0000] {processor.py:925} INFO - DAG(s) 'example_sensors' retrieved from /home/airflow/.local/lib/python3.12/site-packages/airflow/example_dags/example_sensors.py
[2025-06-27T16:59:55.235+0000] {logging_mixin.py:190} INFO - [2025-06-27T16:59:55.235+0000] {dag.py:3239} INFO - Sync 1 DAGs
[2025-06-27T16:59:55.247+0000] {logging_mixin.py:190} INFO - [2025-06-27T16:59:55.247+0000] {dag.py:4180} INFO - Setting next_dagrun for example_sensors to None, run_after=None
[2025-06-27T16:59:55.264+0000] {processor.py:208} INFO - Processing /home/airflow/.local/lib/python3.12/site-packages/airflow/example_dags/example_sensors.py took 0.068 seconds
[2025-06-27T17:00:25.505+0000] {processor.py:186} INFO - Started process (PID=537) to work on /home/airflow/.local/lib/python3.12/site-packages/airflow/example_dags/example_sensors.py
[2025-06-27T17:00:25.506+0000] {processor.py:914} INFO - Processing file /home/airflow/.local/lib/python3.12/site-packages/airflow/example_dags/example_sensors.py for tasks to queue
[2025-06-27T17:00:25.508+0000] {logging_mixin.py:190} INFO - [2025-06-27T17:00:25.508+0000] {dagbag.py:588} INFO - Filling up the DagBag from /home/airflow/.local/lib/python3.12/site-packages/airflow/example_dags/example_sensors.py
[2025-06-27T17:00:25.517+0000] {processor.py:925} INFO - DAG(s) 'example_sensors' retrieved from /home/airflow/.local/lib/python3.12/site-packages/airflow/example_dags/example_sensors.py
[2025-06-27T17:00:25.538+0000] {logging_mixin.py:190} INFO - [2025-06-27T17:00:25.538+0000] {dag.py:3239} INFO - Sync 1 DAGs
[2025-06-27T17:00:25.550+0000] {logging_mixin.py:190} INFO - [2025-06-27T17:00:25.550+0000] {dag.py:4180} INFO - Setting next_dagrun for example_sensors to None, run_after=None
[2025-06-27T17:00:25.566+0000] {processor.py:208} INFO - Processing /home/airflow/.local/lib/python3.12/site-packages/airflow/example_dags/example_sensors.py took 0.066 seconds
[2025-06-27T17:00:56.169+0000] {processor.py:186} INFO - Started process (PID=601) to work on /home/airflow/.local/lib/python3.12/site-packages/airflow/example_dags/example_sensors.py
[2025-06-27T17:00:56.170+0000] {processor.py:914} INFO - Processing file /home/airflow/.local/lib/python3.12/site-packages/airflow/example_dags/example_sensors.py for tasks to queue
[2025-06-27T17:00:56.173+0000] {logging_mixin.py:190} INFO - [2025-06-27T17:00:56.172+0000] {dagbag.py:588} INFO - Filling up the DagBag from /home/airflow/.local/lib/python3.12/site-packages/airflow/example_dags/example_sensors.py
[2025-06-27T17:00:56.189+0000] {processor.py:925} INFO - DAG(s) 'example_sensors' retrieved from /home/airflow/.local/lib/python3.12/site-packages/airflow/example_dags/example_sensors.py
[2025-06-27T17:00:56.224+0000] {logging_mixin.py:190} INFO - [2025-06-27T17:00:56.223+0000] {dag.py:3239} INFO - Sync 1 DAGs
[2025-06-27T17:00:56.248+0000] {logging_mixin.py:190} INFO - [2025-06-27T17:00:56.247+0000] {dag.py:4180} INFO - Setting next_dagrun for example_sensors to None, run_after=None
[2025-06-27T17:00:56.279+0000] {processor.py:208} INFO - Processing /home/airflow/.local/lib/python3.12/site-packages/airflow/example_dags/example_sensors.py took 0.118 seconds
[2025-06-27T17:01:26.673+0000] {processor.py:186} INFO - Started process (PID=670) to work on /home/airflow/.local/lib/python3.12/site-packages/airflow/example_dags/example_sensors.py
[2025-06-27T17:01:26.674+0000] {processor.py:914} INFO - Processing file /home/airflow/.local/lib/python3.12/site-packages/airflow/example_dags/example_sensors.py for tasks to queue
[2025-06-27T17:01:26.677+0000] {logging_mixin.py:190} INFO - [2025-06-27T17:01:26.677+0000] {dagbag.py:588} INFO - Filling up the DagBag from /home/airflow/.local/lib/python3.12/site-packages/airflow/example_dags/example_sensors.py
[2025-06-27T17:01:26.690+0000] {processor.py:925} INFO - DAG(s) 'example_sensors' retrieved from /home/airflow/.local/lib/python3.12/site-packages/airflow/example_dags/example_sensors.py
[2025-06-27T17:01:26.713+0000] {logging_mixin.py:190} INFO - [2025-06-27T17:01:26.712+0000] {dag.py:3239} INFO - Sync 1 DAGs
[2025-06-27T17:01:26.728+0000] {logging_mixin.py:190} INFO - [2025-06-27T17:01:26.728+0000] {dag.py:4180} INFO - Setting next_dagrun for example_sensors to None, run_after=None
[2025-06-27T17:01:26.750+0000] {processor.py:208} INFO - Processing /home/airflow/.local/lib/python3.12/site-packages/airflow/example_dags/example_sensors.py took 0.084 seconds
[2025-06-27T17:01:57.582+0000] {processor.py:186} INFO - Started process (PID=734) to work on /home/airflow/.local/lib/python3.12/site-packages/airflow/example_dags/example_sensors.py
[2025-06-27T17:01:57.583+0000] {processor.py:914} INFO - Processing file /home/airflow/.local/lib/python3.12/site-packages/airflow/example_dags/example_sensors.py for tasks to queue
[2025-06-27T17:01:57.586+0000] {logging_mixin.py:190} INFO - [2025-06-27T17:01:57.585+0000] {dagbag.py:588} INFO - Filling up the DagBag from /home/airflow/.local/lib/python3.12/site-packages/airflow/example_dags/example_sensors.py
[2025-06-27T17:01:57.597+0000] {processor.py:925} INFO - DAG(s) 'example_sensors' retrieved from /home/airflow/.local/lib/python3.12/site-packages/airflow/example_dags/example_sensors.py
[2025-06-27T17:01:57.620+0000] {logging_mixin.py:190} INFO - [2025-06-27T17:01:57.620+0000] {dag.py:3239} INFO - Sync 1 DAGs
[2025-06-27T17:01:57.634+0000] {logging_mixin.py:190} INFO - [2025-06-27T17:01:57.634+0000] {dag.py:4180} INFO - Setting next_dagrun for example_sensors to None, run_after=None
[2025-06-27T17:01:57.653+0000] {processor.py:208} INFO - Processing /home/airflow/.local/lib/python3.12/site-packages/airflow/example_dags/example_sensors.py took 0.077 seconds
[2025-06-27T17:02:28.017+0000] {processor.py:186} INFO - Started process (PID=804) to work on /home/airflow/.local/lib/python3.12/site-packages/airflow/example_dags/example_sensors.py
[2025-06-27T17:02:28.018+0000] {processor.py:914} INFO - Processing file /home/airflow/.local/lib/python3.12/site-packages/airflow/example_dags/example_sensors.py for tasks to queue
[2025-06-27T17:02:28.020+0000] {logging_mixin.py:190} INFO - [2025-06-27T17:02:28.020+0000] {dagbag.py:588} INFO - Filling up the DagBag from /home/airflow/.local/lib/python3.12/site-packages/airflow/example_dags/example_sensors.py
[2025-06-27T17:02:28.030+0000] {processor.py:925} INFO - DAG(s) 'example_sensors' retrieved from /home/airflow/.local/lib/python3.12/site-packages/airflow/example_dags/example_sensors.py
[2025-06-27T17:02:28.050+0000] {logging_mixin.py:190} INFO - [2025-06-27T17:02:28.050+0000] {dag.py:3239} INFO - Sync 1 DAGs
[2025-06-27T17:02:28.062+0000] {logging_mixin.py:190} INFO - [2025-06-27T17:02:28.062+0000] {dag.py:4180} INFO - Setting next_dagrun for example_sensors to None, run_after=None
[2025-06-27T17:02:28.079+0000] {processor.py:208} INFO - Processing /home/airflow/.local/lib/python3.12/site-packages/airflow/example_dags/example_sensors.py took 0.067 seconds
[2025-06-27T17:02:58.806+0000] {processor.py:186} INFO - Started process (PID=868) to work on /home/airflow/.local/lib/python3.12/site-packages/airflow/example_dags/example_sensors.py
[2025-06-27T17:02:58.807+0000] {processor.py:914} INFO - Processing file /home/airflow/.local/lib/python3.12/site-packages/airflow/example_dags/example_sensors.py for tasks to queue
[2025-06-27T17:02:58.810+0000] {logging_mixin.py:190} INFO - [2025-06-27T17:02:58.810+0000] {dagbag.py:588} INFO - Filling up the DagBag from /home/airflow/.local/lib/python3.12/site-packages/airflow/example_dags/example_sensors.py
[2025-06-27T17:02:58.820+0000] {processor.py:925} INFO - DAG(s) 'example_sensors' retrieved from /home/airflow/.local/lib/python3.12/site-packages/airflow/example_dags/example_sensors.py
[2025-06-27T17:02:58.841+0000] {logging_mixin.py:190} INFO - [2025-06-27T17:02:58.841+0000] {dag.py:3239} INFO - Sync 1 DAGs
[2025-06-27T17:02:58.854+0000] {logging_mixin.py:190} INFO - [2025-06-27T17:02:58.854+0000] {dag.py:4180} INFO - Setting next_dagrun for example_sensors to None, run_after=None
[2025-06-27T17:02:58.871+0000] {processor.py:208} INFO - Processing /home/airflow/.local/lib/python3.12/site-packages/airflow/example_dags/example_sensors.py took 0.071 seconds
[2025-06-27T17:03:29.295+0000] {processor.py:186} INFO - Started process (PID=937) to work on /home/airflow/.local/lib/python3.12/site-packages/airflow/example_dags/example_sensors.py
[2025-06-27T17:03:29.295+0000] {processor.py:914} INFO - Processing file /home/airflow/.local/lib/python3.12/site-packages/airflow/example_dags/example_sensors.py for tasks to queue
[2025-06-27T17:03:29.298+0000] {logging_mixin.py:190} INFO - [2025-06-27T17:03:29.297+0000] {dagbag.py:588} INFO - Filling up the DagBag from /home/airflow/.local/lib/python3.12/site-packages/airflow/example_dags/example_sensors.py
[2025-06-27T17:03:29.308+0000] {processor.py:925} INFO - DAG(s) 'example_sensors' retrieved from /home/airflow/.local/lib/python3.12/site-packages/airflow/example_dags/example_sensors.py
[2025-06-27T17:03:29.329+0000] {logging_mixin.py:190} INFO - [2025-06-27T17:03:29.328+0000] {dag.py:3239} INFO - Sync 1 DAGs
[2025-06-27T17:03:29.341+0000] {logging_mixin.py:190} INFO - [2025-06-27T17:03:29.341+0000] {dag.py:4180} INFO - Setting next_dagrun for example_sensors to None, run_after=None
[2025-06-27T17:03:29.358+0000] {processor.py:208} INFO - Processing /home/airflow/.local/lib/python3.12/site-packages/airflow/example_dags/example_sensors.py took 0.069 seconds
[2025-06-27T17:04:00.076+0000] {processor.py:186} INFO - Started process (PID=1001) to work on /home/airflow/.local/lib/python3.12/site-packages/airflow/example_dags/example_sensors.py
[2025-06-27T17:04:00.077+0000] {processor.py:914} INFO - Processing file /home/airflow/.local/lib/python3.12/site-packages/airflow/example_dags/example_sensors.py for tasks to queue
[2025-06-27T17:04:00.079+0000] {logging_mixin.py:190} INFO - [2025-06-27T17:04:00.079+0000] {dagbag.py:588} INFO - Filling up the DagBag from /home/airflow/.local/lib/python3.12/site-packages/airflow/example_dags/example_sensors.py
[2025-06-27T17:04:00.089+0000] {processor.py:925} INFO - DAG(s) 'example_sensors' retrieved from /home/airflow/.local/lib/python3.12/site-packages/airflow/example_dags/example_sensors.py
[2025-06-27T17:04:00.110+0000] {logging_mixin.py:190} INFO - [2025-06-27T17:04:00.110+0000] {dag.py:3239} INFO - Sync 1 DAGs
[2025-06-27T17:04:00.122+0000] {logging_mixin.py:190} INFO - [2025-06-27T17:04:00.122+0000] {dag.py:4180} INFO - Setting next_dagrun for example_sensors to None, run_after=None
[2025-06-27T17:04:00.139+0000] {processor.py:208} INFO - Processing /home/airflow/.local/lib/python3.12/site-packages/airflow/example_dags/example_sensors.py took 0.068 seconds
[2025-06-27T17:04:30.212+0000] {processor.py:186} INFO - Started process (PID=1071) to work on /home/airflow/.local/lib/python3.12/site-packages/airflow/example_dags/example_sensors.py
[2025-06-27T17:04:30.213+0000] {processor.py:914} INFO - Processing file /home/airflow/.local/lib/python3.12/site-packages/airflow/example_dags/example_sensors.py for tasks to queue
[2025-06-27T17:04:30.215+0000] {logging_mixin.py:190} INFO - [2025-06-27T17:04:30.215+0000] {dagbag.py:588} INFO - Filling up the DagBag from /home/airflow/.local/lib/python3.12/site-packages/airflow/example_dags/example_sensors.py
[2025-06-27T17:04:30.225+0000] {processor.py:925} INFO - DAG(s) 'example_sensors' retrieved from /home/airflow/.local/lib/python3.12/site-packages/airflow/example_dags/example_sensors.py
[2025-06-27T17:04:30.248+0000] {logging_mixin.py:190} INFO - [2025-06-27T17:04:30.248+0000] {dag.py:3239} INFO - Sync 1 DAGs
[2025-06-27T17:04:30.260+0000] {logging_mixin.py:190} INFO - [2025-06-27T17:04:30.260+0000] {dag.py:4180} INFO - Setting next_dagrun for example_sensors to None, run_after=None
[2025-06-27T17:04:30.278+0000] {processor.py:208} INFO - Processing /home/airflow/.local/lib/python3.12/site-packages/airflow/example_dags/example_sensors.py took 0.071 seconds
[2025-06-27T17:05:01.169+0000] {processor.py:186} INFO - Started process (PID=1140) to work on /home/airflow/.local/lib/python3.12/site-packages/airflow/example_dags/example_sensors.py
[2025-06-27T17:05:01.171+0000] {processor.py:914} INFO - Processing file /home/airflow/.local/lib/python3.12/site-packages/airflow/example_dags/example_sensors.py for tasks to queue
[2025-06-27T17:05:01.173+0000] {logging_mixin.py:190} INFO - [2025-06-27T17:05:01.173+0000] {dagbag.py:588} INFO - Filling up the DagBag from /home/airflow/.local/lib/python3.12/site-packages/airflow/example_dags/example_sensors.py
[2025-06-27T17:05:01.184+0000] {processor.py:925} INFO - DAG(s) 'example_sensors' retrieved from /home/airflow/.local/lib/python3.12/site-packages/airflow/example_dags/example_sensors.py
[2025-06-27T17:05:01.208+0000] {logging_mixin.py:190} INFO - [2025-06-27T17:05:01.207+0000] {dag.py:3239} INFO - Sync 1 DAGs
[2025-06-27T17:05:01.222+0000] {logging_mixin.py:190} INFO - [2025-06-27T17:05:01.221+0000] {dag.py:4180} INFO - Setting next_dagrun for example_sensors to None, run_after=None
[2025-06-27T17:05:01.241+0000] {processor.py:208} INFO - Processing /home/airflow/.local/lib/python3.12/site-packages/airflow/example_dags/example_sensors.py took 0.077 seconds
[2025-06-27T17:05:31.803+0000] {processor.py:186} INFO - Started process (PID=1204) to work on /home/airflow/.local/lib/python3.12/site-packages/airflow/example_dags/example_sensors.py
[2025-06-27T17:05:31.804+0000] {processor.py:914} INFO - Processing file /home/airflow/.local/lib/python3.12/site-packages/airflow/example_dags/example_sensors.py for tasks to queue
[2025-06-27T17:05:31.806+0000] {logging_mixin.py:190} INFO - [2025-06-27T17:05:31.806+0000] {dagbag.py:588} INFO - Filling up the DagBag from /home/airflow/.local/lib/python3.12/site-packages/airflow/example_dags/example_sensors.py
[2025-06-27T17:05:31.816+0000] {processor.py:925} INFO - DAG(s) 'example_sensors' retrieved from /home/airflow/.local/lib/python3.12/site-packages/airflow/example_dags/example_sensors.py
[2025-06-27T17:05:31.839+0000] {logging_mixin.py:190} INFO - [2025-06-27T17:05:31.839+0000] {dag.py:3239} INFO - Sync 1 DAGs
[2025-06-27T17:05:31.852+0000] {logging_mixin.py:190} INFO - [2025-06-27T17:05:31.851+0000] {dag.py:4180} INFO - Setting next_dagrun for example_sensors to None, run_after=None
[2025-06-27T17:05:31.868+0000] {processor.py:208} INFO - Processing /home/airflow/.local/lib/python3.12/site-packages/airflow/example_dags/example_sensors.py took 0.070 seconds
[2025-06-27T17:06:02.053+0000] {processor.py:186} INFO - Started process (PID=1274) to work on /home/airflow/.local/lib/python3.12/site-packages/airflow/example_dags/example_sensors.py
[2025-06-27T17:06:02.055+0000] {processor.py:914} INFO - Processing file /home/airflow/.local/lib/python3.12/site-packages/airflow/example_dags/example_sensors.py for tasks to queue
[2025-06-27T17:06:02.057+0000] {logging_mixin.py:190} INFO - [2025-06-27T17:06:02.057+0000] {dagbag.py:588} INFO - Filling up the DagBag from /home/airflow/.local/lib/python3.12/site-packages/airflow/example_dags/example_sensors.py
[2025-06-27T17:06:02.068+0000] {processor.py:925} INFO - DAG(s) 'example_sensors' retrieved from /home/airflow/.local/lib/python3.12/site-packages/airflow/example_dags/example_sensors.py
[2025-06-27T17:06:02.089+0000] {logging_mixin.py:190} INFO - [2025-06-27T17:06:02.089+0000] {dag.py:3239} INFO - Sync 1 DAGs
[2025-06-27T17:06:02.102+0000] {logging_mixin.py:190} INFO - [2025-06-27T17:06:02.102+0000] {dag.py:4180} INFO - Setting next_dagrun for example_sensors to None, run_after=None
[2025-06-27T17:06:02.123+0000] {processor.py:208} INFO - Processing /home/airflow/.local/lib/python3.12/site-packages/airflow/example_dags/example_sensors.py took 0.076 seconds
[2025-06-27T17:06:32.320+0000] {processor.py:186} INFO - Started process (PID=1338) to work on /home/airflow/.local/lib/python3.12/site-packages/airflow/example_dags/example_sensors.py
[2025-06-27T17:06:32.321+0000] {processor.py:914} INFO - Processing file /home/airflow/.local/lib/python3.12/site-packages/airflow/example_dags/example_sensors.py for tasks to queue
[2025-06-27T17:06:32.324+0000] {logging_mixin.py:190} INFO - [2025-06-27T17:06:32.324+0000] {dagbag.py:588} INFO - Filling up the DagBag from /home/airflow/.local/lib/python3.12/site-packages/airflow/example_dags/example_sensors.py
[2025-06-27T17:06:32.335+0000] {processor.py:925} INFO - DAG(s) 'example_sensors' retrieved from /home/airflow/.local/lib/python3.12/site-packages/airflow/example_dags/example_sensors.py
[2025-06-27T17:06:32.355+0000] {logging_mixin.py:190} INFO - [2025-06-27T17:06:32.355+0000] {dag.py:3239} INFO - Sync 1 DAGs
[2025-06-27T17:06:32.367+0000] {logging_mixin.py:190} INFO - [2025-06-27T17:06:32.367+0000] {dag.py:4180} INFO - Setting next_dagrun for example_sensors to None, run_after=None
[2025-06-27T17:06:32.385+0000] {processor.py:208} INFO - Processing /home/airflow/.local/lib/python3.12/site-packages/airflow/example_dags/example_sensors.py took 0.070 seconds
[2025-06-27T17:07:03.242+0000] {processor.py:186} INFO - Started process (PID=1407) to work on /home/airflow/.local/lib/python3.12/site-packages/airflow/example_dags/example_sensors.py
[2025-06-27T17:07:03.243+0000] {processor.py:914} INFO - Processing file /home/airflow/.local/lib/python3.12/site-packages/airflow/example_dags/example_sensors.py for tasks to queue
[2025-06-27T17:07:03.245+0000] {logging_mixin.py:190} INFO - [2025-06-27T17:07:03.245+0000] {dagbag.py:588} INFO - Filling up the DagBag from /home/airflow/.local/lib/python3.12/site-packages/airflow/example_dags/example_sensors.py
[2025-06-27T17:07:03.255+0000] {processor.py:925} INFO - DAG(s) 'example_sensors' retrieved from /home/airflow/.local/lib/python3.12/site-packages/airflow/example_dags/example_sensors.py
[2025-06-27T17:07:03.278+0000] {logging_mixin.py:190} INFO - [2025-06-27T17:07:03.278+0000] {dag.py:3239} INFO - Sync 1 DAGs
[2025-06-27T17:07:03.291+0000] {logging_mixin.py:190} INFO - [2025-06-27T17:07:03.291+0000] {dag.py:4180} INFO - Setting next_dagrun for example_sensors to None, run_after=None
[2025-06-27T17:07:03.310+0000] {processor.py:208} INFO - Processing /home/airflow/.local/lib/python3.12/site-packages/airflow/example_dags/example_sensors.py took 0.073 seconds
[2025-06-27T17:07:34.144+0000] {processor.py:186} INFO - Started process (PID=1471) to work on /home/airflow/.local/lib/python3.12/site-packages/airflow/example_dags/example_sensors.py
[2025-06-27T17:07:34.145+0000] {processor.py:914} INFO - Processing file /home/airflow/.local/lib/python3.12/site-packages/airflow/example_dags/example_sensors.py for tasks to queue
[2025-06-27T17:07:34.147+0000] {logging_mixin.py:190} INFO - [2025-06-27T17:07:34.147+0000] {dagbag.py:588} INFO - Filling up the DagBag from /home/airflow/.local/lib/python3.12/site-packages/airflow/example_dags/example_sensors.py
[2025-06-27T17:07:34.157+0000] {processor.py:925} INFO - DAG(s) 'example_sensors' retrieved from /home/airflow/.local/lib/python3.12/site-packages/airflow/example_dags/example_sensors.py
[2025-06-27T17:07:34.178+0000] {logging_mixin.py:190} INFO - [2025-06-27T17:07:34.178+0000] {dag.py:3239} INFO - Sync 1 DAGs
[2025-06-27T17:07:34.191+0000] {logging_mixin.py:190} INFO - [2025-06-27T17:07:34.190+0000] {dag.py:4180} INFO - Setting next_dagrun for example_sensors to None, run_after=None
[2025-06-27T17:07:34.208+0000] {processor.py:208} INFO - Processing /home/airflow/.local/lib/python3.12/site-packages/airflow/example_dags/example_sensors.py took 0.069 seconds
[2025-06-27T17:08:04.305+0000] {processor.py:186} INFO - Started process (PID=1541) to work on /home/airflow/.local/lib/python3.12/site-packages/airflow/example_dags/example_sensors.py
[2025-06-27T17:08:04.306+0000] {processor.py:914} INFO - Processing file /home/airflow/.local/lib/python3.12/site-packages/airflow/example_dags/example_sensors.py for tasks to queue
[2025-06-27T17:08:04.308+0000] {logging_mixin.py:190} INFO - [2025-06-27T17:08:04.308+0000] {dagbag.py:588} INFO - Filling up the DagBag from /home/airflow/.local/lib/python3.12/site-packages/airflow/example_dags/example_sensors.py
[2025-06-27T17:08:04.318+0000] {processor.py:925} INFO - DAG(s) 'example_sensors' retrieved from /home/airflow/.local/lib/python3.12/site-packages/airflow/example_dags/example_sensors.py
[2025-06-27T17:08:04.342+0000] {logging_mixin.py:190} INFO - [2025-06-27T17:08:04.342+0000] {dag.py:3239} INFO - Sync 1 DAGs
[2025-06-27T17:08:04.357+0000] {logging_mixin.py:190} INFO - [2025-06-27T17:08:04.356+0000] {dag.py:4180} INFO - Setting next_dagrun for example_sensors to None, run_after=None
[2025-06-27T17:08:04.373+0000] {processor.py:208} INFO - Processing /home/airflow/.local/lib/python3.12/site-packages/airflow/example_dags/example_sensors.py took 0.073 seconds
[2025-06-27T17:08:34.729+0000] {processor.py:186} INFO - Started process (PID=1605) to work on /home/airflow/.local/lib/python3.12/site-packages/airflow/example_dags/example_sensors.py
[2025-06-27T17:08:34.730+0000] {processor.py:914} INFO - Processing file /home/airflow/.local/lib/python3.12/site-packages/airflow/example_dags/example_sensors.py for tasks to queue
[2025-06-27T17:08:34.732+0000] {logging_mixin.py:190} INFO - [2025-06-27T17:08:34.732+0000] {dagbag.py:588} INFO - Filling up the DagBag from /home/airflow/.local/lib/python3.12/site-packages/airflow/example_dags/example_sensors.py
[2025-06-27T17:08:34.742+0000] {processor.py:925} INFO - DAG(s) 'example_sensors' retrieved from /home/airflow/.local/lib/python3.12/site-packages/airflow/example_dags/example_sensors.py
[2025-06-27T17:08:34.764+0000] {logging_mixin.py:190} INFO - [2025-06-27T17:08:34.763+0000] {dag.py:3239} INFO - Sync 1 DAGs
[2025-06-27T17:08:34.776+0000] {logging_mixin.py:190} INFO - [2025-06-27T17:08:34.776+0000] {dag.py:4180} INFO - Setting next_dagrun for example_sensors to None, run_after=None
[2025-06-27T17:08:34.794+0000] {processor.py:208} INFO - Processing /home/airflow/.local/lib/python3.12/site-packages/airflow/example_dags/example_sensors.py took 0.071 seconds
[2025-06-27T17:09:05.417+0000] {processor.py:186} INFO - Started process (PID=1674) to work on /home/airflow/.local/lib/python3.12/site-packages/airflow/example_dags/example_sensors.py
[2025-06-27T17:09:05.418+0000] {processor.py:914} INFO - Processing file /home/airflow/.local/lib/python3.12/site-packages/airflow/example_dags/example_sensors.py for tasks to queue
[2025-06-27T17:09:05.420+0000] {logging_mixin.py:190} INFO - [2025-06-27T17:09:05.420+0000] {dagbag.py:588} INFO - Filling up the DagBag from /home/airflow/.local/lib/python3.12/site-packages/airflow/example_dags/example_sensors.py
[2025-06-27T17:09:05.430+0000] {processor.py:925} INFO - DAG(s) 'example_sensors' retrieved from /home/airflow/.local/lib/python3.12/site-packages/airflow/example_dags/example_sensors.py
[2025-06-27T17:09:05.454+0000] {logging_mixin.py:190} INFO - [2025-06-27T17:09:05.453+0000] {dag.py:3239} INFO - Sync 1 DAGs
[2025-06-27T17:09:05.467+0000] {logging_mixin.py:190} INFO - [2025-06-27T17:09:05.467+0000] {dag.py:4180} INFO - Setting next_dagrun for example_sensors to None, run_after=None
[2025-06-27T17:09:05.495+0000] {processor.py:208} INFO - Processing /home/airflow/.local/lib/python3.12/site-packages/airflow/example_dags/example_sensors.py took 0.084 seconds
[2025-06-27T17:09:35.883+0000] {processor.py:186} INFO - Started process (PID=1738) to work on /home/airflow/.local/lib/python3.12/site-packages/airflow/example_dags/example_sensors.py
[2025-06-27T17:09:35.885+0000] {processor.py:914} INFO - Processing file /home/airflow/.local/lib/python3.12/site-packages/airflow/example_dags/example_sensors.py for tasks to queue
[2025-06-27T17:09:35.887+0000] {logging_mixin.py:190} INFO - [2025-06-27T17:09:35.887+0000] {dagbag.py:588} INFO - Filling up the DagBag from /home/airflow/.local/lib/python3.12/site-packages/airflow/example_dags/example_sensors.py
[2025-06-27T17:09:35.897+0000] {processor.py:925} INFO - DAG(s) 'example_sensors' retrieved from /home/airflow/.local/lib/python3.12/site-packages/airflow/example_dags/example_sensors.py
[2025-06-27T17:09:35.918+0000] {logging_mixin.py:190} INFO - [2025-06-27T17:09:35.918+0000] {dag.py:3239} INFO - Sync 1 DAGs
[2025-06-27T17:09:35.931+0000] {logging_mixin.py:190} INFO - [2025-06-27T17:09:35.931+0000] {dag.py:4180} INFO - Setting next_dagrun for example_sensors to None, run_after=None
[2025-06-27T17:09:35.948+0000] {processor.py:208} INFO - Processing /home/airflow/.local/lib/python3.12/site-packages/airflow/example_dags/example_sensors.py took 0.070 seconds
[2025-06-27T17:10:06.427+0000] {processor.py:186} INFO - Started process (PID=1808) to work on /home/airflow/.local/lib/python3.12/site-packages/airflow/example_dags/example_sensors.py
[2025-06-27T17:10:06.428+0000] {processor.py:914} INFO - Processing file /home/airflow/.local/lib/python3.12/site-packages/airflow/example_dags/example_sensors.py for tasks to queue
[2025-06-27T17:10:06.430+0000] {logging_mixin.py:190} INFO - [2025-06-27T17:10:06.430+0000] {dagbag.py:588} INFO - Filling up the DagBag from /home/airflow/.local/lib/python3.12/site-packages/airflow/example_dags/example_sensors.py
[2025-06-27T17:10:06.440+0000] {processor.py:925} INFO - DAG(s) 'example_sensors' retrieved from /home/airflow/.local/lib/python3.12/site-packages/airflow/example_dags/example_sensors.py
[2025-06-27T17:10:06.460+0000] {logging_mixin.py:190} INFO - [2025-06-27T17:10:06.460+0000] {dag.py:3239} INFO - Sync 1 DAGs
[2025-06-27T17:10:06.474+0000] {logging_mixin.py:190} INFO - [2025-06-27T17:10:06.474+0000] {dag.py:4180} INFO - Setting next_dagrun for example_sensors to None, run_after=None
[2025-06-27T17:10:06.495+0000] {processor.py:208} INFO - Processing /home/airflow/.local/lib/python3.12/site-packages/airflow/example_dags/example_sensors.py took 0.074 seconds
[2025-06-27T17:10:36.954+0000] {processor.py:186} INFO - Started process (PID=1872) to work on /home/airflow/.local/lib/python3.12/site-packages/airflow/example_dags/example_sensors.py
[2025-06-27T17:10:36.955+0000] {processor.py:914} INFO - Processing file /home/airflow/.local/lib/python3.12/site-packages/airflow/example_dags/example_sensors.py for tasks to queue
[2025-06-27T17:10:36.957+0000] {logging_mixin.py:190} INFO - [2025-06-27T17:10:36.957+0000] {dagbag.py:588} INFO - Filling up the DagBag from /home/airflow/.local/lib/python3.12/site-packages/airflow/example_dags/example_sensors.py
[2025-06-27T17:10:36.967+0000] {processor.py:925} INFO - DAG(s) 'example_sensors' retrieved from /home/airflow/.local/lib/python3.12/site-packages/airflow/example_dags/example_sensors.py
[2025-06-27T17:10:36.987+0000] {logging_mixin.py:190} INFO - [2025-06-27T17:10:36.987+0000] {dag.py:3239} INFO - Sync 1 DAGs
[2025-06-27T17:10:37.001+0000] {logging_mixin.py:190} INFO - [2025-06-27T17:10:37.000+0000] {dag.py:4180} INFO - Setting next_dagrun for example_sensors to None, run_after=None
[2025-06-27T17:10:37.017+0000] {processor.py:208} INFO - Processing /home/airflow/.local/lib/python3.12/site-packages/airflow/example_dags/example_sensors.py took 0.068 seconds
[2025-06-27T17:11:07.142+0000] {processor.py:186} INFO - Started process (PID=1941) to work on /home/airflow/.local/lib/python3.12/site-packages/airflow/example_dags/example_sensors.py
[2025-06-27T17:11:07.143+0000] {processor.py:914} INFO - Processing file /home/airflow/.local/lib/python3.12/site-packages/airflow/example_dags/example_sensors.py for tasks to queue
[2025-06-27T17:11:07.147+0000] {logging_mixin.py:190} INFO - [2025-06-27T17:11:07.147+0000] {dagbag.py:588} INFO - Filling up the DagBag from /home/airflow/.local/lib/python3.12/site-packages/airflow/example_dags/example_sensors.py
[2025-06-27T17:11:07.160+0000] {processor.py:925} INFO - DAG(s) 'example_sensors' retrieved from /home/airflow/.local/lib/python3.12/site-packages/airflow/example_dags/example_sensors.py
[2025-06-27T17:11:07.189+0000] {logging_mixin.py:190} INFO - [2025-06-27T17:11:07.188+0000] {dag.py:3239} INFO - Sync 1 DAGs
[2025-06-27T17:11:07.205+0000] {logging_mixin.py:190} INFO - [2025-06-27T17:11:07.205+0000] {dag.py:4180} INFO - Setting next_dagrun for example_sensors to None, run_after=None
[2025-06-27T17:11:07.232+0000] {processor.py:208} INFO - Processing /home/airflow/.local/lib/python3.12/site-packages/airflow/example_dags/example_sensors.py took 0.097 seconds
[2025-06-27T17:11:37.272+0000] {processor.py:186} INFO - Started process (PID=2005) to work on /home/airflow/.local/lib/python3.12/site-packages/airflow/example_dags/example_sensors.py
[2025-06-27T17:11:37.273+0000] {processor.py:914} INFO - Processing file /home/airflow/.local/lib/python3.12/site-packages/airflow/example_dags/example_sensors.py for tasks to queue
[2025-06-27T17:11:37.275+0000] {logging_mixin.py:190} INFO - [2025-06-27T17:11:37.275+0000] {dagbag.py:588} INFO - Filling up the DagBag from /home/airflow/.local/lib/python3.12/site-packages/airflow/example_dags/example_sensors.py
[2025-06-27T17:11:37.286+0000] {processor.py:925} INFO - DAG(s) 'example_sensors' retrieved from /home/airflow/.local/lib/python3.12/site-packages/airflow/example_dags/example_sensors.py
[2025-06-27T17:11:37.309+0000] {logging_mixin.py:190} INFO - [2025-06-27T17:11:37.309+0000] {dag.py:3239} INFO - Sync 1 DAGs
[2025-06-27T17:11:37.322+0000] {logging_mixin.py:190} INFO - [2025-06-27T17:11:37.322+0000] {dag.py:4180} INFO - Setting next_dagrun for example_sensors to None, run_after=None
[2025-06-27T17:11:37.340+0000] {processor.py:208} INFO - Processing /home/airflow/.local/lib/python3.12/site-packages/airflow/example_dags/example_sensors.py took 0.074 seconds
[2025-06-27T17:12:07.741+0000] {processor.py:186} INFO - Started process (PID=2075) to work on /home/airflow/.local/lib/python3.12/site-packages/airflow/example_dags/example_sensors.py
[2025-06-27T17:12:07.742+0000] {processor.py:914} INFO - Processing file /home/airflow/.local/lib/python3.12/site-packages/airflow/example_dags/example_sensors.py for tasks to queue
[2025-06-27T17:12:07.744+0000] {logging_mixin.py:190} INFO - [2025-06-27T17:12:07.744+0000] {dagbag.py:588} INFO - Filling up the DagBag from /home/airflow/.local/lib/python3.12/site-packages/airflow/example_dags/example_sensors.py
[2025-06-27T17:12:07.754+0000] {processor.py:925} INFO - DAG(s) 'example_sensors' retrieved from /home/airflow/.local/lib/python3.12/site-packages/airflow/example_dags/example_sensors.py
[2025-06-27T17:12:07.776+0000] {logging_mixin.py:190} INFO - [2025-06-27T17:12:07.776+0000] {dag.py:3239} INFO - Sync 1 DAGs
[2025-06-27T17:12:07.791+0000] {logging_mixin.py:190} INFO - [2025-06-27T17:12:07.791+0000] {dag.py:4180} INFO - Setting next_dagrun for example_sensors to None, run_after=None
[2025-06-27T17:12:07.810+0000] {processor.py:208} INFO - Processing /home/airflow/.local/lib/python3.12/site-packages/airflow/example_dags/example_sensors.py took 0.075 seconds
[2025-06-27T17:12:37.993+0000] {processor.py:186} INFO - Started process (PID=2139) to work on /home/airflow/.local/lib/python3.12/site-packages/airflow/example_dags/example_sensors.py
[2025-06-27T17:12:37.993+0000] {processor.py:914} INFO - Processing file /home/airflow/.local/lib/python3.12/site-packages/airflow/example_dags/example_sensors.py for tasks to queue
[2025-06-27T17:12:37.996+0000] {logging_mixin.py:190} INFO - [2025-06-27T17:12:37.995+0000] {dagbag.py:588} INFO - Filling up the DagBag from /home/airflow/.local/lib/python3.12/site-packages/airflow/example_dags/example_sensors.py
[2025-06-27T17:12:38.006+0000] {processor.py:925} INFO - DAG(s) 'example_sensors' retrieved from /home/airflow/.local/lib/python3.12/site-packages/airflow/example_dags/example_sensors.py
[2025-06-27T17:12:38.032+0000] {logging_mixin.py:190} INFO - [2025-06-27T17:12:38.031+0000] {dag.py:3239} INFO - Sync 1 DAGs
[2025-06-27T17:12:38.054+0000] {logging_mixin.py:190} INFO - [2025-06-27T17:12:38.054+0000] {dag.py:4180} INFO - Setting next_dagrun for example_sensors to None, run_after=None
[2025-06-27T17:12:38.079+0000] {processor.py:208} INFO - Processing /home/airflow/.local/lib/python3.12/site-packages/airflow/example_dags/example_sensors.py took 0.092 seconds
