[2025-06-27T16:57:59.051+0000] {processor.py:186} INFO - Started process (PID=165) to work on /home/airflow/.local/lib/python3.12/site-packages/airflow/example_dags/example_branch_labels.py
[2025-06-27T16:57:59.053+0000] {processor.py:914} INFO - Processing file /home/airflow/.local/lib/python3.12/site-packages/airflow/example_dags/example_branch_labels.py for tasks to queue
[2025-06-27T16:57:59.060+0000] {logging_mixin.py:190} INFO - [2025-06-27T16:57:59.060+0000] {dagbag.py:588} INFO - Filling up the DagBag from /home/airflow/.local/lib/python3.12/site-packages/airflow/example_dags/example_branch_labels.py
[2025-06-27T16:57:59.083+0000] {processor.py:925} INFO - DAG(s) 'example_branch_labels' retrieved from /home/airflow/.local/lib/python3.12/site-packages/airflow/example_dags/example_branch_labels.py
[2025-06-27T16:57:59.123+0000] {logging_mixin.py:190} INFO - [2025-06-27T16:57:59.123+0000] {dag.py:3239} INFO - Sync 1 DAGs
[2025-06-27T16:57:59.164+0000] {logging_mixin.py:190} INFO - [2025-06-27T16:57:59.163+0000] {dag.py:4180} INFO - Setting next_dagrun for example_branch_labels to 2025-06-27 00:00:00+00:00, run_after=2025-06-28 00:00:00+00:00
[2025-06-27T16:57:59.198+0000] {processor.py:208} INFO - Processing /home/airflow/.local/lib/python3.12/site-packages/airflow/example_dags/example_branch_labels.py took 0.163 seconds
[2025-06-27T16:58:29.504+0000] {processor.py:186} INFO - Started process (PID=299) to work on /home/airflow/.local/lib/python3.12/site-packages/airflow/example_dags/example_branch_labels.py
[2025-06-27T16:58:29.505+0000] {processor.py:914} INFO - Processing file /home/airflow/.local/lib/python3.12/site-packages/airflow/example_dags/example_branch_labels.py for tasks to queue
[2025-06-27T16:58:29.507+0000] {logging_mixin.py:190} INFO - [2025-06-27T16:58:29.507+0000] {dagbag.py:588} INFO - Filling up the DagBag from /home/airflow/.local/lib/python3.12/site-packages/airflow/example_dags/example_branch_labels.py
[2025-06-27T16:58:29.516+0000] {processor.py:925} INFO - DAG(s) 'example_branch_labels' retrieved from /home/airflow/.local/lib/python3.12/site-packages/airflow/example_dags/example_branch_labels.py
[2025-06-27T16:58:29.536+0000] {logging_mixin.py:190} INFO - [2025-06-27T16:58:29.535+0000] {dag.py:3239} INFO - Sync 1 DAGs
[2025-06-27T16:58:29.563+0000] {logging_mixin.py:190} INFO - [2025-06-27T16:58:29.563+0000] {dag.py:4180} INFO - Setting next_dagrun for example_branch_labels to 2025-06-27 00:00:00+00:00, run_after=2025-06-28 00:00:00+00:00
[2025-06-27T16:58:29.583+0000] {processor.py:208} INFO - Processing /home/airflow/.local/lib/python3.12/site-packages/airflow/example_dags/example_branch_labels.py took 0.084 seconds
[2025-06-27T16:58:59.878+0000] {processor.py:186} INFO - Started process (PID=378) to work on /home/airflow/.local/lib/python3.12/site-packages/airflow/example_dags/example_branch_labels.py
[2025-06-27T16:58:59.879+0000] {processor.py:914} INFO - Processing file /home/airflow/.local/lib/python3.12/site-packages/airflow/example_dags/example_branch_labels.py for tasks to queue
[2025-06-27T16:58:59.881+0000] {logging_mixin.py:190} INFO - [2025-06-27T16:58:59.881+0000] {dagbag.py:588} INFO - Filling up the DagBag from /home/airflow/.local/lib/python3.12/site-packages/airflow/example_dags/example_branch_labels.py
[2025-06-27T16:58:59.890+0000] {processor.py:925} INFO - DAG(s) 'example_branch_labels' retrieved from /home/airflow/.local/lib/python3.12/site-packages/airflow/example_dags/example_branch_labels.py
[2025-06-27T16:58:59.910+0000] {logging_mixin.py:190} INFO - [2025-06-27T16:58:59.909+0000] {dag.py:3239} INFO - Sync 1 DAGs
[2025-06-27T16:58:59.931+0000] {logging_mixin.py:190} INFO - [2025-06-27T16:58:59.931+0000] {dag.py:4180} INFO - Setting next_dagrun for example_branch_labels to 2025-06-27 00:00:00+00:00, run_after=2025-06-28 00:00:00+00:00
[2025-06-27T16:58:59.947+0000] {processor.py:208} INFO - Processing /home/airflow/.local/lib/python3.12/site-packages/airflow/example_dags/example_branch_labels.py took 0.075 seconds
[2025-06-27T16:59:31.446+0000] {processor.py:186} INFO - Started process (PID=447) to work on /home/airflow/.local/lib/python3.12/site-packages/airflow/example_dags/example_branch_labels.py
[2025-06-27T16:59:31.447+0000] {processor.py:914} INFO - Processing file /home/airflow/.local/lib/python3.12/site-packages/airflow/example_dags/example_branch_labels.py for tasks to queue
[2025-06-27T16:59:31.450+0000] {logging_mixin.py:190} INFO - [2025-06-27T16:59:31.450+0000] {dagbag.py:588} INFO - Filling up the DagBag from /home/airflow/.local/lib/python3.12/site-packages/airflow/example_dags/example_branch_labels.py
[2025-06-27T16:59:31.458+0000] {processor.py:925} INFO - DAG(s) 'example_branch_labels' retrieved from /home/airflow/.local/lib/python3.12/site-packages/airflow/example_dags/example_branch_labels.py
[2025-06-27T16:59:31.476+0000] {logging_mixin.py:190} INFO - [2025-06-27T16:59:31.476+0000] {dag.py:3239} INFO - Sync 1 DAGs
[2025-06-27T16:59:31.498+0000] {logging_mixin.py:190} INFO - [2025-06-27T16:59:31.498+0000] {dag.py:4180} INFO - Setting next_dagrun for example_branch_labels to 2025-06-27 00:00:00+00:00, run_after=2025-06-28 00:00:00+00:00
[2025-06-27T16:59:31.515+0000] {processor.py:208} INFO - Processing /home/airflow/.local/lib/python3.12/site-packages/airflow/example_dags/example_branch_labels.py took 0.074 seconds
[2025-06-27T17:00:02.131+0000] {processor.py:186} INFO - Started process (PID=517) to work on /home/airflow/.local/lib/python3.12/site-packages/airflow/example_dags/example_branch_labels.py
[2025-06-27T17:00:02.132+0000] {processor.py:914} INFO - Processing file /home/airflow/.local/lib/python3.12/site-packages/airflow/example_dags/example_branch_labels.py for tasks to queue
[2025-06-27T17:00:02.134+0000] {logging_mixin.py:190} INFO - [2025-06-27T17:00:02.134+0000] {dagbag.py:588} INFO - Filling up the DagBag from /home/airflow/.local/lib/python3.12/site-packages/airflow/example_dags/example_branch_labels.py
[2025-06-27T17:00:02.144+0000] {processor.py:925} INFO - DAG(s) 'example_branch_labels' retrieved from /home/airflow/.local/lib/python3.12/site-packages/airflow/example_dags/example_branch_labels.py
[2025-06-27T17:00:02.165+0000] {logging_mixin.py:190} INFO - [2025-06-27T17:00:02.165+0000] {dag.py:3239} INFO - Sync 1 DAGs
[2025-06-27T17:00:02.190+0000] {logging_mixin.py:190} INFO - [2025-06-27T17:00:02.190+0000] {dag.py:4180} INFO - Setting next_dagrun for example_branch_labels to 2025-06-27 00:00:00+00:00, run_after=2025-06-28 00:00:00+00:00
[2025-06-27T17:00:02.207+0000] {processor.py:208} INFO - Processing /home/airflow/.local/lib/python3.12/site-packages/airflow/example_dags/example_branch_labels.py took 0.081 seconds
[2025-06-27T17:00:32.582+0000] {processor.py:186} INFO - Started process (PID=582) to work on /home/airflow/.local/lib/python3.12/site-packages/airflow/example_dags/example_branch_labels.py
[2025-06-27T17:00:32.583+0000] {processor.py:914} INFO - Processing file /home/airflow/.local/lib/python3.12/site-packages/airflow/example_dags/example_branch_labels.py for tasks to queue
[2025-06-27T17:00:32.585+0000] {logging_mixin.py:190} INFO - [2025-06-27T17:00:32.585+0000] {dagbag.py:588} INFO - Filling up the DagBag from /home/airflow/.local/lib/python3.12/site-packages/airflow/example_dags/example_branch_labels.py
[2025-06-27T17:00:32.594+0000] {processor.py:925} INFO - DAG(s) 'example_branch_labels' retrieved from /home/airflow/.local/lib/python3.12/site-packages/airflow/example_dags/example_branch_labels.py
[2025-06-27T17:00:32.611+0000] {logging_mixin.py:190} INFO - [2025-06-27T17:00:32.611+0000] {dag.py:3239} INFO - Sync 1 DAGs
[2025-06-27T17:00:32.633+0000] {logging_mixin.py:190} INFO - [2025-06-27T17:00:32.633+0000] {dag.py:4180} INFO - Setting next_dagrun for example_branch_labels to 2025-06-27 00:00:00+00:00, run_after=2025-06-28 00:00:00+00:00
[2025-06-27T17:00:32.650+0000] {processor.py:208} INFO - Processing /home/airflow/.local/lib/python3.12/site-packages/airflow/example_dags/example_branch_labels.py took 0.073 seconds
[2025-06-27T17:01:04.578+0000] {processor.py:186} INFO - Started process (PID=649) to work on /home/airflow/.local/lib/python3.12/site-packages/airflow/example_dags/example_branch_labels.py
[2025-06-27T17:01:04.579+0000] {processor.py:914} INFO - Processing file /home/airflow/.local/lib/python3.12/site-packages/airflow/example_dags/example_branch_labels.py for tasks to queue
[2025-06-27T17:01:04.583+0000] {logging_mixin.py:190} INFO - [2025-06-27T17:01:04.583+0000] {dagbag.py:588} INFO - Filling up the DagBag from /home/airflow/.local/lib/python3.12/site-packages/airflow/example_dags/example_branch_labels.py
[2025-06-27T17:01:04.597+0000] {processor.py:925} INFO - DAG(s) 'example_branch_labels' retrieved from /home/airflow/.local/lib/python3.12/site-packages/airflow/example_dags/example_branch_labels.py
[2025-06-27T17:01:04.621+0000] {logging_mixin.py:190} INFO - [2025-06-27T17:01:04.620+0000] {dag.py:3239} INFO - Sync 1 DAGs
[2025-06-27T17:01:04.653+0000] {logging_mixin.py:190} INFO - [2025-06-27T17:01:04.653+0000] {dag.py:4180} INFO - Setting next_dagrun for example_branch_labels to 2025-06-27 00:00:00+00:00, run_after=2025-06-28 00:00:00+00:00
[2025-06-27T17:01:04.681+0000] {processor.py:208} INFO - Processing /home/airflow/.local/lib/python3.12/site-packages/airflow/example_dags/example_branch_labels.py took 0.111 seconds
[2025-06-27T17:01:35.865+0000] {processor.py:186} INFO - Started process (PID=713) to work on /home/airflow/.local/lib/python3.12/site-packages/airflow/example_dags/example_branch_labels.py
[2025-06-27T17:01:35.866+0000] {processor.py:914} INFO - Processing file /home/airflow/.local/lib/python3.12/site-packages/airflow/example_dags/example_branch_labels.py for tasks to queue
[2025-06-27T17:01:35.869+0000] {logging_mixin.py:190} INFO - [2025-06-27T17:01:35.869+0000] {dagbag.py:588} INFO - Filling up the DagBag from /home/airflow/.local/lib/python3.12/site-packages/airflow/example_dags/example_branch_labels.py
[2025-06-27T17:01:35.879+0000] {processor.py:925} INFO - DAG(s) 'example_branch_labels' retrieved from /home/airflow/.local/lib/python3.12/site-packages/airflow/example_dags/example_branch_labels.py
[2025-06-27T17:01:35.898+0000] {logging_mixin.py:190} INFO - [2025-06-27T17:01:35.898+0000] {dag.py:3239} INFO - Sync 1 DAGs
[2025-06-27T17:01:35.923+0000] {logging_mixin.py:190} INFO - [2025-06-27T17:01:35.923+0000] {dag.py:4180} INFO - Setting next_dagrun for example_branch_labels to 2025-06-27 00:00:00+00:00, run_after=2025-06-28 00:00:00+00:00
[2025-06-27T17:01:35.940+0000] {processor.py:208} INFO - Processing /home/airflow/.local/lib/python3.12/site-packages/airflow/example_dags/example_branch_labels.py took 0.082 seconds
[2025-06-27T17:02:06.333+0000] {processor.py:186} INFO - Started process (PID=783) to work on /home/airflow/.local/lib/python3.12/site-packages/airflow/example_dags/example_branch_labels.py
[2025-06-27T17:02:06.334+0000] {processor.py:914} INFO - Processing file /home/airflow/.local/lib/python3.12/site-packages/airflow/example_dags/example_branch_labels.py for tasks to queue
[2025-06-27T17:02:06.336+0000] {logging_mixin.py:190} INFO - [2025-06-27T17:02:06.336+0000] {dagbag.py:588} INFO - Filling up the DagBag from /home/airflow/.local/lib/python3.12/site-packages/airflow/example_dags/example_branch_labels.py
[2025-06-27T17:02:06.346+0000] {processor.py:925} INFO - DAG(s) 'example_branch_labels' retrieved from /home/airflow/.local/lib/python3.12/site-packages/airflow/example_dags/example_branch_labels.py
[2025-06-27T17:02:06.364+0000] {logging_mixin.py:190} INFO - [2025-06-27T17:02:06.364+0000] {dag.py:3239} INFO - Sync 1 DAGs
[2025-06-27T17:02:06.388+0000] {logging_mixin.py:190} INFO - [2025-06-27T17:02:06.388+0000] {dag.py:4180} INFO - Setting next_dagrun for example_branch_labels to 2025-06-27 00:00:00+00:00, run_after=2025-06-28 00:00:00+00:00
[2025-06-27T17:02:06.404+0000] {processor.py:208} INFO - Processing /home/airflow/.local/lib/python3.12/site-packages/airflow/example_dags/example_branch_labels.py took 0.077 seconds
[2025-06-27T17:02:37.069+0000] {processor.py:186} INFO - Started process (PID=847) to work on /home/airflow/.local/lib/python3.12/site-packages/airflow/example_dags/example_branch_labels.py
[2025-06-27T17:02:37.070+0000] {processor.py:914} INFO - Processing file /home/airflow/.local/lib/python3.12/site-packages/airflow/example_dags/example_branch_labels.py for tasks to queue
[2025-06-27T17:02:37.072+0000] {logging_mixin.py:190} INFO - [2025-06-27T17:02:37.071+0000] {dagbag.py:588} INFO - Filling up the DagBag from /home/airflow/.local/lib/python3.12/site-packages/airflow/example_dags/example_branch_labels.py
[2025-06-27T17:02:37.082+0000] {processor.py:925} INFO - DAG(s) 'example_branch_labels' retrieved from /home/airflow/.local/lib/python3.12/site-packages/airflow/example_dags/example_branch_labels.py
[2025-06-27T17:02:37.100+0000] {logging_mixin.py:190} INFO - [2025-06-27T17:02:37.100+0000] {dag.py:3239} INFO - Sync 1 DAGs
[2025-06-27T17:02:37.121+0000] {logging_mixin.py:190} INFO - [2025-06-27T17:02:37.121+0000] {dag.py:4180} INFO - Setting next_dagrun for example_branch_labels to 2025-06-27 00:00:00+00:00, run_after=2025-06-28 00:00:00+00:00
[2025-06-27T17:02:37.138+0000] {processor.py:208} INFO - Processing /home/airflow/.local/lib/python3.12/site-packages/airflow/example_dags/example_branch_labels.py took 0.075 seconds
[2025-06-27T17:03:08.013+0000] {processor.py:186} INFO - Started process (PID=916) to work on /home/airflow/.local/lib/python3.12/site-packages/airflow/example_dags/example_branch_labels.py
[2025-06-27T17:03:08.014+0000] {processor.py:914} INFO - Processing file /home/airflow/.local/lib/python3.12/site-packages/airflow/example_dags/example_branch_labels.py for tasks to queue
[2025-06-27T17:03:08.018+0000] {logging_mixin.py:190} INFO - [2025-06-27T17:03:08.017+0000] {dagbag.py:588} INFO - Filling up the DagBag from /home/airflow/.local/lib/python3.12/site-packages/airflow/example_dags/example_branch_labels.py
[2025-06-27T17:03:08.028+0000] {processor.py:925} INFO - DAG(s) 'example_branch_labels' retrieved from /home/airflow/.local/lib/python3.12/site-packages/airflow/example_dags/example_branch_labels.py
[2025-06-27T17:03:08.047+0000] {logging_mixin.py:190} INFO - [2025-06-27T17:03:08.047+0000] {dag.py:3239} INFO - Sync 1 DAGs
[2025-06-27T17:03:08.068+0000] {logging_mixin.py:190} INFO - [2025-06-27T17:03:08.067+0000] {dag.py:4180} INFO - Setting next_dagrun for example_branch_labels to 2025-06-27 00:00:00+00:00, run_after=2025-06-28 00:00:00+00:00
[2025-06-27T17:03:08.085+0000] {processor.py:208} INFO - Processing /home/airflow/.local/lib/python3.12/site-packages/airflow/example_dags/example_branch_labels.py took 0.078 seconds
[2025-06-27T17:03:38.801+0000] {processor.py:186} INFO - Started process (PID=980) to work on /home/airflow/.local/lib/python3.12/site-packages/airflow/example_dags/example_branch_labels.py
[2025-06-27T17:03:38.802+0000] {processor.py:914} INFO - Processing file /home/airflow/.local/lib/python3.12/site-packages/airflow/example_dags/example_branch_labels.py for tasks to queue
[2025-06-27T17:03:38.805+0000] {logging_mixin.py:190} INFO - [2025-06-27T17:03:38.804+0000] {dagbag.py:588} INFO - Filling up the DagBag from /home/airflow/.local/lib/python3.12/site-packages/airflow/example_dags/example_branch_labels.py
[2025-06-27T17:03:38.816+0000] {processor.py:925} INFO - DAG(s) 'example_branch_labels' retrieved from /home/airflow/.local/lib/python3.12/site-packages/airflow/example_dags/example_branch_labels.py
[2025-06-27T17:03:38.834+0000] {logging_mixin.py:190} INFO - [2025-06-27T17:03:38.834+0000] {dag.py:3239} INFO - Sync 1 DAGs
[2025-06-27T17:03:38.856+0000] {logging_mixin.py:190} INFO - [2025-06-27T17:03:38.856+0000] {dag.py:4180} INFO - Setting next_dagrun for example_branch_labels to 2025-06-27 00:00:00+00:00, run_after=2025-06-28 00:00:00+00:00
[2025-06-27T17:03:38.875+0000] {processor.py:208} INFO - Processing /home/airflow/.local/lib/python3.12/site-packages/airflow/example_dags/example_branch_labels.py took 0.079 seconds
[2025-06-27T17:04:09.632+0000] {processor.py:186} INFO - Started process (PID=1050) to work on /home/airflow/.local/lib/python3.12/site-packages/airflow/example_dags/example_branch_labels.py
[2025-06-27T17:04:09.633+0000] {processor.py:914} INFO - Processing file /home/airflow/.local/lib/python3.12/site-packages/airflow/example_dags/example_branch_labels.py for tasks to queue
[2025-06-27T17:04:09.635+0000] {logging_mixin.py:190} INFO - [2025-06-27T17:04:09.635+0000] {dagbag.py:588} INFO - Filling up the DagBag from /home/airflow/.local/lib/python3.12/site-packages/airflow/example_dags/example_branch_labels.py
[2025-06-27T17:04:09.644+0000] {processor.py:925} INFO - DAG(s) 'example_branch_labels' retrieved from /home/airflow/.local/lib/python3.12/site-packages/airflow/example_dags/example_branch_labels.py
[2025-06-27T17:04:09.662+0000] {logging_mixin.py:190} INFO - [2025-06-27T17:04:09.662+0000] {dag.py:3239} INFO - Sync 1 DAGs
[2025-06-27T17:04:09.683+0000] {logging_mixin.py:190} INFO - [2025-06-27T17:04:09.683+0000] {dag.py:4180} INFO - Setting next_dagrun for example_branch_labels to 2025-06-27 00:00:00+00:00, run_after=2025-06-28 00:00:00+00:00
[2025-06-27T17:04:09.700+0000] {processor.py:208} INFO - Processing /home/airflow/.local/lib/python3.12/site-packages/airflow/example_dags/example_branch_labels.py took 0.073 seconds
[2025-06-27T17:04:40.194+0000] {processor.py:186} INFO - Started process (PID=1114) to work on /home/airflow/.local/lib/python3.12/site-packages/airflow/example_dags/example_branch_labels.py
[2025-06-27T17:04:40.195+0000] {processor.py:914} INFO - Processing file /home/airflow/.local/lib/python3.12/site-packages/airflow/example_dags/example_branch_labels.py for tasks to queue
[2025-06-27T17:04:40.197+0000] {logging_mixin.py:190} INFO - [2025-06-27T17:04:40.197+0000] {dagbag.py:588} INFO - Filling up the DagBag from /home/airflow/.local/lib/python3.12/site-packages/airflow/example_dags/example_branch_labels.py
[2025-06-27T17:04:40.207+0000] {processor.py:925} INFO - DAG(s) 'example_branch_labels' retrieved from /home/airflow/.local/lib/python3.12/site-packages/airflow/example_dags/example_branch_labels.py
[2025-06-27T17:04:40.226+0000] {logging_mixin.py:190} INFO - [2025-06-27T17:04:40.226+0000] {dag.py:3239} INFO - Sync 1 DAGs
[2025-06-27T17:04:40.248+0000] {logging_mixin.py:190} INFO - [2025-06-27T17:04:40.248+0000] {dag.py:4180} INFO - Setting next_dagrun for example_branch_labels to 2025-06-27 00:00:00+00:00, run_after=2025-06-28 00:00:00+00:00
[2025-06-27T17:04:40.267+0000] {processor.py:208} INFO - Processing /home/airflow/.local/lib/python3.12/site-packages/airflow/example_dags/example_branch_labels.py took 0.079 seconds
[2025-06-27T17:05:11.410+0000] {processor.py:186} INFO - Started process (PID=1183) to work on /home/airflow/.local/lib/python3.12/site-packages/airflow/example_dags/example_branch_labels.py
[2025-06-27T17:05:11.411+0000] {processor.py:914} INFO - Processing file /home/airflow/.local/lib/python3.12/site-packages/airflow/example_dags/example_branch_labels.py for tasks to queue
[2025-06-27T17:05:11.413+0000] {logging_mixin.py:190} INFO - [2025-06-27T17:05:11.413+0000] {dagbag.py:588} INFO - Filling up the DagBag from /home/airflow/.local/lib/python3.12/site-packages/airflow/example_dags/example_branch_labels.py
[2025-06-27T17:05:11.424+0000] {processor.py:925} INFO - DAG(s) 'example_branch_labels' retrieved from /home/airflow/.local/lib/python3.12/site-packages/airflow/example_dags/example_branch_labels.py
[2025-06-27T17:05:11.447+0000] {logging_mixin.py:190} INFO - [2025-06-27T17:05:11.447+0000] {dag.py:3239} INFO - Sync 1 DAGs
[2025-06-27T17:05:11.473+0000] {logging_mixin.py:190} INFO - [2025-06-27T17:05:11.472+0000] {dag.py:4180} INFO - Setting next_dagrun for example_branch_labels to 2025-06-27 00:00:00+00:00, run_after=2025-06-28 00:00:00+00:00
[2025-06-27T17:05:11.493+0000] {processor.py:208} INFO - Processing /home/airflow/.local/lib/python3.12/site-packages/airflow/example_dags/example_branch_labels.py took 0.089 seconds
[2025-06-27T17:05:42.239+0000] {processor.py:186} INFO - Started process (PID=1247) to work on /home/airflow/.local/lib/python3.12/site-packages/airflow/example_dags/example_branch_labels.py
[2025-06-27T17:05:42.240+0000] {processor.py:914} INFO - Processing file /home/airflow/.local/lib/python3.12/site-packages/airflow/example_dags/example_branch_labels.py for tasks to queue
[2025-06-27T17:05:42.242+0000] {logging_mixin.py:190} INFO - [2025-06-27T17:05:42.242+0000] {dagbag.py:588} INFO - Filling up the DagBag from /home/airflow/.local/lib/python3.12/site-packages/airflow/example_dags/example_branch_labels.py
[2025-06-27T17:05:42.253+0000] {processor.py:925} INFO - DAG(s) 'example_branch_labels' retrieved from /home/airflow/.local/lib/python3.12/site-packages/airflow/example_dags/example_branch_labels.py
[2025-06-27T17:05:42.272+0000] {logging_mixin.py:190} INFO - [2025-06-27T17:05:42.272+0000] {dag.py:3239} INFO - Sync 1 DAGs
[2025-06-27T17:05:42.300+0000] {logging_mixin.py:190} INFO - [2025-06-27T17:05:42.300+0000] {dag.py:4180} INFO - Setting next_dagrun for example_branch_labels to 2025-06-27 00:00:00+00:00, run_after=2025-06-28 00:00:00+00:00
[2025-06-27T17:05:42.320+0000] {processor.py:208} INFO - Processing /home/airflow/.local/lib/python3.12/site-packages/airflow/example_dags/example_branch_labels.py took 0.087 seconds
[2025-06-27T17:06:12.987+0000] {processor.py:186} INFO - Started process (PID=1317) to work on /home/airflow/.local/lib/python3.12/site-packages/airflow/example_dags/example_branch_labels.py
[2025-06-27T17:06:12.988+0000] {processor.py:914} INFO - Processing file /home/airflow/.local/lib/python3.12/site-packages/airflow/example_dags/example_branch_labels.py for tasks to queue
[2025-06-27T17:06:12.990+0000] {logging_mixin.py:190} INFO - [2025-06-27T17:06:12.990+0000] {dagbag.py:588} INFO - Filling up the DagBag from /home/airflow/.local/lib/python3.12/site-packages/airflow/example_dags/example_branch_labels.py
[2025-06-27T17:06:12.999+0000] {processor.py:925} INFO - DAG(s) 'example_branch_labels' retrieved from /home/airflow/.local/lib/python3.12/site-packages/airflow/example_dags/example_branch_labels.py
[2025-06-27T17:06:13.018+0000] {logging_mixin.py:190} INFO - [2025-06-27T17:06:13.017+0000] {dag.py:3239} INFO - Sync 1 DAGs
[2025-06-27T17:06:13.039+0000] {logging_mixin.py:190} INFO - [2025-06-27T17:06:13.039+0000] {dag.py:4180} INFO - Setting next_dagrun for example_branch_labels to 2025-06-27 00:00:00+00:00, run_after=2025-06-28 00:00:00+00:00
[2025-06-27T17:06:13.055+0000] {processor.py:208} INFO - Processing /home/airflow/.local/lib/python3.12/site-packages/airflow/example_dags/example_branch_labels.py took 0.073 seconds
[2025-06-27T17:06:43.755+0000] {processor.py:186} INFO - Started process (PID=1381) to work on /home/airflow/.local/lib/python3.12/site-packages/airflow/example_dags/example_branch_labels.py
[2025-06-27T17:06:43.756+0000] {processor.py:914} INFO - Processing file /home/airflow/.local/lib/python3.12/site-packages/airflow/example_dags/example_branch_labels.py for tasks to queue
[2025-06-27T17:06:43.759+0000] {logging_mixin.py:190} INFO - [2025-06-27T17:06:43.758+0000] {dagbag.py:588} INFO - Filling up the DagBag from /home/airflow/.local/lib/python3.12/site-packages/airflow/example_dags/example_branch_labels.py
[2025-06-27T17:06:43.769+0000] {processor.py:925} INFO - DAG(s) 'example_branch_labels' retrieved from /home/airflow/.local/lib/python3.12/site-packages/airflow/example_dags/example_branch_labels.py
[2025-06-27T17:06:43.788+0000] {logging_mixin.py:190} INFO - [2025-06-27T17:06:43.788+0000] {dag.py:3239} INFO - Sync 1 DAGs
[2025-06-27T17:06:43.811+0000] {logging_mixin.py:190} INFO - [2025-06-27T17:06:43.810+0000] {dag.py:4180} INFO - Setting next_dagrun for example_branch_labels to 2025-06-27 00:00:00+00:00, run_after=2025-06-28 00:00:00+00:00
[2025-06-27T17:06:43.829+0000] {processor.py:208} INFO - Processing /home/airflow/.local/lib/python3.12/site-packages/airflow/example_dags/example_branch_labels.py took 0.079 seconds
[2025-06-27T17:07:14.324+0000] {processor.py:186} INFO - Started process (PID=1450) to work on /home/airflow/.local/lib/python3.12/site-packages/airflow/example_dags/example_branch_labels.py
[2025-06-27T17:07:14.326+0000] {processor.py:914} INFO - Processing file /home/airflow/.local/lib/python3.12/site-packages/airflow/example_dags/example_branch_labels.py for tasks to queue
[2025-06-27T17:07:14.328+0000] {logging_mixin.py:190} INFO - [2025-06-27T17:07:14.328+0000] {dagbag.py:588} INFO - Filling up the DagBag from /home/airflow/.local/lib/python3.12/site-packages/airflow/example_dags/example_branch_labels.py
[2025-06-27T17:07:14.338+0000] {processor.py:925} INFO - DAG(s) 'example_branch_labels' retrieved from /home/airflow/.local/lib/python3.12/site-packages/airflow/example_dags/example_branch_labels.py
[2025-06-27T17:07:14.357+0000] {logging_mixin.py:190} INFO - [2025-06-27T17:07:14.357+0000] {dag.py:3239} INFO - Sync 1 DAGs
[2025-06-27T17:07:14.380+0000] {logging_mixin.py:190} INFO - [2025-06-27T17:07:14.380+0000] {dag.py:4180} INFO - Setting next_dagrun for example_branch_labels to 2025-06-27 00:00:00+00:00, run_after=2025-06-28 00:00:00+00:00
[2025-06-27T17:07:14.399+0000] {processor.py:208} INFO - Processing /home/airflow/.local/lib/python3.12/site-packages/airflow/example_dags/example_branch_labels.py took 0.080 seconds
[2025-06-27T17:07:44.947+0000] {processor.py:186} INFO - Started process (PID=1514) to work on /home/airflow/.local/lib/python3.12/site-packages/airflow/example_dags/example_branch_labels.py
[2025-06-27T17:07:44.948+0000] {processor.py:914} INFO - Processing file /home/airflow/.local/lib/python3.12/site-packages/airflow/example_dags/example_branch_labels.py for tasks to queue
[2025-06-27T17:07:44.951+0000] {logging_mixin.py:190} INFO - [2025-06-27T17:07:44.950+0000] {dagbag.py:588} INFO - Filling up the DagBag from /home/airflow/.local/lib/python3.12/site-packages/airflow/example_dags/example_branch_labels.py
[2025-06-27T17:07:44.960+0000] {processor.py:925} INFO - DAG(s) 'example_branch_labels' retrieved from /home/airflow/.local/lib/python3.12/site-packages/airflow/example_dags/example_branch_labels.py
[2025-06-27T17:07:44.980+0000] {logging_mixin.py:190} INFO - [2025-06-27T17:07:44.979+0000] {dag.py:3239} INFO - Sync 1 DAGs
[2025-06-27T17:07:45.002+0000] {logging_mixin.py:190} INFO - [2025-06-27T17:07:45.002+0000] {dag.py:4180} INFO - Setting next_dagrun for example_branch_labels to 2025-06-27 00:00:00+00:00, run_after=2025-06-28 00:00:00+00:00
[2025-06-27T17:07:45.020+0000] {processor.py:208} INFO - Processing /home/airflow/.local/lib/python3.12/site-packages/airflow/example_dags/example_branch_labels.py took 0.078 seconds
[2025-06-27T17:08:15.778+0000] {processor.py:186} INFO - Started process (PID=1584) to work on /home/airflow/.local/lib/python3.12/site-packages/airflow/example_dags/example_branch_labels.py
[2025-06-27T17:08:15.779+0000] {processor.py:914} INFO - Processing file /home/airflow/.local/lib/python3.12/site-packages/airflow/example_dags/example_branch_labels.py for tasks to queue
[2025-06-27T17:08:15.781+0000] {logging_mixin.py:190} INFO - [2025-06-27T17:08:15.781+0000] {dagbag.py:588} INFO - Filling up the DagBag from /home/airflow/.local/lib/python3.12/site-packages/airflow/example_dags/example_branch_labels.py
[2025-06-27T17:08:15.791+0000] {processor.py:925} INFO - DAG(s) 'example_branch_labels' retrieved from /home/airflow/.local/lib/python3.12/site-packages/airflow/example_dags/example_branch_labels.py
[2025-06-27T17:08:15.809+0000] {logging_mixin.py:190} INFO - [2025-06-27T17:08:15.809+0000] {dag.py:3239} INFO - Sync 1 DAGs
[2025-06-27T17:08:15.831+0000] {logging_mixin.py:190} INFO - [2025-06-27T17:08:15.831+0000] {dag.py:4180} INFO - Setting next_dagrun for example_branch_labels to 2025-06-27 00:00:00+00:00, run_after=2025-06-28 00:00:00+00:00
[2025-06-27T17:08:15.849+0000] {processor.py:208} INFO - Processing /home/airflow/.local/lib/python3.12/site-packages/airflow/example_dags/example_branch_labels.py took 0.077 seconds
[2025-06-27T17:08:47.224+0000] {processor.py:186} INFO - Started process (PID=1648) to work on /home/airflow/.local/lib/python3.12/site-packages/airflow/example_dags/example_branch_labels.py
[2025-06-27T17:08:47.225+0000] {processor.py:914} INFO - Processing file /home/airflow/.local/lib/python3.12/site-packages/airflow/example_dags/example_branch_labels.py for tasks to queue
[2025-06-27T17:08:47.228+0000] {logging_mixin.py:190} INFO - [2025-06-27T17:08:47.227+0000] {dagbag.py:588} INFO - Filling up the DagBag from /home/airflow/.local/lib/python3.12/site-packages/airflow/example_dags/example_branch_labels.py
[2025-06-27T17:08:47.238+0000] {processor.py:925} INFO - DAG(s) 'example_branch_labels' retrieved from /home/airflow/.local/lib/python3.12/site-packages/airflow/example_dags/example_branch_labels.py
[2025-06-27T17:08:47.255+0000] {logging_mixin.py:190} INFO - [2025-06-27T17:08:47.254+0000] {dag.py:3239} INFO - Sync 1 DAGs
[2025-06-27T17:08:47.276+0000] {logging_mixin.py:190} INFO - [2025-06-27T17:08:47.276+0000] {dag.py:4180} INFO - Setting next_dagrun for example_branch_labels to 2025-06-27 00:00:00+00:00, run_after=2025-06-28 00:00:00+00:00
[2025-06-27T17:08:47.293+0000] {processor.py:208} INFO - Processing /home/airflow/.local/lib/python3.12/site-packages/airflow/example_dags/example_branch_labels.py took 0.075 seconds
[2025-06-27T17:09:18.664+0000] {processor.py:186} INFO - Started process (PID=1717) to work on /home/airflow/.local/lib/python3.12/site-packages/airflow/example_dags/example_branch_labels.py
[2025-06-27T17:09:18.665+0000] {processor.py:914} INFO - Processing file /home/airflow/.local/lib/python3.12/site-packages/airflow/example_dags/example_branch_labels.py for tasks to queue
[2025-06-27T17:09:18.667+0000] {logging_mixin.py:190} INFO - [2025-06-27T17:09:18.666+0000] {dagbag.py:588} INFO - Filling up the DagBag from /home/airflow/.local/lib/python3.12/site-packages/airflow/example_dags/example_branch_labels.py
[2025-06-27T17:09:18.676+0000] {processor.py:925} INFO - DAG(s) 'example_branch_labels' retrieved from /home/airflow/.local/lib/python3.12/site-packages/airflow/example_dags/example_branch_labels.py
[2025-06-27T17:09:18.695+0000] {logging_mixin.py:190} INFO - [2025-06-27T17:09:18.694+0000] {dag.py:3239} INFO - Sync 1 DAGs
[2025-06-27T17:09:18.717+0000] {logging_mixin.py:190} INFO - [2025-06-27T17:09:18.716+0000] {dag.py:4180} INFO - Setting next_dagrun for example_branch_labels to 2025-06-27 00:00:00+00:00, run_after=2025-06-28 00:00:00+00:00
[2025-06-27T17:09:18.734+0000] {processor.py:208} INFO - Processing /home/airflow/.local/lib/python3.12/site-packages/airflow/example_dags/example_branch_labels.py took 0.076 seconds
[2025-06-27T17:09:49.955+0000] {processor.py:186} INFO - Started process (PID=1781) to work on /home/airflow/.local/lib/python3.12/site-packages/airflow/example_dags/example_branch_labels.py
[2025-06-27T17:09:49.956+0000] {processor.py:914} INFO - Processing file /home/airflow/.local/lib/python3.12/site-packages/airflow/example_dags/example_branch_labels.py for tasks to queue
[2025-06-27T17:09:49.958+0000] {logging_mixin.py:190} INFO - [2025-06-27T17:09:49.958+0000] {dagbag.py:588} INFO - Filling up the DagBag from /home/airflow/.local/lib/python3.12/site-packages/airflow/example_dags/example_branch_labels.py
[2025-06-27T17:09:49.967+0000] {processor.py:925} INFO - DAG(s) 'example_branch_labels' retrieved from /home/airflow/.local/lib/python3.12/site-packages/airflow/example_dags/example_branch_labels.py
[2025-06-27T17:09:49.986+0000] {logging_mixin.py:190} INFO - [2025-06-27T17:09:49.986+0000] {dag.py:3239} INFO - Sync 1 DAGs
[2025-06-27T17:09:50.008+0000] {logging_mixin.py:190} INFO - [2025-06-27T17:09:50.007+0000] {dag.py:4180} INFO - Setting next_dagrun for example_branch_labels to 2025-06-27 00:00:00+00:00, run_after=2025-06-28 00:00:00+00:00
[2025-06-27T17:09:50.025+0000] {processor.py:208} INFO - Processing /home/airflow/.local/lib/python3.12/site-packages/airflow/example_dags/example_branch_labels.py took 0.076 seconds
[2025-06-27T17:10:20.689+0000] {processor.py:186} INFO - Started process (PID=1851) to work on /home/airflow/.local/lib/python3.12/site-packages/airflow/example_dags/example_branch_labels.py
[2025-06-27T17:10:20.690+0000] {processor.py:914} INFO - Processing file /home/airflow/.local/lib/python3.12/site-packages/airflow/example_dags/example_branch_labels.py for tasks to queue
[2025-06-27T17:10:20.692+0000] {logging_mixin.py:190} INFO - [2025-06-27T17:10:20.691+0000] {dagbag.py:588} INFO - Filling up the DagBag from /home/airflow/.local/lib/python3.12/site-packages/airflow/example_dags/example_branch_labels.py
[2025-06-27T17:10:20.700+0000] {processor.py:925} INFO - DAG(s) 'example_branch_labels' retrieved from /home/airflow/.local/lib/python3.12/site-packages/airflow/example_dags/example_branch_labels.py
[2025-06-27T17:10:20.719+0000] {logging_mixin.py:190} INFO - [2025-06-27T17:10:20.718+0000] {dag.py:3239} INFO - Sync 1 DAGs
[2025-06-27T17:10:20.743+0000] {logging_mixin.py:190} INFO - [2025-06-27T17:10:20.742+0000] {dag.py:4180} INFO - Setting next_dagrun for example_branch_labels to 2025-06-27 00:00:00+00:00, run_after=2025-06-28 00:00:00+00:00
[2025-06-27T17:10:20.760+0000] {processor.py:208} INFO - Processing /home/airflow/.local/lib/python3.12/site-packages/airflow/example_dags/example_branch_labels.py took 0.076 seconds
[2025-06-27T17:10:51.764+0000] {processor.py:186} INFO - Started process (PID=1915) to work on /home/airflow/.local/lib/python3.12/site-packages/airflow/example_dags/example_branch_labels.py
[2025-06-27T17:10:51.765+0000] {processor.py:914} INFO - Processing file /home/airflow/.local/lib/python3.12/site-packages/airflow/example_dags/example_branch_labels.py for tasks to queue
[2025-06-27T17:10:51.767+0000] {logging_mixin.py:190} INFO - [2025-06-27T17:10:51.766+0000] {dagbag.py:588} INFO - Filling up the DagBag from /home/airflow/.local/lib/python3.12/site-packages/airflow/example_dags/example_branch_labels.py
[2025-06-27T17:10:51.776+0000] {processor.py:925} INFO - DAG(s) 'example_branch_labels' retrieved from /home/airflow/.local/lib/python3.12/site-packages/airflow/example_dags/example_branch_labels.py
[2025-06-27T17:10:51.794+0000] {logging_mixin.py:190} INFO - [2025-06-27T17:10:51.794+0000] {dag.py:3239} INFO - Sync 1 DAGs
[2025-06-27T17:10:51.815+0000] {logging_mixin.py:190} INFO - [2025-06-27T17:10:51.814+0000] {dag.py:4180} INFO - Setting next_dagrun for example_branch_labels to 2025-06-27 00:00:00+00:00, run_after=2025-06-28 00:00:00+00:00
[2025-06-27T17:10:51.832+0000] {processor.py:208} INFO - Processing /home/airflow/.local/lib/python3.12/site-packages/airflow/example_dags/example_branch_labels.py took 0.073 seconds
[2025-06-27T17:11:22.418+0000] {processor.py:186} INFO - Started process (PID=1984) to work on /home/airflow/.local/lib/python3.12/site-packages/airflow/example_dags/example_branch_labels.py
[2025-06-27T17:11:22.419+0000] {processor.py:914} INFO - Processing file /home/airflow/.local/lib/python3.12/site-packages/airflow/example_dags/example_branch_labels.py for tasks to queue
[2025-06-27T17:11:22.421+0000] {logging_mixin.py:190} INFO - [2025-06-27T17:11:22.421+0000] {dagbag.py:588} INFO - Filling up the DagBag from /home/airflow/.local/lib/python3.12/site-packages/airflow/example_dags/example_branch_labels.py
[2025-06-27T17:11:22.430+0000] {processor.py:925} INFO - DAG(s) 'example_branch_labels' retrieved from /home/airflow/.local/lib/python3.12/site-packages/airflow/example_dags/example_branch_labels.py
[2025-06-27T17:11:22.448+0000] {logging_mixin.py:190} INFO - [2025-06-27T17:11:22.448+0000] {dag.py:3239} INFO - Sync 1 DAGs
[2025-06-27T17:11:22.471+0000] {logging_mixin.py:190} INFO - [2025-06-27T17:11:22.470+0000] {dag.py:4180} INFO - Setting next_dagrun for example_branch_labels to 2025-06-27 00:00:00+00:00, run_after=2025-06-28 00:00:00+00:00
[2025-06-27T17:11:22.488+0000] {processor.py:208} INFO - Processing /home/airflow/.local/lib/python3.12/site-packages/airflow/example_dags/example_branch_labels.py took 0.075 seconds
[2025-06-27T17:11:53.498+0000] {processor.py:186} INFO - Started process (PID=2047) to work on /home/airflow/.local/lib/python3.12/site-packages/airflow/example_dags/example_branch_labels.py
[2025-06-27T17:11:53.499+0000] {processor.py:914} INFO - Processing file /home/airflow/.local/lib/python3.12/site-packages/airflow/example_dags/example_branch_labels.py for tasks to queue
[2025-06-27T17:11:53.501+0000] {logging_mixin.py:190} INFO - [2025-06-27T17:11:53.501+0000] {dagbag.py:588} INFO - Filling up the DagBag from /home/airflow/.local/lib/python3.12/site-packages/airflow/example_dags/example_branch_labels.py
[2025-06-27T17:11:53.511+0000] {processor.py:925} INFO - DAG(s) 'example_branch_labels' retrieved from /home/airflow/.local/lib/python3.12/site-packages/airflow/example_dags/example_branch_labels.py
[2025-06-27T17:11:53.530+0000] {logging_mixin.py:190} INFO - [2025-06-27T17:11:53.530+0000] {dag.py:3239} INFO - Sync 1 DAGs
[2025-06-27T17:11:53.553+0000] {logging_mixin.py:190} INFO - [2025-06-27T17:11:53.552+0000] {dag.py:4180} INFO - Setting next_dagrun for example_branch_labels to 2025-06-27 00:00:00+00:00, run_after=2025-06-28 00:00:00+00:00
[2025-06-27T17:11:53.571+0000] {processor.py:208} INFO - Processing /home/airflow/.local/lib/python3.12/site-packages/airflow/example_dags/example_branch_labels.py took 0.079 seconds
[2025-06-27T17:12:24.223+0000] {processor.py:186} INFO - Started process (PID=2117) to work on /home/airflow/.local/lib/python3.12/site-packages/airflow/example_dags/example_branch_labels.py
[2025-06-27T17:12:24.224+0000] {processor.py:914} INFO - Processing file /home/airflow/.local/lib/python3.12/site-packages/airflow/example_dags/example_branch_labels.py for tasks to queue
[2025-06-27T17:12:24.227+0000] {logging_mixin.py:190} INFO - [2025-06-27T17:12:24.226+0000] {dagbag.py:588} INFO - Filling up the DagBag from /home/airflow/.local/lib/python3.12/site-packages/airflow/example_dags/example_branch_labels.py
[2025-06-27T17:12:24.236+0000] {processor.py:925} INFO - DAG(s) 'example_branch_labels' retrieved from /home/airflow/.local/lib/python3.12/site-packages/airflow/example_dags/example_branch_labels.py
[2025-06-27T17:12:24.254+0000] {logging_mixin.py:190} INFO - [2025-06-27T17:12:24.254+0000] {dag.py:3239} INFO - Sync 1 DAGs
[2025-06-27T17:12:24.274+0000] {logging_mixin.py:190} INFO - [2025-06-27T17:12:24.274+0000] {dag.py:4180} INFO - Setting next_dagrun for example_branch_labels to 2025-06-27 00:00:00+00:00, run_after=2025-06-28 00:00:00+00:00
[2025-06-27T17:12:24.291+0000] {processor.py:208} INFO - Processing /home/airflow/.local/lib/python3.12/site-packages/airflow/example_dags/example_branch_labels.py took 0.073 seconds
[2025-06-27T17:12:54.928+0000] {processor.py:186} INFO - Started process (PID=2181) to work on /home/airflow/.local/lib/python3.12/site-packages/airflow/example_dags/example_branch_labels.py
[2025-06-27T17:12:54.929+0000] {processor.py:914} INFO - Processing file /home/airflow/.local/lib/python3.12/site-packages/airflow/example_dags/example_branch_labels.py for tasks to queue
[2025-06-27T17:12:54.931+0000] {logging_mixin.py:190} INFO - [2025-06-27T17:12:54.931+0000] {dagbag.py:588} INFO - Filling up the DagBag from /home/airflow/.local/lib/python3.12/site-packages/airflow/example_dags/example_branch_labels.py
[2025-06-27T17:12:54.941+0000] {processor.py:925} INFO - DAG(s) 'example_branch_labels' retrieved from /home/airflow/.local/lib/python3.12/site-packages/airflow/example_dags/example_branch_labels.py
[2025-06-27T17:12:54.961+0000] {logging_mixin.py:190} INFO - [2025-06-27T17:12:54.961+0000] {dag.py:3239} INFO - Sync 1 DAGs
[2025-06-27T17:12:54.983+0000] {logging_mixin.py:190} INFO - [2025-06-27T17:12:54.982+0000] {dag.py:4180} INFO - Setting next_dagrun for example_branch_labels to 2025-06-27 00:00:00+00:00, run_after=2025-06-28 00:00:00+00:00
[2025-06-27T17:12:54.999+0000] {processor.py:208} INFO - Processing /home/airflow/.local/lib/python3.12/site-packages/airflow/example_dags/example_branch_labels.py took 0.078 seconds
[2025-06-27T17:13:26.343+0000] {processor.py:186} INFO - Started process (PID=2256) to work on /home/airflow/.local/lib/python3.12/site-packages/airflow/example_dags/example_branch_labels.py
[2025-06-27T17:13:26.344+0000] {processor.py:914} INFO - Processing file /home/airflow/.local/lib/python3.12/site-packages/airflow/example_dags/example_branch_labels.py for tasks to queue
[2025-06-27T17:13:26.346+0000] {logging_mixin.py:190} INFO - [2025-06-27T17:13:26.346+0000] {dagbag.py:588} INFO - Filling up the DagBag from /home/airflow/.local/lib/python3.12/site-packages/airflow/example_dags/example_branch_labels.py
[2025-06-27T17:13:26.355+0000] {processor.py:925} INFO - DAG(s) 'example_branch_labels' retrieved from /home/airflow/.local/lib/python3.12/site-packages/airflow/example_dags/example_branch_labels.py
[2025-06-27T17:13:26.378+0000] {logging_mixin.py:190} INFO - [2025-06-27T17:13:26.377+0000] {dag.py:3239} INFO - Sync 1 DAGs
[2025-06-27T17:13:26.400+0000] {logging_mixin.py:190} INFO - [2025-06-27T17:13:26.399+0000] {dag.py:4180} INFO - Setting next_dagrun for example_branch_labels to 2025-06-27 00:00:00+00:00, run_after=2025-06-28 00:00:00+00:00
[2025-06-27T17:13:26.415+0000] {processor.py:208} INFO - Processing /home/airflow/.local/lib/python3.12/site-packages/airflow/example_dags/example_branch_labels.py took 0.078 seconds
[2025-06-27T17:13:57.373+0000] {processor.py:186} INFO - Started process (PID=2320) to work on /home/airflow/.local/lib/python3.12/site-packages/airflow/example_dags/example_branch_labels.py
[2025-06-27T17:13:57.374+0000] {processor.py:914} INFO - Processing file /home/airflow/.local/lib/python3.12/site-packages/airflow/example_dags/example_branch_labels.py for tasks to queue
[2025-06-27T17:13:57.376+0000] {logging_mixin.py:190} INFO - [2025-06-27T17:13:57.376+0000] {dagbag.py:588} INFO - Filling up the DagBag from /home/airflow/.local/lib/python3.12/site-packages/airflow/example_dags/example_branch_labels.py
[2025-06-27T17:13:57.385+0000] {processor.py:925} INFO - DAG(s) 'example_branch_labels' retrieved from /home/airflow/.local/lib/python3.12/site-packages/airflow/example_dags/example_branch_labels.py
[2025-06-27T17:13:57.404+0000] {logging_mixin.py:190} INFO - [2025-06-27T17:13:57.404+0000] {dag.py:3239} INFO - Sync 1 DAGs
[2025-06-27T17:13:57.425+0000] {logging_mixin.py:190} INFO - [2025-06-27T17:13:57.425+0000] {dag.py:4180} INFO - Setting next_dagrun for example_branch_labels to 2025-06-27 00:00:00+00:00, run_after=2025-06-28 00:00:00+00:00
[2025-06-27T17:13:57.442+0000] {processor.py:208} INFO - Processing /home/airflow/.local/lib/python3.12/site-packages/airflow/example_dags/example_branch_labels.py took 0.075 seconds
[2025-06-27T17:14:28.528+0000] {processor.py:186} INFO - Started process (PID=2391) to work on /home/airflow/.local/lib/python3.12/site-packages/airflow/example_dags/example_branch_labels.py
[2025-06-27T17:14:28.529+0000] {processor.py:914} INFO - Processing file /home/airflow/.local/lib/python3.12/site-packages/airflow/example_dags/example_branch_labels.py for tasks to queue
[2025-06-27T17:14:28.531+0000] {logging_mixin.py:190} INFO - [2025-06-27T17:14:28.530+0000] {dagbag.py:588} INFO - Filling up the DagBag from /home/airflow/.local/lib/python3.12/site-packages/airflow/example_dags/example_branch_labels.py
[2025-06-27T17:14:28.541+0000] {processor.py:925} INFO - DAG(s) 'example_branch_labels' retrieved from /home/airflow/.local/lib/python3.12/site-packages/airflow/example_dags/example_branch_labels.py
[2025-06-27T17:14:28.559+0000] {logging_mixin.py:190} INFO - [2025-06-27T17:14:28.559+0000] {dag.py:3239} INFO - Sync 1 DAGs
[2025-06-27T17:14:28.584+0000] {logging_mixin.py:190} INFO - [2025-06-27T17:14:28.584+0000] {dag.py:4180} INFO - Setting next_dagrun for example_branch_labels to 2025-06-27 00:00:00+00:00, run_after=2025-06-28 00:00:00+00:00
[2025-06-27T17:14:28.602+0000] {processor.py:208} INFO - Processing /home/airflow/.local/lib/python3.12/site-packages/airflow/example_dags/example_branch_labels.py took 0.080 seconds
[2025-06-27T17:14:59.768+0000] {processor.py:186} INFO - Started process (PID=2454) to work on /home/airflow/.local/lib/python3.12/site-packages/airflow/example_dags/example_branch_labels.py
[2025-06-27T17:14:59.768+0000] {processor.py:914} INFO - Processing file /home/airflow/.local/lib/python3.12/site-packages/airflow/example_dags/example_branch_labels.py for tasks to queue
[2025-06-27T17:14:59.771+0000] {logging_mixin.py:190} INFO - [2025-06-27T17:14:59.771+0000] {dagbag.py:588} INFO - Filling up the DagBag from /home/airflow/.local/lib/python3.12/site-packages/airflow/example_dags/example_branch_labels.py
[2025-06-27T17:14:59.780+0000] {processor.py:925} INFO - DAG(s) 'example_branch_labels' retrieved from /home/airflow/.local/lib/python3.12/site-packages/airflow/example_dags/example_branch_labels.py
[2025-06-27T17:14:59.800+0000] {logging_mixin.py:190} INFO - [2025-06-27T17:14:59.800+0000] {dag.py:3239} INFO - Sync 1 DAGs
[2025-06-27T17:14:59.824+0000] {logging_mixin.py:190} INFO - [2025-06-27T17:14:59.824+0000] {dag.py:4180} INFO - Setting next_dagrun for example_branch_labels to 2025-06-27 00:00:00+00:00, run_after=2025-06-28 00:00:00+00:00
[2025-06-27T17:14:59.842+0000] {processor.py:208} INFO - Processing /home/airflow/.local/lib/python3.12/site-packages/airflow/example_dags/example_branch_labels.py took 0.080 seconds
[2025-06-27T17:15:30.644+0000] {processor.py:186} INFO - Started process (PID=2523) to work on /home/airflow/.local/lib/python3.12/site-packages/airflow/example_dags/example_branch_labels.py
[2025-06-27T17:15:30.644+0000] {processor.py:914} INFO - Processing file /home/airflow/.local/lib/python3.12/site-packages/airflow/example_dags/example_branch_labels.py for tasks to queue
[2025-06-27T17:15:30.647+0000] {logging_mixin.py:190} INFO - [2025-06-27T17:15:30.646+0000] {dagbag.py:588} INFO - Filling up the DagBag from /home/airflow/.local/lib/python3.12/site-packages/airflow/example_dags/example_branch_labels.py
[2025-06-27T17:15:30.656+0000] {processor.py:925} INFO - DAG(s) 'example_branch_labels' retrieved from /home/airflow/.local/lib/python3.12/site-packages/airflow/example_dags/example_branch_labels.py
[2025-06-27T17:15:30.674+0000] {logging_mixin.py:190} INFO - [2025-06-27T17:15:30.674+0000] {dag.py:3239} INFO - Sync 1 DAGs
[2025-06-27T17:15:30.699+0000] {logging_mixin.py:190} INFO - [2025-06-27T17:15:30.699+0000] {dag.py:4180} INFO - Setting next_dagrun for example_branch_labels to 2025-06-27 00:00:00+00:00, run_after=2025-06-28 00:00:00+00:00
[2025-06-27T17:15:30.717+0000] {processor.py:208} INFO - Processing /home/airflow/.local/lib/python3.12/site-packages/airflow/example_dags/example_branch_labels.py took 0.079 seconds
[2025-06-27T17:16:01.111+0000] {processor.py:186} INFO - Started process (PID=2593) to work on /home/airflow/.local/lib/python3.12/site-packages/airflow/example_dags/example_branch_labels.py
[2025-06-27T17:16:01.112+0000] {processor.py:914} INFO - Processing file /home/airflow/.local/lib/python3.12/site-packages/airflow/example_dags/example_branch_labels.py for tasks to queue
[2025-06-27T17:16:01.115+0000] {logging_mixin.py:190} INFO - [2025-06-27T17:16:01.115+0000] {dagbag.py:588} INFO - Filling up the DagBag from /home/airflow/.local/lib/python3.12/site-packages/airflow/example_dags/example_branch_labels.py
[2025-06-27T17:16:01.130+0000] {processor.py:925} INFO - DAG(s) 'example_branch_labels' retrieved from /home/airflow/.local/lib/python3.12/site-packages/airflow/example_dags/example_branch_labels.py
[2025-06-27T17:16:01.156+0000] {logging_mixin.py:190} INFO - [2025-06-27T17:16:01.156+0000] {dag.py:3239} INFO - Sync 1 DAGs
[2025-06-27T17:16:01.190+0000] {logging_mixin.py:190} INFO - [2025-06-27T17:16:01.190+0000] {dag.py:4180} INFO - Setting next_dagrun for example_branch_labels to 2025-06-27 00:00:00+00:00, run_after=2025-06-28 00:00:00+00:00
[2025-06-27T17:16:01.214+0000] {processor.py:208} INFO - Processing /home/airflow/.local/lib/python3.12/site-packages/airflow/example_dags/example_branch_labels.py took 0.110 seconds
[2025-06-27T17:16:32.025+0000] {processor.py:186} INFO - Started process (PID=2656) to work on /home/airflow/.local/lib/python3.12/site-packages/airflow/example_dags/example_branch_labels.py
[2025-06-27T17:16:32.026+0000] {processor.py:914} INFO - Processing file /home/airflow/.local/lib/python3.12/site-packages/airflow/example_dags/example_branch_labels.py for tasks to queue
[2025-06-27T17:16:32.029+0000] {logging_mixin.py:190} INFO - [2025-06-27T17:16:32.029+0000] {dagbag.py:588} INFO - Filling up the DagBag from /home/airflow/.local/lib/python3.12/site-packages/airflow/example_dags/example_branch_labels.py
[2025-06-27T17:16:32.038+0000] {processor.py:925} INFO - DAG(s) 'example_branch_labels' retrieved from /home/airflow/.local/lib/python3.12/site-packages/airflow/example_dags/example_branch_labels.py
[2025-06-27T17:16:32.055+0000] {logging_mixin.py:190} INFO - [2025-06-27T17:16:32.055+0000] {dag.py:3239} INFO - Sync 1 DAGs
[2025-06-27T17:16:32.075+0000] {logging_mixin.py:190} INFO - [2025-06-27T17:16:32.075+0000] {dag.py:4180} INFO - Setting next_dagrun for example_branch_labels to 2025-06-27 00:00:00+00:00, run_after=2025-06-28 00:00:00+00:00
[2025-06-27T17:16:32.091+0000] {processor.py:208} INFO - Processing /home/airflow/.local/lib/python3.12/site-packages/airflow/example_dags/example_branch_labels.py took 0.071 seconds
[2025-06-27T17:17:03.806+0000] {processor.py:186} INFO - Started process (PID=2726) to work on /home/airflow/.local/lib/python3.12/site-packages/airflow/example_dags/example_branch_labels.py
[2025-06-27T17:17:03.807+0000] {processor.py:914} INFO - Processing file /home/airflow/.local/lib/python3.12/site-packages/airflow/example_dags/example_branch_labels.py for tasks to queue
[2025-06-27T17:17:03.810+0000] {logging_mixin.py:190} INFO - [2025-06-27T17:17:03.809+0000] {dagbag.py:588} INFO - Filling up the DagBag from /home/airflow/.local/lib/python3.12/site-packages/airflow/example_dags/example_branch_labels.py
[2025-06-27T17:17:03.820+0000] {processor.py:925} INFO - DAG(s) 'example_branch_labels' retrieved from /home/airflow/.local/lib/python3.12/site-packages/airflow/example_dags/example_branch_labels.py
[2025-06-27T17:17:03.841+0000] {logging_mixin.py:190} INFO - [2025-06-27T17:17:03.840+0000] {dag.py:3239} INFO - Sync 1 DAGs
[2025-06-27T17:17:03.863+0000] {logging_mixin.py:190} INFO - [2025-06-27T17:17:03.863+0000] {dag.py:4180} INFO - Setting next_dagrun for example_branch_labels to 2025-06-27 00:00:00+00:00, run_after=2025-06-28 00:00:00+00:00
[2025-06-27T17:17:03.882+0000] {processor.py:208} INFO - Processing /home/airflow/.local/lib/python3.12/site-packages/airflow/example_dags/example_branch_labels.py took 0.082 seconds
