[2025-06-27T16:58:00.087+0000] {processor.py:186} INFO - Started process (PID=169) to work on /home/airflow/.local/lib/python3.12/site-packages/airflow/example_dags/example_kubernetes_executor.py
[2025-06-27T16:58:00.088+0000] {processor.py:914} INFO - Processing file /home/airflow/.local/lib/python3.12/site-packages/airflow/example_dags/example_kubernetes_executor.py for tasks to queue
[2025-06-27T16:58:00.091+0000] {logging_mixin.py:190} INFO - [2025-06-27T16:58:00.091+0000] {dagbag.py:588} INFO - Filling up the DagBag from /home/airflow/.local/lib/python3.12/site-packages/airflow/example_dags/example_kubernetes_executor.py
[2025-06-27T16:58:00.112+0000] {processor.py:925} INFO - DAG(s) 'example_kubernetes_executor' retrieved from /home/airflow/.local/lib/python3.12/site-packages/airflow/example_dags/example_kubernetes_executor.py
[2025-06-27T16:58:00.151+0000] {logging_mixin.py:190} INFO - [2025-06-27T16:58:00.151+0000] {dag.py:3239} INFO - Sync 1 DAGs
[2025-06-27T16:58:00.175+0000] {logging_mixin.py:190} INFO - [2025-06-27T16:58:00.175+0000] {dag.py:4180} INFO - Setting next_dagrun for example_kubernetes_executor to None, run_after=None
[2025-06-27T16:58:00.202+0000] {processor.py:208} INFO - Processing /home/airflow/.local/lib/python3.12/site-packages/airflow/example_dags/example_kubernetes_executor.py took 0.124 seconds
[2025-06-27T16:58:30.834+0000] {processor.py:186} INFO - Started process (PID=303) to work on /home/airflow/.local/lib/python3.12/site-packages/airflow/example_dags/example_kubernetes_executor.py
[2025-06-27T16:58:30.835+0000] {processor.py:914} INFO - Processing file /home/airflow/.local/lib/python3.12/site-packages/airflow/example_dags/example_kubernetes_executor.py for tasks to queue
[2025-06-27T16:58:30.837+0000] {logging_mixin.py:190} INFO - [2025-06-27T16:58:30.837+0000] {dagbag.py:588} INFO - Filling up the DagBag from /home/airflow/.local/lib/python3.12/site-packages/airflow/example_dags/example_kubernetes_executor.py
[2025-06-27T16:58:30.851+0000] {processor.py:925} INFO - DAG(s) 'example_kubernetes_executor' retrieved from /home/airflow/.local/lib/python3.12/site-packages/airflow/example_dags/example_kubernetes_executor.py
[2025-06-27T16:58:30.874+0000] {logging_mixin.py:190} INFO - [2025-06-27T16:58:30.874+0000] {dag.py:3239} INFO - Sync 1 DAGs
[2025-06-27T16:58:30.888+0000] {logging_mixin.py:190} INFO - [2025-06-27T16:58:30.888+0000] {dag.py:4180} INFO - Setting next_dagrun for example_kubernetes_executor to None, run_after=None
[2025-06-27T16:58:30.906+0000] {processor.py:208} INFO - Processing /home/airflow/.local/lib/python3.12/site-packages/airflow/example_dags/example_kubernetes_executor.py took 0.078 seconds
[2025-06-27T16:59:01.228+0000] {processor.py:186} INFO - Started process (PID=381) to work on /home/airflow/.local/lib/python3.12/site-packages/airflow/example_dags/example_kubernetes_executor.py
[2025-06-27T16:59:01.229+0000] {processor.py:914} INFO - Processing file /home/airflow/.local/lib/python3.12/site-packages/airflow/example_dags/example_kubernetes_executor.py for tasks to queue
[2025-06-27T16:59:01.231+0000] {logging_mixin.py:190} INFO - [2025-06-27T16:59:01.231+0000] {dagbag.py:588} INFO - Filling up the DagBag from /home/airflow/.local/lib/python3.12/site-packages/airflow/example_dags/example_kubernetes_executor.py
[2025-06-27T16:59:01.247+0000] {processor.py:925} INFO - DAG(s) 'example_kubernetes_executor' retrieved from /home/airflow/.local/lib/python3.12/site-packages/airflow/example_dags/example_kubernetes_executor.py
[2025-06-27T16:59:01.268+0000] {logging_mixin.py:190} INFO - [2025-06-27T16:59:01.268+0000] {dag.py:3239} INFO - Sync 1 DAGs
[2025-06-27T16:59:01.285+0000] {logging_mixin.py:190} INFO - [2025-06-27T16:59:01.285+0000] {dag.py:4180} INFO - Setting next_dagrun for example_kubernetes_executor to None, run_after=None
[2025-06-27T16:59:01.308+0000] {processor.py:208} INFO - Processing /home/airflow/.local/lib/python3.12/site-packages/airflow/example_dags/example_kubernetes_executor.py took 0.086 seconds
[2025-06-27T16:59:31.650+0000] {processor.py:186} INFO - Started process (PID=450) to work on /home/airflow/.local/lib/python3.12/site-packages/airflow/example_dags/example_kubernetes_executor.py
[2025-06-27T16:59:31.651+0000] {processor.py:914} INFO - Processing file /home/airflow/.local/lib/python3.12/site-packages/airflow/example_dags/example_kubernetes_executor.py for tasks to queue
[2025-06-27T16:59:31.653+0000] {logging_mixin.py:190} INFO - [2025-06-27T16:59:31.653+0000] {dagbag.py:588} INFO - Filling up the DagBag from /home/airflow/.local/lib/python3.12/site-packages/airflow/example_dags/example_kubernetes_executor.py
[2025-06-27T16:59:31.666+0000] {processor.py:925} INFO - DAG(s) 'example_kubernetes_executor' retrieved from /home/airflow/.local/lib/python3.12/site-packages/airflow/example_dags/example_kubernetes_executor.py
[2025-06-27T16:59:31.686+0000] {logging_mixin.py:190} INFO - [2025-06-27T16:59:31.686+0000] {dag.py:3239} INFO - Sync 1 DAGs
[2025-06-27T16:59:31.699+0000] {logging_mixin.py:190} INFO - [2025-06-27T16:59:31.699+0000] {dag.py:4180} INFO - Setting next_dagrun for example_kubernetes_executor to None, run_after=None
[2025-06-27T16:59:31.717+0000] {processor.py:208} INFO - Processing /home/airflow/.local/lib/python3.12/site-packages/airflow/example_dags/example_kubernetes_executor.py took 0.072 seconds
[2025-06-27T17:00:02.377+0000] {processor.py:186} INFO - Started process (PID=520) to work on /home/airflow/.local/lib/python3.12/site-packages/airflow/example_dags/example_kubernetes_executor.py
[2025-06-27T17:00:02.378+0000] {processor.py:914} INFO - Processing file /home/airflow/.local/lib/python3.12/site-packages/airflow/example_dags/example_kubernetes_executor.py for tasks to queue
[2025-06-27T17:00:02.380+0000] {logging_mixin.py:190} INFO - [2025-06-27T17:00:02.380+0000] {dagbag.py:588} INFO - Filling up the DagBag from /home/airflow/.local/lib/python3.12/site-packages/airflow/example_dags/example_kubernetes_executor.py
[2025-06-27T17:00:02.400+0000] {processor.py:925} INFO - DAG(s) 'example_kubernetes_executor' retrieved from /home/airflow/.local/lib/python3.12/site-packages/airflow/example_dags/example_kubernetes_executor.py
[2025-06-27T17:00:02.427+0000] {logging_mixin.py:190} INFO - [2025-06-27T17:00:02.427+0000] {dag.py:3239} INFO - Sync 1 DAGs
[2025-06-27T17:00:02.442+0000] {logging_mixin.py:190} INFO - [2025-06-27T17:00:02.442+0000] {dag.py:4180} INFO - Setting next_dagrun for example_kubernetes_executor to None, run_after=None
[2025-06-27T17:00:02.464+0000] {processor.py:208} INFO - Processing /home/airflow/.local/lib/python3.12/site-packages/airflow/example_dags/example_kubernetes_executor.py took 0.093 seconds
[2025-06-27T17:00:32.794+0000] {processor.py:186} INFO - Started process (PID=584) to work on /home/airflow/.local/lib/python3.12/site-packages/airflow/example_dags/example_kubernetes_executor.py
[2025-06-27T17:00:32.795+0000] {processor.py:914} INFO - Processing file /home/airflow/.local/lib/python3.12/site-packages/airflow/example_dags/example_kubernetes_executor.py for tasks to queue
[2025-06-27T17:00:32.798+0000] {logging_mixin.py:190} INFO - [2025-06-27T17:00:32.797+0000] {dagbag.py:588} INFO - Filling up the DagBag from /home/airflow/.local/lib/python3.12/site-packages/airflow/example_dags/example_kubernetes_executor.py
[2025-06-27T17:00:32.812+0000] {processor.py:925} INFO - DAG(s) 'example_kubernetes_executor' retrieved from /home/airflow/.local/lib/python3.12/site-packages/airflow/example_dags/example_kubernetes_executor.py
[2025-06-27T17:00:32.836+0000] {logging_mixin.py:190} INFO - [2025-06-27T17:00:32.836+0000] {dag.py:3239} INFO - Sync 1 DAGs
[2025-06-27T17:00:32.850+0000] {logging_mixin.py:190} INFO - [2025-06-27T17:00:32.850+0000] {dag.py:4180} INFO - Setting next_dagrun for example_kubernetes_executor to None, run_after=None
[2025-06-27T17:00:32.870+0000] {processor.py:208} INFO - Processing /home/airflow/.local/lib/python3.12/site-packages/airflow/example_dags/example_kubernetes_executor.py took 0.082 seconds
[2025-06-27T17:01:05.102+0000] {processor.py:186} INFO - Started process (PID=653) to work on /home/airflow/.local/lib/python3.12/site-packages/airflow/example_dags/example_kubernetes_executor.py
[2025-06-27T17:01:05.104+0000] {processor.py:914} INFO - Processing file /home/airflow/.local/lib/python3.12/site-packages/airflow/example_dags/example_kubernetes_executor.py for tasks to queue
[2025-06-27T17:01:05.106+0000] {logging_mixin.py:190} INFO - [2025-06-27T17:01:05.106+0000] {dagbag.py:588} INFO - Filling up the DagBag from /home/airflow/.local/lib/python3.12/site-packages/airflow/example_dags/example_kubernetes_executor.py
[2025-06-27T17:01:05.125+0000] {processor.py:925} INFO - DAG(s) 'example_kubernetes_executor' retrieved from /home/airflow/.local/lib/python3.12/site-packages/airflow/example_dags/example_kubernetes_executor.py
[2025-06-27T17:01:05.160+0000] {logging_mixin.py:190} INFO - [2025-06-27T17:01:05.159+0000] {dag.py:3239} INFO - Sync 1 DAGs
[2025-06-27T17:01:05.178+0000] {logging_mixin.py:190} INFO - [2025-06-27T17:01:05.177+0000] {dag.py:4180} INFO - Setting next_dagrun for example_kubernetes_executor to None, run_after=None
[2025-06-27T17:01:05.204+0000] {processor.py:208} INFO - Processing /home/airflow/.local/lib/python3.12/site-packages/airflow/example_dags/example_kubernetes_executor.py took 0.109 seconds
[2025-06-27T17:01:36.079+0000] {processor.py:186} INFO - Started process (PID=716) to work on /home/airflow/.local/lib/python3.12/site-packages/airflow/example_dags/example_kubernetes_executor.py
[2025-06-27T17:01:36.080+0000] {processor.py:914} INFO - Processing file /home/airflow/.local/lib/python3.12/site-packages/airflow/example_dags/example_kubernetes_executor.py for tasks to queue
[2025-06-27T17:01:36.082+0000] {logging_mixin.py:190} INFO - [2025-06-27T17:01:36.082+0000] {dagbag.py:588} INFO - Filling up the DagBag from /home/airflow/.local/lib/python3.12/site-packages/airflow/example_dags/example_kubernetes_executor.py
[2025-06-27T17:01:36.096+0000] {processor.py:925} INFO - DAG(s) 'example_kubernetes_executor' retrieved from /home/airflow/.local/lib/python3.12/site-packages/airflow/example_dags/example_kubernetes_executor.py
[2025-06-27T17:01:36.118+0000] {logging_mixin.py:190} INFO - [2025-06-27T17:01:36.118+0000] {dag.py:3239} INFO - Sync 1 DAGs
[2025-06-27T17:01:36.132+0000] {logging_mixin.py:190} INFO - [2025-06-27T17:01:36.132+0000] {dag.py:4180} INFO - Setting next_dagrun for example_kubernetes_executor to None, run_after=None
[2025-06-27T17:01:36.150+0000] {processor.py:208} INFO - Processing /home/airflow/.local/lib/python3.12/site-packages/airflow/example_dags/example_kubernetes_executor.py took 0.078 seconds
[2025-06-27T17:02:06.533+0000] {processor.py:186} INFO - Started process (PID=786) to work on /home/airflow/.local/lib/python3.12/site-packages/airflow/example_dags/example_kubernetes_executor.py
[2025-06-27T17:02:06.534+0000] {processor.py:914} INFO - Processing file /home/airflow/.local/lib/python3.12/site-packages/airflow/example_dags/example_kubernetes_executor.py for tasks to queue
[2025-06-27T17:02:06.536+0000] {logging_mixin.py:190} INFO - [2025-06-27T17:02:06.535+0000] {dagbag.py:588} INFO - Filling up the DagBag from /home/airflow/.local/lib/python3.12/site-packages/airflow/example_dags/example_kubernetes_executor.py
[2025-06-27T17:02:06.548+0000] {processor.py:925} INFO - DAG(s) 'example_kubernetes_executor' retrieved from /home/airflow/.local/lib/python3.12/site-packages/airflow/example_dags/example_kubernetes_executor.py
[2025-06-27T17:02:06.570+0000] {logging_mixin.py:190} INFO - [2025-06-27T17:02:06.570+0000] {dag.py:3239} INFO - Sync 1 DAGs
[2025-06-27T17:02:06.582+0000] {logging_mixin.py:190} INFO - [2025-06-27T17:02:06.582+0000] {dag.py:4180} INFO - Setting next_dagrun for example_kubernetes_executor to None, run_after=None
[2025-06-27T17:02:06.600+0000] {processor.py:208} INFO - Processing /home/airflow/.local/lib/python3.12/site-packages/airflow/example_dags/example_kubernetes_executor.py took 0.072 seconds
[2025-06-27T17:02:37.249+0000] {processor.py:186} INFO - Started process (PID=850) to work on /home/airflow/.local/lib/python3.12/site-packages/airflow/example_dags/example_kubernetes_executor.py
[2025-06-27T17:02:37.250+0000] {processor.py:914} INFO - Processing file /home/airflow/.local/lib/python3.12/site-packages/airflow/example_dags/example_kubernetes_executor.py for tasks to queue
[2025-06-27T17:02:37.252+0000] {logging_mixin.py:190} INFO - [2025-06-27T17:02:37.252+0000] {dagbag.py:588} INFO - Filling up the DagBag from /home/airflow/.local/lib/python3.12/site-packages/airflow/example_dags/example_kubernetes_executor.py
[2025-06-27T17:02:37.266+0000] {processor.py:925} INFO - DAG(s) 'example_kubernetes_executor' retrieved from /home/airflow/.local/lib/python3.12/site-packages/airflow/example_dags/example_kubernetes_executor.py
[2025-06-27T17:02:37.286+0000] {logging_mixin.py:190} INFO - [2025-06-27T17:02:37.286+0000] {dag.py:3239} INFO - Sync 1 DAGs
[2025-06-27T17:02:37.299+0000] {logging_mixin.py:190} INFO - [2025-06-27T17:02:37.299+0000] {dag.py:4180} INFO - Setting next_dagrun for example_kubernetes_executor to None, run_after=None
[2025-06-27T17:02:37.316+0000] {processor.py:208} INFO - Processing /home/airflow/.local/lib/python3.12/site-packages/airflow/example_dags/example_kubernetes_executor.py took 0.072 seconds
[2025-06-27T17:03:08.212+0000] {processor.py:186} INFO - Started process (PID=919) to work on /home/airflow/.local/lib/python3.12/site-packages/airflow/example_dags/example_kubernetes_executor.py
[2025-06-27T17:03:08.213+0000] {processor.py:914} INFO - Processing file /home/airflow/.local/lib/python3.12/site-packages/airflow/example_dags/example_kubernetes_executor.py for tasks to queue
[2025-06-27T17:03:08.215+0000] {logging_mixin.py:190} INFO - [2025-06-27T17:03:08.215+0000] {dagbag.py:588} INFO - Filling up the DagBag from /home/airflow/.local/lib/python3.12/site-packages/airflow/example_dags/example_kubernetes_executor.py
[2025-06-27T17:03:08.228+0000] {processor.py:925} INFO - DAG(s) 'example_kubernetes_executor' retrieved from /home/airflow/.local/lib/python3.12/site-packages/airflow/example_dags/example_kubernetes_executor.py
[2025-06-27T17:03:08.247+0000] {logging_mixin.py:190} INFO - [2025-06-27T17:03:08.247+0000] {dag.py:3239} INFO - Sync 1 DAGs
[2025-06-27T17:03:08.260+0000] {logging_mixin.py:190} INFO - [2025-06-27T17:03:08.259+0000] {dag.py:4180} INFO - Setting next_dagrun for example_kubernetes_executor to None, run_after=None
[2025-06-27T17:03:08.277+0000] {processor.py:208} INFO - Processing /home/airflow/.local/lib/python3.12/site-packages/airflow/example_dags/example_kubernetes_executor.py took 0.070 seconds
[2025-06-27T17:03:39.012+0000] {processor.py:186} INFO - Started process (PID=983) to work on /home/airflow/.local/lib/python3.12/site-packages/airflow/example_dags/example_kubernetes_executor.py
[2025-06-27T17:03:39.013+0000] {processor.py:914} INFO - Processing file /home/airflow/.local/lib/python3.12/site-packages/airflow/example_dags/example_kubernetes_executor.py for tasks to queue
[2025-06-27T17:03:39.015+0000] {logging_mixin.py:190} INFO - [2025-06-27T17:03:39.015+0000] {dagbag.py:588} INFO - Filling up the DagBag from /home/airflow/.local/lib/python3.12/site-packages/airflow/example_dags/example_kubernetes_executor.py
[2025-06-27T17:03:39.029+0000] {processor.py:925} INFO - DAG(s) 'example_kubernetes_executor' retrieved from /home/airflow/.local/lib/python3.12/site-packages/airflow/example_dags/example_kubernetes_executor.py
[2025-06-27T17:03:39.053+0000] {logging_mixin.py:190} INFO - [2025-06-27T17:03:39.052+0000] {dag.py:3239} INFO - Sync 1 DAGs
[2025-06-27T17:03:39.066+0000] {logging_mixin.py:190} INFO - [2025-06-27T17:03:39.066+0000] {dag.py:4180} INFO - Setting next_dagrun for example_kubernetes_executor to None, run_after=None
[2025-06-27T17:03:39.084+0000] {processor.py:208} INFO - Processing /home/airflow/.local/lib/python3.12/site-packages/airflow/example_dags/example_kubernetes_executor.py took 0.077 seconds
[2025-06-27T17:04:09.830+0000] {processor.py:186} INFO - Started process (PID=1053) to work on /home/airflow/.local/lib/python3.12/site-packages/airflow/example_dags/example_kubernetes_executor.py
[2025-06-27T17:04:09.830+0000] {processor.py:914} INFO - Processing file /home/airflow/.local/lib/python3.12/site-packages/airflow/example_dags/example_kubernetes_executor.py for tasks to queue
[2025-06-27T17:04:09.833+0000] {logging_mixin.py:190} INFO - [2025-06-27T17:04:09.832+0000] {dagbag.py:588} INFO - Filling up the DagBag from /home/airflow/.local/lib/python3.12/site-packages/airflow/example_dags/example_kubernetes_executor.py
[2025-06-27T17:04:09.845+0000] {processor.py:925} INFO - DAG(s) 'example_kubernetes_executor' retrieved from /home/airflow/.local/lib/python3.12/site-packages/airflow/example_dags/example_kubernetes_executor.py
[2025-06-27T17:04:09.867+0000] {logging_mixin.py:190} INFO - [2025-06-27T17:04:09.867+0000] {dag.py:3239} INFO - Sync 1 DAGs
[2025-06-27T17:04:09.880+0000] {logging_mixin.py:190} INFO - [2025-06-27T17:04:09.879+0000] {dag.py:4180} INFO - Setting next_dagrun for example_kubernetes_executor to None, run_after=None
[2025-06-27T17:04:09.898+0000] {processor.py:208} INFO - Processing /home/airflow/.local/lib/python3.12/site-packages/airflow/example_dags/example_kubernetes_executor.py took 0.074 seconds
[2025-06-27T17:04:40.332+0000] {processor.py:186} INFO - Started process (PID=1117) to work on /home/airflow/.local/lib/python3.12/site-packages/airflow/example_dags/example_kubernetes_executor.py
[2025-06-27T17:04:40.333+0000] {processor.py:914} INFO - Processing file /home/airflow/.local/lib/python3.12/site-packages/airflow/example_dags/example_kubernetes_executor.py for tasks to queue
[2025-06-27T17:04:40.335+0000] {logging_mixin.py:190} INFO - [2025-06-27T17:04:40.335+0000] {dagbag.py:588} INFO - Filling up the DagBag from /home/airflow/.local/lib/python3.12/site-packages/airflow/example_dags/example_kubernetes_executor.py
[2025-06-27T17:04:40.349+0000] {processor.py:925} INFO - DAG(s) 'example_kubernetes_executor' retrieved from /home/airflow/.local/lib/python3.12/site-packages/airflow/example_dags/example_kubernetes_executor.py
[2025-06-27T17:04:40.370+0000] {logging_mixin.py:190} INFO - [2025-06-27T17:04:40.370+0000] {dag.py:3239} INFO - Sync 1 DAGs
[2025-06-27T17:04:40.384+0000] {logging_mixin.py:190} INFO - [2025-06-27T17:04:40.384+0000] {dag.py:4180} INFO - Setting next_dagrun for example_kubernetes_executor to None, run_after=None
[2025-06-27T17:04:40.402+0000] {processor.py:208} INFO - Processing /home/airflow/.local/lib/python3.12/site-packages/airflow/example_dags/example_kubernetes_executor.py took 0.076 seconds
[2025-06-27T17:05:11.660+0000] {processor.py:186} INFO - Started process (PID=1186) to work on /home/airflow/.local/lib/python3.12/site-packages/airflow/example_dags/example_kubernetes_executor.py
[2025-06-27T17:05:11.662+0000] {processor.py:914} INFO - Processing file /home/airflow/.local/lib/python3.12/site-packages/airflow/example_dags/example_kubernetes_executor.py for tasks to queue
[2025-06-27T17:05:11.664+0000] {logging_mixin.py:190} INFO - [2025-06-27T17:05:11.664+0000] {dagbag.py:588} INFO - Filling up the DagBag from /home/airflow/.local/lib/python3.12/site-packages/airflow/example_dags/example_kubernetes_executor.py
[2025-06-27T17:05:11.679+0000] {processor.py:925} INFO - DAG(s) 'example_kubernetes_executor' retrieved from /home/airflow/.local/lib/python3.12/site-packages/airflow/example_dags/example_kubernetes_executor.py
[2025-06-27T17:05:11.708+0000] {logging_mixin.py:190} INFO - [2025-06-27T17:05:11.707+0000] {dag.py:3239} INFO - Sync 1 DAGs
[2025-06-27T17:05:11.721+0000] {logging_mixin.py:190} INFO - [2025-06-27T17:05:11.721+0000] {dag.py:4180} INFO - Setting next_dagrun for example_kubernetes_executor to None, run_after=None
[2025-06-27T17:05:11.741+0000] {processor.py:208} INFO - Processing /home/airflow/.local/lib/python3.12/site-packages/airflow/example_dags/example_kubernetes_executor.py took 0.087 seconds
[2025-06-27T17:05:42.461+0000] {processor.py:186} INFO - Started process (PID=1250) to work on /home/airflow/.local/lib/python3.12/site-packages/airflow/example_dags/example_kubernetes_executor.py
[2025-06-27T17:05:42.462+0000] {processor.py:914} INFO - Processing file /home/airflow/.local/lib/python3.12/site-packages/airflow/example_dags/example_kubernetes_executor.py for tasks to queue
[2025-06-27T17:05:42.465+0000] {logging_mixin.py:190} INFO - [2025-06-27T17:05:42.464+0000] {dagbag.py:588} INFO - Filling up the DagBag from /home/airflow/.local/lib/python3.12/site-packages/airflow/example_dags/example_kubernetes_executor.py
[2025-06-27T17:05:42.480+0000] {processor.py:925} INFO - DAG(s) 'example_kubernetes_executor' retrieved from /home/airflow/.local/lib/python3.12/site-packages/airflow/example_dags/example_kubernetes_executor.py
[2025-06-27T17:05:42.505+0000] {logging_mixin.py:190} INFO - [2025-06-27T17:05:42.504+0000] {dag.py:3239} INFO - Sync 1 DAGs
[2025-06-27T17:05:42.521+0000] {logging_mixin.py:190} INFO - [2025-06-27T17:05:42.520+0000] {dag.py:4180} INFO - Setting next_dagrun for example_kubernetes_executor to None, run_after=None
[2025-06-27T17:05:42.544+0000] {processor.py:208} INFO - Processing /home/airflow/.local/lib/python3.12/site-packages/airflow/example_dags/example_kubernetes_executor.py took 0.088 seconds
[2025-06-27T17:06:13.128+0000] {processor.py:186} INFO - Started process (PID=1320) to work on /home/airflow/.local/lib/python3.12/site-packages/airflow/example_dags/example_kubernetes_executor.py
[2025-06-27T17:06:13.129+0000] {processor.py:914} INFO - Processing file /home/airflow/.local/lib/python3.12/site-packages/airflow/example_dags/example_kubernetes_executor.py for tasks to queue
[2025-06-27T17:06:13.131+0000] {logging_mixin.py:190} INFO - [2025-06-27T17:06:13.131+0000] {dagbag.py:588} INFO - Filling up the DagBag from /home/airflow/.local/lib/python3.12/site-packages/airflow/example_dags/example_kubernetes_executor.py
[2025-06-27T17:06:13.144+0000] {processor.py:925} INFO - DAG(s) 'example_kubernetes_executor' retrieved from /home/airflow/.local/lib/python3.12/site-packages/airflow/example_dags/example_kubernetes_executor.py
[2025-06-27T17:06:13.166+0000] {logging_mixin.py:190} INFO - [2025-06-27T17:06:13.166+0000] {dag.py:3239} INFO - Sync 1 DAGs
[2025-06-27T17:06:13.179+0000] {logging_mixin.py:190} INFO - [2025-06-27T17:06:13.178+0000] {dag.py:4180} INFO - Setting next_dagrun for example_kubernetes_executor to None, run_after=None
[2025-06-27T17:06:13.196+0000] {processor.py:208} INFO - Processing /home/airflow/.local/lib/python3.12/site-packages/airflow/example_dags/example_kubernetes_executor.py took 0.073 seconds
[2025-06-27T17:06:44.026+0000] {processor.py:186} INFO - Started process (PID=1384) to work on /home/airflow/.local/lib/python3.12/site-packages/airflow/example_dags/example_kubernetes_executor.py
[2025-06-27T17:06:44.027+0000] {processor.py:914} INFO - Processing file /home/airflow/.local/lib/python3.12/site-packages/airflow/example_dags/example_kubernetes_executor.py for tasks to queue
[2025-06-27T17:06:44.031+0000] {logging_mixin.py:190} INFO - [2025-06-27T17:06:44.030+0000] {dagbag.py:588} INFO - Filling up the DagBag from /home/airflow/.local/lib/python3.12/site-packages/airflow/example_dags/example_kubernetes_executor.py
[2025-06-27T17:06:44.047+0000] {processor.py:925} INFO - DAG(s) 'example_kubernetes_executor' retrieved from /home/airflow/.local/lib/python3.12/site-packages/airflow/example_dags/example_kubernetes_executor.py
[2025-06-27T17:06:44.072+0000] {logging_mixin.py:190} INFO - [2025-06-27T17:06:44.072+0000] {dag.py:3239} INFO - Sync 1 DAGs
[2025-06-27T17:06:44.087+0000] {logging_mixin.py:190} INFO - [2025-06-27T17:06:44.086+0000] {dag.py:4180} INFO - Setting next_dagrun for example_kubernetes_executor to None, run_after=None
[2025-06-27T17:06:44.105+0000] {processor.py:208} INFO - Processing /home/airflow/.local/lib/python3.12/site-packages/airflow/example_dags/example_kubernetes_executor.py took 0.087 seconds
[2025-06-27T17:07:14.549+0000] {processor.py:186} INFO - Started process (PID=1453) to work on /home/airflow/.local/lib/python3.12/site-packages/airflow/example_dags/example_kubernetes_executor.py
[2025-06-27T17:07:14.550+0000] {processor.py:914} INFO - Processing file /home/airflow/.local/lib/python3.12/site-packages/airflow/example_dags/example_kubernetes_executor.py for tasks to queue
[2025-06-27T17:07:14.552+0000] {logging_mixin.py:190} INFO - [2025-06-27T17:07:14.552+0000] {dagbag.py:588} INFO - Filling up the DagBag from /home/airflow/.local/lib/python3.12/site-packages/airflow/example_dags/example_kubernetes_executor.py
[2025-06-27T17:07:14.565+0000] {processor.py:925} INFO - DAG(s) 'example_kubernetes_executor' retrieved from /home/airflow/.local/lib/python3.12/site-packages/airflow/example_dags/example_kubernetes_executor.py
[2025-06-27T17:07:14.586+0000] {logging_mixin.py:190} INFO - [2025-06-27T17:07:14.586+0000] {dag.py:3239} INFO - Sync 1 DAGs
[2025-06-27T17:07:14.599+0000] {logging_mixin.py:190} INFO - [2025-06-27T17:07:14.599+0000] {dag.py:4180} INFO - Setting next_dagrun for example_kubernetes_executor to None, run_after=None
[2025-06-27T17:07:14.616+0000] {processor.py:208} INFO - Processing /home/airflow/.local/lib/python3.12/site-packages/airflow/example_dags/example_kubernetes_executor.py took 0.072 seconds
[2025-06-27T17:07:45.234+0000] {processor.py:186} INFO - Started process (PID=1517) to work on /home/airflow/.local/lib/python3.12/site-packages/airflow/example_dags/example_kubernetes_executor.py
[2025-06-27T17:07:45.235+0000] {processor.py:914} INFO - Processing file /home/airflow/.local/lib/python3.12/site-packages/airflow/example_dags/example_kubernetes_executor.py for tasks to queue
[2025-06-27T17:07:45.239+0000] {logging_mixin.py:190} INFO - [2025-06-27T17:07:45.238+0000] {dagbag.py:588} INFO - Filling up the DagBag from /home/airflow/.local/lib/python3.12/site-packages/airflow/example_dags/example_kubernetes_executor.py
[2025-06-27T17:07:45.256+0000] {processor.py:925} INFO - DAG(s) 'example_kubernetes_executor' retrieved from /home/airflow/.local/lib/python3.12/site-packages/airflow/example_dags/example_kubernetes_executor.py
[2025-06-27T17:07:45.294+0000] {logging_mixin.py:190} INFO - [2025-06-27T17:07:45.293+0000] {dag.py:3239} INFO - Sync 1 DAGs
[2025-06-27T17:07:45.312+0000] {logging_mixin.py:190} INFO - [2025-06-27T17:07:45.311+0000] {dag.py:4180} INFO - Setting next_dagrun for example_kubernetes_executor to None, run_after=None
[2025-06-27T17:07:45.332+0000] {processor.py:208} INFO - Processing /home/airflow/.local/lib/python3.12/site-packages/airflow/example_dags/example_kubernetes_executor.py took 0.106 seconds
[2025-06-27T17:08:15.980+0000] {processor.py:186} INFO - Started process (PID=1587) to work on /home/airflow/.local/lib/python3.12/site-packages/airflow/example_dags/example_kubernetes_executor.py
[2025-06-27T17:08:15.981+0000] {processor.py:914} INFO - Processing file /home/airflow/.local/lib/python3.12/site-packages/airflow/example_dags/example_kubernetes_executor.py for tasks to queue
[2025-06-27T17:08:15.983+0000] {logging_mixin.py:190} INFO - [2025-06-27T17:08:15.983+0000] {dagbag.py:588} INFO - Filling up the DagBag from /home/airflow/.local/lib/python3.12/site-packages/airflow/example_dags/example_kubernetes_executor.py
[2025-06-27T17:08:15.996+0000] {processor.py:925} INFO - DAG(s) 'example_kubernetes_executor' retrieved from /home/airflow/.local/lib/python3.12/site-packages/airflow/example_dags/example_kubernetes_executor.py
[2025-06-27T17:08:16.020+0000] {logging_mixin.py:190} INFO - [2025-06-27T17:08:16.020+0000] {dag.py:3239} INFO - Sync 1 DAGs
[2025-06-27T17:08:16.033+0000] {logging_mixin.py:190} INFO - [2025-06-27T17:08:16.033+0000] {dag.py:4180} INFO - Setting next_dagrun for example_kubernetes_executor to None, run_after=None
[2025-06-27T17:08:16.050+0000] {processor.py:208} INFO - Processing /home/airflow/.local/lib/python3.12/site-packages/airflow/example_dags/example_kubernetes_executor.py took 0.075 seconds
[2025-06-27T17:08:47.347+0000] {processor.py:186} INFO - Started process (PID=1651) to work on /home/airflow/.local/lib/python3.12/site-packages/airflow/example_dags/example_kubernetes_executor.py
[2025-06-27T17:08:47.348+0000] {processor.py:914} INFO - Processing file /home/airflow/.local/lib/python3.12/site-packages/airflow/example_dags/example_kubernetes_executor.py for tasks to queue
[2025-06-27T17:08:47.351+0000] {logging_mixin.py:190} INFO - [2025-06-27T17:08:47.350+0000] {dagbag.py:588} INFO - Filling up the DagBag from /home/airflow/.local/lib/python3.12/site-packages/airflow/example_dags/example_kubernetes_executor.py
[2025-06-27T17:08:47.364+0000] {processor.py:925} INFO - DAG(s) 'example_kubernetes_executor' retrieved from /home/airflow/.local/lib/python3.12/site-packages/airflow/example_dags/example_kubernetes_executor.py
[2025-06-27T17:08:47.386+0000] {logging_mixin.py:190} INFO - [2025-06-27T17:08:47.386+0000] {dag.py:3239} INFO - Sync 1 DAGs
[2025-06-27T17:08:47.399+0000] {logging_mixin.py:190} INFO - [2025-06-27T17:08:47.398+0000] {dag.py:4180} INFO - Setting next_dagrun for example_kubernetes_executor to None, run_after=None
[2025-06-27T17:08:47.417+0000] {processor.py:208} INFO - Processing /home/airflow/.local/lib/python3.12/site-packages/airflow/example_dags/example_kubernetes_executor.py took 0.075 seconds
[2025-06-27T17:09:18.798+0000] {processor.py:186} INFO - Started process (PID=1720) to work on /home/airflow/.local/lib/python3.12/site-packages/airflow/example_dags/example_kubernetes_executor.py
[2025-06-27T17:09:18.799+0000] {processor.py:914} INFO - Processing file /home/airflow/.local/lib/python3.12/site-packages/airflow/example_dags/example_kubernetes_executor.py for tasks to queue
[2025-06-27T17:09:18.801+0000] {logging_mixin.py:190} INFO - [2025-06-27T17:09:18.801+0000] {dagbag.py:588} INFO - Filling up the DagBag from /home/airflow/.local/lib/python3.12/site-packages/airflow/example_dags/example_kubernetes_executor.py
[2025-06-27T17:09:18.814+0000] {processor.py:925} INFO - DAG(s) 'example_kubernetes_executor' retrieved from /home/airflow/.local/lib/python3.12/site-packages/airflow/example_dags/example_kubernetes_executor.py
[2025-06-27T17:09:18.835+0000] {logging_mixin.py:190} INFO - [2025-06-27T17:09:18.835+0000] {dag.py:3239} INFO - Sync 1 DAGs
[2025-06-27T17:09:18.848+0000] {logging_mixin.py:190} INFO - [2025-06-27T17:09:18.848+0000] {dag.py:4180} INFO - Setting next_dagrun for example_kubernetes_executor to None, run_after=None
[2025-06-27T17:09:18.866+0000] {processor.py:208} INFO - Processing /home/airflow/.local/lib/python3.12/site-packages/airflow/example_dags/example_kubernetes_executor.py took 0.074 seconds
[2025-06-27T17:09:50.097+0000] {processor.py:186} INFO - Started process (PID=1784) to work on /home/airflow/.local/lib/python3.12/site-packages/airflow/example_dags/example_kubernetes_executor.py
[2025-06-27T17:09:50.098+0000] {processor.py:914} INFO - Processing file /home/airflow/.local/lib/python3.12/site-packages/airflow/example_dags/example_kubernetes_executor.py for tasks to queue
[2025-06-27T17:09:50.100+0000] {logging_mixin.py:190} INFO - [2025-06-27T17:09:50.100+0000] {dagbag.py:588} INFO - Filling up the DagBag from /home/airflow/.local/lib/python3.12/site-packages/airflow/example_dags/example_kubernetes_executor.py
[2025-06-27T17:09:50.114+0000] {processor.py:925} INFO - DAG(s) 'example_kubernetes_executor' retrieved from /home/airflow/.local/lib/python3.12/site-packages/airflow/example_dags/example_kubernetes_executor.py
[2025-06-27T17:09:50.143+0000] {logging_mixin.py:190} INFO - [2025-06-27T17:09:50.143+0000] {dag.py:3239} INFO - Sync 1 DAGs
[2025-06-27T17:09:50.156+0000] {logging_mixin.py:190} INFO - [2025-06-27T17:09:50.156+0000] {dag.py:4180} INFO - Setting next_dagrun for example_kubernetes_executor to None, run_after=None
[2025-06-27T17:09:50.174+0000] {processor.py:208} INFO - Processing /home/airflow/.local/lib/python3.12/site-packages/airflow/example_dags/example_kubernetes_executor.py took 0.082 seconds
[2025-06-27T17:10:21.007+0000] {processor.py:186} INFO - Started process (PID=1854) to work on /home/airflow/.local/lib/python3.12/site-packages/airflow/example_dags/example_kubernetes_executor.py
[2025-06-27T17:10:21.007+0000] {processor.py:914} INFO - Processing file /home/airflow/.local/lib/python3.12/site-packages/airflow/example_dags/example_kubernetes_executor.py for tasks to queue
[2025-06-27T17:10:21.010+0000] {logging_mixin.py:190} INFO - [2025-06-27T17:10:21.009+0000] {dagbag.py:588} INFO - Filling up the DagBag from /home/airflow/.local/lib/python3.12/site-packages/airflow/example_dags/example_kubernetes_executor.py
[2025-06-27T17:10:21.023+0000] {processor.py:925} INFO - DAG(s) 'example_kubernetes_executor' retrieved from /home/airflow/.local/lib/python3.12/site-packages/airflow/example_dags/example_kubernetes_executor.py
[2025-06-27T17:10:21.046+0000] {logging_mixin.py:190} INFO - [2025-06-27T17:10:21.046+0000] {dag.py:3239} INFO - Sync 1 DAGs
[2025-06-27T17:10:21.060+0000] {logging_mixin.py:190} INFO - [2025-06-27T17:10:21.060+0000] {dag.py:4180} INFO - Setting next_dagrun for example_kubernetes_executor to None, run_after=None
[2025-06-27T17:10:21.080+0000] {processor.py:208} INFO - Processing /home/airflow/.local/lib/python3.12/site-packages/airflow/example_dags/example_kubernetes_executor.py took 0.078 seconds
[2025-06-27T17:10:51.976+0000] {processor.py:186} INFO - Started process (PID=1918) to work on /home/airflow/.local/lib/python3.12/site-packages/airflow/example_dags/example_kubernetes_executor.py
[2025-06-27T17:10:51.977+0000] {processor.py:914} INFO - Processing file /home/airflow/.local/lib/python3.12/site-packages/airflow/example_dags/example_kubernetes_executor.py for tasks to queue
[2025-06-27T17:10:51.979+0000] {logging_mixin.py:190} INFO - [2025-06-27T17:10:51.979+0000] {dagbag.py:588} INFO - Filling up the DagBag from /home/airflow/.local/lib/python3.12/site-packages/airflow/example_dags/example_kubernetes_executor.py
[2025-06-27T17:10:51.992+0000] {processor.py:925} INFO - DAG(s) 'example_kubernetes_executor' retrieved from /home/airflow/.local/lib/python3.12/site-packages/airflow/example_dags/example_kubernetes_executor.py
[2025-06-27T17:10:52.014+0000] {logging_mixin.py:190} INFO - [2025-06-27T17:10:52.014+0000] {dag.py:3239} INFO - Sync 1 DAGs
[2025-06-27T17:10:52.026+0000] {logging_mixin.py:190} INFO - [2025-06-27T17:10:52.026+0000] {dag.py:4180} INFO - Setting next_dagrun for example_kubernetes_executor to None, run_after=None
[2025-06-27T17:10:52.045+0000] {processor.py:208} INFO - Processing /home/airflow/.local/lib/python3.12/site-packages/airflow/example_dags/example_kubernetes_executor.py took 0.074 seconds
[2025-06-27T17:11:22.676+0000] {processor.py:186} INFO - Started process (PID=1987) to work on /home/airflow/.local/lib/python3.12/site-packages/airflow/example_dags/example_kubernetes_executor.py
[2025-06-27T17:11:22.677+0000] {processor.py:914} INFO - Processing file /home/airflow/.local/lib/python3.12/site-packages/airflow/example_dags/example_kubernetes_executor.py for tasks to queue
[2025-06-27T17:11:22.680+0000] {logging_mixin.py:190} INFO - [2025-06-27T17:11:22.679+0000] {dagbag.py:588} INFO - Filling up the DagBag from /home/airflow/.local/lib/python3.12/site-packages/airflow/example_dags/example_kubernetes_executor.py
[2025-06-27T17:11:22.692+0000] {processor.py:925} INFO - DAG(s) 'example_kubernetes_executor' retrieved from /home/airflow/.local/lib/python3.12/site-packages/airflow/example_dags/example_kubernetes_executor.py
[2025-06-27T17:11:22.714+0000] {logging_mixin.py:190} INFO - [2025-06-27T17:11:22.714+0000] {dag.py:3239} INFO - Sync 1 DAGs
[2025-06-27T17:11:22.728+0000] {logging_mixin.py:190} INFO - [2025-06-27T17:11:22.728+0000] {dag.py:4180} INFO - Setting next_dagrun for example_kubernetes_executor to None, run_after=None
[2025-06-27T17:11:22.745+0000] {processor.py:208} INFO - Processing /home/airflow/.local/lib/python3.12/site-packages/airflow/example_dags/example_kubernetes_executor.py took 0.075 seconds
[2025-06-27T17:11:53.819+0000] {processor.py:186} INFO - Started process (PID=2051) to work on /home/airflow/.local/lib/python3.12/site-packages/airflow/example_dags/example_kubernetes_executor.py
[2025-06-27T17:11:53.820+0000] {processor.py:914} INFO - Processing file /home/airflow/.local/lib/python3.12/site-packages/airflow/example_dags/example_kubernetes_executor.py for tasks to queue
[2025-06-27T17:11:53.822+0000] {logging_mixin.py:190} INFO - [2025-06-27T17:11:53.822+0000] {dagbag.py:588} INFO - Filling up the DagBag from /home/airflow/.local/lib/python3.12/site-packages/airflow/example_dags/example_kubernetes_executor.py
[2025-06-27T17:11:53.836+0000] {processor.py:925} INFO - DAG(s) 'example_kubernetes_executor' retrieved from /home/airflow/.local/lib/python3.12/site-packages/airflow/example_dags/example_kubernetes_executor.py
[2025-06-27T17:11:53.858+0000] {logging_mixin.py:190} INFO - [2025-06-27T17:11:53.857+0000] {dag.py:3239} INFO - Sync 1 DAGs
[2025-06-27T17:11:53.871+0000] {logging_mixin.py:190} INFO - [2025-06-27T17:11:53.871+0000] {dag.py:4180} INFO - Setting next_dagrun for example_kubernetes_executor to None, run_after=None
[2025-06-27T17:11:53.892+0000] {processor.py:208} INFO - Processing /home/airflow/.local/lib/python3.12/site-packages/airflow/example_dags/example_kubernetes_executor.py took 0.079 seconds
[2025-06-27T17:12:24.360+0000] {processor.py:186} INFO - Started process (PID=2120) to work on /home/airflow/.local/lib/python3.12/site-packages/airflow/example_dags/example_kubernetes_executor.py
[2025-06-27T17:12:24.361+0000] {processor.py:914} INFO - Processing file /home/airflow/.local/lib/python3.12/site-packages/airflow/example_dags/example_kubernetes_executor.py for tasks to queue
[2025-06-27T17:12:24.363+0000] {logging_mixin.py:190} INFO - [2025-06-27T17:12:24.363+0000] {dagbag.py:588} INFO - Filling up the DagBag from /home/airflow/.local/lib/python3.12/site-packages/airflow/example_dags/example_kubernetes_executor.py
[2025-06-27T17:12:24.375+0000] {processor.py:925} INFO - DAG(s) 'example_kubernetes_executor' retrieved from /home/airflow/.local/lib/python3.12/site-packages/airflow/example_dags/example_kubernetes_executor.py
[2025-06-27T17:12:24.397+0000] {logging_mixin.py:190} INFO - [2025-06-27T17:12:24.396+0000] {dag.py:3239} INFO - Sync 1 DAGs
[2025-06-27T17:12:24.410+0000] {logging_mixin.py:190} INFO - [2025-06-27T17:12:24.410+0000] {dag.py:4180} INFO - Setting next_dagrun for example_kubernetes_executor to None, run_after=None
[2025-06-27T17:12:24.428+0000] {processor.py:208} INFO - Processing /home/airflow/.local/lib/python3.12/site-packages/airflow/example_dags/example_kubernetes_executor.py took 0.073 seconds
[2025-06-27T17:12:55.067+0000] {processor.py:186} INFO - Started process (PID=2184) to work on /home/airflow/.local/lib/python3.12/site-packages/airflow/example_dags/example_kubernetes_executor.py
[2025-06-27T17:12:55.068+0000] {processor.py:914} INFO - Processing file /home/airflow/.local/lib/python3.12/site-packages/airflow/example_dags/example_kubernetes_executor.py for tasks to queue
[2025-06-27T17:12:55.070+0000] {logging_mixin.py:190} INFO - [2025-06-27T17:12:55.070+0000] {dagbag.py:588} INFO - Filling up the DagBag from /home/airflow/.local/lib/python3.12/site-packages/airflow/example_dags/example_kubernetes_executor.py
[2025-06-27T17:12:55.084+0000] {processor.py:925} INFO - DAG(s) 'example_kubernetes_executor' retrieved from /home/airflow/.local/lib/python3.12/site-packages/airflow/example_dags/example_kubernetes_executor.py
[2025-06-27T17:12:55.107+0000] {logging_mixin.py:190} INFO - [2025-06-27T17:12:55.107+0000] {dag.py:3239} INFO - Sync 1 DAGs
[2025-06-27T17:12:55.121+0000] {logging_mixin.py:190} INFO - [2025-06-27T17:12:55.120+0000] {dag.py:4180} INFO - Setting next_dagrun for example_kubernetes_executor to None, run_after=None
[2025-06-27T17:12:55.139+0000] {processor.py:208} INFO - Processing /home/airflow/.local/lib/python3.12/site-packages/airflow/example_dags/example_kubernetes_executor.py took 0.078 seconds
[2025-06-27T17:13:26.471+0000] {processor.py:186} INFO - Started process (PID=2259) to work on /home/airflow/.local/lib/python3.12/site-packages/airflow/example_dags/example_kubernetes_executor.py
[2025-06-27T17:13:26.472+0000] {processor.py:914} INFO - Processing file /home/airflow/.local/lib/python3.12/site-packages/airflow/example_dags/example_kubernetes_executor.py for tasks to queue
[2025-06-27T17:13:26.474+0000] {logging_mixin.py:190} INFO - [2025-06-27T17:13:26.474+0000] {dagbag.py:588} INFO - Filling up the DagBag from /home/airflow/.local/lib/python3.12/site-packages/airflow/example_dags/example_kubernetes_executor.py
[2025-06-27T17:13:26.487+0000] {processor.py:925} INFO - DAG(s) 'example_kubernetes_executor' retrieved from /home/airflow/.local/lib/python3.12/site-packages/airflow/example_dags/example_kubernetes_executor.py
[2025-06-27T17:13:26.507+0000] {logging_mixin.py:190} INFO - [2025-06-27T17:13:26.507+0000] {dag.py:3239} INFO - Sync 1 DAGs
[2025-06-27T17:13:26.520+0000] {logging_mixin.py:190} INFO - [2025-06-27T17:13:26.519+0000] {dag.py:4180} INFO - Setting next_dagrun for example_kubernetes_executor to None, run_after=None
[2025-06-27T17:13:26.536+0000] {processor.py:208} INFO - Processing /home/airflow/.local/lib/python3.12/site-packages/airflow/example_dags/example_kubernetes_executor.py took 0.071 seconds
[2025-06-27T17:13:57.624+0000] {processor.py:186} INFO - Started process (PID=2324) to work on /home/airflow/.local/lib/python3.12/site-packages/airflow/example_dags/example_kubernetes_executor.py
[2025-06-27T17:13:57.625+0000] {processor.py:914} INFO - Processing file /home/airflow/.local/lib/python3.12/site-packages/airflow/example_dags/example_kubernetes_executor.py for tasks to queue
[2025-06-27T17:13:57.627+0000] {logging_mixin.py:190} INFO - [2025-06-27T17:13:57.626+0000] {dagbag.py:588} INFO - Filling up the DagBag from /home/airflow/.local/lib/python3.12/site-packages/airflow/example_dags/example_kubernetes_executor.py
[2025-06-27T17:13:57.639+0000] {processor.py:925} INFO - DAG(s) 'example_kubernetes_executor' retrieved from /home/airflow/.local/lib/python3.12/site-packages/airflow/example_dags/example_kubernetes_executor.py
[2025-06-27T17:13:57.660+0000] {logging_mixin.py:190} INFO - [2025-06-27T17:13:57.660+0000] {dag.py:3239} INFO - Sync 1 DAGs
[2025-06-27T17:13:57.673+0000] {logging_mixin.py:190} INFO - [2025-06-27T17:13:57.673+0000] {dag.py:4180} INFO - Setting next_dagrun for example_kubernetes_executor to None, run_after=None
[2025-06-27T17:13:57.690+0000] {processor.py:208} INFO - Processing /home/airflow/.local/lib/python3.12/site-packages/airflow/example_dags/example_kubernetes_executor.py took 0.072 seconds
[2025-06-27T17:14:28.852+0000] {processor.py:186} INFO - Started process (PID=2394) to work on /home/airflow/.local/lib/python3.12/site-packages/airflow/example_dags/example_kubernetes_executor.py
[2025-06-27T17:14:28.854+0000] {processor.py:914} INFO - Processing file /home/airflow/.local/lib/python3.12/site-packages/airflow/example_dags/example_kubernetes_executor.py for tasks to queue
[2025-06-27T17:14:28.857+0000] {logging_mixin.py:190} INFO - [2025-06-27T17:14:28.856+0000] {dagbag.py:588} INFO - Filling up the DagBag from /home/airflow/.local/lib/python3.12/site-packages/airflow/example_dags/example_kubernetes_executor.py
[2025-06-27T17:14:28.871+0000] {processor.py:925} INFO - DAG(s) 'example_kubernetes_executor' retrieved from /home/airflow/.local/lib/python3.12/site-packages/airflow/example_dags/example_kubernetes_executor.py
[2025-06-27T17:14:28.895+0000] {logging_mixin.py:190} INFO - [2025-06-27T17:14:28.895+0000] {dag.py:3239} INFO - Sync 1 DAGs
[2025-06-27T17:14:28.911+0000] {logging_mixin.py:190} INFO - [2025-06-27T17:14:28.910+0000] {dag.py:4180} INFO - Setting next_dagrun for example_kubernetes_executor to None, run_after=None
[2025-06-27T17:14:28.929+0000] {processor.py:208} INFO - Processing /home/airflow/.local/lib/python3.12/site-packages/airflow/example_dags/example_kubernetes_executor.py took 0.085 seconds
[2025-06-27T17:14:59.991+0000] {processor.py:186} INFO - Started process (PID=2458) to work on /home/airflow/.local/lib/python3.12/site-packages/airflow/example_dags/example_kubernetes_executor.py
[2025-06-27T17:14:59.992+0000] {processor.py:914} INFO - Processing file /home/airflow/.local/lib/python3.12/site-packages/airflow/example_dags/example_kubernetes_executor.py for tasks to queue
[2025-06-27T17:14:59.994+0000] {logging_mixin.py:190} INFO - [2025-06-27T17:14:59.994+0000] {dagbag.py:588} INFO - Filling up the DagBag from /home/airflow/.local/lib/python3.12/site-packages/airflow/example_dags/example_kubernetes_executor.py
[2025-06-27T17:15:00.008+0000] {processor.py:925} INFO - DAG(s) 'example_kubernetes_executor' retrieved from /home/airflow/.local/lib/python3.12/site-packages/airflow/example_dags/example_kubernetes_executor.py
[2025-06-27T17:15:00.031+0000] {logging_mixin.py:190} INFO - [2025-06-27T17:15:00.031+0000] {dag.py:3239} INFO - Sync 1 DAGs
[2025-06-27T17:15:00.044+0000] {logging_mixin.py:190} INFO - [2025-06-27T17:15:00.044+0000] {dag.py:4180} INFO - Setting next_dagrun for example_kubernetes_executor to None, run_after=None
[2025-06-27T17:15:00.062+0000] {processor.py:208} INFO - Processing /home/airflow/.local/lib/python3.12/site-packages/airflow/example_dags/example_kubernetes_executor.py took 0.076 seconds
[2025-06-27T17:15:30.869+0000] {processor.py:186} INFO - Started process (PID=2527) to work on /home/airflow/.local/lib/python3.12/site-packages/airflow/example_dags/example_kubernetes_executor.py
[2025-06-27T17:15:30.870+0000] {processor.py:914} INFO - Processing file /home/airflow/.local/lib/python3.12/site-packages/airflow/example_dags/example_kubernetes_executor.py for tasks to queue
[2025-06-27T17:15:30.872+0000] {logging_mixin.py:190} INFO - [2025-06-27T17:15:30.872+0000] {dagbag.py:588} INFO - Filling up the DagBag from /home/airflow/.local/lib/python3.12/site-packages/airflow/example_dags/example_kubernetes_executor.py
[2025-06-27T17:15:30.887+0000] {processor.py:925} INFO - DAG(s) 'example_kubernetes_executor' retrieved from /home/airflow/.local/lib/python3.12/site-packages/airflow/example_dags/example_kubernetes_executor.py
[2025-06-27T17:15:30.910+0000] {logging_mixin.py:190} INFO - [2025-06-27T17:15:30.910+0000] {dag.py:3239} INFO - Sync 1 DAGs
[2025-06-27T17:15:30.923+0000] {logging_mixin.py:190} INFO - [2025-06-27T17:15:30.923+0000] {dag.py:4180} INFO - Setting next_dagrun for example_kubernetes_executor to None, run_after=None
[2025-06-27T17:15:30.941+0000] {processor.py:208} INFO - Processing /home/airflow/.local/lib/python3.12/site-packages/airflow/example_dags/example_kubernetes_executor.py took 0.078 seconds
[2025-06-27T17:16:01.812+0000] {processor.py:186} INFO - Started process (PID=2597) to work on /home/airflow/.local/lib/python3.12/site-packages/airflow/example_dags/example_kubernetes_executor.py
[2025-06-27T17:16:01.813+0000] {processor.py:914} INFO - Processing file /home/airflow/.local/lib/python3.12/site-packages/airflow/example_dags/example_kubernetes_executor.py for tasks to queue
[2025-06-27T17:16:01.816+0000] {logging_mixin.py:190} INFO - [2025-06-27T17:16:01.815+0000] {dagbag.py:588} INFO - Filling up the DagBag from /home/airflow/.local/lib/python3.12/site-packages/airflow/example_dags/example_kubernetes_executor.py
[2025-06-27T17:16:01.831+0000] {processor.py:925} INFO - DAG(s) 'example_kubernetes_executor' retrieved from /home/airflow/.local/lib/python3.12/site-packages/airflow/example_dags/example_kubernetes_executor.py
[2025-06-27T17:16:01.857+0000] {logging_mixin.py:190} INFO - [2025-06-27T17:16:01.857+0000] {dag.py:3239} INFO - Sync 1 DAGs
[2025-06-27T17:16:01.873+0000] {logging_mixin.py:190} INFO - [2025-06-27T17:16:01.873+0000] {dag.py:4180} INFO - Setting next_dagrun for example_kubernetes_executor to None, run_after=None
[2025-06-27T17:16:01.897+0000] {processor.py:208} INFO - Processing /home/airflow/.local/lib/python3.12/site-packages/airflow/example_dags/example_kubernetes_executor.py took 0.090 seconds
[2025-06-27T17:16:32.911+0000] {processor.py:186} INFO - Started process (PID=2661) to work on /home/airflow/.local/lib/python3.12/site-packages/airflow/example_dags/example_kubernetes_executor.py
[2025-06-27T17:16:32.912+0000] {processor.py:914} INFO - Processing file /home/airflow/.local/lib/python3.12/site-packages/airflow/example_dags/example_kubernetes_executor.py for tasks to queue
[2025-06-27T17:16:32.914+0000] {logging_mixin.py:190} INFO - [2025-06-27T17:16:32.914+0000] {dagbag.py:588} INFO - Filling up the DagBag from /home/airflow/.local/lib/python3.12/site-packages/airflow/example_dags/example_kubernetes_executor.py
[2025-06-27T17:16:32.926+0000] {processor.py:925} INFO - DAG(s) 'example_kubernetes_executor' retrieved from /home/airflow/.local/lib/python3.12/site-packages/airflow/example_dags/example_kubernetes_executor.py
[2025-06-27T17:16:32.946+0000] {logging_mixin.py:190} INFO - [2025-06-27T17:16:32.946+0000] {dag.py:3239} INFO - Sync 1 DAGs
[2025-06-27T17:16:32.959+0000] {logging_mixin.py:190} INFO - [2025-06-27T17:16:32.959+0000] {dag.py:4180} INFO - Setting next_dagrun for example_kubernetes_executor to None, run_after=None
[2025-06-27T17:16:32.976+0000] {processor.py:208} INFO - Processing /home/airflow/.local/lib/python3.12/site-packages/airflow/example_dags/example_kubernetes_executor.py took 0.070 seconds
[2025-06-27T17:17:03.964+0000] {processor.py:186} INFO - Started process (PID=2729) to work on /home/airflow/.local/lib/python3.12/site-packages/airflow/example_dags/example_kubernetes_executor.py
[2025-06-27T17:17:03.965+0000] {processor.py:914} INFO - Processing file /home/airflow/.local/lib/python3.12/site-packages/airflow/example_dags/example_kubernetes_executor.py for tasks to queue
[2025-06-27T17:17:03.968+0000] {logging_mixin.py:190} INFO - [2025-06-27T17:17:03.967+0000] {dagbag.py:588} INFO - Filling up the DagBag from /home/airflow/.local/lib/python3.12/site-packages/airflow/example_dags/example_kubernetes_executor.py
[2025-06-27T17:17:03.982+0000] {processor.py:925} INFO - DAG(s) 'example_kubernetes_executor' retrieved from /home/airflow/.local/lib/python3.12/site-packages/airflow/example_dags/example_kubernetes_executor.py
[2025-06-27T17:17:04.004+0000] {logging_mixin.py:190} INFO - [2025-06-27T17:17:04.003+0000] {dag.py:3239} INFO - Sync 1 DAGs
[2025-06-27T17:17:04.018+0000] {logging_mixin.py:190} INFO - [2025-06-27T17:17:04.018+0000] {dag.py:4180} INFO - Setting next_dagrun for example_kubernetes_executor to None, run_after=None
[2025-06-27T17:17:04.036+0000] {processor.py:208} INFO - Processing /home/airflow/.local/lib/python3.12/site-packages/airflow/example_dags/example_kubernetes_executor.py took 0.079 seconds
