[2025-06-27T16:57:53.576+0000] {processor.py:186} INFO - Started process (PID=75) to work on /home/airflow/.local/lib/python3.12/site-packages/airflow/example_dags/example_nested_branch_dag.py
[2025-06-27T16:57:53.578+0000] {processor.py:914} INFO - Processing file /home/airflow/.local/lib/python3.12/site-packages/airflow/example_dags/example_nested_branch_dag.py for tasks to queue
[2025-06-27T16:57:53.581+0000] {logging_mixin.py:190} INFO - [2025-06-27T16:57:53.581+0000] {dagbag.py:588} INFO - Filling up the DagBag from /home/airflow/.local/lib/python3.12/site-packages/airflow/example_dags/example_nested_branch_dag.py
[2025-06-27T16:57:53.599+0000] {processor.py:925} INFO - DAG(s) 'example_nested_branch_dag' retrieved from /home/airflow/.local/lib/python3.12/site-packages/airflow/example_dags/example_nested_branch_dag.py
[2025-06-27T16:57:53.637+0000] {logging_mixin.py:190} INFO - [2025-06-27T16:57:53.637+0000] {dag.py:3239} INFO - Sync 1 DAGs
[2025-06-27T16:57:53.670+0000] {logging_mixin.py:190} INFO - [2025-06-27T16:57:53.670+0000] {dag.py:4180} INFO - Setting next_dagrun for example_nested_branch_dag to 2025-06-26 00:00:00+00:00, run_after=2025-06-27 00:00:00+00:00
[2025-06-27T16:57:53.695+0000] {processor.py:208} INFO - Processing /home/airflow/.local/lib/python3.12/site-packages/airflow/example_dags/example_nested_branch_dag.py took 0.126 seconds
[2025-06-27T16:58:24.035+0000] {processor.py:186} INFO - Started process (PID=251) to work on /home/airflow/.local/lib/python3.12/site-packages/airflow/example_dags/example_nested_branch_dag.py
[2025-06-27T16:58:24.036+0000] {processor.py:914} INFO - Processing file /home/airflow/.local/lib/python3.12/site-packages/airflow/example_dags/example_nested_branch_dag.py for tasks to queue
[2025-06-27T16:58:24.038+0000] {logging_mixin.py:190} INFO - [2025-06-27T16:58:24.038+0000] {dagbag.py:588} INFO - Filling up the DagBag from /home/airflow/.local/lib/python3.12/site-packages/airflow/example_dags/example_nested_branch_dag.py
[2025-06-27T16:58:24.049+0000] {processor.py:925} INFO - DAG(s) 'example_nested_branch_dag' retrieved from /home/airflow/.local/lib/python3.12/site-packages/airflow/example_dags/example_nested_branch_dag.py
[2025-06-27T16:58:24.068+0000] {logging_mixin.py:190} INFO - [2025-06-27T16:58:24.068+0000] {dag.py:3239} INFO - Sync 1 DAGs
[2025-06-27T16:58:24.090+0000] {logging_mixin.py:190} INFO - [2025-06-27T16:58:24.090+0000] {dag.py:4180} INFO - Setting next_dagrun for example_nested_branch_dag to 2025-06-27 00:00:00+00:00, run_after=2025-06-28 00:00:00+00:00
[2025-06-27T16:58:24.111+0000] {processor.py:208} INFO - Processing /home/airflow/.local/lib/python3.12/site-packages/airflow/example_dags/example_nested_branch_dag.py took 0.082 seconds
[2025-06-27T16:58:54.345+0000] {processor.py:186} INFO - Started process (PID=335) to work on /home/airflow/.local/lib/python3.12/site-packages/airflow/example_dags/example_nested_branch_dag.py
[2025-06-27T16:58:54.346+0000] {processor.py:914} INFO - Processing file /home/airflow/.local/lib/python3.12/site-packages/airflow/example_dags/example_nested_branch_dag.py for tasks to queue
[2025-06-27T16:58:54.348+0000] {logging_mixin.py:190} INFO - [2025-06-27T16:58:54.348+0000] {dagbag.py:588} INFO - Filling up the DagBag from /home/airflow/.local/lib/python3.12/site-packages/airflow/example_dags/example_nested_branch_dag.py
[2025-06-27T16:58:54.361+0000] {processor.py:925} INFO - DAG(s) 'example_nested_branch_dag' retrieved from /home/airflow/.local/lib/python3.12/site-packages/airflow/example_dags/example_nested_branch_dag.py
[2025-06-27T16:58:54.380+0000] {logging_mixin.py:190} INFO - [2025-06-27T16:58:54.379+0000] {dag.py:3239} INFO - Sync 1 DAGs
[2025-06-27T16:58:54.403+0000] {logging_mixin.py:190} INFO - [2025-06-27T16:58:54.402+0000] {dag.py:4180} INFO - Setting next_dagrun for example_nested_branch_dag to 2025-06-27 00:00:00+00:00, run_after=2025-06-28 00:00:00+00:00
[2025-06-27T16:58:54.421+0000] {processor.py:208} INFO - Processing /home/airflow/.local/lib/python3.12/site-packages/airflow/example_dags/example_nested_branch_dag.py took 0.081 seconds
[2025-06-27T16:59:24.807+0000] {processor.py:186} INFO - Started process (PID=404) to work on /home/airflow/.local/lib/python3.12/site-packages/airflow/example_dags/example_nested_branch_dag.py
[2025-06-27T16:59:24.808+0000] {processor.py:914} INFO - Processing file /home/airflow/.local/lib/python3.12/site-packages/airflow/example_dags/example_nested_branch_dag.py for tasks to queue
[2025-06-27T16:59:24.811+0000] {logging_mixin.py:190} INFO - [2025-06-27T16:59:24.811+0000] {dagbag.py:588} INFO - Filling up the DagBag from /home/airflow/.local/lib/python3.12/site-packages/airflow/example_dags/example_nested_branch_dag.py
[2025-06-27T16:59:24.823+0000] {processor.py:925} INFO - DAG(s) 'example_nested_branch_dag' retrieved from /home/airflow/.local/lib/python3.12/site-packages/airflow/example_dags/example_nested_branch_dag.py
[2025-06-27T16:59:24.848+0000] {logging_mixin.py:190} INFO - [2025-06-27T16:59:24.848+0000] {dag.py:3239} INFO - Sync 1 DAGs
[2025-06-27T16:59:24.880+0000] {logging_mixin.py:190} INFO - [2025-06-27T16:59:24.880+0000] {dag.py:4180} INFO - Setting next_dagrun for example_nested_branch_dag to 2025-06-27 00:00:00+00:00, run_after=2025-06-28 00:00:00+00:00
[2025-06-27T16:59:24.903+0000] {processor.py:208} INFO - Processing /home/airflow/.local/lib/python3.12/site-packages/airflow/example_dags/example_nested_branch_dag.py took 0.103 seconds
[2025-06-27T16:59:55.296+0000] {processor.py:186} INFO - Started process (PID=468) to work on /home/airflow/.local/lib/python3.12/site-packages/airflow/example_dags/example_nested_branch_dag.py
[2025-06-27T16:59:55.297+0000] {processor.py:914} INFO - Processing file /home/airflow/.local/lib/python3.12/site-packages/airflow/example_dags/example_nested_branch_dag.py for tasks to queue
[2025-06-27T16:59:55.299+0000] {logging_mixin.py:190} INFO - [2025-06-27T16:59:55.299+0000] {dagbag.py:588} INFO - Filling up the DagBag from /home/airflow/.local/lib/python3.12/site-packages/airflow/example_dags/example_nested_branch_dag.py
[2025-06-27T16:59:55.309+0000] {processor.py:925} INFO - DAG(s) 'example_nested_branch_dag' retrieved from /home/airflow/.local/lib/python3.12/site-packages/airflow/example_dags/example_nested_branch_dag.py
[2025-06-27T16:59:55.327+0000] {logging_mixin.py:190} INFO - [2025-06-27T16:59:55.327+0000] {dag.py:3239} INFO - Sync 1 DAGs
[2025-06-27T16:59:55.348+0000] {logging_mixin.py:190} INFO - [2025-06-27T16:59:55.348+0000] {dag.py:4180} INFO - Setting next_dagrun for example_nested_branch_dag to 2025-06-27 00:00:00+00:00, run_after=2025-06-28 00:00:00+00:00
[2025-06-27T16:59:55.364+0000] {processor.py:208} INFO - Processing /home/airflow/.local/lib/python3.12/site-packages/airflow/example_dags/example_nested_branch_dag.py took 0.074 seconds
[2025-06-27T17:00:25.519+0000] {processor.py:186} INFO - Started process (PID=538) to work on /home/airflow/.local/lib/python3.12/site-packages/airflow/example_dags/example_nested_branch_dag.py
[2025-06-27T17:00:25.520+0000] {processor.py:914} INFO - Processing file /home/airflow/.local/lib/python3.12/site-packages/airflow/example_dags/example_nested_branch_dag.py for tasks to queue
[2025-06-27T17:00:25.522+0000] {logging_mixin.py:190} INFO - [2025-06-27T17:00:25.522+0000] {dagbag.py:588} INFO - Filling up the DagBag from /home/airflow/.local/lib/python3.12/site-packages/airflow/example_dags/example_nested_branch_dag.py
[2025-06-27T17:00:25.532+0000] {processor.py:925} INFO - DAG(s) 'example_nested_branch_dag' retrieved from /home/airflow/.local/lib/python3.12/site-packages/airflow/example_dags/example_nested_branch_dag.py
[2025-06-27T17:00:25.551+0000] {logging_mixin.py:190} INFO - [2025-06-27T17:00:25.551+0000] {dag.py:3239} INFO - Sync 1 DAGs
[2025-06-27T17:00:25.571+0000] {logging_mixin.py:190} INFO - [2025-06-27T17:00:25.571+0000] {dag.py:4180} INFO - Setting next_dagrun for example_nested_branch_dag to 2025-06-27 00:00:00+00:00, run_after=2025-06-28 00:00:00+00:00
[2025-06-27T17:00:25.588+0000] {processor.py:208} INFO - Processing /home/airflow/.local/lib/python3.12/site-packages/airflow/example_dags/example_nested_branch_dag.py took 0.074 seconds
[2025-06-27T17:00:56.198+0000] {processor.py:186} INFO - Started process (PID=602) to work on /home/airflow/.local/lib/python3.12/site-packages/airflow/example_dags/example_nested_branch_dag.py
[2025-06-27T17:00:56.200+0000] {processor.py:914} INFO - Processing file /home/airflow/.local/lib/python3.12/site-packages/airflow/example_dags/example_nested_branch_dag.py for tasks to queue
[2025-06-27T17:00:56.204+0000] {logging_mixin.py:190} INFO - [2025-06-27T17:00:56.203+0000] {dagbag.py:588} INFO - Filling up the DagBag from /home/airflow/.local/lib/python3.12/site-packages/airflow/example_dags/example_nested_branch_dag.py
[2025-06-27T17:00:56.221+0000] {processor.py:925} INFO - DAG(s) 'example_nested_branch_dag' retrieved from /home/airflow/.local/lib/python3.12/site-packages/airflow/example_dags/example_nested_branch_dag.py
[2025-06-27T17:00:56.252+0000] {logging_mixin.py:190} INFO - [2025-06-27T17:00:56.251+0000] {dag.py:3239} INFO - Sync 1 DAGs
[2025-06-27T17:00:56.288+0000] {logging_mixin.py:190} INFO - [2025-06-27T17:00:56.287+0000] {dag.py:4180} INFO - Setting next_dagrun for example_nested_branch_dag to 2025-06-27 00:00:00+00:00, run_after=2025-06-28 00:00:00+00:00
[2025-06-27T17:00:56.327+0000] {processor.py:208} INFO - Processing /home/airflow/.local/lib/python3.12/site-packages/airflow/example_dags/example_nested_branch_dag.py took 0.138 seconds
[2025-06-27T17:01:26.689+0000] {processor.py:186} INFO - Started process (PID=671) to work on /home/airflow/.local/lib/python3.12/site-packages/airflow/example_dags/example_nested_branch_dag.py
[2025-06-27T17:01:26.690+0000] {processor.py:914} INFO - Processing file /home/airflow/.local/lib/python3.12/site-packages/airflow/example_dags/example_nested_branch_dag.py for tasks to queue
[2025-06-27T17:01:26.692+0000] {logging_mixin.py:190} INFO - [2025-06-27T17:01:26.692+0000] {dagbag.py:588} INFO - Filling up the DagBag from /home/airflow/.local/lib/python3.12/site-packages/airflow/example_dags/example_nested_branch_dag.py
[2025-06-27T17:01:26.704+0000] {processor.py:925} INFO - DAG(s) 'example_nested_branch_dag' retrieved from /home/airflow/.local/lib/python3.12/site-packages/airflow/example_dags/example_nested_branch_dag.py
[2025-06-27T17:01:26.724+0000] {logging_mixin.py:190} INFO - [2025-06-27T17:01:26.724+0000] {dag.py:3239} INFO - Sync 1 DAGs
[2025-06-27T17:01:26.751+0000] {logging_mixin.py:190} INFO - [2025-06-27T17:01:26.751+0000] {dag.py:4180} INFO - Setting next_dagrun for example_nested_branch_dag to 2025-06-27 00:00:00+00:00, run_after=2025-06-28 00:00:00+00:00
[2025-06-27T17:01:26.775+0000] {processor.py:208} INFO - Processing /home/airflow/.local/lib/python3.12/site-packages/airflow/example_dags/example_nested_branch_dag.py took 0.093 seconds
[2025-06-27T17:01:57.691+0000] {processor.py:186} INFO - Started process (PID=735) to work on /home/airflow/.local/lib/python3.12/site-packages/airflow/example_dags/example_nested_branch_dag.py
[2025-06-27T17:01:57.692+0000] {processor.py:914} INFO - Processing file /home/airflow/.local/lib/python3.12/site-packages/airflow/example_dags/example_nested_branch_dag.py for tasks to queue
[2025-06-27T17:01:57.694+0000] {logging_mixin.py:190} INFO - [2025-06-27T17:01:57.694+0000] {dagbag.py:588} INFO - Filling up the DagBag from /home/airflow/.local/lib/python3.12/site-packages/airflow/example_dags/example_nested_branch_dag.py
[2025-06-27T17:01:57.705+0000] {processor.py:925} INFO - DAG(s) 'example_nested_branch_dag' retrieved from /home/airflow/.local/lib/python3.12/site-packages/airflow/example_dags/example_nested_branch_dag.py
[2025-06-27T17:01:57.726+0000] {logging_mixin.py:190} INFO - [2025-06-27T17:01:57.725+0000] {dag.py:3239} INFO - Sync 1 DAGs
[2025-06-27T17:01:57.749+0000] {logging_mixin.py:190} INFO - [2025-06-27T17:01:57.748+0000] {dag.py:4180} INFO - Setting next_dagrun for example_nested_branch_dag to 2025-06-27 00:00:00+00:00, run_after=2025-06-28 00:00:00+00:00
[2025-06-27T17:01:57.765+0000] {processor.py:208} INFO - Processing /home/airflow/.local/lib/python3.12/site-packages/airflow/example_dags/example_nested_branch_dag.py took 0.080 seconds
[2025-06-27T17:02:28.031+0000] {processor.py:186} INFO - Started process (PID=805) to work on /home/airflow/.local/lib/python3.12/site-packages/airflow/example_dags/example_nested_branch_dag.py
[2025-06-27T17:02:28.032+0000] {processor.py:914} INFO - Processing file /home/airflow/.local/lib/python3.12/site-packages/airflow/example_dags/example_nested_branch_dag.py for tasks to queue
[2025-06-27T17:02:28.034+0000] {logging_mixin.py:190} INFO - [2025-06-27T17:02:28.034+0000] {dagbag.py:588} INFO - Filling up the DagBag from /home/airflow/.local/lib/python3.12/site-packages/airflow/example_dags/example_nested_branch_dag.py
[2025-06-27T17:02:28.045+0000] {processor.py:925} INFO - DAG(s) 'example_nested_branch_dag' retrieved from /home/airflow/.local/lib/python3.12/site-packages/airflow/example_dags/example_nested_branch_dag.py
[2025-06-27T17:02:28.062+0000] {logging_mixin.py:190} INFO - [2025-06-27T17:02:28.062+0000] {dag.py:3239} INFO - Sync 1 DAGs
[2025-06-27T17:02:28.085+0000] {logging_mixin.py:190} INFO - [2025-06-27T17:02:28.084+0000] {dag.py:4180} INFO - Setting next_dagrun for example_nested_branch_dag to 2025-06-27 00:00:00+00:00, run_after=2025-06-28 00:00:00+00:00
[2025-06-27T17:02:28.100+0000] {processor.py:208} INFO - Processing /home/airflow/.local/lib/python3.12/site-packages/airflow/example_dags/example_nested_branch_dag.py took 0.074 seconds
[2025-06-27T17:02:58.904+0000] {processor.py:186} INFO - Started process (PID=869) to work on /home/airflow/.local/lib/python3.12/site-packages/airflow/example_dags/example_nested_branch_dag.py
[2025-06-27T17:02:58.905+0000] {processor.py:914} INFO - Processing file /home/airflow/.local/lib/python3.12/site-packages/airflow/example_dags/example_nested_branch_dag.py for tasks to queue
[2025-06-27T17:02:58.907+0000] {logging_mixin.py:190} INFO - [2025-06-27T17:02:58.907+0000] {dagbag.py:588} INFO - Filling up the DagBag from /home/airflow/.local/lib/python3.12/site-packages/airflow/example_dags/example_nested_branch_dag.py
[2025-06-27T17:02:58.918+0000] {processor.py:925} INFO - DAG(s) 'example_nested_branch_dag' retrieved from /home/airflow/.local/lib/python3.12/site-packages/airflow/example_dags/example_nested_branch_dag.py
[2025-06-27T17:02:58.937+0000] {logging_mixin.py:190} INFO - [2025-06-27T17:02:58.937+0000] {dag.py:3239} INFO - Sync 1 DAGs
[2025-06-27T17:02:58.959+0000] {logging_mixin.py:190} INFO - [2025-06-27T17:02:58.958+0000] {dag.py:4180} INFO - Setting next_dagrun for example_nested_branch_dag to 2025-06-27 00:00:00+00:00, run_after=2025-06-28 00:00:00+00:00
[2025-06-27T17:02:58.975+0000] {processor.py:208} INFO - Processing /home/airflow/.local/lib/python3.12/site-packages/airflow/example_dags/example_nested_branch_dag.py took 0.076 seconds
[2025-06-27T17:03:29.309+0000] {processor.py:186} INFO - Started process (PID=938) to work on /home/airflow/.local/lib/python3.12/site-packages/airflow/example_dags/example_nested_branch_dag.py
[2025-06-27T17:03:29.310+0000] {processor.py:914} INFO - Processing file /home/airflow/.local/lib/python3.12/site-packages/airflow/example_dags/example_nested_branch_dag.py for tasks to queue
[2025-06-27T17:03:29.312+0000] {logging_mixin.py:190} INFO - [2025-06-27T17:03:29.312+0000] {dagbag.py:588} INFO - Filling up the DagBag from /home/airflow/.local/lib/python3.12/site-packages/airflow/example_dags/example_nested_branch_dag.py
[2025-06-27T17:03:29.323+0000] {processor.py:925} INFO - DAG(s) 'example_nested_branch_dag' retrieved from /home/airflow/.local/lib/python3.12/site-packages/airflow/example_dags/example_nested_branch_dag.py
[2025-06-27T17:03:29.341+0000] {logging_mixin.py:190} INFO - [2025-06-27T17:03:29.341+0000] {dag.py:3239} INFO - Sync 1 DAGs
[2025-06-27T17:03:29.362+0000] {logging_mixin.py:190} INFO - [2025-06-27T17:03:29.362+0000] {dag.py:4180} INFO - Setting next_dagrun for example_nested_branch_dag to 2025-06-27 00:00:00+00:00, run_after=2025-06-28 00:00:00+00:00
[2025-06-27T17:03:29.379+0000] {processor.py:208} INFO - Processing /home/airflow/.local/lib/python3.12/site-packages/airflow/example_dags/example_nested_branch_dag.py took 0.075 seconds
[2025-06-27T17:04:00.094+0000] {processor.py:186} INFO - Started process (PID=1002) to work on /home/airflow/.local/lib/python3.12/site-packages/airflow/example_dags/example_nested_branch_dag.py
[2025-06-27T17:04:00.095+0000] {processor.py:914} INFO - Processing file /home/airflow/.local/lib/python3.12/site-packages/airflow/example_dags/example_nested_branch_dag.py for tasks to queue
[2025-06-27T17:04:00.098+0000] {logging_mixin.py:190} INFO - [2025-06-27T17:04:00.097+0000] {dagbag.py:588} INFO - Filling up the DagBag from /home/airflow/.local/lib/python3.12/site-packages/airflow/example_dags/example_nested_branch_dag.py
[2025-06-27T17:04:00.108+0000] {processor.py:925} INFO - DAG(s) 'example_nested_branch_dag' retrieved from /home/airflow/.local/lib/python3.12/site-packages/airflow/example_dags/example_nested_branch_dag.py
[2025-06-27T17:04:00.126+0000] {logging_mixin.py:190} INFO - [2025-06-27T17:04:00.126+0000] {dag.py:3239} INFO - Sync 1 DAGs
[2025-06-27T17:04:00.147+0000] {logging_mixin.py:190} INFO - [2025-06-27T17:04:00.147+0000] {dag.py:4180} INFO - Setting next_dagrun for example_nested_branch_dag to 2025-06-27 00:00:00+00:00, run_after=2025-06-28 00:00:00+00:00
[2025-06-27T17:04:00.164+0000] {processor.py:208} INFO - Processing /home/airflow/.local/lib/python3.12/site-packages/airflow/example_dags/example_nested_branch_dag.py took 0.075 seconds
[2025-06-27T17:04:30.295+0000] {processor.py:186} INFO - Started process (PID=1072) to work on /home/airflow/.local/lib/python3.12/site-packages/airflow/example_dags/example_nested_branch_dag.py
[2025-06-27T17:04:30.297+0000] {processor.py:914} INFO - Processing file /home/airflow/.local/lib/python3.12/site-packages/airflow/example_dags/example_nested_branch_dag.py for tasks to queue
[2025-06-27T17:04:30.299+0000] {logging_mixin.py:190} INFO - [2025-06-27T17:04:30.299+0000] {dagbag.py:588} INFO - Filling up the DagBag from /home/airflow/.local/lib/python3.12/site-packages/airflow/example_dags/example_nested_branch_dag.py
[2025-06-27T17:04:30.309+0000] {processor.py:925} INFO - DAG(s) 'example_nested_branch_dag' retrieved from /home/airflow/.local/lib/python3.12/site-packages/airflow/example_dags/example_nested_branch_dag.py
[2025-06-27T17:04:30.328+0000] {logging_mixin.py:190} INFO - [2025-06-27T17:04:30.327+0000] {dag.py:3239} INFO - Sync 1 DAGs
[2025-06-27T17:04:30.348+0000] {logging_mixin.py:190} INFO - [2025-06-27T17:04:30.348+0000] {dag.py:4180} INFO - Setting next_dagrun for example_nested_branch_dag to 2025-06-27 00:00:00+00:00, run_after=2025-06-28 00:00:00+00:00
[2025-06-27T17:04:30.366+0000] {processor.py:208} INFO - Processing /home/airflow/.local/lib/python3.12/site-packages/airflow/example_dags/example_nested_branch_dag.py took 0.076 seconds
[2025-06-27T17:05:01.278+0000] {processor.py:186} INFO - Started process (PID=1141) to work on /home/airflow/.local/lib/python3.12/site-packages/airflow/example_dags/example_nested_branch_dag.py
[2025-06-27T17:05:01.280+0000] {processor.py:914} INFO - Processing file /home/airflow/.local/lib/python3.12/site-packages/airflow/example_dags/example_nested_branch_dag.py for tasks to queue
[2025-06-27T17:05:01.282+0000] {logging_mixin.py:190} INFO - [2025-06-27T17:05:01.282+0000] {dagbag.py:588} INFO - Filling up the DagBag from /home/airflow/.local/lib/python3.12/site-packages/airflow/example_dags/example_nested_branch_dag.py
[2025-06-27T17:05:01.293+0000] {processor.py:925} INFO - DAG(s) 'example_nested_branch_dag' retrieved from /home/airflow/.local/lib/python3.12/site-packages/airflow/example_dags/example_nested_branch_dag.py
[2025-06-27T17:05:01.316+0000] {logging_mixin.py:190} INFO - [2025-06-27T17:05:01.316+0000] {dag.py:3239} INFO - Sync 1 DAGs
[2025-06-27T17:05:01.340+0000] {logging_mixin.py:190} INFO - [2025-06-27T17:05:01.339+0000] {dag.py:4180} INFO - Setting next_dagrun for example_nested_branch_dag to 2025-06-27 00:00:00+00:00, run_after=2025-06-28 00:00:00+00:00
[2025-06-27T17:05:01.361+0000] {processor.py:208} INFO - Processing /home/airflow/.local/lib/python3.12/site-packages/airflow/example_dags/example_nested_branch_dag.py took 0.088 seconds
[2025-06-27T17:05:31.818+0000] {processor.py:186} INFO - Started process (PID=1205) to work on /home/airflow/.local/lib/python3.12/site-packages/airflow/example_dags/example_nested_branch_dag.py
[2025-06-27T17:05:31.819+0000] {processor.py:914} INFO - Processing file /home/airflow/.local/lib/python3.12/site-packages/airflow/example_dags/example_nested_branch_dag.py for tasks to queue
[2025-06-27T17:05:31.822+0000] {logging_mixin.py:190} INFO - [2025-06-27T17:05:31.821+0000] {dagbag.py:588} INFO - Filling up the DagBag from /home/airflow/.local/lib/python3.12/site-packages/airflow/example_dags/example_nested_branch_dag.py
[2025-06-27T17:05:31.833+0000] {processor.py:925} INFO - DAG(s) 'example_nested_branch_dag' retrieved from /home/airflow/.local/lib/python3.12/site-packages/airflow/example_dags/example_nested_branch_dag.py
[2025-06-27T17:05:31.851+0000] {logging_mixin.py:190} INFO - [2025-06-27T17:05:31.851+0000] {dag.py:3239} INFO - Sync 1 DAGs
[2025-06-27T17:05:31.873+0000] {logging_mixin.py:190} INFO - [2025-06-27T17:05:31.872+0000] {dag.py:4180} INFO - Setting next_dagrun for example_nested_branch_dag to 2025-06-27 00:00:00+00:00, run_after=2025-06-28 00:00:00+00:00
[2025-06-27T17:05:31.890+0000] {processor.py:208} INFO - Processing /home/airflow/.local/lib/python3.12/site-packages/airflow/example_dags/example_nested_branch_dag.py took 0.078 seconds
[2025-06-27T17:06:02.160+0000] {processor.py:186} INFO - Started process (PID=1275) to work on /home/airflow/.local/lib/python3.12/site-packages/airflow/example_dags/example_nested_branch_dag.py
[2025-06-27T17:06:02.161+0000] {processor.py:914} INFO - Processing file /home/airflow/.local/lib/python3.12/site-packages/airflow/example_dags/example_nested_branch_dag.py for tasks to queue
[2025-06-27T17:06:02.163+0000] {logging_mixin.py:190} INFO - [2025-06-27T17:06:02.163+0000] {dagbag.py:588} INFO - Filling up the DagBag from /home/airflow/.local/lib/python3.12/site-packages/airflow/example_dags/example_nested_branch_dag.py
[2025-06-27T17:06:02.177+0000] {processor.py:925} INFO - DAG(s) 'example_nested_branch_dag' retrieved from /home/airflow/.local/lib/python3.12/site-packages/airflow/example_dags/example_nested_branch_dag.py
[2025-06-27T17:06:02.203+0000] {logging_mixin.py:190} INFO - [2025-06-27T17:06:02.203+0000] {dag.py:3239} INFO - Sync 1 DAGs
[2025-06-27T17:06:02.233+0000] {logging_mixin.py:190} INFO - [2025-06-27T17:06:02.233+0000] {dag.py:4180} INFO - Setting next_dagrun for example_nested_branch_dag to 2025-06-27 00:00:00+00:00, run_after=2025-06-28 00:00:00+00:00
[2025-06-27T17:06:02.255+0000] {processor.py:208} INFO - Processing /home/airflow/.local/lib/python3.12/site-packages/airflow/example_dags/example_nested_branch_dag.py took 0.100 seconds
[2025-06-27T17:06:32.338+0000] {processor.py:186} INFO - Started process (PID=1339) to work on /home/airflow/.local/lib/python3.12/site-packages/airflow/example_dags/example_nested_branch_dag.py
[2025-06-27T17:06:32.339+0000] {processor.py:914} INFO - Processing file /home/airflow/.local/lib/python3.12/site-packages/airflow/example_dags/example_nested_branch_dag.py for tasks to queue
[2025-06-27T17:06:32.341+0000] {logging_mixin.py:190} INFO - [2025-06-27T17:06:32.341+0000] {dagbag.py:588} INFO - Filling up the DagBag from /home/airflow/.local/lib/python3.12/site-packages/airflow/example_dags/example_nested_branch_dag.py
[2025-06-27T17:06:32.352+0000] {processor.py:925} INFO - DAG(s) 'example_nested_branch_dag' retrieved from /home/airflow/.local/lib/python3.12/site-packages/airflow/example_dags/example_nested_branch_dag.py
[2025-06-27T17:06:32.370+0000] {logging_mixin.py:190} INFO - [2025-06-27T17:06:32.370+0000] {dag.py:3239} INFO - Sync 1 DAGs
[2025-06-27T17:06:32.392+0000] {logging_mixin.py:190} INFO - [2025-06-27T17:06:32.392+0000] {dag.py:4180} INFO - Setting next_dagrun for example_nested_branch_dag to 2025-06-27 00:00:00+00:00, run_after=2025-06-28 00:00:00+00:00
[2025-06-27T17:06:32.409+0000] {processor.py:208} INFO - Processing /home/airflow/.local/lib/python3.12/site-packages/airflow/example_dags/example_nested_branch_dag.py took 0.076 seconds
[2025-06-27T17:07:03.256+0000] {processor.py:186} INFO - Started process (PID=1408) to work on /home/airflow/.local/lib/python3.12/site-packages/airflow/example_dags/example_nested_branch_dag.py
[2025-06-27T17:07:03.257+0000] {processor.py:914} INFO - Processing file /home/airflow/.local/lib/python3.12/site-packages/airflow/example_dags/example_nested_branch_dag.py for tasks to queue
[2025-06-27T17:07:03.259+0000] {logging_mixin.py:190} INFO - [2025-06-27T17:07:03.259+0000] {dagbag.py:588} INFO - Filling up the DagBag from /home/airflow/.local/lib/python3.12/site-packages/airflow/example_dags/example_nested_branch_dag.py
[2025-06-27T17:07:03.270+0000] {processor.py:925} INFO - DAG(s) 'example_nested_branch_dag' retrieved from /home/airflow/.local/lib/python3.12/site-packages/airflow/example_dags/example_nested_branch_dag.py
[2025-06-27T17:07:03.289+0000] {logging_mixin.py:190} INFO - [2025-06-27T17:07:03.289+0000] {dag.py:3239} INFO - Sync 1 DAGs
[2025-06-27T17:07:03.311+0000] {logging_mixin.py:190} INFO - [2025-06-27T17:07:03.311+0000] {dag.py:4180} INFO - Setting next_dagrun for example_nested_branch_dag to 2025-06-27 00:00:00+00:00, run_after=2025-06-28 00:00:00+00:00
[2025-06-27T17:07:03.331+0000] {processor.py:208} INFO - Processing /home/airflow/.local/lib/python3.12/site-packages/airflow/example_dags/example_nested_branch_dag.py took 0.080 seconds
[2025-06-27T17:07:34.158+0000] {processor.py:186} INFO - Started process (PID=1472) to work on /home/airflow/.local/lib/python3.12/site-packages/airflow/example_dags/example_nested_branch_dag.py
[2025-06-27T17:07:34.159+0000] {processor.py:914} INFO - Processing file /home/airflow/.local/lib/python3.12/site-packages/airflow/example_dags/example_nested_branch_dag.py for tasks to queue
[2025-06-27T17:07:34.161+0000] {logging_mixin.py:190} INFO - [2025-06-27T17:07:34.161+0000] {dagbag.py:588} INFO - Filling up the DagBag from /home/airflow/.local/lib/python3.12/site-packages/airflow/example_dags/example_nested_branch_dag.py
[2025-06-27T17:07:34.172+0000] {processor.py:925} INFO - DAG(s) 'example_nested_branch_dag' retrieved from /home/airflow/.local/lib/python3.12/site-packages/airflow/example_dags/example_nested_branch_dag.py
[2025-06-27T17:07:34.190+0000] {logging_mixin.py:190} INFO - [2025-06-27T17:07:34.190+0000] {dag.py:3239} INFO - Sync 1 DAGs
[2025-06-27T17:07:34.212+0000] {logging_mixin.py:190} INFO - [2025-06-27T17:07:34.212+0000] {dag.py:4180} INFO - Setting next_dagrun for example_nested_branch_dag to 2025-06-27 00:00:00+00:00, run_after=2025-06-28 00:00:00+00:00
[2025-06-27T17:07:34.230+0000] {processor.py:208} INFO - Processing /home/airflow/.local/lib/python3.12/site-packages/airflow/example_dags/example_nested_branch_dag.py took 0.077 seconds
[2025-06-27T17:08:04.321+0000] {processor.py:186} INFO - Started process (PID=1542) to work on /home/airflow/.local/lib/python3.12/site-packages/airflow/example_dags/example_nested_branch_dag.py
[2025-06-27T17:08:04.322+0000] {processor.py:914} INFO - Processing file /home/airflow/.local/lib/python3.12/site-packages/airflow/example_dags/example_nested_branch_dag.py for tasks to queue
[2025-06-27T17:08:04.325+0000] {logging_mixin.py:190} INFO - [2025-06-27T17:08:04.324+0000] {dagbag.py:588} INFO - Filling up the DagBag from /home/airflow/.local/lib/python3.12/site-packages/airflow/example_dags/example_nested_branch_dag.py
[2025-06-27T17:08:04.335+0000] {processor.py:925} INFO - DAG(s) 'example_nested_branch_dag' retrieved from /home/airflow/.local/lib/python3.12/site-packages/airflow/example_dags/example_nested_branch_dag.py
[2025-06-27T17:08:04.356+0000] {logging_mixin.py:190} INFO - [2025-06-27T17:08:04.356+0000] {dag.py:3239} INFO - Sync 1 DAGs
[2025-06-27T17:08:04.378+0000] {logging_mixin.py:190} INFO - [2025-06-27T17:08:04.377+0000] {dag.py:4180} INFO - Setting next_dagrun for example_nested_branch_dag to 2025-06-27 00:00:00+00:00, run_after=2025-06-28 00:00:00+00:00
[2025-06-27T17:08:04.397+0000] {processor.py:208} INFO - Processing /home/airflow/.local/lib/python3.12/site-packages/airflow/example_dags/example_nested_branch_dag.py took 0.081 seconds
[2025-06-27T17:08:34.747+0000] {processor.py:186} INFO - Started process (PID=1606) to work on /home/airflow/.local/lib/python3.12/site-packages/airflow/example_dags/example_nested_branch_dag.py
[2025-06-27T17:08:34.748+0000] {processor.py:914} INFO - Processing file /home/airflow/.local/lib/python3.12/site-packages/airflow/example_dags/example_nested_branch_dag.py for tasks to queue
[2025-06-27T17:08:34.751+0000] {logging_mixin.py:190} INFO - [2025-06-27T17:08:34.750+0000] {dagbag.py:588} INFO - Filling up the DagBag from /home/airflow/.local/lib/python3.12/site-packages/airflow/example_dags/example_nested_branch_dag.py
[2025-06-27T17:08:34.762+0000] {processor.py:925} INFO - DAG(s) 'example_nested_branch_dag' retrieved from /home/airflow/.local/lib/python3.12/site-packages/airflow/example_dags/example_nested_branch_dag.py
[2025-06-27T17:08:34.781+0000] {logging_mixin.py:190} INFO - [2025-06-27T17:08:34.781+0000] {dag.py:3239} INFO - Sync 1 DAGs
[2025-06-27T17:08:34.804+0000] {logging_mixin.py:190} INFO - [2025-06-27T17:08:34.804+0000] {dag.py:4180} INFO - Setting next_dagrun for example_nested_branch_dag to 2025-06-27 00:00:00+00:00, run_after=2025-06-28 00:00:00+00:00
[2025-06-27T17:08:34.825+0000] {processor.py:208} INFO - Processing /home/airflow/.local/lib/python3.12/site-packages/airflow/example_dags/example_nested_branch_dag.py took 0.083 seconds
[2025-06-27T17:09:05.531+0000] {processor.py:186} INFO - Started process (PID=1675) to work on /home/airflow/.local/lib/python3.12/site-packages/airflow/example_dags/example_nested_branch_dag.py
[2025-06-27T17:09:05.533+0000] {processor.py:914} INFO - Processing file /home/airflow/.local/lib/python3.12/site-packages/airflow/example_dags/example_nested_branch_dag.py for tasks to queue
[2025-06-27T17:09:05.535+0000] {logging_mixin.py:190} INFO - [2025-06-27T17:09:05.535+0000] {dagbag.py:588} INFO - Filling up the DagBag from /home/airflow/.local/lib/python3.12/site-packages/airflow/example_dags/example_nested_branch_dag.py
[2025-06-27T17:09:05.546+0000] {processor.py:925} INFO - DAG(s) 'example_nested_branch_dag' retrieved from /home/airflow/.local/lib/python3.12/site-packages/airflow/example_dags/example_nested_branch_dag.py
[2025-06-27T17:09:05.566+0000] {logging_mixin.py:190} INFO - [2025-06-27T17:09:05.566+0000] {dag.py:3239} INFO - Sync 1 DAGs
[2025-06-27T17:09:05.588+0000] {logging_mixin.py:190} INFO - [2025-06-27T17:09:05.588+0000] {dag.py:4180} INFO - Setting next_dagrun for example_nested_branch_dag to 2025-06-27 00:00:00+00:00, run_after=2025-06-28 00:00:00+00:00
[2025-06-27T17:09:05.607+0000] {processor.py:208} INFO - Processing /home/airflow/.local/lib/python3.12/site-packages/airflow/example_dags/example_nested_branch_dag.py took 0.081 seconds
[2025-06-27T17:09:35.897+0000] {processor.py:186} INFO - Started process (PID=1739) to work on /home/airflow/.local/lib/python3.12/site-packages/airflow/example_dags/example_nested_branch_dag.py
[2025-06-27T17:09:35.898+0000] {processor.py:914} INFO - Processing file /home/airflow/.local/lib/python3.12/site-packages/airflow/example_dags/example_nested_branch_dag.py for tasks to queue
[2025-06-27T17:09:35.900+0000] {logging_mixin.py:190} INFO - [2025-06-27T17:09:35.900+0000] {dagbag.py:588} INFO - Filling up the DagBag from /home/airflow/.local/lib/python3.12/site-packages/airflow/example_dags/example_nested_branch_dag.py
[2025-06-27T17:09:35.911+0000] {processor.py:925} INFO - DAG(s) 'example_nested_branch_dag' retrieved from /home/airflow/.local/lib/python3.12/site-packages/airflow/example_dags/example_nested_branch_dag.py
[2025-06-27T17:09:35.929+0000] {logging_mixin.py:190} INFO - [2025-06-27T17:09:35.929+0000] {dag.py:3239} INFO - Sync 1 DAGs
[2025-06-27T17:09:35.951+0000] {logging_mixin.py:190} INFO - [2025-06-27T17:09:35.950+0000] {dag.py:4180} INFO - Setting next_dagrun for example_nested_branch_dag to 2025-06-27 00:00:00+00:00, run_after=2025-06-28 00:00:00+00:00
[2025-06-27T17:09:35.969+0000] {processor.py:208} INFO - Processing /home/airflow/.local/lib/python3.12/site-packages/airflow/example_dags/example_nested_branch_dag.py took 0.077 seconds
[2025-06-27T17:10:06.441+0000] {processor.py:186} INFO - Started process (PID=1809) to work on /home/airflow/.local/lib/python3.12/site-packages/airflow/example_dags/example_nested_branch_dag.py
[2025-06-27T17:10:06.442+0000] {processor.py:914} INFO - Processing file /home/airflow/.local/lib/python3.12/site-packages/airflow/example_dags/example_nested_branch_dag.py for tasks to queue
[2025-06-27T17:10:06.445+0000] {logging_mixin.py:190} INFO - [2025-06-27T17:10:06.444+0000] {dagbag.py:588} INFO - Filling up the DagBag from /home/airflow/.local/lib/python3.12/site-packages/airflow/example_dags/example_nested_branch_dag.py
[2025-06-27T17:10:06.455+0000] {processor.py:925} INFO - DAG(s) 'example_nested_branch_dag' retrieved from /home/airflow/.local/lib/python3.12/site-packages/airflow/example_dags/example_nested_branch_dag.py
[2025-06-27T17:10:06.475+0000] {logging_mixin.py:190} INFO - [2025-06-27T17:10:06.475+0000] {dag.py:3239} INFO - Sync 1 DAGs
[2025-06-27T17:10:06.498+0000] {logging_mixin.py:190} INFO - [2025-06-27T17:10:06.497+0000] {dag.py:4180} INFO - Setting next_dagrun for example_nested_branch_dag to 2025-06-27 00:00:00+00:00, run_after=2025-06-28 00:00:00+00:00
[2025-06-27T17:10:06.516+0000] {processor.py:208} INFO - Processing /home/airflow/.local/lib/python3.12/site-packages/airflow/example_dags/example_nested_branch_dag.py took 0.080 seconds
[2025-06-27T17:10:36.967+0000] {processor.py:186} INFO - Started process (PID=1873) to work on /home/airflow/.local/lib/python3.12/site-packages/airflow/example_dags/example_nested_branch_dag.py
[2025-06-27T17:10:36.968+0000] {processor.py:914} INFO - Processing file /home/airflow/.local/lib/python3.12/site-packages/airflow/example_dags/example_nested_branch_dag.py for tasks to queue
[2025-06-27T17:10:36.970+0000] {logging_mixin.py:190} INFO - [2025-06-27T17:10:36.970+0000] {dagbag.py:588} INFO - Filling up the DagBag from /home/airflow/.local/lib/python3.12/site-packages/airflow/example_dags/example_nested_branch_dag.py
[2025-06-27T17:10:36.981+0000] {processor.py:925} INFO - DAG(s) 'example_nested_branch_dag' retrieved from /home/airflow/.local/lib/python3.12/site-packages/airflow/example_dags/example_nested_branch_dag.py
[2025-06-27T17:10:37.001+0000] {logging_mixin.py:190} INFO - [2025-06-27T17:10:37.000+0000] {dag.py:3239} INFO - Sync 1 DAGs
[2025-06-27T17:10:37.022+0000] {logging_mixin.py:190} INFO - [2025-06-27T17:10:37.022+0000] {dag.py:4180} INFO - Setting next_dagrun for example_nested_branch_dag to 2025-06-27 00:00:00+00:00, run_after=2025-06-28 00:00:00+00:00
[2025-06-27T17:10:37.040+0000] {processor.py:208} INFO - Processing /home/airflow/.local/lib/python3.12/site-packages/airflow/example_dags/example_nested_branch_dag.py took 0.079 seconds
[2025-06-27T17:11:07.151+0000] {processor.py:186} INFO - Started process (PID=1942) to work on /home/airflow/.local/lib/python3.12/site-packages/airflow/example_dags/example_nested_branch_dag.py
[2025-06-27T17:11:07.152+0000] {processor.py:914} INFO - Processing file /home/airflow/.local/lib/python3.12/site-packages/airflow/example_dags/example_nested_branch_dag.py for tasks to queue
[2025-06-27T17:11:07.155+0000] {logging_mixin.py:190} INFO - [2025-06-27T17:11:07.155+0000] {dagbag.py:588} INFO - Filling up the DagBag from /home/airflow/.local/lib/python3.12/site-packages/airflow/example_dags/example_nested_branch_dag.py
[2025-06-27T17:11:07.170+0000] {processor.py:925} INFO - DAG(s) 'example_nested_branch_dag' retrieved from /home/airflow/.local/lib/python3.12/site-packages/airflow/example_dags/example_nested_branch_dag.py
[2025-06-27T17:11:07.195+0000] {logging_mixin.py:190} INFO - [2025-06-27T17:11:07.195+0000] {dag.py:3239} INFO - Sync 1 DAGs
[2025-06-27T17:11:07.225+0000] {logging_mixin.py:190} INFO - [2025-06-27T17:11:07.224+0000] {dag.py:4180} INFO - Setting next_dagrun for example_nested_branch_dag to 2025-06-27 00:00:00+00:00, run_after=2025-06-28 00:00:00+00:00
[2025-06-27T17:11:07.255+0000] {processor.py:208} INFO - Processing /home/airflow/.local/lib/python3.12/site-packages/airflow/example_dags/example_nested_branch_dag.py took 0.111 seconds
[2025-06-27T17:11:37.375+0000] {processor.py:186} INFO - Started process (PID=2006) to work on /home/airflow/.local/lib/python3.12/site-packages/airflow/example_dags/example_nested_branch_dag.py
[2025-06-27T17:11:37.376+0000] {processor.py:914} INFO - Processing file /home/airflow/.local/lib/python3.12/site-packages/airflow/example_dags/example_nested_branch_dag.py for tasks to queue
[2025-06-27T17:11:37.379+0000] {logging_mixin.py:190} INFO - [2025-06-27T17:11:37.378+0000] {dagbag.py:588} INFO - Filling up the DagBag from /home/airflow/.local/lib/python3.12/site-packages/airflow/example_dags/example_nested_branch_dag.py
[2025-06-27T17:11:37.391+0000] {processor.py:925} INFO - DAG(s) 'example_nested_branch_dag' retrieved from /home/airflow/.local/lib/python3.12/site-packages/airflow/example_dags/example_nested_branch_dag.py
[2025-06-27T17:11:37.411+0000] {logging_mixin.py:190} INFO - [2025-06-27T17:11:37.410+0000] {dag.py:3239} INFO - Sync 1 DAGs
[2025-06-27T17:11:37.435+0000] {logging_mixin.py:190} INFO - [2025-06-27T17:11:37.435+0000] {dag.py:4180} INFO - Setting next_dagrun for example_nested_branch_dag to 2025-06-27 00:00:00+00:00, run_after=2025-06-28 00:00:00+00:00
[2025-06-27T17:11:37.457+0000] {processor.py:208} INFO - Processing /home/airflow/.local/lib/python3.12/site-packages/airflow/example_dags/example_nested_branch_dag.py took 0.087 seconds
