[2025-06-27T16:57:56.654+0000] {processor.py:186} INFO - Started process (PID=155) to work on /home/airflow/.local/lib/python3.12/site-packages/airflow/example_dags/example_branch_python_dop_operator_3.py
[2025-06-27T16:57:56.654+0000] {processor.py:914} INFO - Processing file /home/airflow/.local/lib/python3.12/site-packages/airflow/example_dags/example_branch_python_dop_operator_3.py for tasks to queue
[2025-06-27T16:57:56.657+0000] {logging_mixin.py:190} INFO - [2025-06-27T16:57:56.656+0000] {dagbag.py:588} INFO - Filling up the DagBag from /home/airflow/.local/lib/python3.12/site-packages/airflow/example_dags/example_branch_python_dop_operator_3.py
[2025-06-27T16:57:56.666+0000] {processor.py:925} INFO - DAG(s) 'example_branch_dop_operator_v3' retrieved from /home/airflow/.local/lib/python3.12/site-packages/airflow/example_dags/example_branch_python_dop_operator_3.py
[2025-06-27T16:57:56.684+0000] {logging_mixin.py:190} INFO - [2025-06-27T16:57:56.684+0000] {dag.py:3239} INFO - Sync 1 DAGs
[2025-06-27T16:57:56.708+0000] {logging_mixin.py:190} INFO - [2025-06-27T16:57:56.708+0000] {dag.py:4180} INFO - Setting next_dagrun for example_branch_dop_operator_v3 to 2025-06-27 16:57:00+00:00, run_after=2025-06-27 16:58:00+00:00
[2025-06-27T16:57:56.726+0000] {processor.py:208} INFO - Processing /home/airflow/.local/lib/python3.12/site-packages/airflow/example_dags/example_branch_python_dop_operator_3.py took 0.077 seconds
[2025-06-27T16:58:26.907+0000] {processor.py:186} INFO - Started process (PID=289) to work on /home/airflow/.local/lib/python3.12/site-packages/airflow/example_dags/example_branch_python_dop_operator_3.py
[2025-06-27T16:58:26.908+0000] {processor.py:914} INFO - Processing file /home/airflow/.local/lib/python3.12/site-packages/airflow/example_dags/example_branch_python_dop_operator_3.py for tasks to queue
[2025-06-27T16:58:26.910+0000] {logging_mixin.py:190} INFO - [2025-06-27T16:58:26.910+0000] {dagbag.py:588} INFO - Filling up the DagBag from /home/airflow/.local/lib/python3.12/site-packages/airflow/example_dags/example_branch_python_dop_operator_3.py
[2025-06-27T16:58:26.921+0000] {processor.py:925} INFO - DAG(s) 'example_branch_dop_operator_v3' retrieved from /home/airflow/.local/lib/python3.12/site-packages/airflow/example_dags/example_branch_python_dop_operator_3.py
[2025-06-27T16:58:26.941+0000] {logging_mixin.py:190} INFO - [2025-06-27T16:58:26.941+0000] {dag.py:3239} INFO - Sync 1 DAGs
[2025-06-27T16:58:26.978+0000] {logging_mixin.py:190} INFO - [2025-06-27T16:58:26.978+0000] {dag.py:4180} INFO - Setting next_dagrun for example_branch_dop_operator_v3 to 2025-06-27 16:58:00+00:00, run_after=2025-06-27 16:59:00+00:00
[2025-06-27T16:58:27.010+0000] {processor.py:208} INFO - Processing /home/airflow/.local/lib/python3.12/site-packages/airflow/example_dags/example_branch_python_dop_operator_3.py took 0.109 seconds
[2025-06-27T16:58:57.122+0000] {processor.py:186} INFO - Started process (PID=368) to work on /home/airflow/.local/lib/python3.12/site-packages/airflow/example_dags/example_branch_python_dop_operator_3.py
[2025-06-27T16:58:57.123+0000] {processor.py:914} INFO - Processing file /home/airflow/.local/lib/python3.12/site-packages/airflow/example_dags/example_branch_python_dop_operator_3.py for tasks to queue
[2025-06-27T16:58:57.125+0000] {logging_mixin.py:190} INFO - [2025-06-27T16:58:57.125+0000] {dagbag.py:588} INFO - Filling up the DagBag from /home/airflow/.local/lib/python3.12/site-packages/airflow/example_dags/example_branch_python_dop_operator_3.py
[2025-06-27T16:58:57.134+0000] {processor.py:925} INFO - DAG(s) 'example_branch_dop_operator_v3' retrieved from /home/airflow/.local/lib/python3.12/site-packages/airflow/example_dags/example_branch_python_dop_operator_3.py
[2025-06-27T16:58:57.151+0000] {logging_mixin.py:190} INFO - [2025-06-27T16:58:57.151+0000] {dag.py:3239} INFO - Sync 1 DAGs
[2025-06-27T16:58:57.175+0000] {logging_mixin.py:190} INFO - [2025-06-27T16:58:57.175+0000] {dag.py:4180} INFO - Setting next_dagrun for example_branch_dop_operator_v3 to 2025-06-27 16:58:00+00:00, run_after=2025-06-27 16:59:00+00:00
[2025-06-27T16:58:57.190+0000] {processor.py:208} INFO - Processing /home/airflow/.local/lib/python3.12/site-packages/airflow/example_dags/example_branch_python_dop_operator_3.py took 0.073 seconds
[2025-06-27T16:59:27.873+0000] {processor.py:186} INFO - Started process (PID=437) to work on /home/airflow/.local/lib/python3.12/site-packages/airflow/example_dags/example_branch_python_dop_operator_3.py
[2025-06-27T16:59:27.874+0000] {processor.py:914} INFO - Processing file /home/airflow/.local/lib/python3.12/site-packages/airflow/example_dags/example_branch_python_dop_operator_3.py for tasks to queue
[2025-06-27T16:59:27.876+0000] {logging_mixin.py:190} INFO - [2025-06-27T16:59:27.876+0000] {dagbag.py:588} INFO - Filling up the DagBag from /home/airflow/.local/lib/python3.12/site-packages/airflow/example_dags/example_branch_python_dop_operator_3.py
[2025-06-27T16:59:27.885+0000] {processor.py:925} INFO - DAG(s) 'example_branch_dop_operator_v3' retrieved from /home/airflow/.local/lib/python3.12/site-packages/airflow/example_dags/example_branch_python_dop_operator_3.py
[2025-06-27T16:59:27.901+0000] {logging_mixin.py:190} INFO - [2025-06-27T16:59:27.901+0000] {dag.py:3239} INFO - Sync 1 DAGs
[2025-06-27T16:59:27.923+0000] {logging_mixin.py:190} INFO - [2025-06-27T16:59:27.923+0000] {dag.py:4180} INFO - Setting next_dagrun for example_branch_dop_operator_v3 to 2025-06-27 16:59:00+00:00, run_after=2025-06-27 17:00:00+00:00
[2025-06-27T16:59:27.940+0000] {processor.py:208} INFO - Processing /home/airflow/.local/lib/python3.12/site-packages/airflow/example_dags/example_branch_python_dop_operator_3.py took 0.071 seconds
[2025-06-27T16:59:58.437+0000] {processor.py:186} INFO - Started process (PID=501) to work on /home/airflow/.local/lib/python3.12/site-packages/airflow/example_dags/example_branch_python_dop_operator_3.py
[2025-06-27T16:59:58.438+0000] {processor.py:914} INFO - Processing file /home/airflow/.local/lib/python3.12/site-packages/airflow/example_dags/example_branch_python_dop_operator_3.py for tasks to queue
[2025-06-27T16:59:58.440+0000] {logging_mixin.py:190} INFO - [2025-06-27T16:59:58.440+0000] {dagbag.py:588} INFO - Filling up the DagBag from /home/airflow/.local/lib/python3.12/site-packages/airflow/example_dags/example_branch_python_dop_operator_3.py
[2025-06-27T16:59:58.449+0000] {processor.py:925} INFO - DAG(s) 'example_branch_dop_operator_v3' retrieved from /home/airflow/.local/lib/python3.12/site-packages/airflow/example_dags/example_branch_python_dop_operator_3.py
[2025-06-27T16:59:58.467+0000] {logging_mixin.py:190} INFO - [2025-06-27T16:59:58.466+0000] {dag.py:3239} INFO - Sync 1 DAGs
[2025-06-27T16:59:58.489+0000] {logging_mixin.py:190} INFO - [2025-06-27T16:59:58.489+0000] {dag.py:4180} INFO - Setting next_dagrun for example_branch_dop_operator_v3 to 2025-06-27 16:59:00+00:00, run_after=2025-06-27 17:00:00+00:00
[2025-06-27T16:59:58.506+0000] {processor.py:208} INFO - Processing /home/airflow/.local/lib/python3.12/site-packages/airflow/example_dags/example_branch_python_dop_operator_3.py took 0.074 seconds
[2025-06-27T17:00:28.963+0000] {processor.py:186} INFO - Started process (PID=571) to work on /home/airflow/.local/lib/python3.12/site-packages/airflow/example_dags/example_branch_python_dop_operator_3.py
[2025-06-27T17:00:28.964+0000] {processor.py:914} INFO - Processing file /home/airflow/.local/lib/python3.12/site-packages/airflow/example_dags/example_branch_python_dop_operator_3.py for tasks to queue
[2025-06-27T17:00:28.966+0000] {logging_mixin.py:190} INFO - [2025-06-27T17:00:28.966+0000] {dagbag.py:588} INFO - Filling up the DagBag from /home/airflow/.local/lib/python3.12/site-packages/airflow/example_dags/example_branch_python_dop_operator_3.py
[2025-06-27T17:00:28.976+0000] {processor.py:925} INFO - DAG(s) 'example_branch_dop_operator_v3' retrieved from /home/airflow/.local/lib/python3.12/site-packages/airflow/example_dags/example_branch_python_dop_operator_3.py
[2025-06-27T17:00:28.992+0000] {logging_mixin.py:190} INFO - [2025-06-27T17:00:28.992+0000] {dag.py:3239} INFO - Sync 1 DAGs
[2025-06-27T17:00:29.015+0000] {logging_mixin.py:190} INFO - [2025-06-27T17:00:29.015+0000] {dag.py:4180} INFO - Setting next_dagrun for example_branch_dop_operator_v3 to 2025-06-27 17:00:00+00:00, run_after=2025-06-27 17:01:00+00:00
[2025-06-27T17:00:29.031+0000] {processor.py:208} INFO - Processing /home/airflow/.local/lib/python3.12/site-packages/airflow/example_dags/example_branch_python_dop_operator_3.py took 0.073 seconds
[2025-06-27T17:01:00.629+0000] {processor.py:186} INFO - Started process (PID=640) to work on /home/airflow/.local/lib/python3.12/site-packages/airflow/example_dags/example_branch_python_dop_operator_3.py
[2025-06-27T17:01:00.630+0000] {processor.py:914} INFO - Processing file /home/airflow/.local/lib/python3.12/site-packages/airflow/example_dags/example_branch_python_dop_operator_3.py for tasks to queue
[2025-06-27T17:01:00.633+0000] {logging_mixin.py:190} INFO - [2025-06-27T17:01:00.633+0000] {dagbag.py:588} INFO - Filling up the DagBag from /home/airflow/.local/lib/python3.12/site-packages/airflow/example_dags/example_branch_python_dop_operator_3.py
[2025-06-27T17:01:00.648+0000] {processor.py:925} INFO - DAG(s) 'example_branch_dop_operator_v3' retrieved from /home/airflow/.local/lib/python3.12/site-packages/airflow/example_dags/example_branch_python_dop_operator_3.py
[2025-06-27T17:01:00.673+0000] {logging_mixin.py:190} INFO - [2025-06-27T17:01:00.673+0000] {dag.py:3239} INFO - Sync 1 DAGs
[2025-06-27T17:01:00.715+0000] {logging_mixin.py:190} INFO - [2025-06-27T17:01:00.715+0000] {dag.py:4180} INFO - Setting next_dagrun for example_branch_dop_operator_v3 to 2025-06-27 17:01:00+00:00, run_after=2025-06-27 17:02:00+00:00
[2025-06-27T17:01:00.742+0000] {processor.py:208} INFO - Processing /home/airflow/.local/lib/python3.12/site-packages/airflow/example_dags/example_branch_python_dop_operator_3.py took 0.120 seconds
[2025-06-27T17:01:33.527+0000] {processor.py:186} INFO - Started process (PID=704) to work on /home/airflow/.local/lib/python3.12/site-packages/airflow/example_dags/example_branch_python_dop_operator_3.py
[2025-06-27T17:01:33.528+0000] {processor.py:914} INFO - Processing file /home/airflow/.local/lib/python3.12/site-packages/airflow/example_dags/example_branch_python_dop_operator_3.py for tasks to queue
[2025-06-27T17:01:33.531+0000] {logging_mixin.py:190} INFO - [2025-06-27T17:01:33.531+0000] {dagbag.py:588} INFO - Filling up the DagBag from /home/airflow/.local/lib/python3.12/site-packages/airflow/example_dags/example_branch_python_dop_operator_3.py
[2025-06-27T17:01:33.543+0000] {processor.py:925} INFO - DAG(s) 'example_branch_dop_operator_v3' retrieved from /home/airflow/.local/lib/python3.12/site-packages/airflow/example_dags/example_branch_python_dop_operator_3.py
[2025-06-27T17:01:33.561+0000] {logging_mixin.py:190} INFO - [2025-06-27T17:01:33.561+0000] {dag.py:3239} INFO - Sync 1 DAGs
[2025-06-27T17:01:33.586+0000] {logging_mixin.py:190} INFO - [2025-06-27T17:01:33.586+0000] {dag.py:4180} INFO - Setting next_dagrun for example_branch_dop_operator_v3 to 2025-06-27 17:01:00+00:00, run_after=2025-06-27 17:02:00+00:00
[2025-06-27T17:01:33.603+0000] {processor.py:208} INFO - Processing /home/airflow/.local/lib/python3.12/site-packages/airflow/example_dags/example_branch_python_dop_operator_3.py took 0.082 seconds
[2025-06-27T17:02:04.736+0000] {processor.py:186} INFO - Started process (PID=774) to work on /home/airflow/.local/lib/python3.12/site-packages/airflow/example_dags/example_branch_python_dop_operator_3.py
[2025-06-27T17:02:04.737+0000] {processor.py:914} INFO - Processing file /home/airflow/.local/lib/python3.12/site-packages/airflow/example_dags/example_branch_python_dop_operator_3.py for tasks to queue
[2025-06-27T17:02:04.739+0000] {logging_mixin.py:190} INFO - [2025-06-27T17:02:04.739+0000] {dagbag.py:588} INFO - Filling up the DagBag from /home/airflow/.local/lib/python3.12/site-packages/airflow/example_dags/example_branch_python_dop_operator_3.py
[2025-06-27T17:02:04.749+0000] {processor.py:925} INFO - DAG(s) 'example_branch_dop_operator_v3' retrieved from /home/airflow/.local/lib/python3.12/site-packages/airflow/example_dags/example_branch_python_dop_operator_3.py
[2025-06-27T17:02:04.765+0000] {logging_mixin.py:190} INFO - [2025-06-27T17:02:04.765+0000] {dag.py:3239} INFO - Sync 1 DAGs
[2025-06-27T17:02:04.788+0000] {logging_mixin.py:190} INFO - [2025-06-27T17:02:04.788+0000] {dag.py:4180} INFO - Setting next_dagrun for example_branch_dop_operator_v3 to 2025-06-27 17:02:00+00:00, run_after=2025-06-27 17:03:00+00:00
[2025-06-27T17:02:04.806+0000] {processor.py:208} INFO - Processing /home/airflow/.local/lib/python3.12/site-packages/airflow/example_dags/example_branch_python_dop_operator_3.py took 0.076 seconds
[2025-06-27T17:02:35.395+0000] {processor.py:186} INFO - Started process (PID=838) to work on /home/airflow/.local/lib/python3.12/site-packages/airflow/example_dags/example_branch_python_dop_operator_3.py
[2025-06-27T17:02:35.396+0000] {processor.py:914} INFO - Processing file /home/airflow/.local/lib/python3.12/site-packages/airflow/example_dags/example_branch_python_dop_operator_3.py for tasks to queue
[2025-06-27T17:02:35.398+0000] {logging_mixin.py:190} INFO - [2025-06-27T17:02:35.398+0000] {dagbag.py:588} INFO - Filling up the DagBag from /home/airflow/.local/lib/python3.12/site-packages/airflow/example_dags/example_branch_python_dop_operator_3.py
[2025-06-27T17:02:35.407+0000] {processor.py:925} INFO - DAG(s) 'example_branch_dop_operator_v3' retrieved from /home/airflow/.local/lib/python3.12/site-packages/airflow/example_dags/example_branch_python_dop_operator_3.py
[2025-06-27T17:02:35.425+0000] {logging_mixin.py:190} INFO - [2025-06-27T17:02:35.425+0000] {dag.py:3239} INFO - Sync 1 DAGs
[2025-06-27T17:02:35.447+0000] {logging_mixin.py:190} INFO - [2025-06-27T17:02:35.447+0000] {dag.py:4180} INFO - Setting next_dagrun for example_branch_dop_operator_v3 to 2025-06-27 17:02:00+00:00, run_after=2025-06-27 17:03:00+00:00
[2025-06-27T17:02:35.464+0000] {processor.py:208} INFO - Processing /home/airflow/.local/lib/python3.12/site-packages/airflow/example_dags/example_branch_python_dop_operator_3.py took 0.074 seconds
[2025-06-27T17:03:05.982+0000] {processor.py:186} INFO - Started process (PID=907) to work on /home/airflow/.local/lib/python3.12/site-packages/airflow/example_dags/example_branch_python_dop_operator_3.py
[2025-06-27T17:03:05.984+0000] {processor.py:914} INFO - Processing file /home/airflow/.local/lib/python3.12/site-packages/airflow/example_dags/example_branch_python_dop_operator_3.py for tasks to queue
[2025-06-27T17:03:05.986+0000] {logging_mixin.py:190} INFO - [2025-06-27T17:03:05.986+0000] {dagbag.py:588} INFO - Filling up the DagBag from /home/airflow/.local/lib/python3.12/site-packages/airflow/example_dags/example_branch_python_dop_operator_3.py
[2025-06-27T17:03:05.998+0000] {processor.py:925} INFO - DAG(s) 'example_branch_dop_operator_v3' retrieved from /home/airflow/.local/lib/python3.12/site-packages/airflow/example_dags/example_branch_python_dop_operator_3.py
[2025-06-27T17:03:06.015+0000] {logging_mixin.py:190} INFO - [2025-06-27T17:03:06.015+0000] {dag.py:3239} INFO - Sync 1 DAGs
[2025-06-27T17:03:06.039+0000] {logging_mixin.py:190} INFO - [2025-06-27T17:03:06.039+0000] {dag.py:4180} INFO - Setting next_dagrun for example_branch_dop_operator_v3 to 2025-06-27 17:03:00+00:00, run_after=2025-06-27 17:04:00+00:00
[2025-06-27T17:03:06.055+0000] {processor.py:208} INFO - Processing /home/airflow/.local/lib/python3.12/site-packages/airflow/example_dags/example_branch_python_dop_operator_3.py took 0.079 seconds
[2025-06-27T17:03:36.311+0000] {processor.py:186} INFO - Started process (PID=971) to work on /home/airflow/.local/lib/python3.12/site-packages/airflow/example_dags/example_branch_python_dop_operator_3.py
[2025-06-27T17:03:36.312+0000] {processor.py:914} INFO - Processing file /home/airflow/.local/lib/python3.12/site-packages/airflow/example_dags/example_branch_python_dop_operator_3.py for tasks to queue
[2025-06-27T17:03:36.314+0000] {logging_mixin.py:190} INFO - [2025-06-27T17:03:36.314+0000] {dagbag.py:588} INFO - Filling up the DagBag from /home/airflow/.local/lib/python3.12/site-packages/airflow/example_dags/example_branch_python_dop_operator_3.py
[2025-06-27T17:03:36.324+0000] {processor.py:925} INFO - DAG(s) 'example_branch_dop_operator_v3' retrieved from /home/airflow/.local/lib/python3.12/site-packages/airflow/example_dags/example_branch_python_dop_operator_3.py
[2025-06-27T17:03:36.342+0000] {logging_mixin.py:190} INFO - [2025-06-27T17:03:36.342+0000] {dag.py:3239} INFO - Sync 1 DAGs
[2025-06-27T17:03:36.367+0000] {logging_mixin.py:190} INFO - [2025-06-27T17:03:36.367+0000] {dag.py:4180} INFO - Setting next_dagrun for example_branch_dop_operator_v3 to 2025-06-27 17:03:00+00:00, run_after=2025-06-27 17:04:00+00:00
[2025-06-27T17:03:36.384+0000] {processor.py:208} INFO - Processing /home/airflow/.local/lib/python3.12/site-packages/airflow/example_dags/example_branch_python_dop_operator_3.py took 0.078 seconds
[2025-06-27T17:04:06.492+0000] {processor.py:186} INFO - Started process (PID=1040) to work on /home/airflow/.local/lib/python3.12/site-packages/airflow/example_dags/example_branch_python_dop_operator_3.py
[2025-06-27T17:04:06.493+0000] {processor.py:914} INFO - Processing file /home/airflow/.local/lib/python3.12/site-packages/airflow/example_dags/example_branch_python_dop_operator_3.py for tasks to queue
[2025-06-27T17:04:06.495+0000] {logging_mixin.py:190} INFO - [2025-06-27T17:04:06.495+0000] {dagbag.py:588} INFO - Filling up the DagBag from /home/airflow/.local/lib/python3.12/site-packages/airflow/example_dags/example_branch_python_dop_operator_3.py
[2025-06-27T17:04:06.506+0000] {processor.py:925} INFO - DAG(s) 'example_branch_dop_operator_v3' retrieved from /home/airflow/.local/lib/python3.12/site-packages/airflow/example_dags/example_branch_python_dop_operator_3.py
[2025-06-27T17:04:06.522+0000] {logging_mixin.py:190} INFO - [2025-06-27T17:04:06.522+0000] {dag.py:3239} INFO - Sync 1 DAGs
[2025-06-27T17:04:06.545+0000] {logging_mixin.py:190} INFO - [2025-06-27T17:04:06.545+0000] {dag.py:4180} INFO - Setting next_dagrun for example_branch_dop_operator_v3 to 2025-06-27 17:04:00+00:00, run_after=2025-06-27 17:05:00+00:00
[2025-06-27T17:04:06.566+0000] {processor.py:208} INFO - Processing /home/airflow/.local/lib/python3.12/site-packages/airflow/example_dags/example_branch_python_dop_operator_3.py took 0.079 seconds
[2025-06-27T17:04:37.034+0000] {processor.py:186} INFO - Started process (PID=1104) to work on /home/airflow/.local/lib/python3.12/site-packages/airflow/example_dags/example_branch_python_dop_operator_3.py
[2025-06-27T17:04:37.035+0000] {processor.py:914} INFO - Processing file /home/airflow/.local/lib/python3.12/site-packages/airflow/example_dags/example_branch_python_dop_operator_3.py for tasks to queue
[2025-06-27T17:04:37.037+0000] {logging_mixin.py:190} INFO - [2025-06-27T17:04:37.037+0000] {dagbag.py:588} INFO - Filling up the DagBag from /home/airflow/.local/lib/python3.12/site-packages/airflow/example_dags/example_branch_python_dop_operator_3.py
[2025-06-27T17:04:37.047+0000] {processor.py:925} INFO - DAG(s) 'example_branch_dop_operator_v3' retrieved from /home/airflow/.local/lib/python3.12/site-packages/airflow/example_dags/example_branch_python_dop_operator_3.py
[2025-06-27T17:04:37.066+0000] {logging_mixin.py:190} INFO - [2025-06-27T17:04:37.066+0000] {dag.py:3239} INFO - Sync 1 DAGs
[2025-06-27T17:04:37.088+0000] {logging_mixin.py:190} INFO - [2025-06-27T17:04:37.088+0000] {dag.py:4180} INFO - Setting next_dagrun for example_branch_dop_operator_v3 to 2025-06-27 17:04:00+00:00, run_after=2025-06-27 17:05:00+00:00
[2025-06-27T17:04:37.104+0000] {processor.py:208} INFO - Processing /home/airflow/.local/lib/python3.12/site-packages/airflow/example_dags/example_branch_python_dop_operator_3.py took 0.076 seconds
[2025-06-27T17:05:07.174+0000] {processor.py:186} INFO - Started process (PID=1173) to work on /home/airflow/.local/lib/python3.12/site-packages/airflow/example_dags/example_branch_python_dop_operator_3.py
[2025-06-27T17:05:07.174+0000] {processor.py:914} INFO - Processing file /home/airflow/.local/lib/python3.12/site-packages/airflow/example_dags/example_branch_python_dop_operator_3.py for tasks to queue
[2025-06-27T17:05:07.177+0000] {logging_mixin.py:190} INFO - [2025-06-27T17:05:07.176+0000] {dagbag.py:588} INFO - Filling up the DagBag from /home/airflow/.local/lib/python3.12/site-packages/airflow/example_dags/example_branch_python_dop_operator_3.py
[2025-06-27T17:05:07.187+0000] {processor.py:925} INFO - DAG(s) 'example_branch_dop_operator_v3' retrieved from /home/airflow/.local/lib/python3.12/site-packages/airflow/example_dags/example_branch_python_dop_operator_3.py
[2025-06-27T17:05:07.209+0000] {logging_mixin.py:190} INFO - [2025-06-27T17:05:07.209+0000] {dag.py:3239} INFO - Sync 1 DAGs
[2025-06-27T17:05:07.234+0000] {logging_mixin.py:190} INFO - [2025-06-27T17:05:07.234+0000] {dag.py:4180} INFO - Setting next_dagrun for example_branch_dop_operator_v3 to 2025-06-27 17:05:00+00:00, run_after=2025-06-27 17:06:00+00:00
[2025-06-27T17:05:07.252+0000] {processor.py:208} INFO - Processing /home/airflow/.local/lib/python3.12/site-packages/airflow/example_dags/example_branch_python_dop_operator_3.py took 0.085 seconds
[2025-06-27T17:05:37.384+0000] {processor.py:186} INFO - Started process (PID=1237) to work on /home/airflow/.local/lib/python3.12/site-packages/airflow/example_dags/example_branch_python_dop_operator_3.py
[2025-06-27T17:05:37.385+0000] {processor.py:914} INFO - Processing file /home/airflow/.local/lib/python3.12/site-packages/airflow/example_dags/example_branch_python_dop_operator_3.py for tasks to queue
[2025-06-27T17:05:37.387+0000] {logging_mixin.py:190} INFO - [2025-06-27T17:05:37.386+0000] {dagbag.py:588} INFO - Filling up the DagBag from /home/airflow/.local/lib/python3.12/site-packages/airflow/example_dags/example_branch_python_dop_operator_3.py
[2025-06-27T17:05:37.396+0000] {processor.py:925} INFO - DAG(s) 'example_branch_dop_operator_v3' retrieved from /home/airflow/.local/lib/python3.12/site-packages/airflow/example_dags/example_branch_python_dop_operator_3.py
[2025-06-27T17:05:37.414+0000] {logging_mixin.py:190} INFO - [2025-06-27T17:05:37.414+0000] {dag.py:3239} INFO - Sync 1 DAGs
[2025-06-27T17:05:37.436+0000] {logging_mixin.py:190} INFO - [2025-06-27T17:05:37.436+0000] {dag.py:4180} INFO - Setting next_dagrun for example_branch_dop_operator_v3 to 2025-06-27 17:05:00+00:00, run_after=2025-06-27 17:06:00+00:00
[2025-06-27T17:05:37.454+0000] {processor.py:208} INFO - Processing /home/airflow/.local/lib/python3.12/site-packages/airflow/example_dags/example_branch_python_dop_operator_3.py took 0.075 seconds
[2025-06-27T17:06:07.737+0000] {processor.py:186} INFO - Started process (PID=1307) to work on /home/airflow/.local/lib/python3.12/site-packages/airflow/example_dags/example_branch_python_dop_operator_3.py
[2025-06-27T17:06:07.739+0000] {processor.py:914} INFO - Processing file /home/airflow/.local/lib/python3.12/site-packages/airflow/example_dags/example_branch_python_dop_operator_3.py for tasks to queue
[2025-06-27T17:06:07.742+0000] {logging_mixin.py:190} INFO - [2025-06-27T17:06:07.742+0000] {dagbag.py:588} INFO - Filling up the DagBag from /home/airflow/.local/lib/python3.12/site-packages/airflow/example_dags/example_branch_python_dop_operator_3.py
[2025-06-27T17:06:07.752+0000] {processor.py:925} INFO - DAG(s) 'example_branch_dop_operator_v3' retrieved from /home/airflow/.local/lib/python3.12/site-packages/airflow/example_dags/example_branch_python_dop_operator_3.py
[2025-06-27T17:06:07.769+0000] {logging_mixin.py:190} INFO - [2025-06-27T17:06:07.769+0000] {dag.py:3239} INFO - Sync 1 DAGs
[2025-06-27T17:06:07.792+0000] {logging_mixin.py:190} INFO - [2025-06-27T17:06:07.792+0000] {dag.py:4180} INFO - Setting next_dagrun for example_branch_dop_operator_v3 to 2025-06-27 17:06:00+00:00, run_after=2025-06-27 17:07:00+00:00
[2025-06-27T17:06:07.811+0000] {processor.py:208} INFO - Processing /home/airflow/.local/lib/python3.12/site-packages/airflow/example_dags/example_branch_python_dop_operator_3.py took 0.081 seconds
[2025-06-27T17:06:37.852+0000] {processor.py:186} INFO - Started process (PID=1371) to work on /home/airflow/.local/lib/python3.12/site-packages/airflow/example_dags/example_branch_python_dop_operator_3.py
[2025-06-27T17:06:37.853+0000] {processor.py:914} INFO - Processing file /home/airflow/.local/lib/python3.12/site-packages/airflow/example_dags/example_branch_python_dop_operator_3.py for tasks to queue
[2025-06-27T17:06:37.855+0000] {logging_mixin.py:190} INFO - [2025-06-27T17:06:37.855+0000] {dagbag.py:588} INFO - Filling up the DagBag from /home/airflow/.local/lib/python3.12/site-packages/airflow/example_dags/example_branch_python_dop_operator_3.py
[2025-06-27T17:06:37.866+0000] {processor.py:925} INFO - DAG(s) 'example_branch_dop_operator_v3' retrieved from /home/airflow/.local/lib/python3.12/site-packages/airflow/example_dags/example_branch_python_dop_operator_3.py
[2025-06-27T17:06:37.884+0000] {logging_mixin.py:190} INFO - [2025-06-27T17:06:37.884+0000] {dag.py:3239} INFO - Sync 1 DAGs
[2025-06-27T17:06:37.908+0000] {logging_mixin.py:190} INFO - [2025-06-27T17:06:37.908+0000] {dag.py:4180} INFO - Setting next_dagrun for example_branch_dop_operator_v3 to 2025-06-27 17:06:00+00:00, run_after=2025-06-27 17:07:00+00:00
[2025-06-27T17:06:37.928+0000] {processor.py:208} INFO - Processing /home/airflow/.local/lib/python3.12/site-packages/airflow/example_dags/example_branch_python_dop_operator_3.py took 0.081 seconds
[2025-06-27T17:07:08.029+0000] {processor.py:186} INFO - Started process (PID=1439) to work on /home/airflow/.local/lib/python3.12/site-packages/airflow/example_dags/example_branch_python_dop_operator_3.py
[2025-06-27T17:07:08.030+0000] {processor.py:914} INFO - Processing file /home/airflow/.local/lib/python3.12/site-packages/airflow/example_dags/example_branch_python_dop_operator_3.py for tasks to queue
[2025-06-27T17:07:08.032+0000] {logging_mixin.py:190} INFO - [2025-06-27T17:07:08.032+0000] {dagbag.py:588} INFO - Filling up the DagBag from /home/airflow/.local/lib/python3.12/site-packages/airflow/example_dags/example_branch_python_dop_operator_3.py
[2025-06-27T17:07:08.043+0000] {processor.py:925} INFO - DAG(s) 'example_branch_dop_operator_v3' retrieved from /home/airflow/.local/lib/python3.12/site-packages/airflow/example_dags/example_branch_python_dop_operator_3.py
[2025-06-27T17:07:08.062+0000] {logging_mixin.py:190} INFO - [2025-06-27T17:07:08.061+0000] {dag.py:3239} INFO - Sync 1 DAGs
[2025-06-27T17:07:08.089+0000] {logging_mixin.py:190} INFO - [2025-06-27T17:07:08.089+0000] {dag.py:4180} INFO - Setting next_dagrun for example_branch_dop_operator_v3 to 2025-06-27 17:07:00+00:00, run_after=2025-06-27 17:08:00+00:00
[2025-06-27T17:07:08.112+0000] {processor.py:208} INFO - Processing /home/airflow/.local/lib/python3.12/site-packages/airflow/example_dags/example_branch_python_dop_operator_3.py took 0.089 seconds
[2025-06-27T17:07:38.751+0000] {processor.py:186} INFO - Started process (PID=1503) to work on /home/airflow/.local/lib/python3.12/site-packages/airflow/example_dags/example_branch_python_dop_operator_3.py
[2025-06-27T17:07:38.752+0000] {processor.py:914} INFO - Processing file /home/airflow/.local/lib/python3.12/site-packages/airflow/example_dags/example_branch_python_dop_operator_3.py for tasks to queue
[2025-06-27T17:07:38.754+0000] {logging_mixin.py:190} INFO - [2025-06-27T17:07:38.754+0000] {dagbag.py:588} INFO - Filling up the DagBag from /home/airflow/.local/lib/python3.12/site-packages/airflow/example_dags/example_branch_python_dop_operator_3.py
[2025-06-27T17:07:38.764+0000] {processor.py:925} INFO - DAG(s) 'example_branch_dop_operator_v3' retrieved from /home/airflow/.local/lib/python3.12/site-packages/airflow/example_dags/example_branch_python_dop_operator_3.py
[2025-06-27T17:07:38.783+0000] {logging_mixin.py:190} INFO - [2025-06-27T17:07:38.783+0000] {dag.py:3239} INFO - Sync 1 DAGs
[2025-06-27T17:07:38.807+0000] {logging_mixin.py:190} INFO - [2025-06-27T17:07:38.806+0000] {dag.py:4180} INFO - Setting next_dagrun for example_branch_dop_operator_v3 to 2025-06-27 17:07:00+00:00, run_after=2025-06-27 17:08:00+00:00
[2025-06-27T17:07:38.824+0000] {processor.py:208} INFO - Processing /home/airflow/.local/lib/python3.12/site-packages/airflow/example_dags/example_branch_python_dop_operator_3.py took 0.078 seconds
[2025-06-27T17:08:09.451+0000] {processor.py:186} INFO - Started process (PID=1573) to work on /home/airflow/.local/lib/python3.12/site-packages/airflow/example_dags/example_branch_python_dop_operator_3.py
[2025-06-27T17:08:09.452+0000] {processor.py:914} INFO - Processing file /home/airflow/.local/lib/python3.12/site-packages/airflow/example_dags/example_branch_python_dop_operator_3.py for tasks to queue
[2025-06-27T17:08:09.454+0000] {logging_mixin.py:190} INFO - [2025-06-27T17:08:09.454+0000] {dagbag.py:588} INFO - Filling up the DagBag from /home/airflow/.local/lib/python3.12/site-packages/airflow/example_dags/example_branch_python_dop_operator_3.py
[2025-06-27T17:08:09.464+0000] {processor.py:925} INFO - DAG(s) 'example_branch_dop_operator_v3' retrieved from /home/airflow/.local/lib/python3.12/site-packages/airflow/example_dags/example_branch_python_dop_operator_3.py
[2025-06-27T17:08:09.481+0000] {logging_mixin.py:190} INFO - [2025-06-27T17:08:09.481+0000] {dag.py:3239} INFO - Sync 1 DAGs
[2025-06-27T17:08:09.505+0000] {logging_mixin.py:190} INFO - [2025-06-27T17:08:09.505+0000] {dag.py:4180} INFO - Setting next_dagrun for example_branch_dop_operator_v3 to 2025-06-27 17:08:00+00:00, run_after=2025-06-27 17:09:00+00:00
[2025-06-27T17:08:09.524+0000] {processor.py:208} INFO - Processing /home/airflow/.local/lib/python3.12/site-packages/airflow/example_dags/example_branch_python_dop_operator_3.py took 0.079 seconds
[2025-06-27T17:08:39.719+0000] {processor.py:186} INFO - Started process (PID=1637) to work on /home/airflow/.local/lib/python3.12/site-packages/airflow/example_dags/example_branch_python_dop_operator_3.py
[2025-06-27T17:08:39.721+0000] {processor.py:914} INFO - Processing file /home/airflow/.local/lib/python3.12/site-packages/airflow/example_dags/example_branch_python_dop_operator_3.py for tasks to queue
[2025-06-27T17:08:39.723+0000] {logging_mixin.py:190} INFO - [2025-06-27T17:08:39.723+0000] {dagbag.py:588} INFO - Filling up the DagBag from /home/airflow/.local/lib/python3.12/site-packages/airflow/example_dags/example_branch_python_dop_operator_3.py
[2025-06-27T17:08:39.732+0000] {processor.py:925} INFO - DAG(s) 'example_branch_dop_operator_v3' retrieved from /home/airflow/.local/lib/python3.12/site-packages/airflow/example_dags/example_branch_python_dop_operator_3.py
[2025-06-27T17:08:39.750+0000] {logging_mixin.py:190} INFO - [2025-06-27T17:08:39.749+0000] {dag.py:3239} INFO - Sync 1 DAGs
[2025-06-27T17:08:39.772+0000] {logging_mixin.py:190} INFO - [2025-06-27T17:08:39.772+0000] {dag.py:4180} INFO - Setting next_dagrun for example_branch_dop_operator_v3 to 2025-06-27 17:08:00+00:00, run_after=2025-06-27 17:09:00+00:00
[2025-06-27T17:08:39.789+0000] {processor.py:208} INFO - Processing /home/airflow/.local/lib/python3.12/site-packages/airflow/example_dags/example_branch_python_dop_operator_3.py took 0.074 seconds
[2025-06-27T17:09:10.389+0000] {processor.py:186} INFO - Started process (PID=1707) to work on /home/airflow/.local/lib/python3.12/site-packages/airflow/example_dags/example_branch_python_dop_operator_3.py
[2025-06-27T17:09:10.390+0000] {processor.py:914} INFO - Processing file /home/airflow/.local/lib/python3.12/site-packages/airflow/example_dags/example_branch_python_dop_operator_3.py for tasks to queue
[2025-06-27T17:09:10.393+0000] {logging_mixin.py:190} INFO - [2025-06-27T17:09:10.392+0000] {dagbag.py:588} INFO - Filling up the DagBag from /home/airflow/.local/lib/python3.12/site-packages/airflow/example_dags/example_branch_python_dop_operator_3.py
[2025-06-27T17:09:10.403+0000] {processor.py:925} INFO - DAG(s) 'example_branch_dop_operator_v3' retrieved from /home/airflow/.local/lib/python3.12/site-packages/airflow/example_dags/example_branch_python_dop_operator_3.py
[2025-06-27T17:09:10.421+0000] {logging_mixin.py:190} INFO - [2025-06-27T17:09:10.421+0000] {dag.py:3239} INFO - Sync 1 DAGs
[2025-06-27T17:09:10.449+0000] {logging_mixin.py:190} INFO - [2025-06-27T17:09:10.449+0000] {dag.py:4180} INFO - Setting next_dagrun for example_branch_dop_operator_v3 to 2025-06-27 17:09:00+00:00, run_after=2025-06-27 17:10:00+00:00
[2025-06-27T17:09:10.469+0000] {processor.py:208} INFO - Processing /home/airflow/.local/lib/python3.12/site-packages/airflow/example_dags/example_branch_python_dop_operator_3.py took 0.085 seconds
[2025-06-27T17:09:40.626+0000] {processor.py:186} INFO - Started process (PID=1771) to work on /home/airflow/.local/lib/python3.12/site-packages/airflow/example_dags/example_branch_python_dop_operator_3.py
[2025-06-27T17:09:40.627+0000] {processor.py:914} INFO - Processing file /home/airflow/.local/lib/python3.12/site-packages/airflow/example_dags/example_branch_python_dop_operator_3.py for tasks to queue
[2025-06-27T17:09:40.629+0000] {logging_mixin.py:190} INFO - [2025-06-27T17:09:40.629+0000] {dagbag.py:588} INFO - Filling up the DagBag from /home/airflow/.local/lib/python3.12/site-packages/airflow/example_dags/example_branch_python_dop_operator_3.py
[2025-06-27T17:09:40.639+0000] {processor.py:925} INFO - DAG(s) 'example_branch_dop_operator_v3' retrieved from /home/airflow/.local/lib/python3.12/site-packages/airflow/example_dags/example_branch_python_dop_operator_3.py
[2025-06-27T17:09:40.656+0000] {logging_mixin.py:190} INFO - [2025-06-27T17:09:40.656+0000] {dag.py:3239} INFO - Sync 1 DAGs
[2025-06-27T17:09:40.679+0000] {logging_mixin.py:190} INFO - [2025-06-27T17:09:40.678+0000] {dag.py:4180} INFO - Setting next_dagrun for example_branch_dop_operator_v3 to 2025-06-27 17:09:00+00:00, run_after=2025-06-27 17:10:00+00:00
[2025-06-27T17:09:40.695+0000] {processor.py:208} INFO - Processing /home/airflow/.local/lib/python3.12/site-packages/airflow/example_dags/example_branch_python_dop_operator_3.py took 0.075 seconds
[2025-06-27T17:10:11.247+0000] {processor.py:186} INFO - Started process (PID=1841) to work on /home/airflow/.local/lib/python3.12/site-packages/airflow/example_dags/example_branch_python_dop_operator_3.py
[2025-06-27T17:10:11.248+0000] {processor.py:914} INFO - Processing file /home/airflow/.local/lib/python3.12/site-packages/airflow/example_dags/example_branch_python_dop_operator_3.py for tasks to queue
[2025-06-27T17:10:11.250+0000] {logging_mixin.py:190} INFO - [2025-06-27T17:10:11.250+0000] {dagbag.py:588} INFO - Filling up the DagBag from /home/airflow/.local/lib/python3.12/site-packages/airflow/example_dags/example_branch_python_dop_operator_3.py
[2025-06-27T17:10:11.260+0000] {processor.py:925} INFO - DAG(s) 'example_branch_dop_operator_v3' retrieved from /home/airflow/.local/lib/python3.12/site-packages/airflow/example_dags/example_branch_python_dop_operator_3.py
[2025-06-27T17:10:11.278+0000] {logging_mixin.py:190} INFO - [2025-06-27T17:10:11.277+0000] {dag.py:3239} INFO - Sync 1 DAGs
[2025-06-27T17:10:11.301+0000] {logging_mixin.py:190} INFO - [2025-06-27T17:10:11.300+0000] {dag.py:4180} INFO - Setting next_dagrun for example_branch_dop_operator_v3 to 2025-06-27 17:10:00+00:00, run_after=2025-06-27 17:11:00+00:00
[2025-06-27T17:10:11.317+0000] {processor.py:208} INFO - Processing /home/airflow/.local/lib/python3.12/site-packages/airflow/example_dags/example_branch_python_dop_operator_3.py took 0.076 seconds
[2025-06-27T17:10:41.681+0000] {processor.py:186} INFO - Started process (PID=1905) to work on /home/airflow/.local/lib/python3.12/site-packages/airflow/example_dags/example_branch_python_dop_operator_3.py
[2025-06-27T17:10:41.682+0000] {processor.py:914} INFO - Processing file /home/airflow/.local/lib/python3.12/site-packages/airflow/example_dags/example_branch_python_dop_operator_3.py for tasks to queue
[2025-06-27T17:10:41.684+0000] {logging_mixin.py:190} INFO - [2025-06-27T17:10:41.684+0000] {dagbag.py:588} INFO - Filling up the DagBag from /home/airflow/.local/lib/python3.12/site-packages/airflow/example_dags/example_branch_python_dop_operator_3.py
[2025-06-27T17:10:41.694+0000] {processor.py:925} INFO - DAG(s) 'example_branch_dop_operator_v3' retrieved from /home/airflow/.local/lib/python3.12/site-packages/airflow/example_dags/example_branch_python_dop_operator_3.py
[2025-06-27T17:10:41.711+0000] {logging_mixin.py:190} INFO - [2025-06-27T17:10:41.710+0000] {dag.py:3239} INFO - Sync 1 DAGs
[2025-06-27T17:10:41.734+0000] {logging_mixin.py:190} INFO - [2025-06-27T17:10:41.733+0000] {dag.py:4180} INFO - Setting next_dagrun for example_branch_dop_operator_v3 to 2025-06-27 17:10:00+00:00, run_after=2025-06-27 17:11:00+00:00
[2025-06-27T17:10:41.750+0000] {processor.py:208} INFO - Processing /home/airflow/.local/lib/python3.12/site-packages/airflow/example_dags/example_branch_python_dop_operator_3.py took 0.075 seconds
[2025-06-27T17:11:12.182+0000] {processor.py:186} INFO - Started process (PID=1974) to work on /home/airflow/.local/lib/python3.12/site-packages/airflow/example_dags/example_branch_python_dop_operator_3.py
[2025-06-27T17:11:12.183+0000] {processor.py:914} INFO - Processing file /home/airflow/.local/lib/python3.12/site-packages/airflow/example_dags/example_branch_python_dop_operator_3.py for tasks to queue
[2025-06-27T17:11:12.185+0000] {logging_mixin.py:190} INFO - [2025-06-27T17:11:12.185+0000] {dagbag.py:588} INFO - Filling up the DagBag from /home/airflow/.local/lib/python3.12/site-packages/airflow/example_dags/example_branch_python_dop_operator_3.py
[2025-06-27T17:11:12.195+0000] {processor.py:925} INFO - DAG(s) 'example_branch_dop_operator_v3' retrieved from /home/airflow/.local/lib/python3.12/site-packages/airflow/example_dags/example_branch_python_dop_operator_3.py
[2025-06-27T17:11:12.212+0000] {logging_mixin.py:190} INFO - [2025-06-27T17:11:12.212+0000] {dag.py:3239} INFO - Sync 1 DAGs
[2025-06-27T17:11:12.235+0000] {logging_mixin.py:190} INFO - [2025-06-27T17:11:12.235+0000] {dag.py:4180} INFO - Setting next_dagrun for example_branch_dop_operator_v3 to 2025-06-27 17:11:00+00:00, run_after=2025-06-27 17:12:00+00:00
[2025-06-27T17:11:12.252+0000] {processor.py:208} INFO - Processing /home/airflow/.local/lib/python3.12/site-packages/airflow/example_dags/example_branch_python_dop_operator_3.py took 0.075 seconds
[2025-06-27T17:11:42.412+0000] {processor.py:186} INFO - Started process (PID=2038) to work on /home/airflow/.local/lib/python3.12/site-packages/airflow/example_dags/example_branch_python_dop_operator_3.py
[2025-06-27T17:11:42.413+0000] {processor.py:914} INFO - Processing file /home/airflow/.local/lib/python3.12/site-packages/airflow/example_dags/example_branch_python_dop_operator_3.py for tasks to queue
[2025-06-27T17:11:42.416+0000] {logging_mixin.py:190} INFO - [2025-06-27T17:11:42.415+0000] {dagbag.py:588} INFO - Filling up the DagBag from /home/airflow/.local/lib/python3.12/site-packages/airflow/example_dags/example_branch_python_dop_operator_3.py
[2025-06-27T17:11:42.428+0000] {processor.py:925} INFO - DAG(s) 'example_branch_dop_operator_v3' retrieved from /home/airflow/.local/lib/python3.12/site-packages/airflow/example_dags/example_branch_python_dop_operator_3.py
[2025-06-27T17:11:42.447+0000] {logging_mixin.py:190} INFO - [2025-06-27T17:11:42.447+0000] {dag.py:3239} INFO - Sync 1 DAGs
[2025-06-27T17:11:42.471+0000] {logging_mixin.py:190} INFO - [2025-06-27T17:11:42.471+0000] {dag.py:4180} INFO - Setting next_dagrun for example_branch_dop_operator_v3 to 2025-06-27 17:11:00+00:00, run_after=2025-06-27 17:12:00+00:00
[2025-06-27T17:11:42.489+0000] {processor.py:208} INFO - Processing /home/airflow/.local/lib/python3.12/site-packages/airflow/example_dags/example_branch_python_dop_operator_3.py took 0.083 seconds
[2025-06-27T17:12:12.672+0000] {processor.py:186} INFO - Started process (PID=2107) to work on /home/airflow/.local/lib/python3.12/site-packages/airflow/example_dags/example_branch_python_dop_operator_3.py
[2025-06-27T17:12:12.673+0000] {processor.py:914} INFO - Processing file /home/airflow/.local/lib/python3.12/site-packages/airflow/example_dags/example_branch_python_dop_operator_3.py for tasks to queue
[2025-06-27T17:12:12.675+0000] {logging_mixin.py:190} INFO - [2025-06-27T17:12:12.675+0000] {dagbag.py:588} INFO - Filling up the DagBag from /home/airflow/.local/lib/python3.12/site-packages/airflow/example_dags/example_branch_python_dop_operator_3.py
[2025-06-27T17:12:12.686+0000] {processor.py:925} INFO - DAG(s) 'example_branch_dop_operator_v3' retrieved from /home/airflow/.local/lib/python3.12/site-packages/airflow/example_dags/example_branch_python_dop_operator_3.py
[2025-06-27T17:12:12.703+0000] {logging_mixin.py:190} INFO - [2025-06-27T17:12:12.703+0000] {dag.py:3239} INFO - Sync 1 DAGs
[2025-06-27T17:12:12.728+0000] {logging_mixin.py:190} INFO - [2025-06-27T17:12:12.728+0000] {dag.py:4180} INFO - Setting next_dagrun for example_branch_dop_operator_v3 to 2025-06-27 17:12:00+00:00, run_after=2025-06-27 17:13:00+00:00
[2025-06-27T17:12:12.749+0000] {processor.py:208} INFO - Processing /home/airflow/.local/lib/python3.12/site-packages/airflow/example_dags/example_branch_python_dop_operator_3.py took 0.083 seconds
[2025-06-27T17:12:42.907+0000] {processor.py:186} INFO - Started process (PID=2171) to work on /home/airflow/.local/lib/python3.12/site-packages/airflow/example_dags/example_branch_python_dop_operator_3.py
[2025-06-27T17:12:42.908+0000] {processor.py:914} INFO - Processing file /home/airflow/.local/lib/python3.12/site-packages/airflow/example_dags/example_branch_python_dop_operator_3.py for tasks to queue
[2025-06-27T17:12:42.910+0000] {logging_mixin.py:190} INFO - [2025-06-27T17:12:42.910+0000] {dagbag.py:588} INFO - Filling up the DagBag from /home/airflow/.local/lib/python3.12/site-packages/airflow/example_dags/example_branch_python_dop_operator_3.py
[2025-06-27T17:12:42.920+0000] {processor.py:925} INFO - DAG(s) 'example_branch_dop_operator_v3' retrieved from /home/airflow/.local/lib/python3.12/site-packages/airflow/example_dags/example_branch_python_dop_operator_3.py
[2025-06-27T17:12:42.937+0000] {logging_mixin.py:190} INFO - [2025-06-27T17:12:42.937+0000] {dag.py:3239} INFO - Sync 1 DAGs
[2025-06-27T17:12:42.959+0000] {logging_mixin.py:190} INFO - [2025-06-27T17:12:42.959+0000] {dag.py:4180} INFO - Setting next_dagrun for example_branch_dop_operator_v3 to 2025-06-27 17:12:00+00:00, run_after=2025-06-27 17:13:00+00:00
[2025-06-27T17:12:42.976+0000] {processor.py:208} INFO - Processing /home/airflow/.local/lib/python3.12/site-packages/airflow/example_dags/example_branch_python_dop_operator_3.py took 0.073 seconds
[2025-06-27T17:13:13.247+0000] {processor.py:186} INFO - Started process (PID=2240) to work on /home/airflow/.local/lib/python3.12/site-packages/airflow/example_dags/example_branch_python_dop_operator_3.py
[2025-06-27T17:13:13.248+0000] {processor.py:914} INFO - Processing file /home/airflow/.local/lib/python3.12/site-packages/airflow/example_dags/example_branch_python_dop_operator_3.py for tasks to queue
[2025-06-27T17:13:13.250+0000] {logging_mixin.py:190} INFO - [2025-06-27T17:13:13.249+0000] {dagbag.py:588} INFO - Filling up the DagBag from /home/airflow/.local/lib/python3.12/site-packages/airflow/example_dags/example_branch_python_dop_operator_3.py
[2025-06-27T17:13:13.260+0000] {processor.py:925} INFO - DAG(s) 'example_branch_dop_operator_v3' retrieved from /home/airflow/.local/lib/python3.12/site-packages/airflow/example_dags/example_branch_python_dop_operator_3.py
[2025-06-27T17:13:13.278+0000] {logging_mixin.py:190} INFO - [2025-06-27T17:13:13.277+0000] {dag.py:3239} INFO - Sync 1 DAGs
[2025-06-27T17:13:13.301+0000] {logging_mixin.py:190} INFO - [2025-06-27T17:13:13.301+0000] {dag.py:4180} INFO - Setting next_dagrun for example_branch_dop_operator_v3 to 2025-06-27 17:13:00+00:00, run_after=2025-06-27 17:14:00+00:00
[2025-06-27T17:13:13.329+0000] {processor.py:208} INFO - Processing /home/airflow/.local/lib/python3.12/site-packages/airflow/example_dags/example_branch_python_dop_operator_3.py took 0.088 seconds
[2025-06-27T17:13:44.320+0000] {processor.py:186} INFO - Started process (PID=2304) to work on /home/airflow/.local/lib/python3.12/site-packages/airflow/example_dags/example_branch_python_dop_operator_3.py
[2025-06-27T17:13:44.321+0000] {processor.py:914} INFO - Processing file /home/airflow/.local/lib/python3.12/site-packages/airflow/example_dags/example_branch_python_dop_operator_3.py for tasks to queue
[2025-06-27T17:13:44.324+0000] {logging_mixin.py:190} INFO - [2025-06-27T17:13:44.323+0000] {dagbag.py:588} INFO - Filling up the DagBag from /home/airflow/.local/lib/python3.12/site-packages/airflow/example_dags/example_branch_python_dop_operator_3.py
[2025-06-27T17:13:44.333+0000] {processor.py:925} INFO - DAG(s) 'example_branch_dop_operator_v3' retrieved from /home/airflow/.local/lib/python3.12/site-packages/airflow/example_dags/example_branch_python_dop_operator_3.py
[2025-06-27T17:13:44.350+0000] {logging_mixin.py:190} INFO - [2025-06-27T17:13:44.349+0000] {dag.py:3239} INFO - Sync 1 DAGs
[2025-06-27T17:13:44.372+0000] {logging_mixin.py:190} INFO - [2025-06-27T17:13:44.372+0000] {dag.py:4180} INFO - Setting next_dagrun for example_branch_dop_operator_v3 to 2025-06-27 17:13:00+00:00, run_after=2025-06-27 17:14:00+00:00
[2025-06-27T17:13:44.389+0000] {processor.py:208} INFO - Processing /home/airflow/.local/lib/python3.12/site-packages/airflow/example_dags/example_branch_python_dop_operator_3.py took 0.074 seconds
[2025-06-27T17:14:14.522+0000] {processor.py:186} INFO - Started process (PID=2374) to work on /home/airflow/.local/lib/python3.12/site-packages/airflow/example_dags/example_branch_python_dop_operator_3.py
[2025-06-27T17:14:14.523+0000] {processor.py:914} INFO - Processing file /home/airflow/.local/lib/python3.12/site-packages/airflow/example_dags/example_branch_python_dop_operator_3.py for tasks to queue
[2025-06-27T17:14:14.525+0000] {logging_mixin.py:190} INFO - [2025-06-27T17:14:14.525+0000] {dagbag.py:588} INFO - Filling up the DagBag from /home/airflow/.local/lib/python3.12/site-packages/airflow/example_dags/example_branch_python_dop_operator_3.py
[2025-06-27T17:14:14.535+0000] {processor.py:925} INFO - DAG(s) 'example_branch_dop_operator_v3' retrieved from /home/airflow/.local/lib/python3.12/site-packages/airflow/example_dags/example_branch_python_dop_operator_3.py
[2025-06-27T17:14:14.552+0000] {logging_mixin.py:190} INFO - [2025-06-27T17:14:14.552+0000] {dag.py:3239} INFO - Sync 1 DAGs
[2025-06-27T17:14:14.576+0000] {logging_mixin.py:190} INFO - [2025-06-27T17:14:14.576+0000] {dag.py:4180} INFO - Setting next_dagrun for example_branch_dop_operator_v3 to 2025-06-27 17:14:00+00:00, run_after=2025-06-27 17:15:00+00:00
[2025-06-27T17:14:14.593+0000] {processor.py:208} INFO - Processing /home/airflow/.local/lib/python3.12/site-packages/airflow/example_dags/example_branch_python_dop_operator_3.py took 0.076 seconds
[2025-06-27T17:14:45.144+0000] {processor.py:186} INFO - Started process (PID=2438) to work on /home/airflow/.local/lib/python3.12/site-packages/airflow/example_dags/example_branch_python_dop_operator_3.py
[2025-06-27T17:14:45.145+0000] {processor.py:914} INFO - Processing file /home/airflow/.local/lib/python3.12/site-packages/airflow/example_dags/example_branch_python_dop_operator_3.py for tasks to queue
[2025-06-27T17:14:45.148+0000] {logging_mixin.py:190} INFO - [2025-06-27T17:14:45.147+0000] {dagbag.py:588} INFO - Filling up the DagBag from /home/airflow/.local/lib/python3.12/site-packages/airflow/example_dags/example_branch_python_dop_operator_3.py
[2025-06-27T17:14:45.158+0000] {processor.py:925} INFO - DAG(s) 'example_branch_dop_operator_v3' retrieved from /home/airflow/.local/lib/python3.12/site-packages/airflow/example_dags/example_branch_python_dop_operator_3.py
[2025-06-27T17:14:45.175+0000] {logging_mixin.py:190} INFO - [2025-06-27T17:14:45.175+0000] {dag.py:3239} INFO - Sync 1 DAGs
[2025-06-27T17:14:45.201+0000] {logging_mixin.py:190} INFO - [2025-06-27T17:14:45.200+0000] {dag.py:4180} INFO - Setting next_dagrun for example_branch_dop_operator_v3 to 2025-06-27 17:14:00+00:00, run_after=2025-06-27 17:15:00+00:00
[2025-06-27T17:14:45.220+0000] {processor.py:208} INFO - Processing /home/airflow/.local/lib/python3.12/site-packages/airflow/example_dags/example_branch_python_dop_operator_3.py took 0.081 seconds
[2025-06-27T17:15:16.080+0000] {processor.py:186} INFO - Started process (PID=2507) to work on /home/airflow/.local/lib/python3.12/site-packages/airflow/example_dags/example_branch_python_dop_operator_3.py
[2025-06-27T17:15:16.081+0000] {processor.py:914} INFO - Processing file /home/airflow/.local/lib/python3.12/site-packages/airflow/example_dags/example_branch_python_dop_operator_3.py for tasks to queue
[2025-06-27T17:15:16.084+0000] {logging_mixin.py:190} INFO - [2025-06-27T17:15:16.083+0000] {dagbag.py:588} INFO - Filling up the DagBag from /home/airflow/.local/lib/python3.12/site-packages/airflow/example_dags/example_branch_python_dop_operator_3.py
[2025-06-27T17:15:16.094+0000] {processor.py:925} INFO - DAG(s) 'example_branch_dop_operator_v3' retrieved from /home/airflow/.local/lib/python3.12/site-packages/airflow/example_dags/example_branch_python_dop_operator_3.py
[2025-06-27T17:15:16.111+0000] {logging_mixin.py:190} INFO - [2025-06-27T17:15:16.111+0000] {dag.py:3239} INFO - Sync 1 DAGs
[2025-06-27T17:15:16.135+0000] {logging_mixin.py:190} INFO - [2025-06-27T17:15:16.135+0000] {dag.py:4180} INFO - Setting next_dagrun for example_branch_dop_operator_v3 to 2025-06-27 17:15:00+00:00, run_after=2025-06-27 17:16:00+00:00
[2025-06-27T17:15:16.154+0000] {processor.py:208} INFO - Processing /home/airflow/.local/lib/python3.12/site-packages/airflow/example_dags/example_branch_python_dop_operator_3.py took 0.080 seconds
[2025-06-27T17:15:46.656+0000] {processor.py:186} INFO - Started process (PID=2571) to work on /home/airflow/.local/lib/python3.12/site-packages/airflow/example_dags/example_branch_python_dop_operator_3.py
[2025-06-27T17:15:46.658+0000] {processor.py:914} INFO - Processing file /home/airflow/.local/lib/python3.12/site-packages/airflow/example_dags/example_branch_python_dop_operator_3.py for tasks to queue
[2025-06-27T17:15:46.660+0000] {logging_mixin.py:190} INFO - [2025-06-27T17:15:46.660+0000] {dagbag.py:588} INFO - Filling up the DagBag from /home/airflow/.local/lib/python3.12/site-packages/airflow/example_dags/example_branch_python_dop_operator_3.py
[2025-06-27T17:15:46.672+0000] {processor.py:925} INFO - DAG(s) 'example_branch_dop_operator_v3' retrieved from /home/airflow/.local/lib/python3.12/site-packages/airflow/example_dags/example_branch_python_dop_operator_3.py
[2025-06-27T17:15:46.694+0000] {logging_mixin.py:190} INFO - [2025-06-27T17:15:46.694+0000] {dag.py:3239} INFO - Sync 1 DAGs
[2025-06-27T17:15:46.738+0000] {logging_mixin.py:190} INFO - [2025-06-27T17:15:46.738+0000] {dag.py:4180} INFO - Setting next_dagrun for example_branch_dop_operator_v3 to 2025-06-27 17:15:00+00:00, run_after=2025-06-27 17:16:00+00:00
[2025-06-27T17:15:46.788+0000] {processor.py:208} INFO - Processing /home/airflow/.local/lib/python3.12/site-packages/airflow/example_dags/example_branch_python_dop_operator_3.py took 0.137 seconds
[2025-06-27T17:16:16.837+0000] {processor.py:186} INFO - Started process (PID=2641) to work on /home/airflow/.local/lib/python3.12/site-packages/airflow/example_dags/example_branch_python_dop_operator_3.py
[2025-06-27T17:16:16.838+0000] {processor.py:914} INFO - Processing file /home/airflow/.local/lib/python3.12/site-packages/airflow/example_dags/example_branch_python_dop_operator_3.py for tasks to queue
[2025-06-27T17:16:16.841+0000] {logging_mixin.py:190} INFO - [2025-06-27T17:16:16.841+0000] {dagbag.py:588} INFO - Filling up the DagBag from /home/airflow/.local/lib/python3.12/site-packages/airflow/example_dags/example_branch_python_dop_operator_3.py
[2025-06-27T17:16:16.852+0000] {processor.py:925} INFO - DAG(s) 'example_branch_dop_operator_v3' retrieved from /home/airflow/.local/lib/python3.12/site-packages/airflow/example_dags/example_branch_python_dop_operator_3.py
[2025-06-27T17:16:16.869+0000] {logging_mixin.py:190} INFO - [2025-06-27T17:16:16.869+0000] {dag.py:3239} INFO - Sync 1 DAGs
[2025-06-27T17:16:16.893+0000] {logging_mixin.py:190} INFO - [2025-06-27T17:16:16.892+0000] {dag.py:4180} INFO - Setting next_dagrun for example_branch_dop_operator_v3 to 2025-06-27 17:16:00+00:00, run_after=2025-06-27 17:17:00+00:00
[2025-06-27T17:16:16.911+0000] {processor.py:208} INFO - Processing /home/airflow/.local/lib/python3.12/site-packages/airflow/example_dags/example_branch_python_dop_operator_3.py took 0.080 seconds
[2025-06-27T17:16:47.129+0000] {processor.py:186} INFO - Started process (PID=2705) to work on /home/airflow/.local/lib/python3.12/site-packages/airflow/example_dags/example_branch_python_dop_operator_3.py
[2025-06-27T17:16:47.130+0000] {processor.py:914} INFO - Processing file /home/airflow/.local/lib/python3.12/site-packages/airflow/example_dags/example_branch_python_dop_operator_3.py for tasks to queue
[2025-06-27T17:16:47.132+0000] {logging_mixin.py:190} INFO - [2025-06-27T17:16:47.132+0000] {dagbag.py:588} INFO - Filling up the DagBag from /home/airflow/.local/lib/python3.12/site-packages/airflow/example_dags/example_branch_python_dop_operator_3.py
[2025-06-27T17:16:47.141+0000] {processor.py:925} INFO - DAG(s) 'example_branch_dop_operator_v3' retrieved from /home/airflow/.local/lib/python3.12/site-packages/airflow/example_dags/example_branch_python_dop_operator_3.py
[2025-06-27T17:16:47.158+0000] {logging_mixin.py:190} INFO - [2025-06-27T17:16:47.158+0000] {dag.py:3239} INFO - Sync 1 DAGs
[2025-06-27T17:16:47.180+0000] {logging_mixin.py:190} INFO - [2025-06-27T17:16:47.180+0000] {dag.py:4180} INFO - Setting next_dagrun for example_branch_dop_operator_v3 to 2025-06-27 17:16:00+00:00, run_after=2025-06-27 17:17:00+00:00
[2025-06-27T17:16:47.196+0000] {processor.py:208} INFO - Processing /home/airflow/.local/lib/python3.12/site-packages/airflow/example_dags/example_branch_python_dop_operator_3.py took 0.073 seconds
