[2025-06-27T16:57:56.552+0000] {processor.py:186} INFO - Started process (PID=154) to work on /home/airflow/.local/lib/python3.12/site-packages/airflow/example_dags/tutorial.py
[2025-06-27T16:57:56.553+0000] {processor.py:914} INFO - Processing file /home/airflow/.local/lib/python3.12/site-packages/airflow/example_dags/tutorial.py for tasks to queue
[2025-06-27T16:57:56.555+0000] {logging_mixin.py:190} INFO - [2025-06-27T16:57:56.555+0000] {dagbag.py:588} INFO - Filling up the DagBag from /home/airflow/.local/lib/python3.12/site-packages/airflow/example_dags/tutorial.py
[2025-06-27T16:57:56.562+0000] {processor.py:925} INFO - DAG(s) 'tutorial' retrieved from /home/airflow/.local/lib/python3.12/site-packages/airflow/example_dags/tutorial.py
[2025-06-27T16:57:56.582+0000] {logging_mixin.py:190} INFO - [2025-06-27T16:57:56.581+0000] {dag.py:3239} INFO - Sync 1 DAGs
[2025-06-27T16:57:56.607+0000] {logging_mixin.py:190} INFO - [2025-06-27T16:57:56.607+0000] {dag.py:4180} INFO - Setting next_dagrun for tutorial to 2025-06-27 00:00:00+00:00, run_after=2025-06-28 00:00:00+00:00
[2025-06-27T16:57:56.623+0000] {processor.py:208} INFO - Processing /home/airflow/.local/lib/python3.12/site-packages/airflow/example_dags/tutorial.py took 0.077 seconds
[2025-06-27T16:58:26.817+0000] {processor.py:186} INFO - Started process (PID=288) to work on /home/airflow/.local/lib/python3.12/site-packages/airflow/example_dags/tutorial.py
[2025-06-27T16:58:26.819+0000] {processor.py:914} INFO - Processing file /home/airflow/.local/lib/python3.12/site-packages/airflow/example_dags/tutorial.py for tasks to queue
[2025-06-27T16:58:26.822+0000] {logging_mixin.py:190} INFO - [2025-06-27T16:58:26.821+0000] {dagbag.py:588} INFO - Filling up the DagBag from /home/airflow/.local/lib/python3.12/site-packages/airflow/example_dags/tutorial.py
[2025-06-27T16:58:26.834+0000] {processor.py:925} INFO - DAG(s) 'tutorial' retrieved from /home/airflow/.local/lib/python3.12/site-packages/airflow/example_dags/tutorial.py
[2025-06-27T16:58:26.861+0000] {logging_mixin.py:190} INFO - [2025-06-27T16:58:26.860+0000] {dag.py:3239} INFO - Sync 1 DAGs
[2025-06-27T16:58:26.890+0000] {logging_mixin.py:190} INFO - [2025-06-27T16:58:26.890+0000] {dag.py:4180} INFO - Setting next_dagrun for tutorial to 2025-06-27 00:00:00+00:00, run_after=2025-06-28 00:00:00+00:00
[2025-06-27T16:58:26.912+0000] {processor.py:208} INFO - Processing /home/airflow/.local/lib/python3.12/site-packages/airflow/example_dags/tutorial.py took 0.100 seconds
[2025-06-27T16:58:57.094+0000] {processor.py:186} INFO - Started process (PID=367) to work on /home/airflow/.local/lib/python3.12/site-packages/airflow/example_dags/tutorial.py
[2025-06-27T16:58:57.095+0000] {processor.py:914} INFO - Processing file /home/airflow/.local/lib/python3.12/site-packages/airflow/example_dags/tutorial.py for tasks to queue
[2025-06-27T16:58:57.097+0000] {logging_mixin.py:190} INFO - [2025-06-27T16:58:57.097+0000] {dagbag.py:588} INFO - Filling up the DagBag from /home/airflow/.local/lib/python3.12/site-packages/airflow/example_dags/tutorial.py
[2025-06-27T16:58:57.105+0000] {processor.py:925} INFO - DAG(s) 'tutorial' retrieved from /home/airflow/.local/lib/python3.12/site-packages/airflow/example_dags/tutorial.py
[2025-06-27T16:58:57.122+0000] {logging_mixin.py:190} INFO - [2025-06-27T16:58:57.122+0000] {dag.py:3239} INFO - Sync 1 DAGs
[2025-06-27T16:58:57.142+0000] {logging_mixin.py:190} INFO - [2025-06-27T16:58:57.141+0000] {dag.py:4180} INFO - Setting next_dagrun for tutorial to 2025-06-27 00:00:00+00:00, run_after=2025-06-28 00:00:00+00:00
[2025-06-27T16:58:57.158+0000] {processor.py:208} INFO - Processing /home/airflow/.local/lib/python3.12/site-packages/airflow/example_dags/tutorial.py took 0.069 seconds
[2025-06-27T16:59:27.787+0000] {processor.py:186} INFO - Started process (PID=436) to work on /home/airflow/.local/lib/python3.12/site-packages/airflow/example_dags/tutorial.py
[2025-06-27T16:59:27.787+0000] {processor.py:914} INFO - Processing file /home/airflow/.local/lib/python3.12/site-packages/airflow/example_dags/tutorial.py for tasks to queue
[2025-06-27T16:59:27.790+0000] {logging_mixin.py:190} INFO - [2025-06-27T16:59:27.789+0000] {dagbag.py:588} INFO - Filling up the DagBag from /home/airflow/.local/lib/python3.12/site-packages/airflow/example_dags/tutorial.py
[2025-06-27T16:59:27.797+0000] {processor.py:925} INFO - DAG(s) 'tutorial' retrieved from /home/airflow/.local/lib/python3.12/site-packages/airflow/example_dags/tutorial.py
[2025-06-27T16:59:27.814+0000] {logging_mixin.py:190} INFO - [2025-06-27T16:59:27.814+0000] {dag.py:3239} INFO - Sync 1 DAGs
[2025-06-27T16:59:27.833+0000] {logging_mixin.py:190} INFO - [2025-06-27T16:59:27.833+0000] {dag.py:4180} INFO - Setting next_dagrun for tutorial to 2025-06-27 00:00:00+00:00, run_after=2025-06-28 00:00:00+00:00
[2025-06-27T16:59:27.850+0000] {processor.py:208} INFO - Processing /home/airflow/.local/lib/python3.12/site-packages/airflow/example_dags/tutorial.py took 0.069 seconds
[2025-06-27T16:59:58.372+0000] {processor.py:186} INFO - Started process (PID=500) to work on /home/airflow/.local/lib/python3.12/site-packages/airflow/example_dags/tutorial.py
[2025-06-27T16:59:58.373+0000] {processor.py:914} INFO - Processing file /home/airflow/.local/lib/python3.12/site-packages/airflow/example_dags/tutorial.py for tasks to queue
[2025-06-27T16:59:58.375+0000] {logging_mixin.py:190} INFO - [2025-06-27T16:59:58.374+0000] {dagbag.py:588} INFO - Filling up the DagBag from /home/airflow/.local/lib/python3.12/site-packages/airflow/example_dags/tutorial.py
[2025-06-27T16:59:58.382+0000] {processor.py:925} INFO - DAG(s) 'tutorial' retrieved from /home/airflow/.local/lib/python3.12/site-packages/airflow/example_dags/tutorial.py
[2025-06-27T16:59:58.399+0000] {logging_mixin.py:190} INFO - [2025-06-27T16:59:58.399+0000] {dag.py:3239} INFO - Sync 1 DAGs
[2025-06-27T16:59:58.418+0000] {logging_mixin.py:190} INFO - [2025-06-27T16:59:58.418+0000] {dag.py:4180} INFO - Setting next_dagrun for tutorial to 2025-06-27 00:00:00+00:00, run_after=2025-06-28 00:00:00+00:00
[2025-06-27T16:59:58.435+0000] {processor.py:208} INFO - Processing /home/airflow/.local/lib/python3.12/site-packages/airflow/example_dags/tutorial.py took 0.069 seconds
[2025-06-27T17:00:28.946+0000] {processor.py:186} INFO - Started process (PID=570) to work on /home/airflow/.local/lib/python3.12/site-packages/airflow/example_dags/tutorial.py
[2025-06-27T17:00:28.947+0000] {processor.py:914} INFO - Processing file /home/airflow/.local/lib/python3.12/site-packages/airflow/example_dags/tutorial.py for tasks to queue
[2025-06-27T17:00:28.949+0000] {logging_mixin.py:190} INFO - [2025-06-27T17:00:28.948+0000] {dagbag.py:588} INFO - Filling up the DagBag from /home/airflow/.local/lib/python3.12/site-packages/airflow/example_dags/tutorial.py
[2025-06-27T17:00:28.956+0000] {processor.py:925} INFO - DAG(s) 'tutorial' retrieved from /home/airflow/.local/lib/python3.12/site-packages/airflow/example_dags/tutorial.py
[2025-06-27T17:00:28.972+0000] {logging_mixin.py:190} INFO - [2025-06-27T17:00:28.972+0000] {dag.py:3239} INFO - Sync 1 DAGs
[2025-06-27T17:00:28.992+0000] {logging_mixin.py:190} INFO - [2025-06-27T17:00:28.992+0000] {dag.py:4180} INFO - Setting next_dagrun for tutorial to 2025-06-27 00:00:00+00:00, run_after=2025-06-28 00:00:00+00:00
[2025-06-27T17:00:29.009+0000] {processor.py:208} INFO - Processing /home/airflow/.local/lib/python3.12/site-packages/airflow/example_dags/tutorial.py took 0.068 seconds
[2025-06-27T17:01:00.565+0000] {processor.py:186} INFO - Started process (PID=639) to work on /home/airflow/.local/lib/python3.12/site-packages/airflow/example_dags/tutorial.py
[2025-06-27T17:01:00.566+0000] {processor.py:914} INFO - Processing file /home/airflow/.local/lib/python3.12/site-packages/airflow/example_dags/tutorial.py for tasks to queue
[2025-06-27T17:01:00.569+0000] {logging_mixin.py:190} INFO - [2025-06-27T17:01:00.569+0000] {dagbag.py:588} INFO - Filling up the DagBag from /home/airflow/.local/lib/python3.12/site-packages/airflow/example_dags/tutorial.py
[2025-06-27T17:01:00.580+0000] {processor.py:925} INFO - DAG(s) 'tutorial' retrieved from /home/airflow/.local/lib/python3.12/site-packages/airflow/example_dags/tutorial.py
[2025-06-27T17:01:00.607+0000] {logging_mixin.py:190} INFO - [2025-06-27T17:01:00.606+0000] {dag.py:3239} INFO - Sync 1 DAGs
[2025-06-27T17:01:00.643+0000] {logging_mixin.py:190} INFO - [2025-06-27T17:01:00.643+0000] {dag.py:4180} INFO - Setting next_dagrun for tutorial to 2025-06-27 00:00:00+00:00, run_after=2025-06-28 00:00:00+00:00
[2025-06-27T17:01:00.668+0000] {processor.py:208} INFO - Processing /home/airflow/.local/lib/python3.12/site-packages/airflow/example_dags/tutorial.py took 0.111 seconds
[2025-06-27T17:01:33.441+0000] {processor.py:186} INFO - Started process (PID=703) to work on /home/airflow/.local/lib/python3.12/site-packages/airflow/example_dags/tutorial.py
[2025-06-27T17:01:33.442+0000] {processor.py:914} INFO - Processing file /home/airflow/.local/lib/python3.12/site-packages/airflow/example_dags/tutorial.py for tasks to queue
[2025-06-27T17:01:33.444+0000] {logging_mixin.py:190} INFO - [2025-06-27T17:01:33.444+0000] {dagbag.py:588} INFO - Filling up the DagBag from /home/airflow/.local/lib/python3.12/site-packages/airflow/example_dags/tutorial.py
[2025-06-27T17:01:33.452+0000] {processor.py:925} INFO - DAG(s) 'tutorial' retrieved from /home/airflow/.local/lib/python3.12/site-packages/airflow/example_dags/tutorial.py
[2025-06-27T17:01:33.471+0000] {logging_mixin.py:190} INFO - [2025-06-27T17:01:33.471+0000] {dag.py:3239} INFO - Sync 1 DAGs
[2025-06-27T17:01:33.499+0000] {logging_mixin.py:190} INFO - [2025-06-27T17:01:33.499+0000] {dag.py:4180} INFO - Setting next_dagrun for tutorial to 2025-06-27 00:00:00+00:00, run_after=2025-06-28 00:00:00+00:00
[2025-06-27T17:01:33.520+0000] {processor.py:208} INFO - Processing /home/airflow/.local/lib/python3.12/site-packages/airflow/example_dags/tutorial.py took 0.085 seconds
[2025-06-27T17:02:04.665+0000] {processor.py:186} INFO - Started process (PID=773) to work on /home/airflow/.local/lib/python3.12/site-packages/airflow/example_dags/tutorial.py
[2025-06-27T17:02:04.666+0000] {processor.py:914} INFO - Processing file /home/airflow/.local/lib/python3.12/site-packages/airflow/example_dags/tutorial.py for tasks to queue
[2025-06-27T17:02:04.668+0000] {logging_mixin.py:190} INFO - [2025-06-27T17:02:04.668+0000] {dagbag.py:588} INFO - Filling up the DagBag from /home/airflow/.local/lib/python3.12/site-packages/airflow/example_dags/tutorial.py
[2025-06-27T17:02:04.676+0000] {processor.py:925} INFO - DAG(s) 'tutorial' retrieved from /home/airflow/.local/lib/python3.12/site-packages/airflow/example_dags/tutorial.py
[2025-06-27T17:02:04.693+0000] {logging_mixin.py:190} INFO - [2025-06-27T17:02:04.693+0000] {dag.py:3239} INFO - Sync 1 DAGs
[2025-06-27T17:02:04.713+0000] {logging_mixin.py:190} INFO - [2025-06-27T17:02:04.713+0000] {dag.py:4180} INFO - Setting next_dagrun for tutorial to 2025-06-27 00:00:00+00:00, run_after=2025-06-28 00:00:00+00:00
[2025-06-27T17:02:04.732+0000] {processor.py:208} INFO - Processing /home/airflow/.local/lib/python3.12/site-packages/airflow/example_dags/tutorial.py took 0.072 seconds
[2025-06-27T17:02:35.356+0000] {processor.py:186} INFO - Started process (PID=837) to work on /home/airflow/.local/lib/python3.12/site-packages/airflow/example_dags/tutorial.py
[2025-06-27T17:02:35.357+0000] {processor.py:914} INFO - Processing file /home/airflow/.local/lib/python3.12/site-packages/airflow/example_dags/tutorial.py for tasks to queue
[2025-06-27T17:02:35.359+0000] {logging_mixin.py:190} INFO - [2025-06-27T17:02:35.358+0000] {dagbag.py:588} INFO - Filling up the DagBag from /home/airflow/.local/lib/python3.12/site-packages/airflow/example_dags/tutorial.py
[2025-06-27T17:02:35.366+0000] {processor.py:925} INFO - DAG(s) 'tutorial' retrieved from /home/airflow/.local/lib/python3.12/site-packages/airflow/example_dags/tutorial.py
[2025-06-27T17:02:35.383+0000] {logging_mixin.py:190} INFO - [2025-06-27T17:02:35.383+0000] {dag.py:3239} INFO - Sync 1 DAGs
[2025-06-27T17:02:35.404+0000] {logging_mixin.py:190} INFO - [2025-06-27T17:02:35.404+0000] {dag.py:4180} INFO - Setting next_dagrun for tutorial to 2025-06-27 00:00:00+00:00, run_after=2025-06-28 00:00:00+00:00
[2025-06-27T17:02:35.419+0000] {processor.py:208} INFO - Processing /home/airflow/.local/lib/python3.12/site-packages/airflow/example_dags/tutorial.py took 0.069 seconds
[2025-06-27T17:03:05.904+0000] {processor.py:186} INFO - Started process (PID=906) to work on /home/airflow/.local/lib/python3.12/site-packages/airflow/example_dags/tutorial.py
[2025-06-27T17:03:05.905+0000] {processor.py:914} INFO - Processing file /home/airflow/.local/lib/python3.12/site-packages/airflow/example_dags/tutorial.py for tasks to queue
[2025-06-27T17:03:05.907+0000] {logging_mixin.py:190} INFO - [2025-06-27T17:03:05.907+0000] {dagbag.py:588} INFO - Filling up the DagBag from /home/airflow/.local/lib/python3.12/site-packages/airflow/example_dags/tutorial.py
[2025-06-27T17:03:05.917+0000] {processor.py:925} INFO - DAG(s) 'tutorial' retrieved from /home/airflow/.local/lib/python3.12/site-packages/airflow/example_dags/tutorial.py
[2025-06-27T17:03:05.937+0000] {logging_mixin.py:190} INFO - [2025-06-27T17:03:05.937+0000] {dag.py:3239} INFO - Sync 1 DAGs
[2025-06-27T17:03:05.965+0000] {logging_mixin.py:190} INFO - [2025-06-27T17:03:05.965+0000] {dag.py:4180} INFO - Setting next_dagrun for tutorial to 2025-06-27 00:00:00+00:00, run_after=2025-06-28 00:00:00+00:00
[2025-06-27T17:03:05.984+0000] {processor.py:208} INFO - Processing /home/airflow/.local/lib/python3.12/site-packages/airflow/example_dags/tutorial.py took 0.088 seconds
[2025-06-27T17:03:36.217+0000] {processor.py:186} INFO - Started process (PID=970) to work on /home/airflow/.local/lib/python3.12/site-packages/airflow/example_dags/tutorial.py
[2025-06-27T17:03:36.218+0000] {processor.py:914} INFO - Processing file /home/airflow/.local/lib/python3.12/site-packages/airflow/example_dags/tutorial.py for tasks to queue
[2025-06-27T17:03:36.220+0000] {logging_mixin.py:190} INFO - [2025-06-27T17:03:36.220+0000] {dagbag.py:588} INFO - Filling up the DagBag from /home/airflow/.local/lib/python3.12/site-packages/airflow/example_dags/tutorial.py
[2025-06-27T17:03:36.228+0000] {processor.py:925} INFO - DAG(s) 'tutorial' retrieved from /home/airflow/.local/lib/python3.12/site-packages/airflow/example_dags/tutorial.py
[2025-06-27T17:03:36.246+0000] {logging_mixin.py:190} INFO - [2025-06-27T17:03:36.246+0000] {dag.py:3239} INFO - Sync 1 DAGs
[2025-06-27T17:03:36.267+0000] {logging_mixin.py:190} INFO - [2025-06-27T17:03:36.267+0000] {dag.py:4180} INFO - Setting next_dagrun for tutorial to 2025-06-27 00:00:00+00:00, run_after=2025-06-28 00:00:00+00:00
[2025-06-27T17:03:36.284+0000] {processor.py:208} INFO - Processing /home/airflow/.local/lib/python3.12/site-packages/airflow/example_dags/tutorial.py took 0.074 seconds
[2025-06-27T17:04:06.421+0000] {processor.py:186} INFO - Started process (PID=1039) to work on /home/airflow/.local/lib/python3.12/site-packages/airflow/example_dags/tutorial.py
[2025-06-27T17:04:06.422+0000] {processor.py:914} INFO - Processing file /home/airflow/.local/lib/python3.12/site-packages/airflow/example_dags/tutorial.py for tasks to queue
[2025-06-27T17:04:06.424+0000] {logging_mixin.py:190} INFO - [2025-06-27T17:04:06.424+0000] {dagbag.py:588} INFO - Filling up the DagBag from /home/airflow/.local/lib/python3.12/site-packages/airflow/example_dags/tutorial.py
[2025-06-27T17:04:06.432+0000] {processor.py:925} INFO - DAG(s) 'tutorial' retrieved from /home/airflow/.local/lib/python3.12/site-packages/airflow/example_dags/tutorial.py
[2025-06-27T17:04:06.448+0000] {logging_mixin.py:190} INFO - [2025-06-27T17:04:06.448+0000] {dag.py:3239} INFO - Sync 1 DAGs
[2025-06-27T17:04:06.469+0000] {logging_mixin.py:190} INFO - [2025-06-27T17:04:06.468+0000] {dag.py:4180} INFO - Setting next_dagrun for tutorial to 2025-06-27 00:00:00+00:00, run_after=2025-06-28 00:00:00+00:00
[2025-06-27T17:04:06.486+0000] {processor.py:208} INFO - Processing /home/airflow/.local/lib/python3.12/site-packages/airflow/example_dags/tutorial.py took 0.071 seconds
[2025-06-27T17:04:36.944+0000] {processor.py:186} INFO - Started process (PID=1103) to work on /home/airflow/.local/lib/python3.12/site-packages/airflow/example_dags/tutorial.py
[2025-06-27T17:04:36.945+0000] {processor.py:914} INFO - Processing file /home/airflow/.local/lib/python3.12/site-packages/airflow/example_dags/tutorial.py for tasks to queue
[2025-06-27T17:04:36.947+0000] {logging_mixin.py:190} INFO - [2025-06-27T17:04:36.946+0000] {dagbag.py:588} INFO - Filling up the DagBag from /home/airflow/.local/lib/python3.12/site-packages/airflow/example_dags/tutorial.py
[2025-06-27T17:04:36.954+0000] {processor.py:925} INFO - DAG(s) 'tutorial' retrieved from /home/airflow/.local/lib/python3.12/site-packages/airflow/example_dags/tutorial.py
[2025-06-27T17:04:36.971+0000] {logging_mixin.py:190} INFO - [2025-06-27T17:04:36.971+0000] {dag.py:3239} INFO - Sync 1 DAGs
[2025-06-27T17:04:36.990+0000] {logging_mixin.py:190} INFO - [2025-06-27T17:04:36.990+0000] {dag.py:4180} INFO - Setting next_dagrun for tutorial to 2025-06-27 00:00:00+00:00, run_after=2025-06-28 00:00:00+00:00
[2025-06-27T17:04:37.007+0000] {processor.py:208} INFO - Processing /home/airflow/.local/lib/python3.12/site-packages/airflow/example_dags/tutorial.py took 0.068 seconds
[2025-06-27T17:05:07.071+0000] {processor.py:186} INFO - Started process (PID=1171) to work on /home/airflow/.local/lib/python3.12/site-packages/airflow/example_dags/tutorial.py
[2025-06-27T17:05:07.072+0000] {processor.py:914} INFO - Processing file /home/airflow/.local/lib/python3.12/site-packages/airflow/example_dags/tutorial.py for tasks to queue
[2025-06-27T17:05:07.075+0000] {logging_mixin.py:190} INFO - [2025-06-27T17:05:07.075+0000] {dagbag.py:588} INFO - Filling up the DagBag from /home/airflow/.local/lib/python3.12/site-packages/airflow/example_dags/tutorial.py
[2025-06-27T17:05:07.083+0000] {processor.py:925} INFO - DAG(s) 'tutorial' retrieved from /home/airflow/.local/lib/python3.12/site-packages/airflow/example_dags/tutorial.py
[2025-06-27T17:05:07.102+0000] {logging_mixin.py:190} INFO - [2025-06-27T17:05:07.102+0000] {dag.py:3239} INFO - Sync 1 DAGs
[2025-06-27T17:05:07.125+0000] {logging_mixin.py:190} INFO - [2025-06-27T17:05:07.125+0000] {dag.py:4180} INFO - Setting next_dagrun for tutorial to 2025-06-27 00:00:00+00:00, run_after=2025-06-28 00:00:00+00:00
[2025-06-27T17:05:07.143+0000] {processor.py:208} INFO - Processing /home/airflow/.local/lib/python3.12/site-packages/airflow/example_dags/tutorial.py took 0.078 seconds
[2025-06-27T17:05:37.290+0000] {processor.py:186} INFO - Started process (PID=1235) to work on /home/airflow/.local/lib/python3.12/site-packages/airflow/example_dags/tutorial.py
[2025-06-27T17:05:37.291+0000] {processor.py:914} INFO - Processing file /home/airflow/.local/lib/python3.12/site-packages/airflow/example_dags/tutorial.py for tasks to queue
[2025-06-27T17:05:37.293+0000] {logging_mixin.py:190} INFO - [2025-06-27T17:05:37.293+0000] {dagbag.py:588} INFO - Filling up the DagBag from /home/airflow/.local/lib/python3.12/site-packages/airflow/example_dags/tutorial.py
[2025-06-27T17:05:37.301+0000] {processor.py:925} INFO - DAG(s) 'tutorial' retrieved from /home/airflow/.local/lib/python3.12/site-packages/airflow/example_dags/tutorial.py
[2025-06-27T17:05:37.318+0000] {logging_mixin.py:190} INFO - [2025-06-27T17:05:37.318+0000] {dag.py:3239} INFO - Sync 1 DAGs
[2025-06-27T17:05:37.337+0000] {logging_mixin.py:190} INFO - [2025-06-27T17:05:37.337+0000] {dag.py:4180} INFO - Setting next_dagrun for tutorial to 2025-06-27 00:00:00+00:00, run_after=2025-06-28 00:00:00+00:00
[2025-06-27T17:05:37.354+0000] {processor.py:208} INFO - Processing /home/airflow/.local/lib/python3.12/site-packages/airflow/example_dags/tutorial.py took 0.070 seconds
[2025-06-27T17:06:07.639+0000] {processor.py:186} INFO - Started process (PID=1306) to work on /home/airflow/.local/lib/python3.12/site-packages/airflow/example_dags/tutorial.py
[2025-06-27T17:06:07.640+0000] {processor.py:914} INFO - Processing file /home/airflow/.local/lib/python3.12/site-packages/airflow/example_dags/tutorial.py for tasks to queue
[2025-06-27T17:06:07.642+0000] {logging_mixin.py:190} INFO - [2025-06-27T17:06:07.641+0000] {dagbag.py:588} INFO - Filling up the DagBag from /home/airflow/.local/lib/python3.12/site-packages/airflow/example_dags/tutorial.py
[2025-06-27T17:06:07.649+0000] {processor.py:925} INFO - DAG(s) 'tutorial' retrieved from /home/airflow/.local/lib/python3.12/site-packages/airflow/example_dags/tutorial.py
[2025-06-27T17:06:07.667+0000] {logging_mixin.py:190} INFO - [2025-06-27T17:06:07.667+0000] {dag.py:3239} INFO - Sync 1 DAGs
[2025-06-27T17:06:07.687+0000] {logging_mixin.py:190} INFO - [2025-06-27T17:06:07.687+0000] {dag.py:4180} INFO - Setting next_dagrun for tutorial to 2025-06-27 00:00:00+00:00, run_after=2025-06-28 00:00:00+00:00
[2025-06-27T17:06:07.705+0000] {processor.py:208} INFO - Processing /home/airflow/.local/lib/python3.12/site-packages/airflow/example_dags/tutorial.py took 0.071 seconds
[2025-06-27T17:06:37.747+0000] {processor.py:186} INFO - Started process (PID=1369) to work on /home/airflow/.local/lib/python3.12/site-packages/airflow/example_dags/tutorial.py
[2025-06-27T17:06:37.748+0000] {processor.py:914} INFO - Processing file /home/airflow/.local/lib/python3.12/site-packages/airflow/example_dags/tutorial.py for tasks to queue
[2025-06-27T17:06:37.751+0000] {logging_mixin.py:190} INFO - [2025-06-27T17:06:37.750+0000] {dagbag.py:588} INFO - Filling up the DagBag from /home/airflow/.local/lib/python3.12/site-packages/airflow/example_dags/tutorial.py
[2025-06-27T17:06:37.758+0000] {processor.py:925} INFO - DAG(s) 'tutorial' retrieved from /home/airflow/.local/lib/python3.12/site-packages/airflow/example_dags/tutorial.py
[2025-06-27T17:06:37.775+0000] {logging_mixin.py:190} INFO - [2025-06-27T17:06:37.774+0000] {dag.py:3239} INFO - Sync 1 DAGs
[2025-06-27T17:06:37.796+0000] {logging_mixin.py:190} INFO - [2025-06-27T17:06:37.795+0000] {dag.py:4180} INFO - Setting next_dagrun for tutorial to 2025-06-27 00:00:00+00:00, run_after=2025-06-28 00:00:00+00:00
[2025-06-27T17:06:37.814+0000] {processor.py:208} INFO - Processing /home/airflow/.local/lib/python3.12/site-packages/airflow/example_dags/tutorial.py took 0.072 seconds
[2025-06-27T17:07:08.005+0000] {processor.py:186} INFO - Started process (PID=1438) to work on /home/airflow/.local/lib/python3.12/site-packages/airflow/example_dags/tutorial.py
[2025-06-27T17:07:08.006+0000] {processor.py:914} INFO - Processing file /home/airflow/.local/lib/python3.12/site-packages/airflow/example_dags/tutorial.py for tasks to queue
[2025-06-27T17:07:08.009+0000] {logging_mixin.py:190} INFO - [2025-06-27T17:07:08.009+0000] {dagbag.py:588} INFO - Filling up the DagBag from /home/airflow/.local/lib/python3.12/site-packages/airflow/example_dags/tutorial.py
[2025-06-27T17:07:08.017+0000] {processor.py:925} INFO - DAG(s) 'tutorial' retrieved from /home/airflow/.local/lib/python3.12/site-packages/airflow/example_dags/tutorial.py
[2025-06-27T17:07:08.035+0000] {logging_mixin.py:190} INFO - [2025-06-27T17:07:08.035+0000] {dag.py:3239} INFO - Sync 1 DAGs
[2025-06-27T17:07:08.058+0000] {logging_mixin.py:190} INFO - [2025-06-27T17:07:08.057+0000] {dag.py:4180} INFO - Setting next_dagrun for tutorial to 2025-06-27 00:00:00+00:00, run_after=2025-06-28 00:00:00+00:00
[2025-06-27T17:07:08.077+0000] {processor.py:208} INFO - Processing /home/airflow/.local/lib/python3.12/site-packages/airflow/example_dags/tutorial.py took 0.077 seconds
[2025-06-27T17:07:38.725+0000] {processor.py:186} INFO - Started process (PID=1502) to work on /home/airflow/.local/lib/python3.12/site-packages/airflow/example_dags/tutorial.py
[2025-06-27T17:07:38.726+0000] {processor.py:914} INFO - Processing file /home/airflow/.local/lib/python3.12/site-packages/airflow/example_dags/tutorial.py for tasks to queue
[2025-06-27T17:07:38.728+0000] {logging_mixin.py:190} INFO - [2025-06-27T17:07:38.728+0000] {dagbag.py:588} INFO - Filling up the DagBag from /home/airflow/.local/lib/python3.12/site-packages/airflow/example_dags/tutorial.py
[2025-06-27T17:07:38.736+0000] {processor.py:925} INFO - DAG(s) 'tutorial' retrieved from /home/airflow/.local/lib/python3.12/site-packages/airflow/example_dags/tutorial.py
[2025-06-27T17:07:38.753+0000] {logging_mixin.py:190} INFO - [2025-06-27T17:07:38.752+0000] {dag.py:3239} INFO - Sync 1 DAGs
[2025-06-27T17:07:38.776+0000] {logging_mixin.py:190} INFO - [2025-06-27T17:07:38.775+0000] {dag.py:4180} INFO - Setting next_dagrun for tutorial to 2025-06-27 00:00:00+00:00, run_after=2025-06-28 00:00:00+00:00
[2025-06-27T17:07:38.793+0000] {processor.py:208} INFO - Processing /home/airflow/.local/lib/python3.12/site-packages/airflow/example_dags/tutorial.py took 0.073 seconds
[2025-06-27T17:08:09.426+0000] {processor.py:186} INFO - Started process (PID=1572) to work on /home/airflow/.local/lib/python3.12/site-packages/airflow/example_dags/tutorial.py
[2025-06-27T17:08:09.427+0000] {processor.py:914} INFO - Processing file /home/airflow/.local/lib/python3.12/site-packages/airflow/example_dags/tutorial.py for tasks to queue
[2025-06-27T17:08:09.430+0000] {logging_mixin.py:190} INFO - [2025-06-27T17:08:09.429+0000] {dagbag.py:588} INFO - Filling up the DagBag from /home/airflow/.local/lib/python3.12/site-packages/airflow/example_dags/tutorial.py
[2025-06-27T17:08:09.437+0000] {processor.py:925} INFO - DAG(s) 'tutorial' retrieved from /home/airflow/.local/lib/python3.12/site-packages/airflow/example_dags/tutorial.py
[2025-06-27T17:08:09.454+0000] {logging_mixin.py:190} INFO - [2025-06-27T17:08:09.453+0000] {dag.py:3239} INFO - Sync 1 DAGs
[2025-06-27T17:08:09.474+0000] {logging_mixin.py:190} INFO - [2025-06-27T17:08:09.474+0000] {dag.py:4180} INFO - Setting next_dagrun for tutorial to 2025-06-27 00:00:00+00:00, run_after=2025-06-28 00:00:00+00:00
[2025-06-27T17:08:09.491+0000] {processor.py:208} INFO - Processing /home/airflow/.local/lib/python3.12/site-packages/airflow/example_dags/tutorial.py took 0.071 seconds
[2025-06-27T17:08:39.670+0000] {processor.py:186} INFO - Started process (PID=1636) to work on /home/airflow/.local/lib/python3.12/site-packages/airflow/example_dags/tutorial.py
[2025-06-27T17:08:39.671+0000] {processor.py:914} INFO - Processing file /home/airflow/.local/lib/python3.12/site-packages/airflow/example_dags/tutorial.py for tasks to queue
[2025-06-27T17:08:39.673+0000] {logging_mixin.py:190} INFO - [2025-06-27T17:08:39.673+0000] {dagbag.py:588} INFO - Filling up the DagBag from /home/airflow/.local/lib/python3.12/site-packages/airflow/example_dags/tutorial.py
[2025-06-27T17:08:39.681+0000] {processor.py:925} INFO - DAG(s) 'tutorial' retrieved from /home/airflow/.local/lib/python3.12/site-packages/airflow/example_dags/tutorial.py
[2025-06-27T17:08:39.698+0000] {logging_mixin.py:190} INFO - [2025-06-27T17:08:39.698+0000] {dag.py:3239} INFO - Sync 1 DAGs
[2025-06-27T17:08:39.718+0000] {logging_mixin.py:190} INFO - [2025-06-27T17:08:39.718+0000] {dag.py:4180} INFO - Setting next_dagrun for tutorial to 2025-06-27 00:00:00+00:00, run_after=2025-06-28 00:00:00+00:00
[2025-06-27T17:08:39.734+0000] {processor.py:208} INFO - Processing /home/airflow/.local/lib/python3.12/site-packages/airflow/example_dags/tutorial.py took 0.069 seconds
[2025-06-27T17:09:10.294+0000] {processor.py:186} INFO - Started process (PID=1706) to work on /home/airflow/.local/lib/python3.12/site-packages/airflow/example_dags/tutorial.py
[2025-06-27T17:09:10.295+0000] {processor.py:914} INFO - Processing file /home/airflow/.local/lib/python3.12/site-packages/airflow/example_dags/tutorial.py for tasks to queue
[2025-06-27T17:09:10.297+0000] {logging_mixin.py:190} INFO - [2025-06-27T17:09:10.296+0000] {dagbag.py:588} INFO - Filling up the DagBag from /home/airflow/.local/lib/python3.12/site-packages/airflow/example_dags/tutorial.py
[2025-06-27T17:09:10.305+0000] {processor.py:925} INFO - DAG(s) 'tutorial' retrieved from /home/airflow/.local/lib/python3.12/site-packages/airflow/example_dags/tutorial.py
[2025-06-27T17:09:10.323+0000] {logging_mixin.py:190} INFO - [2025-06-27T17:09:10.323+0000] {dag.py:3239} INFO - Sync 1 DAGs
[2025-06-27T17:09:10.344+0000] {logging_mixin.py:190} INFO - [2025-06-27T17:09:10.344+0000] {dag.py:4180} INFO - Setting next_dagrun for tutorial to 2025-06-27 00:00:00+00:00, run_after=2025-06-28 00:00:00+00:00
[2025-06-27T17:09:10.362+0000] {processor.py:208} INFO - Processing /home/airflow/.local/lib/python3.12/site-packages/airflow/example_dags/tutorial.py took 0.074 seconds
[2025-06-27T17:09:40.534+0000] {processor.py:186} INFO - Started process (PID=1770) to work on /home/airflow/.local/lib/python3.12/site-packages/airflow/example_dags/tutorial.py
[2025-06-27T17:09:40.535+0000] {processor.py:914} INFO - Processing file /home/airflow/.local/lib/python3.12/site-packages/airflow/example_dags/tutorial.py for tasks to queue
[2025-06-27T17:09:40.537+0000] {logging_mixin.py:190} INFO - [2025-06-27T17:09:40.537+0000] {dagbag.py:588} INFO - Filling up the DagBag from /home/airflow/.local/lib/python3.12/site-packages/airflow/example_dags/tutorial.py
[2025-06-27T17:09:40.544+0000] {processor.py:925} INFO - DAG(s) 'tutorial' retrieved from /home/airflow/.local/lib/python3.12/site-packages/airflow/example_dags/tutorial.py
[2025-06-27T17:09:40.561+0000] {logging_mixin.py:190} INFO - [2025-06-27T17:09:40.561+0000] {dag.py:3239} INFO - Sync 1 DAGs
[2025-06-27T17:09:40.582+0000] {logging_mixin.py:190} INFO - [2025-06-27T17:09:40.582+0000] {dag.py:4180} INFO - Setting next_dagrun for tutorial to 2025-06-27 00:00:00+00:00, run_after=2025-06-28 00:00:00+00:00
[2025-06-27T17:09:40.598+0000] {processor.py:208} INFO - Processing /home/airflow/.local/lib/python3.12/site-packages/airflow/example_dags/tutorial.py took 0.070 seconds
[2025-06-27T17:10:11.194+0000] {processor.py:186} INFO - Started process (PID=1840) to work on /home/airflow/.local/lib/python3.12/site-packages/airflow/example_dags/tutorial.py
[2025-06-27T17:10:11.195+0000] {processor.py:914} INFO - Processing file /home/airflow/.local/lib/python3.12/site-packages/airflow/example_dags/tutorial.py for tasks to queue
[2025-06-27T17:10:11.198+0000] {logging_mixin.py:190} INFO - [2025-06-27T17:10:11.197+0000] {dagbag.py:588} INFO - Filling up the DagBag from /home/airflow/.local/lib/python3.12/site-packages/airflow/example_dags/tutorial.py
[2025-06-27T17:10:11.207+0000] {processor.py:925} INFO - DAG(s) 'tutorial' retrieved from /home/airflow/.local/lib/python3.12/site-packages/airflow/example_dags/tutorial.py
[2025-06-27T17:10:11.227+0000] {logging_mixin.py:190} INFO - [2025-06-27T17:10:11.227+0000] {dag.py:3239} INFO - Sync 1 DAGs
[2025-06-27T17:10:11.249+0000] {logging_mixin.py:190} INFO - [2025-06-27T17:10:11.249+0000] {dag.py:4180} INFO - Setting next_dagrun for tutorial to 2025-06-27 00:00:00+00:00, run_after=2025-06-28 00:00:00+00:00
[2025-06-27T17:10:11.266+0000] {processor.py:208} INFO - Processing /home/airflow/.local/lib/python3.12/site-packages/airflow/example_dags/tutorial.py took 0.077 seconds
[2025-06-27T17:10:41.578+0000] {processor.py:186} INFO - Started process (PID=1904) to work on /home/airflow/.local/lib/python3.12/site-packages/airflow/example_dags/tutorial.py
[2025-06-27T17:10:41.579+0000] {processor.py:914} INFO - Processing file /home/airflow/.local/lib/python3.12/site-packages/airflow/example_dags/tutorial.py for tasks to queue
[2025-06-27T17:10:41.582+0000] {logging_mixin.py:190} INFO - [2025-06-27T17:10:41.581+0000] {dagbag.py:588} INFO - Filling up the DagBag from /home/airflow/.local/lib/python3.12/site-packages/airflow/example_dags/tutorial.py
[2025-06-27T17:10:41.589+0000] {processor.py:925} INFO - DAG(s) 'tutorial' retrieved from /home/airflow/.local/lib/python3.12/site-packages/airflow/example_dags/tutorial.py
[2025-06-27T17:10:41.607+0000] {logging_mixin.py:190} INFO - [2025-06-27T17:10:41.607+0000] {dag.py:3239} INFO - Sync 1 DAGs
[2025-06-27T17:10:41.629+0000] {logging_mixin.py:190} INFO - [2025-06-27T17:10:41.629+0000] {dag.py:4180} INFO - Setting next_dagrun for tutorial to 2025-06-27 00:00:00+00:00, run_after=2025-06-28 00:00:00+00:00
[2025-06-27T17:10:41.647+0000] {processor.py:208} INFO - Processing /home/airflow/.local/lib/python3.12/site-packages/airflow/example_dags/tutorial.py took 0.074 seconds
[2025-06-27T17:11:12.088+0000] {processor.py:186} INFO - Started process (PID=1973) to work on /home/airflow/.local/lib/python3.12/site-packages/airflow/example_dags/tutorial.py
[2025-06-27T17:11:12.090+0000] {processor.py:914} INFO - Processing file /home/airflow/.local/lib/python3.12/site-packages/airflow/example_dags/tutorial.py for tasks to queue
[2025-06-27T17:11:12.092+0000] {logging_mixin.py:190} INFO - [2025-06-27T17:11:12.091+0000] {dagbag.py:588} INFO - Filling up the DagBag from /home/airflow/.local/lib/python3.12/site-packages/airflow/example_dags/tutorial.py
[2025-06-27T17:11:12.099+0000] {processor.py:925} INFO - DAG(s) 'tutorial' retrieved from /home/airflow/.local/lib/python3.12/site-packages/airflow/example_dags/tutorial.py
[2025-06-27T17:11:12.116+0000] {logging_mixin.py:190} INFO - [2025-06-27T17:11:12.116+0000] {dag.py:3239} INFO - Sync 1 DAGs
[2025-06-27T17:11:12.136+0000] {logging_mixin.py:190} INFO - [2025-06-27T17:11:12.136+0000] {dag.py:4180} INFO - Setting next_dagrun for tutorial to 2025-06-27 00:00:00+00:00, run_after=2025-06-28 00:00:00+00:00
[2025-06-27T17:11:12.154+0000] {processor.py:208} INFO - Processing /home/airflow/.local/lib/python3.12/site-packages/airflow/example_dags/tutorial.py took 0.071 seconds
[2025-06-27T17:11:42.279+0000] {processor.py:186} INFO - Started process (PID=2037) to work on /home/airflow/.local/lib/python3.12/site-packages/airflow/example_dags/tutorial.py
[2025-06-27T17:11:42.281+0000] {processor.py:914} INFO - Processing file /home/airflow/.local/lib/python3.12/site-packages/airflow/example_dags/tutorial.py for tasks to queue
[2025-06-27T17:11:42.284+0000] {logging_mixin.py:190} INFO - [2025-06-27T17:11:42.284+0000] {dagbag.py:588} INFO - Filling up the DagBag from /home/airflow/.local/lib/python3.12/site-packages/airflow/example_dags/tutorial.py
[2025-06-27T17:11:42.296+0000] {processor.py:925} INFO - DAG(s) 'tutorial' retrieved from /home/airflow/.local/lib/python3.12/site-packages/airflow/example_dags/tutorial.py
[2025-06-27T17:11:42.321+0000] {logging_mixin.py:190} INFO - [2025-06-27T17:11:42.320+0000] {dag.py:3239} INFO - Sync 1 DAGs
[2025-06-27T17:11:42.345+0000] {logging_mixin.py:190} INFO - [2025-06-27T17:11:42.345+0000] {dag.py:4180} INFO - Setting next_dagrun for tutorial to 2025-06-27 00:00:00+00:00, run_after=2025-06-28 00:00:00+00:00
[2025-06-27T17:11:42.371+0000] {processor.py:208} INFO - Processing /home/airflow/.local/lib/python3.12/site-packages/airflow/example_dags/tutorial.py took 0.101 seconds
[2025-06-27T17:12:12.644+0000] {processor.py:186} INFO - Started process (PID=2106) to work on /home/airflow/.local/lib/python3.12/site-packages/airflow/example_dags/tutorial.py
[2025-06-27T17:12:12.645+0000] {processor.py:914} INFO - Processing file /home/airflow/.local/lib/python3.12/site-packages/airflow/example_dags/tutorial.py for tasks to queue
[2025-06-27T17:12:12.648+0000] {logging_mixin.py:190} INFO - [2025-06-27T17:12:12.648+0000] {dagbag.py:588} INFO - Filling up the DagBag from /home/airflow/.local/lib/python3.12/site-packages/airflow/example_dags/tutorial.py
[2025-06-27T17:12:12.656+0000] {processor.py:925} INFO - DAG(s) 'tutorial' retrieved from /home/airflow/.local/lib/python3.12/site-packages/airflow/example_dags/tutorial.py
[2025-06-27T17:12:12.675+0000] {logging_mixin.py:190} INFO - [2025-06-27T17:12:12.675+0000] {dag.py:3239} INFO - Sync 1 DAGs
[2025-06-27T17:12:12.697+0000] {logging_mixin.py:190} INFO - [2025-06-27T17:12:12.696+0000] {dag.py:4180} INFO - Setting next_dagrun for tutorial to 2025-06-27 00:00:00+00:00, run_after=2025-06-28 00:00:00+00:00
[2025-06-27T17:12:12.715+0000] {processor.py:208} INFO - Processing /home/airflow/.local/lib/python3.12/site-packages/airflow/example_dags/tutorial.py took 0.077 seconds
[2025-06-27T17:12:42.872+0000] {processor.py:186} INFO - Started process (PID=2170) to work on /home/airflow/.local/lib/python3.12/site-packages/airflow/example_dags/tutorial.py
[2025-06-27T17:12:42.873+0000] {processor.py:914} INFO - Processing file /home/airflow/.local/lib/python3.12/site-packages/airflow/example_dags/tutorial.py for tasks to queue
[2025-06-27T17:12:42.875+0000] {logging_mixin.py:190} INFO - [2025-06-27T17:12:42.875+0000] {dagbag.py:588} INFO - Filling up the DagBag from /home/airflow/.local/lib/python3.12/site-packages/airflow/example_dags/tutorial.py
[2025-06-27T17:12:42.883+0000] {processor.py:925} INFO - DAG(s) 'tutorial' retrieved from /home/airflow/.local/lib/python3.12/site-packages/airflow/example_dags/tutorial.py
[2025-06-27T17:12:42.901+0000] {logging_mixin.py:190} INFO - [2025-06-27T17:12:42.901+0000] {dag.py:3239} INFO - Sync 1 DAGs
[2025-06-27T17:12:42.920+0000] {logging_mixin.py:190} INFO - [2025-06-27T17:12:42.920+0000] {dag.py:4180} INFO - Setting next_dagrun for tutorial to 2025-06-27 00:00:00+00:00, run_after=2025-06-28 00:00:00+00:00
[2025-06-27T17:12:42.937+0000] {processor.py:208} INFO - Processing /home/airflow/.local/lib/python3.12/site-packages/airflow/example_dags/tutorial.py took 0.070 seconds
[2025-06-27T17:13:13.215+0000] {processor.py:186} INFO - Started process (PID=2239) to work on /home/airflow/.local/lib/python3.12/site-packages/airflow/example_dags/tutorial.py
[2025-06-27T17:13:13.216+0000] {processor.py:914} INFO - Processing file /home/airflow/.local/lib/python3.12/site-packages/airflow/example_dags/tutorial.py for tasks to queue
[2025-06-27T17:13:13.218+0000] {logging_mixin.py:190} INFO - [2025-06-27T17:13:13.218+0000] {dagbag.py:588} INFO - Filling up the DagBag from /home/airflow/.local/lib/python3.12/site-packages/airflow/example_dags/tutorial.py
[2025-06-27T17:13:13.226+0000] {processor.py:925} INFO - DAG(s) 'tutorial' retrieved from /home/airflow/.local/lib/python3.12/site-packages/airflow/example_dags/tutorial.py
[2025-06-27T17:13:13.243+0000] {logging_mixin.py:190} INFO - [2025-06-27T17:13:13.243+0000] {dag.py:3239} INFO - Sync 1 DAGs
[2025-06-27T17:13:13.263+0000] {logging_mixin.py:190} INFO - [2025-06-27T17:13:13.262+0000] {dag.py:4180} INFO - Setting next_dagrun for tutorial to 2025-06-27 00:00:00+00:00, run_after=2025-06-28 00:00:00+00:00
[2025-06-27T17:13:13.280+0000] {processor.py:208} INFO - Processing /home/airflow/.local/lib/python3.12/site-packages/airflow/example_dags/tutorial.py took 0.070 seconds
[2025-06-27T17:13:44.242+0000] {processor.py:186} INFO - Started process (PID=2303) to work on /home/airflow/.local/lib/python3.12/site-packages/airflow/example_dags/tutorial.py
[2025-06-27T17:13:44.243+0000] {processor.py:914} INFO - Processing file /home/airflow/.local/lib/python3.12/site-packages/airflow/example_dags/tutorial.py for tasks to queue
[2025-06-27T17:13:44.246+0000] {logging_mixin.py:190} INFO - [2025-06-27T17:13:44.245+0000] {dagbag.py:588} INFO - Filling up the DagBag from /home/airflow/.local/lib/python3.12/site-packages/airflow/example_dags/tutorial.py
[2025-06-27T17:13:44.253+0000] {processor.py:925} INFO - DAG(s) 'tutorial' retrieved from /home/airflow/.local/lib/python3.12/site-packages/airflow/example_dags/tutorial.py
[2025-06-27T17:13:44.272+0000] {logging_mixin.py:190} INFO - [2025-06-27T17:13:44.271+0000] {dag.py:3239} INFO - Sync 1 DAGs
[2025-06-27T17:13:44.292+0000] {logging_mixin.py:190} INFO - [2025-06-27T17:13:44.292+0000] {dag.py:4180} INFO - Setting next_dagrun for tutorial to 2025-06-27 00:00:00+00:00, run_after=2025-06-28 00:00:00+00:00
[2025-06-27T17:13:44.309+0000] {processor.py:208} INFO - Processing /home/airflow/.local/lib/python3.12/site-packages/airflow/example_dags/tutorial.py took 0.072 seconds
[2025-06-27T17:14:14.492+0000] {processor.py:186} INFO - Started process (PID=2373) to work on /home/airflow/.local/lib/python3.12/site-packages/airflow/example_dags/tutorial.py
[2025-06-27T17:14:14.492+0000] {processor.py:914} INFO - Processing file /home/airflow/.local/lib/python3.12/site-packages/airflow/example_dags/tutorial.py for tasks to queue
[2025-06-27T17:14:14.496+0000] {logging_mixin.py:190} INFO - [2025-06-27T17:14:14.496+0000] {dagbag.py:588} INFO - Filling up the DagBag from /home/airflow/.local/lib/python3.12/site-packages/airflow/example_dags/tutorial.py
[2025-06-27T17:14:14.504+0000] {processor.py:925} INFO - DAG(s) 'tutorial' retrieved from /home/airflow/.local/lib/python3.12/site-packages/airflow/example_dags/tutorial.py
[2025-06-27T17:14:14.520+0000] {logging_mixin.py:190} INFO - [2025-06-27T17:14:14.520+0000] {dag.py:3239} INFO - Sync 1 DAGs
[2025-06-27T17:14:14.541+0000] {logging_mixin.py:190} INFO - [2025-06-27T17:14:14.541+0000] {dag.py:4180} INFO - Setting next_dagrun for tutorial to 2025-06-27 00:00:00+00:00, run_after=2025-06-28 00:00:00+00:00
[2025-06-27T17:14:14.558+0000] {processor.py:208} INFO - Processing /home/airflow/.local/lib/python3.12/site-packages/airflow/example_dags/tutorial.py took 0.072 seconds
[2025-06-27T17:14:45.119+0000] {processor.py:186} INFO - Started process (PID=2437) to work on /home/airflow/.local/lib/python3.12/site-packages/airflow/example_dags/tutorial.py
[2025-06-27T17:14:45.120+0000] {processor.py:914} INFO - Processing file /home/airflow/.local/lib/python3.12/site-packages/airflow/example_dags/tutorial.py for tasks to queue
[2025-06-27T17:14:45.122+0000] {logging_mixin.py:190} INFO - [2025-06-27T17:14:45.122+0000] {dagbag.py:588} INFO - Filling up the DagBag from /home/airflow/.local/lib/python3.12/site-packages/airflow/example_dags/tutorial.py
[2025-06-27T17:14:45.130+0000] {processor.py:925} INFO - DAG(s) 'tutorial' retrieved from /home/airflow/.local/lib/python3.12/site-packages/airflow/example_dags/tutorial.py
[2025-06-27T17:14:45.148+0000] {logging_mixin.py:190} INFO - [2025-06-27T17:14:45.148+0000] {dag.py:3239} INFO - Sync 1 DAGs
[2025-06-27T17:14:45.170+0000] {logging_mixin.py:190} INFO - [2025-06-27T17:14:45.169+0000] {dag.py:4180} INFO - Setting next_dagrun for tutorial to 2025-06-27 00:00:00+00:00, run_after=2025-06-28 00:00:00+00:00
[2025-06-27T17:14:45.188+0000] {processor.py:208} INFO - Processing /home/airflow/.local/lib/python3.12/site-packages/airflow/example_dags/tutorial.py took 0.074 seconds
[2025-06-27T17:15:16.007+0000] {processor.py:186} INFO - Started process (PID=2506) to work on /home/airflow/.local/lib/python3.12/site-packages/airflow/example_dags/tutorial.py
[2025-06-27T17:15:16.008+0000] {processor.py:914} INFO - Processing file /home/airflow/.local/lib/python3.12/site-packages/airflow/example_dags/tutorial.py for tasks to queue
[2025-06-27T17:15:16.011+0000] {logging_mixin.py:190} INFO - [2025-06-27T17:15:16.010+0000] {dagbag.py:588} INFO - Filling up the DagBag from /home/airflow/.local/lib/python3.12/site-packages/airflow/example_dags/tutorial.py
[2025-06-27T17:15:16.018+0000] {processor.py:925} INFO - DAG(s) 'tutorial' retrieved from /home/airflow/.local/lib/python3.12/site-packages/airflow/example_dags/tutorial.py
[2025-06-27T17:15:16.035+0000] {logging_mixin.py:190} INFO - [2025-06-27T17:15:16.035+0000] {dag.py:3239} INFO - Sync 1 DAGs
[2025-06-27T17:15:16.056+0000] {logging_mixin.py:190} INFO - [2025-06-27T17:15:16.056+0000] {dag.py:4180} INFO - Setting next_dagrun for tutorial to 2025-06-27 00:00:00+00:00, run_after=2025-06-28 00:00:00+00:00
[2025-06-27T17:15:16.074+0000] {processor.py:208} INFO - Processing /home/airflow/.local/lib/python3.12/site-packages/airflow/example_dags/tutorial.py took 0.073 seconds
[2025-06-27T17:15:46.628+0000] {processor.py:186} INFO - Started process (PID=2570) to work on /home/airflow/.local/lib/python3.12/site-packages/airflow/example_dags/tutorial.py
[2025-06-27T17:15:46.632+0000] {processor.py:914} INFO - Processing file /home/airflow/.local/lib/python3.12/site-packages/airflow/example_dags/tutorial.py for tasks to queue
[2025-06-27T17:15:46.635+0000] {logging_mixin.py:190} INFO - [2025-06-27T17:15:46.634+0000] {dagbag.py:588} INFO - Filling up the DagBag from /home/airflow/.local/lib/python3.12/site-packages/airflow/example_dags/tutorial.py
[2025-06-27T17:15:46.644+0000] {processor.py:925} INFO - DAG(s) 'tutorial' retrieved from /home/airflow/.local/lib/python3.12/site-packages/airflow/example_dags/tutorial.py
[2025-06-27T17:15:46.663+0000] {logging_mixin.py:190} INFO - [2025-06-27T17:15:46.663+0000] {dag.py:3239} INFO - Sync 1 DAGs
[2025-06-27T17:15:46.692+0000] {logging_mixin.py:190} INFO - [2025-06-27T17:15:46.691+0000] {dag.py:4180} INFO - Setting next_dagrun for tutorial to 2025-06-27 00:00:00+00:00, run_after=2025-06-28 00:00:00+00:00
[2025-06-27T17:15:46.718+0000] {processor.py:208} INFO - Processing /home/airflow/.local/lib/python3.12/site-packages/airflow/example_dags/tutorial.py took 0.096 seconds
[2025-06-27T17:16:16.822+0000] {processor.py:186} INFO - Started process (PID=2640) to work on /home/airflow/.local/lib/python3.12/site-packages/airflow/example_dags/tutorial.py
[2025-06-27T17:16:16.823+0000] {processor.py:914} INFO - Processing file /home/airflow/.local/lib/python3.12/site-packages/airflow/example_dags/tutorial.py for tasks to queue
[2025-06-27T17:16:16.825+0000] {logging_mixin.py:190} INFO - [2025-06-27T17:16:16.825+0000] {dagbag.py:588} INFO - Filling up the DagBag from /home/airflow/.local/lib/python3.12/site-packages/airflow/example_dags/tutorial.py
[2025-06-27T17:16:16.833+0000] {processor.py:925} INFO - DAG(s) 'tutorial' retrieved from /home/airflow/.local/lib/python3.12/site-packages/airflow/example_dags/tutorial.py
[2025-06-27T17:16:16.851+0000] {logging_mixin.py:190} INFO - [2025-06-27T17:16:16.851+0000] {dag.py:3239} INFO - Sync 1 DAGs
[2025-06-27T17:16:16.872+0000] {logging_mixin.py:190} INFO - [2025-06-27T17:16:16.872+0000] {dag.py:4180} INFO - Setting next_dagrun for tutorial to 2025-06-27 00:00:00+00:00, run_after=2025-06-28 00:00:00+00:00
[2025-06-27T17:16:16.889+0000] {processor.py:208} INFO - Processing /home/airflow/.local/lib/python3.12/site-packages/airflow/example_dags/tutorial.py took 0.073 seconds
[2025-06-27T17:16:47.079+0000] {processor.py:186} INFO - Started process (PID=2704) to work on /home/airflow/.local/lib/python3.12/site-packages/airflow/example_dags/tutorial.py
[2025-06-27T17:16:47.080+0000] {processor.py:914} INFO - Processing file /home/airflow/.local/lib/python3.12/site-packages/airflow/example_dags/tutorial.py for tasks to queue
[2025-06-27T17:16:47.082+0000] {logging_mixin.py:190} INFO - [2025-06-27T17:16:47.082+0000] {dagbag.py:588} INFO - Filling up the DagBag from /home/airflow/.local/lib/python3.12/site-packages/airflow/example_dags/tutorial.py
[2025-06-27T17:16:47.090+0000] {processor.py:925} INFO - DAG(s) 'tutorial' retrieved from /home/airflow/.local/lib/python3.12/site-packages/airflow/example_dags/tutorial.py
[2025-06-27T17:16:47.107+0000] {logging_mixin.py:190} INFO - [2025-06-27T17:16:47.107+0000] {dag.py:3239} INFO - Sync 1 DAGs
[2025-06-27T17:16:47.127+0000] {logging_mixin.py:190} INFO - [2025-06-27T17:16:47.127+0000] {dag.py:4180} INFO - Setting next_dagrun for tutorial to 2025-06-27 00:00:00+00:00, run_after=2025-06-28 00:00:00+00:00
[2025-06-27T17:16:47.143+0000] {processor.py:208} INFO - Processing /home/airflow/.local/lib/python3.12/site-packages/airflow/example_dags/tutorial.py took 0.069 seconds
