[2025-06-22T12:22:50.138+0000] {local_task_job_runner.py:123} INFO - ::group::Pre task execution logs
[2025-06-22T12:22:50.176+0000] {taskinstance.py:2614} INFO - Dependencies all met for dep_context=non-requeueable deps ti=<TaskInstance: dataset_with_extra_by_context.dataset_with_extra_by_context scheduled__2025-06-21T00:00:00+00:00 [queued]>
[2025-06-22T12:22:50.191+0000] {taskinstance.py:2614} INFO - Dependencies all met for dep_context=requeueable deps ti=<TaskInstance: dataset_with_extra_by_context.dataset_with_extra_by_context scheduled__2025-06-21T00:00:00+00:00 [queued]>
[2025-06-22T12:22:50.194+0000] {taskinstance.py:2867} INFO - Starting attempt 1 of 1
[2025-06-22T12:22:50.734+0000] {taskinstance.py:2890} INFO - Executing <Task(_PythonDecoratedOperator): dataset_with_extra_by_context> on 2025-06-21 00:00:00+00:00
[2025-06-22T12:22:50.757+0000] {warnings.py:112} WARNING - /home/***/.local/lib/python3.12/site-packages/***/task/task_runner/standard_task_runner.py:70: DeprecationWarning: This process (pid=216) is multi-threaded, use of fork() may lead to deadlocks in the child.
  pid = os.fork()

[2025-06-22T12:22:50.759+0000] {standard_task_runner.py:72} INFO - Started process 253 to run task
[2025-06-22T12:22:50.772+0000] {standard_task_runner.py:104} INFO - Running: ['***', 'tasks', 'run', 'dataset_with_extra_by_context', 'dataset_with_extra_by_context', 'scheduled__2025-06-21T00:00:00+00:00', '--job-id', '35', '--raw', '--subdir', '/home/***/.local/lib/python3.12/site-packages/***/example_dags/example_outlet_event_extra.py', '--cfg-path', '/tmp/tmpkyno9c5q']
[2025-06-22T12:22:50.774+0000] {standard_task_runner.py:105} INFO - Job 35: Subtask dataset_with_extra_by_context
[2025-06-22T12:22:50.978+0000] {task_command.py:467} INFO - Running <TaskInstance: dataset_with_extra_by_context.dataset_with_extra_by_context scheduled__2025-06-21T00:00:00+00:00 [running]> on host 342e1477a02c
[2025-06-22T12:22:51.155+0000] {taskinstance.py:3134} INFO - Exporting env vars: AIRFLOW_CTX_DAG_OWNER='***' AIRFLOW_CTX_DAG_ID='dataset_with_extra_by_context' AIRFLOW_CTX_TASK_ID='dataset_with_extra_by_context' AIRFLOW_CTX_EXECUTION_DATE='2025-06-21T00:00:00+00:00' AIRFLOW_CTX_TRY_NUMBER='1' AIRFLOW_CTX_DAG_RUN_ID='scheduled__2025-06-21T00:00:00+00:00'
[2025-06-22T12:22:51.160+0000] {logging_mixin.py:190} INFO - Task instance is in running state
[2025-06-22T12:22:51.169+0000] {logging_mixin.py:190} INFO -  Previous state of the Task instance: queued
[2025-06-22T12:22:51.178+0000] {logging_mixin.py:190} INFO - Current task name:dataset_with_extra_by_context state:running start_date:2025-06-22 12:22:50.177502+00:00
[2025-06-22T12:22:51.182+0000] {logging_mixin.py:190} INFO - Dag name:dataset_with_extra_by_context and current dag run status:running
[2025-06-22T12:22:51.184+0000] {taskinstance.py:732} INFO - ::endgroup::
[2025-06-22T12:22:51.195+0000] {python.py:240} INFO - Done. Returned value was: None
[2025-06-22T12:22:51.261+0000] {taskinstance.py:341} INFO - ::group::Post task execution logs
[2025-06-22T12:22:51.263+0000] {taskinstance.py:353} INFO - Marking task as SUCCESS. dag_id=dataset_with_extra_by_context, task_id=dataset_with_extra_by_context, run_id=scheduled__2025-06-21T00:00:00+00:00, execution_date=20250621T000000, start_date=20250622T122250, end_date=20250622T122251
[2025-06-22T12:22:51.384+0000] {logging_mixin.py:190} INFO - Task instance in success state
[2025-06-22T12:22:51.395+0000] {logging_mixin.py:190} INFO -  Previous state of the Task instance: running
[2025-06-22T12:22:51.397+0000] {logging_mixin.py:190} INFO - Dag name:dataset_with_extra_by_context queued_at:2025-06-22 12:22:45.565923+00:00
[2025-06-22T12:22:51.399+0000] {logging_mixin.py:190} INFO - Task hostname:342e1477a02c operator:_PythonDecoratedOperator
[2025-06-22T12:22:51.476+0000] {local_task_job_runner.py:266} INFO - Task exited with return code 0
[2025-06-22T12:22:51.503+0000] {taskinstance.py:3901} INFO - 0 downstream tasks scheduled from follow-on schedule check
[2025-06-22T12:22:51.514+0000] {local_task_job_runner.py:245} INFO - ::endgroup::
[2025-06-22T12:38:06.752+0000] {local_task_job_runner.py:123} INFO - ::group::Pre task execution logs
[2025-06-22T12:38:06.790+0000] {taskinstance.py:2614} INFO - Dependencies all met for dep_context=non-requeueable deps ti=<TaskInstance: dataset_with_extra_by_context.dataset_with_extra_by_context scheduled__2025-06-21T00:00:00+00:00 [queued]>
[2025-06-22T12:38:06.807+0000] {taskinstance.py:2614} INFO - Dependencies all met for dep_context=requeueable deps ti=<TaskInstance: dataset_with_extra_by_context.dataset_with_extra_by_context scheduled__2025-06-21T00:00:00+00:00 [queued]>
[2025-06-22T12:38:06.808+0000] {taskinstance.py:2867} INFO - Starting attempt 1 of 1
[2025-06-22T12:38:07.152+0000] {taskinstance.py:2890} INFO - Executing <Task(_PythonDecoratedOperator): dataset_with_extra_by_context> on 2025-06-21 00:00:00+00:00
[2025-06-22T12:38:07.177+0000] {warnings.py:112} WARNING - /home/***/.local/lib/python3.12/site-packages/***/task/task_runner/standard_task_runner.py:70: DeprecationWarning: This process (pid=225) is multi-threaded, use of fork() may lead to deadlocks in the child.
  pid = os.fork()

[2025-06-22T12:38:07.182+0000] {standard_task_runner.py:72} INFO - Started process 278 to run task
[2025-06-22T12:38:07.180+0000] {standard_task_runner.py:104} INFO - Running: ['***', 'tasks', 'run', 'dataset_with_extra_by_context', 'dataset_with_extra_by_context', 'scheduled__2025-06-21T00:00:00+00:00', '--job-id', '40', '--raw', '--subdir', '/home/***/.local/lib/python3.12/site-packages/***/example_dags/example_outlet_event_extra.py', '--cfg-path', '/tmp/tmpz1zyy5sc']
[2025-06-22T12:38:07.185+0000] {standard_task_runner.py:105} INFO - Job 40: Subtask dataset_with_extra_by_context
[2025-06-22T12:38:07.368+0000] {task_command.py:467} INFO - Running <TaskInstance: dataset_with_extra_by_context.dataset_with_extra_by_context scheduled__2025-06-21T00:00:00+00:00 [running]> on host a5c304807a12
[2025-06-22T12:38:07.564+0000] {taskinstance.py:3134} INFO - Exporting env vars: AIRFLOW_CTX_DAG_OWNER='***' AIRFLOW_CTX_DAG_ID='dataset_with_extra_by_context' AIRFLOW_CTX_TASK_ID='dataset_with_extra_by_context' AIRFLOW_CTX_EXECUTION_DATE='2025-06-21T00:00:00+00:00' AIRFLOW_CTX_TRY_NUMBER='1' AIRFLOW_CTX_DAG_RUN_ID='scheduled__2025-06-21T00:00:00+00:00'
[2025-06-22T12:38:07.574+0000] {logging_mixin.py:190} INFO - Task instance is in running state
[2025-06-22T12:38:07.575+0000] {logging_mixin.py:190} INFO -  Previous state of the Task instance: queued
[2025-06-22T12:38:07.575+0000] {logging_mixin.py:190} INFO - Current task name:dataset_with_extra_by_context state:running start_date:2025-06-22 12:38:06.792466+00:00
[2025-06-22T12:38:07.577+0000] {logging_mixin.py:190} INFO - Dag name:dataset_with_extra_by_context and current dag run status:running
[2025-06-22T12:38:07.578+0000] {taskinstance.py:732} INFO - ::endgroup::
[2025-06-22T12:38:07.580+0000] {python.py:240} INFO - Done. Returned value was: None
[2025-06-22T12:38:07.656+0000] {taskinstance.py:341} INFO - ::group::Post task execution logs
[2025-06-22T12:38:07.657+0000] {taskinstance.py:353} INFO - Marking task as SUCCESS. dag_id=dataset_with_extra_by_context, task_id=dataset_with_extra_by_context, run_id=scheduled__2025-06-21T00:00:00+00:00, execution_date=20250621T000000, start_date=20250622T123806, end_date=20250622T123807
[2025-06-22T12:38:07.769+0000] {logging_mixin.py:190} INFO - Task instance in success state
[2025-06-22T12:38:07.770+0000] {logging_mixin.py:190} INFO -  Previous state of the Task instance: running
[2025-06-22T12:38:07.773+0000] {logging_mixin.py:190} INFO - Dag name:dataset_with_extra_by_context queued_at:2025-06-22 12:38:00.482117+00:00
[2025-06-22T12:38:07.775+0000] {logging_mixin.py:190} INFO - Task hostname:a5c304807a12 operator:_PythonDecoratedOperator
[2025-06-22T12:38:07.829+0000] {local_task_job_runner.py:266} INFO - Task exited with return code 0
[2025-06-22T12:38:07.890+0000] {local_task_job_runner.py:245} INFO - ::endgroup::
