[2025-06-27T16:58:38.945+0000] {local_task_job_runner.py:123} INFO - ::group::Pre task execution logs
[2025-06-27T16:58:39.117+0000] {taskinstance.py:2614} INFO - Dependencies all met for dep_context=non-requeueable deps ti=<TaskInstance: example_branch_python_operator_decorator.venv_d scheduled__2025-06-26T00:00:00+00:00 [queued]>
[2025-06-27T16:58:39.132+0000] {taskinstance.py:2614} INFO - Dependencies all met for dep_context=requeueable deps ti=<TaskInstance: example_branch_python_operator_decorator.venv_d scheduled__2025-06-26T00:00:00+00:00 [queued]>
[2025-06-27T16:58:39.133+0000] {taskinstance.py:2867} INFO - Starting attempt 1 of 1
[2025-06-27T16:58:39.146+0000] {taskinstance.py:2890} INFO - Executing <Task(_PythonVirtualenvDecoratedOperator): venv_d> on 2025-06-26 00:00:00+00:00
[2025-06-27T16:58:39.152+0000] {warnings.py:112} WARNING - /home/***/.local/lib/python3.12/site-packages/***/task/task_runner/standard_task_runner.py:70: DeprecationWarning: This process (pid=722) is multi-threaded, use of fork() may lead to deadlocks in the child.
  pid = os.fork()

[2025-06-27T16:58:39.154+0000] {standard_task_runner.py:72} INFO - Started process 728 to run task
[2025-06-27T16:58:39.155+0000] {standard_task_runner.py:104} INFO - Running: ['***', 'tasks', 'run', 'example_branch_python_operator_decorator', 'venv_d', 'scheduled__2025-06-26T00:00:00+00:00', '--job-id', '160', '--raw', '--subdir', '/home/***/.local/lib/python3.12/site-packages/***/example_dags/example_branch_operator_decorator.py', '--cfg-path', '/tmp/tmpwu0phv8d']
[2025-06-27T16:58:39.156+0000] {standard_task_runner.py:105} INFO - Job 160: Subtask venv_d
[2025-06-27T16:58:39.212+0000] {task_command.py:467} INFO - Running <TaskInstance: example_branch_python_operator_decorator.venv_d scheduled__2025-06-26T00:00:00+00:00 [running]> on host a5c304807a12
[2025-06-27T16:58:39.298+0000] {taskinstance.py:3134} INFO - Exporting env vars: AIRFLOW_CTX_DAG_OWNER='***' AIRFLOW_CTX_DAG_ID='example_branch_python_operator_decorator' AIRFLOW_CTX_TASK_ID='venv_d' AIRFLOW_CTX_EXECUTION_DATE='2025-06-26T00:00:00+00:00' AIRFLOW_CTX_TRY_NUMBER='1' AIRFLOW_CTX_DAG_RUN_ID='scheduled__2025-06-26T00:00:00+00:00'
[2025-06-27T16:58:39.300+0000] {logging_mixin.py:190} INFO - Task instance is in running state
[2025-06-27T16:58:39.301+0000] {logging_mixin.py:190} INFO -  Previous state of the Task instance: queued
[2025-06-27T16:58:39.301+0000] {logging_mixin.py:190} INFO - Current task name:venv_d state:running start_date:2025-06-27 16:58:39.123943+00:00
[2025-06-27T16:58:39.303+0000] {logging_mixin.py:190} INFO - Dag name:example_branch_python_operator_decorator and current dag run status:running
[2025-06-27T16:58:39.303+0000] {taskinstance.py:732} INFO - ::endgroup::
[2025-06-27T16:58:39.312+0000] {python.py:809} INFO - Python virtual environment will be cached in /tmp/venv-5ea997a7
[2025-06-27T16:58:39.315+0000] {python.py:823} INFO - Re-using cached Python virtual environment in /tmp/venv-5ea997a7
[2025-06-27T16:58:39.327+0000] {process_utils.py:186} INFO - Executing cmd: /tmp/venv-5ea997a7/bin/python /tmp/venv-callithl1ap4/script.py /tmp/venv-callithl1ap4/script.in /tmp/venv-callithl1ap4/script.out /tmp/venv-callithl1ap4/string_args.txt /tmp/venv-callithl1ap4/termination.log
[2025-06-27T16:58:39.328+0000] {process_utils.py:190} INFO - Output:
[2025-06-27T16:58:41.662+0000] {process_utils.py:194} INFO - Some numpy stuff: [0 1 2 3 4 5]
[2025-06-27T16:58:42.029+0000] {python.py:240} INFO - Done. Returned value was: None
[2025-06-27T16:58:42.039+0000] {taskinstance.py:341} INFO - ::group::Post task execution logs
[2025-06-27T16:58:42.040+0000] {taskinstance.py:353} INFO - Marking task as SUCCESS. dag_id=example_branch_python_operator_decorator, task_id=venv_d, run_id=scheduled__2025-06-26T00:00:00+00:00, execution_date=20250626T000000, start_date=20250627T165839, end_date=20250627T165842
[2025-06-27T16:58:42.066+0000] {logging_mixin.py:190} INFO - Task instance in success state
[2025-06-27T16:58:42.067+0000] {logging_mixin.py:190} INFO -  Previous state of the Task instance: running
[2025-06-27T16:58:42.068+0000] {logging_mixin.py:190} INFO - Dag name:example_branch_python_operator_decorator queued_at:2025-06-27 16:57:55.610279+00:00
[2025-06-27T16:58:42.068+0000] {logging_mixin.py:190} INFO - Task hostname:a5c304807a12 operator:_PythonVirtualenvDecoratedOperator
[2025-06-27T16:58:42.101+0000] {local_task_job_runner.py:266} INFO - Task exited with return code 0
[2025-06-27T16:58:42.126+0000] {taskinstance.py:3901} INFO - 0 downstream tasks scheduled from follow-on schedule check
[2025-06-27T16:58:42.131+0000] {local_task_job_runner.py:245} INFO - ::endgroup::
