[2025-06-22T12:22:44.044+0000] {local_task_job_runner.py:123} INFO - ::group::Pre task execution logs
[2025-06-22T12:22:44.120+0000] {taskinstance.py:2614} INFO - Dependencies all met for dep_context=non-requeueable deps ti=<TaskInstance: example_xcom.push_by_returning scheduled__2021-01-01T00:00:00+00:00 [queued]>
[2025-06-22T12:22:44.142+0000] {taskinstance.py:2614} INFO - Dependencies all met for dep_context=requeueable deps ti=<TaskInstance: example_xcom.push_by_returning scheduled__2021-01-01T00:00:00+00:00 [queued]>
[2025-06-22T12:22:44.143+0000] {taskinstance.py:2867} INFO - Starting attempt 1 of 1
[2025-06-22T12:22:44.181+0000] {taskinstance.py:2890} INFO - Executing <Task(_PythonDecoratedOperator): push_by_returning> on 2021-01-01 00:00:00+00:00
[2025-06-22T12:22:44.204+0000] {warnings.py:112} WARNING - /home/***/.local/lib/python3.12/site-packages/***/task/task_runner/standard_task_runner.py:70: DeprecationWarning: This process (pid=157) is multi-threaded, use of fork() may lead to deadlocks in the child.
  pid = os.fork()

[2025-06-22T12:22:44.207+0000] {standard_task_runner.py:72} INFO - Started process 188 to run task
[2025-06-22T12:22:44.216+0000] {standard_task_runner.py:104} INFO - Running: ['***', 'tasks', 'run', 'example_xcom', 'push_by_returning', 'scheduled__2021-01-01T00:00:00+00:00', '--job-id', '19', '--raw', '--subdir', '/home/***/.local/lib/python3.12/site-packages/***/example_dags/example_xcom.py', '--cfg-path', '/tmp/tmpmkhyypoq']
[2025-06-22T12:22:44.222+0000] {standard_task_runner.py:105} INFO - Job 19: Subtask push_by_returning
[2025-06-22T12:22:44.389+0000] {task_command.py:467} INFO - Running <TaskInstance: example_xcom.push_by_returning scheduled__2021-01-01T00:00:00+00:00 [running]> on host 342e1477a02c
[2025-06-22T12:22:45.024+0000] {taskinstance.py:3134} INFO - Exporting env vars: AIRFLOW_CTX_DAG_OWNER='***' AIRFLOW_CTX_DAG_ID='example_xcom' AIRFLOW_CTX_TASK_ID='push_by_returning' AIRFLOW_CTX_EXECUTION_DATE='2021-01-01T00:00:00+00:00' AIRFLOW_CTX_TRY_NUMBER='1' AIRFLOW_CTX_DAG_RUN_ID='scheduled__2021-01-01T00:00:00+00:00'
[2025-06-22T12:22:45.028+0000] {logging_mixin.py:190} INFO - Task instance is in running state
[2025-06-22T12:22:45.029+0000] {logging_mixin.py:190} INFO -  Previous state of the Task instance: queued
[2025-06-22T12:22:45.029+0000] {logging_mixin.py:190} INFO - Current task name:push_by_returning state:running start_date:2025-06-22 12:22:44.121797+00:00
[2025-06-22T12:22:45.030+0000] {logging_mixin.py:190} INFO - Dag name:example_xcom and current dag run status:running
[2025-06-22T12:22:45.031+0000] {taskinstance.py:732} INFO - ::endgroup::
[2025-06-22T12:22:45.034+0000] {python.py:240} INFO - Done. Returned value was: {'a': 'b'}
[2025-06-22T12:22:45.070+0000] {taskinstance.py:341} INFO - ::group::Post task execution logs
[2025-06-22T12:22:45.072+0000] {taskinstance.py:353} INFO - Marking task as SUCCESS. dag_id=example_xcom, task_id=push_by_returning, run_id=scheduled__2021-01-01T00:00:00+00:00, execution_date=20210101T000000, start_date=20250622T122244, end_date=20250622T122245
[2025-06-22T12:22:45.149+0000] {logging_mixin.py:190} INFO - Task instance in success state
[2025-06-22T12:22:45.151+0000] {logging_mixin.py:190} INFO -  Previous state of the Task instance: running
[2025-06-22T12:22:45.152+0000] {logging_mixin.py:190} INFO - Dag name:example_xcom queued_at:2025-06-22 12:22:39.859831+00:00
[2025-06-22T12:22:45.152+0000] {logging_mixin.py:190} INFO - Task hostname:342e1477a02c operator:_PythonDecoratedOperator
[2025-06-22T12:22:45.225+0000] {local_task_job_runner.py:266} INFO - Task exited with return code 0
[2025-06-22T12:22:45.643+0000] {taskinstance.py:3901} INFO - 1 downstream tasks scheduled from follow-on schedule check
[2025-06-22T12:22:45.646+0000] {local_task_job_runner.py:245} INFO - ::endgroup::
[2025-06-22T12:37:59.260+0000] {local_task_job_runner.py:123} INFO - ::group::Pre task execution logs
[2025-06-22T12:37:59.299+0000] {taskinstance.py:2614} INFO - Dependencies all met for dep_context=non-requeueable deps ti=<TaskInstance: example_xcom.push_by_returning scheduled__2021-01-01T00:00:00+00:00 [queued]>
[2025-06-22T12:37:59.314+0000] {taskinstance.py:2614} INFO - Dependencies all met for dep_context=requeueable deps ti=<TaskInstance: example_xcom.push_by_returning scheduled__2021-01-01T00:00:00+00:00 [queued]>
[2025-06-22T12:37:59.315+0000] {taskinstance.py:2867} INFO - Starting attempt 1 of 1
[2025-06-22T12:37:59.630+0000] {taskinstance.py:2890} INFO - Executing <Task(_PythonDecoratedOperator): push_by_returning> on 2021-01-01 00:00:00+00:00
[2025-06-22T12:37:59.650+0000] {warnings.py:112} WARNING - /home/***/.local/lib/python3.12/site-packages/***/task/task_runner/standard_task_runner.py:70: DeprecationWarning: This process (pid=149) is multi-threaded, use of fork() may lead to deadlocks in the child.
  pid = os.fork()

[2025-06-22T12:37:59.653+0000] {standard_task_runner.py:72} INFO - Started process 184 to run task
[2025-06-22T12:37:59.660+0000] {standard_task_runner.py:104} INFO - Running: ['***', 'tasks', 'run', 'example_xcom', 'push_by_returning', 'scheduled__2021-01-01T00:00:00+00:00', '--job-id', '19', '--raw', '--subdir', '/home/***/.local/lib/python3.12/site-packages/***/example_dags/example_xcom.py', '--cfg-path', '/tmp/tmp2fpj8ysd']
[2025-06-22T12:37:59.662+0000] {standard_task_runner.py:105} INFO - Job 19: Subtask push_by_returning
[2025-06-22T12:37:59.768+0000] {task_command.py:467} INFO - Running <TaskInstance: example_xcom.push_by_returning scheduled__2021-01-01T00:00:00+00:00 [running]> on host a5c304807a12
[2025-06-22T12:37:59.922+0000] {taskinstance.py:3134} INFO - Exporting env vars: AIRFLOW_CTX_DAG_OWNER='***' AIRFLOW_CTX_DAG_ID='example_xcom' AIRFLOW_CTX_TASK_ID='push_by_returning' AIRFLOW_CTX_EXECUTION_DATE='2021-01-01T00:00:00+00:00' AIRFLOW_CTX_TRY_NUMBER='1' AIRFLOW_CTX_DAG_RUN_ID='scheduled__2021-01-01T00:00:00+00:00'
[2025-06-22T12:37:59.925+0000] {logging_mixin.py:190} INFO - Task instance is in running state
[2025-06-22T12:37:59.929+0000] {logging_mixin.py:190} INFO -  Previous state of the Task instance: queued
[2025-06-22T12:37:59.929+0000] {logging_mixin.py:190} INFO - Current task name:push_by_returning state:running start_date:2025-06-22 12:37:59.301327+00:00
[2025-06-22T12:37:59.933+0000] {logging_mixin.py:190} INFO - Dag name:example_xcom and current dag run status:running
[2025-06-22T12:37:59.934+0000] {taskinstance.py:732} INFO - ::endgroup::
[2025-06-22T12:37:59.938+0000] {python.py:240} INFO - Done. Returned value was: {'a': 'b'}
[2025-06-22T12:37:59.988+0000] {taskinstance.py:341} INFO - ::group::Post task execution logs
[2025-06-22T12:37:59.989+0000] {taskinstance.py:353} INFO - Marking task as SUCCESS. dag_id=example_xcom, task_id=push_by_returning, run_id=scheduled__2021-01-01T00:00:00+00:00, execution_date=20210101T000000, start_date=20250622T123759, end_date=20250622T123759
[2025-06-22T12:38:00.041+0000] {logging_mixin.py:190} INFO - Task instance in success state
[2025-06-22T12:38:00.043+0000] {logging_mixin.py:190} INFO -  Previous state of the Task instance: running
[2025-06-22T12:38:00.043+0000] {logging_mixin.py:190} INFO - Dag name:example_xcom queued_at:2025-06-22 12:37:53.793495+00:00
[2025-06-22T12:38:00.049+0000] {logging_mixin.py:190} INFO - Task hostname:a5c304807a12 operator:_PythonDecoratedOperator
[2025-06-22T12:38:00.085+0000] {local_task_job_runner.py:266} INFO - Task exited with return code 0
[2025-06-22T12:38:00.139+0000] {taskinstance.py:3901} INFO - 0 downstream tasks scheduled from follow-on schedule check
[2025-06-22T12:38:00.148+0000] {local_task_job_runner.py:245} INFO - ::endgroup::
