[2025-06-27T16:58:00.454+0000] {local_task_job_runner.py:123} INFO - ::group::Pre task execution logs
[2025-06-27T16:58:00.484+0000] {taskinstance.py:2614} INFO - Dependencies all met for dep_context=non-requeueable deps ti=<TaskInstance: example_bash_operator.runme_2 scheduled__2025-06-22T00:00:00+00:00 [queued]>
[2025-06-27T16:58:00.501+0000] {taskinstance.py:2614} INFO - Dependencies all met for dep_context=requeueable deps ti=<TaskInstance: example_bash_operator.runme_2 scheduled__2025-06-22T00:00:00+00:00 [queued]>
[2025-06-27T16:58:00.504+0000] {taskinstance.py:2867} INFO - Starting attempt 1 of 1
[2025-06-27T16:58:00.911+0000] {taskinstance.py:2890} INFO - Executing <Task(BashOperator): runme_2> on 2025-06-22 00:00:00+00:00
[2025-06-27T16:58:00.928+0000] {warnings.py:112} WARNING - /home/***/.local/lib/python3.12/site-packages/***/task/task_runner/standard_task_runner.py:70: DeprecationWarning: This process (pid=101) is multi-threaded, use of fork() may lead to deadlocks in the child.
  pid = os.fork()

[2025-06-27T16:58:00.934+0000] {standard_task_runner.py:72} INFO - Started process 133 to run task
[2025-06-27T16:58:00.937+0000] {standard_task_runner.py:104} INFO - Running: ['***', 'tasks', 'run', 'example_bash_operator', 'runme_2', 'scheduled__2025-06-22T00:00:00+00:00', '--job-id', '70', '--raw', '--subdir', '/home/***/.local/lib/python3.12/site-packages/***/example_dags/example_bash_operator.py', '--cfg-path', '/tmp/tmpsyd327nf']
[2025-06-27T16:58:00.943+0000] {standard_task_runner.py:105} INFO - Job 70: Subtask runme_2
[2025-06-27T16:58:01.065+0000] {task_command.py:467} INFO - Running <TaskInstance: example_bash_operator.runme_2 scheduled__2025-06-22T00:00:00+00:00 [running]> on host a5c304807a12
[2025-06-27T16:58:01.254+0000] {taskinstance.py:3134} INFO - Exporting env vars: AIRFLOW_CTX_DAG_OWNER='***' AIRFLOW_CTX_DAG_ID='example_bash_operator' AIRFLOW_CTX_TASK_ID='runme_2' AIRFLOW_CTX_EXECUTION_DATE='2025-06-22T00:00:00+00:00' AIRFLOW_CTX_TRY_NUMBER='1' AIRFLOW_CTX_DAG_RUN_ID='scheduled__2025-06-22T00:00:00+00:00'
[2025-06-27T16:58:01.259+0000] {logging_mixin.py:190} INFO - Task instance is in running state
[2025-06-27T16:58:01.264+0000] {logging_mixin.py:190} INFO -  Previous state of the Task instance: queued
[2025-06-27T16:58:01.265+0000] {logging_mixin.py:190} INFO - Current task name:runme_2 state:running start_date:2025-06-27 16:58:00.485619+00:00
[2025-06-27T16:58:01.267+0000] {logging_mixin.py:190} INFO - Dag name:example_bash_operator and current dag run status:running
[2025-06-27T16:58:01.268+0000] {taskinstance.py:732} INFO - ::endgroup::
[2025-06-27T16:58:01.270+0000] {subprocess.py:78} INFO - Tmp dir root location: /tmp
[2025-06-27T16:58:01.272+0000] {subprocess.py:88} INFO - Running command: ['/usr/bin/bash', '-c', 'echo "example_bash_operator__runme_2__20250622" && sleep 1']
[2025-06-27T16:58:01.314+0000] {subprocess.py:99} INFO - Output:
[2025-06-27T16:58:01.316+0000] {subprocess.py:106} INFO - example_bash_operator__runme_2__20250622
[2025-06-27T16:58:02.318+0000] {subprocess.py:110} INFO - Command exited with return code 0
[2025-06-27T16:58:02.361+0000] {taskinstance.py:341} INFO - ::group::Post task execution logs
[2025-06-27T16:58:02.362+0000] {taskinstance.py:353} INFO - Marking task as SUCCESS. dag_id=example_bash_operator, task_id=runme_2, run_id=scheduled__2025-06-22T00:00:00+00:00, execution_date=20250622T000000, start_date=20250627T165800, end_date=20250627T165802
[2025-06-27T16:58:02.407+0000] {logging_mixin.py:190} INFO - Task instance in success state
[2025-06-27T16:58:02.410+0000] {logging_mixin.py:190} INFO -  Previous state of the Task instance: running
[2025-06-27T16:58:02.411+0000] {logging_mixin.py:190} INFO - Dag name:example_bash_operator queued_at:2025-06-27 16:57:54.164939+00:00
[2025-06-27T16:58:02.411+0000] {logging_mixin.py:190} INFO - Task hostname:a5c304807a12 operator:BashOperator
[2025-06-27T16:58:02.463+0000] {local_task_job_runner.py:266} INFO - Task exited with return code 0
[2025-06-27T16:58:02.478+0000] {local_task_job_runner.py:245} INFO - ::endgroup::
