[2025-06-22T12:22:56.508+0000] {local_task_job_runner.py:123} INFO - ::group::Pre task execution logs
[2025-06-22T12:22:56.533+0000] {taskinstance.py:2614} INFO - Dependencies all met for dep_context=non-requeueable deps ti=<TaskInstance: example_branch_operator.branch_b scheduled__2025-06-21T00:00:00+00:00 [queued]>
[2025-06-22T12:22:56.548+0000] {taskinstance.py:2614} INFO - Dependencies all met for dep_context=requeueable deps ti=<TaskInstance: example_branch_operator.branch_b scheduled__2025-06-21T00:00:00+00:00 [queued]>
[2025-06-22T12:22:56.548+0000] {taskinstance.py:2867} INFO - Starting attempt 1 of 1
[2025-06-22T12:22:56.728+0000] {taskinstance.py:2890} INFO - Executing <Task(PythonOperator): branch_b> on 2025-06-21 00:00:00+00:00
[2025-06-22T12:22:56.736+0000] {warnings.py:112} WARNING - /home/***/.local/lib/python3.12/site-packages/***/task/task_runner/standard_task_runner.py:70: DeprecationWarning: This process (pid=301) is multi-threaded, use of fork() may lead to deadlocks in the child.
  pid = os.fork()

[2025-06-22T12:22:56.738+0000] {standard_task_runner.py:72} INFO - Started process 305 to run task
[2025-06-22T12:22:56.738+0000] {standard_task_runner.py:104} INFO - Running: ['***', 'tasks', 'run', 'example_branch_operator', 'branch_b', 'scheduled__2025-06-21T00:00:00+00:00', '--job-id', '49', '--raw', '--subdir', '/home/***/.local/lib/python3.12/site-packages/***/example_dags/example_branch_operator.py', '--cfg-path', '/tmp/tmph97xyc81']
[2025-06-22T12:22:56.739+0000] {standard_task_runner.py:105} INFO - Job 49: Subtask branch_b
[2025-06-22T12:22:56.802+0000] {task_command.py:467} INFO - Running <TaskInstance: example_branch_operator.branch_b scheduled__2025-06-21T00:00:00+00:00 [running]> on host 342e1477a02c
[2025-06-22T12:22:56.892+0000] {taskinstance.py:3134} INFO - Exporting env vars: AIRFLOW_CTX_DAG_OWNER='***' AIRFLOW_CTX_DAG_ID='example_branch_operator' AIRFLOW_CTX_TASK_ID='branch_b' AIRFLOW_CTX_EXECUTION_DATE='2025-06-21T00:00:00+00:00' AIRFLOW_CTX_TRY_NUMBER='1' AIRFLOW_CTX_DAG_RUN_ID='scheduled__2025-06-21T00:00:00+00:00'
[2025-06-22T12:22:56.895+0000] {logging_mixin.py:190} INFO - Task instance is in running state
[2025-06-22T12:22:56.895+0000] {logging_mixin.py:190} INFO -  Previous state of the Task instance: queued
[2025-06-22T12:22:56.896+0000] {logging_mixin.py:190} INFO - Current task name:branch_b state:running start_date:2025-06-22 12:22:56.533907+00:00
[2025-06-22T12:22:56.896+0000] {logging_mixin.py:190} INFO - Dag name:example_branch_operator and current dag run status:running
[2025-06-22T12:22:56.897+0000] {taskinstance.py:732} INFO - ::endgroup::
[2025-06-22T12:22:56.898+0000] {logging_mixin.py:190} INFO - Hello World
[2025-06-22T12:22:56.898+0000] {python.py:240} INFO - Done. Returned value was: None
[2025-06-22T12:22:56.910+0000] {taskinstance.py:341} INFO - ::group::Post task execution logs
[2025-06-22T12:22:56.911+0000] {taskinstance.py:353} INFO - Marking task as SUCCESS. dag_id=example_branch_operator, task_id=branch_b, run_id=scheduled__2025-06-21T00:00:00+00:00, execution_date=20250621T000000, start_date=20250622T122256, end_date=20250622T122256
[2025-06-22T12:22:56.943+0000] {logging_mixin.py:190} INFO - Task instance in success state
[2025-06-22T12:22:56.943+0000] {logging_mixin.py:190} INFO -  Previous state of the Task instance: running
[2025-06-22T12:22:56.944+0000] {logging_mixin.py:190} INFO - Dag name:example_branch_operator queued_at:2025-06-22 12:22:49.037973+00:00
[2025-06-22T12:22:56.944+0000] {logging_mixin.py:190} INFO - Task hostname:342e1477a02c operator:PythonOperator
[2025-06-22T12:22:56.994+0000] {local_task_job_runner.py:266} INFO - Task exited with return code 0
[2025-06-22T12:22:57.029+0000] {taskinstance.py:3901} INFO - 0 downstream tasks scheduled from follow-on schedule check
[2025-06-22T12:22:57.034+0000] {local_task_job_runner.py:245} INFO - ::endgroup::
