[2025-06-27T16:58:07.930+0000] {local_task_job_runner.py:123} INFO - ::group::Pre task execution logs
[2025-06-27T16:58:07.958+0000] {taskinstance.py:2614} INFO - Dependencies all met for dep_context=non-requeueable deps ti=<TaskInstance: example_skip_dag.skip_operator_2 scheduled__2025-06-26T00:00:00+00:00 [queued]>
[2025-06-27T16:58:07.971+0000] {taskinstance.py:2614} INFO - Dependencies all met for dep_context=requeueable deps ti=<TaskInstance: example_skip_dag.skip_operator_2 scheduled__2025-06-26T00:00:00+00:00 [queued]>
[2025-06-27T16:58:07.972+0000] {taskinstance.py:2867} INFO - Starting attempt 1 of 1
[2025-06-27T16:58:08.277+0000] {taskinstance.py:2890} INFO - Executing <Task(EmptySkipOperator): skip_operator_2> on 2025-06-26 00:00:00+00:00
[2025-06-27T16:58:08.299+0000] {warnings.py:112} WARNING - /home/***/.local/lib/python3.12/site-packages/***/task/task_runner/standard_task_runner.py:70: DeprecationWarning: This process (pid=223) is multi-threaded, use of fork() may lead to deadlocks in the child.
  pid = os.fork()

[2025-06-27T16:58:08.302+0000] {standard_task_runner.py:72} INFO - Started process 260 to run task
[2025-06-27T16:58:08.302+0000] {standard_task_runner.py:104} INFO - Running: ['***', 'tasks', 'run', 'example_skip_dag', 'skip_operator_2', 'scheduled__2025-06-26T00:00:00+00:00', '--job-id', '105', '--raw', '--subdir', '/home/***/.local/lib/python3.12/site-packages/***/example_dags/example_skip_dag.py', '--cfg-path', '/tmp/tmps6zo_xu0']
[2025-06-27T16:58:08.305+0000] {standard_task_runner.py:105} INFO - Job 105: Subtask skip_operator_2
[2025-06-27T16:58:08.409+0000] {task_command.py:467} INFO - Running <TaskInstance: example_skip_dag.skip_operator_2 scheduled__2025-06-26T00:00:00+00:00 [running]> on host a5c304807a12
[2025-06-27T16:58:08.556+0000] {taskinstance.py:3134} INFO - Exporting env vars: AIRFLOW_CTX_DAG_OWNER='***' AIRFLOW_CTX_DAG_ID='example_skip_dag' AIRFLOW_CTX_TASK_ID='skip_operator_2' AIRFLOW_CTX_EXECUTION_DATE='2025-06-26T00:00:00+00:00' AIRFLOW_CTX_TRY_NUMBER='1' AIRFLOW_CTX_DAG_RUN_ID='scheduled__2025-06-26T00:00:00+00:00'
[2025-06-27T16:58:08.560+0000] {logging_mixin.py:190} INFO - Task instance is in running state
[2025-06-27T16:58:08.561+0000] {logging_mixin.py:190} INFO -  Previous state of the Task instance: queued
[2025-06-27T16:58:08.562+0000] {logging_mixin.py:190} INFO - Current task name:skip_operator_2 state:running start_date:2025-06-27 16:58:07.959354+00:00
[2025-06-27T16:58:08.564+0000] {logging_mixin.py:190} INFO - Dag name:example_skip_dag and current dag run status:running
[2025-06-27T16:58:08.564+0000] {taskinstance.py:732} INFO - ::endgroup::
[2025-06-27T16:58:08.606+0000] {taskinstance.py:341} INFO - ::group::Post task execution logs
[2025-06-27T16:58:08.607+0000] {taskinstance.py:353} INFO - Marking task as SKIPPED. dag_id=example_skip_dag, task_id=skip_operator_2, run_id=scheduled__2025-06-26T00:00:00+00:00, execution_date=20250626T000000, start_date=20250627T165807, end_date=20250627T165808
[2025-06-27T16:58:08.692+0000] {local_task_job_runner.py:266} INFO - Task exited with return code 0
[2025-06-27T16:58:08.726+0000] {taskinstance.py:3901} INFO - 0 downstream tasks scheduled from follow-on schedule check
[2025-06-27T16:58:08.730+0000] {local_task_job_runner.py:245} INFO - ::endgroup::
