[2025-06-27T16:58:00.405+0000] {local_task_job_runner.py:123} INFO - ::group::Pre task execution logs
[2025-06-27T16:58:00.432+0000] {taskinstance.py:2614} INFO - Dependencies all met for dep_context=non-requeueable deps ti=<TaskInstance: latest_only.latest_only scheduled__2025-06-22T12:00:00+00:00 [queued]>
[2025-06-27T16:58:00.450+0000] {taskinstance.py:2614} INFO - Dependencies all met for dep_context=requeueable deps ti=<TaskInstance: latest_only.latest_only scheduled__2025-06-22T12:00:00+00:00 [queued]>
[2025-06-27T16:58:00.452+0000] {taskinstance.py:2867} INFO - Starting attempt 1 of 1
[2025-06-27T16:58:00.871+0000] {taskinstance.py:2890} INFO - Executing <Task(LatestOnlyOperator): latest_only> on 2025-06-22 12:00:00+00:00
[2025-06-27T16:58:00.899+0000] {warnings.py:112} WARNING - /home/***/.local/lib/python3.12/site-packages/***/task/task_runner/standard_task_runner.py:70: DeprecationWarning: This process (pid=102) is multi-threaded, use of fork() may lead to deadlocks in the child.
  pid = os.fork()

[2025-06-27T16:58:00.904+0000] {standard_task_runner.py:72} INFO - Started process 129 to run task
[2025-06-27T16:58:00.903+0000] {standard_task_runner.py:104} INFO - Running: ['***', 'tasks', 'run', 'latest_only', 'latest_only', 'scheduled__2025-06-22T12:00:00+00:00', '--job-id', '69', '--raw', '--subdir', '/home/***/.local/lib/python3.12/site-packages/***/example_dags/example_latest_only.py', '--cfg-path', '/tmp/tmpbluj6ld5']
[2025-06-27T16:58:00.909+0000] {standard_task_runner.py:105} INFO - Job 69: Subtask latest_only
[2025-06-27T16:58:01.019+0000] {task_command.py:467} INFO - Running <TaskInstance: latest_only.latest_only scheduled__2025-06-22T12:00:00+00:00 [running]> on host a5c304807a12
[2025-06-27T16:58:01.213+0000] {taskinstance.py:3134} INFO - Exporting env vars: AIRFLOW_CTX_DAG_OWNER='***' AIRFLOW_CTX_DAG_ID='latest_only' AIRFLOW_CTX_TASK_ID='latest_only' AIRFLOW_CTX_EXECUTION_DATE='2025-06-22T12:00:00+00:00' AIRFLOW_CTX_TRY_NUMBER='1' AIRFLOW_CTX_DAG_RUN_ID='scheduled__2025-06-22T12:00:00+00:00'
[2025-06-27T16:58:01.226+0000] {logging_mixin.py:190} INFO - Task instance is in running state
[2025-06-27T16:58:01.230+0000] {logging_mixin.py:190} INFO -  Previous state of the Task instance: queued
[2025-06-27T16:58:01.231+0000] {logging_mixin.py:190} INFO - Current task name:latest_only state:running start_date:2025-06-27 16:58:00.433991+00:00
[2025-06-27T16:58:01.232+0000] {logging_mixin.py:190} INFO - Dag name:latest_only and current dag run status:running
[2025-06-27T16:58:01.237+0000] {taskinstance.py:732} INFO - ::endgroup::
[2025-06-27T16:58:01.243+0000] {latest_only.py:63} INFO - Checking latest only with left_window: 2025-06-22 16:00:00+00:00 right_window: 2025-06-22 20:00:00+00:00 now: 2025-06-27 16:58:01.243752+00:00
[2025-06-27T16:58:01.246+0000] {latest_only.py:71} INFO - Not latest execution, skipping downstream.
[2025-06-27T16:58:01.250+0000] {branch.py:38} INFO - Branch into []
[2025-06-27T16:58:01.255+0000] {skipmixin.py:233} INFO - Following branch ()
[2025-06-27T16:58:01.276+0000] {skipmixin.py:281} INFO - Skipping tasks [('task1', -1)]
[2025-06-27T16:58:01.351+0000] {taskinstance.py:341} INFO - ::group::Post task execution logs
[2025-06-27T16:58:01.356+0000] {taskinstance.py:353} INFO - Marking task as SUCCESS. dag_id=latest_only, task_id=latest_only, run_id=scheduled__2025-06-22T12:00:00+00:00, execution_date=20250622T120000, start_date=20250627T165800, end_date=20250627T165801
[2025-06-27T16:58:01.398+0000] {logging_mixin.py:190} INFO - Task instance in success state
[2025-06-27T16:58:01.399+0000] {logging_mixin.py:190} INFO -  Previous state of the Task instance: running
[2025-06-27T16:58:01.403+0000] {logging_mixin.py:190} INFO - Dag name:latest_only queued_at:2025-06-27 16:57:54.129892+00:00
[2025-06-27T16:58:01.403+0000] {logging_mixin.py:190} INFO - Task hostname:a5c304807a12 operator:LatestOnlyOperator
[2025-06-27T16:58:01.458+0000] {local_task_job_runner.py:266} INFO - Task exited with return code 0
[2025-06-27T16:58:01.487+0000] {taskinstance.py:3901} INFO - 0 downstream tasks scheduled from follow-on schedule check
[2025-06-27T16:58:01.496+0000] {local_task_job_runner.py:245} INFO - ::endgroup::
