[2025-06-27T16:58:38.952+0000] {local_task_job_runner.py:123} INFO - ::group::Pre task execution logs
[2025-06-27T16:58:38.974+0000] {taskinstance.py:2614} INFO - Dependencies all met for dep_context=non-requeueable deps ti=<TaskInstance: example_branch_operator.venv_b scheduled__2025-06-22T00:00:00+00:00 [queued]>
[2025-06-27T16:58:39.140+0000] {taskinstance.py:2614} INFO - Dependencies all met for dep_context=requeueable deps ti=<TaskInstance: example_branch_operator.venv_b scheduled__2025-06-22T00:00:00+00:00 [queued]>
[2025-06-27T16:58:39.141+0000] {taskinstance.py:2867} INFO - Starting attempt 1 of 1
[2025-06-27T16:58:39.156+0000] {taskinstance.py:2890} INFO - Executing <Task(PythonVirtualenvOperator): venv_b> on 2025-06-22 00:00:00+00:00
[2025-06-27T16:58:39.164+0000] {warnings.py:112} WARNING - /home/***/.local/lib/python3.12/site-packages/***/task/task_runner/standard_task_runner.py:70: DeprecationWarning: This process (pid=721) is multi-threaded, use of fork() may lead to deadlocks in the child.
  pid = os.fork()

[2025-06-27T16:58:39.166+0000] {standard_task_runner.py:72} INFO - Started process 733 to run task
[2025-06-27T16:58:39.167+0000] {standard_task_runner.py:104} INFO - Running: ['***', 'tasks', 'run', 'example_branch_operator', 'venv_b', 'scheduled__2025-06-22T00:00:00+00:00', '--job-id', '161', '--raw', '--subdir', '/home/***/.local/lib/python3.12/site-packages/***/example_dags/example_branch_operator.py', '--cfg-path', '/tmp/tmpr69bi1_b']
[2025-06-27T16:58:39.168+0000] {standard_task_runner.py:105} INFO - Job 161: Subtask venv_b
[2025-06-27T16:58:39.221+0000] {task_command.py:467} INFO - Running <TaskInstance: example_branch_operator.venv_b scheduled__2025-06-22T00:00:00+00:00 [running]> on host a5c304807a12
[2025-06-27T16:58:39.309+0000] {taskinstance.py:3134} INFO - Exporting env vars: AIRFLOW_CTX_DAG_OWNER='***' AIRFLOW_CTX_DAG_ID='example_branch_operator' AIRFLOW_CTX_TASK_ID='venv_b' AIRFLOW_CTX_EXECUTION_DATE='2025-06-22T00:00:00+00:00' AIRFLOW_CTX_TRY_NUMBER='1' AIRFLOW_CTX_DAG_RUN_ID='scheduled__2025-06-22T00:00:00+00:00'
[2025-06-27T16:58:39.310+0000] {logging_mixin.py:190} INFO - Task instance is in running state
[2025-06-27T16:58:39.310+0000] {logging_mixin.py:190} INFO -  Previous state of the Task instance: queued
[2025-06-27T16:58:39.311+0000] {logging_mixin.py:190} INFO - Current task name:venv_b state:running start_date:2025-06-27 16:58:38.975278+00:00
[2025-06-27T16:58:39.311+0000] {logging_mixin.py:190} INFO - Dag name:example_branch_operator and current dag run status:running
[2025-06-27T16:58:39.312+0000] {taskinstance.py:732} INFO - ::endgroup::
[2025-06-27T16:58:39.313+0000] {baseoperator.py:423} WARNING - PythonVirtualenvOperator.execute cannot be called outside TaskInstance!
[2025-06-27T16:58:39.320+0000] {python.py:809} INFO - Python virtual environment will be cached in /tmp/venv-5ea997a7
[2025-06-27T16:58:39.322+0000] {python.py:823} INFO - Re-using cached Python virtual environment in /tmp/venv-5ea997a7
[2025-06-27T16:58:39.331+0000] {process_utils.py:186} INFO - Executing cmd: /tmp/venv-5ea997a7/bin/python /tmp/venv-call2jwiclg3/script.py /tmp/venv-call2jwiclg3/script.in /tmp/venv-call2jwiclg3/script.out /tmp/venv-call2jwiclg3/string_args.txt /tmp/venv-call2jwiclg3/termination.log
[2025-06-27T16:58:39.333+0000] {process_utils.py:190} INFO - Output:
[2025-06-27T16:58:41.646+0000] {process_utils.py:194} INFO - Hello World with some numpy stuff: [0 1 2 3 4 5]
[2025-06-27T16:58:42.061+0000] {python.py:240} INFO - Done. Returned value was: None
[2025-06-27T16:58:42.073+0000] {taskinstance.py:341} INFO - ::group::Post task execution logs
[2025-06-27T16:58:42.074+0000] {taskinstance.py:353} INFO - Marking task as SUCCESS. dag_id=example_branch_operator, task_id=venv_b, run_id=scheduled__2025-06-22T00:00:00+00:00, execution_date=20250622T000000, start_date=20250627T165838, end_date=20250627T165842
[2025-06-27T16:58:42.100+0000] {logging_mixin.py:190} INFO - Task instance in success state
[2025-06-27T16:58:42.100+0000] {logging_mixin.py:190} INFO -  Previous state of the Task instance: running
[2025-06-27T16:58:42.101+0000] {logging_mixin.py:190} INFO - Dag name:example_branch_operator queued_at:2025-06-27 16:57:55.584198+00:00
[2025-06-27T16:58:42.101+0000] {logging_mixin.py:190} INFO - Task hostname:a5c304807a12 operator:PythonVirtualenvOperator
[2025-06-27T16:58:42.149+0000] {local_task_job_runner.py:266} INFO - Task exited with return code 0
[2025-06-27T16:58:42.170+0000] {taskinstance.py:3901} INFO - 0 downstream tasks scheduled from follow-on schedule check
[2025-06-27T16:58:42.173+0000] {local_task_job_runner.py:245} INFO - ::endgroup::
