[2025-06-22T12:23:01.904+0000] {local_task_job_runner.py:123} INFO - ::group::Pre task execution logs
[2025-06-22T12:23:01.927+0000] {taskinstance.py:2614} INFO - Dependencies all met for dep_context=non-requeueable deps ti=<TaskInstance: example_branch_operator.branching_ext_python scheduled__2025-06-21T00:00:00+00:00 [queued]>
[2025-06-22T12:23:01.939+0000] {taskinstance.py:2614} INFO - Dependencies all met for dep_context=requeueable deps ti=<TaskInstance: example_branch_operator.branching_ext_python scheduled__2025-06-21T00:00:00+00:00 [queued]>
[2025-06-22T12:23:01.939+0000] {taskinstance.py:2867} INFO - Starting attempt 1 of 1
[2025-06-22T12:23:02.123+0000] {taskinstance.py:2890} INFO - Executing <Task(BranchExternalPythonOperator): branching_ext_python> on 2025-06-21 00:00:00+00:00
[2025-06-22T12:23:02.133+0000] {warnings.py:112} WARNING - /home/***/.local/lib/python3.12/site-packages/***/task/task_runner/standard_task_runner.py:70: DeprecationWarning: This process (pid=329) is multi-threaded, use of fork() may lead to deadlocks in the child.
  pid = os.fork()

[2025-06-22T12:23:02.135+0000] {standard_task_runner.py:72} INFO - Started process 339 to run task
[2025-06-22T12:23:02.136+0000] {standard_task_runner.py:104} INFO - Running: ['***', 'tasks', 'run', 'example_branch_operator', 'branching_ext_python', 'scheduled__2025-06-21T00:00:00+00:00', '--job-id', '51', '--raw', '--subdir', '/home/***/.local/lib/python3.12/site-packages/***/example_dags/example_branch_operator.py', '--cfg-path', '/tmp/tmpwtkghw7p']
[2025-06-22T12:23:02.138+0000] {standard_task_runner.py:105} INFO - Job 51: Subtask branching_ext_python
[2025-06-22T12:23:02.211+0000] {task_command.py:467} INFO - Running <TaskInstance: example_branch_operator.branching_ext_python scheduled__2025-06-21T00:00:00+00:00 [running]> on host 342e1477a02c
[2025-06-22T12:23:02.311+0000] {taskinstance.py:3134} INFO - Exporting env vars: AIRFLOW_CTX_DAG_OWNER='***' AIRFLOW_CTX_DAG_ID='example_branch_operator' AIRFLOW_CTX_TASK_ID='branching_ext_python' AIRFLOW_CTX_EXECUTION_DATE='2025-06-21T00:00:00+00:00' AIRFLOW_CTX_TRY_NUMBER='1' AIRFLOW_CTX_DAG_RUN_ID='scheduled__2025-06-21T00:00:00+00:00'
[2025-06-22T12:23:02.313+0000] {logging_mixin.py:190} INFO - Task instance is in running state
[2025-06-22T12:23:02.314+0000] {logging_mixin.py:190} INFO -  Previous state of the Task instance: queued
[2025-06-22T12:23:02.314+0000] {logging_mixin.py:190} INFO - Current task name:branching_ext_python state:running start_date:2025-06-22 12:23:01.928529+00:00
[2025-06-22T12:23:02.315+0000] {logging_mixin.py:190} INFO - Dag name:example_branch_operator and current dag run status:running
[2025-06-22T12:23:02.315+0000] {taskinstance.py:732} INFO - ::endgroup::
[2025-06-22T12:23:02.316+0000] {baseoperator.py:423} WARNING - BranchExternalPythonOperator.execute cannot be called outside TaskInstance!
[2025-06-22T12:23:02.661+0000] {baseoperator.py:423} WARNING - BranchExternalPythonOperator.execute cannot be called outside TaskInstance!
[2025-06-22T12:23:02.692+0000] {python.py:513} INFO - Use 'pickle' as serializer.
[2025-06-22T12:23:02.705+0000] {process_utils.py:186} INFO - Executing cmd: /home/***/.local/bin/python /tmp/venv-call5pw8xkc8/script.py /tmp/venv-call5pw8xkc8/script.in /tmp/venv-call5pw8xkc8/script.out /tmp/venv-call5pw8xkc8/string_args.txt /tmp/venv-call5pw8xkc8/termination.log
[2025-06-22T12:23:02.707+0000] {process_utils.py:190} INFO - Output:
[2025-06-22T12:23:05.956+0000] {python.py:240} INFO - Done. Returned value was: ext_py_c
[2025-06-22T12:23:05.956+0000] {branch.py:38} INFO - Branch into ext_py_c
[2025-06-22T12:23:05.957+0000] {skipmixin.py:233} INFO - Following branch ('ext_py_c',)
[2025-06-22T12:23:05.973+0000] {skipmixin.py:281} INFO - Skipping tasks [('ext_py_d', -1), ('ext_py_b', -1), ('ext_py_a', -1)]
[2025-06-22T12:23:06.009+0000] {taskinstance.py:341} INFO - ::group::Post task execution logs
[2025-06-22T12:23:06.010+0000] {taskinstance.py:353} INFO - Marking task as SUCCESS. dag_id=example_branch_operator, task_id=branching_ext_python, run_id=scheduled__2025-06-21T00:00:00+00:00, execution_date=20250621T000000, start_date=20250622T122301, end_date=20250622T122306
[2025-06-22T12:23:06.034+0000] {logging_mixin.py:190} INFO - Task instance in success state
[2025-06-22T12:23:06.035+0000] {logging_mixin.py:190} INFO -  Previous state of the Task instance: running
[2025-06-22T12:23:06.036+0000] {logging_mixin.py:190} INFO - Dag name:example_branch_operator queued_at:2025-06-22 12:22:49.037973+00:00
[2025-06-22T12:23:06.036+0000] {logging_mixin.py:190} INFO - Task hostname:342e1477a02c operator:BranchExternalPythonOperator
[2025-06-22T12:23:06.082+0000] {local_task_job_runner.py:266} INFO - Task exited with return code 0
[2025-06-22T12:23:06.114+0000] {taskinstance.py:3901} INFO - 1 downstream tasks scheduled from follow-on schedule check
[2025-06-22T12:23:06.118+0000] {local_task_job_runner.py:245} INFO - ::endgroup::
[2025-06-22T12:38:17.008+0000] {local_task_job_runner.py:123} INFO - ::group::Pre task execution logs
[2025-06-22T12:38:17.028+0000] {taskinstance.py:2614} INFO - Dependencies all met for dep_context=non-requeueable deps ti=<TaskInstance: example_branch_operator.branching_ext_python scheduled__2025-06-21T00:00:00+00:00 [queued]>
[2025-06-22T12:38:17.041+0000] {taskinstance.py:2614} INFO - Dependencies all met for dep_context=requeueable deps ti=<TaskInstance: example_branch_operator.branching_ext_python scheduled__2025-06-21T00:00:00+00:00 [queued]>
[2025-06-22T12:38:17.042+0000] {taskinstance.py:2867} INFO - Starting attempt 1 of 1
[2025-06-22T12:38:17.193+0000] {taskinstance.py:2890} INFO - Executing <Task(BranchExternalPythonOperator): branching_ext_python> on 2025-06-21 00:00:00+00:00
[2025-06-22T12:38:17.201+0000] {warnings.py:112} WARNING - /home/***/.local/lib/python3.12/site-packages/***/task/task_runner/standard_task_runner.py:70: DeprecationWarning: This process (pid=347) is multi-threaded, use of fork() may lead to deadlocks in the child.
  pid = os.fork()

[2025-06-22T12:38:17.203+0000] {standard_task_runner.py:72} INFO - Started process 351 to run task
[2025-06-22T12:38:17.203+0000] {standard_task_runner.py:104} INFO - Running: ['***', 'tasks', 'run', 'example_branch_operator', 'branching_ext_python', 'scheduled__2025-06-21T00:00:00+00:00', '--job-id', '57', '--raw', '--subdir', '/home/***/.local/lib/python3.12/site-packages/***/example_dags/example_branch_operator.py', '--cfg-path', '/tmp/tmp7pui48kp']
[2025-06-22T12:38:17.204+0000] {standard_task_runner.py:105} INFO - Job 57: Subtask branching_ext_python
[2025-06-22T12:38:17.263+0000] {task_command.py:467} INFO - Running <TaskInstance: example_branch_operator.branching_ext_python scheduled__2025-06-21T00:00:00+00:00 [running]> on host a5c304807a12
[2025-06-22T12:38:17.346+0000] {taskinstance.py:3134} INFO - Exporting env vars: AIRFLOW_CTX_DAG_OWNER='***' AIRFLOW_CTX_DAG_ID='example_branch_operator' AIRFLOW_CTX_TASK_ID='branching_ext_python' AIRFLOW_CTX_EXECUTION_DATE='2025-06-21T00:00:00+00:00' AIRFLOW_CTX_TRY_NUMBER='1' AIRFLOW_CTX_DAG_RUN_ID='scheduled__2025-06-21T00:00:00+00:00'
[2025-06-22T12:38:17.348+0000] {logging_mixin.py:190} INFO - Task instance is in running state
[2025-06-22T12:38:17.349+0000] {logging_mixin.py:190} INFO -  Previous state of the Task instance: queued
[2025-06-22T12:38:17.349+0000] {logging_mixin.py:190} INFO - Current task name:branching_ext_python state:running start_date:2025-06-22 12:38:17.028880+00:00
[2025-06-22T12:38:17.350+0000] {logging_mixin.py:190} INFO - Dag name:example_branch_operator and current dag run status:running
[2025-06-22T12:38:17.350+0000] {taskinstance.py:732} INFO - ::endgroup::
[2025-06-22T12:38:17.351+0000] {baseoperator.py:423} WARNING - BranchExternalPythonOperator.execute cannot be called outside TaskInstance!
[2025-06-22T12:38:17.688+0000] {baseoperator.py:423} WARNING - BranchExternalPythonOperator.execute cannot be called outside TaskInstance!
[2025-06-22T12:38:17.722+0000] {python.py:513} INFO - Use 'pickle' as serializer.
[2025-06-22T12:38:17.733+0000] {process_utils.py:186} INFO - Executing cmd: /home/***/.local/bin/python /tmp/venv-call9uh1o9gh/script.py /tmp/venv-call9uh1o9gh/script.in /tmp/venv-call9uh1o9gh/script.out /tmp/venv-call9uh1o9gh/string_args.txt /tmp/venv-call9uh1o9gh/termination.log
[2025-06-22T12:38:17.734+0000] {process_utils.py:190} INFO - Output:
[2025-06-22T12:38:20.874+0000] {python.py:240} INFO - Done. Returned value was: ext_py_a
[2025-06-22T12:38:20.875+0000] {branch.py:38} INFO - Branch into ext_py_a
[2025-06-22T12:38:20.875+0000] {skipmixin.py:233} INFO - Following branch ('ext_py_a',)
[2025-06-22T12:38:20.893+0000] {skipmixin.py:281} INFO - Skipping tasks [('ext_py_d', -1), ('ext_py_b', -1), ('ext_py_c', -1)]
[2025-06-22T12:38:20.934+0000] {taskinstance.py:341} INFO - ::group::Post task execution logs
[2025-06-22T12:38:20.934+0000] {taskinstance.py:353} INFO - Marking task as SUCCESS. dag_id=example_branch_operator, task_id=branching_ext_python, run_id=scheduled__2025-06-21T00:00:00+00:00, execution_date=20250621T000000, start_date=20250622T123817, end_date=20250622T123820
[2025-06-22T12:38:20.962+0000] {logging_mixin.py:190} INFO - Task instance in success state
[2025-06-22T12:38:20.962+0000] {logging_mixin.py:190} INFO -  Previous state of the Task instance: running
[2025-06-22T12:38:20.963+0000] {logging_mixin.py:190} INFO - Dag name:example_branch_operator queued_at:2025-06-22 12:38:03.528600+00:00
[2025-06-22T12:38:20.963+0000] {logging_mixin.py:190} INFO - Task hostname:a5c304807a12 operator:BranchExternalPythonOperator
[2025-06-22T12:38:20.989+0000] {local_task_job_runner.py:266} INFO - Task exited with return code 0
[2025-06-22T12:38:21.026+0000] {taskinstance.py:3901} INFO - 1 downstream tasks scheduled from follow-on schedule check
[2025-06-22T12:38:21.032+0000] {local_task_job_runner.py:245} INFO - ::endgroup::
