[2025-06-22T12:22:52.959+0000] {local_task_job_runner.py:123} INFO - ::group::Pre task execution logs
[2025-06-22T12:22:52.981+0000] {taskinstance.py:2614} INFO - Dependencies all met for dep_context=non-requeueable deps ti=<TaskInstance: tutorial.sleep scheduled__2025-06-21T00:00:00+00:00 [queued]>
[2025-06-22T12:22:52.994+0000] {taskinstance.py:2614} INFO - Dependencies all met for dep_context=requeueable deps ti=<TaskInstance: tutorial.sleep scheduled__2025-06-21T00:00:00+00:00 [queued]>
[2025-06-22T12:22:52.995+0000] {taskinstance.py:2867} INFO - Starting attempt 1 of 4
[2025-06-22T12:22:53.180+0000] {taskinstance.py:2890} INFO - Executing <Task(BashOperator): sleep> on 2025-06-21 00:00:00+00:00
[2025-06-22T12:22:53.189+0000] {warnings.py:112} WARNING - /home/***/.local/lib/python3.12/site-packages/***/task/task_runner/standard_task_runner.py:70: DeprecationWarning: This process (pid=241) is multi-threaded, use of fork() may lead to deadlocks in the child.
  pid = os.fork()

[2025-06-22T12:22:53.191+0000] {standard_task_runner.py:72} INFO - Started process 287 to run task
[2025-06-22T12:22:53.191+0000] {standard_task_runner.py:104} INFO - Running: ['***', 'tasks', 'run', 'tutorial', 'sleep', 'scheduled__2025-06-21T00:00:00+00:00', '--job-id', '44', '--raw', '--subdir', '/home/***/.local/lib/python3.12/site-packages/***/example_dags/tutorial.py', '--cfg-path', '/tmp/tmpo8w5wkyc']
[2025-06-22T12:22:53.192+0000] {standard_task_runner.py:105} INFO - Job 44: Subtask sleep
[2025-06-22T12:22:53.273+0000] {task_command.py:467} INFO - Running <TaskInstance: tutorial.sleep scheduled__2025-06-21T00:00:00+00:00 [running]> on host 342e1477a02c
[2025-06-22T12:22:53.385+0000] {taskinstance.py:3134} INFO - Exporting env vars: AIRFLOW_CTX_DAG_EMAIL='***@example.com' AIRFLOW_CTX_DAG_OWNER='***' AIRFLOW_CTX_DAG_ID='tutorial' AIRFLOW_CTX_TASK_ID='sleep' AIRFLOW_CTX_EXECUTION_DATE='2025-06-21T00:00:00+00:00' AIRFLOW_CTX_TRY_NUMBER='1' AIRFLOW_CTX_DAG_RUN_ID='scheduled__2025-06-21T00:00:00+00:00'
[2025-06-22T12:22:53.386+0000] {logging_mixin.py:190} INFO - Task instance is in running state
[2025-06-22T12:22:53.386+0000] {logging_mixin.py:190} INFO -  Previous state of the Task instance: queued
[2025-06-22T12:22:53.387+0000] {logging_mixin.py:190} INFO - Current task name:sleep state:running start_date:2025-06-22 12:22:52.982602+00:00
[2025-06-22T12:22:53.387+0000] {logging_mixin.py:190} INFO - Dag name:tutorial and current dag run status:running
[2025-06-22T12:22:53.387+0000] {taskinstance.py:732} INFO - ::endgroup::
[2025-06-22T12:22:53.388+0000] {subprocess.py:78} INFO - Tmp dir root location: /tmp
[2025-06-22T12:22:53.389+0000] {subprocess.py:88} INFO - Running command: ['/usr/bin/bash', '-c', 'sleep 5']
[2025-06-22T12:22:53.402+0000] {subprocess.py:99} INFO - Output:
[2025-06-22T12:22:58.406+0000] {subprocess.py:110} INFO - Command exited with return code 0
[2025-06-22T12:22:58.432+0000] {taskinstance.py:341} INFO - ::group::Post task execution logs
[2025-06-22T12:22:58.432+0000] {taskinstance.py:353} INFO - Marking task as SUCCESS. dag_id=tutorial, task_id=sleep, run_id=scheduled__2025-06-21T00:00:00+00:00, execution_date=20250621T000000, start_date=20250622T122252, end_date=20250622T122258
[2025-06-22T12:22:58.457+0000] {logging_mixin.py:190} INFO - Task instance in success state
[2025-06-22T12:22:58.458+0000] {logging_mixin.py:190} INFO -  Previous state of the Task instance: running
[2025-06-22T12:22:58.458+0000] {logging_mixin.py:190} INFO - Dag name:tutorial queued_at:2025-06-22 12:22:41.614272+00:00
[2025-06-22T12:22:58.458+0000] {logging_mixin.py:190} INFO - Task hostname:342e1477a02c operator:BashOperator
[2025-06-22T12:22:58.497+0000] {local_task_job_runner.py:266} INFO - Task exited with return code 0
[2025-06-22T12:22:58.511+0000] {taskinstance.py:3901} INFO - 0 downstream tasks scheduled from follow-on schedule check
[2025-06-22T12:22:58.514+0000] {local_task_job_runner.py:245} INFO - ::endgroup::
[2025-06-22T12:38:08.855+0000] {local_task_job_runner.py:123} INFO - ::group::Pre task execution logs
[2025-06-22T12:38:08.883+0000] {taskinstance.py:2614} INFO - Dependencies all met for dep_context=non-requeueable deps ti=<TaskInstance: tutorial.sleep scheduled__2025-06-21T00:00:00+00:00 [queued]>
[2025-06-22T12:38:08.900+0000] {taskinstance.py:2614} INFO - Dependencies all met for dep_context=requeueable deps ti=<TaskInstance: tutorial.sleep scheduled__2025-06-21T00:00:00+00:00 [queued]>
[2025-06-22T12:38:08.900+0000] {taskinstance.py:2867} INFO - Starting attempt 1 of 4
[2025-06-22T12:38:09.170+0000] {taskinstance.py:2890} INFO - Executing <Task(BashOperator): sleep> on 2025-06-21 00:00:00+00:00
[2025-06-22T12:38:09.187+0000] {warnings.py:112} WARNING - /home/***/.local/lib/python3.12/site-packages/***/task/task_runner/standard_task_runner.py:70: DeprecationWarning: This process (pid=247) is multi-threaded, use of fork() may lead to deadlocks in the child.
  pid = os.fork()

[2025-06-22T12:38:09.193+0000] {standard_task_runner.py:72} INFO - Started process 298 to run task
[2025-06-22T12:38:09.192+0000] {standard_task_runner.py:104} INFO - Running: ['***', 'tasks', 'run', 'tutorial', 'sleep', 'scheduled__2025-06-21T00:00:00+00:00', '--job-id', '46', '--raw', '--subdir', '/home/***/.local/lib/python3.12/site-packages/***/example_dags/tutorial.py', '--cfg-path', '/tmp/tmp67hneh63']
[2025-06-22T12:38:09.194+0000] {standard_task_runner.py:105} INFO - Job 46: Subtask sleep
[2025-06-22T12:38:09.293+0000] {task_command.py:467} INFO - Running <TaskInstance: tutorial.sleep scheduled__2025-06-21T00:00:00+00:00 [running]> on host a5c304807a12
[2025-06-22T12:38:09.434+0000] {taskinstance.py:3134} INFO - Exporting env vars: AIRFLOW_CTX_DAG_EMAIL='***@example.com' AIRFLOW_CTX_DAG_OWNER='***' AIRFLOW_CTX_DAG_ID='tutorial' AIRFLOW_CTX_TASK_ID='sleep' AIRFLOW_CTX_EXECUTION_DATE='2025-06-21T00:00:00+00:00' AIRFLOW_CTX_TRY_NUMBER='1' AIRFLOW_CTX_DAG_RUN_ID='scheduled__2025-06-21T00:00:00+00:00'
[2025-06-22T12:38:09.437+0000] {logging_mixin.py:190} INFO - Task instance is in running state
[2025-06-22T12:38:09.438+0000] {logging_mixin.py:190} INFO -  Previous state of the Task instance: queued
[2025-06-22T12:38:09.438+0000] {logging_mixin.py:190} INFO - Current task name:sleep state:running start_date:2025-06-22 12:38:08.883934+00:00
[2025-06-22T12:38:09.439+0000] {logging_mixin.py:190} INFO - Dag name:tutorial and current dag run status:running
[2025-06-22T12:38:09.439+0000] {taskinstance.py:732} INFO - ::endgroup::
[2025-06-22T12:38:09.441+0000] {subprocess.py:78} INFO - Tmp dir root location: /tmp
[2025-06-22T12:38:09.443+0000] {subprocess.py:88} INFO - Running command: ['/usr/bin/bash', '-c', 'sleep 5']
[2025-06-22T12:38:09.471+0000] {subprocess.py:99} INFO - Output:
[2025-06-22T12:38:14.477+0000] {subprocess.py:110} INFO - Command exited with return code 0
[2025-06-22T12:38:14.507+0000] {taskinstance.py:341} INFO - ::group::Post task execution logs
[2025-06-22T12:38:14.508+0000] {taskinstance.py:353} INFO - Marking task as SUCCESS. dag_id=tutorial, task_id=sleep, run_id=scheduled__2025-06-21T00:00:00+00:00, execution_date=20250621T000000, start_date=20250622T123808, end_date=20250622T123814
[2025-06-22T12:38:14.544+0000] {logging_mixin.py:190} INFO - Task instance in success state
[2025-06-22T12:38:14.545+0000] {logging_mixin.py:190} INFO -  Previous state of the Task instance: running
[2025-06-22T12:38:14.546+0000] {logging_mixin.py:190} INFO - Dag name:tutorial queued_at:2025-06-22 12:37:55.815334+00:00
[2025-06-22T12:38:14.546+0000] {logging_mixin.py:190} INFO - Task hostname:a5c304807a12 operator:BashOperator
[2025-06-22T12:38:14.586+0000] {local_task_job_runner.py:266} INFO - Task exited with return code 0
[2025-06-22T12:38:14.599+0000] {taskinstance.py:3901} INFO - 0 downstream tasks scheduled from follow-on schedule check
[2025-06-22T12:38:14.603+0000] {local_task_job_runner.py:245} INFO - ::endgroup::
