[2025-06-27T16:58:00.481+0000] {local_task_job_runner.py:123} INFO - ::group::Pre task execution logs
[2025-06-27T16:58:00.534+0000] {taskinstance.py:2614} INFO - Dependencies all met for dep_context=non-requeueable deps ti=<TaskInstance: example_bash_operator.also_run_this scheduled__2025-06-22T00:00:00+00:00 [queued]>
[2025-06-27T16:58:00.585+0000] {taskinstance.py:2614} INFO - Dependencies all met for dep_context=requeueable deps ti=<TaskInstance: example_bash_operator.also_run_this scheduled__2025-06-22T00:00:00+00:00 [queued]>
[2025-06-27T16:58:00.587+0000] {taskinstance.py:2867} INFO - Starting attempt 1 of 1
[2025-06-27T16:58:01.124+0000] {taskinstance.py:2890} INFO - Executing <Task(BashOperator): also_run_this> on 2025-06-22 00:00:00+00:00
[2025-06-27T16:58:01.138+0000] {warnings.py:112} WARNING - /home/***/.local/lib/python3.12/site-packages/***/task/task_runner/standard_task_runner.py:70: DeprecationWarning: This process (pid=93) is multi-threaded, use of fork() may lead to deadlocks in the child.
  pid = os.fork()

[2025-06-27T16:58:01.140+0000] {standard_task_runner.py:72} INFO - Started process 144 to run task
[2025-06-27T16:58:01.147+0000] {standard_task_runner.py:104} INFO - Running: ['***', 'tasks', 'run', 'example_bash_operator', 'also_run_this', 'scheduled__2025-06-22T00:00:00+00:00', '--job-id', '73', '--raw', '--subdir', '/home/***/.local/lib/python3.12/site-packages/***/example_dags/example_bash_operator.py', '--cfg-path', '/tmp/tmp4476tqfo']
[2025-06-27T16:58:01.155+0000] {standard_task_runner.py:105} INFO - Job 73: Subtask also_run_this
[2025-06-27T16:58:01.291+0000] {task_command.py:467} INFO - Running <TaskInstance: example_bash_operator.also_run_this scheduled__2025-06-22T00:00:00+00:00 [running]> on host a5c304807a12
[2025-06-27T16:58:01.450+0000] {taskinstance.py:3134} INFO - Exporting env vars: AIRFLOW_CTX_DAG_OWNER='***' AIRFLOW_CTX_DAG_ID='example_bash_operator' AIRFLOW_CTX_TASK_ID='also_run_this' AIRFLOW_CTX_EXECUTION_DATE='2025-06-22T00:00:00+00:00' AIRFLOW_CTX_TRY_NUMBER='1' AIRFLOW_CTX_DAG_RUN_ID='scheduled__2025-06-22T00:00:00+00:00'
[2025-06-27T16:58:01.452+0000] {logging_mixin.py:190} INFO - Task instance is in running state
[2025-06-27T16:58:01.455+0000] {logging_mixin.py:190} INFO -  Previous state of the Task instance: queued
[2025-06-27T16:58:01.455+0000] {logging_mixin.py:190} INFO - Current task name:also_run_this state:running start_date:2025-06-27 16:58:00.535406+00:00
[2025-06-27T16:58:01.456+0000] {logging_mixin.py:190} INFO - Dag name:example_bash_operator and current dag run status:running
[2025-06-27T16:58:01.457+0000] {taskinstance.py:732} INFO - ::endgroup::
[2025-06-27T16:58:01.459+0000] {subprocess.py:78} INFO - Tmp dir root location: /tmp
[2025-06-27T16:58:01.461+0000] {subprocess.py:88} INFO - Running command: ['/usr/bin/bash', '-c', 'echo "ti_key=example_bash_operator__also_run_this__20250622"']
[2025-06-27T16:58:01.490+0000] {subprocess.py:99} INFO - Output:
[2025-06-27T16:58:01.491+0000] {subprocess.py:106} INFO - ti_key=example_bash_operator__also_run_this__20250622
[2025-06-27T16:58:01.492+0000] {subprocess.py:110} INFO - Command exited with return code 0
[2025-06-27T16:58:01.530+0000] {taskinstance.py:341} INFO - ::group::Post task execution logs
[2025-06-27T16:58:01.531+0000] {taskinstance.py:353} INFO - Marking task as SUCCESS. dag_id=example_bash_operator, task_id=also_run_this, run_id=scheduled__2025-06-22T00:00:00+00:00, execution_date=20250622T000000, start_date=20250627T165800, end_date=20250627T165801
[2025-06-27T16:58:01.572+0000] {logging_mixin.py:190} INFO - Task instance in success state
[2025-06-27T16:58:01.573+0000] {logging_mixin.py:190} INFO -  Previous state of the Task instance: running
[2025-06-27T16:58:01.573+0000] {logging_mixin.py:190} INFO - Dag name:example_bash_operator queued_at:2025-06-27 16:57:54.164939+00:00
[2025-06-27T16:58:01.574+0000] {logging_mixin.py:190} INFO - Task hostname:a5c304807a12 operator:BashOperator
[2025-06-27T16:58:01.608+0000] {local_task_job_runner.py:266} INFO - Task exited with return code 0
[2025-06-27T16:58:01.640+0000] {taskinstance.py:3901} INFO - 0 downstream tasks scheduled from follow-on schedule check
[2025-06-27T16:58:01.644+0000] {local_task_job_runner.py:245} INFO - ::endgroup::
