[2025-06-22T12:38:08.073+0000] {local_task_job_runner.py:123} INFO - ::group::Pre task execution logs
[2025-06-22T12:38:08.104+0000] {taskinstance.py:2614} INFO - Dependencies all met for dep_context=non-requeueable deps ti=<TaskInstance: dataset_consumes_1.consuming_1 dataset_triggered__2025-06-22T12:38:00.523233+00:00 [queued]>
[2025-06-22T12:38:08.118+0000] {taskinstance.py:2614} INFO - Dependencies all met for dep_context=requeueable deps ti=<TaskInstance: dataset_consumes_1.consuming_1 dataset_triggered__2025-06-22T12:38:00.523233+00:00 [queued]>
[2025-06-22T12:38:08.119+0000] {taskinstance.py:2867} INFO - Starting attempt 1 of 1
[2025-06-22T12:38:08.412+0000] {taskinstance.py:2890} INFO - Executing <Task(BashOperator): consuming_1> on 2025-06-22 12:38:00.523233+00:00
[2025-06-22T12:38:08.427+0000] {warnings.py:112} WARNING - /home/***/.local/lib/python3.12/site-packages/***/task/task_runner/standard_task_runner.py:70: DeprecationWarning: This process (pid=239) is multi-threaded, use of fork() may lead to deadlocks in the child.
  pid = os.fork()

[2025-06-22T12:38:08.430+0000] {standard_task_runner.py:72} INFO - Started process 289 to run task
[2025-06-22T12:38:08.430+0000] {standard_task_runner.py:104} INFO - Running: ['***', 'tasks', 'run', 'dataset_consumes_1', 'consuming_1', 'dataset_triggered__2025-06-22T12:38:00.523233+00:00', '--job-id', '43', '--raw', '--subdir', '/home/***/.local/lib/python3.12/site-packages/***/example_dags/example_datasets.py', '--cfg-path', '/tmp/tmpektjpa_b']
[2025-06-22T12:38:08.432+0000] {standard_task_runner.py:105} INFO - Job 43: Subtask consuming_1
[2025-06-22T12:38:08.522+0000] {task_command.py:467} INFO - Running <TaskInstance: dataset_consumes_1.consuming_1 dataset_triggered__2025-06-22T12:38:00.523233+00:00 [running]> on host a5c304807a12
[2025-06-22T12:38:08.669+0000] {taskinstance.py:3134} INFO - Exporting env vars: AIRFLOW_CTX_DAG_OWNER='***' AIRFLOW_CTX_DAG_ID='dataset_consumes_1' AIRFLOW_CTX_TASK_ID='consuming_1' AIRFLOW_CTX_EXECUTION_DATE='2025-06-22T12:38:00.523233+00:00' AIRFLOW_CTX_TRY_NUMBER='1' AIRFLOW_CTX_DAG_RUN_ID='dataset_triggered__2025-06-22T12:38:00.523233+00:00'
[2025-06-22T12:38:08.672+0000] {logging_mixin.py:190} INFO - Task instance is in running state
[2025-06-22T12:38:08.673+0000] {logging_mixin.py:190} INFO -  Previous state of the Task instance: queued
[2025-06-22T12:38:08.674+0000] {logging_mixin.py:190} INFO - Current task name:consuming_1 state:running start_date:2025-06-22 12:38:08.106145+00:00
[2025-06-22T12:38:08.674+0000] {logging_mixin.py:190} INFO - Dag name:dataset_consumes_1 and current dag run status:running
[2025-06-22T12:38:08.675+0000] {taskinstance.py:732} INFO - ::endgroup::
[2025-06-22T12:38:08.677+0000] {subprocess.py:78} INFO - Tmp dir root location: /tmp
[2025-06-22T12:38:08.679+0000] {subprocess.py:88} INFO - Running command: ['/usr/bin/bash', '-c', 'sleep 5']
[2025-06-22T12:38:08.703+0000] {subprocess.py:99} INFO - Output:
[2025-06-22T12:38:13.709+0000] {subprocess.py:110} INFO - Command exited with return code 0
[2025-06-22T12:38:13.748+0000] {taskinstance.py:341} INFO - ::group::Post task execution logs
[2025-06-22T12:38:13.749+0000] {taskinstance.py:353} INFO - Marking task as SUCCESS. dag_id=dataset_consumes_1, task_id=consuming_1, run_id=dataset_triggered__2025-06-22T12:38:00.523233+00:00, execution_date=20250622T123800, start_date=20250622T123808, end_date=20250622T123813
[2025-06-22T12:38:13.794+0000] {logging_mixin.py:190} INFO - Task instance in success state
[2025-06-22T12:38:13.795+0000] {logging_mixin.py:190} INFO -  Previous state of the Task instance: running
[2025-06-22T12:38:13.795+0000] {logging_mixin.py:190} INFO - Dag name:dataset_consumes_1 queued_at:2025-06-22 12:38:01.643548+00:00
[2025-06-22T12:38:13.795+0000] {logging_mixin.py:190} INFO - Task hostname:a5c304807a12 operator:BashOperator
[2025-06-22T12:38:13.827+0000] {local_task_job_runner.py:266} INFO - Task exited with return code 0
[2025-06-22T12:38:13.841+0000] {taskinstance.py:3901} INFO - 0 downstream tasks scheduled from follow-on schedule check
[2025-06-22T12:38:13.845+0000] {local_task_job_runner.py:245} INFO - ::endgroup::
