[2025-06-27T16:58:03.274+0000] {local_task_job_runner.py:123} INFO - ::group::Pre task execution logs
[2025-06-27T16:58:03.298+0000] {taskinstance.py:2614} INFO - Dependencies all met for dep_context=non-requeueable deps ti=<TaskInstance: dataset_with_extra_by_yield.dataset_with_extra_by_yield scheduled__2025-06-22T00:00:00+00:00 [queued]>
[2025-06-27T16:58:03.312+0000] {taskinstance.py:2614} INFO - Dependencies all met for dep_context=requeueable deps ti=<TaskInstance: dataset_with_extra_by_yield.dataset_with_extra_by_yield scheduled__2025-06-22T00:00:00+00:00 [queued]>
[2025-06-27T16:58:03.313+0000] {taskinstance.py:2867} INFO - Starting attempt 1 of 1
[2025-06-27T16:58:03.547+0000] {taskinstance.py:2890} INFO - Executing <Task(_PythonDecoratedOperator): dataset_with_extra_by_yield> on 2025-06-22 00:00:00+00:00
[2025-06-27T16:58:03.566+0000] {warnings.py:112} WARNING - /home/***/.local/lib/python3.12/site-packages/***/task/task_runner/standard_task_runner.py:70: DeprecationWarning: This process (pid=124) is multi-threaded, use of fork() may lead to deadlocks in the child.
  pid = os.fork()

[2025-06-27T16:58:03.568+0000] {standard_task_runner.py:72} INFO - Started process 188 to run task
[2025-06-27T16:58:03.569+0000] {standard_task_runner.py:104} INFO - Running: ['***', 'tasks', 'run', 'dataset_with_extra_by_yield', 'dataset_with_extra_by_yield', 'scheduled__2025-06-22T00:00:00+00:00', '--job-id', '85', '--raw', '--subdir', '/home/***/.local/lib/python3.12/site-packages/***/example_dags/example_outlet_event_extra.py', '--cfg-path', '/tmp/tmp8f9ot5pf']
[2025-06-27T16:58:03.572+0000] {standard_task_runner.py:105} INFO - Job 85: Subtask dataset_with_extra_by_yield
[2025-06-27T16:58:03.666+0000] {task_command.py:467} INFO - Running <TaskInstance: dataset_with_extra_by_yield.dataset_with_extra_by_yield scheduled__2025-06-22T00:00:00+00:00 [running]> on host a5c304807a12
[2025-06-27T16:58:03.929+0000] {taskinstance.py:3134} INFO - Exporting env vars: AIRFLOW_CTX_DAG_OWNER='***' AIRFLOW_CTX_DAG_ID='dataset_with_extra_by_yield' AIRFLOW_CTX_TASK_ID='dataset_with_extra_by_yield' AIRFLOW_CTX_EXECUTION_DATE='2025-06-22T00:00:00+00:00' AIRFLOW_CTX_TRY_NUMBER='1' AIRFLOW_CTX_DAG_RUN_ID='scheduled__2025-06-22T00:00:00+00:00'
[2025-06-27T16:58:03.931+0000] {logging_mixin.py:190} INFO - Task instance is in running state
[2025-06-27T16:58:03.938+0000] {logging_mixin.py:190} INFO -  Previous state of the Task instance: queued
[2025-06-27T16:58:03.939+0000] {logging_mixin.py:190} INFO - Current task name:dataset_with_extra_by_yield state:running start_date:2025-06-27 16:58:03.299588+00:00
[2025-06-27T16:58:03.940+0000] {logging_mixin.py:190} INFO - Dag name:dataset_with_extra_by_yield and current dag run status:running
[2025-06-27T16:58:03.941+0000] {taskinstance.py:732} INFO - ::endgroup::
[2025-06-27T16:58:03.948+0000] {warnings.py:112} WARNING - /home/***/.local/lib/python3.12/site-packages/***/utils/operator_helpers.py:262: DeprecationWarning: Accessing outlet_events using string is deprecated and will be removed in Airflow 3. Please use the Dataset or DatasetAlias object (renamed as Asset and AssetAlias in Airflow 3) directly
  self.outlet_events[metadata.uri].extra.update(metadata.extra)

[2025-06-27T16:58:03.949+0000] {python.py:240} INFO - Done. Returned value was: None
[2025-06-27T16:58:04.003+0000] {taskinstance.py:341} INFO - ::group::Post task execution logs
[2025-06-27T16:58:04.007+0000] {taskinstance.py:353} INFO - Marking task as SUCCESS. dag_id=dataset_with_extra_by_yield, task_id=dataset_with_extra_by_yield, run_id=scheduled__2025-06-22T00:00:00+00:00, execution_date=20250622T000000, start_date=20250627T165803, end_date=20250627T165804
[2025-06-27T16:58:04.087+0000] {logging_mixin.py:190} INFO - Task instance in success state
[2025-06-27T16:58:04.092+0000] {logging_mixin.py:190} INFO -  Previous state of the Task instance: running
[2025-06-27T16:58:04.094+0000] {logging_mixin.py:190} INFO - Dag name:dataset_with_extra_by_yield queued_at:2025-06-27 16:57:54.794741+00:00
[2025-06-27T16:58:04.095+0000] {logging_mixin.py:190} INFO - Task hostname:a5c304807a12 operator:_PythonDecoratedOperator
[2025-06-27T16:58:04.159+0000] {local_task_job_runner.py:266} INFO - Task exited with return code 0
[2025-06-27T16:58:04.187+0000] {taskinstance.py:3901} INFO - 0 downstream tasks scheduled from follow-on schedule check
[2025-06-27T16:58:04.191+0000] {local_task_job_runner.py:245} INFO - ::endgroup::
