[2025-06-27T16:58:14.521+0000] {local_task_job_runner.py:123} INFO - ::group::Pre task execution logs
[2025-06-27T16:58:14.548+0000] {taskinstance.py:2614} INFO - Dependencies all met for dep_context=non-requeueable deps ti=<TaskInstance: dataset_with_extra_by_context.dataset_with_extra_by_context scheduled__2025-06-26T00:00:00+00:00 [queued]>
[2025-06-27T16:58:14.563+0000] {taskinstance.py:2614} INFO - Dependencies all met for dep_context=requeueable deps ti=<TaskInstance: dataset_with_extra_by_context.dataset_with_extra_by_context scheduled__2025-06-26T00:00:00+00:00 [queued]>
[2025-06-27T16:58:14.565+0000] {taskinstance.py:2867} INFO - Starting attempt 1 of 1
[2025-06-27T16:58:14.810+0000] {taskinstance.py:2890} INFO - Executing <Task(_PythonDecoratedOperator): dataset_with_extra_by_context> on 2025-06-26 00:00:00+00:00
[2025-06-27T16:58:14.826+0000] {warnings.py:112} WARNING - /home/***/.local/lib/python3.12/site-packages/***/task/task_runner/standard_task_runner.py:70: DeprecationWarning: This process (pid=326) is multi-threaded, use of fork() may lead to deadlocks in the child.
  pid = os.fork()

[2025-06-27T16:58:14.829+0000] {standard_task_runner.py:72} INFO - Started process 360 to run task
[2025-06-27T16:58:14.830+0000] {standard_task_runner.py:104} INFO - Running: ['***', 'tasks', 'run', 'dataset_with_extra_by_context', 'dataset_with_extra_by_context', 'scheduled__2025-06-26T00:00:00+00:00', '--job-id', '127', '--raw', '--subdir', '/home/***/.local/lib/python3.12/site-packages/***/example_dags/example_outlet_event_extra.py', '--cfg-path', '/tmp/tmp7zyz0d4x']
[2025-06-27T16:58:14.832+0000] {standard_task_runner.py:105} INFO - Job 127: Subtask dataset_with_extra_by_context
[2025-06-27T16:58:14.982+0000] {task_command.py:467} INFO - Running <TaskInstance: dataset_with_extra_by_context.dataset_with_extra_by_context scheduled__2025-06-26T00:00:00+00:00 [running]> on host a5c304807a12
[2025-06-27T16:58:15.123+0000] {taskinstance.py:3134} INFO - Exporting env vars: AIRFLOW_CTX_DAG_OWNER='***' AIRFLOW_CTX_DAG_ID='dataset_with_extra_by_context' AIRFLOW_CTX_TASK_ID='dataset_with_extra_by_context' AIRFLOW_CTX_EXECUTION_DATE='2025-06-26T00:00:00+00:00' AIRFLOW_CTX_TRY_NUMBER='1' AIRFLOW_CTX_DAG_RUN_ID='scheduled__2025-06-26T00:00:00+00:00'
[2025-06-27T16:58:15.126+0000] {logging_mixin.py:190} INFO - Task instance is in running state
[2025-06-27T16:58:15.127+0000] {logging_mixin.py:190} INFO -  Previous state of the Task instance: queued
[2025-06-27T16:58:15.129+0000] {logging_mixin.py:190} INFO - Current task name:dataset_with_extra_by_context state:running start_date:2025-06-27 16:58:14.549089+00:00
[2025-06-27T16:58:15.129+0000] {logging_mixin.py:190} INFO - Dag name:dataset_with_extra_by_context and current dag run status:running
[2025-06-27T16:58:15.130+0000] {taskinstance.py:732} INFO - ::endgroup::
[2025-06-27T16:58:15.131+0000] {python.py:240} INFO - Done. Returned value was: None
[2025-06-27T16:58:15.167+0000] {taskinstance.py:341} INFO - ::group::Post task execution logs
[2025-06-27T16:58:15.168+0000] {taskinstance.py:353} INFO - Marking task as SUCCESS. dag_id=dataset_with_extra_by_context, task_id=dataset_with_extra_by_context, run_id=scheduled__2025-06-26T00:00:00+00:00, execution_date=20250626T000000, start_date=20250627T165814, end_date=20250627T165815
[2025-06-27T16:58:15.225+0000] {logging_mixin.py:190} INFO - Task instance in success state
[2025-06-27T16:58:15.226+0000] {logging_mixin.py:190} INFO -  Previous state of the Task instance: running
[2025-06-27T16:58:15.227+0000] {logging_mixin.py:190} INFO - Dag name:dataset_with_extra_by_context queued_at:2025-06-27 16:57:56.477873+00:00
[2025-06-27T16:58:15.229+0000] {logging_mixin.py:190} INFO - Task hostname:a5c304807a12 operator:_PythonDecoratedOperator
[2025-06-27T16:58:15.252+0000] {local_task_job_runner.py:266} INFO - Task exited with return code 0
[2025-06-27T16:58:15.270+0000] {taskinstance.py:3901} INFO - 0 downstream tasks scheduled from follow-on schedule check
[2025-06-27T16:58:15.277+0000] {local_task_job_runner.py:245} INFO - ::endgroup::
