[2025-06-22T12:22:39.012+0000] {local_task_job_runner.py:123} INFO - ::group::Pre task execution logs
[2025-06-22T12:22:39.051+0000] {taskinstance.py:2614} INFO - Dependencies all met for dep_context=non-requeueable deps ti=<TaskInstance: example_subdag_operator.section-1 scheduled__2022-01-01T00:00:00+00:00 [queued]>
[2025-06-22T12:22:39.077+0000] {taskinstance.py:2614} INFO - Dependencies all met for dep_context=requeueable deps ti=<TaskInstance: example_subdag_operator.section-1 scheduled__2022-01-01T00:00:00+00:00 [queued]>
[2025-06-22T12:22:39.085+0000] {taskinstance.py:2867} INFO - Starting attempt 1 of 3
[2025-06-22T12:22:39.507+0000] {taskinstance.py:2890} INFO - Executing <Task(SubDagOperator): section-1> on 2022-01-01 00:00:00+00:00
[2025-06-22T12:22:39.572+0000] {warnings.py:112} WARNING - /home/***/.local/lib/python3.12/site-packages/***/task/task_runner/standard_task_runner.py:70: DeprecationWarning: This process (pid=109) is multi-threaded, use of fork() may lead to deadlocks in the child.
  pid = os.fork()

[2025-06-22T12:22:39.578+0000] {standard_task_runner.py:72} INFO - Started process 150 to run task
[2025-06-22T12:22:39.586+0000] {standard_task_runner.py:104} INFO - Running: ['***', 'tasks', 'run', 'example_subdag_operator', 'section-1', 'scheduled__2022-01-01T00:00:00+00:00', '--job-id', '10', '--raw', '--subdir', '/home/***/.local/lib/python3.12/site-packages/***/example_dags/example_subdag_operator.py', '--cfg-path', '/tmp/tmpjz0eog60']
[2025-06-22T12:22:39.594+0000] {standard_task_runner.py:105} INFO - Job 10: Subtask section-1
[2025-06-22T12:22:39.770+0000] {task_command.py:467} INFO - Running <TaskInstance: example_subdag_operator.section-1 scheduled__2022-01-01T00:00:00+00:00 [running]> on host 342e1477a02c
[2025-06-22T12:22:39.951+0000] {taskinstance.py:3134} INFO - Exporting env vars: AIRFLOW_CTX_DAG_OWNER='***' AIRFLOW_CTX_DAG_ID='example_subdag_operator' AIRFLOW_CTX_TASK_ID='section-1' AIRFLOW_CTX_EXECUTION_DATE='2022-01-01T00:00:00+00:00' AIRFLOW_CTX_TRY_NUMBER='1' AIRFLOW_CTX_DAG_RUN_ID='scheduled__2022-01-01T00:00:00+00:00'
[2025-06-22T12:22:39.958+0000] {warnings.py:112} WARNING - /home/***/.local/lib/python3.12/site-packages/***/operators/subdag.py:167: AirflowContextDeprecationWarning: Accessing 'execution_date' from the template is deprecated and will be removed in a future version. Please use 'data_interval_start' or 'logical_date' instead.
  execution_date = context["execution_date"]

[2025-06-22T12:22:40.069+0000] {subdag.py:183} INFO - Created DagRun: scheduled__2022-01-01T00:00:00+00:00
[2025-06-22T12:22:40.071+0000] {logging_mixin.py:190} INFO - Task instance is in running state
[2025-06-22T12:22:40.072+0000] {logging_mixin.py:190} INFO -  Previous state of the Task instance: queued
[2025-06-22T12:22:40.073+0000] {logging_mixin.py:190} INFO - Current task name:section-1 state:running start_date:2025-06-22 12:22:39.054138+00:00
[2025-06-22T12:22:40.075+0000] {logging_mixin.py:190} INFO - Dag name:example_subdag_operator and current dag run status:running
[2025-06-22T12:22:40.076+0000] {taskinstance.py:732} INFO - ::endgroup::
[2025-06-22T12:22:40.078+0000] {warnings.py:112} WARNING - /home/***/.local/lib/python3.12/site-packages/***/operators/subdag.py:190: AirflowContextDeprecationWarning: Accessing 'execution_date' from the template is deprecated and will be removed in a future version. Please use 'data_interval_start' or 'logical_date' instead.
  execution_date = context["execution_date"]

[2025-06-22T12:23:40.104+0000] {base.py:339} INFO - Success criteria met. Exiting.
[2025-06-22T12:23:40.105+0000] {warnings.py:112} WARNING - /home/***/.local/lib/python3.12/site-packages/***/operators/subdag.py:196: AirflowContextDeprecationWarning: Accessing 'execution_date' from the template is deprecated and will be removed in a future version. Please use 'data_interval_start' or 'logical_date' instead.
  execution_date = context["execution_date"]

[2025-06-22T12:23:40.110+0000] {subdag.py:198} INFO - Execution finished. State is success
[2025-06-22T12:23:40.118+0000] {taskinstance.py:341} INFO - ::group::Post task execution logs
[2025-06-22T12:23:40.119+0000] {taskinstance.py:353} INFO - Marking task as SUCCESS. dag_id=example_subdag_operator, task_id=section-1, run_id=scheduled__2022-01-01T00:00:00+00:00, execution_date=20220101T000000, start_date=20250622T122239, end_date=20250622T122340
[2025-06-22T12:23:40.151+0000] {logging_mixin.py:190} INFO - Task instance in success state
[2025-06-22T12:23:40.151+0000] {logging_mixin.py:190} INFO -  Previous state of the Task instance: running
[2025-06-22T12:23:40.152+0000] {logging_mixin.py:190} INFO - Dag name:example_subdag_operator queued_at:2025-06-22 12:22:35.220287+00:00
[2025-06-22T12:23:40.152+0000] {logging_mixin.py:190} INFO - Task hostname:342e1477a02c operator:SubDagOperator
[2025-06-22T12:23:40.172+0000] {local_task_job_runner.py:266} INFO - Task exited with return code 0
[2025-06-22T12:23:40.190+0000] {taskinstance.py:3901} INFO - 0 downstream tasks scheduled from follow-on schedule check
[2025-06-22T12:23:40.193+0000] {local_task_job_runner.py:245} INFO - ::endgroup::
[2025-06-22T12:37:54.706+0000] {local_task_job_runner.py:123} INFO - ::group::Pre task execution logs
[2025-06-22T12:37:54.767+0000] {taskinstance.py:2614} INFO - Dependencies all met for dep_context=non-requeueable deps ti=<TaskInstance: example_subdag_operator.section-1 scheduled__2022-01-01T00:00:00+00:00 [queued]>
[2025-06-22T12:37:54.789+0000] {taskinstance.py:2614} INFO - Dependencies all met for dep_context=requeueable deps ti=<TaskInstance: example_subdag_operator.section-1 scheduled__2022-01-01T00:00:00+00:00 [queued]>
[2025-06-22T12:37:54.790+0000] {taskinstance.py:2867} INFO - Starting attempt 1 of 3
[2025-06-22T12:37:55.188+0000] {taskinstance.py:2890} INFO - Executing <Task(SubDagOperator): section-1> on 2022-01-01 00:00:00+00:00
[2025-06-22T12:37:55.207+0000] {warnings.py:112} WARNING - /home/***/.local/lib/python3.12/site-packages/***/task/task_runner/standard_task_runner.py:70: DeprecationWarning: This process (pid=106) is multi-threaded, use of fork() may lead to deadlocks in the child.
  pid = os.fork()

[2025-06-22T12:37:55.211+0000] {standard_task_runner.py:72} INFO - Started process 145 to run task
[2025-06-22T12:37:55.219+0000] {standard_task_runner.py:104} INFO - Running: ['***', 'tasks', 'run', 'example_subdag_operator', 'section-1', 'scheduled__2022-01-01T00:00:00+00:00', '--job-id', '11', '--raw', '--subdir', '/home/***/.local/lib/python3.12/site-packages/***/example_dags/example_subdag_operator.py', '--cfg-path', '/tmp/tmp2k8jro1q']
[2025-06-22T12:37:55.221+0000] {standard_task_runner.py:105} INFO - Job 11: Subtask section-1
[2025-06-22T12:37:55.396+0000] {task_command.py:467} INFO - Running <TaskInstance: example_subdag_operator.section-1 scheduled__2022-01-01T00:00:00+00:00 [running]> on host a5c304807a12
[2025-06-22T12:37:55.633+0000] {taskinstance.py:3134} INFO - Exporting env vars: AIRFLOW_CTX_DAG_OWNER='***' AIRFLOW_CTX_DAG_ID='example_subdag_operator' AIRFLOW_CTX_TASK_ID='section-1' AIRFLOW_CTX_EXECUTION_DATE='2022-01-01T00:00:00+00:00' AIRFLOW_CTX_TRY_NUMBER='1' AIRFLOW_CTX_DAG_RUN_ID='scheduled__2022-01-01T00:00:00+00:00'
[2025-06-22T12:37:55.642+0000] {warnings.py:112} WARNING - /home/***/.local/lib/python3.12/site-packages/***/operators/subdag.py:167: AirflowContextDeprecationWarning: Accessing 'execution_date' from the template is deprecated and will be removed in a future version. Please use 'data_interval_start' or 'logical_date' instead.
  execution_date = context["execution_date"]

[2025-06-22T12:37:55.775+0000] {subdag.py:183} INFO - Created DagRun: scheduled__2022-01-01T00:00:00+00:00
[2025-06-22T12:37:55.783+0000] {logging_mixin.py:190} INFO - Task instance is in running state
[2025-06-22T12:37:55.789+0000] {logging_mixin.py:190} INFO -  Previous state of the Task instance: queued
[2025-06-22T12:37:55.791+0000] {logging_mixin.py:190} INFO - Current task name:section-1 state:running start_date:2025-06-22 12:37:54.768834+00:00
[2025-06-22T12:37:55.792+0000] {logging_mixin.py:190} INFO - Dag name:example_subdag_operator and current dag run status:running
[2025-06-22T12:37:55.794+0000] {taskinstance.py:732} INFO - ::endgroup::
[2025-06-22T12:37:55.804+0000] {warnings.py:112} WARNING - /home/***/.local/lib/python3.12/site-packages/***/operators/subdag.py:190: AirflowContextDeprecationWarning: Accessing 'execution_date' from the template is deprecated and will be removed in a future version. Please use 'data_interval_start' or 'logical_date' instead.
  execution_date = context["execution_date"]

[2025-06-22T12:38:55.836+0000] {base.py:339} INFO - Success criteria met. Exiting.
[2025-06-22T12:38:55.837+0000] {warnings.py:112} WARNING - /home/***/.local/lib/python3.12/site-packages/***/operators/subdag.py:196: AirflowContextDeprecationWarning: Accessing 'execution_date' from the template is deprecated and will be removed in a future version. Please use 'data_interval_start' or 'logical_date' instead.
  execution_date = context["execution_date"]

[2025-06-22T12:38:55.847+0000] {subdag.py:198} INFO - Execution finished. State is success
[2025-06-22T12:38:55.858+0000] {taskinstance.py:341} INFO - ::group::Post task execution logs
[2025-06-22T12:38:55.859+0000] {taskinstance.py:353} INFO - Marking task as SUCCESS. dag_id=example_subdag_operator, task_id=section-1, run_id=scheduled__2022-01-01T00:00:00+00:00, execution_date=20220101T000000, start_date=20250622T123754, end_date=20250622T123855
[2025-06-22T12:38:55.897+0000] {logging_mixin.py:190} INFO - Task instance in success state
[2025-06-22T12:38:55.898+0000] {logging_mixin.py:190} INFO -  Previous state of the Task instance: running
[2025-06-22T12:38:55.898+0000] {logging_mixin.py:190} INFO - Dag name:example_subdag_operator queued_at:2025-06-22 12:37:50.885869+00:00
[2025-06-22T12:38:55.899+0000] {logging_mixin.py:190} INFO - Task hostname:a5c304807a12 operator:SubDagOperator
[2025-06-22T12:38:55.944+0000] {local_task_job_runner.py:266} INFO - Task exited with return code 0
[2025-06-22T12:38:55.971+0000] {taskinstance.py:3901} INFO - 0 downstream tasks scheduled from follow-on schedule check
[2025-06-22T12:38:55.975+0000] {local_task_job_runner.py:245} INFO - ::endgroup::
[2025-06-27T16:58:00.455+0000] {local_task_job_runner.py:123} INFO - ::group::Pre task execution logs
[2025-06-27T16:58:00.491+0000] {taskinstance.py:2604} INFO - Dependencies not met for <TaskInstance: example_subdag_operator.section-1 scheduled__2022-01-01T00:00:00+00:00 [success]>, dependency 'Task Instance State' FAILED: Task is in the 'success' state.
[2025-06-27T16:58:00.512+0000] {local_task_job_runner.py:166} INFO - Task is not able to be run
