[2025-06-27T16:58:04.019+0000] {local_task_job_runner.py:123} INFO - ::group::Pre task execution logs
[2025-06-27T16:58:04.043+0000] {taskinstance.py:2614} INFO - Dependencies all met for dep_context=non-requeueable deps ti=<TaskInstance: dataset_with_extra_by_context.dataset_with_extra_by_context scheduled__2025-06-22T00:00:00+00:00 [queued]>
[2025-06-27T16:58:04.060+0000] {taskinstance.py:2614} INFO - Dependencies all met for dep_context=requeueable deps ti=<TaskInstance: dataset_with_extra_by_context.dataset_with_extra_by_context scheduled__2025-06-22T00:00:00+00:00 [queued]>
[2025-06-27T16:58:04.062+0000] {taskinstance.py:2867} INFO - Starting attempt 1 of 1
[2025-06-27T16:58:04.401+0000] {taskinstance.py:2890} INFO - Executing <Task(_PythonDecoratedOperator): dataset_with_extra_by_context> on 2025-06-22 00:00:00+00:00
[2025-06-27T16:58:04.421+0000] {warnings.py:112} WARNING - /home/***/.local/lib/python3.12/site-packages/***/task/task_runner/standard_task_runner.py:70: DeprecationWarning: This process (pid=163) is multi-threaded, use of fork() may lead to deadlocks in the child.
  pid = os.fork()

[2025-06-27T16:58:04.424+0000] {standard_task_runner.py:72} INFO - Started process 198 to run task
[2025-06-27T16:58:04.425+0000] {standard_task_runner.py:104} INFO - Running: ['***', 'tasks', 'run', 'dataset_with_extra_by_context', 'dataset_with_extra_by_context', 'scheduled__2025-06-22T00:00:00+00:00', '--job-id', '87', '--raw', '--subdir', '/home/***/.local/lib/python3.12/site-packages/***/example_dags/example_outlet_event_extra.py', '--cfg-path', '/tmp/tmpxiq0xfu9']
[2025-06-27T16:58:04.427+0000] {standard_task_runner.py:105} INFO - Job 87: Subtask dataset_with_extra_by_context
[2025-06-27T16:58:04.559+0000] {task_command.py:467} INFO - Running <TaskInstance: dataset_with_extra_by_context.dataset_with_extra_by_context scheduled__2025-06-22T00:00:00+00:00 [running]> on host a5c304807a12
[2025-06-27T16:58:04.783+0000] {taskinstance.py:3134} INFO - Exporting env vars: AIRFLOW_CTX_DAG_OWNER='***' AIRFLOW_CTX_DAG_ID='dataset_with_extra_by_context' AIRFLOW_CTX_TASK_ID='dataset_with_extra_by_context' AIRFLOW_CTX_EXECUTION_DATE='2025-06-22T00:00:00+00:00' AIRFLOW_CTX_TRY_NUMBER='1' AIRFLOW_CTX_DAG_RUN_ID='scheduled__2025-06-22T00:00:00+00:00'
[2025-06-27T16:58:04.788+0000] {logging_mixin.py:190} INFO - Task instance is in running state
[2025-06-27T16:58:04.802+0000] {logging_mixin.py:190} INFO -  Previous state of the Task instance: queued
[2025-06-27T16:58:04.803+0000] {logging_mixin.py:190} INFO - Current task name:dataset_with_extra_by_context state:running start_date:2025-06-27 16:58:04.044214+00:00
[2025-06-27T16:58:04.804+0000] {logging_mixin.py:190} INFO - Dag name:dataset_with_extra_by_context and current dag run status:running
[2025-06-27T16:58:04.806+0000] {taskinstance.py:732} INFO - ::endgroup::
[2025-06-27T16:58:04.808+0000] {python.py:240} INFO - Done. Returned value was: None
[2025-06-27T16:58:04.884+0000] {taskinstance.py:341} INFO - ::group::Post task execution logs
[2025-06-27T16:58:04.886+0000] {taskinstance.py:353} INFO - Marking task as SUCCESS. dag_id=dataset_with_extra_by_context, task_id=dataset_with_extra_by_context, run_id=scheduled__2025-06-22T00:00:00+00:00, execution_date=20250622T000000, start_date=20250627T165804, end_date=20250627T165804
[2025-06-27T16:58:05.006+0000] {logging_mixin.py:190} INFO - Task instance in success state
[2025-06-27T16:58:05.009+0000] {logging_mixin.py:190} INFO -  Previous state of the Task instance: running
[2025-06-27T16:58:05.011+0000] {logging_mixin.py:190} INFO - Dag name:dataset_with_extra_by_context queued_at:2025-06-27 16:57:54.860605+00:00
[2025-06-27T16:58:05.014+0000] {logging_mixin.py:190} INFO - Task hostname:a5c304807a12 operator:_PythonDecoratedOperator
[2025-06-27T16:58:05.068+0000] {local_task_job_runner.py:266} INFO - Task exited with return code 0
[2025-06-27T16:58:05.081+0000] {local_task_job_runner.py:245} INFO - ::endgroup::
