[2025-06-22T12:23:08.220+0000] {local_task_job_runner.py:123} INFO - ::group::Pre task execution logs
[2025-06-22T12:23:08.239+0000] {taskinstance.py:2614} INFO - Dependencies all met for dep_context=non-requeueable deps ti=<TaskInstance: example_branch_operator.ext_py_c scheduled__2025-06-21T00:00:00+00:00 [queued]>
[2025-06-22T12:23:08.249+0000] {taskinstance.py:2614} INFO - Dependencies all met for dep_context=requeueable deps ti=<TaskInstance: example_branch_operator.ext_py_c scheduled__2025-06-21T00:00:00+00:00 [queued]>
[2025-06-22T12:23:08.249+0000] {taskinstance.py:2867} INFO - Starting attempt 1 of 1
[2025-06-22T12:23:08.372+0000] {taskinstance.py:2890} INFO - Executing <Task(ExternalPythonOperator): ext_py_c> on 2025-06-21 00:00:00+00:00
[2025-06-22T12:23:08.379+0000] {warnings.py:112} WARNING - /home/***/.local/lib/python3.12/site-packages/***/task/task_runner/standard_task_runner.py:70: DeprecationWarning: This process (pid=393) is multi-threaded, use of fork() may lead to deadlocks in the child.
  pid = os.fork()

[2025-06-22T12:23:08.381+0000] {standard_task_runner.py:72} INFO - Started process 395 to run task
[2025-06-22T12:23:08.381+0000] {standard_task_runner.py:104} INFO - Running: ['***', 'tasks', 'run', 'example_branch_operator', 'ext_py_c', 'scheduled__2025-06-21T00:00:00+00:00', '--job-id', '57', '--raw', '--subdir', '/home/***/.local/lib/python3.12/site-packages/***/example_dags/example_branch_operator.py', '--cfg-path', '/tmp/tmpyv9j9hfh']
[2025-06-22T12:23:08.382+0000] {standard_task_runner.py:105} INFO - Job 57: Subtask ext_py_c
[2025-06-22T12:23:08.441+0000] {task_command.py:467} INFO - Running <TaskInstance: example_branch_operator.ext_py_c scheduled__2025-06-21T00:00:00+00:00 [running]> on host 342e1477a02c
[2025-06-22T12:23:08.513+0000] {taskinstance.py:3134} INFO - Exporting env vars: AIRFLOW_CTX_DAG_OWNER='***' AIRFLOW_CTX_DAG_ID='example_branch_operator' AIRFLOW_CTX_TASK_ID='ext_py_c' AIRFLOW_CTX_EXECUTION_DATE='2025-06-21T00:00:00+00:00' AIRFLOW_CTX_TRY_NUMBER='1' AIRFLOW_CTX_DAG_RUN_ID='scheduled__2025-06-21T00:00:00+00:00'
[2025-06-22T12:23:08.514+0000] {logging_mixin.py:190} INFO - Task instance is in running state
[2025-06-22T12:23:08.515+0000] {logging_mixin.py:190} INFO -  Previous state of the Task instance: queued
[2025-06-22T12:23:08.515+0000] {logging_mixin.py:190} INFO - Current task name:ext_py_c state:running start_date:2025-06-22 12:23:08.240562+00:00
[2025-06-22T12:23:08.516+0000] {logging_mixin.py:190} INFO - Dag name:example_branch_operator and current dag run status:running
[2025-06-22T12:23:08.517+0000] {taskinstance.py:732} INFO - ::endgroup::
[2025-06-22T12:23:08.807+0000] {baseoperator.py:423} WARNING - ExternalPythonOperator.execute cannot be called outside TaskInstance!
[2025-06-22T12:23:08.843+0000] {process_utils.py:186} INFO - Executing cmd: /home/***/.local/bin/python /tmp/venv-call7mkbztld/script.py /tmp/venv-call7mkbztld/script.in /tmp/venv-call7mkbztld/script.out /tmp/venv-call7mkbztld/string_args.txt /tmp/venv-call7mkbztld/termination.log
[2025-06-22T12:23:08.844+0000] {process_utils.py:190} INFO - Output:
[2025-06-22T12:23:11.406+0000] {process_utils.py:194} INFO - Hello World from external Python
[2025-06-22T12:23:11.796+0000] {python.py:240} INFO - Done. Returned value was: None
[2025-06-22T12:23:11.806+0000] {taskinstance.py:341} INFO - ::group::Post task execution logs
[2025-06-22T12:23:11.806+0000] {taskinstance.py:353} INFO - Marking task as SUCCESS. dag_id=example_branch_operator, task_id=ext_py_c, run_id=scheduled__2025-06-21T00:00:00+00:00, execution_date=20250621T000000, start_date=20250622T122308, end_date=20250622T122311
[2025-06-22T12:23:11.833+0000] {logging_mixin.py:190} INFO - Task instance in success state
[2025-06-22T12:23:11.833+0000] {logging_mixin.py:190} INFO -  Previous state of the Task instance: running
[2025-06-22T12:23:11.833+0000] {logging_mixin.py:190} INFO - Dag name:example_branch_operator queued_at:2025-06-22 12:22:49.037973+00:00
[2025-06-22T12:23:11.834+0000] {logging_mixin.py:190} INFO - Task hostname:342e1477a02c operator:ExternalPythonOperator
[2025-06-22T12:23:11.846+0000] {local_task_job_runner.py:266} INFO - Task exited with return code 0
[2025-06-22T12:23:11.875+0000] {taskinstance.py:3901} INFO - 0 downstream tasks scheduled from follow-on schedule check
[2025-06-22T12:23:11.878+0000] {local_task_job_runner.py:245} INFO - ::endgroup::
