[2025-06-27T16:58:26.473+0000] {local_task_job_runner.py:123} INFO - ::group::Pre task execution logs
[2025-06-27T16:58:26.688+0000] {taskinstance.py:2614} INFO - Dependencies all met for dep_context=non-requeueable deps ti=<TaskInstance: example_branch_python_operator_decorator.ext_py_c scheduled__2025-06-26T00:00:00+00:00 [queued]>
[2025-06-27T16:58:26.699+0000] {taskinstance.py:2614} INFO - Dependencies all met for dep_context=requeueable deps ti=<TaskInstance: example_branch_python_operator_decorator.ext_py_c scheduled__2025-06-26T00:00:00+00:00 [queued]>
[2025-06-27T16:58:26.700+0000] {taskinstance.py:2867} INFO - Starting attempt 1 of 1
[2025-06-27T16:58:26.717+0000] {taskinstance.py:2890} INFO - Executing <Task(_PythonExternalDecoratedOperator): ext_py_c> on 2025-06-26 00:00:00+00:00
[2025-06-27T16:58:26.724+0000] {warnings.py:112} WARNING - /home/***/.local/lib/python3.12/site-packages/***/task/task_runner/standard_task_runner.py:70: DeprecationWarning: This process (pid=525) is multi-threaded, use of fork() may lead to deadlocks in the child.
  pid = os.fork()

[2025-06-27T16:58:26.726+0000] {standard_task_runner.py:72} INFO - Started process 538 to run task
[2025-06-27T16:58:26.727+0000] {standard_task_runner.py:104} INFO - Running: ['***', 'tasks', 'run', 'example_branch_python_operator_decorator', 'ext_py_c', 'scheduled__2025-06-26T00:00:00+00:00', '--job-id', '153', '--raw', '--subdir', '/home/***/.local/lib/python3.12/site-packages/***/example_dags/example_branch_operator_decorator.py', '--cfg-path', '/tmp/tmpdtozetux']
[2025-06-27T16:58:26.729+0000] {standard_task_runner.py:105} INFO - Job 153: Subtask ext_py_c
[2025-06-27T16:58:26.796+0000] {task_command.py:467} INFO - Running <TaskInstance: example_branch_python_operator_decorator.ext_py_c scheduled__2025-06-26T00:00:00+00:00 [running]> on host a5c304807a12
[2025-06-27T16:58:26.907+0000] {taskinstance.py:3134} INFO - Exporting env vars: AIRFLOW_CTX_DAG_OWNER='***' AIRFLOW_CTX_DAG_ID='example_branch_python_operator_decorator' AIRFLOW_CTX_TASK_ID='ext_py_c' AIRFLOW_CTX_EXECUTION_DATE='2025-06-26T00:00:00+00:00' AIRFLOW_CTX_TRY_NUMBER='1' AIRFLOW_CTX_DAG_RUN_ID='scheduled__2025-06-26T00:00:00+00:00'
[2025-06-27T16:58:26.908+0000] {logging_mixin.py:190} INFO - Task instance is in running state
[2025-06-27T16:58:26.909+0000] {logging_mixin.py:190} INFO -  Previous state of the Task instance: queued
[2025-06-27T16:58:26.909+0000] {logging_mixin.py:190} INFO - Current task name:ext_py_c state:running start_date:2025-06-27 16:58:26.689017+00:00
[2025-06-27T16:58:26.909+0000] {logging_mixin.py:190} INFO - Dag name:example_branch_python_operator_decorator and current dag run status:running
[2025-06-27T16:58:26.910+0000] {taskinstance.py:732} INFO - ::endgroup::
[2025-06-27T16:58:27.405+0000] {process_utils.py:186} INFO - Executing cmd: /home/***/.local/bin/python /tmp/venv-callvtl2jyk4/script.py /tmp/venv-callvtl2jyk4/script.in /tmp/venv-callvtl2jyk4/script.out /tmp/venv-callvtl2jyk4/string_args.txt /tmp/venv-callvtl2jyk4/termination.log
[2025-06-27T16:58:27.413+0000] {process_utils.py:190} INFO - Output:
[2025-06-27T16:58:29.904+0000] {process_utils.py:194} INFO - doing something in external Python
[2025-06-27T16:58:30.265+0000] {python.py:240} INFO - Done. Returned value was: None
[2025-06-27T16:58:30.275+0000] {taskinstance.py:341} INFO - ::group::Post task execution logs
[2025-06-27T16:58:30.276+0000] {taskinstance.py:353} INFO - Marking task as SUCCESS. dag_id=example_branch_python_operator_decorator, task_id=ext_py_c, run_id=scheduled__2025-06-26T00:00:00+00:00, execution_date=20250626T000000, start_date=20250627T165826, end_date=20250627T165830
[2025-06-27T16:58:30.299+0000] {logging_mixin.py:190} INFO - Task instance in success state
[2025-06-27T16:58:30.301+0000] {logging_mixin.py:190} INFO -  Previous state of the Task instance: running
[2025-06-27T16:58:30.302+0000] {logging_mixin.py:190} INFO - Dag name:example_branch_python_operator_decorator queued_at:2025-06-27 16:57:55.610279+00:00
[2025-06-27T16:58:30.302+0000] {logging_mixin.py:190} INFO - Task hostname:a5c304807a12 operator:_PythonExternalDecoratedOperator
[2025-06-27T16:58:30.313+0000] {local_task_job_runner.py:266} INFO - Task exited with return code 0
[2025-06-27T16:58:30.342+0000] {taskinstance.py:3901} INFO - 0 downstream tasks scheduled from follow-on schedule check
[2025-06-27T16:58:30.345+0000] {local_task_job_runner.py:245} INFO - ::endgroup::
