[2025-06-22T12:22:45.269+0000] {local_task_job_runner.py:123} INFO - ::group::Pre task execution logs
[2025-06-22T12:22:45.306+0000] {taskinstance.py:2614} INFO - Dependencies all met for dep_context=non-requeueable deps ti=<TaskInstance: example_bash_operator.runme_0 scheduled__2025-06-21T00:00:00+00:00 [queued]>
[2025-06-22T12:22:45.324+0000] {taskinstance.py:2614} INFO - Dependencies all met for dep_context=requeueable deps ti=<TaskInstance: example_bash_operator.runme_0 scheduled__2025-06-21T00:00:00+00:00 [queued]>
[2025-06-22T12:22:45.325+0000] {taskinstance.py:2867} INFO - Starting attempt 1 of 1
[2025-06-22T12:22:45.679+0000] {taskinstance.py:2890} INFO - Executing <Task(BashOperator): runme_0> on 2025-06-21 00:00:00+00:00
[2025-06-22T12:22:45.703+0000] {warnings.py:112} WARNING - /home/***/.local/lib/python3.12/site-packages/***/task/task_runner/standard_task_runner.py:70: DeprecationWarning: This process (pid=168) is multi-threaded, use of fork() may lead to deadlocks in the child.
  pid = os.fork()

[2025-06-22T12:22:45.704+0000] {standard_task_runner.py:104} INFO - Running: ['***', 'tasks', 'run', 'example_bash_operator', 'runme_0', 'scheduled__2025-06-21T00:00:00+00:00', '--job-id', '24', '--raw', '--subdir', '/home/***/.local/lib/python3.12/site-packages/***/example_dags/example_bash_operator.py', '--cfg-path', '/tmp/tmptbm7k9vm']
[2025-06-22T12:22:45.706+0000] {standard_task_runner.py:72} INFO - Started process 199 to run task
[2025-06-22T12:22:45.706+0000] {standard_task_runner.py:105} INFO - Job 24: Subtask runme_0
[2025-06-22T12:22:45.831+0000] {task_command.py:467} INFO - Running <TaskInstance: example_bash_operator.runme_0 scheduled__2025-06-21T00:00:00+00:00 [running]> on host 342e1477a02c
[2025-06-22T12:22:46.016+0000] {taskinstance.py:3134} INFO - Exporting env vars: AIRFLOW_CTX_DAG_OWNER='***' AIRFLOW_CTX_DAG_ID='example_bash_operator' AIRFLOW_CTX_TASK_ID='runme_0' AIRFLOW_CTX_EXECUTION_DATE='2025-06-21T00:00:00+00:00' AIRFLOW_CTX_TRY_NUMBER='1' AIRFLOW_CTX_DAG_RUN_ID='scheduled__2025-06-21T00:00:00+00:00'
[2025-06-22T12:22:46.018+0000] {logging_mixin.py:190} INFO - Task instance is in running state
[2025-06-22T12:22:46.019+0000] {logging_mixin.py:190} INFO -  Previous state of the Task instance: queued
[2025-06-22T12:22:46.019+0000] {logging_mixin.py:190} INFO - Current task name:runme_0 state:running start_date:2025-06-22 12:22:45.308457+00:00
[2025-06-22T12:22:46.020+0000] {logging_mixin.py:190} INFO - Dag name:example_bash_operator and current dag run status:running
[2025-06-22T12:22:46.021+0000] {taskinstance.py:732} INFO - ::endgroup::
[2025-06-22T12:22:46.022+0000] {subprocess.py:78} INFO - Tmp dir root location: /tmp
[2025-06-22T12:22:46.024+0000] {subprocess.py:88} INFO - Running command: ['/usr/bin/bash', '-c', 'echo "example_bash_operator__runme_0__20250621" && sleep 1']
[2025-06-22T12:22:46.056+0000] {subprocess.py:99} INFO - Output:
[2025-06-22T12:22:46.060+0000] {subprocess.py:106} INFO - example_bash_operator__runme_0__20250621
[2025-06-22T12:22:47.062+0000] {subprocess.py:110} INFO - Command exited with return code 0
[2025-06-22T12:22:47.117+0000] {taskinstance.py:341} INFO - ::group::Post task execution logs
[2025-06-22T12:22:47.119+0000] {taskinstance.py:353} INFO - Marking task as SUCCESS. dag_id=example_bash_operator, task_id=runme_0, run_id=scheduled__2025-06-21T00:00:00+00:00, execution_date=20250621T000000, start_date=20250622T122245, end_date=20250622T122247
[2025-06-22T12:22:47.169+0000] {logging_mixin.py:190} INFO - Task instance in success state
[2025-06-22T12:22:47.173+0000] {logging_mixin.py:190} INFO -  Previous state of the Task instance: running
[2025-06-22T12:22:47.173+0000] {logging_mixin.py:190} INFO - Dag name:example_bash_operator queued_at:2025-06-22 12:22:41.022971+00:00
[2025-06-22T12:22:47.174+0000] {logging_mixin.py:190} INFO - Task hostname:342e1477a02c operator:BashOperator
[2025-06-22T12:22:47.243+0000] {local_task_job_runner.py:266} INFO - Task exited with return code 0
[2025-06-22T12:22:47.312+0000] {taskinstance.py:3901} INFO - 0 downstream tasks scheduled from follow-on schedule check
[2025-06-22T12:22:47.339+0000] {local_task_job_runner.py:245} INFO - ::endgroup::
[2025-06-22T12:38:00.013+0000] {local_task_job_runner.py:123} INFO - ::group::Pre task execution logs
[2025-06-22T12:38:00.040+0000] {taskinstance.py:2614} INFO - Dependencies all met for dep_context=non-requeueable deps ti=<TaskInstance: example_bash_operator.runme_0 scheduled__2025-06-21T00:00:00+00:00 [queued]>
[2025-06-22T12:38:00.055+0000] {taskinstance.py:2614} INFO - Dependencies all met for dep_context=requeueable deps ti=<TaskInstance: example_bash_operator.runme_0 scheduled__2025-06-21T00:00:00+00:00 [queued]>
[2025-06-22T12:38:00.056+0000] {taskinstance.py:2867} INFO - Starting attempt 1 of 1
[2025-06-22T12:38:00.080+0000] {taskinstance.py:2890} INFO - Executing <Task(BashOperator): runme_0> on 2025-06-21 00:00:00+00:00
[2025-06-22T12:38:00.095+0000] {warnings.py:112} WARNING - /home/***/.local/lib/python3.12/site-packages/***/task/task_runner/standard_task_runner.py:70: DeprecationWarning: This process (pid=157) is multi-threaded, use of fork() may lead to deadlocks in the child.
  pid = os.fork()

[2025-06-22T12:38:00.097+0000] {standard_task_runner.py:72} INFO - Started process 190 to run task
[2025-06-22T12:38:00.100+0000] {standard_task_runner.py:104} INFO - Running: ['***', 'tasks', 'run', 'example_bash_operator', 'runme_0', 'scheduled__2025-06-21T00:00:00+00:00', '--job-id', '22', '--raw', '--subdir', '/home/***/.local/lib/python3.12/site-packages/***/example_dags/example_bash_operator.py', '--cfg-path', '/tmp/tmpgchf_6_h']
[2025-06-22T12:38:00.102+0000] {standard_task_runner.py:105} INFO - Job 22: Subtask runme_0
[2025-06-22T12:38:00.799+0000] {task_command.py:467} INFO - Running <TaskInstance: example_bash_operator.runme_0 scheduled__2025-06-21T00:00:00+00:00 [running]> on host a5c304807a12
[2025-06-22T12:38:00.998+0000] {taskinstance.py:3134} INFO - Exporting env vars: AIRFLOW_CTX_DAG_OWNER='***' AIRFLOW_CTX_DAG_ID='example_bash_operator' AIRFLOW_CTX_TASK_ID='runme_0' AIRFLOW_CTX_EXECUTION_DATE='2025-06-21T00:00:00+00:00' AIRFLOW_CTX_TRY_NUMBER='1' AIRFLOW_CTX_DAG_RUN_ID='scheduled__2025-06-21T00:00:00+00:00'
[2025-06-22T12:38:01.004+0000] {logging_mixin.py:190} INFO - Task instance is in running state
[2025-06-22T12:38:01.005+0000] {logging_mixin.py:190} INFO -  Previous state of the Task instance: queued
[2025-06-22T12:38:01.009+0000] {logging_mixin.py:190} INFO - Current task name:runme_0 state:running start_date:2025-06-22 12:38:00.040833+00:00
[2025-06-22T12:38:01.009+0000] {logging_mixin.py:190} INFO - Dag name:example_bash_operator and current dag run status:running
[2025-06-22T12:38:01.010+0000] {taskinstance.py:732} INFO - ::endgroup::
[2025-06-22T12:38:01.012+0000] {subprocess.py:78} INFO - Tmp dir root location: /tmp
[2025-06-22T12:38:01.014+0000] {subprocess.py:88} INFO - Running command: ['/usr/bin/bash', '-c', 'echo "example_bash_operator__runme_0__20250621" && sleep 1']
[2025-06-22T12:38:01.045+0000] {subprocess.py:99} INFO - Output:
[2025-06-22T12:38:01.047+0000] {subprocess.py:106} INFO - example_bash_operator__runme_0__20250621
[2025-06-22T12:38:02.054+0000] {subprocess.py:110} INFO - Command exited with return code 0
[2025-06-22T12:38:02.108+0000] {taskinstance.py:341} INFO - ::group::Post task execution logs
[2025-06-22T12:38:02.112+0000] {taskinstance.py:353} INFO - Marking task as SUCCESS. dag_id=example_bash_operator, task_id=runme_0, run_id=scheduled__2025-06-21T00:00:00+00:00, execution_date=20250621T000000, start_date=20250622T123800, end_date=20250622T123802
[2025-06-22T12:38:02.186+0000] {logging_mixin.py:190} INFO - Task instance in success state
[2025-06-22T12:38:02.189+0000] {logging_mixin.py:190} INFO -  Previous state of the Task instance: running
[2025-06-22T12:38:02.190+0000] {logging_mixin.py:190} INFO - Dag name:example_bash_operator queued_at:2025-06-22 12:37:55.075401+00:00
[2025-06-22T12:38:02.191+0000] {logging_mixin.py:190} INFO - Task hostname:a5c304807a12 operator:BashOperator
[2025-06-22T12:38:02.250+0000] {local_task_job_runner.py:266} INFO - Task exited with return code 0
[2025-06-22T12:38:02.795+0000] {taskinstance.py:3901} INFO - 0 downstream tasks scheduled from follow-on schedule check
[2025-06-22T12:38:02.803+0000] {local_task_job_runner.py:245} INFO - ::endgroup::
