[2025-06-22T12:22:39.115+0000] {processor.py:186} INFO - Started process (PID=141) to work on /home/airflow/.local/lib/python3.12/site-packages/airflow/example_dags/example_dag_decorator.py
[2025-06-22T12:22:39.117+0000] {processor.py:914} INFO - Processing file /home/airflow/.local/lib/python3.12/site-packages/airflow/example_dags/example_dag_decorator.py for tasks to queue
[2025-06-22T12:22:39.121+0000] {logging_mixin.py:190} INFO - [2025-06-22T12:22:39.120+0000] {dagbag.py:588} INFO - Filling up the DagBag from /home/airflow/.local/lib/python3.12/site-packages/airflow/example_dags/example_dag_decorator.py
[2025-06-22T12:22:39.923+0000] {processor.py:925} INFO - DAG(s) 'example_dag_decorator' retrieved from /home/airflow/.local/lib/python3.12/site-packages/airflow/example_dags/example_dag_decorator.py
[2025-06-22T12:22:40.143+0000] {logging_mixin.py:190} INFO - [2025-06-22T12:22:40.141+0000] {override.py:1912} INFO - Created Permission View: can read on DAG:example_dag_decorator
[2025-06-22T12:22:40.167+0000] {logging_mixin.py:190} INFO - [2025-06-22T12:22:40.167+0000] {override.py:1912} INFO - Created Permission View: can edit on DAG:example_dag_decorator
[2025-06-22T12:22:40.183+0000] {logging_mixin.py:190} INFO - [2025-06-22T12:22:40.182+0000] {override.py:1912} INFO - Created Permission View: can delete on DAG:example_dag_decorator
[2025-06-22T12:22:40.199+0000] {logging_mixin.py:190} INFO - [2025-06-22T12:22:40.198+0000] {override.py:1912} INFO - Created Permission View: can read on DAG Run:example_dag_decorator
[2025-06-22T12:22:40.213+0000] {logging_mixin.py:190} INFO - [2025-06-22T12:22:40.212+0000] {override.py:1912} INFO - Created Permission View: can create on DAG Run:example_dag_decorator
[2025-06-22T12:22:40.227+0000] {logging_mixin.py:190} INFO - [2025-06-22T12:22:40.226+0000] {override.py:1912} INFO - Created Permission View: can delete on DAG Run:example_dag_decorator
[2025-06-22T12:22:40.237+0000] {logging_mixin.py:190} INFO - [2025-06-22T12:22:40.237+0000] {override.py:1912} INFO - Created Permission View: menu access on DAG Run:example_dag_decorator
[2025-06-22T12:22:40.238+0000] {logging_mixin.py:190} INFO - [2025-06-22T12:22:40.238+0000] {dag.py:3239} INFO - Sync 1 DAGs
[2025-06-22T12:22:40.272+0000] {logging_mixin.py:190} INFO - [2025-06-22T12:22:40.271+0000] {dag.py:3262} INFO - Creating ORM DAG for example_dag_decorator
[2025-06-22T12:22:40.273+0000] {logging_mixin.py:190} INFO - [2025-06-22T12:22:40.273+0000] {dag.py:4180} INFO - Setting next_dagrun for example_dag_decorator to None, run_after=None
[2025-06-22T12:22:40.311+0000] {processor.py:208} INFO - Processing /home/airflow/.local/lib/python3.12/site-packages/airflow/example_dags/example_dag_decorator.py took 1.212 seconds
[2025-06-22T12:23:10.398+0000] {processor.py:186} INFO - Started process (PID=250) to work on /home/airflow/.local/lib/python3.12/site-packages/airflow/example_dags/example_dag_decorator.py
[2025-06-22T12:23:10.399+0000] {processor.py:914} INFO - Processing file /home/airflow/.local/lib/python3.12/site-packages/airflow/example_dags/example_dag_decorator.py for tasks to queue
[2025-06-22T12:23:10.402+0000] {logging_mixin.py:190} INFO - [2025-06-22T12:23:10.401+0000] {dagbag.py:588} INFO - Filling up the DagBag from /home/airflow/.local/lib/python3.12/site-packages/airflow/example_dags/example_dag_decorator.py
[2025-06-22T12:23:10.537+0000] {processor.py:925} INFO - DAG(s) 'example_dag_decorator' retrieved from /home/airflow/.local/lib/python3.12/site-packages/airflow/example_dags/example_dag_decorator.py
[2025-06-22T12:23:10.648+0000] {logging_mixin.py:190} INFO - [2025-06-22T12:23:10.648+0000] {dag.py:3239} INFO - Sync 1 DAGs
[2025-06-22T12:23:10.660+0000] {logging_mixin.py:190} INFO - [2025-06-22T12:23:10.660+0000] {dag.py:4180} INFO - Setting next_dagrun for example_dag_decorator to None, run_after=None
[2025-06-22T12:23:10.681+0000] {processor.py:208} INFO - Processing /home/airflow/.local/lib/python3.12/site-packages/airflow/example_dags/example_dag_decorator.py took 0.289 seconds
[2025-06-22T12:27:20.814+0000] {processor.py:186} INFO - Started process (PID=119) to work on /home/airflow/.local/lib/python3.12/site-packages/airflow/example_dags/example_dag_decorator.py
[2025-06-22T12:27:20.815+0000] {processor.py:914} INFO - Processing file /home/airflow/.local/lib/python3.12/site-packages/airflow/example_dags/example_dag_decorator.py for tasks to queue
[2025-06-22T12:27:20.818+0000] {logging_mixin.py:190} INFO - [2025-06-22T12:27:20.817+0000] {dagbag.py:588} INFO - Filling up the DagBag from /home/airflow/.local/lib/python3.12/site-packages/airflow/example_dags/example_dag_decorator.py
[2025-06-22T12:27:20.907+0000] {processor.py:925} INFO - DAG(s) 'example_dag_decorator' retrieved from /home/airflow/.local/lib/python3.12/site-packages/airflow/example_dags/example_dag_decorator.py
[2025-06-22T12:27:20.996+0000] {logging_mixin.py:190} INFO - [2025-06-22T12:27:20.996+0000] {dag.py:3239} INFO - Sync 1 DAGs
[2025-06-22T12:27:21.006+0000] {logging_mixin.py:190} INFO - [2025-06-22T12:27:21.006+0000] {dag.py:4180} INFO - Setting next_dagrun for example_dag_decorator to None, run_after=None
[2025-06-22T12:27:21.023+0000] {processor.py:208} INFO - Processing /home/airflow/.local/lib/python3.12/site-packages/airflow/example_dags/example_dag_decorator.py took 0.214 seconds
[2025-06-22T12:27:51.074+0000] {processor.py:186} INFO - Started process (PID=192) to work on /home/airflow/.local/lib/python3.12/site-packages/airflow/example_dags/example_dag_decorator.py
[2025-06-22T12:27:51.076+0000] {processor.py:914} INFO - Processing file /home/airflow/.local/lib/python3.12/site-packages/airflow/example_dags/example_dag_decorator.py for tasks to queue
[2025-06-22T12:27:51.079+0000] {logging_mixin.py:190} INFO - [2025-06-22T12:27:51.078+0000] {dagbag.py:588} INFO - Filling up the DagBag from /home/airflow/.local/lib/python3.12/site-packages/airflow/example_dags/example_dag_decorator.py
[2025-06-22T12:27:51.174+0000] {processor.py:925} INFO - DAG(s) 'example_dag_decorator' retrieved from /home/airflow/.local/lib/python3.12/site-packages/airflow/example_dags/example_dag_decorator.py
[2025-06-22T12:27:51.303+0000] {logging_mixin.py:190} INFO - [2025-06-22T12:27:51.303+0000] {dag.py:3239} INFO - Sync 1 DAGs
[2025-06-22T12:27:51.318+0000] {logging_mixin.py:190} INFO - [2025-06-22T12:27:51.317+0000] {dag.py:4180} INFO - Setting next_dagrun for example_dag_decorator to None, run_after=None
[2025-06-22T12:27:51.344+0000] {processor.py:208} INFO - Processing /home/airflow/.local/lib/python3.12/site-packages/airflow/example_dags/example_dag_decorator.py took 0.276 seconds
[2025-06-22T12:28:21.446+0000] {processor.py:186} INFO - Started process (PID=261) to work on /home/airflow/.local/lib/python3.12/site-packages/airflow/example_dags/example_dag_decorator.py
[2025-06-22T12:28:21.447+0000] {processor.py:914} INFO - Processing file /home/airflow/.local/lib/python3.12/site-packages/airflow/example_dags/example_dag_decorator.py for tasks to queue
[2025-06-22T12:28:21.449+0000] {logging_mixin.py:190} INFO - [2025-06-22T12:28:21.448+0000] {dagbag.py:588} INFO - Filling up the DagBag from /home/airflow/.local/lib/python3.12/site-packages/airflow/example_dags/example_dag_decorator.py
[2025-06-22T12:28:21.534+0000] {processor.py:925} INFO - DAG(s) 'example_dag_decorator' retrieved from /home/airflow/.local/lib/python3.12/site-packages/airflow/example_dags/example_dag_decorator.py
[2025-06-22T12:28:21.621+0000] {logging_mixin.py:190} INFO - [2025-06-22T12:28:21.620+0000] {dag.py:3239} INFO - Sync 1 DAGs
[2025-06-22T12:28:21.632+0000] {logging_mixin.py:190} INFO - [2025-06-22T12:28:21.632+0000] {dag.py:4180} INFO - Setting next_dagrun for example_dag_decorator to None, run_after=None
[2025-06-22T12:28:21.649+0000] {processor.py:208} INFO - Processing /home/airflow/.local/lib/python3.12/site-packages/airflow/example_dags/example_dag_decorator.py took 0.211 seconds
[2025-06-22T12:28:52.181+0000] {processor.py:186} INFO - Started process (PID=326) to work on /home/airflow/.local/lib/python3.12/site-packages/airflow/example_dags/example_dag_decorator.py
[2025-06-22T12:28:52.181+0000] {processor.py:914} INFO - Processing file /home/airflow/.local/lib/python3.12/site-packages/airflow/example_dags/example_dag_decorator.py for tasks to queue
[2025-06-22T12:28:52.183+0000] {logging_mixin.py:190} INFO - [2025-06-22T12:28:52.183+0000] {dagbag.py:588} INFO - Filling up the DagBag from /home/airflow/.local/lib/python3.12/site-packages/airflow/example_dags/example_dag_decorator.py
[2025-06-22T12:28:52.273+0000] {processor.py:925} INFO - DAG(s) 'example_dag_decorator' retrieved from /home/airflow/.local/lib/python3.12/site-packages/airflow/example_dags/example_dag_decorator.py
[2025-06-22T12:28:52.363+0000] {logging_mixin.py:190} INFO - [2025-06-22T12:28:52.363+0000] {dag.py:3239} INFO - Sync 1 DAGs
[2025-06-22T12:28:52.374+0000] {logging_mixin.py:190} INFO - [2025-06-22T12:28:52.374+0000] {dag.py:4180} INFO - Setting next_dagrun for example_dag_decorator to None, run_after=None
[2025-06-22T12:28:52.391+0000] {processor.py:208} INFO - Processing /home/airflow/.local/lib/python3.12/site-packages/airflow/example_dags/example_dag_decorator.py took 0.215 seconds
[2025-06-22T12:29:22.901+0000] {processor.py:186} INFO - Started process (PID=396) to work on /home/airflow/.local/lib/python3.12/site-packages/airflow/example_dags/example_dag_decorator.py
[2025-06-22T12:29:22.902+0000] {processor.py:914} INFO - Processing file /home/airflow/.local/lib/python3.12/site-packages/airflow/example_dags/example_dag_decorator.py for tasks to queue
[2025-06-22T12:29:22.904+0000] {logging_mixin.py:190} INFO - [2025-06-22T12:29:22.904+0000] {dagbag.py:588} INFO - Filling up the DagBag from /home/airflow/.local/lib/python3.12/site-packages/airflow/example_dags/example_dag_decorator.py
[2025-06-22T12:29:22.988+0000] {processor.py:925} INFO - DAG(s) 'example_dag_decorator' retrieved from /home/airflow/.local/lib/python3.12/site-packages/airflow/example_dags/example_dag_decorator.py
[2025-06-22T12:29:23.079+0000] {logging_mixin.py:190} INFO - [2025-06-22T12:29:23.078+0000] {dag.py:3239} INFO - Sync 1 DAGs
[2025-06-22T12:29:23.089+0000] {logging_mixin.py:190} INFO - [2025-06-22T12:29:23.088+0000] {dag.py:4180} INFO - Setting next_dagrun for example_dag_decorator to None, run_after=None
[2025-06-22T12:29:23.106+0000] {processor.py:208} INFO - Processing /home/airflow/.local/lib/python3.12/site-packages/airflow/example_dags/example_dag_decorator.py took 0.210 seconds
[2025-06-22T12:29:53.200+0000] {processor.py:186} INFO - Started process (PID=460) to work on /home/airflow/.local/lib/python3.12/site-packages/airflow/example_dags/example_dag_decorator.py
[2025-06-22T12:29:53.201+0000] {processor.py:914} INFO - Processing file /home/airflow/.local/lib/python3.12/site-packages/airflow/example_dags/example_dag_decorator.py for tasks to queue
[2025-06-22T12:29:53.203+0000] {logging_mixin.py:190} INFO - [2025-06-22T12:29:53.203+0000] {dagbag.py:588} INFO - Filling up the DagBag from /home/airflow/.local/lib/python3.12/site-packages/airflow/example_dags/example_dag_decorator.py
[2025-06-22T12:29:53.290+0000] {processor.py:925} INFO - DAG(s) 'example_dag_decorator' retrieved from /home/airflow/.local/lib/python3.12/site-packages/airflow/example_dags/example_dag_decorator.py
[2025-06-22T12:29:53.392+0000] {logging_mixin.py:190} INFO - [2025-06-22T12:29:53.392+0000] {dag.py:3239} INFO - Sync 1 DAGs
[2025-06-22T12:29:53.403+0000] {logging_mixin.py:190} INFO - [2025-06-22T12:29:53.402+0000] {dag.py:4180} INFO - Setting next_dagrun for example_dag_decorator to None, run_after=None
[2025-06-22T12:29:53.420+0000] {processor.py:208} INFO - Processing /home/airflow/.local/lib/python3.12/site-packages/airflow/example_dags/example_dag_decorator.py took 0.225 seconds
[2025-06-22T12:30:23.559+0000] {processor.py:186} INFO - Started process (PID=528) to work on /home/airflow/.local/lib/python3.12/site-packages/airflow/example_dags/example_dag_decorator.py
[2025-06-22T12:30:23.560+0000] {processor.py:914} INFO - Processing file /home/airflow/.local/lib/python3.12/site-packages/airflow/example_dags/example_dag_decorator.py for tasks to queue
[2025-06-22T12:30:23.563+0000] {logging_mixin.py:190} INFO - [2025-06-22T12:30:23.563+0000] {dagbag.py:588} INFO - Filling up the DagBag from /home/airflow/.local/lib/python3.12/site-packages/airflow/example_dags/example_dag_decorator.py
[2025-06-22T12:30:23.675+0000] {processor.py:925} INFO - DAG(s) 'example_dag_decorator' retrieved from /home/airflow/.local/lib/python3.12/site-packages/airflow/example_dags/example_dag_decorator.py
[2025-06-22T12:30:23.792+0000] {logging_mixin.py:190} INFO - [2025-06-22T12:30:23.791+0000] {dag.py:3239} INFO - Sync 1 DAGs
[2025-06-22T12:30:23.803+0000] {logging_mixin.py:190} INFO - [2025-06-22T12:30:23.802+0000] {dag.py:4180} INFO - Setting next_dagrun for example_dag_decorator to None, run_after=None
[2025-06-22T12:30:23.824+0000] {processor.py:208} INFO - Processing /home/airflow/.local/lib/python3.12/site-packages/airflow/example_dags/example_dag_decorator.py took 0.271 seconds
[2025-06-22T12:37:53.407+0000] {processor.py:186} INFO - Started process (PID=138) to work on /home/airflow/.local/lib/python3.12/site-packages/airflow/example_dags/example_dag_decorator.py
[2025-06-22T12:37:53.409+0000] {processor.py:914} INFO - Processing file /home/airflow/.local/lib/python3.12/site-packages/airflow/example_dags/example_dag_decorator.py for tasks to queue
[2025-06-22T12:37:53.413+0000] {logging_mixin.py:190} INFO - [2025-06-22T12:37:53.412+0000] {dagbag.py:588} INFO - Filling up the DagBag from /home/airflow/.local/lib/python3.12/site-packages/airflow/example_dags/example_dag_decorator.py
[2025-06-22T12:37:54.114+0000] {processor.py:925} INFO - DAG(s) 'example_dag_decorator' retrieved from /home/airflow/.local/lib/python3.12/site-packages/airflow/example_dags/example_dag_decorator.py
[2025-06-22T12:37:54.324+0000] {logging_mixin.py:190} INFO - [2025-06-22T12:37:54.323+0000] {override.py:1912} INFO - Created Permission View: can delete on DAG:example_dag_decorator
[2025-06-22T12:37:54.347+0000] {logging_mixin.py:190} INFO - [2025-06-22T12:37:54.346+0000] {override.py:1912} INFO - Created Permission View: can edit on DAG:example_dag_decorator
[2025-06-22T12:37:54.365+0000] {logging_mixin.py:190} INFO - [2025-06-22T12:37:54.364+0000] {override.py:1912} INFO - Created Permission View: can read on DAG:example_dag_decorator
[2025-06-22T12:37:54.391+0000] {logging_mixin.py:190} INFO - [2025-06-22T12:37:54.390+0000] {override.py:1912} INFO - Created Permission View: can delete on DAG Run:example_dag_decorator
[2025-06-22T12:37:54.409+0000] {logging_mixin.py:190} INFO - [2025-06-22T12:37:54.409+0000] {override.py:1912} INFO - Created Permission View: can create on DAG Run:example_dag_decorator
[2025-06-22T12:37:54.423+0000] {logging_mixin.py:190} INFO - [2025-06-22T12:37:54.422+0000] {override.py:1912} INFO - Created Permission View: menu access on DAG Run:example_dag_decorator
[2025-06-22T12:37:54.442+0000] {logging_mixin.py:190} INFO - [2025-06-22T12:37:54.441+0000] {override.py:1912} INFO - Created Permission View: can read on DAG Run:example_dag_decorator
[2025-06-22T12:37:54.445+0000] {logging_mixin.py:190} INFO - [2025-06-22T12:37:54.444+0000] {dag.py:3239} INFO - Sync 1 DAGs
[2025-06-22T12:37:54.485+0000] {logging_mixin.py:190} INFO - [2025-06-22T12:37:54.485+0000] {dag.py:3262} INFO - Creating ORM DAG for example_dag_decorator
[2025-06-22T12:37:54.487+0000] {logging_mixin.py:190} INFO - [2025-06-22T12:37:54.487+0000] {dag.py:4180} INFO - Setting next_dagrun for example_dag_decorator to None, run_after=None
[2025-06-22T12:37:54.534+0000] {processor.py:208} INFO - Processing /home/airflow/.local/lib/python3.12/site-packages/airflow/example_dags/example_dag_decorator.py took 1.139 seconds
[2025-06-22T12:38:24.647+0000] {processor.py:186} INFO - Started process (PID=268) to work on /home/airflow/.local/lib/python3.12/site-packages/airflow/example_dags/example_dag_decorator.py
[2025-06-22T12:38:24.649+0000] {processor.py:914} INFO - Processing file /home/airflow/.local/lib/python3.12/site-packages/airflow/example_dags/example_dag_decorator.py for tasks to queue
[2025-06-22T12:38:24.652+0000] {logging_mixin.py:190} INFO - [2025-06-22T12:38:24.651+0000] {dagbag.py:588} INFO - Filling up the DagBag from /home/airflow/.local/lib/python3.12/site-packages/airflow/example_dags/example_dag_decorator.py
[2025-06-22T12:38:24.762+0000] {processor.py:925} INFO - DAG(s) 'example_dag_decorator' retrieved from /home/airflow/.local/lib/python3.12/site-packages/airflow/example_dags/example_dag_decorator.py
[2025-06-22T12:38:24.864+0000] {logging_mixin.py:190} INFO - [2025-06-22T12:38:24.864+0000] {dag.py:3239} INFO - Sync 1 DAGs
[2025-06-22T12:38:24.877+0000] {logging_mixin.py:190} INFO - [2025-06-22T12:38:24.877+0000] {dag.py:4180} INFO - Setting next_dagrun for example_dag_decorator to None, run_after=None
[2025-06-22T12:38:24.899+0000] {processor.py:208} INFO - Processing /home/airflow/.local/lib/python3.12/site-packages/airflow/example_dags/example_dag_decorator.py took 0.258 seconds
