[2025-06-22T12:22:41.273+0000] {processor.py:186} INFO - Started process (PID=153) to work on /home/airflow/.local/lib/python3.12/site-packages/airflow/example_dags/example_branch_python_dop_operator_3.py
[2025-06-22T12:22:41.276+0000] {processor.py:914} INFO - Processing file /home/airflow/.local/lib/python3.12/site-packages/airflow/example_dags/example_branch_python_dop_operator_3.py for tasks to queue
[2025-06-22T12:22:41.280+0000] {logging_mixin.py:190} INFO - [2025-06-22T12:22:41.279+0000] {dagbag.py:588} INFO - Filling up the DagBag from /home/airflow/.local/lib/python3.12/site-packages/airflow/example_dags/example_branch_python_dop_operator_3.py
[2025-06-22T12:22:41.296+0000] {processor.py:925} INFO - DAG(s) 'example_branch_dop_operator_v3' retrieved from /home/airflow/.local/lib/python3.12/site-packages/airflow/example_dags/example_branch_python_dop_operator_3.py
[2025-06-22T12:22:41.544+0000] {logging_mixin.py:190} INFO - [2025-06-22T12:22:41.543+0000] {override.py:1912} INFO - Created Permission View: can read on DAG:example_branch_dop_operator_v3
[2025-06-22T12:22:41.570+0000] {logging_mixin.py:190} INFO - [2025-06-22T12:22:41.569+0000] {override.py:1912} INFO - Created Permission View: can edit on DAG:example_branch_dop_operator_v3
[2025-06-22T12:22:41.589+0000] {logging_mixin.py:190} INFO - [2025-06-22T12:22:41.589+0000] {override.py:1912} INFO - Created Permission View: can delete on DAG:example_branch_dop_operator_v3
[2025-06-22T12:22:41.606+0000] {logging_mixin.py:190} INFO - [2025-06-22T12:22:41.605+0000] {override.py:1912} INFO - Created Permission View: can read on DAG Run:example_branch_dop_operator_v3
[2025-06-22T12:22:41.618+0000] {logging_mixin.py:190} INFO - [2025-06-22T12:22:41.618+0000] {override.py:1912} INFO - Created Permission View: can create on DAG Run:example_branch_dop_operator_v3
[2025-06-22T12:22:41.633+0000] {logging_mixin.py:190} INFO - [2025-06-22T12:22:41.633+0000] {override.py:1912} INFO - Created Permission View: can delete on DAG Run:example_branch_dop_operator_v3
[2025-06-22T12:22:41.652+0000] {logging_mixin.py:190} INFO - [2025-06-22T12:22:41.651+0000] {override.py:1912} INFO - Created Permission View: menu access on DAG Run:example_branch_dop_operator_v3
[2025-06-22T12:22:41.653+0000] {logging_mixin.py:190} INFO - [2025-06-22T12:22:41.652+0000] {dag.py:3239} INFO - Sync 1 DAGs
[2025-06-22T12:22:41.680+0000] {logging_mixin.py:190} INFO - [2025-06-22T12:22:41.680+0000] {dag.py:3262} INFO - Creating ORM DAG for example_branch_dop_operator_v3
[2025-06-22T12:22:41.710+0000] {logging_mixin.py:190} INFO - [2025-06-22T12:22:41.709+0000] {dag.py:4180} INFO - Setting next_dagrun for example_branch_dop_operator_v3 to 2025-06-22 12:21:00+00:00, run_after=2025-06-22 12:22:00+00:00
[2025-06-22T12:22:41.752+0000] {processor.py:208} INFO - Processing /home/airflow/.local/lib/python3.12/site-packages/airflow/example_dags/example_branch_python_dop_operator_3.py took 0.487 seconds
[2025-06-22T12:23:12.709+0000] {processor.py:186} INFO - Started process (PID=254) to work on /home/airflow/.local/lib/python3.12/site-packages/airflow/example_dags/example_branch_python_dop_operator_3.py
[2025-06-22T12:23:12.710+0000] {processor.py:914} INFO - Processing file /home/airflow/.local/lib/python3.12/site-packages/airflow/example_dags/example_branch_python_dop_operator_3.py for tasks to queue
[2025-06-22T12:23:12.712+0000] {logging_mixin.py:190} INFO - [2025-06-22T12:23:12.712+0000] {dagbag.py:588} INFO - Filling up the DagBag from /home/airflow/.local/lib/python3.12/site-packages/airflow/example_dags/example_branch_python_dop_operator_3.py
[2025-06-22T12:23:12.722+0000] {processor.py:925} INFO - DAG(s) 'example_branch_dop_operator_v3' retrieved from /home/airflow/.local/lib/python3.12/site-packages/airflow/example_dags/example_branch_python_dop_operator_3.py
[2025-06-22T12:23:12.741+0000] {logging_mixin.py:190} INFO - [2025-06-22T12:23:12.741+0000] {dag.py:3239} INFO - Sync 1 DAGs
[2025-06-22T12:23:12.772+0000] {logging_mixin.py:190} INFO - [2025-06-22T12:23:12.772+0000] {dag.py:4180} INFO - Setting next_dagrun for example_branch_dop_operator_v3 to 2025-06-22 12:23:00+00:00, run_after=2025-06-22 12:24:00+00:00
[2025-06-22T12:23:12.794+0000] {processor.py:208} INFO - Processing /home/airflow/.local/lib/python3.12/site-packages/airflow/example_dags/example_branch_python_dop_operator_3.py took 0.091 seconds
[2025-06-22T12:27:21.313+0000] {processor.py:186} INFO - Started process (PID=125) to work on /home/airflow/.local/lib/python3.12/site-packages/airflow/example_dags/example_branch_python_dop_operator_3.py
[2025-06-22T12:27:21.314+0000] {processor.py:914} INFO - Processing file /home/airflow/.local/lib/python3.12/site-packages/airflow/example_dags/example_branch_python_dop_operator_3.py for tasks to queue
[2025-06-22T12:27:21.316+0000] {logging_mixin.py:190} INFO - [2025-06-22T12:27:21.315+0000] {dagbag.py:588} INFO - Filling up the DagBag from /home/airflow/.local/lib/python3.12/site-packages/airflow/example_dags/example_branch_python_dop_operator_3.py
[2025-06-22T12:27:21.326+0000] {processor.py:925} INFO - DAG(s) 'example_branch_dop_operator_v3' retrieved from /home/airflow/.local/lib/python3.12/site-packages/airflow/example_dags/example_branch_python_dop_operator_3.py
[2025-06-22T12:27:21.343+0000] {logging_mixin.py:190} INFO - [2025-06-22T12:27:21.343+0000] {dag.py:3239} INFO - Sync 1 DAGs
[2025-06-22T12:27:21.366+0000] {logging_mixin.py:190} INFO - [2025-06-22T12:27:21.366+0000] {dag.py:4180} INFO - Setting next_dagrun for example_branch_dop_operator_v3 to 2025-06-22 12:27:00+00:00, run_after=2025-06-22 12:28:00+00:00
[2025-06-22T12:27:21.386+0000] {processor.py:208} INFO - Processing /home/airflow/.local/lib/python3.12/site-packages/airflow/example_dags/example_branch_python_dop_operator_3.py took 0.078 seconds
[2025-06-22T12:27:51.419+0000] {processor.py:186} INFO - Started process (PID=196) to work on /home/airflow/.local/lib/python3.12/site-packages/airflow/example_dags/example_branch_python_dop_operator_3.py
[2025-06-22T12:27:51.420+0000] {processor.py:914} INFO - Processing file /home/airflow/.local/lib/python3.12/site-packages/airflow/example_dags/example_branch_python_dop_operator_3.py for tasks to queue
[2025-06-22T12:27:51.423+0000] {logging_mixin.py:190} INFO - [2025-06-22T12:27:51.423+0000] {dagbag.py:588} INFO - Filling up the DagBag from /home/airflow/.local/lib/python3.12/site-packages/airflow/example_dags/example_branch_python_dop_operator_3.py
[2025-06-22T12:27:51.434+0000] {processor.py:925} INFO - DAG(s) 'example_branch_dop_operator_v3' retrieved from /home/airflow/.local/lib/python3.12/site-packages/airflow/example_dags/example_branch_python_dop_operator_3.py
[2025-06-22T12:27:51.454+0000] {logging_mixin.py:190} INFO - [2025-06-22T12:27:51.453+0000] {dag.py:3239} INFO - Sync 1 DAGs
[2025-06-22T12:27:51.483+0000] {logging_mixin.py:190} INFO - [2025-06-22T12:27:51.483+0000] {dag.py:4180} INFO - Setting next_dagrun for example_branch_dop_operator_v3 to 2025-06-22 12:27:00+00:00, run_after=2025-06-22 12:28:00+00:00
[2025-06-22T12:27:51.503+0000] {processor.py:208} INFO - Processing /home/airflow/.local/lib/python3.12/site-packages/airflow/example_dags/example_branch_python_dop_operator_3.py took 0.092 seconds
[2025-06-22T12:28:21.774+0000] {processor.py:186} INFO - Started process (PID=266) to work on /home/airflow/.local/lib/python3.12/site-packages/airflow/example_dags/example_branch_python_dop_operator_3.py
[2025-06-22T12:28:21.775+0000] {processor.py:914} INFO - Processing file /home/airflow/.local/lib/python3.12/site-packages/airflow/example_dags/example_branch_python_dop_operator_3.py for tasks to queue
[2025-06-22T12:28:21.777+0000] {logging_mixin.py:190} INFO - [2025-06-22T12:28:21.777+0000] {dagbag.py:588} INFO - Filling up the DagBag from /home/airflow/.local/lib/python3.12/site-packages/airflow/example_dags/example_branch_python_dop_operator_3.py
[2025-06-22T12:28:21.787+0000] {processor.py:925} INFO - DAG(s) 'example_branch_dop_operator_v3' retrieved from /home/airflow/.local/lib/python3.12/site-packages/airflow/example_dags/example_branch_python_dop_operator_3.py
[2025-06-22T12:28:21.804+0000] {logging_mixin.py:190} INFO - [2025-06-22T12:28:21.804+0000] {dag.py:3239} INFO - Sync 1 DAGs
[2025-06-22T12:28:21.830+0000] {logging_mixin.py:190} INFO - [2025-06-22T12:28:21.830+0000] {dag.py:4180} INFO - Setting next_dagrun for example_branch_dop_operator_v3 to 2025-06-22 12:28:00+00:00, run_after=2025-06-22 12:29:00+00:00
[2025-06-22T12:28:21.850+0000] {processor.py:208} INFO - Processing /home/airflow/.local/lib/python3.12/site-packages/airflow/example_dags/example_branch_python_dop_operator_3.py took 0.082 seconds
[2025-06-22T12:28:52.466+0000] {processor.py:186} INFO - Started process (PID=331) to work on /home/airflow/.local/lib/python3.12/site-packages/airflow/example_dags/example_branch_python_dop_operator_3.py
[2025-06-22T12:28:52.467+0000] {processor.py:914} INFO - Processing file /home/airflow/.local/lib/python3.12/site-packages/airflow/example_dags/example_branch_python_dop_operator_3.py for tasks to queue
[2025-06-22T12:28:52.469+0000] {logging_mixin.py:190} INFO - [2025-06-22T12:28:52.469+0000] {dagbag.py:588} INFO - Filling up the DagBag from /home/airflow/.local/lib/python3.12/site-packages/airflow/example_dags/example_branch_python_dop_operator_3.py
[2025-06-22T12:28:52.479+0000] {processor.py:925} INFO - DAG(s) 'example_branch_dop_operator_v3' retrieved from /home/airflow/.local/lib/python3.12/site-packages/airflow/example_dags/example_branch_python_dop_operator_3.py
[2025-06-22T12:28:52.497+0000] {logging_mixin.py:190} INFO - [2025-06-22T12:28:52.496+0000] {dag.py:3239} INFO - Sync 1 DAGs
[2025-06-22T12:28:52.523+0000] {logging_mixin.py:190} INFO - [2025-06-22T12:28:52.522+0000] {dag.py:4180} INFO - Setting next_dagrun for example_branch_dop_operator_v3 to 2025-06-22 12:28:00+00:00, run_after=2025-06-22 12:29:00+00:00
[2025-06-22T12:28:52.541+0000] {processor.py:208} INFO - Processing /home/airflow/.local/lib/python3.12/site-packages/airflow/example_dags/example_branch_python_dop_operator_3.py took 0.080 seconds
[2025-06-22T12:29:23.138+0000] {processor.py:186} INFO - Started process (PID=400) to work on /home/airflow/.local/lib/python3.12/site-packages/airflow/example_dags/example_branch_python_dop_operator_3.py
[2025-06-22T12:29:23.139+0000] {processor.py:914} INFO - Processing file /home/airflow/.local/lib/python3.12/site-packages/airflow/example_dags/example_branch_python_dop_operator_3.py for tasks to queue
[2025-06-22T12:29:23.142+0000] {logging_mixin.py:190} INFO - [2025-06-22T12:29:23.141+0000] {dagbag.py:588} INFO - Filling up the DagBag from /home/airflow/.local/lib/python3.12/site-packages/airflow/example_dags/example_branch_python_dop_operator_3.py
[2025-06-22T12:29:23.152+0000] {processor.py:925} INFO - DAG(s) 'example_branch_dop_operator_v3' retrieved from /home/airflow/.local/lib/python3.12/site-packages/airflow/example_dags/example_branch_python_dop_operator_3.py
[2025-06-22T12:29:23.170+0000] {logging_mixin.py:190} INFO - [2025-06-22T12:29:23.170+0000] {dag.py:3239} INFO - Sync 1 DAGs
[2025-06-22T12:29:23.193+0000] {logging_mixin.py:190} INFO - [2025-06-22T12:29:23.193+0000] {dag.py:4180} INFO - Setting next_dagrun for example_branch_dop_operator_v3 to 2025-06-22 12:29:00+00:00, run_after=2025-06-22 12:30:00+00:00
[2025-06-22T12:29:23.210+0000] {processor.py:208} INFO - Processing /home/airflow/.local/lib/python3.12/site-packages/airflow/example_dags/example_branch_python_dop_operator_3.py took 0.078 seconds
[2025-06-22T12:29:53.652+0000] {processor.py:186} INFO - Started process (PID=464) to work on /home/airflow/.local/lib/python3.12/site-packages/airflow/example_dags/example_branch_python_dop_operator_3.py
[2025-06-22T12:29:53.653+0000] {processor.py:914} INFO - Processing file /home/airflow/.local/lib/python3.12/site-packages/airflow/example_dags/example_branch_python_dop_operator_3.py for tasks to queue
[2025-06-22T12:29:53.655+0000] {logging_mixin.py:190} INFO - [2025-06-22T12:29:53.655+0000] {dagbag.py:588} INFO - Filling up the DagBag from /home/airflow/.local/lib/python3.12/site-packages/airflow/example_dags/example_branch_python_dop_operator_3.py
[2025-06-22T12:29:53.665+0000] {processor.py:925} INFO - DAG(s) 'example_branch_dop_operator_v3' retrieved from /home/airflow/.local/lib/python3.12/site-packages/airflow/example_dags/example_branch_python_dop_operator_3.py
[2025-06-22T12:29:53.682+0000] {logging_mixin.py:190} INFO - [2025-06-22T12:29:53.682+0000] {dag.py:3239} INFO - Sync 1 DAGs
[2025-06-22T12:29:53.706+0000] {logging_mixin.py:190} INFO - [2025-06-22T12:29:53.706+0000] {dag.py:4180} INFO - Setting next_dagrun for example_branch_dop_operator_v3 to 2025-06-22 12:29:00+00:00, run_after=2025-06-22 12:30:00+00:00
[2025-06-22T12:29:53.725+0000] {processor.py:208} INFO - Processing /home/airflow/.local/lib/python3.12/site-packages/airflow/example_dags/example_branch_python_dop_operator_3.py took 0.079 seconds
[2025-06-22T12:30:24.186+0000] {processor.py:186} INFO - Started process (PID=534) to work on /home/airflow/.local/lib/python3.12/site-packages/airflow/example_dags/example_branch_python_dop_operator_3.py
[2025-06-22T12:30:24.187+0000] {processor.py:914} INFO - Processing file /home/airflow/.local/lib/python3.12/site-packages/airflow/example_dags/example_branch_python_dop_operator_3.py for tasks to queue
[2025-06-22T12:30:24.190+0000] {logging_mixin.py:190} INFO - [2025-06-22T12:30:24.190+0000] {dagbag.py:588} INFO - Filling up the DagBag from /home/airflow/.local/lib/python3.12/site-packages/airflow/example_dags/example_branch_python_dop_operator_3.py
[2025-06-22T12:30:24.201+0000] {processor.py:925} INFO - DAG(s) 'example_branch_dop_operator_v3' retrieved from /home/airflow/.local/lib/python3.12/site-packages/airflow/example_dags/example_branch_python_dop_operator_3.py
[2025-06-22T12:30:24.219+0000] {logging_mixin.py:190} INFO - [2025-06-22T12:30:24.219+0000] {dag.py:3239} INFO - Sync 1 DAGs
[2025-06-22T12:30:24.244+0000] {logging_mixin.py:190} INFO - [2025-06-22T12:30:24.244+0000] {dag.py:4180} INFO - Setting next_dagrun for example_branch_dop_operator_v3 to 2025-06-22 12:30:00+00:00, run_after=2025-06-22 12:31:00+00:00
[2025-06-22T12:30:24.261+0000] {processor.py:208} INFO - Processing /home/airflow/.local/lib/python3.12/site-packages/airflow/example_dags/example_branch_python_dop_operator_3.py took 0.080 seconds
[2025-06-22T12:37:55.875+0000] {processor.py:186} INFO - Started process (PID=161) to work on /home/airflow/.local/lib/python3.12/site-packages/airflow/example_dags/example_branch_python_dop_operator_3.py
[2025-06-22T12:37:55.881+0000] {processor.py:914} INFO - Processing file /home/airflow/.local/lib/python3.12/site-packages/airflow/example_dags/example_branch_python_dop_operator_3.py for tasks to queue
[2025-06-22T12:37:55.886+0000] {logging_mixin.py:190} INFO - [2025-06-22T12:37:55.885+0000] {dagbag.py:588} INFO - Filling up the DagBag from /home/airflow/.local/lib/python3.12/site-packages/airflow/example_dags/example_branch_python_dop_operator_3.py
[2025-06-22T12:37:55.910+0000] {processor.py:925} INFO - DAG(s) 'example_branch_dop_operator_v3' retrieved from /home/airflow/.local/lib/python3.12/site-packages/airflow/example_dags/example_branch_python_dop_operator_3.py
[2025-06-22T12:37:56.150+0000] {logging_mixin.py:190} INFO - [2025-06-22T12:37:56.149+0000] {override.py:1912} INFO - Created Permission View: can delete on DAG:example_branch_dop_operator_v3
[2025-06-22T12:37:56.178+0000] {logging_mixin.py:190} INFO - [2025-06-22T12:37:56.177+0000] {override.py:1912} INFO - Created Permission View: can edit on DAG:example_branch_dop_operator_v3
[2025-06-22T12:37:56.198+0000] {logging_mixin.py:190} INFO - [2025-06-22T12:37:56.198+0000] {override.py:1912} INFO - Created Permission View: can read on DAG:example_branch_dop_operator_v3
[2025-06-22T12:37:56.225+0000] {logging_mixin.py:190} INFO - [2025-06-22T12:37:56.224+0000] {override.py:1912} INFO - Created Permission View: can delete on DAG Run:example_branch_dop_operator_v3
[2025-06-22T12:37:56.246+0000] {logging_mixin.py:190} INFO - [2025-06-22T12:37:56.246+0000] {override.py:1912} INFO - Created Permission View: can create on DAG Run:example_branch_dop_operator_v3
[2025-06-22T12:37:56.268+0000] {logging_mixin.py:190} INFO - [2025-06-22T12:37:56.267+0000] {override.py:1912} INFO - Created Permission View: menu access on DAG Run:example_branch_dop_operator_v3
[2025-06-22T12:37:56.285+0000] {logging_mixin.py:190} INFO - [2025-06-22T12:37:56.284+0000] {override.py:1912} INFO - Created Permission View: can read on DAG Run:example_branch_dop_operator_v3
[2025-06-22T12:37:56.286+0000] {logging_mixin.py:190} INFO - [2025-06-22T12:37:56.285+0000] {dag.py:3239} INFO - Sync 1 DAGs
[2025-06-22T12:37:56.328+0000] {logging_mixin.py:190} INFO - [2025-06-22T12:37:56.327+0000] {dag.py:3262} INFO - Creating ORM DAG for example_branch_dop_operator_v3
[2025-06-22T12:37:56.409+0000] {logging_mixin.py:190} INFO - [2025-06-22T12:37:56.408+0000] {dag.py:4180} INFO - Setting next_dagrun for example_branch_dop_operator_v3 to 2025-06-22 12:36:00+00:00, run_after=2025-06-22 12:37:00+00:00
[2025-06-22T12:37:56.467+0000] {processor.py:208} INFO - Processing /home/airflow/.local/lib/python3.12/site-packages/airflow/example_dags/example_branch_python_dop_operator_3.py took 0.603 seconds
[2025-06-22T12:38:26.812+0000] {processor.py:186} INFO - Started process (PID=272) to work on /home/airflow/.local/lib/python3.12/site-packages/airflow/example_dags/example_branch_python_dop_operator_3.py
[2025-06-22T12:38:26.813+0000] {processor.py:914} INFO - Processing file /home/airflow/.local/lib/python3.12/site-packages/airflow/example_dags/example_branch_python_dop_operator_3.py for tasks to queue
[2025-06-22T12:38:26.816+0000] {logging_mixin.py:190} INFO - [2025-06-22T12:38:26.815+0000] {dagbag.py:588} INFO - Filling up the DagBag from /home/airflow/.local/lib/python3.12/site-packages/airflow/example_dags/example_branch_python_dop_operator_3.py
[2025-06-22T12:38:26.829+0000] {processor.py:925} INFO - DAG(s) 'example_branch_dop_operator_v3' retrieved from /home/airflow/.local/lib/python3.12/site-packages/airflow/example_dags/example_branch_python_dop_operator_3.py
[2025-06-22T12:38:26.851+0000] {logging_mixin.py:190} INFO - [2025-06-22T12:38:26.851+0000] {dag.py:3239} INFO - Sync 1 DAGs
[2025-06-22T12:38:26.879+0000] {logging_mixin.py:190} INFO - [2025-06-22T12:38:26.879+0000] {dag.py:4180} INFO - Setting next_dagrun for example_branch_dop_operator_v3 to 2025-06-22 12:38:00+00:00, run_after=2025-06-22 12:39:00+00:00
[2025-06-22T12:38:26.900+0000] {processor.py:208} INFO - Processing /home/airflow/.local/lib/python3.12/site-packages/airflow/example_dags/example_branch_python_dop_operator_3.py took 0.095 seconds
