[2025-06-22T12:22:46.310+0000] {processor.py:186} INFO - Started process (PID=183) to work on /home/airflow/.local/lib/python3.12/site-packages/airflow/example_dags/example_branch_labels.py
[2025-06-22T12:22:46.312+0000] {processor.py:914} INFO - Processing file /home/airflow/.local/lib/python3.12/site-packages/airflow/example_dags/example_branch_labels.py for tasks to queue
[2025-06-22T12:22:46.320+0000] {logging_mixin.py:190} INFO - [2025-06-22T12:22:46.319+0000] {dagbag.py:588} INFO - Filling up the DagBag from /home/airflow/.local/lib/python3.12/site-packages/airflow/example_dags/example_branch_labels.py
[2025-06-22T12:22:46.357+0000] {processor.py:925} INFO - DAG(s) 'example_branch_labels' retrieved from /home/airflow/.local/lib/python3.12/site-packages/airflow/example_dags/example_branch_labels.py
[2025-06-22T12:22:46.640+0000] {logging_mixin.py:190} INFO - [2025-06-22T12:22:46.637+0000] {override.py:1912} INFO - Created Permission View: can read on DAG:example_branch_labels
[2025-06-22T12:22:46.666+0000] {logging_mixin.py:190} INFO - [2025-06-22T12:22:46.665+0000] {override.py:1912} INFO - Created Permission View: can edit on DAG:example_branch_labels
[2025-06-22T12:22:46.676+0000] {logging_mixin.py:190} INFO - [2025-06-22T12:22:46.675+0000] {override.py:1912} INFO - Created Permission View: can delete on DAG:example_branch_labels
[2025-06-22T12:22:46.713+0000] {logging_mixin.py:190} INFO - [2025-06-22T12:22:46.712+0000] {override.py:1912} INFO - Created Permission View: can read on DAG Run:example_branch_labels
[2025-06-22T12:22:46.724+0000] {logging_mixin.py:190} INFO - [2025-06-22T12:22:46.724+0000] {override.py:1912} INFO - Created Permission View: can create on DAG Run:example_branch_labels
[2025-06-22T12:22:46.735+0000] {logging_mixin.py:190} INFO - [2025-06-22T12:22:46.735+0000] {override.py:1912} INFO - Created Permission View: can delete on DAG Run:example_branch_labels
[2025-06-22T12:22:46.746+0000] {logging_mixin.py:190} INFO - [2025-06-22T12:22:46.746+0000] {override.py:1912} INFO - Created Permission View: menu access on DAG Run:example_branch_labels
[2025-06-22T12:22:46.750+0000] {logging_mixin.py:190} INFO - [2025-06-22T12:22:46.750+0000] {dag.py:3239} INFO - Sync 1 DAGs
[2025-06-22T12:22:46.774+0000] {logging_mixin.py:190} INFO - [2025-06-22T12:22:46.774+0000] {dag.py:3262} INFO - Creating ORM DAG for example_branch_labels
[2025-06-22T12:22:46.795+0000] {logging_mixin.py:190} INFO - [2025-06-22T12:22:46.794+0000] {dag.py:4180} INFO - Setting next_dagrun for example_branch_labels to 2025-06-21 00:00:00+00:00, run_after=2025-06-22 00:00:00+00:00
[2025-06-22T12:22:46.829+0000] {processor.py:208} INFO - Processing /home/airflow/.local/lib/python3.12/site-packages/airflow/example_dags/example_branch_labels.py took 0.538 seconds
[2025-06-22T12:23:17.812+0000] {processor.py:186} INFO - Started process (PID=264) to work on /home/airflow/.local/lib/python3.12/site-packages/airflow/example_dags/example_branch_labels.py
[2025-06-22T12:23:17.813+0000] {processor.py:914} INFO - Processing file /home/airflow/.local/lib/python3.12/site-packages/airflow/example_dags/example_branch_labels.py for tasks to queue
[2025-06-22T12:23:17.816+0000] {logging_mixin.py:190} INFO - [2025-06-22T12:23:17.815+0000] {dagbag.py:588} INFO - Filling up the DagBag from /home/airflow/.local/lib/python3.12/site-packages/airflow/example_dags/example_branch_labels.py
[2025-06-22T12:23:17.826+0000] {processor.py:925} INFO - DAG(s) 'example_branch_labels' retrieved from /home/airflow/.local/lib/python3.12/site-packages/airflow/example_dags/example_branch_labels.py
[2025-06-22T12:23:17.847+0000] {logging_mixin.py:190} INFO - [2025-06-22T12:23:17.847+0000] {dag.py:3239} INFO - Sync 1 DAGs
[2025-06-22T12:23:17.871+0000] {logging_mixin.py:190} INFO - [2025-06-22T12:23:17.871+0000] {dag.py:4180} INFO - Setting next_dagrun for example_branch_labels to 2025-06-22 00:00:00+00:00, run_after=2025-06-23 00:00:00+00:00
[2025-06-22T12:23:17.891+0000] {processor.py:208} INFO - Processing /home/airflow/.local/lib/python3.12/site-packages/airflow/example_dags/example_branch_labels.py took 0.087 seconds
[2025-06-22T12:27:23.333+0000] {processor.py:186} INFO - Started process (PID=135) to work on /home/airflow/.local/lib/python3.12/site-packages/airflow/example_dags/example_branch_labels.py
[2025-06-22T12:27:23.334+0000] {processor.py:914} INFO - Processing file /home/airflow/.local/lib/python3.12/site-packages/airflow/example_dags/example_branch_labels.py for tasks to queue
[2025-06-22T12:27:23.338+0000] {logging_mixin.py:190} INFO - [2025-06-22T12:27:23.337+0000] {dagbag.py:588} INFO - Filling up the DagBag from /home/airflow/.local/lib/python3.12/site-packages/airflow/example_dags/example_branch_labels.py
[2025-06-22T12:27:23.353+0000] {processor.py:925} INFO - DAG(s) 'example_branch_labels' retrieved from /home/airflow/.local/lib/python3.12/site-packages/airflow/example_dags/example_branch_labels.py
[2025-06-22T12:27:23.374+0000] {logging_mixin.py:190} INFO - [2025-06-22T12:27:23.374+0000] {dag.py:3239} INFO - Sync 1 DAGs
[2025-06-22T12:27:23.403+0000] {logging_mixin.py:190} INFO - [2025-06-22T12:27:23.403+0000] {dag.py:4180} INFO - Setting next_dagrun for example_branch_labels to 2025-06-22 00:00:00+00:00, run_after=2025-06-23 00:00:00+00:00
[2025-06-22T12:27:23.427+0000] {processor.py:208} INFO - Processing /home/airflow/.local/lib/python3.12/site-packages/airflow/example_dags/example_branch_labels.py took 0.100 seconds
[2025-06-22T12:27:54.036+0000] {processor.py:186} INFO - Started process (PID=207) to work on /home/airflow/.local/lib/python3.12/site-packages/airflow/example_dags/example_branch_labels.py
[2025-06-22T12:27:54.037+0000] {processor.py:914} INFO - Processing file /home/airflow/.local/lib/python3.12/site-packages/airflow/example_dags/example_branch_labels.py for tasks to queue
[2025-06-22T12:27:54.039+0000] {logging_mixin.py:190} INFO - [2025-06-22T12:27:54.038+0000] {dagbag.py:588} INFO - Filling up the DagBag from /home/airflow/.local/lib/python3.12/site-packages/airflow/example_dags/example_branch_labels.py
[2025-06-22T12:27:54.047+0000] {processor.py:925} INFO - DAG(s) 'example_branch_labels' retrieved from /home/airflow/.local/lib/python3.12/site-packages/airflow/example_dags/example_branch_labels.py
[2025-06-22T12:27:54.065+0000] {logging_mixin.py:190} INFO - [2025-06-22T12:27:54.065+0000] {dag.py:3239} INFO - Sync 1 DAGs
[2025-06-22T12:27:54.086+0000] {logging_mixin.py:190} INFO - [2025-06-22T12:27:54.086+0000] {dag.py:4180} INFO - Setting next_dagrun for example_branch_labels to 2025-06-22 00:00:00+00:00, run_after=2025-06-23 00:00:00+00:00
[2025-06-22T12:27:54.103+0000] {processor.py:208} INFO - Processing /home/airflow/.local/lib/python3.12/site-packages/airflow/example_dags/example_branch_labels.py took 0.072 seconds
[2025-06-22T12:28:24.294+0000] {processor.py:186} INFO - Started process (PID=276) to work on /home/airflow/.local/lib/python3.12/site-packages/airflow/example_dags/example_branch_labels.py
[2025-06-22T12:28:24.295+0000] {processor.py:914} INFO - Processing file /home/airflow/.local/lib/python3.12/site-packages/airflow/example_dags/example_branch_labels.py for tasks to queue
[2025-06-22T12:28:24.298+0000] {logging_mixin.py:190} INFO - [2025-06-22T12:28:24.297+0000] {dagbag.py:588} INFO - Filling up the DagBag from /home/airflow/.local/lib/python3.12/site-packages/airflow/example_dags/example_branch_labels.py
[2025-06-22T12:28:24.310+0000] {processor.py:925} INFO - DAG(s) 'example_branch_labels' retrieved from /home/airflow/.local/lib/python3.12/site-packages/airflow/example_dags/example_branch_labels.py
[2025-06-22T12:28:24.332+0000] {logging_mixin.py:190} INFO - [2025-06-22T12:28:24.331+0000] {dag.py:3239} INFO - Sync 1 DAGs
[2025-06-22T12:28:24.361+0000] {logging_mixin.py:190} INFO - [2025-06-22T12:28:24.361+0000] {dag.py:4180} INFO - Setting next_dagrun for example_branch_labels to 2025-06-22 00:00:00+00:00, run_after=2025-06-23 00:00:00+00:00
[2025-06-22T12:28:24.396+0000] {processor.py:208} INFO - Processing /home/airflow/.local/lib/python3.12/site-packages/airflow/example_dags/example_branch_labels.py took 0.108 seconds
[2025-06-22T12:28:55.573+0000] {processor.py:186} INFO - Started process (PID=340) to work on /home/airflow/.local/lib/python3.12/site-packages/airflow/example_dags/example_branch_labels.py
[2025-06-22T12:28:55.574+0000] {processor.py:914} INFO - Processing file /home/airflow/.local/lib/python3.12/site-packages/airflow/example_dags/example_branch_labels.py for tasks to queue
[2025-06-22T12:28:55.577+0000] {logging_mixin.py:190} INFO - [2025-06-22T12:28:55.576+0000] {dagbag.py:588} INFO - Filling up the DagBag from /home/airflow/.local/lib/python3.12/site-packages/airflow/example_dags/example_branch_labels.py
[2025-06-22T12:28:55.585+0000] {processor.py:925} INFO - DAG(s) 'example_branch_labels' retrieved from /home/airflow/.local/lib/python3.12/site-packages/airflow/example_dags/example_branch_labels.py
[2025-06-22T12:28:55.603+0000] {logging_mixin.py:190} INFO - [2025-06-22T12:28:55.603+0000] {dag.py:3239} INFO - Sync 1 DAGs
[2025-06-22T12:28:55.624+0000] {logging_mixin.py:190} INFO - [2025-06-22T12:28:55.624+0000] {dag.py:4180} INFO - Setting next_dagrun for example_branch_labels to 2025-06-22 00:00:00+00:00, run_after=2025-06-23 00:00:00+00:00
[2025-06-22T12:28:55.641+0000] {processor.py:208} INFO - Processing /home/airflow/.local/lib/python3.12/site-packages/airflow/example_dags/example_branch_labels.py took 0.073 seconds
[2025-06-22T12:29:26.192+0000] {processor.py:186} INFO - Started process (PID=409) to work on /home/airflow/.local/lib/python3.12/site-packages/airflow/example_dags/example_branch_labels.py
[2025-06-22T12:29:26.192+0000] {processor.py:914} INFO - Processing file /home/airflow/.local/lib/python3.12/site-packages/airflow/example_dags/example_branch_labels.py for tasks to queue
[2025-06-22T12:29:26.195+0000] {logging_mixin.py:190} INFO - [2025-06-22T12:29:26.194+0000] {dagbag.py:588} INFO - Filling up the DagBag from /home/airflow/.local/lib/python3.12/site-packages/airflow/example_dags/example_branch_labels.py
[2025-06-22T12:29:26.203+0000] {processor.py:925} INFO - DAG(s) 'example_branch_labels' retrieved from /home/airflow/.local/lib/python3.12/site-packages/airflow/example_dags/example_branch_labels.py
[2025-06-22T12:29:26.222+0000] {logging_mixin.py:190} INFO - [2025-06-22T12:29:26.221+0000] {dag.py:3239} INFO - Sync 1 DAGs
[2025-06-22T12:29:26.242+0000] {logging_mixin.py:190} INFO - [2025-06-22T12:29:26.242+0000] {dag.py:4180} INFO - Setting next_dagrun for example_branch_labels to 2025-06-22 00:00:00+00:00, run_after=2025-06-23 00:00:00+00:00
[2025-06-22T12:29:26.258+0000] {processor.py:208} INFO - Processing /home/airflow/.local/lib/python3.12/site-packages/airflow/example_dags/example_branch_labels.py took 0.072 seconds
[2025-06-22T12:29:57.656+0000] {processor.py:186} INFO - Started process (PID=473) to work on /home/airflow/.local/lib/python3.12/site-packages/airflow/example_dags/example_branch_labels.py
[2025-06-22T12:29:57.657+0000] {processor.py:914} INFO - Processing file /home/airflow/.local/lib/python3.12/site-packages/airflow/example_dags/example_branch_labels.py for tasks to queue
[2025-06-22T12:29:57.659+0000] {logging_mixin.py:190} INFO - [2025-06-22T12:29:57.659+0000] {dagbag.py:588} INFO - Filling up the DagBag from /home/airflow/.local/lib/python3.12/site-packages/airflow/example_dags/example_branch_labels.py
[2025-06-22T12:29:57.668+0000] {processor.py:925} INFO - DAG(s) 'example_branch_labels' retrieved from /home/airflow/.local/lib/python3.12/site-packages/airflow/example_dags/example_branch_labels.py
[2025-06-22T12:29:57.687+0000] {logging_mixin.py:190} INFO - [2025-06-22T12:29:57.687+0000] {dag.py:3239} INFO - Sync 1 DAGs
[2025-06-22T12:29:57.709+0000] {logging_mixin.py:190} INFO - [2025-06-22T12:29:57.709+0000] {dag.py:4180} INFO - Setting next_dagrun for example_branch_labels to 2025-06-22 00:00:00+00:00, run_after=2025-06-23 00:00:00+00:00
[2025-06-22T12:29:57.725+0000] {processor.py:208} INFO - Processing /home/airflow/.local/lib/python3.12/site-packages/airflow/example_dags/example_branch_labels.py took 0.075 seconds
[2025-06-22T12:30:29.303+0000] {processor.py:186} INFO - Started process (PID=545) to work on /home/airflow/.local/lib/python3.12/site-packages/airflow/example_dags/example_branch_labels.py
[2025-06-22T12:30:29.304+0000] {processor.py:914} INFO - Processing file /home/airflow/.local/lib/python3.12/site-packages/airflow/example_dags/example_branch_labels.py for tasks to queue
[2025-06-22T12:30:29.306+0000] {logging_mixin.py:190} INFO - [2025-06-22T12:30:29.306+0000] {dagbag.py:588} INFO - Filling up the DagBag from /home/airflow/.local/lib/python3.12/site-packages/airflow/example_dags/example_branch_labels.py
[2025-06-22T12:30:29.315+0000] {processor.py:925} INFO - DAG(s) 'example_branch_labels' retrieved from /home/airflow/.local/lib/python3.12/site-packages/airflow/example_dags/example_branch_labels.py
[2025-06-22T12:30:29.332+0000] {logging_mixin.py:190} INFO - [2025-06-22T12:30:29.332+0000] {dag.py:3239} INFO - Sync 1 DAGs
[2025-06-22T12:30:29.352+0000] {logging_mixin.py:190} INFO - [2025-06-22T12:30:29.352+0000] {dag.py:4180} INFO - Setting next_dagrun for example_branch_labels to 2025-06-22 00:00:00+00:00, run_after=2025-06-23 00:00:00+00:00
[2025-06-22T12:30:29.368+0000] {processor.py:208} INFO - Processing /home/airflow/.local/lib/python3.12/site-packages/airflow/example_dags/example_branch_labels.py took 0.072 seconds
[2025-06-22T12:38:01.062+0000] {processor.py:186} INFO - Started process (PID=180) to work on /home/airflow/.local/lib/python3.12/site-packages/airflow/example_dags/example_branch_labels.py
[2025-06-22T12:38:01.064+0000] {processor.py:914} INFO - Processing file /home/airflow/.local/lib/python3.12/site-packages/airflow/example_dags/example_branch_labels.py for tasks to queue
[2025-06-22T12:38:01.068+0000] {logging_mixin.py:190} INFO - [2025-06-22T12:38:01.067+0000] {dagbag.py:588} INFO - Filling up the DagBag from /home/airflow/.local/lib/python3.12/site-packages/airflow/example_dags/example_branch_labels.py
[2025-06-22T12:38:01.100+0000] {processor.py:925} INFO - DAG(s) 'example_branch_labels' retrieved from /home/airflow/.local/lib/python3.12/site-packages/airflow/example_dags/example_branch_labels.py
[2025-06-22T12:38:01.383+0000] {logging_mixin.py:190} INFO - [2025-06-22T12:38:01.382+0000] {override.py:1912} INFO - Created Permission View: can delete on DAG:example_branch_labels
[2025-06-22T12:38:01.407+0000] {logging_mixin.py:190} INFO - [2025-06-22T12:38:01.407+0000] {override.py:1912} INFO - Created Permission View: can edit on DAG:example_branch_labels
[2025-06-22T12:38:01.422+0000] {logging_mixin.py:190} INFO - [2025-06-22T12:38:01.422+0000] {override.py:1912} INFO - Created Permission View: can read on DAG:example_branch_labels
[2025-06-22T12:38:01.444+0000] {logging_mixin.py:190} INFO - [2025-06-22T12:38:01.443+0000] {override.py:1912} INFO - Created Permission View: can delete on DAG Run:example_branch_labels
[2025-06-22T12:38:01.464+0000] {logging_mixin.py:190} INFO - [2025-06-22T12:38:01.463+0000] {override.py:1912} INFO - Created Permission View: can create on DAG Run:example_branch_labels
[2025-06-22T12:38:01.482+0000] {logging_mixin.py:190} INFO - [2025-06-22T12:38:01.481+0000] {override.py:1912} INFO - Created Permission View: menu access on DAG Run:example_branch_labels
[2025-06-22T12:38:01.507+0000] {logging_mixin.py:190} INFO - [2025-06-22T12:38:01.505+0000] {override.py:1912} INFO - Created Permission View: can read on DAG Run:example_branch_labels
[2025-06-22T12:38:01.508+0000] {logging_mixin.py:190} INFO - [2025-06-22T12:38:01.508+0000] {dag.py:3239} INFO - Sync 1 DAGs
[2025-06-22T12:38:01.543+0000] {logging_mixin.py:190} INFO - [2025-06-22T12:38:01.542+0000] {dag.py:3262} INFO - Creating ORM DAG for example_branch_labels
[2025-06-22T12:38:01.569+0000] {logging_mixin.py:190} INFO - [2025-06-22T12:38:01.569+0000] {dag.py:4180} INFO - Setting next_dagrun for example_branch_labels to 2025-06-21 00:00:00+00:00, run_after=2025-06-22 00:00:00+00:00
[2025-06-22T12:38:01.598+0000] {processor.py:208} INFO - Processing /home/airflow/.local/lib/python3.12/site-packages/airflow/example_dags/example_branch_labels.py took 0.548 seconds
[2025-06-22T12:38:31.832+0000] {processor.py:186} INFO - Started process (PID=282) to work on /home/airflow/.local/lib/python3.12/site-packages/airflow/example_dags/example_branch_labels.py
[2025-06-22T12:38:31.833+0000] {processor.py:914} INFO - Processing file /home/airflow/.local/lib/python3.12/site-packages/airflow/example_dags/example_branch_labels.py for tasks to queue
[2025-06-22T12:38:31.837+0000] {logging_mixin.py:190} INFO - [2025-06-22T12:38:31.836+0000] {dagbag.py:588} INFO - Filling up the DagBag from /home/airflow/.local/lib/python3.12/site-packages/airflow/example_dags/example_branch_labels.py
[2025-06-22T12:38:31.851+0000] {processor.py:925} INFO - DAG(s) 'example_branch_labels' retrieved from /home/airflow/.local/lib/python3.12/site-packages/airflow/example_dags/example_branch_labels.py
[2025-06-22T12:38:31.876+0000] {logging_mixin.py:190} INFO - [2025-06-22T12:38:31.876+0000] {dag.py:3239} INFO - Sync 1 DAGs
[2025-06-22T12:38:31.908+0000] {logging_mixin.py:190} INFO - [2025-06-22T12:38:31.907+0000] {dag.py:4180} INFO - Setting next_dagrun for example_branch_labels to 2025-06-22 00:00:00+00:00, run_after=2025-06-23 00:00:00+00:00
[2025-06-22T12:38:31.931+0000] {processor.py:208} INFO - Processing /home/airflow/.local/lib/python3.12/site-packages/airflow/example_dags/example_branch_labels.py took 0.108 seconds
