[2025-06-22T12:22:32.496+0000] {processor.py:186} INFO - Started process (PID=95) to work on /home/airflow/.local/lib/python3.12/site-packages/airflow/example_dags/example_external_task_marker_dag.py
[2025-06-22T12:22:32.497+0000] {processor.py:914} INFO - Processing file /home/airflow/.local/lib/python3.12/site-packages/airflow/example_dags/example_external_task_marker_dag.py for tasks to queue
[2025-06-22T12:22:32.500+0000] {logging_mixin.py:190} INFO - [2025-06-22T12:22:32.499+0000] {dagbag.py:588} INFO - Filling up the DagBag from /home/airflow/.local/lib/python3.12/site-packages/airflow/example_dags/example_external_task_marker_dag.py
[2025-06-22T12:22:32.508+0000] {processor.py:925} INFO - DAG(s) 'example_external_task_marker_parent', 'example_external_task_marker_child' retrieved from /home/airflow/.local/lib/python3.12/site-packages/airflow/example_dags/example_external_task_marker_dag.py
[2025-06-22T12:22:32.604+0000] {logging_mixin.py:190} INFO - [2025-06-22T12:22:32.603+0000] {override.py:1912} INFO - Created Permission View: can read on DAG:example_external_task_marker_parent
[2025-06-22T12:22:32.614+0000] {logging_mixin.py:190} INFO - [2025-06-22T12:22:32.614+0000] {override.py:1912} INFO - Created Permission View: can edit on DAG:example_external_task_marker_parent
[2025-06-22T12:22:32.621+0000] {logging_mixin.py:190} INFO - [2025-06-22T12:22:32.621+0000] {override.py:1912} INFO - Created Permission View: can delete on DAG:example_external_task_marker_parent
[2025-06-22T12:22:32.631+0000] {logging_mixin.py:190} INFO - [2025-06-22T12:22:32.631+0000] {override.py:1912} INFO - Created Permission View: can read on DAG Run:example_external_task_marker_parent
[2025-06-22T12:22:32.638+0000] {logging_mixin.py:190} INFO - [2025-06-22T12:22:32.638+0000] {override.py:1912} INFO - Created Permission View: can create on DAG Run:example_external_task_marker_parent
[2025-06-22T12:22:32.644+0000] {logging_mixin.py:190} INFO - [2025-06-22T12:22:32.644+0000] {override.py:1912} INFO - Created Permission View: can delete on DAG Run:example_external_task_marker_parent
[2025-06-22T12:22:32.651+0000] {logging_mixin.py:190} INFO - [2025-06-22T12:22:32.650+0000] {override.py:1912} INFO - Created Permission View: menu access on DAG Run:example_external_task_marker_parent
[2025-06-22T12:22:32.666+0000] {logging_mixin.py:190} INFO - [2025-06-22T12:22:32.666+0000] {override.py:1912} INFO - Created Permission View: can read on DAG:example_external_task_marker_child
[2025-06-22T12:22:32.673+0000] {logging_mixin.py:190} INFO - [2025-06-22T12:22:32.673+0000] {override.py:1912} INFO - Created Permission View: can edit on DAG:example_external_task_marker_child
[2025-06-22T12:22:32.680+0000] {logging_mixin.py:190} INFO - [2025-06-22T12:22:32.680+0000] {override.py:1912} INFO - Created Permission View: can delete on DAG:example_external_task_marker_child
[2025-06-22T12:22:32.689+0000] {logging_mixin.py:190} INFO - [2025-06-22T12:22:32.689+0000] {override.py:1912} INFO - Created Permission View: can read on DAG Run:example_external_task_marker_child
[2025-06-22T12:22:32.698+0000] {logging_mixin.py:190} INFO - [2025-06-22T12:22:32.698+0000] {override.py:1912} INFO - Created Permission View: can create on DAG Run:example_external_task_marker_child
[2025-06-22T12:22:32.707+0000] {logging_mixin.py:190} INFO - [2025-06-22T12:22:32.706+0000] {override.py:1912} INFO - Created Permission View: can delete on DAG Run:example_external_task_marker_child
[2025-06-22T12:22:32.714+0000] {logging_mixin.py:190} INFO - [2025-06-22T12:22:32.713+0000] {override.py:1912} INFO - Created Permission View: menu access on DAG Run:example_external_task_marker_child
[2025-06-22T12:22:32.715+0000] {logging_mixin.py:190} INFO - [2025-06-22T12:22:32.714+0000] {dag.py:3239} INFO - Sync 2 DAGs
[2025-06-22T12:22:32.728+0000] {logging_mixin.py:190} INFO - [2025-06-22T12:22:32.728+0000] {dag.py:3262} INFO - Creating ORM DAG for example_external_task_marker_parent
[2025-06-22T12:22:32.729+0000] {logging_mixin.py:190} INFO - [2025-06-22T12:22:32.729+0000] {dag.py:3262} INFO - Creating ORM DAG for example_external_task_marker_child
[2025-06-22T12:22:32.732+0000] {logging_mixin.py:190} INFO - [2025-06-22T12:22:32.732+0000] {dag.py:4180} INFO - Setting next_dagrun for example_external_task_marker_child to None, run_after=None
[2025-06-22T12:22:32.732+0000] {logging_mixin.py:190} INFO - [2025-06-22T12:22:32.732+0000] {dag.py:4180} INFO - Setting next_dagrun for example_external_task_marker_parent to None, run_after=None
[2025-06-22T12:22:32.751+0000] {processor.py:208} INFO - Processing /home/airflow/.local/lib/python3.12/site-packages/airflow/example_dags/example_external_task_marker_dag.py took 0.260 seconds
[2025-06-22T12:23:02.822+0000] {processor.py:186} INFO - Started process (PID=217) to work on /home/airflow/.local/lib/python3.12/site-packages/airflow/example_dags/example_external_task_marker_dag.py
[2025-06-22T12:23:02.823+0000] {processor.py:914} INFO - Processing file /home/airflow/.local/lib/python3.12/site-packages/airflow/example_dags/example_external_task_marker_dag.py for tasks to queue
[2025-06-22T12:23:02.827+0000] {logging_mixin.py:190} INFO - [2025-06-22T12:23:02.826+0000] {dagbag.py:588} INFO - Filling up the DagBag from /home/airflow/.local/lib/python3.12/site-packages/airflow/example_dags/example_external_task_marker_dag.py
[2025-06-22T12:23:02.837+0000] {processor.py:925} INFO - DAG(s) 'example_external_task_marker_parent', 'example_external_task_marker_child' retrieved from /home/airflow/.local/lib/python3.12/site-packages/airflow/example_dags/example_external_task_marker_dag.py
[2025-06-22T12:23:02.868+0000] {logging_mixin.py:190} INFO - [2025-06-22T12:23:02.868+0000] {dag.py:3239} INFO - Sync 2 DAGs
[2025-06-22T12:23:02.887+0000] {logging_mixin.py:190} INFO - [2025-06-22T12:23:02.887+0000] {dag.py:4180} INFO - Setting next_dagrun for example_external_task_marker_child to None, run_after=None
[2025-06-22T12:23:02.893+0000] {logging_mixin.py:190} INFO - [2025-06-22T12:23:02.893+0000] {dag.py:4180} INFO - Setting next_dagrun for example_external_task_marker_parent to None, run_after=None
[2025-06-22T12:23:02.921+0000] {processor.py:208} INFO - Processing /home/airflow/.local/lib/python3.12/site-packages/airflow/example_dags/example_external_task_marker_dag.py took 0.108 seconds
[2025-06-22T12:23:33.926+0000] {processor.py:186} INFO - Started process (PID=292) to work on /home/airflow/.local/lib/python3.12/site-packages/airflow/example_dags/example_external_task_marker_dag.py
[2025-06-22T12:23:33.927+0000] {processor.py:914} INFO - Processing file /home/airflow/.local/lib/python3.12/site-packages/airflow/example_dags/example_external_task_marker_dag.py for tasks to queue
[2025-06-22T12:23:33.930+0000] {logging_mixin.py:190} INFO - [2025-06-22T12:23:33.930+0000] {dagbag.py:588} INFO - Filling up the DagBag from /home/airflow/.local/lib/python3.12/site-packages/airflow/example_dags/example_external_task_marker_dag.py
[2025-06-22T12:23:33.940+0000] {processor.py:925} INFO - DAG(s) 'example_external_task_marker_parent', 'example_external_task_marker_child' retrieved from /home/airflow/.local/lib/python3.12/site-packages/airflow/example_dags/example_external_task_marker_dag.py
[2025-06-22T12:23:33.964+0000] {logging_mixin.py:190} INFO - [2025-06-22T12:23:33.964+0000] {dag.py:3239} INFO - Sync 2 DAGs
[2025-06-22T12:23:33.978+0000] {logging_mixin.py:190} INFO - [2025-06-22T12:23:33.978+0000] {dag.py:4180} INFO - Setting next_dagrun for example_external_task_marker_child to None, run_after=None
[2025-06-22T12:23:33.982+0000] {logging_mixin.py:190} INFO - [2025-06-22T12:23:33.982+0000] {dag.py:4180} INFO - Setting next_dagrun for example_external_task_marker_parent to None, run_after=None
[2025-06-22T12:23:34.011+0000] {processor.py:208} INFO - Processing /home/airflow/.local/lib/python3.12/site-packages/airflow/example_dags/example_external_task_marker_dag.py took 0.091 seconds
[2025-06-22T12:27:18.880+0000] {processor.py:186} INFO - Started process (PID=79) to work on /home/airflow/.local/lib/python3.12/site-packages/airflow/example_dags/example_external_task_marker_dag.py
[2025-06-22T12:27:18.881+0000] {processor.py:914} INFO - Processing file /home/airflow/.local/lib/python3.12/site-packages/airflow/example_dags/example_external_task_marker_dag.py for tasks to queue
[2025-06-22T12:27:18.884+0000] {logging_mixin.py:190} INFO - [2025-06-22T12:27:18.884+0000] {dagbag.py:588} INFO - Filling up the DagBag from /home/airflow/.local/lib/python3.12/site-packages/airflow/example_dags/example_external_task_marker_dag.py
[2025-06-22T12:27:18.895+0000] {processor.py:925} INFO - DAG(s) 'example_external_task_marker_child', 'example_external_task_marker_parent' retrieved from /home/airflow/.local/lib/python3.12/site-packages/airflow/example_dags/example_external_task_marker_dag.py
[2025-06-22T12:27:18.922+0000] {logging_mixin.py:190} INFO - [2025-06-22T12:27:18.921+0000] {dag.py:3239} INFO - Sync 2 DAGs
[2025-06-22T12:27:18.938+0000] {logging_mixin.py:190} INFO - [2025-06-22T12:27:18.938+0000] {dag.py:4180} INFO - Setting next_dagrun for example_external_task_marker_child to None, run_after=None
[2025-06-22T12:27:18.943+0000] {logging_mixin.py:190} INFO - [2025-06-22T12:27:18.943+0000] {dag.py:4180} INFO - Setting next_dagrun for example_external_task_marker_parent to None, run_after=None
[2025-06-22T12:27:18.965+0000] {processor.py:208} INFO - Processing /home/airflow/.local/lib/python3.12/site-packages/airflow/example_dags/example_external_task_marker_dag.py took 0.092 seconds
[2025-06-22T12:27:49.143+0000] {processor.py:186} INFO - Started process (PID=160) to work on /home/airflow/.local/lib/python3.12/site-packages/airflow/example_dags/example_external_task_marker_dag.py
[2025-06-22T12:27:49.144+0000] {processor.py:914} INFO - Processing file /home/airflow/.local/lib/python3.12/site-packages/airflow/example_dags/example_external_task_marker_dag.py for tasks to queue
[2025-06-22T12:27:49.146+0000] {logging_mixin.py:190} INFO - [2025-06-22T12:27:49.146+0000] {dagbag.py:588} INFO - Filling up the DagBag from /home/airflow/.local/lib/python3.12/site-packages/airflow/example_dags/example_external_task_marker_dag.py
[2025-06-22T12:27:49.154+0000] {processor.py:925} INFO - DAG(s) 'example_external_task_marker_parent', 'example_external_task_marker_child' retrieved from /home/airflow/.local/lib/python3.12/site-packages/airflow/example_dags/example_external_task_marker_dag.py
[2025-06-22T12:27:49.173+0000] {logging_mixin.py:190} INFO - [2025-06-22T12:27:49.172+0000] {dag.py:3239} INFO - Sync 2 DAGs
[2025-06-22T12:27:49.187+0000] {logging_mixin.py:190} INFO - [2025-06-22T12:27:49.187+0000] {dag.py:4180} INFO - Setting next_dagrun for example_external_task_marker_child to None, run_after=None
[2025-06-22T12:27:49.191+0000] {logging_mixin.py:190} INFO - [2025-06-22T12:27:49.191+0000] {dag.py:4180} INFO - Setting next_dagrun for example_external_task_marker_parent to None, run_after=None
[2025-06-22T12:27:49.206+0000] {processor.py:208} INFO - Processing /home/airflow/.local/lib/python3.12/site-packages/airflow/example_dags/example_external_task_marker_dag.py took 0.069 seconds
[2025-06-22T12:28:19.860+0000] {processor.py:186} INFO - Started process (PID=236) to work on /home/airflow/.local/lib/python3.12/site-packages/airflow/example_dags/example_external_task_marker_dag.py
[2025-06-22T12:28:19.861+0000] {processor.py:914} INFO - Processing file /home/airflow/.local/lib/python3.12/site-packages/airflow/example_dags/example_external_task_marker_dag.py for tasks to queue
[2025-06-22T12:28:19.863+0000] {logging_mixin.py:190} INFO - [2025-06-22T12:28:19.863+0000] {dagbag.py:588} INFO - Filling up the DagBag from /home/airflow/.local/lib/python3.12/site-packages/airflow/example_dags/example_external_task_marker_dag.py
[2025-06-22T12:28:19.871+0000] {processor.py:925} INFO - DAG(s) 'example_external_task_marker_child', 'example_external_task_marker_parent' retrieved from /home/airflow/.local/lib/python3.12/site-packages/airflow/example_dags/example_external_task_marker_dag.py
[2025-06-22T12:28:19.890+0000] {logging_mixin.py:190} INFO - [2025-06-22T12:28:19.889+0000] {dag.py:3239} INFO - Sync 2 DAGs
[2025-06-22T12:28:19.903+0000] {logging_mixin.py:190} INFO - [2025-06-22T12:28:19.902+0000] {dag.py:4180} INFO - Setting next_dagrun for example_external_task_marker_child to None, run_after=None
[2025-06-22T12:28:19.908+0000] {logging_mixin.py:190} INFO - [2025-06-22T12:28:19.908+0000] {dag.py:4180} INFO - Setting next_dagrun for example_external_task_marker_parent to None, run_after=None
[2025-06-22T12:28:19.926+0000] {processor.py:208} INFO - Processing /home/airflow/.local/lib/python3.12/site-packages/airflow/example_dags/example_external_task_marker_dag.py took 0.071 seconds
[2025-06-22T12:28:50.364+0000] {processor.py:186} INFO - Started process (PID=301) to work on /home/airflow/.local/lib/python3.12/site-packages/airflow/example_dags/example_external_task_marker_dag.py
[2025-06-22T12:28:50.366+0000] {processor.py:914} INFO - Processing file /home/airflow/.local/lib/python3.12/site-packages/airflow/example_dags/example_external_task_marker_dag.py for tasks to queue
[2025-06-22T12:28:50.368+0000] {logging_mixin.py:190} INFO - [2025-06-22T12:28:50.368+0000] {dagbag.py:588} INFO - Filling up the DagBag from /home/airflow/.local/lib/python3.12/site-packages/airflow/example_dags/example_external_task_marker_dag.py
[2025-06-22T12:28:50.376+0000] {processor.py:925} INFO - DAG(s) 'example_external_task_marker_child', 'example_external_task_marker_parent' retrieved from /home/airflow/.local/lib/python3.12/site-packages/airflow/example_dags/example_external_task_marker_dag.py
[2025-06-22T12:28:50.396+0000] {logging_mixin.py:190} INFO - [2025-06-22T12:28:50.396+0000] {dag.py:3239} INFO - Sync 2 DAGs
[2025-06-22T12:28:50.410+0000] {logging_mixin.py:190} INFO - [2025-06-22T12:28:50.409+0000] {dag.py:4180} INFO - Setting next_dagrun for example_external_task_marker_child to None, run_after=None
[2025-06-22T12:28:50.413+0000] {logging_mixin.py:190} INFO - [2025-06-22T12:28:50.413+0000] {dag.py:4180} INFO - Setting next_dagrun for example_external_task_marker_parent to None, run_after=None
[2025-06-22T12:28:50.429+0000] {processor.py:208} INFO - Processing /home/airflow/.local/lib/python3.12/site-packages/airflow/example_dags/example_external_task_marker_dag.py took 0.070 seconds
[2025-06-22T12:29:21.128+0000] {processor.py:186} INFO - Started process (PID=370) to work on /home/airflow/.local/lib/python3.12/site-packages/airflow/example_dags/example_external_task_marker_dag.py
[2025-06-22T12:29:21.129+0000] {processor.py:914} INFO - Processing file /home/airflow/.local/lib/python3.12/site-packages/airflow/example_dags/example_external_task_marker_dag.py for tasks to queue
[2025-06-22T12:29:21.131+0000] {logging_mixin.py:190} INFO - [2025-06-22T12:29:21.131+0000] {dagbag.py:588} INFO - Filling up the DagBag from /home/airflow/.local/lib/python3.12/site-packages/airflow/example_dags/example_external_task_marker_dag.py
[2025-06-22T12:29:21.138+0000] {processor.py:925} INFO - DAG(s) 'example_external_task_marker_parent', 'example_external_task_marker_child' retrieved from /home/airflow/.local/lib/python3.12/site-packages/airflow/example_dags/example_external_task_marker_dag.py
[2025-06-22T12:29:21.158+0000] {logging_mixin.py:190} INFO - [2025-06-22T12:29:21.157+0000] {dag.py:3239} INFO - Sync 2 DAGs
[2025-06-22T12:29:21.171+0000] {logging_mixin.py:190} INFO - [2025-06-22T12:29:21.170+0000] {dag.py:4180} INFO - Setting next_dagrun for example_external_task_marker_child to None, run_after=None
[2025-06-22T12:29:21.174+0000] {logging_mixin.py:190} INFO - [2025-06-22T12:29:21.174+0000] {dag.py:4180} INFO - Setting next_dagrun for example_external_task_marker_parent to None, run_after=None
[2025-06-22T12:29:21.189+0000] {processor.py:208} INFO - Processing /home/airflow/.local/lib/python3.12/site-packages/airflow/example_dags/example_external_task_marker_dag.py took 0.066 seconds
[2025-06-22T12:29:51.723+0000] {processor.py:186} INFO - Started process (PID=434) to work on /home/airflow/.local/lib/python3.12/site-packages/airflow/example_dags/example_external_task_marker_dag.py
[2025-06-22T12:29:51.724+0000] {processor.py:914} INFO - Processing file /home/airflow/.local/lib/python3.12/site-packages/airflow/example_dags/example_external_task_marker_dag.py for tasks to queue
[2025-06-22T12:29:51.726+0000] {logging_mixin.py:190} INFO - [2025-06-22T12:29:51.726+0000] {dagbag.py:588} INFO - Filling up the DagBag from /home/airflow/.local/lib/python3.12/site-packages/airflow/example_dags/example_external_task_marker_dag.py
[2025-06-22T12:29:51.734+0000] {processor.py:925} INFO - DAG(s) 'example_external_task_marker_parent', 'example_external_task_marker_child' retrieved from /home/airflow/.local/lib/python3.12/site-packages/airflow/example_dags/example_external_task_marker_dag.py
[2025-06-22T12:29:51.751+0000] {logging_mixin.py:190} INFO - [2025-06-22T12:29:51.751+0000] {dag.py:3239} INFO - Sync 2 DAGs
[2025-06-22T12:29:51.764+0000] {logging_mixin.py:190} INFO - [2025-06-22T12:29:51.764+0000] {dag.py:4180} INFO - Setting next_dagrun for example_external_task_marker_child to None, run_after=None
[2025-06-22T12:29:51.768+0000] {logging_mixin.py:190} INFO - [2025-06-22T12:29:51.768+0000] {dag.py:4180} INFO - Setting next_dagrun for example_external_task_marker_parent to None, run_after=None
[2025-06-22T12:29:51.783+0000] {processor.py:208} INFO - Processing /home/airflow/.local/lib/python3.12/site-packages/airflow/example_dags/example_external_task_marker_dag.py took 0.065 seconds
[2025-06-22T12:30:22.274+0000] {processor.py:186} INFO - Started process (PID=504) to work on /home/airflow/.local/lib/python3.12/site-packages/airflow/example_dags/example_external_task_marker_dag.py
[2025-06-22T12:30:22.275+0000] {processor.py:914} INFO - Processing file /home/airflow/.local/lib/python3.12/site-packages/airflow/example_dags/example_external_task_marker_dag.py for tasks to queue
[2025-06-22T12:30:22.277+0000] {logging_mixin.py:190} INFO - [2025-06-22T12:30:22.276+0000] {dagbag.py:588} INFO - Filling up the DagBag from /home/airflow/.local/lib/python3.12/site-packages/airflow/example_dags/example_external_task_marker_dag.py
[2025-06-22T12:30:22.284+0000] {processor.py:925} INFO - DAG(s) 'example_external_task_marker_child', 'example_external_task_marker_parent' retrieved from /home/airflow/.local/lib/python3.12/site-packages/airflow/example_dags/example_external_task_marker_dag.py
[2025-06-22T12:30:22.302+0000] {logging_mixin.py:190} INFO - [2025-06-22T12:30:22.302+0000] {dag.py:3239} INFO - Sync 2 DAGs
[2025-06-22T12:30:22.315+0000] {logging_mixin.py:190} INFO - [2025-06-22T12:30:22.315+0000] {dag.py:4180} INFO - Setting next_dagrun for example_external_task_marker_child to None, run_after=None
[2025-06-22T12:30:22.318+0000] {logging_mixin.py:190} INFO - [2025-06-22T12:30:22.318+0000] {dag.py:4180} INFO - Setting next_dagrun for example_external_task_marker_parent to None, run_after=None
[2025-06-22T12:30:22.332+0000] {processor.py:208} INFO - Processing /home/airflow/.local/lib/python3.12/site-packages/airflow/example_dags/example_external_task_marker_dag.py took 0.064 seconds
[2025-06-22T12:37:48.436+0000] {processor.py:186} INFO - Started process (PID=97) to work on /home/airflow/.local/lib/python3.12/site-packages/airflow/example_dags/example_external_task_marker_dag.py
[2025-06-22T12:37:48.437+0000] {processor.py:914} INFO - Processing file /home/airflow/.local/lib/python3.12/site-packages/airflow/example_dags/example_external_task_marker_dag.py for tasks to queue
[2025-06-22T12:37:48.439+0000] {logging_mixin.py:190} INFO - [2025-06-22T12:37:48.439+0000] {dagbag.py:588} INFO - Filling up the DagBag from /home/airflow/.local/lib/python3.12/site-packages/airflow/example_dags/example_external_task_marker_dag.py
[2025-06-22T12:37:48.448+0000] {processor.py:925} INFO - DAG(s) 'example_external_task_marker_child', 'example_external_task_marker_parent' retrieved from /home/airflow/.local/lib/python3.12/site-packages/airflow/example_dags/example_external_task_marker_dag.py
[2025-06-22T12:37:48.547+0000] {logging_mixin.py:190} INFO - [2025-06-22T12:37:48.546+0000] {override.py:1912} INFO - Created Permission View: can delete on DAG:example_external_task_marker_child
[2025-06-22T12:37:48.557+0000] {logging_mixin.py:190} INFO - [2025-06-22T12:37:48.556+0000] {override.py:1912} INFO - Created Permission View: can edit on DAG:example_external_task_marker_child
[2025-06-22T12:37:48.564+0000] {logging_mixin.py:190} INFO - [2025-06-22T12:37:48.563+0000] {override.py:1912} INFO - Created Permission View: can read on DAG:example_external_task_marker_child
[2025-06-22T12:37:48.574+0000] {logging_mixin.py:190} INFO - [2025-06-22T12:37:48.573+0000] {override.py:1912} INFO - Created Permission View: can delete on DAG Run:example_external_task_marker_child
[2025-06-22T12:37:48.581+0000] {logging_mixin.py:190} INFO - [2025-06-22T12:37:48.580+0000] {override.py:1912} INFO - Created Permission View: can create on DAG Run:example_external_task_marker_child
[2025-06-22T12:37:48.588+0000] {logging_mixin.py:190} INFO - [2025-06-22T12:37:48.587+0000] {override.py:1912} INFO - Created Permission View: menu access on DAG Run:example_external_task_marker_child
[2025-06-22T12:37:48.595+0000] {logging_mixin.py:190} INFO - [2025-06-22T12:37:48.594+0000] {override.py:1912} INFO - Created Permission View: can read on DAG Run:example_external_task_marker_child
[2025-06-22T12:37:48.607+0000] {logging_mixin.py:190} INFO - [2025-06-22T12:37:48.607+0000] {override.py:1912} INFO - Created Permission View: can delete on DAG:example_external_task_marker_parent
[2025-06-22T12:37:48.614+0000] {logging_mixin.py:190} INFO - [2025-06-22T12:37:48.614+0000] {override.py:1912} INFO - Created Permission View: can edit on DAG:example_external_task_marker_parent
[2025-06-22T12:37:48.621+0000] {logging_mixin.py:190} INFO - [2025-06-22T12:37:48.621+0000] {override.py:1912} INFO - Created Permission View: can read on DAG:example_external_task_marker_parent
[2025-06-22T12:37:48.631+0000] {logging_mixin.py:190} INFO - [2025-06-22T12:37:48.631+0000] {override.py:1912} INFO - Created Permission View: can delete on DAG Run:example_external_task_marker_parent
[2025-06-22T12:37:48.638+0000] {logging_mixin.py:190} INFO - [2025-06-22T12:37:48.638+0000] {override.py:1912} INFO - Created Permission View: can create on DAG Run:example_external_task_marker_parent
[2025-06-22T12:37:48.645+0000] {logging_mixin.py:190} INFO - [2025-06-22T12:37:48.645+0000] {override.py:1912} INFO - Created Permission View: menu access on DAG Run:example_external_task_marker_parent
[2025-06-22T12:37:48.653+0000] {logging_mixin.py:190} INFO - [2025-06-22T12:37:48.652+0000] {override.py:1912} INFO - Created Permission View: can read on DAG Run:example_external_task_marker_parent
[2025-06-22T12:37:48.653+0000] {logging_mixin.py:190} INFO - [2025-06-22T12:37:48.653+0000] {dag.py:3239} INFO - Sync 2 DAGs
[2025-06-22T12:37:48.667+0000] {logging_mixin.py:190} INFO - [2025-06-22T12:37:48.667+0000] {dag.py:3262} INFO - Creating ORM DAG for example_external_task_marker_parent
[2025-06-22T12:37:48.668+0000] {logging_mixin.py:190} INFO - [2025-06-22T12:37:48.668+0000] {dag.py:3262} INFO - Creating ORM DAG for example_external_task_marker_child
[2025-06-22T12:37:48.668+0000] {logging_mixin.py:190} INFO - [2025-06-22T12:37:48.668+0000] {dag.py:4180} INFO - Setting next_dagrun for example_external_task_marker_child to None, run_after=None
[2025-06-22T12:37:48.669+0000] {logging_mixin.py:190} INFO - [2025-06-22T12:37:48.669+0000] {dag.py:4180} INFO - Setting next_dagrun for example_external_task_marker_parent to None, run_after=None
[2025-06-22T12:37:48.687+0000] {processor.py:208} INFO - Processing /home/airflow/.local/lib/python3.12/site-packages/airflow/example_dags/example_external_task_marker_dag.py took 0.257 seconds
[2025-06-22T12:38:18.881+0000] {processor.py:186} INFO - Started process (PID=236) to work on /home/airflow/.local/lib/python3.12/site-packages/airflow/example_dags/example_external_task_marker_dag.py
[2025-06-22T12:38:18.882+0000] {processor.py:914} INFO - Processing file /home/airflow/.local/lib/python3.12/site-packages/airflow/example_dags/example_external_task_marker_dag.py for tasks to queue
[2025-06-22T12:38:18.884+0000] {logging_mixin.py:190} INFO - [2025-06-22T12:38:18.884+0000] {dagbag.py:588} INFO - Filling up the DagBag from /home/airflow/.local/lib/python3.12/site-packages/airflow/example_dags/example_external_task_marker_dag.py
[2025-06-22T12:38:18.895+0000] {processor.py:925} INFO - DAG(s) 'example_external_task_marker_child', 'example_external_task_marker_parent' retrieved from /home/airflow/.local/lib/python3.12/site-packages/airflow/example_dags/example_external_task_marker_dag.py
[2025-06-22T12:38:18.920+0000] {logging_mixin.py:190} INFO - [2025-06-22T12:38:18.919+0000] {dag.py:3239} INFO - Sync 2 DAGs
[2025-06-22T12:38:18.937+0000] {logging_mixin.py:190} INFO - [2025-06-22T12:38:18.936+0000] {dag.py:4180} INFO - Setting next_dagrun for example_external_task_marker_child to None, run_after=None
[2025-06-22T12:38:18.941+0000] {logging_mixin.py:190} INFO - [2025-06-22T12:38:18.940+0000] {dag.py:4180} INFO - Setting next_dagrun for example_external_task_marker_parent to None, run_after=None
[2025-06-22T12:38:18.959+0000] {processor.py:208} INFO - Processing /home/airflow/.local/lib/python3.12/site-packages/airflow/example_dags/example_external_task_marker_dag.py took 0.085 seconds
[2025-06-22T12:38:49.091+0000] {processor.py:186} INFO - Started process (PID=300) to work on /home/airflow/.local/lib/python3.12/site-packages/airflow/example_dags/example_external_task_marker_dag.py
[2025-06-22T12:38:49.093+0000] {processor.py:914} INFO - Processing file /home/airflow/.local/lib/python3.12/site-packages/airflow/example_dags/example_external_task_marker_dag.py for tasks to queue
[2025-06-22T12:38:49.095+0000] {logging_mixin.py:190} INFO - [2025-06-22T12:38:49.095+0000] {dagbag.py:588} INFO - Filling up the DagBag from /home/airflow/.local/lib/python3.12/site-packages/airflow/example_dags/example_external_task_marker_dag.py
[2025-06-22T12:38:49.105+0000] {processor.py:925} INFO - DAG(s) 'example_external_task_marker_child', 'example_external_task_marker_parent' retrieved from /home/airflow/.local/lib/python3.12/site-packages/airflow/example_dags/example_external_task_marker_dag.py
[2025-06-22T12:38:49.132+0000] {logging_mixin.py:190} INFO - [2025-06-22T12:38:49.131+0000] {dag.py:3239} INFO - Sync 2 DAGs
[2025-06-22T12:38:49.151+0000] {logging_mixin.py:190} INFO - [2025-06-22T12:38:49.150+0000] {dag.py:4180} INFO - Setting next_dagrun for example_external_task_marker_child to None, run_after=None
[2025-06-22T12:38:49.156+0000] {logging_mixin.py:190} INFO - [2025-06-22T12:38:49.156+0000] {dag.py:4180} INFO - Setting next_dagrun for example_external_task_marker_parent to None, run_after=None
[2025-06-22T12:38:49.181+0000] {processor.py:208} INFO - Processing /home/airflow/.local/lib/python3.12/site-packages/airflow/example_dags/example_external_task_marker_dag.py took 0.096 seconds
