[2025-06-22T12:22:33.725+0000] {processor.py:186} INFO - Started process (PID=105) to work on /home/airflow/.local/lib/python3.12/site-packages/airflow/example_dags/example_subdag_operator.py
[2025-06-22T12:22:33.726+0000] {processor.py:914} INFO - Processing file /home/airflow/.local/lib/python3.12/site-packages/airflow/example_dags/example_subdag_operator.py for tasks to queue
[2025-06-22T12:22:33.729+0000] {logging_mixin.py:190} INFO - [2025-06-22T12:22:33.728+0000] {dagbag.py:588} INFO - Filling up the DagBag from /home/airflow/.local/lib/python3.12/site-packages/airflow/example_dags/example_subdag_operator.py
[2025-06-22T12:22:33.762+0000] {processor.py:925} INFO - DAG(s) 'example_subdag_operator.section-1', 'example_subdag_operator.section-2', 'example_subdag_operator' retrieved from /home/airflow/.local/lib/python3.12/site-packages/airflow/example_dags/example_subdag_operator.py
[2025-06-22T12:22:33.888+0000] {logging_mixin.py:190} INFO - [2025-06-22T12:22:33.888+0000] {override.py:1912} INFO - Created Permission View: can read on DAG:example_subdag_operator
[2025-06-22T12:22:33.903+0000] {logging_mixin.py:190} INFO - [2025-06-22T12:22:33.903+0000] {override.py:1912} INFO - Created Permission View: can edit on DAG:example_subdag_operator
[2025-06-22T12:22:33.913+0000] {logging_mixin.py:190} INFO - [2025-06-22T12:22:33.913+0000] {override.py:1912} INFO - Created Permission View: can delete on DAG:example_subdag_operator
[2025-06-22T12:22:33.927+0000] {logging_mixin.py:190} INFO - [2025-06-22T12:22:33.926+0000] {override.py:1912} INFO - Created Permission View: can read on DAG Run:example_subdag_operator
[2025-06-22T12:22:33.936+0000] {logging_mixin.py:190} INFO - [2025-06-22T12:22:33.935+0000] {override.py:1912} INFO - Created Permission View: can create on DAG Run:example_subdag_operator
[2025-06-22T12:22:33.946+0000] {logging_mixin.py:190} INFO - [2025-06-22T12:22:33.945+0000] {override.py:1912} INFO - Created Permission View: can delete on DAG Run:example_subdag_operator
[2025-06-22T12:22:33.957+0000] {logging_mixin.py:190} INFO - [2025-06-22T12:22:33.956+0000] {override.py:1912} INFO - Created Permission View: menu access on DAG Run:example_subdag_operator
[2025-06-22T12:22:33.957+0000] {logging_mixin.py:190} INFO - [2025-06-22T12:22:33.957+0000] {dag.py:3239} INFO - Sync 3 DAGs
[2025-06-22T12:22:33.976+0000] {logging_mixin.py:190} INFO - [2025-06-22T12:22:33.976+0000] {dag.py:3262} INFO - Creating ORM DAG for example_subdag_operator
[2025-06-22T12:22:33.977+0000] {logging_mixin.py:190} INFO - [2025-06-22T12:22:33.977+0000] {dag.py:3262} INFO - Creating ORM DAG for example_subdag_operator.section-1
[2025-06-22T12:22:33.979+0000] {logging_mixin.py:190} INFO - [2025-06-22T12:22:33.978+0000] {dag.py:3262} INFO - Creating ORM DAG for example_subdag_operator.section-2
[2025-06-22T12:22:33.991+0000] {logging_mixin.py:190} INFO - [2025-06-22T12:22:33.990+0000] {dag.py:4180} INFO - Setting next_dagrun for example_subdag_operator to 2022-01-01 00:00:00+00:00, run_after=2022-01-01 00:00:00+00:00
[2025-06-22T12:22:33.992+0000] {logging_mixin.py:190} INFO - [2025-06-22T12:22:33.992+0000] {dag.py:4180} INFO - Setting next_dagrun for example_subdag_operator.section-1 to None, run_after=None
[2025-06-22T12:22:33.993+0000] {logging_mixin.py:190} INFO - [2025-06-22T12:22:33.993+0000] {dag.py:4180} INFO - Setting next_dagrun for example_subdag_operator.section-2 to None, run_after=None
[2025-06-22T12:22:34.005+0000] {logging_mixin.py:190} INFO - [2025-06-22T12:22:34.005+0000] {dag.py:3239} INFO - Sync 2 DAGs
[2025-06-22T12:22:34.012+0000] {logging_mixin.py:190} INFO - [2025-06-22T12:22:34.012+0000] {dag.py:4180} INFO - Setting next_dagrun for example_subdag_operator.section-1 to None, run_after=None
[2025-06-22T12:22:34.015+0000] {logging_mixin.py:190} INFO - [2025-06-22T12:22:34.015+0000] {dag.py:4180} INFO - Setting next_dagrun for example_subdag_operator.section-2 to None, run_after=None
[2025-06-22T12:22:34.032+0000] {processor.py:208} INFO - Processing /home/airflow/.local/lib/python3.12/site-packages/airflow/example_dags/example_subdag_operator.py took 0.314 seconds
[2025-06-22T12:23:04.233+0000] {processor.py:186} INFO - Started process (PID=228) to work on /home/airflow/.local/lib/python3.12/site-packages/airflow/example_dags/example_subdag_operator.py
[2025-06-22T12:23:04.234+0000] {processor.py:914} INFO - Processing file /home/airflow/.local/lib/python3.12/site-packages/airflow/example_dags/example_subdag_operator.py for tasks to queue
[2025-06-22T12:23:04.236+0000] {logging_mixin.py:190} INFO - [2025-06-22T12:23:04.236+0000] {dagbag.py:588} INFO - Filling up the DagBag from /home/airflow/.local/lib/python3.12/site-packages/airflow/example_dags/example_subdag_operator.py
[2025-06-22T12:23:04.260+0000] {processor.py:925} INFO - DAG(s) 'example_subdag_operator.section-1', 'example_subdag_operator.section-2', 'example_subdag_operator' retrieved from /home/airflow/.local/lib/python3.12/site-packages/airflow/example_dags/example_subdag_operator.py
[2025-06-22T12:23:04.273+0000] {logging_mixin.py:190} INFO - [2025-06-22T12:23:04.273+0000] {dag.py:3239} INFO - Sync 3 DAGs
[2025-06-22T12:23:04.295+0000] {logging_mixin.py:190} INFO - [2025-06-22T12:23:04.295+0000] {dag.py:4180} INFO - Setting next_dagrun for example_subdag_operator to None, run_after=None
[2025-06-22T12:23:04.299+0000] {logging_mixin.py:190} INFO - [2025-06-22T12:23:04.299+0000] {dag.py:4180} INFO - Setting next_dagrun for example_subdag_operator.section-1 to None, run_after=None
[2025-06-22T12:23:04.300+0000] {logging_mixin.py:190} INFO - [2025-06-22T12:23:04.300+0000] {dag.py:4180} INFO - Setting next_dagrun for example_subdag_operator.section-2 to None, run_after=None
[2025-06-22T12:23:04.306+0000] {logging_mixin.py:190} INFO - [2025-06-22T12:23:04.306+0000] {dag.py:3239} INFO - Sync 2 DAGs
[2025-06-22T12:23:04.311+0000] {logging_mixin.py:190} INFO - [2025-06-22T12:23:04.311+0000] {dag.py:4180} INFO - Setting next_dagrun for example_subdag_operator.section-1 to None, run_after=None
[2025-06-22T12:23:04.311+0000] {logging_mixin.py:190} INFO - [2025-06-22T12:23:04.311+0000] {dag.py:4180} INFO - Setting next_dagrun for example_subdag_operator.section-2 to None, run_after=None
[2025-06-22T12:23:04.325+0000] {processor.py:208} INFO - Processing /home/airflow/.local/lib/python3.12/site-packages/airflow/example_dags/example_subdag_operator.py took 0.098 seconds
[2025-06-22T12:27:19.400+0000] {processor.py:186} INFO - Started process (PID=89) to work on /home/airflow/.local/lib/python3.12/site-packages/airflow/example_dags/example_subdag_operator.py
[2025-06-22T12:27:19.401+0000] {processor.py:914} INFO - Processing file /home/airflow/.local/lib/python3.12/site-packages/airflow/example_dags/example_subdag_operator.py for tasks to queue
[2025-06-22T12:27:19.404+0000] {logging_mixin.py:190} INFO - [2025-06-22T12:27:19.404+0000] {dagbag.py:588} INFO - Filling up the DagBag from /home/airflow/.local/lib/python3.12/site-packages/airflow/example_dags/example_subdag_operator.py
[2025-06-22T12:27:19.432+0000] {processor.py:925} INFO - DAG(s) 'example_subdag_operator.section-1', 'example_subdag_operator.section-2', 'example_subdag_operator' retrieved from /home/airflow/.local/lib/python3.12/site-packages/airflow/example_dags/example_subdag_operator.py
[2025-06-22T12:27:19.449+0000] {logging_mixin.py:190} INFO - [2025-06-22T12:27:19.449+0000] {dag.py:3239} INFO - Sync 3 DAGs
[2025-06-22T12:27:19.477+0000] {logging_mixin.py:190} INFO - [2025-06-22T12:27:19.477+0000] {dag.py:4180} INFO - Setting next_dagrun for example_subdag_operator to None, run_after=None
[2025-06-22T12:27:19.486+0000] {logging_mixin.py:190} INFO - [2025-06-22T12:27:19.486+0000] {dag.py:4180} INFO - Setting next_dagrun for example_subdag_operator.section-1 to None, run_after=None
[2025-06-22T12:27:19.487+0000] {logging_mixin.py:190} INFO - [2025-06-22T12:27:19.487+0000] {dag.py:4180} INFO - Setting next_dagrun for example_subdag_operator.section-2 to None, run_after=None
[2025-06-22T12:27:19.494+0000] {logging_mixin.py:190} INFO - [2025-06-22T12:27:19.493+0000] {dag.py:3239} INFO - Sync 2 DAGs
[2025-06-22T12:27:19.499+0000] {logging_mixin.py:190} INFO - [2025-06-22T12:27:19.499+0000] {dag.py:4180} INFO - Setting next_dagrun for example_subdag_operator.section-1 to None, run_after=None
[2025-06-22T12:27:19.500+0000] {logging_mixin.py:190} INFO - [2025-06-22T12:27:19.499+0000] {dag.py:4180} INFO - Setting next_dagrun for example_subdag_operator.section-2 to None, run_after=None
[2025-06-22T12:27:19.513+0000] {processor.py:208} INFO - Processing /home/airflow/.local/lib/python3.12/site-packages/airflow/example_dags/example_subdag_operator.py took 0.118 seconds
[2025-06-22T12:27:49.610+0000] {processor.py:186} INFO - Started process (PID=165) to work on /home/airflow/.local/lib/python3.12/site-packages/airflow/example_dags/example_subdag_operator.py
[2025-06-22T12:27:49.610+0000] {processor.py:914} INFO - Processing file /home/airflow/.local/lib/python3.12/site-packages/airflow/example_dags/example_subdag_operator.py for tasks to queue
[2025-06-22T12:27:49.613+0000] {logging_mixin.py:190} INFO - [2025-06-22T12:27:49.613+0000] {dagbag.py:588} INFO - Filling up the DagBag from /home/airflow/.local/lib/python3.12/site-packages/airflow/example_dags/example_subdag_operator.py
[2025-06-22T12:27:49.644+0000] {processor.py:925} INFO - DAG(s) 'example_subdag_operator.section-1', 'example_subdag_operator.section-2', 'example_subdag_operator' retrieved from /home/airflow/.local/lib/python3.12/site-packages/airflow/example_dags/example_subdag_operator.py
[2025-06-22T12:27:49.659+0000] {logging_mixin.py:190} INFO - [2025-06-22T12:27:49.659+0000] {dag.py:3239} INFO - Sync 3 DAGs
[2025-06-22T12:27:49.687+0000] {logging_mixin.py:190} INFO - [2025-06-22T12:27:49.686+0000] {dag.py:4180} INFO - Setting next_dagrun for example_subdag_operator to None, run_after=None
[2025-06-22T12:27:49.691+0000] {logging_mixin.py:190} INFO - [2025-06-22T12:27:49.690+0000] {dag.py:4180} INFO - Setting next_dagrun for example_subdag_operator.section-1 to None, run_after=None
[2025-06-22T12:27:49.692+0000] {logging_mixin.py:190} INFO - [2025-06-22T12:27:49.692+0000] {dag.py:4180} INFO - Setting next_dagrun for example_subdag_operator.section-2 to None, run_after=None
[2025-06-22T12:27:49.700+0000] {logging_mixin.py:190} INFO - [2025-06-22T12:27:49.700+0000] {dag.py:3239} INFO - Sync 2 DAGs
[2025-06-22T12:27:49.705+0000] {logging_mixin.py:190} INFO - [2025-06-22T12:27:49.705+0000] {dag.py:4180} INFO - Setting next_dagrun for example_subdag_operator.section-1 to None, run_after=None
[2025-06-22T12:27:49.706+0000] {logging_mixin.py:190} INFO - [2025-06-22T12:27:49.706+0000] {dag.py:4180} INFO - Setting next_dagrun for example_subdag_operator.section-2 to None, run_after=None
[2025-06-22T12:27:49.717+0000] {processor.py:208} INFO - Processing /home/airflow/.local/lib/python3.12/site-packages/airflow/example_dags/example_subdag_operator.py took 0.112 seconds
[2025-06-22T12:28:20.059+0000] {processor.py:186} INFO - Started process (PID=240) to work on /home/airflow/.local/lib/python3.12/site-packages/airflow/example_dags/example_subdag_operator.py
[2025-06-22T12:28:20.060+0000] {processor.py:914} INFO - Processing file /home/airflow/.local/lib/python3.12/site-packages/airflow/example_dags/example_subdag_operator.py for tasks to queue
[2025-06-22T12:28:20.062+0000] {logging_mixin.py:190} INFO - [2025-06-22T12:28:20.062+0000] {dagbag.py:588} INFO - Filling up the DagBag from /home/airflow/.local/lib/python3.12/site-packages/airflow/example_dags/example_subdag_operator.py
[2025-06-22T12:28:20.084+0000] {processor.py:925} INFO - DAG(s) 'example_subdag_operator.section-1', 'example_subdag_operator.section-2', 'example_subdag_operator' retrieved from /home/airflow/.local/lib/python3.12/site-packages/airflow/example_dags/example_subdag_operator.py
[2025-06-22T12:28:20.096+0000] {logging_mixin.py:190} INFO - [2025-06-22T12:28:20.096+0000] {dag.py:3239} INFO - Sync 3 DAGs
[2025-06-22T12:28:20.117+0000] {logging_mixin.py:190} INFO - [2025-06-22T12:28:20.117+0000] {dag.py:4180} INFO - Setting next_dagrun for example_subdag_operator to None, run_after=None
[2025-06-22T12:28:20.120+0000] {logging_mixin.py:190} INFO - [2025-06-22T12:28:20.120+0000] {dag.py:4180} INFO - Setting next_dagrun for example_subdag_operator.section-1 to None, run_after=None
[2025-06-22T12:28:20.121+0000] {logging_mixin.py:190} INFO - [2025-06-22T12:28:20.121+0000] {dag.py:4180} INFO - Setting next_dagrun for example_subdag_operator.section-2 to None, run_after=None
[2025-06-22T12:28:20.127+0000] {logging_mixin.py:190} INFO - [2025-06-22T12:28:20.126+0000] {dag.py:3239} INFO - Sync 2 DAGs
[2025-06-22T12:28:20.131+0000] {logging_mixin.py:190} INFO - [2025-06-22T12:28:20.131+0000] {dag.py:4180} INFO - Setting next_dagrun for example_subdag_operator.section-1 to None, run_after=None
[2025-06-22T12:28:20.132+0000] {logging_mixin.py:190} INFO - [2025-06-22T12:28:20.131+0000] {dag.py:4180} INFO - Setting next_dagrun for example_subdag_operator.section-2 to None, run_after=None
[2025-06-22T12:28:20.142+0000] {processor.py:208} INFO - Processing /home/airflow/.local/lib/python3.12/site-packages/airflow/example_dags/example_subdag_operator.py took 0.088 seconds
[2025-06-22T12:28:50.573+0000] {processor.py:186} INFO - Started process (PID=305) to work on /home/airflow/.local/lib/python3.12/site-packages/airflow/example_dags/example_subdag_operator.py
[2025-06-22T12:28:50.575+0000] {processor.py:914} INFO - Processing file /home/airflow/.local/lib/python3.12/site-packages/airflow/example_dags/example_subdag_operator.py for tasks to queue
[2025-06-22T12:28:50.577+0000] {logging_mixin.py:190} INFO - [2025-06-22T12:28:50.577+0000] {dagbag.py:588} INFO - Filling up the DagBag from /home/airflow/.local/lib/python3.12/site-packages/airflow/example_dags/example_subdag_operator.py
[2025-06-22T12:28:50.599+0000] {processor.py:925} INFO - DAG(s) 'example_subdag_operator.section-1', 'example_subdag_operator.section-2', 'example_subdag_operator' retrieved from /home/airflow/.local/lib/python3.12/site-packages/airflow/example_dags/example_subdag_operator.py
[2025-06-22T12:28:50.612+0000] {logging_mixin.py:190} INFO - [2025-06-22T12:28:50.612+0000] {dag.py:3239} INFO - Sync 3 DAGs
[2025-06-22T12:28:50.632+0000] {logging_mixin.py:190} INFO - [2025-06-22T12:28:50.632+0000] {dag.py:4180} INFO - Setting next_dagrun for example_subdag_operator to None, run_after=None
[2025-06-22T12:28:50.636+0000] {logging_mixin.py:190} INFO - [2025-06-22T12:28:50.636+0000] {dag.py:4180} INFO - Setting next_dagrun for example_subdag_operator.section-1 to None, run_after=None
[2025-06-22T12:28:50.637+0000] {logging_mixin.py:190} INFO - [2025-06-22T12:28:50.637+0000] {dag.py:4180} INFO - Setting next_dagrun for example_subdag_operator.section-2 to None, run_after=None
[2025-06-22T12:28:50.643+0000] {logging_mixin.py:190} INFO - [2025-06-22T12:28:50.643+0000] {dag.py:3239} INFO - Sync 2 DAGs
[2025-06-22T12:28:50.648+0000] {logging_mixin.py:190} INFO - [2025-06-22T12:28:50.648+0000] {dag.py:4180} INFO - Setting next_dagrun for example_subdag_operator.section-1 to None, run_after=None
[2025-06-22T12:28:50.648+0000] {logging_mixin.py:190} INFO - [2025-06-22T12:28:50.648+0000] {dag.py:4180} INFO - Setting next_dagrun for example_subdag_operator.section-2 to None, run_after=None
[2025-06-22T12:28:50.658+0000] {processor.py:208} INFO - Processing /home/airflow/.local/lib/python3.12/site-packages/airflow/example_dags/example_subdag_operator.py took 0.091 seconds
[2025-06-22T12:29:21.339+0000] {processor.py:186} INFO - Started process (PID=374) to work on /home/airflow/.local/lib/python3.12/site-packages/airflow/example_dags/example_subdag_operator.py
[2025-06-22T12:29:21.340+0000] {processor.py:914} INFO - Processing file /home/airflow/.local/lib/python3.12/site-packages/airflow/example_dags/example_subdag_operator.py for tasks to queue
[2025-06-22T12:29:21.343+0000] {logging_mixin.py:190} INFO - [2025-06-22T12:29:21.343+0000] {dagbag.py:588} INFO - Filling up the DagBag from /home/airflow/.local/lib/python3.12/site-packages/airflow/example_dags/example_subdag_operator.py
[2025-06-22T12:29:21.370+0000] {processor.py:925} INFO - DAG(s) 'example_subdag_operator.section-1', 'example_subdag_operator.section-2', 'example_subdag_operator' retrieved from /home/airflow/.local/lib/python3.12/site-packages/airflow/example_dags/example_subdag_operator.py
[2025-06-22T12:29:21.384+0000] {logging_mixin.py:190} INFO - [2025-06-22T12:29:21.383+0000] {dag.py:3239} INFO - Sync 3 DAGs
[2025-06-22T12:29:21.404+0000] {logging_mixin.py:190} INFO - [2025-06-22T12:29:21.404+0000] {dag.py:4180} INFO - Setting next_dagrun for example_subdag_operator to None, run_after=None
[2025-06-22T12:29:21.407+0000] {logging_mixin.py:190} INFO - [2025-06-22T12:29:21.407+0000] {dag.py:4180} INFO - Setting next_dagrun for example_subdag_operator.section-1 to None, run_after=None
[2025-06-22T12:29:21.408+0000] {logging_mixin.py:190} INFO - [2025-06-22T12:29:21.408+0000] {dag.py:4180} INFO - Setting next_dagrun for example_subdag_operator.section-2 to None, run_after=None
[2025-06-22T12:29:21.414+0000] {logging_mixin.py:190} INFO - [2025-06-22T12:29:21.414+0000] {dag.py:3239} INFO - Sync 2 DAGs
[2025-06-22T12:29:21.419+0000] {logging_mixin.py:190} INFO - [2025-06-22T12:29:21.418+0000] {dag.py:4180} INFO - Setting next_dagrun for example_subdag_operator.section-1 to None, run_after=None
[2025-06-22T12:29:21.419+0000] {logging_mixin.py:190} INFO - [2025-06-22T12:29:21.419+0000] {dag.py:4180} INFO - Setting next_dagrun for example_subdag_operator.section-2 to None, run_after=None
[2025-06-22T12:29:21.431+0000] {processor.py:208} INFO - Processing /home/airflow/.local/lib/python3.12/site-packages/airflow/example_dags/example_subdag_operator.py took 0.097 seconds
[2025-06-22T12:29:51.913+0000] {processor.py:186} INFO - Started process (PID=438) to work on /home/airflow/.local/lib/python3.12/site-packages/airflow/example_dags/example_subdag_operator.py
[2025-06-22T12:29:51.914+0000] {processor.py:914} INFO - Processing file /home/airflow/.local/lib/python3.12/site-packages/airflow/example_dags/example_subdag_operator.py for tasks to queue
[2025-06-22T12:29:51.916+0000] {logging_mixin.py:190} INFO - [2025-06-22T12:29:51.916+0000] {dagbag.py:588} INFO - Filling up the DagBag from /home/airflow/.local/lib/python3.12/site-packages/airflow/example_dags/example_subdag_operator.py
[2025-06-22T12:29:51.938+0000] {processor.py:925} INFO - DAG(s) 'example_subdag_operator.section-1', 'example_subdag_operator.section-2', 'example_subdag_operator' retrieved from /home/airflow/.local/lib/python3.12/site-packages/airflow/example_dags/example_subdag_operator.py
[2025-06-22T12:29:51.949+0000] {logging_mixin.py:190} INFO - [2025-06-22T12:29:51.949+0000] {dag.py:3239} INFO - Sync 3 DAGs
[2025-06-22T12:29:51.969+0000] {logging_mixin.py:190} INFO - [2025-06-22T12:29:51.969+0000] {dag.py:4180} INFO - Setting next_dagrun for example_subdag_operator to None, run_after=None
[2025-06-22T12:29:51.972+0000] {logging_mixin.py:190} INFO - [2025-06-22T12:29:51.972+0000] {dag.py:4180} INFO - Setting next_dagrun for example_subdag_operator.section-1 to None, run_after=None
[2025-06-22T12:29:51.973+0000] {logging_mixin.py:190} INFO - [2025-06-22T12:29:51.973+0000] {dag.py:4180} INFO - Setting next_dagrun for example_subdag_operator.section-2 to None, run_after=None
[2025-06-22T12:29:51.978+0000] {logging_mixin.py:190} INFO - [2025-06-22T12:29:51.978+0000] {dag.py:3239} INFO - Sync 2 DAGs
[2025-06-22T12:29:51.983+0000] {logging_mixin.py:190} INFO - [2025-06-22T12:29:51.982+0000] {dag.py:4180} INFO - Setting next_dagrun for example_subdag_operator.section-1 to None, run_after=None
[2025-06-22T12:29:51.983+0000] {logging_mixin.py:190} INFO - [2025-06-22T12:29:51.983+0000] {dag.py:4180} INFO - Setting next_dagrun for example_subdag_operator.section-2 to None, run_after=None
[2025-06-22T12:29:51.995+0000] {processor.py:208} INFO - Processing /home/airflow/.local/lib/python3.12/site-packages/airflow/example_dags/example_subdag_operator.py took 0.086 seconds
[2025-06-22T12:30:22.486+0000] {processor.py:186} INFO - Started process (PID=508) to work on /home/airflow/.local/lib/python3.12/site-packages/airflow/example_dags/example_subdag_operator.py
[2025-06-22T12:30:22.486+0000] {processor.py:914} INFO - Processing file /home/airflow/.local/lib/python3.12/site-packages/airflow/example_dags/example_subdag_operator.py for tasks to queue
[2025-06-22T12:30:22.489+0000] {logging_mixin.py:190} INFO - [2025-06-22T12:30:22.489+0000] {dagbag.py:588} INFO - Filling up the DagBag from /home/airflow/.local/lib/python3.12/site-packages/airflow/example_dags/example_subdag_operator.py
[2025-06-22T12:30:22.515+0000] {processor.py:925} INFO - DAG(s) 'example_subdag_operator.section-1', 'example_subdag_operator.section-2', 'example_subdag_operator' retrieved from /home/airflow/.local/lib/python3.12/site-packages/airflow/example_dags/example_subdag_operator.py
[2025-06-22T12:30:22.531+0000] {logging_mixin.py:190} INFO - [2025-06-22T12:30:22.530+0000] {dag.py:3239} INFO - Sync 3 DAGs
[2025-06-22T12:30:22.554+0000] {logging_mixin.py:190} INFO - [2025-06-22T12:30:22.554+0000] {dag.py:4180} INFO - Setting next_dagrun for example_subdag_operator to None, run_after=None
[2025-06-22T12:30:22.558+0000] {logging_mixin.py:190} INFO - [2025-06-22T12:30:22.558+0000] {dag.py:4180} INFO - Setting next_dagrun for example_subdag_operator.section-1 to None, run_after=None
[2025-06-22T12:30:22.559+0000] {logging_mixin.py:190} INFO - [2025-06-22T12:30:22.559+0000] {dag.py:4180} INFO - Setting next_dagrun for example_subdag_operator.section-2 to None, run_after=None
[2025-06-22T12:30:22.566+0000] {logging_mixin.py:190} INFO - [2025-06-22T12:30:22.566+0000] {dag.py:3239} INFO - Sync 2 DAGs
[2025-06-22T12:30:22.571+0000] {logging_mixin.py:190} INFO - [2025-06-22T12:30:22.571+0000] {dag.py:4180} INFO - Setting next_dagrun for example_subdag_operator.section-1 to None, run_after=None
[2025-06-22T12:30:22.572+0000] {logging_mixin.py:190} INFO - [2025-06-22T12:30:22.572+0000] {dag.py:4180} INFO - Setting next_dagrun for example_subdag_operator.section-2 to None, run_after=None
[2025-06-22T12:30:22.584+0000] {processor.py:208} INFO - Processing /home/airflow/.local/lib/python3.12/site-packages/airflow/example_dags/example_subdag_operator.py took 0.105 seconds
[2025-06-22T12:37:49.635+0000] {processor.py:186} INFO - Started process (PID=101) to work on /home/airflow/.local/lib/python3.12/site-packages/airflow/example_dags/example_subdag_operator.py
[2025-06-22T12:37:49.636+0000] {processor.py:914} INFO - Processing file /home/airflow/.local/lib/python3.12/site-packages/airflow/example_dags/example_subdag_operator.py for tasks to queue
[2025-06-22T12:37:49.639+0000] {logging_mixin.py:190} INFO - [2025-06-22T12:37:49.639+0000] {dagbag.py:588} INFO - Filling up the DagBag from /home/airflow/.local/lib/python3.12/site-packages/airflow/example_dags/example_subdag_operator.py
[2025-06-22T12:37:49.670+0000] {processor.py:925} INFO - DAG(s) 'example_subdag_operator.section-1', 'example_subdag_operator.section-2', 'example_subdag_operator' retrieved from /home/airflow/.local/lib/python3.12/site-packages/airflow/example_dags/example_subdag_operator.py
[2025-06-22T12:37:49.788+0000] {logging_mixin.py:190} INFO - [2025-06-22T12:37:49.787+0000] {override.py:1912} INFO - Created Permission View: can delete on DAG:example_subdag_operator
[2025-06-22T12:37:49.805+0000] {logging_mixin.py:190} INFO - [2025-06-22T12:37:49.804+0000] {override.py:1912} INFO - Created Permission View: can edit on DAG:example_subdag_operator
[2025-06-22T12:37:49.816+0000] {logging_mixin.py:190} INFO - [2025-06-22T12:37:49.815+0000] {override.py:1912} INFO - Created Permission View: can read on DAG:example_subdag_operator
[2025-06-22T12:37:49.828+0000] {logging_mixin.py:190} INFO - [2025-06-22T12:37:49.828+0000] {override.py:1912} INFO - Created Permission View: can delete on DAG Run:example_subdag_operator
[2025-06-22T12:37:49.837+0000] {logging_mixin.py:190} INFO - [2025-06-22T12:37:49.837+0000] {override.py:1912} INFO - Created Permission View: can create on DAG Run:example_subdag_operator
[2025-06-22T12:37:49.848+0000] {logging_mixin.py:190} INFO - [2025-06-22T12:37:49.848+0000] {override.py:1912} INFO - Created Permission View: menu access on DAG Run:example_subdag_operator
[2025-06-22T12:37:49.860+0000] {logging_mixin.py:190} INFO - [2025-06-22T12:37:49.860+0000] {override.py:1912} INFO - Created Permission View: can read on DAG Run:example_subdag_operator
[2025-06-22T12:37:49.861+0000] {logging_mixin.py:190} INFO - [2025-06-22T12:37:49.861+0000] {dag.py:3239} INFO - Sync 3 DAGs
[2025-06-22T12:37:49.883+0000] {logging_mixin.py:190} INFO - [2025-06-22T12:37:49.883+0000] {dag.py:3262} INFO - Creating ORM DAG for example_subdag_operator.section-1
[2025-06-22T12:37:49.884+0000] {logging_mixin.py:190} INFO - [2025-06-22T12:37:49.884+0000] {dag.py:3262} INFO - Creating ORM DAG for example_subdag_operator.section-2
[2025-06-22T12:37:49.885+0000] {logging_mixin.py:190} INFO - [2025-06-22T12:37:49.885+0000] {dag.py:3262} INFO - Creating ORM DAG for example_subdag_operator
[2025-06-22T12:37:49.897+0000] {logging_mixin.py:190} INFO - [2025-06-22T12:37:49.897+0000] {dag.py:4180} INFO - Setting next_dagrun for example_subdag_operator to 2022-01-01 00:00:00+00:00, run_after=2022-01-01 00:00:00+00:00
[2025-06-22T12:37:49.899+0000] {logging_mixin.py:190} INFO - [2025-06-22T12:37:49.898+0000] {dag.py:4180} INFO - Setting next_dagrun for example_subdag_operator.section-1 to None, run_after=None
[2025-06-22T12:37:49.900+0000] {logging_mixin.py:190} INFO - [2025-06-22T12:37:49.900+0000] {dag.py:4180} INFO - Setting next_dagrun for example_subdag_operator.section-2 to None, run_after=None
[2025-06-22T12:37:49.911+0000] {logging_mixin.py:190} INFO - [2025-06-22T12:37:49.911+0000] {dag.py:3239} INFO - Sync 2 DAGs
[2025-06-22T12:37:49.918+0000] {logging_mixin.py:190} INFO - [2025-06-22T12:37:49.917+0000] {dag.py:4180} INFO - Setting next_dagrun for example_subdag_operator.section-1 to None, run_after=None
[2025-06-22T12:37:49.922+0000] {logging_mixin.py:190} INFO - [2025-06-22T12:37:49.921+0000] {dag.py:4180} INFO - Setting next_dagrun for example_subdag_operator.section-2 to None, run_after=None
[2025-06-22T12:37:49.941+0000] {processor.py:208} INFO - Processing /home/airflow/.local/lib/python3.12/site-packages/airflow/example_dags/example_subdag_operator.py took 0.314 seconds
[2025-06-22T12:38:20.688+0000] {processor.py:186} INFO - Started process (PID=247) to work on /home/airflow/.local/lib/python3.12/site-packages/airflow/example_dags/example_subdag_operator.py
[2025-06-22T12:38:20.689+0000] {processor.py:914} INFO - Processing file /home/airflow/.local/lib/python3.12/site-packages/airflow/example_dags/example_subdag_operator.py for tasks to queue
[2025-06-22T12:38:20.691+0000] {logging_mixin.py:190} INFO - [2025-06-22T12:38:20.690+0000] {dagbag.py:588} INFO - Filling up the DagBag from /home/airflow/.local/lib/python3.12/site-packages/airflow/example_dags/example_subdag_operator.py
[2025-06-22T12:38:20.716+0000] {processor.py:925} INFO - DAG(s) 'example_subdag_operator.section-1', 'example_subdag_operator.section-2', 'example_subdag_operator' retrieved from /home/airflow/.local/lib/python3.12/site-packages/airflow/example_dags/example_subdag_operator.py
[2025-06-22T12:38:20.733+0000] {logging_mixin.py:190} INFO - [2025-06-22T12:38:20.733+0000] {dag.py:3239} INFO - Sync 3 DAGs
[2025-06-22T12:38:20.762+0000] {logging_mixin.py:190} INFO - [2025-06-22T12:38:20.762+0000] {dag.py:4180} INFO - Setting next_dagrun for example_subdag_operator to None, run_after=None
[2025-06-22T12:38:20.767+0000] {logging_mixin.py:190} INFO - [2025-06-22T12:38:20.767+0000] {dag.py:4180} INFO - Setting next_dagrun for example_subdag_operator.section-1 to None, run_after=None
[2025-06-22T12:38:20.768+0000] {logging_mixin.py:190} INFO - [2025-06-22T12:38:20.768+0000] {dag.py:4180} INFO - Setting next_dagrun for example_subdag_operator.section-2 to None, run_after=None
[2025-06-22T12:38:20.777+0000] {logging_mixin.py:190} INFO - [2025-06-22T12:38:20.777+0000] {dag.py:3239} INFO - Sync 2 DAGs
[2025-06-22T12:38:20.782+0000] {logging_mixin.py:190} INFO - [2025-06-22T12:38:20.782+0000] {dag.py:4180} INFO - Setting next_dagrun for example_subdag_operator.section-1 to None, run_after=None
[2025-06-22T12:38:20.783+0000] {logging_mixin.py:190} INFO - [2025-06-22T12:38:20.783+0000] {dag.py:4180} INFO - Setting next_dagrun for example_subdag_operator.section-2 to None, run_after=None
[2025-06-22T12:38:20.795+0000] {processor.py:208} INFO - Processing /home/airflow/.local/lib/python3.12/site-packages/airflow/example_dags/example_subdag_operator.py took 0.113 seconds
[2025-06-22T12:38:51.215+0000] {processor.py:186} INFO - Started process (PID=310) to work on /home/airflow/.local/lib/python3.12/site-packages/airflow/example_dags/example_subdag_operator.py
[2025-06-22T12:38:51.216+0000] {processor.py:914} INFO - Processing file /home/airflow/.local/lib/python3.12/site-packages/airflow/example_dags/example_subdag_operator.py for tasks to queue
[2025-06-22T12:38:51.219+0000] {logging_mixin.py:190} INFO - [2025-06-22T12:38:51.218+0000] {dagbag.py:588} INFO - Filling up the DagBag from /home/airflow/.local/lib/python3.12/site-packages/airflow/example_dags/example_subdag_operator.py
[2025-06-22T12:38:51.245+0000] {processor.py:925} INFO - DAG(s) 'example_subdag_operator.section-1', 'example_subdag_operator.section-2', 'example_subdag_operator' retrieved from /home/airflow/.local/lib/python3.12/site-packages/airflow/example_dags/example_subdag_operator.py
[2025-06-22T12:38:51.265+0000] {logging_mixin.py:190} INFO - [2025-06-22T12:38:51.264+0000] {dag.py:3239} INFO - Sync 3 DAGs
[2025-06-22T12:38:51.294+0000] {logging_mixin.py:190} INFO - [2025-06-22T12:38:51.294+0000] {dag.py:4180} INFO - Setting next_dagrun for example_subdag_operator to None, run_after=None
[2025-06-22T12:38:51.299+0000] {logging_mixin.py:190} INFO - [2025-06-22T12:38:51.299+0000] {dag.py:4180} INFO - Setting next_dagrun for example_subdag_operator.section-1 to None, run_after=None
[2025-06-22T12:38:51.301+0000] {logging_mixin.py:190} INFO - [2025-06-22T12:38:51.301+0000] {dag.py:4180} INFO - Setting next_dagrun for example_subdag_operator.section-2 to None, run_after=None
[2025-06-22T12:38:51.309+0000] {logging_mixin.py:190} INFO - [2025-06-22T12:38:51.309+0000] {dag.py:3239} INFO - Sync 2 DAGs
[2025-06-22T12:38:51.316+0000] {logging_mixin.py:190} INFO - [2025-06-22T12:38:51.316+0000] {dag.py:4180} INFO - Setting next_dagrun for example_subdag_operator.section-1 to None, run_after=None
[2025-06-22T12:38:51.317+0000] {logging_mixin.py:190} INFO - [2025-06-22T12:38:51.316+0000] {dag.py:4180} INFO - Setting next_dagrun for example_subdag_operator.section-2 to None, run_after=None
[2025-06-22T12:38:51.329+0000] {processor.py:208} INFO - Processing /home/airflow/.local/lib/python3.12/site-packages/airflow/example_dags/example_subdag_operator.py took 0.121 seconds
