[2025-06-22T12:22:37.476+0000] {processor.py:186} INFO - Started process (PID=132) to work on /home/airflow/.local/lib/python3.12/site-packages/airflow/example_dags/example_dynamic_task_mapping.py
[2025-06-22T12:22:37.477+0000] {processor.py:914} INFO - Processing file /home/airflow/.local/lib/python3.12/site-packages/airflow/example_dags/example_dynamic_task_mapping.py for tasks to queue
[2025-06-22T12:22:37.482+0000] {logging_mixin.py:190} INFO - [2025-06-22T12:22:37.481+0000] {dagbag.py:588} INFO - Filling up the DagBag from /home/airflow/.local/lib/python3.12/site-packages/airflow/example_dags/example_dynamic_task_mapping.py
[2025-06-22T12:22:37.495+0000] {processor.py:925} INFO - DAG(s) 'example_dynamic_task_mapping' retrieved from /home/airflow/.local/lib/python3.12/site-packages/airflow/example_dags/example_dynamic_task_mapping.py
[2025-06-22T12:22:37.665+0000] {logging_mixin.py:190} INFO - [2025-06-22T12:22:37.665+0000] {override.py:1912} INFO - Created Permission View: can read on DAG:example_dynamic_task_mapping
[2025-06-22T12:22:37.684+0000] {logging_mixin.py:190} INFO - [2025-06-22T12:22:37.683+0000] {override.py:1912} INFO - Created Permission View: can edit on DAG:example_dynamic_task_mapping
[2025-06-22T12:22:37.695+0000] {logging_mixin.py:190} INFO - [2025-06-22T12:22:37.694+0000] {override.py:1912} INFO - Created Permission View: can delete on DAG:example_dynamic_task_mapping
[2025-06-22T12:22:37.716+0000] {logging_mixin.py:190} INFO - [2025-06-22T12:22:37.716+0000] {override.py:1912} INFO - Created Permission View: can read on DAG Run:example_dynamic_task_mapping
[2025-06-22T12:22:37.729+0000] {logging_mixin.py:190} INFO - [2025-06-22T12:22:37.729+0000] {override.py:1912} INFO - Created Permission View: can create on DAG Run:example_dynamic_task_mapping
[2025-06-22T12:22:37.743+0000] {logging_mixin.py:190} INFO - [2025-06-22T12:22:37.742+0000] {override.py:1912} INFO - Created Permission View: can delete on DAG Run:example_dynamic_task_mapping
[2025-06-22T12:22:37.757+0000] {logging_mixin.py:190} INFO - [2025-06-22T12:22:37.756+0000] {override.py:1912} INFO - Created Permission View: menu access on DAG Run:example_dynamic_task_mapping
[2025-06-22T12:22:37.761+0000] {logging_mixin.py:190} INFO - [2025-06-22T12:22:37.760+0000] {dag.py:3239} INFO - Sync 1 DAGs
[2025-06-22T12:22:37.783+0000] {logging_mixin.py:190} INFO - [2025-06-22T12:22:37.783+0000] {dag.py:3262} INFO - Creating ORM DAG for example_dynamic_task_mapping
[2025-06-22T12:22:37.784+0000] {logging_mixin.py:190} INFO - [2025-06-22T12:22:37.784+0000] {dag.py:4180} INFO - Setting next_dagrun for example_dynamic_task_mapping to None, run_after=None
[2025-06-22T12:22:37.816+0000] {processor.py:208} INFO - Processing /home/airflow/.local/lib/python3.12/site-packages/airflow/example_dags/example_dynamic_task_mapping.py took 0.349 seconds
[2025-06-22T12:23:08.140+0000] {processor.py:186} INFO - Started process (PID=245) to work on /home/airflow/.local/lib/python3.12/site-packages/airflow/example_dags/example_dynamic_task_mapping.py
[2025-06-22T12:23:08.141+0000] {processor.py:914} INFO - Processing file /home/airflow/.local/lib/python3.12/site-packages/airflow/example_dags/example_dynamic_task_mapping.py for tasks to queue
[2025-06-22T12:23:08.143+0000] {logging_mixin.py:190} INFO - [2025-06-22T12:23:08.143+0000] {dagbag.py:588} INFO - Filling up the DagBag from /home/airflow/.local/lib/python3.12/site-packages/airflow/example_dags/example_dynamic_task_mapping.py
[2025-06-22T12:23:08.155+0000] {processor.py:925} INFO - DAG(s) 'example_dynamic_task_mapping' retrieved from /home/airflow/.local/lib/python3.12/site-packages/airflow/example_dags/example_dynamic_task_mapping.py
[2025-06-22T12:23:08.173+0000] {logging_mixin.py:190} INFO - [2025-06-22T12:23:08.172+0000] {dag.py:3239} INFO - Sync 1 DAGs
[2025-06-22T12:23:08.187+0000] {logging_mixin.py:190} INFO - [2025-06-22T12:23:08.187+0000] {dag.py:4180} INFO - Setting next_dagrun for example_dynamic_task_mapping to None, run_after=None
[2025-06-22T12:23:08.206+0000] {processor.py:208} INFO - Processing /home/airflow/.local/lib/python3.12/site-packages/airflow/example_dags/example_dynamic_task_mapping.py took 0.072 seconds
[2025-06-22T12:27:20.506+0000] {processor.py:186} INFO - Started process (PID=115) to work on /home/airflow/.local/lib/python3.12/site-packages/airflow/example_dags/example_dynamic_task_mapping.py
[2025-06-22T12:27:20.507+0000] {processor.py:914} INFO - Processing file /home/airflow/.local/lib/python3.12/site-packages/airflow/example_dags/example_dynamic_task_mapping.py for tasks to queue
[2025-06-22T12:27:20.510+0000] {logging_mixin.py:190} INFO - [2025-06-22T12:27:20.510+0000] {dagbag.py:588} INFO - Filling up the DagBag from /home/airflow/.local/lib/python3.12/site-packages/airflow/example_dags/example_dynamic_task_mapping.py
[2025-06-22T12:27:20.520+0000] {processor.py:925} INFO - DAG(s) 'example_dynamic_task_mapping' retrieved from /home/airflow/.local/lib/python3.12/site-packages/airflow/example_dags/example_dynamic_task_mapping.py
[2025-06-22T12:27:20.541+0000] {logging_mixin.py:190} INFO - [2025-06-22T12:27:20.541+0000] {dag.py:3239} INFO - Sync 1 DAGs
[2025-06-22T12:27:20.556+0000] {logging_mixin.py:190} INFO - [2025-06-22T12:27:20.556+0000] {dag.py:4180} INFO - Setting next_dagrun for example_dynamic_task_mapping to None, run_after=None
[2025-06-22T12:27:20.575+0000] {processor.py:208} INFO - Processing /home/airflow/.local/lib/python3.12/site-packages/airflow/example_dags/example_dynamic_task_mapping.py took 0.075 seconds
[2025-06-22T12:27:50.815+0000] {processor.py:186} INFO - Started process (PID=187) to work on /home/airflow/.local/lib/python3.12/site-packages/airflow/example_dags/example_dynamic_task_mapping.py
[2025-06-22T12:27:50.816+0000] {processor.py:914} INFO - Processing file /home/airflow/.local/lib/python3.12/site-packages/airflow/example_dags/example_dynamic_task_mapping.py for tasks to queue
[2025-06-22T12:27:50.819+0000] {logging_mixin.py:190} INFO - [2025-06-22T12:27:50.818+0000] {dagbag.py:588} INFO - Filling up the DagBag from /home/airflow/.local/lib/python3.12/site-packages/airflow/example_dags/example_dynamic_task_mapping.py
[2025-06-22T12:27:50.827+0000] {processor.py:925} INFO - DAG(s) 'example_dynamic_task_mapping' retrieved from /home/airflow/.local/lib/python3.12/site-packages/airflow/example_dags/example_dynamic_task_mapping.py
[2025-06-22T12:27:50.846+0000] {logging_mixin.py:190} INFO - [2025-06-22T12:27:50.846+0000] {dag.py:3239} INFO - Sync 1 DAGs
[2025-06-22T12:27:50.861+0000] {logging_mixin.py:190} INFO - [2025-06-22T12:27:50.860+0000] {dag.py:4180} INFO - Setting next_dagrun for example_dynamic_task_mapping to None, run_after=None
[2025-06-22T12:27:50.878+0000] {processor.py:208} INFO - Processing /home/airflow/.local/lib/python3.12/site-packages/airflow/example_dags/example_dynamic_task_mapping.py took 0.068 seconds
[2025-06-22T12:28:21.258+0000] {processor.py:186} INFO - Started process (PID=257) to work on /home/airflow/.local/lib/python3.12/site-packages/airflow/example_dags/example_dynamic_task_mapping.py
[2025-06-22T12:28:21.259+0000] {processor.py:914} INFO - Processing file /home/airflow/.local/lib/python3.12/site-packages/airflow/example_dags/example_dynamic_task_mapping.py for tasks to queue
[2025-06-22T12:28:21.262+0000] {logging_mixin.py:190} INFO - [2025-06-22T12:28:21.262+0000] {dagbag.py:588} INFO - Filling up the DagBag from /home/airflow/.local/lib/python3.12/site-packages/airflow/example_dags/example_dynamic_task_mapping.py
[2025-06-22T12:28:21.273+0000] {processor.py:925} INFO - DAG(s) 'example_dynamic_task_mapping' retrieved from /home/airflow/.local/lib/python3.12/site-packages/airflow/example_dags/example_dynamic_task_mapping.py
[2025-06-22T12:28:21.293+0000] {logging_mixin.py:190} INFO - [2025-06-22T12:28:21.293+0000] {dag.py:3239} INFO - Sync 1 DAGs
[2025-06-22T12:28:21.307+0000] {logging_mixin.py:190} INFO - [2025-06-22T12:28:21.307+0000] {dag.py:4180} INFO - Setting next_dagrun for example_dynamic_task_mapping to None, run_after=None
[2025-06-22T12:28:21.326+0000] {processor.py:208} INFO - Processing /home/airflow/.local/lib/python3.12/site-packages/airflow/example_dags/example_dynamic_task_mapping.py took 0.073 seconds
[2025-06-22T12:28:51.868+0000] {processor.py:186} INFO - Started process (PID=322) to work on /home/airflow/.local/lib/python3.12/site-packages/airflow/example_dags/example_dynamic_task_mapping.py
[2025-06-22T12:28:51.869+0000] {processor.py:914} INFO - Processing file /home/airflow/.local/lib/python3.12/site-packages/airflow/example_dags/example_dynamic_task_mapping.py for tasks to queue
[2025-06-22T12:28:51.871+0000] {logging_mixin.py:190} INFO - [2025-06-22T12:28:51.871+0000] {dagbag.py:588} INFO - Filling up the DagBag from /home/airflow/.local/lib/python3.12/site-packages/airflow/example_dags/example_dynamic_task_mapping.py
[2025-06-22T12:28:51.879+0000] {processor.py:925} INFO - DAG(s) 'example_dynamic_task_mapping' retrieved from /home/airflow/.local/lib/python3.12/site-packages/airflow/example_dags/example_dynamic_task_mapping.py
[2025-06-22T12:28:51.897+0000] {logging_mixin.py:190} INFO - [2025-06-22T12:28:51.897+0000] {dag.py:3239} INFO - Sync 1 DAGs
[2025-06-22T12:28:51.910+0000] {logging_mixin.py:190} INFO - [2025-06-22T12:28:51.909+0000] {dag.py:4180} INFO - Setting next_dagrun for example_dynamic_task_mapping to None, run_after=None
[2025-06-22T12:28:51.927+0000] {processor.py:208} INFO - Processing /home/airflow/.local/lib/python3.12/site-packages/airflow/example_dags/example_dynamic_task_mapping.py took 0.064 seconds
[2025-06-22T12:29:22.470+0000] {processor.py:186} INFO - Started process (PID=391) to work on /home/airflow/.local/lib/python3.12/site-packages/airflow/example_dags/example_dynamic_task_mapping.py
[2025-06-22T12:29:22.471+0000] {processor.py:914} INFO - Processing file /home/airflow/.local/lib/python3.12/site-packages/airflow/example_dags/example_dynamic_task_mapping.py for tasks to queue
[2025-06-22T12:29:22.473+0000] {logging_mixin.py:190} INFO - [2025-06-22T12:29:22.473+0000] {dagbag.py:588} INFO - Filling up the DagBag from /home/airflow/.local/lib/python3.12/site-packages/airflow/example_dags/example_dynamic_task_mapping.py
[2025-06-22T12:29:22.481+0000] {processor.py:925} INFO - DAG(s) 'example_dynamic_task_mapping' retrieved from /home/airflow/.local/lib/python3.12/site-packages/airflow/example_dags/example_dynamic_task_mapping.py
[2025-06-22T12:29:22.499+0000] {logging_mixin.py:190} INFO - [2025-06-22T12:29:22.499+0000] {dag.py:3239} INFO - Sync 1 DAGs
[2025-06-22T12:29:22.511+0000] {logging_mixin.py:190} INFO - [2025-06-22T12:29:22.511+0000] {dag.py:4180} INFO - Setting next_dagrun for example_dynamic_task_mapping to None, run_after=None
[2025-06-22T12:29:22.528+0000] {processor.py:208} INFO - Processing /home/airflow/.local/lib/python3.12/site-packages/airflow/example_dags/example_dynamic_task_mapping.py took 0.063 seconds
[2025-06-22T12:29:52.821+0000] {processor.py:186} INFO - Started process (PID=454) to work on /home/airflow/.local/lib/python3.12/site-packages/airflow/example_dags/example_dynamic_task_mapping.py
[2025-06-22T12:29:52.822+0000] {processor.py:914} INFO - Processing file /home/airflow/.local/lib/python3.12/site-packages/airflow/example_dags/example_dynamic_task_mapping.py for tasks to queue
[2025-06-22T12:29:52.825+0000] {logging_mixin.py:190} INFO - [2025-06-22T12:29:52.825+0000] {dagbag.py:588} INFO - Filling up the DagBag from /home/airflow/.local/lib/python3.12/site-packages/airflow/example_dags/example_dynamic_task_mapping.py
[2025-06-22T12:29:52.833+0000] {processor.py:925} INFO - DAG(s) 'example_dynamic_task_mapping' retrieved from /home/airflow/.local/lib/python3.12/site-packages/airflow/example_dags/example_dynamic_task_mapping.py
[2025-06-22T12:29:52.850+0000] {logging_mixin.py:190} INFO - [2025-06-22T12:29:52.850+0000] {dag.py:3239} INFO - Sync 1 DAGs
[2025-06-22T12:29:52.864+0000] {logging_mixin.py:190} INFO - [2025-06-22T12:29:52.864+0000] {dag.py:4180} INFO - Setting next_dagrun for example_dynamic_task_mapping to None, run_after=None
[2025-06-22T12:29:52.880+0000] {processor.py:208} INFO - Processing /home/airflow/.local/lib/python3.12/site-packages/airflow/example_dags/example_dynamic_task_mapping.py took 0.064 seconds
[2025-06-22T12:30:23.364+0000] {processor.py:186} INFO - Started process (PID=524) to work on /home/airflow/.local/lib/python3.12/site-packages/airflow/example_dags/example_dynamic_task_mapping.py
[2025-06-22T12:30:23.365+0000] {processor.py:914} INFO - Processing file /home/airflow/.local/lib/python3.12/site-packages/airflow/example_dags/example_dynamic_task_mapping.py for tasks to queue
[2025-06-22T12:30:23.368+0000] {logging_mixin.py:190} INFO - [2025-06-22T12:30:23.368+0000] {dagbag.py:588} INFO - Filling up the DagBag from /home/airflow/.local/lib/python3.12/site-packages/airflow/example_dags/example_dynamic_task_mapping.py
[2025-06-22T12:30:23.377+0000] {processor.py:925} INFO - DAG(s) 'example_dynamic_task_mapping' retrieved from /home/airflow/.local/lib/python3.12/site-packages/airflow/example_dags/example_dynamic_task_mapping.py
[2025-06-22T12:30:23.396+0000] {logging_mixin.py:190} INFO - [2025-06-22T12:30:23.396+0000] {dag.py:3239} INFO - Sync 1 DAGs
[2025-06-22T12:30:23.412+0000] {logging_mixin.py:190} INFO - [2025-06-22T12:30:23.412+0000] {dag.py:4180} INFO - Setting next_dagrun for example_dynamic_task_mapping to None, run_after=None
[2025-06-22T12:30:23.430+0000] {processor.py:208} INFO - Processing /home/airflow/.local/lib/python3.12/site-packages/airflow/example_dags/example_dynamic_task_mapping.py took 0.073 seconds
[2025-06-22T12:37:52.560+0000] {processor.py:186} INFO - Started process (PID=134) to work on /home/airflow/.local/lib/python3.12/site-packages/airflow/example_dags/example_dynamic_task_mapping.py
[2025-06-22T12:37:52.562+0000] {processor.py:914} INFO - Processing file /home/airflow/.local/lib/python3.12/site-packages/airflow/example_dags/example_dynamic_task_mapping.py for tasks to queue
[2025-06-22T12:37:52.568+0000] {logging_mixin.py:190} INFO - [2025-06-22T12:37:52.567+0000] {dagbag.py:588} INFO - Filling up the DagBag from /home/airflow/.local/lib/python3.12/site-packages/airflow/example_dags/example_dynamic_task_mapping.py
[2025-06-22T12:37:52.585+0000] {processor.py:925} INFO - DAG(s) 'example_dynamic_task_mapping' retrieved from /home/airflow/.local/lib/python3.12/site-packages/airflow/example_dags/example_dynamic_task_mapping.py
[2025-06-22T12:37:52.757+0000] {logging_mixin.py:190} INFO - [2025-06-22T12:37:52.755+0000] {override.py:1912} INFO - Created Permission View: can delete on DAG:example_dynamic_task_mapping
[2025-06-22T12:37:52.778+0000] {logging_mixin.py:190} INFO - [2025-06-22T12:37:52.777+0000] {override.py:1912} INFO - Created Permission View: can edit on DAG:example_dynamic_task_mapping
[2025-06-22T12:37:52.790+0000] {logging_mixin.py:190} INFO - [2025-06-22T12:37:52.789+0000] {override.py:1912} INFO - Created Permission View: can read on DAG:example_dynamic_task_mapping
[2025-06-22T12:37:52.802+0000] {logging_mixin.py:190} INFO - [2025-06-22T12:37:52.802+0000] {override.py:1912} INFO - Created Permission View: can delete on DAG Run:example_dynamic_task_mapping
[2025-06-22T12:37:52.815+0000] {logging_mixin.py:190} INFO - [2025-06-22T12:37:52.814+0000] {override.py:1912} INFO - Created Permission View: can create on DAG Run:example_dynamic_task_mapping
[2025-06-22T12:37:52.825+0000] {logging_mixin.py:190} INFO - [2025-06-22T12:37:52.824+0000] {override.py:1912} INFO - Created Permission View: menu access on DAG Run:example_dynamic_task_mapping
[2025-06-22T12:37:52.837+0000] {logging_mixin.py:190} INFO - [2025-06-22T12:37:52.837+0000] {override.py:1912} INFO - Created Permission View: can read on DAG Run:example_dynamic_task_mapping
[2025-06-22T12:37:52.838+0000] {logging_mixin.py:190} INFO - [2025-06-22T12:37:52.838+0000] {dag.py:3239} INFO - Sync 1 DAGs
[2025-06-22T12:37:52.853+0000] {logging_mixin.py:190} INFO - [2025-06-22T12:37:52.852+0000] {dag.py:3262} INFO - Creating ORM DAG for example_dynamic_task_mapping
[2025-06-22T12:37:52.854+0000] {logging_mixin.py:190} INFO - [2025-06-22T12:37:52.853+0000] {dag.py:4180} INFO - Setting next_dagrun for example_dynamic_task_mapping to None, run_after=None
[2025-06-22T12:37:52.874+0000] {processor.py:208} INFO - Processing /home/airflow/.local/lib/python3.12/site-packages/airflow/example_dags/example_dynamic_task_mapping.py took 0.323 seconds
[2025-06-22T12:38:23.326+0000] {processor.py:186} INFO - Started process (PID=263) to work on /home/airflow/.local/lib/python3.12/site-packages/airflow/example_dags/example_dynamic_task_mapping.py
[2025-06-22T12:38:23.327+0000] {processor.py:914} INFO - Processing file /home/airflow/.local/lib/python3.12/site-packages/airflow/example_dags/example_dynamic_task_mapping.py for tasks to queue
[2025-06-22T12:38:23.330+0000] {logging_mixin.py:190} INFO - [2025-06-22T12:38:23.330+0000] {dagbag.py:588} INFO - Filling up the DagBag from /home/airflow/.local/lib/python3.12/site-packages/airflow/example_dags/example_dynamic_task_mapping.py
[2025-06-22T12:38:23.340+0000] {processor.py:925} INFO - DAG(s) 'example_dynamic_task_mapping' retrieved from /home/airflow/.local/lib/python3.12/site-packages/airflow/example_dags/example_dynamic_task_mapping.py
[2025-06-22T12:38:23.370+0000] {logging_mixin.py:190} INFO - [2025-06-22T12:38:23.370+0000] {dag.py:3239} INFO - Sync 1 DAGs
[2025-06-22T12:38:23.393+0000] {logging_mixin.py:190} INFO - [2025-06-22T12:38:23.393+0000] {dag.py:4180} INFO - Setting next_dagrun for example_dynamic_task_mapping to None, run_after=None
[2025-06-22T12:38:23.422+0000] {processor.py:208} INFO - Processing /home/airflow/.local/lib/python3.12/site-packages/airflow/example_dags/example_dynamic_task_mapping.py took 0.102 seconds
