[2025-06-22T12:22:46.173+0000] {processor.py:186} INFO - Started process (PID=175) to work on /home/airflow/.local/lib/python3.12/site-packages/airflow/example_dags/example_inlet_event_extra.py
[2025-06-22T12:22:46.175+0000] {processor.py:914} INFO - Processing file /home/airflow/.local/lib/python3.12/site-packages/airflow/example_dags/example_inlet_event_extra.py for tasks to queue
[2025-06-22T12:22:46.181+0000] {logging_mixin.py:190} INFO - [2025-06-22T12:22:46.181+0000] {dagbag.py:588} INFO - Filling up the DagBag from /home/airflow/.local/lib/python3.12/site-packages/airflow/example_dags/example_inlet_event_extra.py
[2025-06-22T12:22:47.427+0000] {processor.py:925} INFO - DAG(s) 'read_dataset_event_from_classic', 'read_dataset_event' retrieved from /home/airflow/.local/lib/python3.12/site-packages/airflow/example_dags/example_inlet_event_extra.py
[2025-06-22T12:22:47.658+0000] {logging_mixin.py:190} INFO - [2025-06-22T12:22:47.656+0000] {override.py:1912} INFO - Created Permission View: can read on DAG:read_dataset_event_from_classic
[2025-06-22T12:22:47.702+0000] {logging_mixin.py:190} INFO - [2025-06-22T12:22:47.702+0000] {override.py:1912} INFO - Created Permission View: can edit on DAG:read_dataset_event_from_classic
[2025-06-22T12:22:47.737+0000] {logging_mixin.py:190} INFO - [2025-06-22T12:22:47.736+0000] {override.py:1912} INFO - Created Permission View: can delete on DAG:read_dataset_event_from_classic
[2025-06-22T12:22:47.771+0000] {logging_mixin.py:190} INFO - [2025-06-22T12:22:47.771+0000] {override.py:1912} INFO - Created Permission View: can read on DAG Run:read_dataset_event_from_classic
[2025-06-22T12:22:47.799+0000] {logging_mixin.py:190} INFO - [2025-06-22T12:22:47.799+0000] {override.py:1912} INFO - Created Permission View: can create on DAG Run:read_dataset_event_from_classic
[2025-06-22T12:22:47.825+0000] {logging_mixin.py:190} INFO - [2025-06-22T12:22:47.824+0000] {override.py:1912} INFO - Created Permission View: can delete on DAG Run:read_dataset_event_from_classic
[2025-06-22T12:22:47.846+0000] {logging_mixin.py:190} INFO - [2025-06-22T12:22:47.845+0000] {override.py:1912} INFO - Created Permission View: menu access on DAG Run:read_dataset_event_from_classic
[2025-06-22T12:22:47.903+0000] {logging_mixin.py:190} INFO - [2025-06-22T12:22:47.903+0000] {override.py:1912} INFO - Created Permission View: can read on DAG:read_dataset_event
[2025-06-22T12:22:47.922+0000] {logging_mixin.py:190} INFO - [2025-06-22T12:22:47.921+0000] {override.py:1912} INFO - Created Permission View: can edit on DAG:read_dataset_event
[2025-06-22T12:22:47.956+0000] {logging_mixin.py:190} INFO - [2025-06-22T12:22:47.944+0000] {override.py:1912} INFO - Created Permission View: can delete on DAG:read_dataset_event
[2025-06-22T12:22:47.992+0000] {logging_mixin.py:190} INFO - [2025-06-22T12:22:47.991+0000] {override.py:1912} INFO - Created Permission View: can read on DAG Run:read_dataset_event
[2025-06-22T12:22:48.018+0000] {logging_mixin.py:190} INFO - [2025-06-22T12:22:48.017+0000] {override.py:1912} INFO - Created Permission View: can create on DAG Run:read_dataset_event
[2025-06-22T12:22:48.038+0000] {logging_mixin.py:190} INFO - [2025-06-22T12:22:48.037+0000] {override.py:1912} INFO - Created Permission View: can delete on DAG Run:read_dataset_event
[2025-06-22T12:22:48.060+0000] {logging_mixin.py:190} INFO - [2025-06-22T12:22:48.059+0000] {override.py:1912} INFO - Created Permission View: menu access on DAG Run:read_dataset_event
[2025-06-22T12:22:48.061+0000] {logging_mixin.py:190} INFO - [2025-06-22T12:22:48.061+0000] {dag.py:3239} INFO - Sync 2 DAGs
[2025-06-22T12:22:48.092+0000] {logging_mixin.py:190} INFO - [2025-06-22T12:22:48.091+0000] {dag.py:3262} INFO - Creating ORM DAG for read_dataset_event
[2025-06-22T12:22:48.099+0000] {logging_mixin.py:190} INFO - [2025-06-22T12:22:48.099+0000] {dag.py:3262} INFO - Creating ORM DAG for read_dataset_event_from_classic
[2025-06-22T12:22:48.123+0000] {logging_mixin.py:190} INFO - [2025-06-22T12:22:48.122+0000] {dag.py:4180} INFO - Setting next_dagrun for read_dataset_event to 2025-06-21 00:00:00+00:00, run_after=2025-06-22 00:00:00+00:00
[2025-06-22T12:22:48.126+0000] {logging_mixin.py:190} INFO - [2025-06-22T12:22:48.126+0000] {dag.py:4180} INFO - Setting next_dagrun for read_dataset_event_from_classic to 2025-06-21 00:00:00+00:00, run_after=2025-06-22 00:00:00+00:00
[2025-06-22T12:22:48.187+0000] {processor.py:208} INFO - Processing /home/airflow/.local/lib/python3.12/site-packages/airflow/example_dags/example_inlet_event_extra.py took 2.024 seconds
[2025-06-22T12:23:18.336+0000] {processor.py:186} INFO - Started process (PID=266) to work on /home/airflow/.local/lib/python3.12/site-packages/airflow/example_dags/example_inlet_event_extra.py
[2025-06-22T12:23:18.337+0000] {processor.py:914} INFO - Processing file /home/airflow/.local/lib/python3.12/site-packages/airflow/example_dags/example_inlet_event_extra.py for tasks to queue
[2025-06-22T12:23:18.340+0000] {logging_mixin.py:190} INFO - [2025-06-22T12:23:18.340+0000] {dagbag.py:588} INFO - Filling up the DagBag from /home/airflow/.local/lib/python3.12/site-packages/airflow/example_dags/example_inlet_event_extra.py
[2025-06-22T12:23:18.953+0000] {processor.py:925} INFO - DAG(s) 'read_dataset_event_from_classic', 'read_dataset_event' retrieved from /home/airflow/.local/lib/python3.12/site-packages/airflow/example_dags/example_inlet_event_extra.py
[2025-06-22T12:23:18.971+0000] {logging_mixin.py:190} INFO - [2025-06-22T12:23:18.971+0000] {dag.py:3239} INFO - Sync 2 DAGs
[2025-06-22T12:23:18.994+0000] {logging_mixin.py:190} INFO - [2025-06-22T12:23:18.993+0000] {dag.py:4180} INFO - Setting next_dagrun for read_dataset_event to 2025-06-22 00:00:00+00:00, run_after=2025-06-23 00:00:00+00:00
[2025-06-22T12:23:18.999+0000] {logging_mixin.py:190} INFO - [2025-06-22T12:23:18.998+0000] {dag.py:4180} INFO - Setting next_dagrun for read_dataset_event_from_classic to 2025-06-22 00:00:00+00:00, run_after=2025-06-23 00:00:00+00:00
[2025-06-22T12:23:19.014+0000] {processor.py:208} INFO - Processing /home/airflow/.local/lib/python3.12/site-packages/airflow/example_dags/example_inlet_event_extra.py took 0.686 seconds
[2025-06-22T12:27:22.788+0000] {processor.py:186} INFO - Started process (PID=134) to work on /home/airflow/.local/lib/python3.12/site-packages/airflow/example_dags/example_inlet_event_extra.py
[2025-06-22T12:27:22.789+0000] {processor.py:914} INFO - Processing file /home/airflow/.local/lib/python3.12/site-packages/airflow/example_dags/example_inlet_event_extra.py for tasks to queue
[2025-06-22T12:27:22.791+0000] {logging_mixin.py:190} INFO - [2025-06-22T12:27:22.791+0000] {dagbag.py:588} INFO - Filling up the DagBag from /home/airflow/.local/lib/python3.12/site-packages/airflow/example_dags/example_inlet_event_extra.py
[2025-06-22T12:27:23.408+0000] {processor.py:925} INFO - DAG(s) 'read_dataset_event', 'read_dataset_event_from_classic' retrieved from /home/airflow/.local/lib/python3.12/site-packages/airflow/example_dags/example_inlet_event_extra.py
[2025-06-22T12:27:23.434+0000] {logging_mixin.py:190} INFO - [2025-06-22T12:27:23.434+0000] {dag.py:3239} INFO - Sync 2 DAGs
[2025-06-22T12:27:23.465+0000] {logging_mixin.py:190} INFO - [2025-06-22T12:27:23.465+0000] {dag.py:4180} INFO - Setting next_dagrun for read_dataset_event to 2025-06-22 00:00:00+00:00, run_after=2025-06-23 00:00:00+00:00
[2025-06-22T12:27:23.475+0000] {logging_mixin.py:190} INFO - [2025-06-22T12:27:23.474+0000] {dag.py:4180} INFO - Setting next_dagrun for read_dataset_event_from_classic to 2025-06-22 00:00:00+00:00, run_after=2025-06-23 00:00:00+00:00
[2025-06-22T12:27:23.500+0000] {processor.py:208} INFO - Processing /home/airflow/.local/lib/python3.12/site-packages/airflow/example_dags/example_inlet_event_extra.py took 0.717 seconds
[2025-06-22T12:27:53.811+0000] {processor.py:186} INFO - Started process (PID=206) to work on /home/airflow/.local/lib/python3.12/site-packages/airflow/example_dags/example_inlet_event_extra.py
[2025-06-22T12:27:53.812+0000] {processor.py:914} INFO - Processing file /home/airflow/.local/lib/python3.12/site-packages/airflow/example_dags/example_inlet_event_extra.py for tasks to queue
[2025-06-22T12:27:53.814+0000] {logging_mixin.py:190} INFO - [2025-06-22T12:27:53.814+0000] {dagbag.py:588} INFO - Filling up the DagBag from /home/airflow/.local/lib/python3.12/site-packages/airflow/example_dags/example_inlet_event_extra.py
[2025-06-22T12:27:54.291+0000] {processor.py:925} INFO - DAG(s) 'read_dataset_event_from_classic', 'read_dataset_event' retrieved from /home/airflow/.local/lib/python3.12/site-packages/airflow/example_dags/example_inlet_event_extra.py
[2025-06-22T12:27:54.310+0000] {logging_mixin.py:190} INFO - [2025-06-22T12:27:54.310+0000] {dag.py:3239} INFO - Sync 2 DAGs
[2025-06-22T12:27:54.331+0000] {logging_mixin.py:190} INFO - [2025-06-22T12:27:54.331+0000] {dag.py:4180} INFO - Setting next_dagrun for read_dataset_event to 2025-06-22 00:00:00+00:00, run_after=2025-06-23 00:00:00+00:00
[2025-06-22T12:27:54.337+0000] {logging_mixin.py:190} INFO - [2025-06-22T12:27:54.336+0000] {dag.py:4180} INFO - Setting next_dagrun for read_dataset_event_from_classic to 2025-06-22 00:00:00+00:00, run_after=2025-06-23 00:00:00+00:00
[2025-06-22T12:27:54.353+0000] {processor.py:208} INFO - Processing /home/airflow/.local/lib/python3.12/site-packages/airflow/example_dags/example_inlet_event_extra.py took 0.548 seconds
[2025-06-22T12:28:24.561+0000] {processor.py:186} INFO - Started process (PID=278) to work on /home/airflow/.local/lib/python3.12/site-packages/airflow/example_dags/example_inlet_event_extra.py
[2025-06-22T12:28:24.562+0000] {processor.py:914} INFO - Processing file /home/airflow/.local/lib/python3.12/site-packages/airflow/example_dags/example_inlet_event_extra.py for tasks to queue
[2025-06-22T12:28:24.564+0000] {logging_mixin.py:190} INFO - [2025-06-22T12:28:24.564+0000] {dagbag.py:588} INFO - Filling up the DagBag from /home/airflow/.local/lib/python3.12/site-packages/airflow/example_dags/example_inlet_event_extra.py
[2025-06-22T12:28:25.186+0000] {processor.py:925} INFO - DAG(s) 'read_dataset_event_from_classic', 'read_dataset_event' retrieved from /home/airflow/.local/lib/python3.12/site-packages/airflow/example_dags/example_inlet_event_extra.py
[2025-06-22T12:28:25.204+0000] {logging_mixin.py:190} INFO - [2025-06-22T12:28:25.204+0000] {dag.py:3239} INFO - Sync 2 DAGs
[2025-06-22T12:28:25.226+0000] {logging_mixin.py:190} INFO - [2025-06-22T12:28:25.226+0000] {dag.py:4180} INFO - Setting next_dagrun for read_dataset_event to 2025-06-22 00:00:00+00:00, run_after=2025-06-23 00:00:00+00:00
[2025-06-22T12:28:25.232+0000] {logging_mixin.py:190} INFO - [2025-06-22T12:28:25.231+0000] {dag.py:4180} INFO - Setting next_dagrun for read_dataset_event_from_classic to 2025-06-22 00:00:00+00:00, run_after=2025-06-23 00:00:00+00:00
[2025-06-22T12:28:25.277+0000] {processor.py:208} INFO - Processing /home/airflow/.local/lib/python3.12/site-packages/airflow/example_dags/example_inlet_event_extra.py took 0.723 seconds
[2025-06-22T12:28:55.693+0000] {processor.py:186} INFO - Started process (PID=343) to work on /home/airflow/.local/lib/python3.12/site-packages/airflow/example_dags/example_inlet_event_extra.py
[2025-06-22T12:28:55.693+0000] {processor.py:914} INFO - Processing file /home/airflow/.local/lib/python3.12/site-packages/airflow/example_dags/example_inlet_event_extra.py for tasks to queue
[2025-06-22T12:28:55.695+0000] {logging_mixin.py:190} INFO - [2025-06-22T12:28:55.695+0000] {dagbag.py:588} INFO - Filling up the DagBag from /home/airflow/.local/lib/python3.12/site-packages/airflow/example_dags/example_inlet_event_extra.py
[2025-06-22T12:28:56.170+0000] {processor.py:925} INFO - DAG(s) 'read_dataset_event_from_classic', 'read_dataset_event' retrieved from /home/airflow/.local/lib/python3.12/site-packages/airflow/example_dags/example_inlet_event_extra.py
[2025-06-22T12:28:56.189+0000] {logging_mixin.py:190} INFO - [2025-06-22T12:28:56.189+0000] {dag.py:3239} INFO - Sync 2 DAGs
[2025-06-22T12:28:56.212+0000] {logging_mixin.py:190} INFO - [2025-06-22T12:28:56.212+0000] {dag.py:4180} INFO - Setting next_dagrun for read_dataset_event to 2025-06-22 00:00:00+00:00, run_after=2025-06-23 00:00:00+00:00
[2025-06-22T12:28:56.217+0000] {logging_mixin.py:190} INFO - [2025-06-22T12:28:56.217+0000] {dag.py:4180} INFO - Setting next_dagrun for read_dataset_event_from_classic to 2025-06-22 00:00:00+00:00, run_after=2025-06-23 00:00:00+00:00
[2025-06-22T12:28:56.235+0000] {processor.py:208} INFO - Processing /home/airflow/.local/lib/python3.12/site-packages/airflow/example_dags/example_inlet_event_extra.py took 0.547 seconds
[2025-06-22T12:29:26.391+0000] {processor.py:186} INFO - Started process (PID=412) to work on /home/airflow/.local/lib/python3.12/site-packages/airflow/example_dags/example_inlet_event_extra.py
[2025-06-22T12:29:26.391+0000] {processor.py:914} INFO - Processing file /home/airflow/.local/lib/python3.12/site-packages/airflow/example_dags/example_inlet_event_extra.py for tasks to queue
[2025-06-22T12:29:26.393+0000] {logging_mixin.py:190} INFO - [2025-06-22T12:29:26.393+0000] {dagbag.py:588} INFO - Filling up the DagBag from /home/airflow/.local/lib/python3.12/site-packages/airflow/example_dags/example_inlet_event_extra.py
[2025-06-22T12:29:26.857+0000] {processor.py:925} INFO - DAG(s) 'read_dataset_event_from_classic', 'read_dataset_event' retrieved from /home/airflow/.local/lib/python3.12/site-packages/airflow/example_dags/example_inlet_event_extra.py
[2025-06-22T12:29:26.874+0000] {logging_mixin.py:190} INFO - [2025-06-22T12:29:26.874+0000] {dag.py:3239} INFO - Sync 2 DAGs
[2025-06-22T12:29:26.893+0000] {logging_mixin.py:190} INFO - [2025-06-22T12:29:26.893+0000] {dag.py:4180} INFO - Setting next_dagrun for read_dataset_event to 2025-06-22 00:00:00+00:00, run_after=2025-06-23 00:00:00+00:00
[2025-06-22T12:29:26.898+0000] {logging_mixin.py:190} INFO - [2025-06-22T12:29:26.898+0000] {dag.py:4180} INFO - Setting next_dagrun for read_dataset_event_from_classic to 2025-06-22 00:00:00+00:00, run_after=2025-06-23 00:00:00+00:00
[2025-06-22T12:29:26.912+0000] {processor.py:208} INFO - Processing /home/airflow/.local/lib/python3.12/site-packages/airflow/example_dags/example_inlet_event_extra.py took 0.527 seconds
[2025-06-22T12:29:57.854+0000] {processor.py:186} INFO - Started process (PID=476) to work on /home/airflow/.local/lib/python3.12/site-packages/airflow/example_dags/example_inlet_event_extra.py
[2025-06-22T12:29:57.855+0000] {processor.py:914} INFO - Processing file /home/airflow/.local/lib/python3.12/site-packages/airflow/example_dags/example_inlet_event_extra.py for tasks to queue
[2025-06-22T12:29:57.857+0000] {logging_mixin.py:190} INFO - [2025-06-22T12:29:57.856+0000] {dagbag.py:588} INFO - Filling up the DagBag from /home/airflow/.local/lib/python3.12/site-packages/airflow/example_dags/example_inlet_event_extra.py
[2025-06-22T12:29:58.380+0000] {processor.py:925} INFO - DAG(s) 'read_dataset_event_from_classic', 'read_dataset_event' retrieved from /home/airflow/.local/lib/python3.12/site-packages/airflow/example_dags/example_inlet_event_extra.py
[2025-06-22T12:29:58.399+0000] {logging_mixin.py:190} INFO - [2025-06-22T12:29:58.399+0000] {dag.py:3239} INFO - Sync 2 DAGs
[2025-06-22T12:29:58.419+0000] {logging_mixin.py:190} INFO - [2025-06-22T12:29:58.419+0000] {dag.py:4180} INFO - Setting next_dagrun for read_dataset_event to 2025-06-22 00:00:00+00:00, run_after=2025-06-23 00:00:00+00:00
[2025-06-22T12:29:58.424+0000] {logging_mixin.py:190} INFO - [2025-06-22T12:29:58.423+0000] {dag.py:4180} INFO - Setting next_dagrun for read_dataset_event_from_classic to 2025-06-22 00:00:00+00:00, run_after=2025-06-23 00:00:00+00:00
[2025-06-22T12:29:58.447+0000] {processor.py:208} INFO - Processing /home/airflow/.local/lib/python3.12/site-packages/airflow/example_dags/example_inlet_event_extra.py took 0.598 seconds
[2025-06-22T12:30:28.718+0000] {processor.py:186} INFO - Started process (PID=544) to work on /home/airflow/.local/lib/python3.12/site-packages/airflow/example_dags/example_inlet_event_extra.py
[2025-06-22T12:30:28.719+0000] {processor.py:914} INFO - Processing file /home/airflow/.local/lib/python3.12/site-packages/airflow/example_dags/example_inlet_event_extra.py for tasks to queue
[2025-06-22T12:30:28.721+0000] {logging_mixin.py:190} INFO - [2025-06-22T12:30:28.721+0000] {dagbag.py:588} INFO - Filling up the DagBag from /home/airflow/.local/lib/python3.12/site-packages/airflow/example_dags/example_inlet_event_extra.py
[2025-06-22T12:30:29.249+0000] {processor.py:925} INFO - DAG(s) 'read_dataset_event', 'read_dataset_event_from_classic' retrieved from /home/airflow/.local/lib/python3.12/site-packages/airflow/example_dags/example_inlet_event_extra.py
[2025-06-22T12:30:29.268+0000] {logging_mixin.py:190} INFO - [2025-06-22T12:30:29.268+0000] {dag.py:3239} INFO - Sync 2 DAGs
[2025-06-22T12:30:29.291+0000] {logging_mixin.py:190} INFO - [2025-06-22T12:30:29.290+0000] {dag.py:4180} INFO - Setting next_dagrun for read_dataset_event to 2025-06-22 00:00:00+00:00, run_after=2025-06-23 00:00:00+00:00
[2025-06-22T12:30:29.295+0000] {logging_mixin.py:190} INFO - [2025-06-22T12:30:29.295+0000] {dag.py:4180} INFO - Setting next_dagrun for read_dataset_event_from_classic to 2025-06-22 00:00:00+00:00, run_after=2025-06-23 00:00:00+00:00
[2025-06-22T12:30:29.309+0000] {processor.py:208} INFO - Processing /home/airflow/.local/lib/python3.12/site-packages/airflow/example_dags/example_inlet_event_extra.py took 0.597 seconds
[2025-06-22T12:38:00.770+0000] {processor.py:186} INFO - Started process (PID=179) to work on /home/airflow/.local/lib/python3.12/site-packages/airflow/example_dags/example_inlet_event_extra.py
[2025-06-22T12:38:00.772+0000] {processor.py:914} INFO - Processing file /home/airflow/.local/lib/python3.12/site-packages/airflow/example_dags/example_inlet_event_extra.py for tasks to queue
[2025-06-22T12:38:00.777+0000] {logging_mixin.py:190} INFO - [2025-06-22T12:38:00.776+0000] {dagbag.py:588} INFO - Filling up the DagBag from /home/airflow/.local/lib/python3.12/site-packages/airflow/example_dags/example_inlet_event_extra.py
[2025-06-22T12:38:02.085+0000] {processor.py:925} INFO - DAG(s) 'read_dataset_event', 'read_dataset_event_from_classic' retrieved from /home/airflow/.local/lib/python3.12/site-packages/airflow/example_dags/example_inlet_event_extra.py
[2025-06-22T12:38:02.377+0000] {logging_mixin.py:190} INFO - [2025-06-22T12:38:02.376+0000] {override.py:1912} INFO - Created Permission View: can delete on DAG:read_dataset_event
[2025-06-22T12:38:02.417+0000] {logging_mixin.py:190} INFO - [2025-06-22T12:38:02.417+0000] {override.py:1912} INFO - Created Permission View: can edit on DAG:read_dataset_event
[2025-06-22T12:38:02.450+0000] {logging_mixin.py:190} INFO - [2025-06-22T12:38:02.449+0000] {override.py:1912} INFO - Created Permission View: can read on DAG:read_dataset_event
[2025-06-22T12:38:02.469+0000] {logging_mixin.py:190} INFO - [2025-06-22T12:38:02.468+0000] {override.py:1912} INFO - Created Permission View: can delete on DAG Run:read_dataset_event
[2025-06-22T12:38:02.489+0000] {logging_mixin.py:190} INFO - [2025-06-22T12:38:02.488+0000] {override.py:1912} INFO - Created Permission View: can create on DAG Run:read_dataset_event
[2025-06-22T12:38:02.511+0000] {logging_mixin.py:190} INFO - [2025-06-22T12:38:02.510+0000] {override.py:1912} INFO - Created Permission View: menu access on DAG Run:read_dataset_event
[2025-06-22T12:38:02.533+0000] {logging_mixin.py:190} INFO - [2025-06-22T12:38:02.532+0000] {override.py:1912} INFO - Created Permission View: can read on DAG Run:read_dataset_event
[2025-06-22T12:38:02.579+0000] {logging_mixin.py:190} INFO - [2025-06-22T12:38:02.578+0000] {override.py:1912} INFO - Created Permission View: can delete on DAG:read_dataset_event_from_classic
[2025-06-22T12:38:02.594+0000] {logging_mixin.py:190} INFO - [2025-06-22T12:38:02.593+0000] {override.py:1912} INFO - Created Permission View: can edit on DAG:read_dataset_event_from_classic
[2025-06-22T12:38:02.616+0000] {logging_mixin.py:190} INFO - [2025-06-22T12:38:02.616+0000] {override.py:1912} INFO - Created Permission View: can read on DAG:read_dataset_event_from_classic
[2025-06-22T12:38:02.647+0000] {logging_mixin.py:190} INFO - [2025-06-22T12:38:02.646+0000] {override.py:1912} INFO - Created Permission View: can delete on DAG Run:read_dataset_event_from_classic
[2025-06-22T12:38:02.675+0000] {logging_mixin.py:190} INFO - [2025-06-22T12:38:02.674+0000] {override.py:1912} INFO - Created Permission View: can create on DAG Run:read_dataset_event_from_classic
[2025-06-22T12:38:02.698+0000] {logging_mixin.py:190} INFO - [2025-06-22T12:38:02.698+0000] {override.py:1912} INFO - Created Permission View: menu access on DAG Run:read_dataset_event_from_classic
[2025-06-22T12:38:02.727+0000] {logging_mixin.py:190} INFO - [2025-06-22T12:38:02.726+0000] {override.py:1912} INFO - Created Permission View: can read on DAG Run:read_dataset_event_from_classic
[2025-06-22T12:38:02.728+0000] {logging_mixin.py:190} INFO - [2025-06-22T12:38:02.727+0000] {dag.py:3239} INFO - Sync 2 DAGs
[2025-06-22T12:38:02.758+0000] {logging_mixin.py:190} INFO - [2025-06-22T12:38:02.757+0000] {dag.py:3262} INFO - Creating ORM DAG for read_dataset_event
[2025-06-22T12:38:02.764+0000] {logging_mixin.py:190} INFO - [2025-06-22T12:38:02.762+0000] {dag.py:3262} INFO - Creating ORM DAG for read_dataset_event_from_classic
[2025-06-22T12:38:02.790+0000] {logging_mixin.py:190} INFO - [2025-06-22T12:38:02.789+0000] {dag.py:4180} INFO - Setting next_dagrun for read_dataset_event to 2025-06-21 00:00:00+00:00, run_after=2025-06-22 00:00:00+00:00
[2025-06-22T12:38:02.793+0000] {logging_mixin.py:190} INFO - [2025-06-22T12:38:02.793+0000] {dag.py:4180} INFO - Setting next_dagrun for read_dataset_event_from_classic to 2025-06-21 00:00:00+00:00, run_after=2025-06-22 00:00:00+00:00
[2025-06-22T12:38:02.852+0000] {processor.py:208} INFO - Processing /home/airflow/.local/lib/python3.12/site-packages/airflow/example_dags/example_inlet_event_extra.py took 2.095 seconds
[2025-06-22T12:38:32.984+0000] {processor.py:186} INFO - Started process (PID=283) to work on /home/airflow/.local/lib/python3.12/site-packages/airflow/example_dags/example_inlet_event_extra.py
[2025-06-22T12:38:32.985+0000] {processor.py:914} INFO - Processing file /home/airflow/.local/lib/python3.12/site-packages/airflow/example_dags/example_inlet_event_extra.py for tasks to queue
[2025-06-22T12:38:32.988+0000] {logging_mixin.py:190} INFO - [2025-06-22T12:38:32.988+0000] {dagbag.py:588} INFO - Filling up the DagBag from /home/airflow/.local/lib/python3.12/site-packages/airflow/example_dags/example_inlet_event_extra.py
[2025-06-22T12:38:33.588+0000] {processor.py:925} INFO - DAG(s) 'read_dataset_event_from_classic', 'read_dataset_event' retrieved from /home/airflow/.local/lib/python3.12/site-packages/airflow/example_dags/example_inlet_event_extra.py
[2025-06-22T12:38:33.609+0000] {logging_mixin.py:190} INFO - [2025-06-22T12:38:33.609+0000] {dag.py:3239} INFO - Sync 2 DAGs
[2025-06-22T12:38:33.634+0000] {logging_mixin.py:190} INFO - [2025-06-22T12:38:33.633+0000] {dag.py:4180} INFO - Setting next_dagrun for read_dataset_event to 2025-06-22 00:00:00+00:00, run_after=2025-06-23 00:00:00+00:00
[2025-06-22T12:38:33.639+0000] {logging_mixin.py:190} INFO - [2025-06-22T12:38:33.638+0000] {dag.py:4180} INFO - Setting next_dagrun for read_dataset_event_from_classic to 2025-06-22 00:00:00+00:00, run_after=2025-06-23 00:00:00+00:00
[2025-06-22T12:38:33.658+0000] {processor.py:208} INFO - Processing /home/airflow/.local/lib/python3.12/site-packages/airflow/example_dags/example_inlet_event_extra.py took 0.680 seconds
