[2025-06-22T12:22:38.566+0000] {processor.py:186} INFO - Started process (PID=139) to work on /home/airflow/.local/lib/python3.12/site-packages/airflow/example_dags/example_setup_teardown_taskflow.py
[2025-06-22T12:22:38.568+0000] {processor.py:914} INFO - Processing file /home/airflow/.local/lib/python3.12/site-packages/airflow/example_dags/example_setup_teardown_taskflow.py for tasks to queue
[2025-06-22T12:22:38.575+0000] {logging_mixin.py:190} INFO - [2025-06-22T12:22:38.575+0000] {dagbag.py:588} INFO - Filling up the DagBag from /home/airflow/.local/lib/python3.12/site-packages/airflow/example_dags/example_setup_teardown_taskflow.py
[2025-06-22T12:22:38.615+0000] {processor.py:925} INFO - DAG(s) 'example_setup_teardown_taskflow' retrieved from /home/airflow/.local/lib/python3.12/site-packages/airflow/example_dags/example_setup_teardown_taskflow.py
[2025-06-22T12:22:38.826+0000] {logging_mixin.py:190} INFO - [2025-06-22T12:22:38.824+0000] {override.py:1912} INFO - Created Permission View: can read on DAG:example_setup_teardown_taskflow
[2025-06-22T12:22:38.851+0000] {logging_mixin.py:190} INFO - [2025-06-22T12:22:38.850+0000] {override.py:1912} INFO - Created Permission View: can edit on DAG:example_setup_teardown_taskflow
[2025-06-22T12:22:38.866+0000] {logging_mixin.py:190} INFO - [2025-06-22T12:22:38.866+0000] {override.py:1912} INFO - Created Permission View: can delete on DAG:example_setup_teardown_taskflow
[2025-06-22T12:22:38.888+0000] {logging_mixin.py:190} INFO - [2025-06-22T12:22:38.888+0000] {override.py:1912} INFO - Created Permission View: can read on DAG Run:example_setup_teardown_taskflow
[2025-06-22T12:22:38.911+0000] {logging_mixin.py:190} INFO - [2025-06-22T12:22:38.910+0000] {override.py:1912} INFO - Created Permission View: can create on DAG Run:example_setup_teardown_taskflow
[2025-06-22T12:22:38.929+0000] {logging_mixin.py:190} INFO - [2025-06-22T12:22:38.928+0000] {override.py:1912} INFO - Created Permission View: can delete on DAG Run:example_setup_teardown_taskflow
[2025-06-22T12:22:38.945+0000] {logging_mixin.py:190} INFO - [2025-06-22T12:22:38.945+0000] {override.py:1912} INFO - Created Permission View: menu access on DAG Run:example_setup_teardown_taskflow
[2025-06-22T12:22:38.946+0000] {logging_mixin.py:190} INFO - [2025-06-22T12:22:38.945+0000] {dag.py:3239} INFO - Sync 1 DAGs
[2025-06-22T12:22:38.977+0000] {logging_mixin.py:190} INFO - [2025-06-22T12:22:38.976+0000] {dag.py:3262} INFO - Creating ORM DAG for example_setup_teardown_taskflow
[2025-06-22T12:22:38.981+0000] {logging_mixin.py:190} INFO - [2025-06-22T12:22:38.980+0000] {dag.py:4180} INFO - Setting next_dagrun for example_setup_teardown_taskflow to None, run_after=None
[2025-06-22T12:22:39.013+0000] {processor.py:208} INFO - Processing /home/airflow/.local/lib/python3.12/site-packages/airflow/example_dags/example_setup_teardown_taskflow.py took 0.457 seconds
[2025-06-22T12:23:09.162+0000] {processor.py:186} INFO - Started process (PID=247) to work on /home/airflow/.local/lib/python3.12/site-packages/airflow/example_dags/example_setup_teardown_taskflow.py
[2025-06-22T12:23:09.163+0000] {processor.py:914} INFO - Processing file /home/airflow/.local/lib/python3.12/site-packages/airflow/example_dags/example_setup_teardown_taskflow.py for tasks to queue
[2025-06-22T12:23:09.165+0000] {logging_mixin.py:190} INFO - [2025-06-22T12:23:09.165+0000] {dagbag.py:588} INFO - Filling up the DagBag from /home/airflow/.local/lib/python3.12/site-packages/airflow/example_dags/example_setup_teardown_taskflow.py
[2025-06-22T12:23:09.175+0000] {processor.py:925} INFO - DAG(s) 'example_setup_teardown_taskflow' retrieved from /home/airflow/.local/lib/python3.12/site-packages/airflow/example_dags/example_setup_teardown_taskflow.py
[2025-06-22T12:23:09.199+0000] {logging_mixin.py:190} INFO - [2025-06-22T12:23:09.198+0000] {dag.py:3239} INFO - Sync 1 DAGs
[2025-06-22T12:23:09.216+0000] {logging_mixin.py:190} INFO - [2025-06-22T12:23:09.216+0000] {dag.py:4180} INFO - Setting next_dagrun for example_setup_teardown_taskflow to None, run_after=None
[2025-06-22T12:23:09.241+0000] {processor.py:208} INFO - Processing /home/airflow/.local/lib/python3.12/site-packages/airflow/example_dags/example_setup_teardown_taskflow.py took 0.084 seconds
[2025-06-22T12:27:20.720+0000] {processor.py:186} INFO - Started process (PID=117) to work on /home/airflow/.local/lib/python3.12/site-packages/airflow/example_dags/example_setup_teardown_taskflow.py
[2025-06-22T12:27:20.721+0000] {processor.py:914} INFO - Processing file /home/airflow/.local/lib/python3.12/site-packages/airflow/example_dags/example_setup_teardown_taskflow.py for tasks to queue
[2025-06-22T12:27:20.723+0000] {logging_mixin.py:190} INFO - [2025-06-22T12:27:20.723+0000] {dagbag.py:588} INFO - Filling up the DagBag from /home/airflow/.local/lib/python3.12/site-packages/airflow/example_dags/example_setup_teardown_taskflow.py
[2025-06-22T12:27:20.734+0000] {processor.py:925} INFO - DAG(s) 'example_setup_teardown_taskflow' retrieved from /home/airflow/.local/lib/python3.12/site-packages/airflow/example_dags/example_setup_teardown_taskflow.py
[2025-06-22T12:27:20.759+0000] {logging_mixin.py:190} INFO - [2025-06-22T12:27:20.759+0000] {dag.py:3239} INFO - Sync 1 DAGs
[2025-06-22T12:27:20.771+0000] {logging_mixin.py:190} INFO - [2025-06-22T12:27:20.771+0000] {dag.py:4180} INFO - Setting next_dagrun for example_setup_teardown_taskflow to None, run_after=None
[2025-06-22T12:27:20.787+0000] {processor.py:208} INFO - Processing /home/airflow/.local/lib/python3.12/site-packages/airflow/example_dags/example_setup_teardown_taskflow.py took 0.073 seconds
[2025-06-22T12:27:50.910+0000] {processor.py:186} INFO - Started process (PID=189) to work on /home/airflow/.local/lib/python3.12/site-packages/airflow/example_dags/example_setup_teardown_taskflow.py
[2025-06-22T12:27:50.912+0000] {processor.py:914} INFO - Processing file /home/airflow/.local/lib/python3.12/site-packages/airflow/example_dags/example_setup_teardown_taskflow.py for tasks to queue
[2025-06-22T12:27:50.914+0000] {logging_mixin.py:190} INFO - [2025-06-22T12:27:50.913+0000] {dagbag.py:588} INFO - Filling up the DagBag from /home/airflow/.local/lib/python3.12/site-packages/airflow/example_dags/example_setup_teardown_taskflow.py
[2025-06-22T12:27:50.924+0000] {processor.py:925} INFO - DAG(s) 'example_setup_teardown_taskflow' retrieved from /home/airflow/.local/lib/python3.12/site-packages/airflow/example_dags/example_setup_teardown_taskflow.py
[2025-06-22T12:27:50.944+0000] {logging_mixin.py:190} INFO - [2025-06-22T12:27:50.944+0000] {dag.py:3239} INFO - Sync 1 DAGs
[2025-06-22T12:27:50.957+0000] {logging_mixin.py:190} INFO - [2025-06-22T12:27:50.957+0000] {dag.py:4180} INFO - Setting next_dagrun for example_setup_teardown_taskflow to None, run_after=None
[2025-06-22T12:27:50.975+0000] {processor.py:208} INFO - Processing /home/airflow/.local/lib/python3.12/site-packages/airflow/example_dags/example_setup_teardown_taskflow.py took 0.069 seconds
[2025-06-22T12:28:21.354+0000] {processor.py:186} INFO - Started process (PID=259) to work on /home/airflow/.local/lib/python3.12/site-packages/airflow/example_dags/example_setup_teardown_taskflow.py
[2025-06-22T12:28:21.355+0000] {processor.py:914} INFO - Processing file /home/airflow/.local/lib/python3.12/site-packages/airflow/example_dags/example_setup_teardown_taskflow.py for tasks to queue
[2025-06-22T12:28:21.357+0000] {logging_mixin.py:190} INFO - [2025-06-22T12:28:21.357+0000] {dagbag.py:588} INFO - Filling up the DagBag from /home/airflow/.local/lib/python3.12/site-packages/airflow/example_dags/example_setup_teardown_taskflow.py
[2025-06-22T12:28:21.368+0000] {processor.py:925} INFO - DAG(s) 'example_setup_teardown_taskflow' retrieved from /home/airflow/.local/lib/python3.12/site-packages/airflow/example_dags/example_setup_teardown_taskflow.py
[2025-06-22T12:28:21.388+0000] {logging_mixin.py:190} INFO - [2025-06-22T12:28:21.388+0000] {dag.py:3239} INFO - Sync 1 DAGs
[2025-06-22T12:28:21.401+0000] {logging_mixin.py:190} INFO - [2025-06-22T12:28:21.401+0000] {dag.py:4180} INFO - Setting next_dagrun for example_setup_teardown_taskflow to None, run_after=None
[2025-06-22T12:28:21.417+0000] {processor.py:208} INFO - Processing /home/airflow/.local/lib/python3.12/site-packages/airflow/example_dags/example_setup_teardown_taskflow.py took 0.069 seconds
[2025-06-22T12:28:51.965+0000] {processor.py:186} INFO - Started process (PID=324) to work on /home/airflow/.local/lib/python3.12/site-packages/airflow/example_dags/example_setup_teardown_taskflow.py
[2025-06-22T12:28:51.966+0000] {processor.py:914} INFO - Processing file /home/airflow/.local/lib/python3.12/site-packages/airflow/example_dags/example_setup_teardown_taskflow.py for tasks to queue
[2025-06-22T12:28:51.968+0000] {logging_mixin.py:190} INFO - [2025-06-22T12:28:51.968+0000] {dagbag.py:588} INFO - Filling up the DagBag from /home/airflow/.local/lib/python3.12/site-packages/airflow/example_dags/example_setup_teardown_taskflow.py
[2025-06-22T12:28:51.978+0000] {processor.py:925} INFO - DAG(s) 'example_setup_teardown_taskflow' retrieved from /home/airflow/.local/lib/python3.12/site-packages/airflow/example_dags/example_setup_teardown_taskflow.py
[2025-06-22T12:28:51.997+0000] {logging_mixin.py:190} INFO - [2025-06-22T12:28:51.997+0000] {dag.py:3239} INFO - Sync 1 DAGs
[2025-06-22T12:28:52.010+0000] {logging_mixin.py:190} INFO - [2025-06-22T12:28:52.010+0000] {dag.py:4180} INFO - Setting next_dagrun for example_setup_teardown_taskflow to None, run_after=None
[2025-06-22T12:28:52.028+0000] {processor.py:208} INFO - Processing /home/airflow/.local/lib/python3.12/site-packages/airflow/example_dags/example_setup_teardown_taskflow.py took 0.069 seconds
[2025-06-22T12:29:22.650+0000] {processor.py:186} INFO - Started process (PID=393) to work on /home/airflow/.local/lib/python3.12/site-packages/airflow/example_dags/example_setup_teardown_taskflow.py
[2025-06-22T12:29:22.651+0000] {processor.py:914} INFO - Processing file /home/airflow/.local/lib/python3.12/site-packages/airflow/example_dags/example_setup_teardown_taskflow.py for tasks to queue
[2025-06-22T12:29:22.653+0000] {logging_mixin.py:190} INFO - [2025-06-22T12:29:22.653+0000] {dagbag.py:588} INFO - Filling up the DagBag from /home/airflow/.local/lib/python3.12/site-packages/airflow/example_dags/example_setup_teardown_taskflow.py
[2025-06-22T12:29:22.663+0000] {processor.py:925} INFO - DAG(s) 'example_setup_teardown_taskflow' retrieved from /home/airflow/.local/lib/python3.12/site-packages/airflow/example_dags/example_setup_teardown_taskflow.py
[2025-06-22T12:29:22.682+0000] {logging_mixin.py:190} INFO - [2025-06-22T12:29:22.682+0000] {dag.py:3239} INFO - Sync 1 DAGs
[2025-06-22T12:29:22.694+0000] {logging_mixin.py:190} INFO - [2025-06-22T12:29:22.694+0000] {dag.py:4180} INFO - Setting next_dagrun for example_setup_teardown_taskflow to None, run_after=None
[2025-06-22T12:29:22.710+0000] {processor.py:208} INFO - Processing /home/airflow/.local/lib/python3.12/site-packages/airflow/example_dags/example_setup_teardown_taskflow.py took 0.066 seconds
[2025-06-22T12:29:52.909+0000] {processor.py:186} INFO - Started process (PID=456) to work on /home/airflow/.local/lib/python3.12/site-packages/airflow/example_dags/example_setup_teardown_taskflow.py
[2025-06-22T12:29:52.910+0000] {processor.py:914} INFO - Processing file /home/airflow/.local/lib/python3.12/site-packages/airflow/example_dags/example_setup_teardown_taskflow.py for tasks to queue
[2025-06-22T12:29:52.912+0000] {logging_mixin.py:190} INFO - [2025-06-22T12:29:52.912+0000] {dagbag.py:588} INFO - Filling up the DagBag from /home/airflow/.local/lib/python3.12/site-packages/airflow/example_dags/example_setup_teardown_taskflow.py
[2025-06-22T12:29:52.922+0000] {processor.py:925} INFO - DAG(s) 'example_setup_teardown_taskflow' retrieved from /home/airflow/.local/lib/python3.12/site-packages/airflow/example_dags/example_setup_teardown_taskflow.py
[2025-06-22T12:29:52.940+0000] {logging_mixin.py:190} INFO - [2025-06-22T12:29:52.940+0000] {dag.py:3239} INFO - Sync 1 DAGs
[2025-06-22T12:29:52.953+0000] {logging_mixin.py:190} INFO - [2025-06-22T12:29:52.952+0000] {dag.py:4180} INFO - Setting next_dagrun for example_setup_teardown_taskflow to None, run_after=None
[2025-06-22T12:29:52.969+0000] {processor.py:208} INFO - Processing /home/airflow/.local/lib/python3.12/site-packages/airflow/example_dags/example_setup_teardown_taskflow.py took 0.066 seconds
[2025-06-22T12:30:23.464+0000] {processor.py:186} INFO - Started process (PID=526) to work on /home/airflow/.local/lib/python3.12/site-packages/airflow/example_dags/example_setup_teardown_taskflow.py
[2025-06-22T12:30:23.465+0000] {processor.py:914} INFO - Processing file /home/airflow/.local/lib/python3.12/site-packages/airflow/example_dags/example_setup_teardown_taskflow.py for tasks to queue
[2025-06-22T12:30:23.467+0000] {logging_mixin.py:190} INFO - [2025-06-22T12:30:23.467+0000] {dagbag.py:588} INFO - Filling up the DagBag from /home/airflow/.local/lib/python3.12/site-packages/airflow/example_dags/example_setup_teardown_taskflow.py
[2025-06-22T12:30:23.477+0000] {processor.py:925} INFO - DAG(s) 'example_setup_teardown_taskflow' retrieved from /home/airflow/.local/lib/python3.12/site-packages/airflow/example_dags/example_setup_teardown_taskflow.py
[2025-06-22T12:30:23.496+0000] {logging_mixin.py:190} INFO - [2025-06-22T12:30:23.496+0000] {dag.py:3239} INFO - Sync 1 DAGs
[2025-06-22T12:30:23.509+0000] {logging_mixin.py:190} INFO - [2025-06-22T12:30:23.509+0000] {dag.py:4180} INFO - Setting next_dagrun for example_setup_teardown_taskflow to None, run_after=None
[2025-06-22T12:30:23.527+0000] {processor.py:208} INFO - Processing /home/airflow/.local/lib/python3.12/site-packages/airflow/example_dags/example_setup_teardown_taskflow.py took 0.069 seconds
[2025-06-22T12:37:52.924+0000] {processor.py:186} INFO - Started process (PID=136) to work on /home/airflow/.local/lib/python3.12/site-packages/airflow/example_dags/example_setup_teardown_taskflow.py
[2025-06-22T12:37:52.930+0000] {processor.py:914} INFO - Processing file /home/airflow/.local/lib/python3.12/site-packages/airflow/example_dags/example_setup_teardown_taskflow.py for tasks to queue
[2025-06-22T12:37:52.939+0000] {logging_mixin.py:190} INFO - [2025-06-22T12:37:52.938+0000] {dagbag.py:588} INFO - Filling up the DagBag from /home/airflow/.local/lib/python3.12/site-packages/airflow/example_dags/example_setup_teardown_taskflow.py
[2025-06-22T12:37:52.959+0000] {processor.py:925} INFO - DAG(s) 'example_setup_teardown_taskflow' retrieved from /home/airflow/.local/lib/python3.12/site-packages/airflow/example_dags/example_setup_teardown_taskflow.py
[2025-06-22T12:37:53.166+0000] {logging_mixin.py:190} INFO - [2025-06-22T12:37:53.166+0000] {override.py:1912} INFO - Created Permission View: can delete on DAG:example_setup_teardown_taskflow
[2025-06-22T12:37:53.196+0000] {logging_mixin.py:190} INFO - [2025-06-22T12:37:53.196+0000] {override.py:1912} INFO - Created Permission View: can edit on DAG:example_setup_teardown_taskflow
[2025-06-22T12:37:53.222+0000] {logging_mixin.py:190} INFO - [2025-06-22T12:37:53.221+0000] {override.py:1912} INFO - Created Permission View: can read on DAG:example_setup_teardown_taskflow
[2025-06-22T12:37:53.249+0000] {logging_mixin.py:190} INFO - [2025-06-22T12:37:53.248+0000] {override.py:1912} INFO - Created Permission View: can delete on DAG Run:example_setup_teardown_taskflow
[2025-06-22T12:37:53.267+0000] {logging_mixin.py:190} INFO - [2025-06-22T12:37:53.267+0000] {override.py:1912} INFO - Created Permission View: can create on DAG Run:example_setup_teardown_taskflow
[2025-06-22T12:37:53.283+0000] {logging_mixin.py:190} INFO - [2025-06-22T12:37:53.283+0000] {override.py:1912} INFO - Created Permission View: menu access on DAG Run:example_setup_teardown_taskflow
[2025-06-22T12:37:53.297+0000] {logging_mixin.py:190} INFO - [2025-06-22T12:37:53.297+0000] {override.py:1912} INFO - Created Permission View: can read on DAG Run:example_setup_teardown_taskflow
[2025-06-22T12:37:53.298+0000] {logging_mixin.py:190} INFO - [2025-06-22T12:37:53.298+0000] {dag.py:3239} INFO - Sync 1 DAGs
[2025-06-22T12:37:53.318+0000] {logging_mixin.py:190} INFO - [2025-06-22T12:37:53.317+0000] {dag.py:3262} INFO - Creating ORM DAG for example_setup_teardown_taskflow
[2025-06-22T12:37:53.319+0000] {logging_mixin.py:190} INFO - [2025-06-22T12:37:53.319+0000] {dag.py:4180} INFO - Setting next_dagrun for example_setup_teardown_taskflow to None, run_after=None
[2025-06-22T12:37:53.343+0000] {processor.py:208} INFO - Processing /home/airflow/.local/lib/python3.12/site-packages/airflow/example_dags/example_setup_teardown_taskflow.py took 0.429 seconds
[2025-06-22T12:38:23.604+0000] {processor.py:186} INFO - Started process (PID=265) to work on /home/airflow/.local/lib/python3.12/site-packages/airflow/example_dags/example_setup_teardown_taskflow.py
[2025-06-22T12:38:23.605+0000] {processor.py:914} INFO - Processing file /home/airflow/.local/lib/python3.12/site-packages/airflow/example_dags/example_setup_teardown_taskflow.py for tasks to queue
[2025-06-22T12:38:23.607+0000] {logging_mixin.py:190} INFO - [2025-06-22T12:38:23.607+0000] {dagbag.py:588} INFO - Filling up the DagBag from /home/airflow/.local/lib/python3.12/site-packages/airflow/example_dags/example_setup_teardown_taskflow.py
[2025-06-22T12:38:23.618+0000] {processor.py:925} INFO - DAG(s) 'example_setup_teardown_taskflow' retrieved from /home/airflow/.local/lib/python3.12/site-packages/airflow/example_dags/example_setup_teardown_taskflow.py
[2025-06-22T12:38:23.638+0000] {logging_mixin.py:190} INFO - [2025-06-22T12:38:23.638+0000] {dag.py:3239} INFO - Sync 1 DAGs
[2025-06-22T12:38:23.652+0000] {logging_mixin.py:190} INFO - [2025-06-22T12:38:23.652+0000] {dag.py:4180} INFO - Setting next_dagrun for example_setup_teardown_taskflow to None, run_after=None
[2025-06-22T12:38:23.671+0000] {processor.py:208} INFO - Processing /home/airflow/.local/lib/python3.12/site-packages/airflow/example_dags/example_setup_teardown_taskflow.py took 0.073 seconds
