[2025-06-22T12:22:31.606+0000] {processor.py:186} INFO - Started process (PID=89) to work on /home/airflow/.local/lib/python3.12/site-packages/airflow/example_dags/example_datasets.py
[2025-06-22T12:22:31.607+0000] {processor.py:914} INFO - Processing file /home/airflow/.local/lib/python3.12/site-packages/airflow/example_dags/example_datasets.py for tasks to queue
[2025-06-22T12:22:31.609+0000] {logging_mixin.py:190} INFO - [2025-06-22T12:22:31.609+0000] {dagbag.py:588} INFO - Filling up the DagBag from /home/airflow/.local/lib/python3.12/site-packages/airflow/example_dags/example_datasets.py
[2025-06-22T12:22:33.174+0000] {processor.py:925} INFO - DAG(s) 'dataset_consumes_1_and_2', 'dataset_produces_2', 'dataset_produces_1', 'consume_1_and_2_with_dataset_expressions', 'dataset_consumes_1_never_scheduled', 'conditional_dataset_and_time_based_timetable', 'consume_1_or_both_2_and_3_with_dataset_expressions', 'consume_1_or_2_with_dataset_expressions', 'dataset_consumes_1', 'dataset_consumes_unknown_never_scheduled' retrieved from /home/airflow/.local/lib/python3.12/site-packages/airflow/example_dags/example_datasets.py
[2025-06-22T12:22:33.285+0000] {logging_mixin.py:190} INFO - [2025-06-22T12:22:33.284+0000] {override.py:1912} INFO - Created Permission View: can read on DAG:dataset_consumes_1_and_2
[2025-06-22T12:22:33.308+0000] {logging_mixin.py:190} INFO - [2025-06-22T12:22:33.307+0000] {override.py:1912} INFO - Created Permission View: can edit on DAG:dataset_consumes_1_and_2
[2025-06-22T12:22:33.323+0000] {logging_mixin.py:190} INFO - [2025-06-22T12:22:33.322+0000] {override.py:1912} INFO - Created Permission View: can delete on DAG:dataset_consumes_1_and_2
[2025-06-22T12:22:33.338+0000] {logging_mixin.py:190} INFO - [2025-06-22T12:22:33.337+0000] {override.py:1912} INFO - Created Permission View: can read on DAG Run:dataset_consumes_1_and_2
[2025-06-22T12:22:33.354+0000] {logging_mixin.py:190} INFO - [2025-06-22T12:22:33.353+0000] {override.py:1912} INFO - Created Permission View: can create on DAG Run:dataset_consumes_1_and_2
[2025-06-22T12:22:33.365+0000] {logging_mixin.py:190} INFO - [2025-06-22T12:22:33.364+0000] {override.py:1912} INFO - Created Permission View: can delete on DAG Run:dataset_consumes_1_and_2
[2025-06-22T12:22:33.375+0000] {logging_mixin.py:190} INFO - [2025-06-22T12:22:33.375+0000] {override.py:1912} INFO - Created Permission View: menu access on DAG Run:dataset_consumes_1_and_2
[2025-06-22T12:22:33.397+0000] {logging_mixin.py:190} INFO - [2025-06-22T12:22:33.396+0000] {override.py:1912} INFO - Created Permission View: can read on DAG:dataset_produces_2
[2025-06-22T12:22:33.414+0000] {logging_mixin.py:190} INFO - [2025-06-22T12:22:33.414+0000] {override.py:1912} INFO - Created Permission View: can edit on DAG:dataset_produces_2
[2025-06-22T12:22:33.430+0000] {logging_mixin.py:190} INFO - [2025-06-22T12:22:33.429+0000] {override.py:1912} INFO - Created Permission View: can delete on DAG:dataset_produces_2
[2025-06-22T12:22:33.441+0000] {logging_mixin.py:190} INFO - [2025-06-22T12:22:33.441+0000] {override.py:1912} INFO - Created Permission View: can read on DAG Run:dataset_produces_2
[2025-06-22T12:22:33.451+0000] {logging_mixin.py:190} INFO - [2025-06-22T12:22:33.450+0000] {override.py:1912} INFO - Created Permission View: can create on DAG Run:dataset_produces_2
[2025-06-22T12:22:33.463+0000] {logging_mixin.py:190} INFO - [2025-06-22T12:22:33.463+0000] {override.py:1912} INFO - Created Permission View: can delete on DAG Run:dataset_produces_2
[2025-06-22T12:22:33.475+0000] {logging_mixin.py:190} INFO - [2025-06-22T12:22:33.475+0000] {override.py:1912} INFO - Created Permission View: menu access on DAG Run:dataset_produces_2
[2025-06-22T12:22:33.498+0000] {logging_mixin.py:190} INFO - [2025-06-22T12:22:33.497+0000] {override.py:1912} INFO - Created Permission View: can read on DAG:dataset_produces_1
[2025-06-22T12:22:33.509+0000] {logging_mixin.py:190} INFO - [2025-06-22T12:22:33.509+0000] {override.py:1912} INFO - Created Permission View: can edit on DAG:dataset_produces_1
[2025-06-22T12:22:33.521+0000] {logging_mixin.py:190} INFO - [2025-06-22T12:22:33.520+0000] {override.py:1912} INFO - Created Permission View: can delete on DAG:dataset_produces_1
[2025-06-22T12:22:33.535+0000] {logging_mixin.py:190} INFO - [2025-06-22T12:22:33.535+0000] {override.py:1912} INFO - Created Permission View: can read on DAG Run:dataset_produces_1
[2025-06-22T12:22:33.547+0000] {logging_mixin.py:190} INFO - [2025-06-22T12:22:33.546+0000] {override.py:1912} INFO - Created Permission View: can create on DAG Run:dataset_produces_1
[2025-06-22T12:22:33.557+0000] {logging_mixin.py:190} INFO - [2025-06-22T12:22:33.557+0000] {override.py:1912} INFO - Created Permission View: can delete on DAG Run:dataset_produces_1
[2025-06-22T12:22:33.569+0000] {logging_mixin.py:190} INFO - [2025-06-22T12:22:33.569+0000] {override.py:1912} INFO - Created Permission View: menu access on DAG Run:dataset_produces_1
[2025-06-22T12:22:33.588+0000] {logging_mixin.py:190} INFO - [2025-06-22T12:22:33.587+0000] {override.py:1912} INFO - Created Permission View: can read on DAG:consume_1_and_2_with_dataset_expressions
[2025-06-22T12:22:33.597+0000] {logging_mixin.py:190} INFO - [2025-06-22T12:22:33.596+0000] {override.py:1912} INFO - Created Permission View: can edit on DAG:consume_1_and_2_with_dataset_expressions
[2025-06-22T12:22:33.607+0000] {logging_mixin.py:190} INFO - [2025-06-22T12:22:33.607+0000] {override.py:1912} INFO - Created Permission View: can delete on DAG:consume_1_and_2_with_dataset_expressions
[2025-06-22T12:22:33.620+0000] {logging_mixin.py:190} INFO - [2025-06-22T12:22:33.620+0000] {override.py:1912} INFO - Created Permission View: can read on DAG Run:consume_1_and_2_with_dataset_expressions
[2025-06-22T12:22:33.632+0000] {logging_mixin.py:190} INFO - [2025-06-22T12:22:33.631+0000] {override.py:1912} INFO - Created Permission View: can create on DAG Run:consume_1_and_2_with_dataset_expressions
[2025-06-22T12:22:33.644+0000] {logging_mixin.py:190} INFO - [2025-06-22T12:22:33.643+0000] {override.py:1912} INFO - Created Permission View: can delete on DAG Run:consume_1_and_2_with_dataset_expressions
[2025-06-22T12:22:33.656+0000] {logging_mixin.py:190} INFO - [2025-06-22T12:22:33.656+0000] {override.py:1912} INFO - Created Permission View: menu access on DAG Run:consume_1_and_2_with_dataset_expressions
[2025-06-22T12:22:33.679+0000] {logging_mixin.py:190} INFO - [2025-06-22T12:22:33.678+0000] {override.py:1912} INFO - Created Permission View: can read on DAG:dataset_consumes_1_never_scheduled
[2025-06-22T12:22:33.697+0000] {logging_mixin.py:190} INFO - [2025-06-22T12:22:33.696+0000] {override.py:1912} INFO - Created Permission View: can edit on DAG:dataset_consumes_1_never_scheduled
[2025-06-22T12:22:33.710+0000] {logging_mixin.py:190} INFO - [2025-06-22T12:22:33.709+0000] {override.py:1912} INFO - Created Permission View: can delete on DAG:dataset_consumes_1_never_scheduled
[2025-06-22T12:22:33.723+0000] {logging_mixin.py:190} INFO - [2025-06-22T12:22:33.723+0000] {override.py:1912} INFO - Created Permission View: can read on DAG Run:dataset_consumes_1_never_scheduled
[2025-06-22T12:22:33.733+0000] {logging_mixin.py:190} INFO - [2025-06-22T12:22:33.732+0000] {override.py:1912} INFO - Created Permission View: can create on DAG Run:dataset_consumes_1_never_scheduled
[2025-06-22T12:22:33.741+0000] {logging_mixin.py:190} INFO - [2025-06-22T12:22:33.741+0000] {override.py:1912} INFO - Created Permission View: can delete on DAG Run:dataset_consumes_1_never_scheduled
[2025-06-22T12:22:33.750+0000] {logging_mixin.py:190} INFO - [2025-06-22T12:22:33.750+0000] {override.py:1912} INFO - Created Permission View: menu access on DAG Run:dataset_consumes_1_never_scheduled
[2025-06-22T12:22:33.767+0000] {logging_mixin.py:190} INFO - [2025-06-22T12:22:33.767+0000] {override.py:1912} INFO - Created Permission View: can read on DAG:conditional_dataset_and_time_based_timetable
[2025-06-22T12:22:33.776+0000] {logging_mixin.py:190} INFO - [2025-06-22T12:22:33.775+0000] {override.py:1912} INFO - Created Permission View: can edit on DAG:conditional_dataset_and_time_based_timetable
[2025-06-22T12:22:33.785+0000] {logging_mixin.py:190} INFO - [2025-06-22T12:22:33.785+0000] {override.py:1912} INFO - Created Permission View: can delete on DAG:conditional_dataset_and_time_based_timetable
[2025-06-22T12:22:33.796+0000] {logging_mixin.py:190} INFO - [2025-06-22T12:22:33.796+0000] {override.py:1912} INFO - Created Permission View: can read on DAG Run:conditional_dataset_and_time_based_timetable
[2025-06-22T12:22:33.805+0000] {logging_mixin.py:190} INFO - [2025-06-22T12:22:33.804+0000] {override.py:1912} INFO - Created Permission View: can create on DAG Run:conditional_dataset_and_time_based_timetable
[2025-06-22T12:22:33.815+0000] {logging_mixin.py:190} INFO - [2025-06-22T12:22:33.814+0000] {override.py:1912} INFO - Created Permission View: can delete on DAG Run:conditional_dataset_and_time_based_timetable
[2025-06-22T12:22:33.826+0000] {logging_mixin.py:190} INFO - [2025-06-22T12:22:33.826+0000] {override.py:1912} INFO - Created Permission View: menu access on DAG Run:conditional_dataset_and_time_based_timetable
[2025-06-22T12:22:33.845+0000] {logging_mixin.py:190} INFO - [2025-06-22T12:22:33.845+0000] {override.py:1912} INFO - Created Permission View: can read on DAG:consume_1_or_both_2_and_3_with_dataset_expressions
[2025-06-22T12:22:33.856+0000] {logging_mixin.py:190} INFO - [2025-06-22T12:22:33.856+0000] {override.py:1912} INFO - Created Permission View: can edit on DAG:consume_1_or_both_2_and_3_with_dataset_expressions
[2025-06-22T12:22:33.867+0000] {logging_mixin.py:190} INFO - [2025-06-22T12:22:33.866+0000] {override.py:1912} INFO - Created Permission View: can delete on DAG:consume_1_or_both_2_and_3_with_dataset_expressions
[2025-06-22T12:22:33.879+0000] {logging_mixin.py:190} INFO - [2025-06-22T12:22:33.878+0000] {override.py:1912} INFO - Created Permission View: can read on DAG Run:consume_1_or_both_2_and_3_with_dataset_expressions
[2025-06-22T12:22:33.890+0000] {logging_mixin.py:190} INFO - [2025-06-22T12:22:33.890+0000] {override.py:1912} INFO - Created Permission View: can create on DAG Run:consume_1_or_both_2_and_3_with_dataset_expressions
[2025-06-22T12:22:33.901+0000] {logging_mixin.py:190} INFO - [2025-06-22T12:22:33.900+0000] {override.py:1912} INFO - Created Permission View: can delete on DAG Run:consume_1_or_both_2_and_3_with_dataset_expressions
[2025-06-22T12:22:33.910+0000] {logging_mixin.py:190} INFO - [2025-06-22T12:22:33.910+0000] {override.py:1912} INFO - Created Permission View: menu access on DAG Run:consume_1_or_both_2_and_3_with_dataset_expressions
[2025-06-22T12:22:33.930+0000] {logging_mixin.py:190} INFO - [2025-06-22T12:22:33.929+0000] {override.py:1912} INFO - Created Permission View: can read on DAG:consume_1_or_2_with_dataset_expressions
[2025-06-22T12:22:33.940+0000] {logging_mixin.py:190} INFO - [2025-06-22T12:22:33.939+0000] {override.py:1912} INFO - Created Permission View: can edit on DAG:consume_1_or_2_with_dataset_expressions
[2025-06-22T12:22:33.950+0000] {logging_mixin.py:190} INFO - [2025-06-22T12:22:33.949+0000] {override.py:1912} INFO - Created Permission View: can delete on DAG:consume_1_or_2_with_dataset_expressions
[2025-06-22T12:22:33.964+0000] {logging_mixin.py:190} INFO - [2025-06-22T12:22:33.964+0000] {override.py:1912} INFO - Created Permission View: can read on DAG Run:consume_1_or_2_with_dataset_expressions
[2025-06-22T12:22:33.976+0000] {logging_mixin.py:190} INFO - [2025-06-22T12:22:33.976+0000] {override.py:1912} INFO - Created Permission View: can create on DAG Run:consume_1_or_2_with_dataset_expressions
[2025-06-22T12:22:33.988+0000] {logging_mixin.py:190} INFO - [2025-06-22T12:22:33.987+0000] {override.py:1912} INFO - Created Permission View: can delete on DAG Run:consume_1_or_2_with_dataset_expressions
[2025-06-22T12:22:34.002+0000] {logging_mixin.py:190} INFO - [2025-06-22T12:22:34.002+0000] {override.py:1912} INFO - Created Permission View: menu access on DAG Run:consume_1_or_2_with_dataset_expressions
[2025-06-22T12:22:34.021+0000] {logging_mixin.py:190} INFO - [2025-06-22T12:22:34.021+0000] {override.py:1912} INFO - Created Permission View: can read on DAG:dataset_consumes_1
[2025-06-22T12:22:34.031+0000] {logging_mixin.py:190} INFO - [2025-06-22T12:22:34.031+0000] {override.py:1912} INFO - Created Permission View: can edit on DAG:dataset_consumes_1
[2025-06-22T12:22:34.042+0000] {logging_mixin.py:190} INFO - [2025-06-22T12:22:34.042+0000] {override.py:1912} INFO - Created Permission View: can delete on DAG:dataset_consumes_1
[2025-06-22T12:22:34.056+0000] {logging_mixin.py:190} INFO - [2025-06-22T12:22:34.056+0000] {override.py:1912} INFO - Created Permission View: can read on DAG Run:dataset_consumes_1
[2025-06-22T12:22:34.068+0000] {logging_mixin.py:190} INFO - [2025-06-22T12:22:34.067+0000] {override.py:1912} INFO - Created Permission View: can create on DAG Run:dataset_consumes_1
[2025-06-22T12:22:34.077+0000] {logging_mixin.py:190} INFO - [2025-06-22T12:22:34.077+0000] {override.py:1912} INFO - Created Permission View: can delete on DAG Run:dataset_consumes_1
[2025-06-22T12:22:34.087+0000] {logging_mixin.py:190} INFO - [2025-06-22T12:22:34.086+0000] {override.py:1912} INFO - Created Permission View: menu access on DAG Run:dataset_consumes_1
[2025-06-22T12:22:34.108+0000] {logging_mixin.py:190} INFO - [2025-06-22T12:22:34.108+0000] {override.py:1912} INFO - Created Permission View: can read on DAG:dataset_consumes_unknown_never_scheduled
[2025-06-22T12:22:34.119+0000] {logging_mixin.py:190} INFO - [2025-06-22T12:22:34.119+0000] {override.py:1912} INFO - Created Permission View: can edit on DAG:dataset_consumes_unknown_never_scheduled
[2025-06-22T12:22:34.128+0000] {logging_mixin.py:190} INFO - [2025-06-22T12:22:34.127+0000] {override.py:1912} INFO - Created Permission View: can delete on DAG:dataset_consumes_unknown_never_scheduled
[2025-06-22T12:22:34.139+0000] {logging_mixin.py:190} INFO - [2025-06-22T12:22:34.139+0000] {override.py:1912} INFO - Created Permission View: can read on DAG Run:dataset_consumes_unknown_never_scheduled
[2025-06-22T12:22:34.151+0000] {logging_mixin.py:190} INFO - [2025-06-22T12:22:34.150+0000] {override.py:1912} INFO - Created Permission View: can create on DAG Run:dataset_consumes_unknown_never_scheduled
[2025-06-22T12:22:34.161+0000] {logging_mixin.py:190} INFO - [2025-06-22T12:22:34.161+0000] {override.py:1912} INFO - Created Permission View: can delete on DAG Run:dataset_consumes_unknown_never_scheduled
[2025-06-22T12:22:34.171+0000] {logging_mixin.py:190} INFO - [2025-06-22T12:22:34.171+0000] {override.py:1912} INFO - Created Permission View: menu access on DAG Run:dataset_consumes_unknown_never_scheduled
[2025-06-22T12:22:34.172+0000] {logging_mixin.py:190} INFO - [2025-06-22T12:22:34.172+0000] {dag.py:3239} INFO - Sync 10 DAGs
[2025-06-22T12:22:34.189+0000] {logging_mixin.py:190} INFO - [2025-06-22T12:22:34.188+0000] {dag.py:3262} INFO - Creating ORM DAG for dataset_produces_2
[2025-06-22T12:22:34.190+0000] {logging_mixin.py:190} INFO - [2025-06-22T12:22:34.189+0000] {dag.py:3262} INFO - Creating ORM DAG for consume_1_and_2_with_dataset_expressions
[2025-06-22T12:22:34.191+0000] {logging_mixin.py:190} INFO - [2025-06-22T12:22:34.190+0000] {dag.py:3262} INFO - Creating ORM DAG for dataset_consumes_1_and_2
[2025-06-22T12:22:34.192+0000] {logging_mixin.py:190} INFO - [2025-06-22T12:22:34.191+0000] {dag.py:3262} INFO - Creating ORM DAG for dataset_consumes_unknown_never_scheduled
[2025-06-22T12:22:34.192+0000] {logging_mixin.py:190} INFO - [2025-06-22T12:22:34.192+0000] {dag.py:3262} INFO - Creating ORM DAG for dataset_produces_1
[2025-06-22T12:22:34.193+0000] {logging_mixin.py:190} INFO - [2025-06-22T12:22:34.193+0000] {dag.py:3262} INFO - Creating ORM DAG for consume_1_or_both_2_and_3_with_dataset_expressions
[2025-06-22T12:22:34.194+0000] {logging_mixin.py:190} INFO - [2025-06-22T12:22:34.194+0000] {dag.py:3262} INFO - Creating ORM DAG for consume_1_or_2_with_dataset_expressions
[2025-06-22T12:22:34.195+0000] {logging_mixin.py:190} INFO - [2025-06-22T12:22:34.195+0000] {dag.py:3262} INFO - Creating ORM DAG for dataset_consumes_1
[2025-06-22T12:22:34.195+0000] {logging_mixin.py:190} INFO - [2025-06-22T12:22:34.195+0000] {dag.py:3262} INFO - Creating ORM DAG for conditional_dataset_and_time_based_timetable
[2025-06-22T12:22:34.196+0000] {logging_mixin.py:190} INFO - [2025-06-22T12:22:34.196+0000] {dag.py:3262} INFO - Creating ORM DAG for dataset_consumes_1_never_scheduled
[2025-06-22T12:22:34.209+0000] {logging_mixin.py:190} INFO - [2025-06-22T12:22:34.209+0000] {dag.py:4180} INFO - Setting next_dagrun for conditional_dataset_and_time_based_timetable to 2025-06-18 01:00:00+00:00, run_after=2025-06-18 01:00:00+00:00
[2025-06-22T12:22:34.211+0000] {logging_mixin.py:190} INFO - [2025-06-22T12:22:34.211+0000] {dag.py:4180} INFO - Setting next_dagrun for consume_1_and_2_with_dataset_expressions to None, run_after=None
[2025-06-22T12:22:34.212+0000] {logging_mixin.py:190} INFO - [2025-06-22T12:22:34.212+0000] {dag.py:4180} INFO - Setting next_dagrun for consume_1_or_2_with_dataset_expressions to None, run_after=None
[2025-06-22T12:22:34.212+0000] {logging_mixin.py:190} INFO - [2025-06-22T12:22:34.212+0000] {dag.py:4180} INFO - Setting next_dagrun for consume_1_or_both_2_and_3_with_dataset_expressions to None, run_after=None
[2025-06-22T12:22:34.213+0000] {logging_mixin.py:190} INFO - [2025-06-22T12:22:34.213+0000] {dag.py:4180} INFO - Setting next_dagrun for dataset_consumes_1 to None, run_after=None
[2025-06-22T12:22:34.214+0000] {logging_mixin.py:190} INFO - [2025-06-22T12:22:34.214+0000] {dag.py:4180} INFO - Setting next_dagrun for dataset_consumes_1_and_2 to None, run_after=None
[2025-06-22T12:22:34.215+0000] {logging_mixin.py:190} INFO - [2025-06-22T12:22:34.215+0000] {dag.py:4180} INFO - Setting next_dagrun for dataset_consumes_1_never_scheduled to None, run_after=None
[2025-06-22T12:22:34.216+0000] {logging_mixin.py:190} INFO - [2025-06-22T12:22:34.216+0000] {dag.py:4180} INFO - Setting next_dagrun for dataset_consumes_unknown_never_scheduled to None, run_after=None
[2025-06-22T12:22:34.217+0000] {logging_mixin.py:190} INFO - [2025-06-22T12:22:34.217+0000] {dag.py:4180} INFO - Setting next_dagrun for dataset_produces_1 to 2025-06-21 00:00:00+00:00, run_after=2025-06-22 00:00:00+00:00
[2025-06-22T12:22:34.218+0000] {logging_mixin.py:190} INFO - [2025-06-22T12:22:34.218+0000] {dag.py:4180} INFO - Setting next_dagrun for dataset_produces_2 to None, run_after=None
[2025-06-22T12:22:34.277+0000] {processor.py:208} INFO - Processing /home/airflow/.local/lib/python3.12/site-packages/airflow/example_dags/example_datasets.py took 2.679 seconds
[2025-06-22T12:23:04.363+0000] {processor.py:186} INFO - Started process (PID=229) to work on /home/airflow/.local/lib/python3.12/site-packages/airflow/example_dags/example_datasets.py
[2025-06-22T12:23:04.364+0000] {processor.py:914} INFO - Processing file /home/airflow/.local/lib/python3.12/site-packages/airflow/example_dags/example_datasets.py for tasks to queue
[2025-06-22T12:23:04.369+0000] {logging_mixin.py:190} INFO - [2025-06-22T12:23:04.369+0000] {dagbag.py:588} INFO - Filling up the DagBag from /home/airflow/.local/lib/python3.12/site-packages/airflow/example_dags/example_datasets.py
[2025-06-22T12:23:04.961+0000] {processor.py:925} INFO - DAG(s) 'dataset_produces_2', 'conditional_dataset_and_time_based_timetable', 'dataset_consumes_unknown_never_scheduled', 'consume_1_or_2_with_dataset_expressions', 'consume_1_or_both_2_and_3_with_dataset_expressions', 'dataset_consumes_1', 'dataset_produces_1', 'dataset_consumes_1_never_scheduled', 'dataset_consumes_1_and_2', 'consume_1_and_2_with_dataset_expressions' retrieved from /home/airflow/.local/lib/python3.12/site-packages/airflow/example_dags/example_datasets.py
[2025-06-22T12:23:04.994+0000] {logging_mixin.py:190} INFO - [2025-06-22T12:23:04.994+0000] {dag.py:3239} INFO - Sync 10 DAGs
[2025-06-22T12:23:05.017+0000] {logging_mixin.py:190} INFO - [2025-06-22T12:23:05.016+0000] {dag.py:4180} INFO - Setting next_dagrun for conditional_dataset_and_time_based_timetable to 2025-06-25 01:00:00+00:00, run_after=2025-06-25 01:00:00+00:00
[2025-06-22T12:23:05.020+0000] {logging_mixin.py:190} INFO - [2025-06-22T12:23:05.020+0000] {dag.py:4180} INFO - Setting next_dagrun for consume_1_and_2_with_dataset_expressions to None, run_after=None
[2025-06-22T12:23:05.022+0000] {logging_mixin.py:190} INFO - [2025-06-22T12:23:05.022+0000] {dag.py:4180} INFO - Setting next_dagrun for consume_1_or_2_with_dataset_expressions to None, run_after=None
[2025-06-22T12:23:05.023+0000] {logging_mixin.py:190} INFO - [2025-06-22T12:23:05.023+0000] {dag.py:4180} INFO - Setting next_dagrun for consume_1_or_both_2_and_3_with_dataset_expressions to None, run_after=None
[2025-06-22T12:23:05.024+0000] {logging_mixin.py:190} INFO - [2025-06-22T12:23:05.024+0000] {dag.py:4180} INFO - Setting next_dagrun for dataset_consumes_1 to None, run_after=None
[2025-06-22T12:23:05.025+0000] {logging_mixin.py:190} INFO - [2025-06-22T12:23:05.025+0000] {dag.py:4180} INFO - Setting next_dagrun for dataset_consumes_1_and_2 to None, run_after=None
[2025-06-22T12:23:05.027+0000] {logging_mixin.py:190} INFO - [2025-06-22T12:23:05.026+0000] {dag.py:4180} INFO - Setting next_dagrun for dataset_consumes_1_never_scheduled to None, run_after=None
[2025-06-22T12:23:05.028+0000] {logging_mixin.py:190} INFO - [2025-06-22T12:23:05.028+0000] {dag.py:4180} INFO - Setting next_dagrun for dataset_consumes_unknown_never_scheduled to None, run_after=None
[2025-06-22T12:23:05.030+0000] {logging_mixin.py:190} INFO - [2025-06-22T12:23:05.030+0000] {dag.py:4180} INFO - Setting next_dagrun for dataset_produces_1 to 2025-06-22 00:00:00+00:00, run_after=2025-06-23 00:00:00+00:00
[2025-06-22T12:23:05.032+0000] {logging_mixin.py:190} INFO - [2025-06-22T12:23:05.032+0000] {dag.py:4180} INFO - Setting next_dagrun for dataset_produces_2 to None, run_after=None
[2025-06-22T12:23:05.062+0000] {processor.py:208} INFO - Processing /home/airflow/.local/lib/python3.12/site-packages/airflow/example_dags/example_datasets.py took 0.707 seconds
[2025-06-22T12:27:18.535+0000] {processor.py:186} INFO - Started process (PID=77) to work on /home/airflow/.local/lib/python3.12/site-packages/airflow/example_dags/example_datasets.py
[2025-06-22T12:27:18.536+0000] {processor.py:914} INFO - Processing file /home/airflow/.local/lib/python3.12/site-packages/airflow/example_dags/example_datasets.py for tasks to queue
[2025-06-22T12:27:18.539+0000] {logging_mixin.py:190} INFO - [2025-06-22T12:27:18.539+0000] {dagbag.py:588} INFO - Filling up the DagBag from /home/airflow/.local/lib/python3.12/site-packages/airflow/example_dags/example_datasets.py
[2025-06-22T12:27:19.236+0000] {processor.py:925} INFO - DAG(s) 'dataset_consumes_unknown_never_scheduled', 'dataset_produces_2', 'consume_1_and_2_with_dataset_expressions', 'consume_1_or_2_with_dataset_expressions', 'dataset_produces_1', 'dataset_consumes_1_and_2', 'consume_1_or_both_2_and_3_with_dataset_expressions', 'dataset_consumes_1_never_scheduled', 'conditional_dataset_and_time_based_timetable', 'dataset_consumes_1' retrieved from /home/airflow/.local/lib/python3.12/site-packages/airflow/example_dags/example_datasets.py
[2025-06-22T12:27:19.284+0000] {logging_mixin.py:190} INFO - [2025-06-22T12:27:19.283+0000] {dag.py:3239} INFO - Sync 10 DAGs
[2025-06-22T12:27:19.312+0000] {logging_mixin.py:190} INFO - [2025-06-22T12:27:19.312+0000] {dag.py:4180} INFO - Setting next_dagrun for conditional_dataset_and_time_based_timetable to 2025-06-25 01:00:00+00:00, run_after=2025-06-25 01:00:00+00:00
[2025-06-22T12:27:19.316+0000] {logging_mixin.py:190} INFO - [2025-06-22T12:27:19.316+0000] {dag.py:4180} INFO - Setting next_dagrun for consume_1_and_2_with_dataset_expressions to None, run_after=None
[2025-06-22T12:27:19.318+0000] {logging_mixin.py:190} INFO - [2025-06-22T12:27:19.318+0000] {dag.py:4180} INFO - Setting next_dagrun for consume_1_or_2_with_dataset_expressions to None, run_after=None
[2025-06-22T12:27:19.319+0000] {logging_mixin.py:190} INFO - [2025-06-22T12:27:19.319+0000] {dag.py:4180} INFO - Setting next_dagrun for consume_1_or_both_2_and_3_with_dataset_expressions to None, run_after=None
[2025-06-22T12:27:19.320+0000] {logging_mixin.py:190} INFO - [2025-06-22T12:27:19.320+0000] {dag.py:4180} INFO - Setting next_dagrun for dataset_consumes_1 to None, run_after=None
[2025-06-22T12:27:19.322+0000] {logging_mixin.py:190} INFO - [2025-06-22T12:27:19.322+0000] {dag.py:4180} INFO - Setting next_dagrun for dataset_consumes_1_and_2 to None, run_after=None
[2025-06-22T12:27:19.323+0000] {logging_mixin.py:190} INFO - [2025-06-22T12:27:19.323+0000] {dag.py:4180} INFO - Setting next_dagrun for dataset_consumes_1_never_scheduled to None, run_after=None
[2025-06-22T12:27:19.325+0000] {logging_mixin.py:190} INFO - [2025-06-22T12:27:19.325+0000] {dag.py:4180} INFO - Setting next_dagrun for dataset_consumes_unknown_never_scheduled to None, run_after=None
[2025-06-22T12:27:19.328+0000] {logging_mixin.py:190} INFO - [2025-06-22T12:27:19.328+0000] {dag.py:4180} INFO - Setting next_dagrun for dataset_produces_1 to 2025-06-22 00:00:00+00:00, run_after=2025-06-23 00:00:00+00:00
[2025-06-22T12:27:19.329+0000] {logging_mixin.py:190} INFO - [2025-06-22T12:27:19.329+0000] {dag.py:4180} INFO - Setting next_dagrun for dataset_produces_2 to None, run_after=None
[2025-06-22T12:27:19.361+0000] {processor.py:208} INFO - Processing /home/airflow/.local/lib/python3.12/site-packages/airflow/example_dags/example_datasets.py took 0.833 seconds
[2025-06-22T12:27:49.493+0000] {processor.py:186} INFO - Started process (PID=163) to work on /home/airflow/.local/lib/python3.12/site-packages/airflow/example_dags/example_datasets.py
[2025-06-22T12:27:49.494+0000] {processor.py:914} INFO - Processing file /home/airflow/.local/lib/python3.12/site-packages/airflow/example_dags/example_datasets.py for tasks to queue
[2025-06-22T12:27:49.496+0000] {logging_mixin.py:190} INFO - [2025-06-22T12:27:49.496+0000] {dagbag.py:588} INFO - Filling up the DagBag from /home/airflow/.local/lib/python3.12/site-packages/airflow/example_dags/example_datasets.py
[2025-06-22T12:27:50.062+0000] {processor.py:925} INFO - DAG(s) 'dataset_consumes_1_and_2', 'dataset_consumes_1_never_scheduled', 'consume_1_or_2_with_dataset_expressions', 'dataset_consumes_unknown_never_scheduled', 'consume_1_or_both_2_and_3_with_dataset_expressions', 'conditional_dataset_and_time_based_timetable', 'dataset_produces_2', 'dataset_consumes_1', 'dataset_produces_1', 'consume_1_and_2_with_dataset_expressions' retrieved from /home/airflow/.local/lib/python3.12/site-packages/airflow/example_dags/example_datasets.py
[2025-06-22T12:27:50.106+0000] {logging_mixin.py:190} INFO - [2025-06-22T12:27:50.106+0000] {dag.py:3239} INFO - Sync 10 DAGs
[2025-06-22T12:27:50.138+0000] {logging_mixin.py:190} INFO - [2025-06-22T12:27:50.137+0000] {dag.py:4180} INFO - Setting next_dagrun for conditional_dataset_and_time_based_timetable to 2025-06-25 01:00:00+00:00, run_after=2025-06-25 01:00:00+00:00
[2025-06-22T12:27:50.142+0000] {logging_mixin.py:190} INFO - [2025-06-22T12:27:50.142+0000] {dag.py:4180} INFO - Setting next_dagrun for consume_1_and_2_with_dataset_expressions to None, run_after=None
[2025-06-22T12:27:50.144+0000] {logging_mixin.py:190} INFO - [2025-06-22T12:27:50.144+0000] {dag.py:4180} INFO - Setting next_dagrun for consume_1_or_2_with_dataset_expressions to None, run_after=None
[2025-06-22T12:27:50.146+0000] {logging_mixin.py:190} INFO - [2025-06-22T12:27:50.146+0000] {dag.py:4180} INFO - Setting next_dagrun for consume_1_or_both_2_and_3_with_dataset_expressions to None, run_after=None
[2025-06-22T12:27:50.148+0000] {logging_mixin.py:190} INFO - [2025-06-22T12:27:50.147+0000] {dag.py:4180} INFO - Setting next_dagrun for dataset_consumes_1 to None, run_after=None
[2025-06-22T12:27:50.150+0000] {logging_mixin.py:190} INFO - [2025-06-22T12:27:50.150+0000] {dag.py:4180} INFO - Setting next_dagrun for dataset_consumes_1_and_2 to None, run_after=None
[2025-06-22T12:27:50.152+0000] {logging_mixin.py:190} INFO - [2025-06-22T12:27:50.151+0000] {dag.py:4180} INFO - Setting next_dagrun for dataset_consumes_1_never_scheduled to None, run_after=None
[2025-06-22T12:27:50.153+0000] {logging_mixin.py:190} INFO - [2025-06-22T12:27:50.153+0000] {dag.py:4180} INFO - Setting next_dagrun for dataset_consumes_unknown_never_scheduled to None, run_after=None
[2025-06-22T12:27:50.156+0000] {logging_mixin.py:190} INFO - [2025-06-22T12:27:50.156+0000] {dag.py:4180} INFO - Setting next_dagrun for dataset_produces_1 to 2025-06-22 00:00:00+00:00, run_after=2025-06-23 00:00:00+00:00
[2025-06-22T12:27:50.158+0000] {logging_mixin.py:190} INFO - [2025-06-22T12:27:50.158+0000] {dag.py:4180} INFO - Setting next_dagrun for dataset_produces_2 to None, run_after=None
[2025-06-22T12:27:50.247+0000] {processor.py:208} INFO - Processing /home/airflow/.local/lib/python3.12/site-packages/airflow/example_dags/example_datasets.py took 0.760 seconds
[2025-06-22T12:28:20.373+0000] {processor.py:186} INFO - Started process (PID=244) to work on /home/airflow/.local/lib/python3.12/site-packages/airflow/example_dags/example_datasets.py
[2025-06-22T12:28:20.374+0000] {processor.py:914} INFO - Processing file /home/airflow/.local/lib/python3.12/site-packages/airflow/example_dags/example_datasets.py for tasks to queue
[2025-06-22T12:28:20.377+0000] {logging_mixin.py:190} INFO - [2025-06-22T12:28:20.376+0000] {dagbag.py:588} INFO - Filling up the DagBag from /home/airflow/.local/lib/python3.12/site-packages/airflow/example_dags/example_datasets.py
[2025-06-22T12:28:20.870+0000] {processor.py:925} INFO - DAG(s) 'dataset_produces_2', 'dataset_produces_1', 'dataset_consumes_1_and_2', 'conditional_dataset_and_time_based_timetable', 'consume_1_or_2_with_dataset_expressions', 'consume_1_or_both_2_and_3_with_dataset_expressions', 'consume_1_and_2_with_dataset_expressions', 'dataset_consumes_unknown_never_scheduled', 'dataset_consumes_1', 'dataset_consumes_1_never_scheduled' retrieved from /home/airflow/.local/lib/python3.12/site-packages/airflow/example_dags/example_datasets.py
[2025-06-22T12:28:20.907+0000] {logging_mixin.py:190} INFO - [2025-06-22T12:28:20.907+0000] {dag.py:3239} INFO - Sync 10 DAGs
[2025-06-22T12:28:20.928+0000] {logging_mixin.py:190} INFO - [2025-06-22T12:28:20.927+0000] {dag.py:4180} INFO - Setting next_dagrun for conditional_dataset_and_time_based_timetable to 2025-06-25 01:00:00+00:00, run_after=2025-06-25 01:00:00+00:00
[2025-06-22T12:28:20.931+0000] {logging_mixin.py:190} INFO - [2025-06-22T12:28:20.931+0000] {dag.py:4180} INFO - Setting next_dagrun for consume_1_and_2_with_dataset_expressions to None, run_after=None
[2025-06-22T12:28:20.932+0000] {logging_mixin.py:190} INFO - [2025-06-22T12:28:20.932+0000] {dag.py:4180} INFO - Setting next_dagrun for consume_1_or_2_with_dataset_expressions to None, run_after=None
[2025-06-22T12:28:20.933+0000] {logging_mixin.py:190} INFO - [2025-06-22T12:28:20.933+0000] {dag.py:4180} INFO - Setting next_dagrun for consume_1_or_both_2_and_3_with_dataset_expressions to None, run_after=None
[2025-06-22T12:28:20.934+0000] {logging_mixin.py:190} INFO - [2025-06-22T12:28:20.934+0000] {dag.py:4180} INFO - Setting next_dagrun for dataset_consumes_1 to None, run_after=None
[2025-06-22T12:28:20.936+0000] {logging_mixin.py:190} INFO - [2025-06-22T12:28:20.935+0000] {dag.py:4180} INFO - Setting next_dagrun for dataset_consumes_1_and_2 to None, run_after=None
[2025-06-22T12:28:20.937+0000] {logging_mixin.py:190} INFO - [2025-06-22T12:28:20.937+0000] {dag.py:4180} INFO - Setting next_dagrun for dataset_consumes_1_never_scheduled to None, run_after=None
[2025-06-22T12:28:20.938+0000] {logging_mixin.py:190} INFO - [2025-06-22T12:28:20.938+0000] {dag.py:4180} INFO - Setting next_dagrun for dataset_consumes_unknown_never_scheduled to None, run_after=None
[2025-06-22T12:28:20.940+0000] {logging_mixin.py:190} INFO - [2025-06-22T12:28:20.940+0000] {dag.py:4180} INFO - Setting next_dagrun for dataset_produces_1 to 2025-06-22 00:00:00+00:00, run_after=2025-06-23 00:00:00+00:00
[2025-06-22T12:28:20.942+0000] {logging_mixin.py:190} INFO - [2025-06-22T12:28:20.941+0000] {dag.py:4180} INFO - Setting next_dagrun for dataset_produces_2 to None, run_after=None
[2025-06-22T12:28:20.971+0000] {processor.py:208} INFO - Processing /home/airflow/.local/lib/python3.12/site-packages/airflow/example_dags/example_datasets.py took 0.603 seconds
[2025-06-22T12:28:51.211+0000] {processor.py:186} INFO - Started process (PID=314) to work on /home/airflow/.local/lib/python3.12/site-packages/airflow/example_dags/example_datasets.py
[2025-06-22T12:28:51.212+0000] {processor.py:914} INFO - Processing file /home/airflow/.local/lib/python3.12/site-packages/airflow/example_dags/example_datasets.py for tasks to queue
[2025-06-22T12:28:51.214+0000] {logging_mixin.py:190} INFO - [2025-06-22T12:28:51.213+0000] {dagbag.py:588} INFO - Filling up the DagBag from /home/airflow/.local/lib/python3.12/site-packages/airflow/example_dags/example_datasets.py
[2025-06-22T12:28:51.730+0000] {processor.py:925} INFO - DAG(s) 'dataset_consumes_1_and_2', 'dataset_produces_1', 'dataset_consumes_1', 'consume_1_or_both_2_and_3_with_dataset_expressions', 'conditional_dataset_and_time_based_timetable', 'consume_1_or_2_with_dataset_expressions', 'dataset_consumes_1_never_scheduled', 'dataset_produces_2', 'dataset_consumes_unknown_never_scheduled', 'consume_1_and_2_with_dataset_expressions' retrieved from /home/airflow/.local/lib/python3.12/site-packages/airflow/example_dags/example_datasets.py
[2025-06-22T12:28:51.764+0000] {logging_mixin.py:190} INFO - [2025-06-22T12:28:51.764+0000] {dag.py:3239} INFO - Sync 10 DAGs
[2025-06-22T12:28:51.786+0000] {logging_mixin.py:190} INFO - [2025-06-22T12:28:51.786+0000] {dag.py:4180} INFO - Setting next_dagrun for conditional_dataset_and_time_based_timetable to 2025-06-25 01:00:00+00:00, run_after=2025-06-25 01:00:00+00:00
[2025-06-22T12:28:51.789+0000] {logging_mixin.py:190} INFO - [2025-06-22T12:28:51.789+0000] {dag.py:4180} INFO - Setting next_dagrun for consume_1_and_2_with_dataset_expressions to None, run_after=None
[2025-06-22T12:28:51.790+0000] {logging_mixin.py:190} INFO - [2025-06-22T12:28:51.790+0000] {dag.py:4180} INFO - Setting next_dagrun for consume_1_or_2_with_dataset_expressions to None, run_after=None
[2025-06-22T12:28:51.792+0000] {logging_mixin.py:190} INFO - [2025-06-22T12:28:51.792+0000] {dag.py:4180} INFO - Setting next_dagrun for consume_1_or_both_2_and_3_with_dataset_expressions to None, run_after=None
[2025-06-22T12:28:51.793+0000] {logging_mixin.py:190} INFO - [2025-06-22T12:28:51.793+0000] {dag.py:4180} INFO - Setting next_dagrun for dataset_consumes_1 to None, run_after=None
[2025-06-22T12:28:51.794+0000] {logging_mixin.py:190} INFO - [2025-06-22T12:28:51.794+0000] {dag.py:4180} INFO - Setting next_dagrun for dataset_consumes_1_and_2 to None, run_after=None
[2025-06-22T12:28:51.796+0000] {logging_mixin.py:190} INFO - [2025-06-22T12:28:51.796+0000] {dag.py:4180} INFO - Setting next_dagrun for dataset_consumes_1_never_scheduled to None, run_after=None
[2025-06-22T12:28:51.797+0000] {logging_mixin.py:190} INFO - [2025-06-22T12:28:51.797+0000] {dag.py:4180} INFO - Setting next_dagrun for dataset_consumes_unknown_never_scheduled to None, run_after=None
[2025-06-22T12:28:51.799+0000] {logging_mixin.py:190} INFO - [2025-06-22T12:28:51.799+0000] {dag.py:4180} INFO - Setting next_dagrun for dataset_produces_1 to 2025-06-22 00:00:00+00:00, run_after=2025-06-23 00:00:00+00:00
[2025-06-22T12:28:51.801+0000] {logging_mixin.py:190} INFO - [2025-06-22T12:28:51.800+0000] {dag.py:4180} INFO - Setting next_dagrun for dataset_produces_2 to None, run_after=None
[2025-06-22T12:28:51.829+0000] {processor.py:208} INFO - Processing /home/airflow/.local/lib/python3.12/site-packages/airflow/example_dags/example_datasets.py took 0.627 seconds
[2025-06-22T12:29:22.284+0000] {processor.py:186} INFO - Started process (PID=388) to work on /home/airflow/.local/lib/python3.12/site-packages/airflow/example_dags/example_datasets.py
[2025-06-22T12:29:22.285+0000] {processor.py:914} INFO - Processing file /home/airflow/.local/lib/python3.12/site-packages/airflow/example_dags/example_datasets.py for tasks to queue
[2025-06-22T12:29:22.287+0000] {logging_mixin.py:190} INFO - [2025-06-22T12:29:22.287+0000] {dagbag.py:588} INFO - Filling up the DagBag from /home/airflow/.local/lib/python3.12/site-packages/airflow/example_dags/example_datasets.py
[2025-06-22T12:29:22.772+0000] {processor.py:925} INFO - DAG(s) 'dataset_produces_2', 'consume_1_and_2_with_dataset_expressions', 'consume_1_or_2_with_dataset_expressions', 'dataset_consumes_1_never_scheduled', 'dataset_consumes_unknown_never_scheduled', 'dataset_consumes_1_and_2', 'consume_1_or_both_2_and_3_with_dataset_expressions', 'conditional_dataset_and_time_based_timetable', 'dataset_produces_1', 'dataset_consumes_1' retrieved from /home/airflow/.local/lib/python3.12/site-packages/airflow/example_dags/example_datasets.py
[2025-06-22T12:29:22.804+0000] {logging_mixin.py:190} INFO - [2025-06-22T12:29:22.804+0000] {dag.py:3239} INFO - Sync 10 DAGs
[2025-06-22T12:29:22.824+0000] {logging_mixin.py:190} INFO - [2025-06-22T12:29:22.824+0000] {dag.py:4180} INFO - Setting next_dagrun for conditional_dataset_and_time_based_timetable to 2025-06-25 01:00:00+00:00, run_after=2025-06-25 01:00:00+00:00
[2025-06-22T12:29:22.828+0000] {logging_mixin.py:190} INFO - [2025-06-22T12:29:22.828+0000] {dag.py:4180} INFO - Setting next_dagrun for consume_1_and_2_with_dataset_expressions to None, run_after=None
[2025-06-22T12:29:22.829+0000] {logging_mixin.py:190} INFO - [2025-06-22T12:29:22.829+0000] {dag.py:4180} INFO - Setting next_dagrun for consume_1_or_2_with_dataset_expressions to None, run_after=None
[2025-06-22T12:29:22.830+0000] {logging_mixin.py:190} INFO - [2025-06-22T12:29:22.830+0000] {dag.py:4180} INFO - Setting next_dagrun for consume_1_or_both_2_and_3_with_dataset_expressions to None, run_after=None
[2025-06-22T12:29:22.832+0000] {logging_mixin.py:190} INFO - [2025-06-22T12:29:22.832+0000] {dag.py:4180} INFO - Setting next_dagrun for dataset_consumes_1 to None, run_after=None
[2025-06-22T12:29:22.833+0000] {logging_mixin.py:190} INFO - [2025-06-22T12:29:22.833+0000] {dag.py:4180} INFO - Setting next_dagrun for dataset_consumes_1_and_2 to None, run_after=None
[2025-06-22T12:29:22.834+0000] {logging_mixin.py:190} INFO - [2025-06-22T12:29:22.834+0000] {dag.py:4180} INFO - Setting next_dagrun for dataset_consumes_1_never_scheduled to None, run_after=None
[2025-06-22T12:29:22.835+0000] {logging_mixin.py:190} INFO - [2025-06-22T12:29:22.835+0000] {dag.py:4180} INFO - Setting next_dagrun for dataset_consumes_unknown_never_scheduled to None, run_after=None
[2025-06-22T12:29:22.838+0000] {logging_mixin.py:190} INFO - [2025-06-22T12:29:22.838+0000] {dag.py:4180} INFO - Setting next_dagrun for dataset_produces_1 to 2025-06-22 00:00:00+00:00, run_after=2025-06-23 00:00:00+00:00
[2025-06-22T12:29:22.839+0000] {logging_mixin.py:190} INFO - [2025-06-22T12:29:22.839+0000] {dag.py:4180} INFO - Setting next_dagrun for dataset_produces_2 to None, run_after=None
[2025-06-22T12:29:22.866+0000] {processor.py:208} INFO - Processing /home/airflow/.local/lib/python3.12/site-packages/airflow/example_dags/example_datasets.py took 0.587 seconds
[2025-06-22T12:29:52.940+0000] {processor.py:186} INFO - Started process (PID=457) to work on /home/airflow/.local/lib/python3.12/site-packages/airflow/example_dags/example_datasets.py
[2025-06-22T12:29:52.941+0000] {processor.py:914} INFO - Processing file /home/airflow/.local/lib/python3.12/site-packages/airflow/example_dags/example_datasets.py for tasks to queue
[2025-06-22T12:29:52.943+0000] {logging_mixin.py:190} INFO - [2025-06-22T12:29:52.942+0000] {dagbag.py:588} INFO - Filling up the DagBag from /home/airflow/.local/lib/python3.12/site-packages/airflow/example_dags/example_datasets.py
[2025-06-22T12:29:53.432+0000] {processor.py:925} INFO - DAG(s) 'consume_1_and_2_with_dataset_expressions', 'dataset_produces_1', 'dataset_consumes_1', 'consume_1_or_both_2_and_3_with_dataset_expressions', 'dataset_consumes_1_never_scheduled', 'dataset_consumes_unknown_never_scheduled', 'dataset_consumes_1_and_2', 'conditional_dataset_and_time_based_timetable', 'consume_1_or_2_with_dataset_expressions', 'dataset_produces_2' retrieved from /home/airflow/.local/lib/python3.12/site-packages/airflow/example_dags/example_datasets.py
[2025-06-22T12:29:53.468+0000] {logging_mixin.py:190} INFO - [2025-06-22T12:29:53.468+0000] {dag.py:3239} INFO - Sync 10 DAGs
[2025-06-22T12:29:53.490+0000] {logging_mixin.py:190} INFO - [2025-06-22T12:29:53.489+0000] {dag.py:4180} INFO - Setting next_dagrun for conditional_dataset_and_time_based_timetable to 2025-06-25 01:00:00+00:00, run_after=2025-06-25 01:00:00+00:00
[2025-06-22T12:29:53.493+0000] {logging_mixin.py:190} INFO - [2025-06-22T12:29:53.493+0000] {dag.py:4180} INFO - Setting next_dagrun for consume_1_and_2_with_dataset_expressions to None, run_after=None
[2025-06-22T12:29:53.494+0000] {logging_mixin.py:190} INFO - [2025-06-22T12:29:53.494+0000] {dag.py:4180} INFO - Setting next_dagrun for consume_1_or_2_with_dataset_expressions to None, run_after=None
[2025-06-22T12:29:53.496+0000] {logging_mixin.py:190} INFO - [2025-06-22T12:29:53.496+0000] {dag.py:4180} INFO - Setting next_dagrun for consume_1_or_both_2_and_3_with_dataset_expressions to None, run_after=None
[2025-06-22T12:29:53.497+0000] {logging_mixin.py:190} INFO - [2025-06-22T12:29:53.497+0000] {dag.py:4180} INFO - Setting next_dagrun for dataset_consumes_1 to None, run_after=None
[2025-06-22T12:29:53.498+0000] {logging_mixin.py:190} INFO - [2025-06-22T12:29:53.498+0000] {dag.py:4180} INFO - Setting next_dagrun for dataset_consumes_1_and_2 to None, run_after=None
[2025-06-22T12:29:53.499+0000] {logging_mixin.py:190} INFO - [2025-06-22T12:29:53.499+0000] {dag.py:4180} INFO - Setting next_dagrun for dataset_consumes_1_never_scheduled to None, run_after=None
[2025-06-22T12:29:53.500+0000] {logging_mixin.py:190} INFO - [2025-06-22T12:29:53.500+0000] {dag.py:4180} INFO - Setting next_dagrun for dataset_consumes_unknown_never_scheduled to None, run_after=None
[2025-06-22T12:29:53.503+0000] {logging_mixin.py:190} INFO - [2025-06-22T12:29:53.503+0000] {dag.py:4180} INFO - Setting next_dagrun for dataset_produces_1 to 2025-06-22 00:00:00+00:00, run_after=2025-06-23 00:00:00+00:00
[2025-06-22T12:29:53.504+0000] {logging_mixin.py:190} INFO - [2025-06-22T12:29:53.504+0000] {dag.py:4180} INFO - Setting next_dagrun for dataset_produces_2 to None, run_after=None
[2025-06-22T12:29:53.534+0000] {processor.py:208} INFO - Processing /home/airflow/.local/lib/python3.12/site-packages/airflow/example_dags/example_datasets.py took 0.600 seconds
[2025-06-22T12:30:23.757+0000] {processor.py:186} INFO - Started process (PID=530) to work on /home/airflow/.local/lib/python3.12/site-packages/airflow/example_dags/example_datasets.py
[2025-06-22T12:30:23.758+0000] {processor.py:914} INFO - Processing file /home/airflow/.local/lib/python3.12/site-packages/airflow/example_dags/example_datasets.py for tasks to queue
[2025-06-22T12:30:23.761+0000] {logging_mixin.py:190} INFO - [2025-06-22T12:30:23.761+0000] {dagbag.py:588} INFO - Filling up the DagBag from /home/airflow/.local/lib/python3.12/site-packages/airflow/example_dags/example_datasets.py
[2025-06-22T12:30:24.329+0000] {processor.py:925} INFO - DAG(s) 'conditional_dataset_and_time_based_timetable', 'consume_1_and_2_with_dataset_expressions', 'dataset_consumes_1_and_2', 'dataset_produces_2', 'dataset_consumes_1', 'consume_1_or_both_2_and_3_with_dataset_expressions', 'consume_1_or_2_with_dataset_expressions', 'dataset_consumes_1_never_scheduled', 'dataset_consumes_unknown_never_scheduled', 'dataset_produces_1' retrieved from /home/airflow/.local/lib/python3.12/site-packages/airflow/example_dags/example_datasets.py
[2025-06-22T12:30:24.364+0000] {logging_mixin.py:190} INFO - [2025-06-22T12:30:24.364+0000] {dag.py:3239} INFO - Sync 10 DAGs
[2025-06-22T12:30:24.386+0000] {logging_mixin.py:190} INFO - [2025-06-22T12:30:24.385+0000] {dag.py:4180} INFO - Setting next_dagrun for conditional_dataset_and_time_based_timetable to 2025-06-25 01:00:00+00:00, run_after=2025-06-25 01:00:00+00:00
[2025-06-22T12:30:24.389+0000] {logging_mixin.py:190} INFO - [2025-06-22T12:30:24.389+0000] {dag.py:4180} INFO - Setting next_dagrun for consume_1_and_2_with_dataset_expressions to None, run_after=None
[2025-06-22T12:30:24.390+0000] {logging_mixin.py:190} INFO - [2025-06-22T12:30:24.390+0000] {dag.py:4180} INFO - Setting next_dagrun for consume_1_or_2_with_dataset_expressions to None, run_after=None
[2025-06-22T12:30:24.391+0000] {logging_mixin.py:190} INFO - [2025-06-22T12:30:24.391+0000] {dag.py:4180} INFO - Setting next_dagrun for consume_1_or_both_2_and_3_with_dataset_expressions to None, run_after=None
[2025-06-22T12:30:24.393+0000] {logging_mixin.py:190} INFO - [2025-06-22T12:30:24.393+0000] {dag.py:4180} INFO - Setting next_dagrun for dataset_consumes_1 to None, run_after=None
[2025-06-22T12:30:24.394+0000] {logging_mixin.py:190} INFO - [2025-06-22T12:30:24.394+0000] {dag.py:4180} INFO - Setting next_dagrun for dataset_consumes_1_and_2 to None, run_after=None
[2025-06-22T12:30:24.396+0000] {logging_mixin.py:190} INFO - [2025-06-22T12:30:24.395+0000] {dag.py:4180} INFO - Setting next_dagrun for dataset_consumes_1_never_scheduled to None, run_after=None
[2025-06-22T12:30:24.397+0000] {logging_mixin.py:190} INFO - [2025-06-22T12:30:24.397+0000] {dag.py:4180} INFO - Setting next_dagrun for dataset_consumes_unknown_never_scheduled to None, run_after=None
[2025-06-22T12:30:24.399+0000] {logging_mixin.py:190} INFO - [2025-06-22T12:30:24.399+0000] {dag.py:4180} INFO - Setting next_dagrun for dataset_produces_1 to 2025-06-22 00:00:00+00:00, run_after=2025-06-23 00:00:00+00:00
[2025-06-22T12:30:24.400+0000] {logging_mixin.py:190} INFO - [2025-06-22T12:30:24.400+0000] {dag.py:4180} INFO - Setting next_dagrun for dataset_produces_2 to None, run_after=None
[2025-06-22T12:30:24.430+0000] {processor.py:208} INFO - Processing /home/airflow/.local/lib/python3.12/site-packages/airflow/example_dags/example_datasets.py took 0.679 seconds
[2025-06-22T12:37:47.427+0000] {processor.py:186} INFO - Started process (PID=90) to work on /home/airflow/.local/lib/python3.12/site-packages/airflow/example_dags/example_datasets.py
[2025-06-22T12:37:47.428+0000] {processor.py:914} INFO - Processing file /home/airflow/.local/lib/python3.12/site-packages/airflow/example_dags/example_datasets.py for tasks to queue
[2025-06-22T12:37:47.430+0000] {logging_mixin.py:190} INFO - [2025-06-22T12:37:47.430+0000] {dagbag.py:588} INFO - Filling up the DagBag from /home/airflow/.local/lib/python3.12/site-packages/airflow/example_dags/example_datasets.py
[2025-06-22T12:37:48.886+0000] {processor.py:925} INFO - DAG(s) 'dataset_consumes_1_never_scheduled', 'consume_1_or_2_with_dataset_expressions', 'dataset_consumes_1_and_2', 'dataset_produces_1', 'consume_1_and_2_with_dataset_expressions', 'dataset_consumes_1', 'dataset_consumes_unknown_never_scheduled', 'conditional_dataset_and_time_based_timetable', 'dataset_produces_2', 'consume_1_or_both_2_and_3_with_dataset_expressions' retrieved from /home/airflow/.local/lib/python3.12/site-packages/airflow/example_dags/example_datasets.py
[2025-06-22T12:37:48.990+0000] {logging_mixin.py:190} INFO - [2025-06-22T12:37:48.990+0000] {override.py:1912} INFO - Created Permission View: can delete on DAG:dataset_consumes_1_never_scheduled
[2025-06-22T12:37:49.003+0000] {logging_mixin.py:190} INFO - [2025-06-22T12:37:49.003+0000] {override.py:1912} INFO - Created Permission View: can edit on DAG:dataset_consumes_1_never_scheduled
[2025-06-22T12:37:49.012+0000] {logging_mixin.py:190} INFO - [2025-06-22T12:37:49.012+0000] {override.py:1912} INFO - Created Permission View: can read on DAG:dataset_consumes_1_never_scheduled
[2025-06-22T12:37:49.023+0000] {logging_mixin.py:190} INFO - [2025-06-22T12:37:49.023+0000] {override.py:1912} INFO - Created Permission View: can delete on DAG Run:dataset_consumes_1_never_scheduled
[2025-06-22T12:37:49.032+0000] {logging_mixin.py:190} INFO - [2025-06-22T12:37:49.032+0000] {override.py:1912} INFO - Created Permission View: can create on DAG Run:dataset_consumes_1_never_scheduled
[2025-06-22T12:37:49.041+0000] {logging_mixin.py:190} INFO - [2025-06-22T12:37:49.041+0000] {override.py:1912} INFO - Created Permission View: menu access on DAG Run:dataset_consumes_1_never_scheduled
[2025-06-22T12:37:49.050+0000] {logging_mixin.py:190} INFO - [2025-06-22T12:37:49.050+0000] {override.py:1912} INFO - Created Permission View: can read on DAG Run:dataset_consumes_1_never_scheduled
[2025-06-22T12:37:49.067+0000] {logging_mixin.py:190} INFO - [2025-06-22T12:37:49.066+0000] {override.py:1912} INFO - Created Permission View: can delete on DAG:consume_1_or_2_with_dataset_expressions
[2025-06-22T12:37:49.078+0000] {logging_mixin.py:190} INFO - [2025-06-22T12:37:49.077+0000] {override.py:1912} INFO - Created Permission View: can edit on DAG:consume_1_or_2_with_dataset_expressions
[2025-06-22T12:37:49.090+0000] {logging_mixin.py:190} INFO - [2025-06-22T12:37:49.089+0000] {override.py:1912} INFO - Created Permission View: can read on DAG:consume_1_or_2_with_dataset_expressions
[2025-06-22T12:37:49.103+0000] {logging_mixin.py:190} INFO - [2025-06-22T12:37:49.102+0000] {override.py:1912} INFO - Created Permission View: can delete on DAG Run:consume_1_or_2_with_dataset_expressions
[2025-06-22T12:37:49.113+0000] {logging_mixin.py:190} INFO - [2025-06-22T12:37:49.113+0000] {override.py:1912} INFO - Created Permission View: can create on DAG Run:consume_1_or_2_with_dataset_expressions
[2025-06-22T12:37:49.121+0000] {logging_mixin.py:190} INFO - [2025-06-22T12:37:49.121+0000] {override.py:1912} INFO - Created Permission View: menu access on DAG Run:consume_1_or_2_with_dataset_expressions
[2025-06-22T12:37:49.133+0000] {logging_mixin.py:190} INFO - [2025-06-22T12:37:49.132+0000] {override.py:1912} INFO - Created Permission View: can read on DAG Run:consume_1_or_2_with_dataset_expressions
[2025-06-22T12:37:49.149+0000] {logging_mixin.py:190} INFO - [2025-06-22T12:37:49.148+0000] {override.py:1912} INFO - Created Permission View: can delete on DAG:dataset_consumes_1_and_2
[2025-06-22T12:37:49.159+0000] {logging_mixin.py:190} INFO - [2025-06-22T12:37:49.158+0000] {override.py:1912} INFO - Created Permission View: can edit on DAG:dataset_consumes_1_and_2
[2025-06-22T12:37:49.170+0000] {logging_mixin.py:190} INFO - [2025-06-22T12:37:49.170+0000] {override.py:1912} INFO - Created Permission View: can read on DAG:dataset_consumes_1_and_2
[2025-06-22T12:37:49.182+0000] {logging_mixin.py:190} INFO - [2025-06-22T12:37:49.181+0000] {override.py:1912} INFO - Created Permission View: can delete on DAG Run:dataset_consumes_1_and_2
[2025-06-22T12:37:49.192+0000] {logging_mixin.py:190} INFO - [2025-06-22T12:37:49.192+0000] {override.py:1912} INFO - Created Permission View: can create on DAG Run:dataset_consumes_1_and_2
[2025-06-22T12:37:49.204+0000] {logging_mixin.py:190} INFO - [2025-06-22T12:37:49.203+0000] {override.py:1912} INFO - Created Permission View: menu access on DAG Run:dataset_consumes_1_and_2
[2025-06-22T12:37:49.215+0000] {logging_mixin.py:190} INFO - [2025-06-22T12:37:49.214+0000] {override.py:1912} INFO - Created Permission View: can read on DAG Run:dataset_consumes_1_and_2
[2025-06-22T12:37:49.233+0000] {logging_mixin.py:190} INFO - [2025-06-22T12:37:49.233+0000] {override.py:1912} INFO - Created Permission View: can delete on DAG:dataset_produces_1
[2025-06-22T12:37:49.243+0000] {logging_mixin.py:190} INFO - [2025-06-22T12:37:49.243+0000] {override.py:1912} INFO - Created Permission View: can edit on DAG:dataset_produces_1
[2025-06-22T12:37:49.252+0000] {logging_mixin.py:190} INFO - [2025-06-22T12:37:49.251+0000] {override.py:1912} INFO - Created Permission View: can read on DAG:dataset_produces_1
[2025-06-22T12:37:49.263+0000] {logging_mixin.py:190} INFO - [2025-06-22T12:37:49.263+0000] {override.py:1912} INFO - Created Permission View: can delete on DAG Run:dataset_produces_1
[2025-06-22T12:37:49.272+0000] {logging_mixin.py:190} INFO - [2025-06-22T12:37:49.272+0000] {override.py:1912} INFO - Created Permission View: can create on DAG Run:dataset_produces_1
[2025-06-22T12:37:49.281+0000] {logging_mixin.py:190} INFO - [2025-06-22T12:37:49.281+0000] {override.py:1912} INFO - Created Permission View: menu access on DAG Run:dataset_produces_1
[2025-06-22T12:37:49.291+0000] {logging_mixin.py:190} INFO - [2025-06-22T12:37:49.290+0000] {override.py:1912} INFO - Created Permission View: can read on DAG Run:dataset_produces_1
[2025-06-22T12:37:49.313+0000] {logging_mixin.py:190} INFO - [2025-06-22T12:37:49.312+0000] {override.py:1912} INFO - Created Permission View: can delete on DAG:consume_1_and_2_with_dataset_expressions
[2025-06-22T12:37:49.326+0000] {logging_mixin.py:190} INFO - [2025-06-22T12:37:49.326+0000] {override.py:1912} INFO - Created Permission View: can edit on DAG:consume_1_and_2_with_dataset_expressions
[2025-06-22T12:37:49.339+0000] {logging_mixin.py:190} INFO - [2025-06-22T12:37:49.339+0000] {override.py:1912} INFO - Created Permission View: can read on DAG:consume_1_and_2_with_dataset_expressions
[2025-06-22T12:37:49.353+0000] {logging_mixin.py:190} INFO - [2025-06-22T12:37:49.352+0000] {override.py:1912} INFO - Created Permission View: can delete on DAG Run:consume_1_and_2_with_dataset_expressions
[2025-06-22T12:37:49.362+0000] {logging_mixin.py:190} INFO - [2025-06-22T12:37:49.362+0000] {override.py:1912} INFO - Created Permission View: can create on DAG Run:consume_1_and_2_with_dataset_expressions
[2025-06-22T12:37:49.373+0000] {logging_mixin.py:190} INFO - [2025-06-22T12:37:49.372+0000] {override.py:1912} INFO - Created Permission View: menu access on DAG Run:consume_1_and_2_with_dataset_expressions
[2025-06-22T12:37:49.380+0000] {logging_mixin.py:190} INFO - [2025-06-22T12:37:49.380+0000] {override.py:1912} INFO - Created Permission View: can read on DAG Run:consume_1_and_2_with_dataset_expressions
[2025-06-22T12:37:49.394+0000] {logging_mixin.py:190} INFO - [2025-06-22T12:37:49.394+0000] {override.py:1912} INFO - Created Permission View: can delete on DAG:dataset_consumes_1
[2025-06-22T12:37:49.402+0000] {logging_mixin.py:190} INFO - [2025-06-22T12:37:49.402+0000] {override.py:1912} INFO - Created Permission View: can edit on DAG:dataset_consumes_1
[2025-06-22T12:37:49.410+0000] {logging_mixin.py:190} INFO - [2025-06-22T12:37:49.409+0000] {override.py:1912} INFO - Created Permission View: can read on DAG:dataset_consumes_1
[2025-06-22T12:37:49.421+0000] {logging_mixin.py:190} INFO - [2025-06-22T12:37:49.421+0000] {override.py:1912} INFO - Created Permission View: can delete on DAG Run:dataset_consumes_1
[2025-06-22T12:37:49.431+0000] {logging_mixin.py:190} INFO - [2025-06-22T12:37:49.430+0000] {override.py:1912} INFO - Created Permission View: can create on DAG Run:dataset_consumes_1
[2025-06-22T12:37:49.442+0000] {logging_mixin.py:190} INFO - [2025-06-22T12:37:49.442+0000] {override.py:1912} INFO - Created Permission View: menu access on DAG Run:dataset_consumes_1
[2025-06-22T12:37:49.449+0000] {logging_mixin.py:190} INFO - [2025-06-22T12:37:49.449+0000] {override.py:1912} INFO - Created Permission View: can read on DAG Run:dataset_consumes_1
[2025-06-22T12:37:49.464+0000] {logging_mixin.py:190} INFO - [2025-06-22T12:37:49.464+0000] {override.py:1912} INFO - Created Permission View: can delete on DAG:dataset_consumes_unknown_never_scheduled
[2025-06-22T12:37:49.474+0000] {logging_mixin.py:190} INFO - [2025-06-22T12:37:49.474+0000] {override.py:1912} INFO - Created Permission View: can edit on DAG:dataset_consumes_unknown_never_scheduled
[2025-06-22T12:37:49.484+0000] {logging_mixin.py:190} INFO - [2025-06-22T12:37:49.484+0000] {override.py:1912} INFO - Created Permission View: can read on DAG:dataset_consumes_unknown_never_scheduled
[2025-06-22T12:37:49.497+0000] {logging_mixin.py:190} INFO - [2025-06-22T12:37:49.497+0000] {override.py:1912} INFO - Created Permission View: can delete on DAG Run:dataset_consumes_unknown_never_scheduled
[2025-06-22T12:37:49.506+0000] {logging_mixin.py:190} INFO - [2025-06-22T12:37:49.506+0000] {override.py:1912} INFO - Created Permission View: can create on DAG Run:dataset_consumes_unknown_never_scheduled
[2025-06-22T12:37:49.515+0000] {logging_mixin.py:190} INFO - [2025-06-22T12:37:49.515+0000] {override.py:1912} INFO - Created Permission View: menu access on DAG Run:dataset_consumes_unknown_never_scheduled
[2025-06-22T12:37:49.525+0000] {logging_mixin.py:190} INFO - [2025-06-22T12:37:49.524+0000] {override.py:1912} INFO - Created Permission View: can read on DAG Run:dataset_consumes_unknown_never_scheduled
[2025-06-22T12:37:49.542+0000] {logging_mixin.py:190} INFO - [2025-06-22T12:37:49.541+0000] {override.py:1912} INFO - Created Permission View: can delete on DAG:conditional_dataset_and_time_based_timetable
[2025-06-22T12:37:49.551+0000] {logging_mixin.py:190} INFO - [2025-06-22T12:37:49.551+0000] {override.py:1912} INFO - Created Permission View: can edit on DAG:conditional_dataset_and_time_based_timetable
[2025-06-22T12:37:49.565+0000] {logging_mixin.py:190} INFO - [2025-06-22T12:37:49.564+0000] {override.py:1912} INFO - Created Permission View: can read on DAG:conditional_dataset_and_time_based_timetable
[2025-06-22T12:37:49.578+0000] {logging_mixin.py:190} INFO - [2025-06-22T12:37:49.577+0000] {override.py:1912} INFO - Created Permission View: can delete on DAG Run:conditional_dataset_and_time_based_timetable
[2025-06-22T12:37:49.587+0000] {logging_mixin.py:190} INFO - [2025-06-22T12:37:49.586+0000] {override.py:1912} INFO - Created Permission View: can create on DAG Run:conditional_dataset_and_time_based_timetable
[2025-06-22T12:37:49.596+0000] {logging_mixin.py:190} INFO - [2025-06-22T12:37:49.595+0000] {override.py:1912} INFO - Created Permission View: menu access on DAG Run:conditional_dataset_and_time_based_timetable
[2025-06-22T12:37:49.605+0000] {logging_mixin.py:190} INFO - [2025-06-22T12:37:49.604+0000] {override.py:1912} INFO - Created Permission View: can read on DAG Run:conditional_dataset_and_time_based_timetable
[2025-06-22T12:37:49.630+0000] {logging_mixin.py:190} INFO - [2025-06-22T12:37:49.629+0000] {override.py:1912} INFO - Created Permission View: can delete on DAG:dataset_produces_2
[2025-06-22T12:37:49.639+0000] {logging_mixin.py:190} INFO - [2025-06-22T12:37:49.639+0000] {override.py:1912} INFO - Created Permission View: can edit on DAG:dataset_produces_2
[2025-06-22T12:37:49.648+0000] {logging_mixin.py:190} INFO - [2025-06-22T12:37:49.648+0000] {override.py:1912} INFO - Created Permission View: can read on DAG:dataset_produces_2
[2025-06-22T12:37:49.660+0000] {logging_mixin.py:190} INFO - [2025-06-22T12:37:49.660+0000] {override.py:1912} INFO - Created Permission View: can delete on DAG Run:dataset_produces_2
[2025-06-22T12:37:49.670+0000] {logging_mixin.py:190} INFO - [2025-06-22T12:37:49.669+0000] {override.py:1912} INFO - Created Permission View: can create on DAG Run:dataset_produces_2
[2025-06-22T12:37:49.679+0000] {logging_mixin.py:190} INFO - [2025-06-22T12:37:49.678+0000] {override.py:1912} INFO - Created Permission View: menu access on DAG Run:dataset_produces_2
[2025-06-22T12:37:49.687+0000] {logging_mixin.py:190} INFO - [2025-06-22T12:37:49.686+0000] {override.py:1912} INFO - Created Permission View: can read on DAG Run:dataset_produces_2
[2025-06-22T12:37:49.702+0000] {logging_mixin.py:190} INFO - [2025-06-22T12:37:49.702+0000] {override.py:1912} INFO - Created Permission View: can delete on DAG:consume_1_or_both_2_and_3_with_dataset_expressions
[2025-06-22T12:37:49.713+0000] {logging_mixin.py:190} INFO - [2025-06-22T12:37:49.712+0000] {override.py:1912} INFO - Created Permission View: can edit on DAG:consume_1_or_both_2_and_3_with_dataset_expressions
[2025-06-22T12:37:49.722+0000] {logging_mixin.py:190} INFO - [2025-06-22T12:37:49.721+0000] {override.py:1912} INFO - Created Permission View: can read on DAG:consume_1_or_both_2_and_3_with_dataset_expressions
[2025-06-22T12:37:49.733+0000] {logging_mixin.py:190} INFO - [2025-06-22T12:37:49.732+0000] {override.py:1912} INFO - Created Permission View: can delete on DAG Run:consume_1_or_both_2_and_3_with_dataset_expressions
[2025-06-22T12:37:49.741+0000] {logging_mixin.py:190} INFO - [2025-06-22T12:37:49.741+0000] {override.py:1912} INFO - Created Permission View: can create on DAG Run:consume_1_or_both_2_and_3_with_dataset_expressions
[2025-06-22T12:37:49.751+0000] {logging_mixin.py:190} INFO - [2025-06-22T12:37:49.751+0000] {override.py:1912} INFO - Created Permission View: menu access on DAG Run:consume_1_or_both_2_and_3_with_dataset_expressions
[2025-06-22T12:37:49.763+0000] {logging_mixin.py:190} INFO - [2025-06-22T12:37:49.763+0000] {override.py:1912} INFO - Created Permission View: can read on DAG Run:consume_1_or_both_2_and_3_with_dataset_expressions
[2025-06-22T12:37:49.764+0000] {logging_mixin.py:190} INFO - [2025-06-22T12:37:49.764+0000] {dag.py:3239} INFO - Sync 10 DAGs
[2025-06-22T12:37:49.776+0000] {logging_mixin.py:190} INFO - [2025-06-22T12:37:49.775+0000] {dag.py:3262} INFO - Creating ORM DAG for dataset_consumes_1
[2025-06-22T12:37:49.777+0000] {logging_mixin.py:190} INFO - [2025-06-22T12:37:49.777+0000] {dag.py:3262} INFO - Creating ORM DAG for dataset_produces_1
[2025-06-22T12:37:49.778+0000] {logging_mixin.py:190} INFO - [2025-06-22T12:37:49.778+0000] {dag.py:3262} INFO - Creating ORM DAG for dataset_consumes_1_never_scheduled
[2025-06-22T12:37:49.779+0000] {logging_mixin.py:190} INFO - [2025-06-22T12:37:49.778+0000] {dag.py:3262} INFO - Creating ORM DAG for dataset_consumes_1_and_2
[2025-06-22T12:37:49.779+0000] {logging_mixin.py:190} INFO - [2025-06-22T12:37:49.779+0000] {dag.py:3262} INFO - Creating ORM DAG for dataset_consumes_unknown_never_scheduled
[2025-06-22T12:37:49.780+0000] {logging_mixin.py:190} INFO - [2025-06-22T12:37:49.780+0000] {dag.py:3262} INFO - Creating ORM DAG for conditional_dataset_and_time_based_timetable
[2025-06-22T12:37:49.780+0000] {logging_mixin.py:190} INFO - [2025-06-22T12:37:49.780+0000] {dag.py:3262} INFO - Creating ORM DAG for dataset_produces_2
[2025-06-22T12:37:49.781+0000] {logging_mixin.py:190} INFO - [2025-06-22T12:37:49.781+0000] {dag.py:3262} INFO - Creating ORM DAG for consume_1_or_both_2_and_3_with_dataset_expressions
[2025-06-22T12:37:49.782+0000] {logging_mixin.py:190} INFO - [2025-06-22T12:37:49.782+0000] {dag.py:3262} INFO - Creating ORM DAG for consume_1_and_2_with_dataset_expressions
[2025-06-22T12:37:49.782+0000] {logging_mixin.py:190} INFO - [2025-06-22T12:37:49.782+0000] {dag.py:3262} INFO - Creating ORM DAG for consume_1_or_2_with_dataset_expressions
[2025-06-22T12:37:49.798+0000] {logging_mixin.py:190} INFO - [2025-06-22T12:37:49.798+0000] {dag.py:4180} INFO - Setting next_dagrun for conditional_dataset_and_time_based_timetable to 2025-06-18 01:00:00+00:00, run_after=2025-06-18 01:00:00+00:00
[2025-06-22T12:37:49.800+0000] {logging_mixin.py:190} INFO - [2025-06-22T12:37:49.800+0000] {dag.py:4180} INFO - Setting next_dagrun for consume_1_and_2_with_dataset_expressions to None, run_after=None
[2025-06-22T12:37:49.801+0000] {logging_mixin.py:190} INFO - [2025-06-22T12:37:49.801+0000] {dag.py:4180} INFO - Setting next_dagrun for consume_1_or_2_with_dataset_expressions to None, run_after=None
[2025-06-22T12:37:49.803+0000] {logging_mixin.py:190} INFO - [2025-06-22T12:37:49.803+0000] {dag.py:4180} INFO - Setting next_dagrun for consume_1_or_both_2_and_3_with_dataset_expressions to None, run_after=None
[2025-06-22T12:37:49.804+0000] {logging_mixin.py:190} INFO - [2025-06-22T12:37:49.804+0000] {dag.py:4180} INFO - Setting next_dagrun for dataset_consumes_1 to None, run_after=None
[2025-06-22T12:37:49.805+0000] {logging_mixin.py:190} INFO - [2025-06-22T12:37:49.805+0000] {dag.py:4180} INFO - Setting next_dagrun for dataset_consumes_1_and_2 to None, run_after=None
[2025-06-22T12:37:49.806+0000] {logging_mixin.py:190} INFO - [2025-06-22T12:37:49.806+0000] {dag.py:4180} INFO - Setting next_dagrun for dataset_consumes_1_never_scheduled to None, run_after=None
[2025-06-22T12:37:49.808+0000] {logging_mixin.py:190} INFO - [2025-06-22T12:37:49.807+0000] {dag.py:4180} INFO - Setting next_dagrun for dataset_consumes_unknown_never_scheduled to None, run_after=None
[2025-06-22T12:37:49.810+0000] {logging_mixin.py:190} INFO - [2025-06-22T12:37:49.810+0000] {dag.py:4180} INFO - Setting next_dagrun for dataset_produces_1 to 2025-06-21 00:00:00+00:00, run_after=2025-06-22 00:00:00+00:00
[2025-06-22T12:37:49.811+0000] {logging_mixin.py:190} INFO - [2025-06-22T12:37:49.811+0000] {dag.py:4180} INFO - Setting next_dagrun for dataset_produces_2 to None, run_after=None
[2025-06-22T12:37:49.875+0000] {processor.py:208} INFO - Processing /home/airflow/.local/lib/python3.12/site-packages/airflow/example_dags/example_datasets.py took 2.454 seconds
[2025-06-22T12:38:20.687+0000] {processor.py:186} INFO - Started process (PID=246) to work on /home/airflow/.local/lib/python3.12/site-packages/airflow/example_dags/example_datasets.py
[2025-06-22T12:38:20.688+0000] {processor.py:914} INFO - Processing file /home/airflow/.local/lib/python3.12/site-packages/airflow/example_dags/example_datasets.py for tasks to queue
[2025-06-22T12:38:20.690+0000] {logging_mixin.py:190} INFO - [2025-06-22T12:38:20.690+0000] {dagbag.py:588} INFO - Filling up the DagBag from /home/airflow/.local/lib/python3.12/site-packages/airflow/example_dags/example_datasets.py
[2025-06-22T12:38:21.385+0000] {processor.py:925} INFO - DAG(s) 'consume_1_or_both_2_and_3_with_dataset_expressions', 'dataset_consumes_1_and_2', 'consume_1_or_2_with_dataset_expressions', 'dataset_consumes_1', 'dataset_consumes_1_never_scheduled', 'consume_1_and_2_with_dataset_expressions', 'dataset_produces_1', 'conditional_dataset_and_time_based_timetable', 'dataset_produces_2', 'dataset_consumes_unknown_never_scheduled' retrieved from /home/airflow/.local/lib/python3.12/site-packages/airflow/example_dags/example_datasets.py
[2025-06-22T12:38:21.445+0000] {logging_mixin.py:190} INFO - [2025-06-22T12:38:21.445+0000] {dag.py:3239} INFO - Sync 10 DAGs
[2025-06-22T12:38:21.471+0000] {logging_mixin.py:190} INFO - [2025-06-22T12:38:21.471+0000] {dag.py:4180} INFO - Setting next_dagrun for conditional_dataset_and_time_based_timetable to 2025-06-25 01:00:00+00:00, run_after=2025-06-25 01:00:00+00:00
[2025-06-22T12:38:21.475+0000] {logging_mixin.py:190} INFO - [2025-06-22T12:38:21.475+0000] {dag.py:4180} INFO - Setting next_dagrun for consume_1_and_2_with_dataset_expressions to None, run_after=None
[2025-06-22T12:38:21.477+0000] {logging_mixin.py:190} INFO - [2025-06-22T12:38:21.477+0000] {dag.py:4180} INFO - Setting next_dagrun for consume_1_or_2_with_dataset_expressions to None, run_after=None
[2025-06-22T12:38:21.479+0000] {logging_mixin.py:190} INFO - [2025-06-22T12:38:21.478+0000] {dag.py:4180} INFO - Setting next_dagrun for consume_1_or_both_2_and_3_with_dataset_expressions to None, run_after=None
[2025-06-22T12:38:21.480+0000] {logging_mixin.py:190} INFO - [2025-06-22T12:38:21.480+0000] {dag.py:4180} INFO - Setting next_dagrun for dataset_consumes_1 to None, run_after=None
[2025-06-22T12:38:21.482+0000] {logging_mixin.py:190} INFO - [2025-06-22T12:38:21.482+0000] {dag.py:4180} INFO - Setting next_dagrun for dataset_consumes_1_and_2 to None, run_after=None
[2025-06-22T12:38:21.483+0000] {logging_mixin.py:190} INFO - [2025-06-22T12:38:21.483+0000] {dag.py:4180} INFO - Setting next_dagrun for dataset_consumes_1_never_scheduled to None, run_after=None
[2025-06-22T12:38:21.485+0000] {logging_mixin.py:190} INFO - [2025-06-22T12:38:21.484+0000] {dag.py:4180} INFO - Setting next_dagrun for dataset_consumes_unknown_never_scheduled to None, run_after=None
[2025-06-22T12:38:21.487+0000] {logging_mixin.py:190} INFO - [2025-06-22T12:38:21.487+0000] {dag.py:4180} INFO - Setting next_dagrun for dataset_produces_1 to 2025-06-22 00:00:00+00:00, run_after=2025-06-23 00:00:00+00:00
[2025-06-22T12:38:21.489+0000] {logging_mixin.py:190} INFO - [2025-06-22T12:38:21.489+0000] {dag.py:4180} INFO - Setting next_dagrun for dataset_produces_2 to None, run_after=None
[2025-06-22T12:38:21.521+0000] {processor.py:208} INFO - Processing /home/airflow/.local/lib/python3.12/site-packages/airflow/example_dags/example_datasets.py took 0.841 seconds
[2025-06-22T12:38:52.440+0000] {processor.py:186} INFO - Started process (PID=315) to work on /home/airflow/.local/lib/python3.12/site-packages/airflow/example_dags/example_datasets.py
[2025-06-22T12:38:52.441+0000] {processor.py:914} INFO - Processing file /home/airflow/.local/lib/python3.12/site-packages/airflow/example_dags/example_datasets.py for tasks to queue
[2025-06-22T12:38:52.443+0000] {logging_mixin.py:190} INFO - [2025-06-22T12:38:52.442+0000] {dagbag.py:588} INFO - Filling up the DagBag from /home/airflow/.local/lib/python3.12/site-packages/airflow/example_dags/example_datasets.py
[2025-06-22T12:38:52.989+0000] {processor.py:925} INFO - DAG(s) 'consume_1_and_2_with_dataset_expressions', 'dataset_consumes_1_never_scheduled', 'dataset_consumes_1_and_2', 'consume_1_or_both_2_and_3_with_dataset_expressions', 'dataset_consumes_1', 'dataset_produces_1', 'dataset_produces_2', 'consume_1_or_2_with_dataset_expressions', 'conditional_dataset_and_time_based_timetable', 'dataset_consumes_unknown_never_scheduled' retrieved from /home/airflow/.local/lib/python3.12/site-packages/airflow/example_dags/example_datasets.py
[2025-06-22T12:38:53.030+0000] {logging_mixin.py:190} INFO - [2025-06-22T12:38:53.030+0000] {dag.py:3239} INFO - Sync 10 DAGs
[2025-06-22T12:38:53.053+0000] {logging_mixin.py:190} INFO - [2025-06-22T12:38:53.053+0000] {dag.py:4180} INFO - Setting next_dagrun for conditional_dataset_and_time_based_timetable to 2025-06-25 01:00:00+00:00, run_after=2025-06-25 01:00:00+00:00
[2025-06-22T12:38:53.058+0000] {logging_mixin.py:190} INFO - [2025-06-22T12:38:53.058+0000] {dag.py:4180} INFO - Setting next_dagrun for consume_1_and_2_with_dataset_expressions to None, run_after=None
[2025-06-22T12:38:53.060+0000] {logging_mixin.py:190} INFO - [2025-06-22T12:38:53.060+0000] {dag.py:4180} INFO - Setting next_dagrun for consume_1_or_2_with_dataset_expressions to None, run_after=None
[2025-06-22T12:38:53.061+0000] {logging_mixin.py:190} INFO - [2025-06-22T12:38:53.061+0000] {dag.py:4180} INFO - Setting next_dagrun for consume_1_or_both_2_and_3_with_dataset_expressions to None, run_after=None
[2025-06-22T12:38:53.063+0000] {logging_mixin.py:190} INFO - [2025-06-22T12:38:53.062+0000] {dag.py:4180} INFO - Setting next_dagrun for dataset_consumes_1 to None, run_after=None
[2025-06-22T12:38:53.064+0000] {logging_mixin.py:190} INFO - [2025-06-22T12:38:53.064+0000] {dag.py:4180} INFO - Setting next_dagrun for dataset_consumes_1_and_2 to None, run_after=None
[2025-06-22T12:38:53.065+0000] {logging_mixin.py:190} INFO - [2025-06-22T12:38:53.065+0000] {dag.py:4180} INFO - Setting next_dagrun for dataset_consumes_1_never_scheduled to None, run_after=None
[2025-06-22T12:38:53.066+0000] {logging_mixin.py:190} INFO - [2025-06-22T12:38:53.066+0000] {dag.py:4180} INFO - Setting next_dagrun for dataset_consumes_unknown_never_scheduled to None, run_after=None
[2025-06-22T12:38:53.069+0000] {logging_mixin.py:190} INFO - [2025-06-22T12:38:53.069+0000] {dag.py:4180} INFO - Setting next_dagrun for dataset_produces_1 to 2025-06-22 00:00:00+00:00, run_after=2025-06-23 00:00:00+00:00
[2025-06-22T12:38:53.071+0000] {logging_mixin.py:190} INFO - [2025-06-22T12:38:53.071+0000] {dag.py:4180} INFO - Setting next_dagrun for dataset_produces_2 to None, run_after=None
[2025-06-22T12:38:53.109+0000] {processor.py:208} INFO - Processing /home/airflow/.local/lib/python3.12/site-packages/airflow/example_dags/example_datasets.py took 0.675 seconds
