[2025-06-22T12:22:36.999+0000] {processor.py:186} INFO - Started process (PID=129) to work on /home/airflow/.local/lib/python3.12/site-packages/airflow/example_dags/example_skip_dag.py
[2025-06-22T12:22:37.000+0000] {processor.py:914} INFO - Processing file /home/airflow/.local/lib/python3.12/site-packages/airflow/example_dags/example_skip_dag.py for tasks to queue
[2025-06-22T12:22:37.003+0000] {logging_mixin.py:190} INFO - [2025-06-22T12:22:37.003+0000] {dagbag.py:588} INFO - Filling up the DagBag from /home/airflow/.local/lib/python3.12/site-packages/airflow/example_dags/example_skip_dag.py
[2025-06-22T12:22:37.018+0000] {processor.py:925} INFO - DAG(s) 'example_skip_dag' retrieved from /home/airflow/.local/lib/python3.12/site-packages/airflow/example_dags/example_skip_dag.py
[2025-06-22T12:22:37.204+0000] {logging_mixin.py:190} INFO - [2025-06-22T12:22:37.202+0000] {override.py:1912} INFO - Created Permission View: can read on DAG:example_skip_dag
[2025-06-22T12:22:37.236+0000] {logging_mixin.py:190} INFO - [2025-06-22T12:22:37.236+0000] {override.py:1912} INFO - Created Permission View: can edit on DAG:example_skip_dag
[2025-06-22T12:22:37.255+0000] {logging_mixin.py:190} INFO - [2025-06-22T12:22:37.255+0000] {override.py:1912} INFO - Created Permission View: can delete on DAG:example_skip_dag
[2025-06-22T12:22:37.276+0000] {logging_mixin.py:190} INFO - [2025-06-22T12:22:37.275+0000] {override.py:1912} INFO - Created Permission View: can read on DAG Run:example_skip_dag
[2025-06-22T12:22:37.299+0000] {logging_mixin.py:190} INFO - [2025-06-22T12:22:37.298+0000] {override.py:1912} INFO - Created Permission View: can create on DAG Run:example_skip_dag
[2025-06-22T12:22:37.315+0000] {logging_mixin.py:190} INFO - [2025-06-22T12:22:37.315+0000] {override.py:1912} INFO - Created Permission View: can delete on DAG Run:example_skip_dag
[2025-06-22T12:22:37.326+0000] {logging_mixin.py:190} INFO - [2025-06-22T12:22:37.326+0000] {override.py:1912} INFO - Created Permission View: menu access on DAG Run:example_skip_dag
[2025-06-22T12:22:37.327+0000] {logging_mixin.py:190} INFO - [2025-06-22T12:22:37.327+0000] {dag.py:3239} INFO - Sync 1 DAGs
[2025-06-22T12:22:37.351+0000] {logging_mixin.py:190} INFO - [2025-06-22T12:22:37.351+0000] {dag.py:3262} INFO - Creating ORM DAG for example_skip_dag
[2025-06-22T12:22:37.367+0000] {logging_mixin.py:190} INFO - [2025-06-22T12:22:37.367+0000] {dag.py:4180} INFO - Setting next_dagrun for example_skip_dag to 2025-06-21 00:00:00+00:00, run_after=2025-06-22 00:00:00+00:00
[2025-06-22T12:22:37.391+0000] {processor.py:208} INFO - Processing /home/airflow/.local/lib/python3.12/site-packages/airflow/example_dags/example_skip_dag.py took 0.400 seconds
[2025-06-22T12:23:07.906+0000] {processor.py:186} INFO - Started process (PID=242) to work on /home/airflow/.local/lib/python3.12/site-packages/airflow/example_dags/example_skip_dag.py
[2025-06-22T12:23:07.907+0000] {processor.py:914} INFO - Processing file /home/airflow/.local/lib/python3.12/site-packages/airflow/example_dags/example_skip_dag.py for tasks to queue
[2025-06-22T12:23:07.911+0000] {logging_mixin.py:190} INFO - [2025-06-22T12:23:07.910+0000] {dagbag.py:588} INFO - Filling up the DagBag from /home/airflow/.local/lib/python3.12/site-packages/airflow/example_dags/example_skip_dag.py
[2025-06-22T12:23:07.921+0000] {processor.py:925} INFO - DAG(s) 'example_skip_dag' retrieved from /home/airflow/.local/lib/python3.12/site-packages/airflow/example_dags/example_skip_dag.py
[2025-06-22T12:23:07.949+0000] {logging_mixin.py:190} INFO - [2025-06-22T12:23:07.949+0000] {dag.py:3239} INFO - Sync 1 DAGs
[2025-06-22T12:23:07.977+0000] {logging_mixin.py:190} INFO - [2025-06-22T12:23:07.977+0000] {dag.py:4180} INFO - Setting next_dagrun for example_skip_dag to 2025-06-22 00:00:00+00:00, run_after=2025-06-23 00:00:00+00:00
[2025-06-22T12:23:08.008+0000] {processor.py:208} INFO - Processing /home/airflow/.local/lib/python3.12/site-packages/airflow/example_dags/example_skip_dag.py took 0.111 seconds
[2025-06-22T12:27:20.279+0000] {processor.py:186} INFO - Started process (PID=112) to work on /home/airflow/.local/lib/python3.12/site-packages/airflow/example_dags/example_skip_dag.py
[2025-06-22T12:27:20.280+0000] {processor.py:914} INFO - Processing file /home/airflow/.local/lib/python3.12/site-packages/airflow/example_dags/example_skip_dag.py for tasks to queue
[2025-06-22T12:27:20.283+0000] {logging_mixin.py:190} INFO - [2025-06-22T12:27:20.283+0000] {dagbag.py:588} INFO - Filling up the DagBag from /home/airflow/.local/lib/python3.12/site-packages/airflow/example_dags/example_skip_dag.py
[2025-06-22T12:27:20.292+0000] {processor.py:925} INFO - DAG(s) 'example_skip_dag' retrieved from /home/airflow/.local/lib/python3.12/site-packages/airflow/example_dags/example_skip_dag.py
[2025-06-22T12:27:20.315+0000] {logging_mixin.py:190} INFO - [2025-06-22T12:27:20.315+0000] {dag.py:3239} INFO - Sync 1 DAGs
[2025-06-22T12:27:20.338+0000] {logging_mixin.py:190} INFO - [2025-06-22T12:27:20.338+0000] {dag.py:4180} INFO - Setting next_dagrun for example_skip_dag to 2025-06-22 00:00:00+00:00, run_after=2025-06-23 00:00:00+00:00
[2025-06-22T12:27:20.359+0000] {processor.py:208} INFO - Processing /home/airflow/.local/lib/python3.12/site-packages/airflow/example_dags/example_skip_dag.py took 0.086 seconds
[2025-06-22T12:27:50.640+0000] {processor.py:186} INFO - Started process (PID=184) to work on /home/airflow/.local/lib/python3.12/site-packages/airflow/example_dags/example_skip_dag.py
[2025-06-22T12:27:50.641+0000] {processor.py:914} INFO - Processing file /home/airflow/.local/lib/python3.12/site-packages/airflow/example_dags/example_skip_dag.py for tasks to queue
[2025-06-22T12:27:50.644+0000] {logging_mixin.py:190} INFO - [2025-06-22T12:27:50.643+0000] {dagbag.py:588} INFO - Filling up the DagBag from /home/airflow/.local/lib/python3.12/site-packages/airflow/example_dags/example_skip_dag.py
[2025-06-22T12:27:50.651+0000] {processor.py:925} INFO - DAG(s) 'example_skip_dag' retrieved from /home/airflow/.local/lib/python3.12/site-packages/airflow/example_dags/example_skip_dag.py
[2025-06-22T12:27:50.669+0000] {logging_mixin.py:190} INFO - [2025-06-22T12:27:50.669+0000] {dag.py:3239} INFO - Sync 1 DAGs
[2025-06-22T12:27:50.692+0000] {logging_mixin.py:190} INFO - [2025-06-22T12:27:50.692+0000] {dag.py:4180} INFO - Setting next_dagrun for example_skip_dag to 2025-06-22 00:00:00+00:00, run_after=2025-06-23 00:00:00+00:00
[2025-06-22T12:27:50.711+0000] {processor.py:208} INFO - Processing /home/airflow/.local/lib/python3.12/site-packages/airflow/example_dags/example_skip_dag.py took 0.076 seconds
[2025-06-22T12:28:21.099+0000] {processor.py:186} INFO - Started process (PID=254) to work on /home/airflow/.local/lib/python3.12/site-packages/airflow/example_dags/example_skip_dag.py
[2025-06-22T12:28:21.100+0000] {processor.py:914} INFO - Processing file /home/airflow/.local/lib/python3.12/site-packages/airflow/example_dags/example_skip_dag.py for tasks to queue
[2025-06-22T12:28:21.102+0000] {logging_mixin.py:190} INFO - [2025-06-22T12:28:21.102+0000] {dagbag.py:588} INFO - Filling up the DagBag from /home/airflow/.local/lib/python3.12/site-packages/airflow/example_dags/example_skip_dag.py
[2025-06-22T12:28:21.110+0000] {processor.py:925} INFO - DAG(s) 'example_skip_dag' retrieved from /home/airflow/.local/lib/python3.12/site-packages/airflow/example_dags/example_skip_dag.py
[2025-06-22T12:28:21.129+0000] {logging_mixin.py:190} INFO - [2025-06-22T12:28:21.129+0000] {dag.py:3239} INFO - Sync 1 DAGs
[2025-06-22T12:28:21.151+0000] {logging_mixin.py:190} INFO - [2025-06-22T12:28:21.151+0000] {dag.py:4180} INFO - Setting next_dagrun for example_skip_dag to 2025-06-22 00:00:00+00:00, run_after=2025-06-23 00:00:00+00:00
[2025-06-22T12:28:21.169+0000] {processor.py:208} INFO - Processing /home/airflow/.local/lib/python3.12/site-packages/airflow/example_dags/example_skip_dag.py took 0.075 seconds
[2025-06-22T12:28:51.588+0000] {processor.py:186} INFO - Started process (PID=319) to work on /home/airflow/.local/lib/python3.12/site-packages/airflow/example_dags/example_skip_dag.py
[2025-06-22T12:28:51.589+0000] {processor.py:914} INFO - Processing file /home/airflow/.local/lib/python3.12/site-packages/airflow/example_dags/example_skip_dag.py for tasks to queue
[2025-06-22T12:28:51.591+0000] {logging_mixin.py:190} INFO - [2025-06-22T12:28:51.591+0000] {dagbag.py:588} INFO - Filling up the DagBag from /home/airflow/.local/lib/python3.12/site-packages/airflow/example_dags/example_skip_dag.py
[2025-06-22T12:28:51.599+0000] {processor.py:925} INFO - DAG(s) 'example_skip_dag' retrieved from /home/airflow/.local/lib/python3.12/site-packages/airflow/example_dags/example_skip_dag.py
[2025-06-22T12:28:51.618+0000] {logging_mixin.py:190} INFO - [2025-06-22T12:28:51.618+0000] {dag.py:3239} INFO - Sync 1 DAGs
[2025-06-22T12:28:51.643+0000] {logging_mixin.py:190} INFO - [2025-06-22T12:28:51.643+0000] {dag.py:4180} INFO - Setting next_dagrun for example_skip_dag to 2025-06-22 00:00:00+00:00, run_after=2025-06-23 00:00:00+00:00
[2025-06-22T12:28:51.663+0000] {processor.py:208} INFO - Processing /home/airflow/.local/lib/python3.12/site-packages/airflow/example_dags/example_skip_dag.py took 0.081 seconds
[2025-06-22T12:29:22.186+0000] {processor.py:186} INFO - Started process (PID=387) to work on /home/airflow/.local/lib/python3.12/site-packages/airflow/example_dags/example_skip_dag.py
[2025-06-22T12:29:22.187+0000] {processor.py:914} INFO - Processing file /home/airflow/.local/lib/python3.12/site-packages/airflow/example_dags/example_skip_dag.py for tasks to queue
[2025-06-22T12:29:22.190+0000] {logging_mixin.py:190} INFO - [2025-06-22T12:29:22.189+0000] {dagbag.py:588} INFO - Filling up the DagBag from /home/airflow/.local/lib/python3.12/site-packages/airflow/example_dags/example_skip_dag.py
[2025-06-22T12:29:22.196+0000] {processor.py:925} INFO - DAG(s) 'example_skip_dag' retrieved from /home/airflow/.local/lib/python3.12/site-packages/airflow/example_dags/example_skip_dag.py
[2025-06-22T12:29:22.216+0000] {logging_mixin.py:190} INFO - [2025-06-22T12:29:22.215+0000] {dag.py:3239} INFO - Sync 1 DAGs
[2025-06-22T12:29:22.235+0000] {logging_mixin.py:190} INFO - [2025-06-22T12:29:22.235+0000] {dag.py:4180} INFO - Setting next_dagrun for example_skip_dag to 2025-06-22 00:00:00+00:00, run_after=2025-06-23 00:00:00+00:00
[2025-06-22T12:29:22.252+0000] {processor.py:208} INFO - Processing /home/airflow/.local/lib/python3.12/site-packages/airflow/example_dags/example_skip_dag.py took 0.071 seconds
[2025-06-22T12:29:52.654+0000] {processor.py:186} INFO - Started process (PID=451) to work on /home/airflow/.local/lib/python3.12/site-packages/airflow/example_dags/example_skip_dag.py
[2025-06-22T12:29:52.655+0000] {processor.py:914} INFO - Processing file /home/airflow/.local/lib/python3.12/site-packages/airflow/example_dags/example_skip_dag.py for tasks to queue
[2025-06-22T12:29:52.657+0000] {logging_mixin.py:190} INFO - [2025-06-22T12:29:52.657+0000] {dagbag.py:588} INFO - Filling up the DagBag from /home/airflow/.local/lib/python3.12/site-packages/airflow/example_dags/example_skip_dag.py
[2025-06-22T12:29:52.664+0000] {processor.py:925} INFO - DAG(s) 'example_skip_dag' retrieved from /home/airflow/.local/lib/python3.12/site-packages/airflow/example_dags/example_skip_dag.py
[2025-06-22T12:29:52.682+0000] {logging_mixin.py:190} INFO - [2025-06-22T12:29:52.682+0000] {dag.py:3239} INFO - Sync 1 DAGs
[2025-06-22T12:29:52.702+0000] {logging_mixin.py:190} INFO - [2025-06-22T12:29:52.702+0000] {dag.py:4180} INFO - Setting next_dagrun for example_skip_dag to 2025-06-22 00:00:00+00:00, run_after=2025-06-23 00:00:00+00:00
[2025-06-22T12:29:52.719+0000] {processor.py:208} INFO - Processing /home/airflow/.local/lib/python3.12/site-packages/airflow/example_dags/example_skip_dag.py took 0.070 seconds
[2025-06-22T12:30:23.179+0000] {processor.py:186} INFO - Started process (PID=521) to work on /home/airflow/.local/lib/python3.12/site-packages/airflow/example_dags/example_skip_dag.py
[2025-06-22T12:30:23.180+0000] {processor.py:914} INFO - Processing file /home/airflow/.local/lib/python3.12/site-packages/airflow/example_dags/example_skip_dag.py for tasks to queue
[2025-06-22T12:30:23.182+0000] {logging_mixin.py:190} INFO - [2025-06-22T12:30:23.182+0000] {dagbag.py:588} INFO - Filling up the DagBag from /home/airflow/.local/lib/python3.12/site-packages/airflow/example_dags/example_skip_dag.py
[2025-06-22T12:30:23.190+0000] {processor.py:925} INFO - DAG(s) 'example_skip_dag' retrieved from /home/airflow/.local/lib/python3.12/site-packages/airflow/example_dags/example_skip_dag.py
[2025-06-22T12:30:23.209+0000] {logging_mixin.py:190} INFO - [2025-06-22T12:30:23.209+0000] {dag.py:3239} INFO - Sync 1 DAGs
[2025-06-22T12:30:23.233+0000] {logging_mixin.py:190} INFO - [2025-06-22T12:30:23.233+0000] {dag.py:4180} INFO - Setting next_dagrun for example_skip_dag to 2025-06-22 00:00:00+00:00, run_after=2025-06-23 00:00:00+00:00
[2025-06-22T12:30:23.254+0000] {processor.py:208} INFO - Processing /home/airflow/.local/lib/python3.12/site-packages/airflow/example_dags/example_skip_dag.py took 0.082 seconds
[2025-06-22T12:37:51.994+0000] {processor.py:186} INFO - Started process (PID=131) to work on /home/airflow/.local/lib/python3.12/site-packages/airflow/example_dags/example_skip_dag.py
[2025-06-22T12:37:51.997+0000] {processor.py:914} INFO - Processing file /home/airflow/.local/lib/python3.12/site-packages/airflow/example_dags/example_skip_dag.py for tasks to queue
[2025-06-22T12:37:52.003+0000] {logging_mixin.py:190} INFO - [2025-06-22T12:37:52.003+0000] {dagbag.py:588} INFO - Filling up the DagBag from /home/airflow/.local/lib/python3.12/site-packages/airflow/example_dags/example_skip_dag.py
[2025-06-22T12:37:52.023+0000] {processor.py:925} INFO - DAG(s) 'example_skip_dag' retrieved from /home/airflow/.local/lib/python3.12/site-packages/airflow/example_dags/example_skip_dag.py
[2025-06-22T12:37:52.220+0000] {logging_mixin.py:190} INFO - [2025-06-22T12:37:52.219+0000] {override.py:1912} INFO - Created Permission View: can delete on DAG:example_skip_dag
[2025-06-22T12:37:52.246+0000] {logging_mixin.py:190} INFO - [2025-06-22T12:37:52.246+0000] {override.py:1912} INFO - Created Permission View: can edit on DAG:example_skip_dag
[2025-06-22T12:37:52.257+0000] {logging_mixin.py:190} INFO - [2025-06-22T12:37:52.256+0000] {override.py:1912} INFO - Created Permission View: can read on DAG:example_skip_dag
[2025-06-22T12:37:52.270+0000] {logging_mixin.py:190} INFO - [2025-06-22T12:37:52.269+0000] {override.py:1912} INFO - Created Permission View: can delete on DAG Run:example_skip_dag
[2025-06-22T12:37:52.280+0000] {logging_mixin.py:190} INFO - [2025-06-22T12:37:52.280+0000] {override.py:1912} INFO - Created Permission View: can create on DAG Run:example_skip_dag
[2025-06-22T12:37:52.292+0000] {logging_mixin.py:190} INFO - [2025-06-22T12:37:52.292+0000] {override.py:1912} INFO - Created Permission View: menu access on DAG Run:example_skip_dag
[2025-06-22T12:37:52.305+0000] {logging_mixin.py:190} INFO - [2025-06-22T12:37:52.305+0000] {override.py:1912} INFO - Created Permission View: can read on DAG Run:example_skip_dag
[2025-06-22T12:37:52.306+0000] {logging_mixin.py:190} INFO - [2025-06-22T12:37:52.306+0000] {dag.py:3239} INFO - Sync 1 DAGs
[2025-06-22T12:37:52.329+0000] {logging_mixin.py:190} INFO - [2025-06-22T12:37:52.328+0000] {dag.py:3262} INFO - Creating ORM DAG for example_skip_dag
[2025-06-22T12:37:52.343+0000] {logging_mixin.py:190} INFO - [2025-06-22T12:37:52.343+0000] {dag.py:4180} INFO - Setting next_dagrun for example_skip_dag to 2025-06-21 00:00:00+00:00, run_after=2025-06-22 00:00:00+00:00
[2025-06-22T12:37:52.380+0000] {processor.py:208} INFO - Processing /home/airflow/.local/lib/python3.12/site-packages/airflow/example_dags/example_skip_dag.py took 0.399 seconds
[2025-06-22T12:38:23.185+0000] {processor.py:186} INFO - Started process (PID=260) to work on /home/airflow/.local/lib/python3.12/site-packages/airflow/example_dags/example_skip_dag.py
[2025-06-22T12:38:23.186+0000] {processor.py:914} INFO - Processing file /home/airflow/.local/lib/python3.12/site-packages/airflow/example_dags/example_skip_dag.py for tasks to queue
[2025-06-22T12:38:23.189+0000] {logging_mixin.py:190} INFO - [2025-06-22T12:38:23.188+0000] {dagbag.py:588} INFO - Filling up the DagBag from /home/airflow/.local/lib/python3.12/site-packages/airflow/example_dags/example_skip_dag.py
[2025-06-22T12:38:23.197+0000] {processor.py:925} INFO - DAG(s) 'example_skip_dag' retrieved from /home/airflow/.local/lib/python3.12/site-packages/airflow/example_dags/example_skip_dag.py
[2025-06-22T12:38:23.219+0000] {logging_mixin.py:190} INFO - [2025-06-22T12:38:23.218+0000] {dag.py:3239} INFO - Sync 1 DAGs
[2025-06-22T12:38:23.246+0000] {logging_mixin.py:190} INFO - [2025-06-22T12:38:23.246+0000] {dag.py:4180} INFO - Setting next_dagrun for example_skip_dag to 2025-06-22 00:00:00+00:00, run_after=2025-06-23 00:00:00+00:00
[2025-06-22T12:38:23.268+0000] {processor.py:208} INFO - Processing /home/airflow/.local/lib/python3.12/site-packages/airflow/example_dags/example_skip_dag.py took 0.089 seconds
[2025-06-22T12:38:54.182+0000] {processor.py:186} INFO - Started process (PID=324) to work on /home/airflow/.local/lib/python3.12/site-packages/airflow/example_dags/example_skip_dag.py
[2025-06-22T12:38:54.184+0000] {processor.py:914} INFO - Processing file /home/airflow/.local/lib/python3.12/site-packages/airflow/example_dags/example_skip_dag.py for tasks to queue
[2025-06-22T12:38:54.187+0000] {logging_mixin.py:190} INFO - [2025-06-22T12:38:54.187+0000] {dagbag.py:588} INFO - Filling up the DagBag from /home/airflow/.local/lib/python3.12/site-packages/airflow/example_dags/example_skip_dag.py
[2025-06-22T12:38:54.198+0000] {processor.py:925} INFO - DAG(s) 'example_skip_dag' retrieved from /home/airflow/.local/lib/python3.12/site-packages/airflow/example_dags/example_skip_dag.py
[2025-06-22T12:38:54.231+0000] {logging_mixin.py:190} INFO - [2025-06-22T12:38:54.230+0000] {dag.py:3239} INFO - Sync 1 DAGs
[2025-06-22T12:38:54.271+0000] {logging_mixin.py:190} INFO - [2025-06-22T12:38:54.270+0000] {dag.py:4180} INFO - Setting next_dagrun for example_skip_dag to 2025-06-22 00:00:00+00:00, run_after=2025-06-23 00:00:00+00:00
[2025-06-22T12:38:54.306+0000] {processor.py:208} INFO - Processing /home/airflow/.local/lib/python3.12/site-packages/airflow/example_dags/example_skip_dag.py took 0.133 seconds
