[2025-06-22T12:22:40.394+0000] {processor.py:186} INFO - Started process (PID=147) to work on /home/airflow/.local/lib/python3.12/site-packages/airflow/example_dags/example_python_operator.py
[2025-06-22T12:22:40.396+0000] {processor.py:914} INFO - Processing file /home/airflow/.local/lib/python3.12/site-packages/airflow/example_dags/example_python_operator.py for tasks to queue
[2025-06-22T12:22:40.400+0000] {logging_mixin.py:190} INFO - [2025-06-22T12:22:40.400+0000] {dagbag.py:588} INFO - Filling up the DagBag from /home/airflow/.local/lib/python3.12/site-packages/airflow/example_dags/example_python_operator.py
[2025-06-22T12:22:40.440+0000] {processor.py:925} INFO - DAG(s) 'example_python_operator' retrieved from /home/airflow/.local/lib/python3.12/site-packages/airflow/example_dags/example_python_operator.py
[2025-06-22T12:22:40.639+0000] {logging_mixin.py:190} INFO - [2025-06-22T12:22:40.638+0000] {override.py:1912} INFO - Created Permission View: can read on DAG:example_python_operator
[2025-06-22T12:22:40.661+0000] {logging_mixin.py:190} INFO - [2025-06-22T12:22:40.660+0000] {override.py:1912} INFO - Created Permission View: can edit on DAG:example_python_operator
[2025-06-22T12:22:40.675+0000] {logging_mixin.py:190} INFO - [2025-06-22T12:22:40.674+0000] {override.py:1912} INFO - Created Permission View: can delete on DAG:example_python_operator
[2025-06-22T12:22:40.694+0000] {logging_mixin.py:190} INFO - [2025-06-22T12:22:40.692+0000] {override.py:1912} INFO - Created Permission View: can read on DAG Run:example_python_operator
[2025-06-22T12:22:40.710+0000] {logging_mixin.py:190} INFO - [2025-06-22T12:22:40.709+0000] {override.py:1912} INFO - Created Permission View: can create on DAG Run:example_python_operator
[2025-06-22T12:22:40.726+0000] {logging_mixin.py:190} INFO - [2025-06-22T12:22:40.725+0000] {override.py:1912} INFO - Created Permission View: can delete on DAG Run:example_python_operator
[2025-06-22T12:22:40.739+0000] {logging_mixin.py:190} INFO - [2025-06-22T12:22:40.738+0000] {override.py:1912} INFO - Created Permission View: menu access on DAG Run:example_python_operator
[2025-06-22T12:22:40.741+0000] {logging_mixin.py:190} INFO - [2025-06-22T12:22:40.740+0000] {dag.py:3239} INFO - Sync 1 DAGs
[2025-06-22T12:22:40.774+0000] {logging_mixin.py:190} INFO - [2025-06-22T12:22:40.773+0000] {dag.py:3262} INFO - Creating ORM DAG for example_python_operator
[2025-06-22T12:22:40.777+0000] {logging_mixin.py:190} INFO - [2025-06-22T12:22:40.776+0000] {dag.py:4180} INFO - Setting next_dagrun for example_python_operator to None, run_after=None
[2025-06-22T12:22:40.819+0000] {processor.py:208} INFO - Processing /home/airflow/.local/lib/python3.12/site-packages/airflow/example_dags/example_python_operator.py took 0.440 seconds
[2025-06-22T12:23:11.689+0000] {processor.py:186} INFO - Started process (PID=252) to work on /home/airflow/.local/lib/python3.12/site-packages/airflow/example_dags/example_python_operator.py
[2025-06-22T12:23:11.690+0000] {processor.py:914} INFO - Processing file /home/airflow/.local/lib/python3.12/site-packages/airflow/example_dags/example_python_operator.py for tasks to queue
[2025-06-22T12:23:11.692+0000] {logging_mixin.py:190} INFO - [2025-06-22T12:23:11.692+0000] {dagbag.py:588} INFO - Filling up the DagBag from /home/airflow/.local/lib/python3.12/site-packages/airflow/example_dags/example_python_operator.py
[2025-06-22T12:23:11.704+0000] {processor.py:925} INFO - DAG(s) 'example_python_operator' retrieved from /home/airflow/.local/lib/python3.12/site-packages/airflow/example_dags/example_python_operator.py
[2025-06-22T12:23:11.724+0000] {logging_mixin.py:190} INFO - [2025-06-22T12:23:11.724+0000] {dag.py:3239} INFO - Sync 1 DAGs
[2025-06-22T12:23:11.738+0000] {logging_mixin.py:190} INFO - [2025-06-22T12:23:11.738+0000] {dag.py:4180} INFO - Setting next_dagrun for example_python_operator to None, run_after=None
[2025-06-22T12:23:11.757+0000] {processor.py:208} INFO - Processing /home/airflow/.local/lib/python3.12/site-packages/airflow/example_dags/example_python_operator.py took 0.074 seconds
[2025-06-22T12:27:21.053+0000] {processor.py:186} INFO - Started process (PID=122) to work on /home/airflow/.local/lib/python3.12/site-packages/airflow/example_dags/example_python_operator.py
[2025-06-22T12:27:21.054+0000] {processor.py:914} INFO - Processing file /home/airflow/.local/lib/python3.12/site-packages/airflow/example_dags/example_python_operator.py for tasks to queue
[2025-06-22T12:27:21.056+0000] {logging_mixin.py:190} INFO - [2025-06-22T12:27:21.056+0000] {dagbag.py:588} INFO - Filling up the DagBag from /home/airflow/.local/lib/python3.12/site-packages/airflow/example_dags/example_python_operator.py
[2025-06-22T12:27:21.068+0000] {processor.py:925} INFO - DAG(s) 'example_python_operator' retrieved from /home/airflow/.local/lib/python3.12/site-packages/airflow/example_dags/example_python_operator.py
[2025-06-22T12:27:21.158+0000] {logging_mixin.py:190} INFO - [2025-06-22T12:27:21.158+0000] {dag.py:3239} INFO - Sync 1 DAGs
[2025-06-22T12:27:21.170+0000] {logging_mixin.py:190} INFO - [2025-06-22T12:27:21.169+0000] {dag.py:4180} INFO - Setting next_dagrun for example_python_operator to None, run_after=None
[2025-06-22T12:27:21.187+0000] {processor.py:208} INFO - Processing /home/airflow/.local/lib/python3.12/site-packages/airflow/example_dags/example_python_operator.py took 0.139 seconds
[2025-06-22T12:27:51.225+0000] {processor.py:186} INFO - Started process (PID=194) to work on /home/airflow/.local/lib/python3.12/site-packages/airflow/example_dags/example_python_operator.py
[2025-06-22T12:27:51.226+0000] {processor.py:914} INFO - Processing file /home/airflow/.local/lib/python3.12/site-packages/airflow/example_dags/example_python_operator.py for tasks to queue
[2025-06-22T12:27:51.228+0000] {logging_mixin.py:190} INFO - [2025-06-22T12:27:51.228+0000] {dagbag.py:588} INFO - Filling up the DagBag from /home/airflow/.local/lib/python3.12/site-packages/airflow/example_dags/example_python_operator.py
[2025-06-22T12:27:51.240+0000] {processor.py:925} INFO - DAG(s) 'example_python_operator' retrieved from /home/airflow/.local/lib/python3.12/site-packages/airflow/example_dags/example_python_operator.py
[2025-06-22T12:27:51.265+0000] {logging_mixin.py:190} INFO - [2025-06-22T12:27:51.265+0000] {dag.py:3239} INFO - Sync 1 DAGs
[2025-06-22T12:27:51.290+0000] {logging_mixin.py:190} INFO - [2025-06-22T12:27:51.290+0000] {dag.py:4180} INFO - Setting next_dagrun for example_python_operator to None, run_after=None
[2025-06-22T12:27:51.317+0000] {processor.py:208} INFO - Processing /home/airflow/.local/lib/python3.12/site-packages/airflow/example_dags/example_python_operator.py took 0.098 seconds
[2025-06-22T12:28:21.681+0000] {processor.py:186} INFO - Started process (PID=264) to work on /home/airflow/.local/lib/python3.12/site-packages/airflow/example_dags/example_python_operator.py
[2025-06-22T12:28:21.682+0000] {processor.py:914} INFO - Processing file /home/airflow/.local/lib/python3.12/site-packages/airflow/example_dags/example_python_operator.py for tasks to queue
[2025-06-22T12:28:21.684+0000] {logging_mixin.py:190} INFO - [2025-06-22T12:28:21.684+0000] {dagbag.py:588} INFO - Filling up the DagBag from /home/airflow/.local/lib/python3.12/site-packages/airflow/example_dags/example_python_operator.py
[2025-06-22T12:28:21.697+0000] {processor.py:925} INFO - DAG(s) 'example_python_operator' retrieved from /home/airflow/.local/lib/python3.12/site-packages/airflow/example_dags/example_python_operator.py
[2025-06-22T12:28:21.716+0000] {logging_mixin.py:190} INFO - [2025-06-22T12:28:21.715+0000] {dag.py:3239} INFO - Sync 1 DAGs
[2025-06-22T12:28:21.728+0000] {logging_mixin.py:190} INFO - [2025-06-22T12:28:21.728+0000] {dag.py:4180} INFO - Setting next_dagrun for example_python_operator to None, run_after=None
[2025-06-22T12:28:21.745+0000] {processor.py:208} INFO - Processing /home/airflow/.local/lib/python3.12/site-packages/airflow/example_dags/example_python_operator.py took 0.069 seconds
[2025-06-22T12:28:52.375+0000] {processor.py:186} INFO - Started process (PID=329) to work on /home/airflow/.local/lib/python3.12/site-packages/airflow/example_dags/example_python_operator.py
[2025-06-22T12:28:52.376+0000] {processor.py:914} INFO - Processing file /home/airflow/.local/lib/python3.12/site-packages/airflow/example_dags/example_python_operator.py for tasks to queue
[2025-06-22T12:28:52.378+0000] {logging_mixin.py:190} INFO - [2025-06-22T12:28:52.378+0000] {dagbag.py:588} INFO - Filling up the DagBag from /home/airflow/.local/lib/python3.12/site-packages/airflow/example_dags/example_python_operator.py
[2025-06-22T12:28:52.388+0000] {processor.py:925} INFO - DAG(s) 'example_python_operator' retrieved from /home/airflow/.local/lib/python3.12/site-packages/airflow/example_dags/example_python_operator.py
[2025-06-22T12:28:52.408+0000] {logging_mixin.py:190} INFO - [2025-06-22T12:28:52.407+0000] {dag.py:3239} INFO - Sync 1 DAGs
[2025-06-22T12:28:52.420+0000] {logging_mixin.py:190} INFO - [2025-06-22T12:28:52.420+0000] {dag.py:4180} INFO - Setting next_dagrun for example_python_operator to None, run_after=None
[2025-06-22T12:28:52.438+0000] {processor.py:208} INFO - Processing /home/airflow/.local/lib/python3.12/site-packages/airflow/example_dags/example_python_operator.py took 0.068 seconds
[2025-06-22T12:29:23.034+0000] {processor.py:186} INFO - Started process (PID=398) to work on /home/airflow/.local/lib/python3.12/site-packages/airflow/example_dags/example_python_operator.py
[2025-06-22T12:29:23.035+0000] {processor.py:914} INFO - Processing file /home/airflow/.local/lib/python3.12/site-packages/airflow/example_dags/example_python_operator.py for tasks to queue
[2025-06-22T12:29:23.038+0000] {logging_mixin.py:190} INFO - [2025-06-22T12:29:23.037+0000] {dagbag.py:588} INFO - Filling up the DagBag from /home/airflow/.local/lib/python3.12/site-packages/airflow/example_dags/example_python_operator.py
[2025-06-22T12:29:23.049+0000] {processor.py:925} INFO - DAG(s) 'example_python_operator' retrieved from /home/airflow/.local/lib/python3.12/site-packages/airflow/example_dags/example_python_operator.py
[2025-06-22T12:29:23.068+0000] {logging_mixin.py:190} INFO - [2025-06-22T12:29:23.067+0000] {dag.py:3239} INFO - Sync 1 DAGs
[2025-06-22T12:29:23.080+0000] {logging_mixin.py:190} INFO - [2025-06-22T12:29:23.080+0000] {dag.py:4180} INFO - Setting next_dagrun for example_python_operator to None, run_after=None
[2025-06-22T12:29:23.097+0000] {processor.py:208} INFO - Processing /home/airflow/.local/lib/python3.12/site-packages/airflow/example_dags/example_python_operator.py took 0.068 seconds
[2025-06-22T12:29:53.558+0000] {processor.py:186} INFO - Started process (PID=462) to work on /home/airflow/.local/lib/python3.12/site-packages/airflow/example_dags/example_python_operator.py
[2025-06-22T12:29:53.559+0000] {processor.py:914} INFO - Processing file /home/airflow/.local/lib/python3.12/site-packages/airflow/example_dags/example_python_operator.py for tasks to queue
[2025-06-22T12:29:53.561+0000] {logging_mixin.py:190} INFO - [2025-06-22T12:29:53.561+0000] {dagbag.py:588} INFO - Filling up the DagBag from /home/airflow/.local/lib/python3.12/site-packages/airflow/example_dags/example_python_operator.py
[2025-06-22T12:29:53.573+0000] {processor.py:925} INFO - DAG(s) 'example_python_operator' retrieved from /home/airflow/.local/lib/python3.12/site-packages/airflow/example_dags/example_python_operator.py
[2025-06-22T12:29:53.591+0000] {logging_mixin.py:190} INFO - [2025-06-22T12:29:53.590+0000] {dag.py:3239} INFO - Sync 1 DAGs
[2025-06-22T12:29:53.603+0000] {logging_mixin.py:190} INFO - [2025-06-22T12:29:53.603+0000] {dag.py:4180} INFO - Setting next_dagrun for example_python_operator to None, run_after=None
[2025-06-22T12:29:53.620+0000] {processor.py:208} INFO - Processing /home/airflow/.local/lib/python3.12/site-packages/airflow/example_dags/example_python_operator.py took 0.067 seconds
[2025-06-22T12:30:23.974+0000] {processor.py:186} INFO - Started process (PID=532) to work on /home/airflow/.local/lib/python3.12/site-packages/airflow/example_dags/example_python_operator.py
[2025-06-22T12:30:23.975+0000] {processor.py:914} INFO - Processing file /home/airflow/.local/lib/python3.12/site-packages/airflow/example_dags/example_python_operator.py for tasks to queue
[2025-06-22T12:30:23.979+0000] {logging_mixin.py:190} INFO - [2025-06-22T12:30:23.978+0000] {dagbag.py:588} INFO - Filling up the DagBag from /home/airflow/.local/lib/python3.12/site-packages/airflow/example_dags/example_python_operator.py
[2025-06-22T12:30:23.992+0000] {processor.py:925} INFO - DAG(s) 'example_python_operator' retrieved from /home/airflow/.local/lib/python3.12/site-packages/airflow/example_dags/example_python_operator.py
[2025-06-22T12:30:24.014+0000] {logging_mixin.py:190} INFO - [2025-06-22T12:30:24.014+0000] {dag.py:3239} INFO - Sync 1 DAGs
[2025-06-22T12:30:24.031+0000] {logging_mixin.py:190} INFO - [2025-06-22T12:30:24.031+0000] {dag.py:4180} INFO - Setting next_dagrun for example_python_operator to None, run_after=None
[2025-06-22T12:30:24.051+0000] {processor.py:208} INFO - Processing /home/airflow/.local/lib/python3.12/site-packages/airflow/example_dags/example_python_operator.py took 0.084 seconds
[2025-06-22T12:37:54.653+0000] {processor.py:186} INFO - Started process (PID=151) to work on /home/airflow/.local/lib/python3.12/site-packages/airflow/example_dags/example_python_operator.py
[2025-06-22T12:37:54.656+0000] {processor.py:914} INFO - Processing file /home/airflow/.local/lib/python3.12/site-packages/airflow/example_dags/example_python_operator.py for tasks to queue
[2025-06-22T12:37:54.661+0000] {logging_mixin.py:190} INFO - [2025-06-22T12:37:54.660+0000] {dagbag.py:588} INFO - Filling up the DagBag from /home/airflow/.local/lib/python3.12/site-packages/airflow/example_dags/example_python_operator.py
[2025-06-22T12:37:54.694+0000] {processor.py:925} INFO - DAG(s) 'example_python_operator' retrieved from /home/airflow/.local/lib/python3.12/site-packages/airflow/example_dags/example_python_operator.py
[2025-06-22T12:37:54.925+0000] {logging_mixin.py:190} INFO - [2025-06-22T12:37:54.924+0000] {override.py:1912} INFO - Created Permission View: can delete on DAG:example_python_operator
[2025-06-22T12:37:54.955+0000] {logging_mixin.py:190} INFO - [2025-06-22T12:37:54.954+0000] {override.py:1912} INFO - Created Permission View: can edit on DAG:example_python_operator
[2025-06-22T12:37:54.979+0000] {logging_mixin.py:190} INFO - [2025-06-22T12:37:54.978+0000] {override.py:1912} INFO - Created Permission View: can read on DAG:example_python_operator
[2025-06-22T12:37:55.008+0000] {logging_mixin.py:190} INFO - [2025-06-22T12:37:55.008+0000] {override.py:1912} INFO - Created Permission View: can delete on DAG Run:example_python_operator
[2025-06-22T12:37:55.023+0000] {logging_mixin.py:190} INFO - [2025-06-22T12:37:55.023+0000] {override.py:1912} INFO - Created Permission View: can create on DAG Run:example_python_operator
[2025-06-22T12:37:55.045+0000] {logging_mixin.py:190} INFO - [2025-06-22T12:37:55.045+0000] {override.py:1912} INFO - Created Permission View: menu access on DAG Run:example_python_operator
[2025-06-22T12:37:55.063+0000] {logging_mixin.py:190} INFO - [2025-06-22T12:37:55.062+0000] {override.py:1912} INFO - Created Permission View: can read on DAG Run:example_python_operator
[2025-06-22T12:37:55.069+0000] {logging_mixin.py:190} INFO - [2025-06-22T12:37:55.069+0000] {dag.py:3239} INFO - Sync 1 DAGs
[2025-06-22T12:37:55.107+0000] {logging_mixin.py:190} INFO - [2025-06-22T12:37:55.107+0000] {dag.py:3262} INFO - Creating ORM DAG for example_python_operator
[2025-06-22T12:37:55.110+0000] {logging_mixin.py:190} INFO - [2025-06-22T12:37:55.109+0000] {dag.py:4180} INFO - Setting next_dagrun for example_python_operator to None, run_after=None
[2025-06-22T12:37:55.148+0000] {processor.py:208} INFO - Processing /home/airflow/.local/lib/python3.12/site-packages/airflow/example_dags/example_python_operator.py took 0.508 seconds
[2025-06-22T12:38:25.682+0000] {processor.py:186} INFO - Started process (PID=270) to work on /home/airflow/.local/lib/python3.12/site-packages/airflow/example_dags/example_python_operator.py
[2025-06-22T12:38:25.683+0000] {processor.py:914} INFO - Processing file /home/airflow/.local/lib/python3.12/site-packages/airflow/example_dags/example_python_operator.py for tasks to queue
[2025-06-22T12:38:25.686+0000] {logging_mixin.py:190} INFO - [2025-06-22T12:38:25.685+0000] {dagbag.py:588} INFO - Filling up the DagBag from /home/airflow/.local/lib/python3.12/site-packages/airflow/example_dags/example_python_operator.py
[2025-06-22T12:38:25.699+0000] {processor.py:925} INFO - DAG(s) 'example_python_operator' retrieved from /home/airflow/.local/lib/python3.12/site-packages/airflow/example_dags/example_python_operator.py
[2025-06-22T12:38:25.720+0000] {logging_mixin.py:190} INFO - [2025-06-22T12:38:25.720+0000] {dag.py:3239} INFO - Sync 1 DAGs
[2025-06-22T12:38:25.735+0000] {logging_mixin.py:190} INFO - [2025-06-22T12:38:25.735+0000] {dag.py:4180} INFO - Setting next_dagrun for example_python_operator to None, run_after=None
[2025-06-22T12:38:25.754+0000] {processor.py:208} INFO - Processing /home/airflow/.local/lib/python3.12/site-packages/airflow/example_dags/example_python_operator.py took 0.078 seconds
