[2025-06-22T12:22:32.243+0000] {processor.py:186} INFO - Started process (PID=94) to work on /home/airflow/.local/lib/python3.12/site-packages/airflow/example_dags/example_params_trigger_ui.py
[2025-06-22T12:22:32.244+0000] {processor.py:914} INFO - Processing file /home/airflow/.local/lib/python3.12/site-packages/airflow/example_dags/example_params_trigger_ui.py for tasks to queue
[2025-06-22T12:22:32.247+0000] {logging_mixin.py:190} INFO - [2025-06-22T12:22:32.246+0000] {dagbag.py:588} INFO - Filling up the DagBag from /home/airflow/.local/lib/python3.12/site-packages/airflow/example_dags/example_params_trigger_ui.py
[2025-06-22T12:22:32.261+0000] {processor.py:925} INFO - DAG(s) 'example_params_trigger_ui' retrieved from /home/airflow/.local/lib/python3.12/site-packages/airflow/example_dags/example_params_trigger_ui.py
[2025-06-22T12:22:32.392+0000] {logging_mixin.py:190} INFO - [2025-06-22T12:22:32.392+0000] {override.py:1912} INFO - Created Permission View: can read on DAG:example_params_trigger_ui
[2025-06-22T12:22:32.401+0000] {logging_mixin.py:190} INFO - [2025-06-22T12:22:32.401+0000] {override.py:1912} INFO - Created Permission View: can edit on DAG:example_params_trigger_ui
[2025-06-22T12:22:32.408+0000] {logging_mixin.py:190} INFO - [2025-06-22T12:22:32.408+0000] {override.py:1912} INFO - Created Permission View: can delete on DAG:example_params_trigger_ui
[2025-06-22T12:22:32.417+0000] {logging_mixin.py:190} INFO - [2025-06-22T12:22:32.417+0000] {override.py:1912} INFO - Created Permission View: can read on DAG Run:example_params_trigger_ui
[2025-06-22T12:22:32.423+0000] {logging_mixin.py:190} INFO - [2025-06-22T12:22:32.423+0000] {override.py:1912} INFO - Created Permission View: can create on DAG Run:example_params_trigger_ui
[2025-06-22T12:22:32.429+0000] {logging_mixin.py:190} INFO - [2025-06-22T12:22:32.429+0000] {override.py:1912} INFO - Created Permission View: can delete on DAG Run:example_params_trigger_ui
[2025-06-22T12:22:32.436+0000] {logging_mixin.py:190} INFO - [2025-06-22T12:22:32.435+0000] {override.py:1912} INFO - Created Permission View: menu access on DAG Run:example_params_trigger_ui
[2025-06-22T12:22:32.436+0000] {logging_mixin.py:190} INFO - [2025-06-22T12:22:32.436+0000] {dag.py:3239} INFO - Sync 1 DAGs
[2025-06-22T12:22:32.447+0000] {logging_mixin.py:190} INFO - [2025-06-22T12:22:32.447+0000] {dag.py:3262} INFO - Creating ORM DAG for example_params_trigger_ui
[2025-06-22T12:22:32.448+0000] {logging_mixin.py:190} INFO - [2025-06-22T12:22:32.448+0000] {dag.py:4180} INFO - Setting next_dagrun for example_params_trigger_ui to None, run_after=None
[2025-06-22T12:22:32.463+0000] {processor.py:208} INFO - Processing /home/airflow/.local/lib/python3.12/site-packages/airflow/example_dags/example_params_trigger_ui.py took 0.227 seconds
[2025-06-22T12:23:02.776+0000] {processor.py:186} INFO - Started process (PID=216) to work on /home/airflow/.local/lib/python3.12/site-packages/airflow/example_dags/example_params_trigger_ui.py
[2025-06-22T12:23:02.778+0000] {processor.py:914} INFO - Processing file /home/airflow/.local/lib/python3.12/site-packages/airflow/example_dags/example_params_trigger_ui.py for tasks to queue
[2025-06-22T12:23:02.781+0000] {logging_mixin.py:190} INFO - [2025-06-22T12:23:02.780+0000] {dagbag.py:588} INFO - Filling up the DagBag from /home/airflow/.local/lib/python3.12/site-packages/airflow/example_dags/example_params_trigger_ui.py
[2025-06-22T12:23:02.793+0000] {processor.py:925} INFO - DAG(s) 'example_params_trigger_ui' retrieved from /home/airflow/.local/lib/python3.12/site-packages/airflow/example_dags/example_params_trigger_ui.py
[2025-06-22T12:23:02.848+0000] {logging_mixin.py:190} INFO - [2025-06-22T12:23:02.848+0000] {dag.py:3239} INFO - Sync 1 DAGs
[2025-06-22T12:23:02.869+0000] {logging_mixin.py:190} INFO - [2025-06-22T12:23:02.868+0000] {dag.py:4180} INFO - Setting next_dagrun for example_params_trigger_ui to None, run_after=None
[2025-06-22T12:23:02.900+0000] {processor.py:208} INFO - Processing /home/airflow/.local/lib/python3.12/site-packages/airflow/example_dags/example_params_trigger_ui.py took 0.130 seconds
[2025-06-22T12:23:33.926+0000] {processor.py:186} INFO - Started process (PID=291) to work on /home/airflow/.local/lib/python3.12/site-packages/airflow/example_dags/example_params_trigger_ui.py
[2025-06-22T12:23:33.929+0000] {processor.py:914} INFO - Processing file /home/airflow/.local/lib/python3.12/site-packages/airflow/example_dags/example_params_trigger_ui.py for tasks to queue
[2025-06-22T12:23:33.931+0000] {logging_mixin.py:190} INFO - [2025-06-22T12:23:33.931+0000] {dagbag.py:588} INFO - Filling up the DagBag from /home/airflow/.local/lib/python3.12/site-packages/airflow/example_dags/example_params_trigger_ui.py
[2025-06-22T12:23:33.946+0000] {processor.py:925} INFO - DAG(s) 'example_params_trigger_ui' retrieved from /home/airflow/.local/lib/python3.12/site-packages/airflow/example_dags/example_params_trigger_ui.py
[2025-06-22T12:23:33.985+0000] {logging_mixin.py:190} INFO - [2025-06-22T12:23:33.985+0000] {dag.py:3239} INFO - Sync 1 DAGs
[2025-06-22T12:23:34.002+0000] {logging_mixin.py:190} INFO - [2025-06-22T12:23:34.002+0000] {dag.py:4180} INFO - Setting next_dagrun for example_params_trigger_ui to None, run_after=None
[2025-06-22T12:23:34.029+0000] {processor.py:208} INFO - Processing /home/airflow/.local/lib/python3.12/site-packages/airflow/example_dags/example_params_trigger_ui.py took 0.109 seconds
[2025-06-22T12:27:18.730+0000] {processor.py:186} INFO - Started process (PID=78) to work on /home/airflow/.local/lib/python3.12/site-packages/airflow/example_dags/example_params_trigger_ui.py
[2025-06-22T12:27:18.731+0000] {processor.py:914} INFO - Processing file /home/airflow/.local/lib/python3.12/site-packages/airflow/example_dags/example_params_trigger_ui.py for tasks to queue
[2025-06-22T12:27:18.734+0000] {logging_mixin.py:190} INFO - [2025-06-22T12:27:18.734+0000] {dagbag.py:588} INFO - Filling up the DagBag from /home/airflow/.local/lib/python3.12/site-packages/airflow/example_dags/example_params_trigger_ui.py
[2025-06-22T12:27:18.751+0000] {processor.py:925} INFO - DAG(s) 'example_params_trigger_ui' retrieved from /home/airflow/.local/lib/python3.12/site-packages/airflow/example_dags/example_params_trigger_ui.py
[2025-06-22T12:27:18.805+0000] {logging_mixin.py:190} INFO - [2025-06-22T12:27:18.805+0000] {dag.py:3239} INFO - Sync 1 DAGs
[2025-06-22T12:27:18.822+0000] {logging_mixin.py:190} INFO - [2025-06-22T12:27:18.822+0000] {dag.py:4180} INFO - Setting next_dagrun for example_params_trigger_ui to None, run_after=None
[2025-06-22T12:27:18.844+0000] {processor.py:208} INFO - Processing /home/airflow/.local/lib/python3.12/site-packages/airflow/example_dags/example_params_trigger_ui.py took 0.123 seconds
[2025-06-22T12:27:49.049+0000] {processor.py:186} INFO - Started process (PID=159) to work on /home/airflow/.local/lib/python3.12/site-packages/airflow/example_dags/example_params_trigger_ui.py
[2025-06-22T12:27:49.049+0000] {processor.py:914} INFO - Processing file /home/airflow/.local/lib/python3.12/site-packages/airflow/example_dags/example_params_trigger_ui.py for tasks to queue
[2025-06-22T12:27:49.052+0000] {logging_mixin.py:190} INFO - [2025-06-22T12:27:49.051+0000] {dagbag.py:588} INFO - Filling up the DagBag from /home/airflow/.local/lib/python3.12/site-packages/airflow/example_dags/example_params_trigger_ui.py
[2025-06-22T12:27:49.062+0000] {processor.py:925} INFO - DAG(s) 'example_params_trigger_ui' retrieved from /home/airflow/.local/lib/python3.12/site-packages/airflow/example_dags/example_params_trigger_ui.py
[2025-06-22T12:27:49.101+0000] {logging_mixin.py:190} INFO - [2025-06-22T12:27:49.100+0000] {dag.py:3239} INFO - Sync 1 DAGs
[2025-06-22T12:27:49.115+0000] {logging_mixin.py:190} INFO - [2025-06-22T12:27:49.115+0000] {dag.py:4180} INFO - Setting next_dagrun for example_params_trigger_ui to None, run_after=None
[2025-06-22T12:27:49.134+0000] {processor.py:208} INFO - Processing /home/airflow/.local/lib/python3.12/site-packages/airflow/example_dags/example_params_trigger_ui.py took 0.092 seconds
[2025-06-22T12:28:19.763+0000] {processor.py:186} INFO - Started process (PID=235) to work on /home/airflow/.local/lib/python3.12/site-packages/airflow/example_dags/example_params_trigger_ui.py
[2025-06-22T12:28:19.764+0000] {processor.py:914} INFO - Processing file /home/airflow/.local/lib/python3.12/site-packages/airflow/example_dags/example_params_trigger_ui.py for tasks to queue
[2025-06-22T12:28:19.766+0000] {logging_mixin.py:190} INFO - [2025-06-22T12:28:19.766+0000] {dagbag.py:588} INFO - Filling up the DagBag from /home/airflow/.local/lib/python3.12/site-packages/airflow/example_dags/example_params_trigger_ui.py
[2025-06-22T12:28:19.777+0000] {processor.py:925} INFO - DAG(s) 'example_params_trigger_ui' retrieved from /home/airflow/.local/lib/python3.12/site-packages/airflow/example_dags/example_params_trigger_ui.py
[2025-06-22T12:28:19.816+0000] {logging_mixin.py:190} INFO - [2025-06-22T12:28:19.816+0000] {dag.py:3239} INFO - Sync 1 DAGs
[2025-06-22T12:28:19.830+0000] {logging_mixin.py:190} INFO - [2025-06-22T12:28:19.829+0000] {dag.py:4180} INFO - Setting next_dagrun for example_params_trigger_ui to None, run_after=None
[2025-06-22T12:28:19.849+0000] {processor.py:208} INFO - Processing /home/airflow/.local/lib/python3.12/site-packages/airflow/example_dags/example_params_trigger_ui.py took 0.091 seconds
[2025-06-22T12:28:50.259+0000] {processor.py:186} INFO - Started process (PID=300) to work on /home/airflow/.local/lib/python3.12/site-packages/airflow/example_dags/example_params_trigger_ui.py
[2025-06-22T12:28:50.260+0000] {processor.py:914} INFO - Processing file /home/airflow/.local/lib/python3.12/site-packages/airflow/example_dags/example_params_trigger_ui.py for tasks to queue
[2025-06-22T12:28:50.263+0000] {logging_mixin.py:190} INFO - [2025-06-22T12:28:50.262+0000] {dagbag.py:588} INFO - Filling up the DagBag from /home/airflow/.local/lib/python3.12/site-packages/airflow/example_dags/example_params_trigger_ui.py
[2025-06-22T12:28:50.275+0000] {processor.py:925} INFO - DAG(s) 'example_params_trigger_ui' retrieved from /home/airflow/.local/lib/python3.12/site-packages/airflow/example_dags/example_params_trigger_ui.py
[2025-06-22T12:28:50.319+0000] {logging_mixin.py:190} INFO - [2025-06-22T12:28:50.318+0000] {dag.py:3239} INFO - Sync 1 DAGs
[2025-06-22T12:28:50.333+0000] {logging_mixin.py:190} INFO - [2025-06-22T12:28:50.332+0000] {dag.py:4180} INFO - Setting next_dagrun for example_params_trigger_ui to None, run_after=None
[2025-06-22T12:28:50.353+0000] {processor.py:208} INFO - Processing /home/airflow/.local/lib/python3.12/site-packages/airflow/example_dags/example_params_trigger_ui.py took 0.100 seconds
[2025-06-22T12:29:21.035+0000] {processor.py:186} INFO - Started process (PID=369) to work on /home/airflow/.local/lib/python3.12/site-packages/airflow/example_dags/example_params_trigger_ui.py
[2025-06-22T12:29:21.036+0000] {processor.py:914} INFO - Processing file /home/airflow/.local/lib/python3.12/site-packages/airflow/example_dags/example_params_trigger_ui.py for tasks to queue
[2025-06-22T12:29:21.038+0000] {logging_mixin.py:190} INFO - [2025-06-22T12:29:21.037+0000] {dagbag.py:588} INFO - Filling up the DagBag from /home/airflow/.local/lib/python3.12/site-packages/airflow/example_dags/example_params_trigger_ui.py
[2025-06-22T12:29:21.048+0000] {processor.py:925} INFO - DAG(s) 'example_params_trigger_ui' retrieved from /home/airflow/.local/lib/python3.12/site-packages/airflow/example_dags/example_params_trigger_ui.py
[2025-06-22T12:29:21.083+0000] {logging_mixin.py:190} INFO - [2025-06-22T12:29:21.082+0000] {dag.py:3239} INFO - Sync 1 DAGs
[2025-06-22T12:29:21.095+0000] {logging_mixin.py:190} INFO - [2025-06-22T12:29:21.095+0000] {dag.py:4180} INFO - Setting next_dagrun for example_params_trigger_ui to None, run_after=None
[2025-06-22T12:29:21.113+0000] {processor.py:208} INFO - Processing /home/airflow/.local/lib/python3.12/site-packages/airflow/example_dags/example_params_trigger_ui.py took 0.083 seconds
[2025-06-22T12:29:51.631+0000] {processor.py:186} INFO - Started process (PID=433) to work on /home/airflow/.local/lib/python3.12/site-packages/airflow/example_dags/example_params_trigger_ui.py
[2025-06-22T12:29:51.632+0000] {processor.py:914} INFO - Processing file /home/airflow/.local/lib/python3.12/site-packages/airflow/example_dags/example_params_trigger_ui.py for tasks to queue
[2025-06-22T12:29:51.634+0000] {logging_mixin.py:190} INFO - [2025-06-22T12:29:51.634+0000] {dagbag.py:588} INFO - Filling up the DagBag from /home/airflow/.local/lib/python3.12/site-packages/airflow/example_dags/example_params_trigger_ui.py
[2025-06-22T12:29:51.643+0000] {processor.py:925} INFO - DAG(s) 'example_params_trigger_ui' retrieved from /home/airflow/.local/lib/python3.12/site-packages/airflow/example_dags/example_params_trigger_ui.py
[2025-06-22T12:29:51.679+0000] {logging_mixin.py:190} INFO - [2025-06-22T12:29:51.679+0000] {dag.py:3239} INFO - Sync 1 DAGs
[2025-06-22T12:29:51.691+0000] {logging_mixin.py:190} INFO - [2025-06-22T12:29:51.691+0000] {dag.py:4180} INFO - Setting next_dagrun for example_params_trigger_ui to None, run_after=None
[2025-06-22T12:29:51.709+0000] {processor.py:208} INFO - Processing /home/airflow/.local/lib/python3.12/site-packages/airflow/example_dags/example_params_trigger_ui.py took 0.082 seconds
[2025-06-22T12:30:22.183+0000] {processor.py:186} INFO - Started process (PID=503) to work on /home/airflow/.local/lib/python3.12/site-packages/airflow/example_dags/example_params_trigger_ui.py
[2025-06-22T12:30:22.184+0000] {processor.py:914} INFO - Processing file /home/airflow/.local/lib/python3.12/site-packages/airflow/example_dags/example_params_trigger_ui.py for tasks to queue
[2025-06-22T12:30:22.186+0000] {logging_mixin.py:190} INFO - [2025-06-22T12:30:22.186+0000] {dagbag.py:588} INFO - Filling up the DagBag from /home/airflow/.local/lib/python3.12/site-packages/airflow/example_dags/example_params_trigger_ui.py
[2025-06-22T12:30:22.196+0000] {processor.py:925} INFO - DAG(s) 'example_params_trigger_ui' retrieved from /home/airflow/.local/lib/python3.12/site-packages/airflow/example_dags/example_params_trigger_ui.py
[2025-06-22T12:30:22.232+0000] {logging_mixin.py:190} INFO - [2025-06-22T12:30:22.232+0000] {dag.py:3239} INFO - Sync 1 DAGs
[2025-06-22T12:30:22.244+0000] {logging_mixin.py:190} INFO - [2025-06-22T12:30:22.244+0000] {dag.py:4180} INFO - Setting next_dagrun for example_params_trigger_ui to None, run_after=None
[2025-06-22T12:30:22.265+0000] {processor.py:208} INFO - Processing /home/airflow/.local/lib/python3.12/site-packages/airflow/example_dags/example_params_trigger_ui.py took 0.087 seconds
[2025-06-22T12:37:48.167+0000] {processor.py:186} INFO - Started process (PID=96) to work on /home/airflow/.local/lib/python3.12/site-packages/airflow/example_dags/example_params_trigger_ui.py
[2025-06-22T12:37:48.168+0000] {processor.py:914} INFO - Processing file /home/airflow/.local/lib/python3.12/site-packages/airflow/example_dags/example_params_trigger_ui.py for tasks to queue
[2025-06-22T12:37:48.169+0000] {logging_mixin.py:190} INFO - [2025-06-22T12:37:48.169+0000] {dagbag.py:588} INFO - Filling up the DagBag from /home/airflow/.local/lib/python3.12/site-packages/airflow/example_dags/example_params_trigger_ui.py
[2025-06-22T12:37:48.181+0000] {processor.py:925} INFO - DAG(s) 'example_params_trigger_ui' retrieved from /home/airflow/.local/lib/python3.12/site-packages/airflow/example_dags/example_params_trigger_ui.py
[2025-06-22T12:37:48.317+0000] {logging_mixin.py:190} INFO - [2025-06-22T12:37:48.317+0000] {override.py:1912} INFO - Created Permission View: can delete on DAG:example_params_trigger_ui
[2025-06-22T12:37:48.328+0000] {logging_mixin.py:190} INFO - [2025-06-22T12:37:48.328+0000] {override.py:1912} INFO - Created Permission View: can edit on DAG:example_params_trigger_ui
[2025-06-22T12:37:48.336+0000] {logging_mixin.py:190} INFO - [2025-06-22T12:37:48.336+0000] {override.py:1912} INFO - Created Permission View: can read on DAG:example_params_trigger_ui
[2025-06-22T12:37:48.346+0000] {logging_mixin.py:190} INFO - [2025-06-22T12:37:48.345+0000] {override.py:1912} INFO - Created Permission View: can delete on DAG Run:example_params_trigger_ui
[2025-06-22T12:37:48.354+0000] {logging_mixin.py:190} INFO - [2025-06-22T12:37:48.354+0000] {override.py:1912} INFO - Created Permission View: can create on DAG Run:example_params_trigger_ui
[2025-06-22T12:37:48.361+0000] {logging_mixin.py:190} INFO - [2025-06-22T12:37:48.361+0000] {override.py:1912} INFO - Created Permission View: menu access on DAG Run:example_params_trigger_ui
[2025-06-22T12:37:48.368+0000] {logging_mixin.py:190} INFO - [2025-06-22T12:37:48.368+0000] {override.py:1912} INFO - Created Permission View: can read on DAG Run:example_params_trigger_ui
[2025-06-22T12:37:48.369+0000] {logging_mixin.py:190} INFO - [2025-06-22T12:37:48.369+0000] {dag.py:3239} INFO - Sync 1 DAGs
[2025-06-22T12:37:48.383+0000] {logging_mixin.py:190} INFO - [2025-06-22T12:37:48.382+0000] {dag.py:3262} INFO - Creating ORM DAG for example_params_trigger_ui
[2025-06-22T12:37:48.387+0000] {logging_mixin.py:190} INFO - [2025-06-22T12:37:48.387+0000] {dag.py:4180} INFO - Setting next_dagrun for example_params_trigger_ui to None, run_after=None
[2025-06-22T12:37:48.404+0000] {processor.py:208} INFO - Processing /home/airflow/.local/lib/python3.12/site-packages/airflow/example_dags/example_params_trigger_ui.py took 0.244 seconds
[2025-06-22T12:38:18.879+0000] {processor.py:186} INFO - Started process (PID=235) to work on /home/airflow/.local/lib/python3.12/site-packages/airflow/example_dags/example_params_trigger_ui.py
[2025-06-22T12:38:18.880+0000] {processor.py:914} INFO - Processing file /home/airflow/.local/lib/python3.12/site-packages/airflow/example_dags/example_params_trigger_ui.py for tasks to queue
[2025-06-22T12:38:18.883+0000] {logging_mixin.py:190} INFO - [2025-06-22T12:38:18.882+0000] {dagbag.py:588} INFO - Filling up the DagBag from /home/airflow/.local/lib/python3.12/site-packages/airflow/example_dags/example_params_trigger_ui.py
[2025-06-22T12:38:18.898+0000] {processor.py:925} INFO - DAG(s) 'example_params_trigger_ui' retrieved from /home/airflow/.local/lib/python3.12/site-packages/airflow/example_dags/example_params_trigger_ui.py
[2025-06-22T12:38:18.945+0000] {logging_mixin.py:190} INFO - [2025-06-22T12:38:18.945+0000] {dag.py:3239} INFO - Sync 1 DAGs
[2025-06-22T12:38:18.965+0000] {logging_mixin.py:190} INFO - [2025-06-22T12:38:18.965+0000] {dag.py:4180} INFO - Setting next_dagrun for example_params_trigger_ui to None, run_after=None
[2025-06-22T12:38:18.985+0000] {processor.py:208} INFO - Processing /home/airflow/.local/lib/python3.12/site-packages/airflow/example_dags/example_params_trigger_ui.py took 0.112 seconds
[2025-06-22T12:38:49.090+0000] {processor.py:186} INFO - Started process (PID=299) to work on /home/airflow/.local/lib/python3.12/site-packages/airflow/example_dags/example_params_trigger_ui.py
[2025-06-22T12:38:49.092+0000] {processor.py:914} INFO - Processing file /home/airflow/.local/lib/python3.12/site-packages/airflow/example_dags/example_params_trigger_ui.py for tasks to queue
[2025-06-22T12:38:49.095+0000] {logging_mixin.py:190} INFO - [2025-06-22T12:38:49.094+0000] {dagbag.py:588} INFO - Filling up the DagBag from /home/airflow/.local/lib/python3.12/site-packages/airflow/example_dags/example_params_trigger_ui.py
[2025-06-22T12:38:49.108+0000] {processor.py:925} INFO - DAG(s) 'example_params_trigger_ui' retrieved from /home/airflow/.local/lib/python3.12/site-packages/airflow/example_dags/example_params_trigger_ui.py
[2025-06-22T12:38:49.151+0000] {logging_mixin.py:190} INFO - [2025-06-22T12:38:49.151+0000] {dag.py:3239} INFO - Sync 1 DAGs
[2025-06-22T12:38:49.168+0000] {logging_mixin.py:190} INFO - [2025-06-22T12:38:49.168+0000] {dag.py:4180} INFO - Setting next_dagrun for example_params_trigger_ui to None, run_after=None
[2025-06-22T12:38:49.194+0000] {processor.py:208} INFO - Processing /home/airflow/.local/lib/python3.12/site-packages/airflow/example_dags/example_params_trigger_ui.py took 0.110 seconds
