[2025-06-22T12:22:31.233+0000] {processor.py:186} INFO - Started process (PID=88) to work on /home/airflow/.local/lib/python3.12/site-packages/airflow/example_dags/example_python_decorator.py
[2025-06-22T12:22:31.234+0000] {processor.py:914} INFO - Processing file /home/airflow/.local/lib/python3.12/site-packages/airflow/example_dags/example_python_decorator.py for tasks to queue
[2025-06-22T12:22:31.237+0000] {logging_mixin.py:190} INFO - [2025-06-22T12:22:31.236+0000] {dagbag.py:588} INFO - Filling up the DagBag from /home/airflow/.local/lib/python3.12/site-packages/airflow/example_dags/example_python_decorator.py
[2025-06-22T12:22:31.266+0000] {processor.py:925} INFO - DAG(s) 'example_python_decorator' retrieved from /home/airflow/.local/lib/python3.12/site-packages/airflow/example_dags/example_python_decorator.py
[2025-06-22T12:22:31.395+0000] {logging_mixin.py:190} INFO - [2025-06-22T12:22:31.394+0000] {override.py:1912} INFO - Created Permission View: can read on DAG:example_python_decorator
[2025-06-22T12:22:31.449+0000] {logging_mixin.py:190} INFO - [2025-06-22T12:22:31.448+0000] {override.py:1912} INFO - Created Permission View: can edit on DAG:example_python_decorator
[2025-06-22T12:22:31.461+0000] {logging_mixin.py:190} INFO - [2025-06-22T12:22:31.461+0000] {override.py:1912} INFO - Created Permission View: can delete on DAG:example_python_decorator
[2025-06-22T12:22:31.478+0000] {logging_mixin.py:190} INFO - [2025-06-22T12:22:31.478+0000] {override.py:1912} INFO - Created Permission View: can read on DAG Run:example_python_decorator
[2025-06-22T12:22:31.485+0000] {logging_mixin.py:190} INFO - [2025-06-22T12:22:31.485+0000] {override.py:1912} INFO - Created Permission View: can create on DAG Run:example_python_decorator
[2025-06-22T12:22:31.494+0000] {logging_mixin.py:190} INFO - [2025-06-22T12:22:31.493+0000] {override.py:1912} INFO - Created Permission View: can delete on DAG Run:example_python_decorator
[2025-06-22T12:22:31.502+0000] {logging_mixin.py:190} INFO - [2025-06-22T12:22:31.502+0000] {override.py:1912} INFO - Created Permission View: menu access on DAG Run:example_python_decorator
[2025-06-22T12:22:31.503+0000] {logging_mixin.py:190} INFO - [2025-06-22T12:22:31.503+0000] {dag.py:3239} INFO - Sync 1 DAGs
[2025-06-22T12:22:31.516+0000] {logging_mixin.py:190} INFO - [2025-06-22T12:22:31.516+0000] {dag.py:3262} INFO - Creating ORM DAG for example_python_decorator
[2025-06-22T12:22:31.517+0000] {logging_mixin.py:190} INFO - [2025-06-22T12:22:31.517+0000] {dag.py:4180} INFO - Setting next_dagrun for example_python_decorator to None, run_after=None
[2025-06-22T12:22:31.542+0000] {processor.py:208} INFO - Processing /home/airflow/.local/lib/python3.12/site-packages/airflow/example_dags/example_python_decorator.py took 0.318 seconds
[2025-06-22T12:23:01.593+0000] {processor.py:186} INFO - Started process (PID=214) to work on /home/airflow/.local/lib/python3.12/site-packages/airflow/example_dags/example_python_decorator.py
[2025-06-22T12:23:01.594+0000] {processor.py:914} INFO - Processing file /home/airflow/.local/lib/python3.12/site-packages/airflow/example_dags/example_python_decorator.py for tasks to queue
[2025-06-22T12:23:01.597+0000] {logging_mixin.py:190} INFO - [2025-06-22T12:23:01.597+0000] {dagbag.py:588} INFO - Filling up the DagBag from /home/airflow/.local/lib/python3.12/site-packages/airflow/example_dags/example_python_decorator.py
[2025-06-22T12:23:01.618+0000] {processor.py:925} INFO - DAG(s) 'example_python_decorator' retrieved from /home/airflow/.local/lib/python3.12/site-packages/airflow/example_dags/example_python_decorator.py
[2025-06-22T12:23:01.646+0000] {logging_mixin.py:190} INFO - [2025-06-22T12:23:01.646+0000] {dag.py:3239} INFO - Sync 1 DAGs
[2025-06-22T12:23:01.663+0000] {logging_mixin.py:190} INFO - [2025-06-22T12:23:01.663+0000] {dag.py:4180} INFO - Setting next_dagrun for example_python_decorator to None, run_after=None
[2025-06-22T12:23:01.687+0000] {processor.py:208} INFO - Processing /home/airflow/.local/lib/python3.12/site-packages/airflow/example_dags/example_python_decorator.py took 0.100 seconds
[2025-06-22T12:23:31.794+0000] {processor.py:186} INFO - Started process (PID=283) to work on /home/airflow/.local/lib/python3.12/site-packages/airflow/example_dags/example_python_decorator.py
[2025-06-22T12:23:31.795+0000] {processor.py:914} INFO - Processing file /home/airflow/.local/lib/python3.12/site-packages/airflow/example_dags/example_python_decorator.py for tasks to queue
[2025-06-22T12:23:31.797+0000] {logging_mixin.py:190} INFO - [2025-06-22T12:23:31.797+0000] {dagbag.py:588} INFO - Filling up the DagBag from /home/airflow/.local/lib/python3.12/site-packages/airflow/example_dags/example_python_decorator.py
[2025-06-22T12:23:31.812+0000] {processor.py:925} INFO - DAG(s) 'example_python_decorator' retrieved from /home/airflow/.local/lib/python3.12/site-packages/airflow/example_dags/example_python_decorator.py
[2025-06-22T12:23:31.831+0000] {logging_mixin.py:190} INFO - [2025-06-22T12:23:31.831+0000] {dag.py:3239} INFO - Sync 1 DAGs
[2025-06-22T12:23:31.845+0000] {logging_mixin.py:190} INFO - [2025-06-22T12:23:31.844+0000] {dag.py:4180} INFO - Setting next_dagrun for example_python_decorator to None, run_after=None
[2025-06-22T12:23:31.866+0000] {processor.py:208} INFO - Processing /home/airflow/.local/lib/python3.12/site-packages/airflow/example_dags/example_python_decorator.py took 0.078 seconds
[2025-06-22T12:27:18.493+0000] {processor.py:186} INFO - Started process (PID=76) to work on /home/airflow/.local/lib/python3.12/site-packages/airflow/example_dags/example_python_decorator.py
[2025-06-22T12:27:18.494+0000] {processor.py:914} INFO - Processing file /home/airflow/.local/lib/python3.12/site-packages/airflow/example_dags/example_python_decorator.py for tasks to queue
[2025-06-22T12:27:18.497+0000] {logging_mixin.py:190} INFO - [2025-06-22T12:27:18.497+0000] {dagbag.py:588} INFO - Filling up the DagBag from /home/airflow/.local/lib/python3.12/site-packages/airflow/example_dags/example_python_decorator.py
[2025-06-22T12:27:18.514+0000] {processor.py:925} INFO - DAG(s) 'example_python_decorator' retrieved from /home/airflow/.local/lib/python3.12/site-packages/airflow/example_dags/example_python_decorator.py
[2025-06-22T12:27:18.634+0000] {logging_mixin.py:190} INFO - [2025-06-22T12:27:18.633+0000] {dag.py:3239} INFO - Sync 1 DAGs
[2025-06-22T12:27:18.653+0000] {logging_mixin.py:190} INFO - [2025-06-22T12:27:18.652+0000] {dag.py:4180} INFO - Setting next_dagrun for example_python_decorator to None, run_after=None
[2025-06-22T12:27:18.680+0000] {processor.py:208} INFO - Processing /home/airflow/.local/lib/python3.12/site-packages/airflow/example_dags/example_python_decorator.py took 0.194 seconds
[2025-06-22T12:27:49.049+0000] {processor.py:186} INFO - Started process (PID=158) to work on /home/airflow/.local/lib/python3.12/site-packages/airflow/example_dags/example_python_decorator.py
[2025-06-22T12:27:49.049+0000] {processor.py:914} INFO - Processing file /home/airflow/.local/lib/python3.12/site-packages/airflow/example_dags/example_python_decorator.py for tasks to queue
[2025-06-22T12:27:49.052+0000] {logging_mixin.py:190} INFO - [2025-06-22T12:27:49.051+0000] {dagbag.py:588} INFO - Filling up the DagBag from /home/airflow/.local/lib/python3.12/site-packages/airflow/example_dags/example_python_decorator.py
[2025-06-22T12:27:49.065+0000] {processor.py:925} INFO - DAG(s) 'example_python_decorator' retrieved from /home/airflow/.local/lib/python3.12/site-packages/airflow/example_dags/example_python_decorator.py
[2025-06-22T12:27:49.084+0000] {logging_mixin.py:190} INFO - [2025-06-22T12:27:49.084+0000] {dag.py:3239} INFO - Sync 1 DAGs
[2025-06-22T12:27:49.098+0000] {logging_mixin.py:190} INFO - [2025-06-22T12:27:49.098+0000] {dag.py:4180} INFO - Setting next_dagrun for example_python_decorator to None, run_after=None
[2025-06-22T12:27:49.116+0000] {processor.py:208} INFO - Processing /home/airflow/.local/lib/python3.12/site-packages/airflow/example_dags/example_python_decorator.py took 0.074 seconds
[2025-06-22T12:28:19.761+0000] {processor.py:186} INFO - Started process (PID=234) to work on /home/airflow/.local/lib/python3.12/site-packages/airflow/example_dags/example_python_decorator.py
[2025-06-22T12:28:19.762+0000] {processor.py:914} INFO - Processing file /home/airflow/.local/lib/python3.12/site-packages/airflow/example_dags/example_python_decorator.py for tasks to queue
[2025-06-22T12:28:19.764+0000] {logging_mixin.py:190} INFO - [2025-06-22T12:28:19.764+0000] {dagbag.py:588} INFO - Filling up the DagBag from /home/airflow/.local/lib/python3.12/site-packages/airflow/example_dags/example_python_decorator.py
[2025-06-22T12:28:19.778+0000] {processor.py:925} INFO - DAG(s) 'example_python_decorator' retrieved from /home/airflow/.local/lib/python3.12/site-packages/airflow/example_dags/example_python_decorator.py
[2025-06-22T12:28:19.799+0000] {logging_mixin.py:190} INFO - [2025-06-22T12:28:19.799+0000] {dag.py:3239} INFO - Sync 1 DAGs
[2025-06-22T12:28:19.812+0000] {logging_mixin.py:190} INFO - [2025-06-22T12:28:19.812+0000] {dag.py:4180} INFO - Setting next_dagrun for example_python_decorator to None, run_after=None
[2025-06-22T12:28:19.831+0000] {processor.py:208} INFO - Processing /home/airflow/.local/lib/python3.12/site-packages/airflow/example_dags/example_python_decorator.py took 0.076 seconds
[2025-06-22T12:28:50.257+0000] {processor.py:186} INFO - Started process (PID=299) to work on /home/airflow/.local/lib/python3.12/site-packages/airflow/example_dags/example_python_decorator.py
[2025-06-22T12:28:50.258+0000] {processor.py:914} INFO - Processing file /home/airflow/.local/lib/python3.12/site-packages/airflow/example_dags/example_python_decorator.py for tasks to queue
[2025-06-22T12:28:50.260+0000] {logging_mixin.py:190} INFO - [2025-06-22T12:28:50.260+0000] {dagbag.py:588} INFO - Filling up the DagBag from /home/airflow/.local/lib/python3.12/site-packages/airflow/example_dags/example_python_decorator.py
[2025-06-22T12:28:50.276+0000] {processor.py:925} INFO - DAG(s) 'example_python_decorator' retrieved from /home/airflow/.local/lib/python3.12/site-packages/airflow/example_dags/example_python_decorator.py
[2025-06-22T12:28:50.299+0000] {logging_mixin.py:190} INFO - [2025-06-22T12:28:50.299+0000] {dag.py:3239} INFO - Sync 1 DAGs
[2025-06-22T12:28:50.314+0000] {logging_mixin.py:190} INFO - [2025-06-22T12:28:50.314+0000] {dag.py:4180} INFO - Setting next_dagrun for example_python_decorator to None, run_after=None
[2025-06-22T12:28:50.334+0000] {processor.py:208} INFO - Processing /home/airflow/.local/lib/python3.12/site-packages/airflow/example_dags/example_python_decorator.py took 0.085 seconds
[2025-06-22T12:29:21.034+0000] {processor.py:186} INFO - Started process (PID=368) to work on /home/airflow/.local/lib/python3.12/site-packages/airflow/example_dags/example_python_decorator.py
[2025-06-22T12:29:21.035+0000] {processor.py:914} INFO - Processing file /home/airflow/.local/lib/python3.12/site-packages/airflow/example_dags/example_python_decorator.py for tasks to queue
[2025-06-22T12:29:21.037+0000] {logging_mixin.py:190} INFO - [2025-06-22T12:29:21.037+0000] {dagbag.py:588} INFO - Filling up the DagBag from /home/airflow/.local/lib/python3.12/site-packages/airflow/example_dags/example_python_decorator.py
[2025-06-22T12:29:21.050+0000] {processor.py:925} INFO - DAG(s) 'example_python_decorator' retrieved from /home/airflow/.local/lib/python3.12/site-packages/airflow/example_dags/example_python_decorator.py
[2025-06-22T12:29:21.068+0000] {logging_mixin.py:190} INFO - [2025-06-22T12:29:21.068+0000] {dag.py:3239} INFO - Sync 1 DAGs
[2025-06-22T12:29:21.080+0000] {logging_mixin.py:190} INFO - [2025-06-22T12:29:21.080+0000] {dag.py:4180} INFO - Setting next_dagrun for example_python_decorator to None, run_after=None
[2025-06-22T12:29:21.098+0000] {processor.py:208} INFO - Processing /home/airflow/.local/lib/python3.12/site-packages/airflow/example_dags/example_python_decorator.py took 0.069 seconds
[2025-06-22T12:29:51.630+0000] {processor.py:186} INFO - Started process (PID=432) to work on /home/airflow/.local/lib/python3.12/site-packages/airflow/example_dags/example_python_decorator.py
[2025-06-22T12:29:51.631+0000] {processor.py:914} INFO - Processing file /home/airflow/.local/lib/python3.12/site-packages/airflow/example_dags/example_python_decorator.py for tasks to queue
[2025-06-22T12:29:51.633+0000] {logging_mixin.py:190} INFO - [2025-06-22T12:29:51.633+0000] {dagbag.py:588} INFO - Filling up the DagBag from /home/airflow/.local/lib/python3.12/site-packages/airflow/example_dags/example_python_decorator.py
[2025-06-22T12:29:51.646+0000] {processor.py:925} INFO - DAG(s) 'example_python_decorator' retrieved from /home/airflow/.local/lib/python3.12/site-packages/airflow/example_dags/example_python_decorator.py
[2025-06-22T12:29:51.664+0000] {logging_mixin.py:190} INFO - [2025-06-22T12:29:51.664+0000] {dag.py:3239} INFO - Sync 1 DAGs
[2025-06-22T12:29:51.676+0000] {logging_mixin.py:190} INFO - [2025-06-22T12:29:51.676+0000] {dag.py:4180} INFO - Setting next_dagrun for example_python_decorator to None, run_after=None
[2025-06-22T12:29:51.693+0000] {processor.py:208} INFO - Processing /home/airflow/.local/lib/python3.12/site-packages/airflow/example_dags/example_python_decorator.py took 0.067 seconds
[2025-06-22T12:30:22.182+0000] {processor.py:186} INFO - Started process (PID=502) to work on /home/airflow/.local/lib/python3.12/site-packages/airflow/example_dags/example_python_decorator.py
[2025-06-22T12:30:22.183+0000] {processor.py:914} INFO - Processing file /home/airflow/.local/lib/python3.12/site-packages/airflow/example_dags/example_python_decorator.py for tasks to queue
[2025-06-22T12:30:22.185+0000] {logging_mixin.py:190} INFO - [2025-06-22T12:30:22.185+0000] {dagbag.py:588} INFO - Filling up the DagBag from /home/airflow/.local/lib/python3.12/site-packages/airflow/example_dags/example_python_decorator.py
[2025-06-22T12:30:22.198+0000] {processor.py:925} INFO - DAG(s) 'example_python_decorator' retrieved from /home/airflow/.local/lib/python3.12/site-packages/airflow/example_dags/example_python_decorator.py
[2025-06-22T12:30:22.216+0000] {logging_mixin.py:190} INFO - [2025-06-22T12:30:22.216+0000] {dag.py:3239} INFO - Sync 1 DAGs
[2025-06-22T12:30:22.229+0000] {logging_mixin.py:190} INFO - [2025-06-22T12:30:22.228+0000] {dag.py:4180} INFO - Setting next_dagrun for example_python_decorator to None, run_after=None
[2025-06-22T12:30:22.245+0000] {processor.py:208} INFO - Processing /home/airflow/.local/lib/python3.12/site-packages/airflow/example_dags/example_python_decorator.py took 0.069 seconds
[2025-06-22T12:37:47.157+0000] {processor.py:186} INFO - Started process (PID=89) to work on /home/airflow/.local/lib/python3.12/site-packages/airflow/example_dags/example_python_decorator.py
[2025-06-22T12:37:47.158+0000] {processor.py:914} INFO - Processing file /home/airflow/.local/lib/python3.12/site-packages/airflow/example_dags/example_python_decorator.py for tasks to queue
[2025-06-22T12:37:47.161+0000] {logging_mixin.py:190} INFO - [2025-06-22T12:37:47.160+0000] {dagbag.py:588} INFO - Filling up the DagBag from /home/airflow/.local/lib/python3.12/site-packages/airflow/example_dags/example_python_decorator.py
[2025-06-22T12:37:47.185+0000] {processor.py:925} INFO - DAG(s) 'example_python_decorator' retrieved from /home/airflow/.local/lib/python3.12/site-packages/airflow/example_dags/example_python_decorator.py
[2025-06-22T12:37:47.299+0000] {logging_mixin.py:190} INFO - [2025-06-22T12:37:47.299+0000] {override.py:1912} INFO - Created Permission View: can delete on DAG:example_python_decorator
[2025-06-22T12:37:47.311+0000] {logging_mixin.py:190} INFO - [2025-06-22T12:37:47.311+0000] {override.py:1912} INFO - Created Permission View: can edit on DAG:example_python_decorator
[2025-06-22T12:37:47.317+0000] {logging_mixin.py:190} INFO - [2025-06-22T12:37:47.317+0000] {override.py:1912} INFO - Created Permission View: can read on DAG:example_python_decorator
[2025-06-22T12:37:47.328+0000] {logging_mixin.py:190} INFO - [2025-06-22T12:37:47.328+0000] {override.py:1912} INFO - Created Permission View: can delete on DAG Run:example_python_decorator
[2025-06-22T12:37:47.335+0000] {logging_mixin.py:190} INFO - [2025-06-22T12:37:47.335+0000] {override.py:1912} INFO - Created Permission View: can create on DAG Run:example_python_decorator
[2025-06-22T12:37:47.342+0000] {logging_mixin.py:190} INFO - [2025-06-22T12:37:47.342+0000] {override.py:1912} INFO - Created Permission View: menu access on DAG Run:example_python_decorator
[2025-06-22T12:37:47.349+0000] {logging_mixin.py:190} INFO - [2025-06-22T12:37:47.349+0000] {override.py:1912} INFO - Created Permission View: can read on DAG Run:example_python_decorator
[2025-06-22T12:37:47.350+0000] {logging_mixin.py:190} INFO - [2025-06-22T12:37:47.349+0000] {dag.py:3239} INFO - Sync 1 DAGs
[2025-06-22T12:37:47.362+0000] {logging_mixin.py:190} INFO - [2025-06-22T12:37:47.362+0000] {dag.py:3262} INFO - Creating ORM DAG for example_python_decorator
[2025-06-22T12:37:47.363+0000] {logging_mixin.py:190} INFO - [2025-06-22T12:37:47.363+0000] {dag.py:4180} INFO - Setting next_dagrun for example_python_decorator to None, run_after=None
[2025-06-22T12:37:47.384+0000] {processor.py:208} INFO - Processing /home/airflow/.local/lib/python3.12/site-packages/airflow/example_dags/example_python_decorator.py took 0.234 seconds
[2025-06-22T12:38:17.749+0000] {processor.py:186} INFO - Started process (PID=234) to work on /home/airflow/.local/lib/python3.12/site-packages/airflow/example_dags/example_python_decorator.py
[2025-06-22T12:38:17.750+0000] {processor.py:914} INFO - Processing file /home/airflow/.local/lib/python3.12/site-packages/airflow/example_dags/example_python_decorator.py for tasks to queue
[2025-06-22T12:38:17.753+0000] {logging_mixin.py:190} INFO - [2025-06-22T12:38:17.753+0000] {dagbag.py:588} INFO - Filling up the DagBag from /home/airflow/.local/lib/python3.12/site-packages/airflow/example_dags/example_python_decorator.py
[2025-06-22T12:38:17.773+0000] {processor.py:925} INFO - DAG(s) 'example_python_decorator' retrieved from /home/airflow/.local/lib/python3.12/site-packages/airflow/example_dags/example_python_decorator.py
[2025-06-22T12:38:17.795+0000] {logging_mixin.py:190} INFO - [2025-06-22T12:38:17.794+0000] {dag.py:3239} INFO - Sync 1 DAGs
[2025-06-22T12:38:17.811+0000] {logging_mixin.py:190} INFO - [2025-06-22T12:38:17.811+0000] {dag.py:4180} INFO - Setting next_dagrun for example_python_decorator to None, run_after=None
[2025-06-22T12:38:17.830+0000] {processor.py:208} INFO - Processing /home/airflow/.local/lib/python3.12/site-packages/airflow/example_dags/example_python_decorator.py took 0.089 seconds
[2025-06-22T12:38:48.180+0000] {processor.py:186} INFO - Started process (PID=298) to work on /home/airflow/.local/lib/python3.12/site-packages/airflow/example_dags/example_python_decorator.py
[2025-06-22T12:38:48.181+0000] {processor.py:914} INFO - Processing file /home/airflow/.local/lib/python3.12/site-packages/airflow/example_dags/example_python_decorator.py for tasks to queue
[2025-06-22T12:38:48.183+0000] {logging_mixin.py:190} INFO - [2025-06-22T12:38:48.183+0000] {dagbag.py:588} INFO - Filling up the DagBag from /home/airflow/.local/lib/python3.12/site-packages/airflow/example_dags/example_python_decorator.py
[2025-06-22T12:38:48.197+0000] {processor.py:925} INFO - DAG(s) 'example_python_decorator' retrieved from /home/airflow/.local/lib/python3.12/site-packages/airflow/example_dags/example_python_decorator.py
[2025-06-22T12:38:48.218+0000] {logging_mixin.py:190} INFO - [2025-06-22T12:38:48.217+0000] {dag.py:3239} INFO - Sync 1 DAGs
[2025-06-22T12:38:48.233+0000] {logging_mixin.py:190} INFO - [2025-06-22T12:38:48.232+0000] {dag.py:4180} INFO - Setting next_dagrun for example_python_decorator to None, run_after=None
[2025-06-22T12:38:48.251+0000] {processor.py:208} INFO - Processing /home/airflow/.local/lib/python3.12/site-packages/airflow/example_dags/example_python_decorator.py took 0.078 seconds
