[2025-06-22T12:22:34.625+0000] {processor.py:186} INFO - Started process (PID=109) to work on /home/airflow/.local/lib/python3.12/site-packages/airflow/example_dags/example_branch_datetime_operator.py
[2025-06-22T12:22:34.626+0000] {processor.py:914} INFO - Processing file /home/airflow/.local/lib/python3.12/site-packages/airflow/example_dags/example_branch_datetime_operator.py for tasks to queue
[2025-06-22T12:22:34.629+0000] {logging_mixin.py:190} INFO - [2025-06-22T12:22:34.629+0000] {dagbag.py:588} INFO - Filling up the DagBag from /home/airflow/.local/lib/python3.12/site-packages/airflow/example_dags/example_branch_datetime_operator.py
[2025-06-22T12:22:34.646+0000] {processor.py:925} INFO - DAG(s) 'example_branch_datetime_operator_2', 'example_branch_datetime_operator_3', 'example_branch_datetime_operator' retrieved from /home/airflow/.local/lib/python3.12/site-packages/airflow/example_dags/example_branch_datetime_operator.py
[2025-06-22T12:22:34.789+0000] {logging_mixin.py:190} INFO - [2025-06-22T12:22:34.788+0000] {override.py:1912} INFO - Created Permission View: can read on DAG:example_branch_datetime_operator_2
[2025-06-22T12:22:34.809+0000] {logging_mixin.py:190} INFO - [2025-06-22T12:22:34.808+0000] {override.py:1912} INFO - Created Permission View: can edit on DAG:example_branch_datetime_operator_2
[2025-06-22T12:22:34.824+0000] {logging_mixin.py:190} INFO - [2025-06-22T12:22:34.823+0000] {override.py:1912} INFO - Created Permission View: can delete on DAG:example_branch_datetime_operator_2
[2025-06-22T12:22:34.840+0000] {logging_mixin.py:190} INFO - [2025-06-22T12:22:34.839+0000] {override.py:1912} INFO - Created Permission View: can read on DAG Run:example_branch_datetime_operator_2
[2025-06-22T12:22:34.851+0000] {logging_mixin.py:190} INFO - [2025-06-22T12:22:34.851+0000] {override.py:1912} INFO - Created Permission View: can create on DAG Run:example_branch_datetime_operator_2
[2025-06-22T12:22:34.867+0000] {logging_mixin.py:190} INFO - [2025-06-22T12:22:34.867+0000] {override.py:1912} INFO - Created Permission View: can delete on DAG Run:example_branch_datetime_operator_2
[2025-06-22T12:22:34.880+0000] {logging_mixin.py:190} INFO - [2025-06-22T12:22:34.880+0000] {override.py:1912} INFO - Created Permission View: menu access on DAG Run:example_branch_datetime_operator_2
[2025-06-22T12:22:34.905+0000] {logging_mixin.py:190} INFO - [2025-06-22T12:22:34.904+0000] {override.py:1912} INFO - Created Permission View: can read on DAG:example_branch_datetime_operator_3
[2025-06-22T12:22:34.919+0000] {logging_mixin.py:190} INFO - [2025-06-22T12:22:34.918+0000] {override.py:1912} INFO - Created Permission View: can edit on DAG:example_branch_datetime_operator_3
[2025-06-22T12:22:34.931+0000] {logging_mixin.py:190} INFO - [2025-06-22T12:22:34.931+0000] {override.py:1912} INFO - Created Permission View: can delete on DAG:example_branch_datetime_operator_3
[2025-06-22T12:22:34.949+0000] {logging_mixin.py:190} INFO - [2025-06-22T12:22:34.949+0000] {override.py:1912} INFO - Created Permission View: can read on DAG Run:example_branch_datetime_operator_3
[2025-06-22T12:22:34.960+0000] {logging_mixin.py:190} INFO - [2025-06-22T12:22:34.960+0000] {override.py:1912} INFO - Created Permission View: can create on DAG Run:example_branch_datetime_operator_3
[2025-06-22T12:22:34.972+0000] {logging_mixin.py:190} INFO - [2025-06-22T12:22:34.971+0000] {override.py:1912} INFO - Created Permission View: can delete on DAG Run:example_branch_datetime_operator_3
[2025-06-22T12:22:34.984+0000] {logging_mixin.py:190} INFO - [2025-06-22T12:22:34.983+0000] {override.py:1912} INFO - Created Permission View: menu access on DAG Run:example_branch_datetime_operator_3
[2025-06-22T12:22:35.006+0000] {logging_mixin.py:190} INFO - [2025-06-22T12:22:35.006+0000] {override.py:1912} INFO - Created Permission View: can read on DAG:example_branch_datetime_operator
[2025-06-22T12:22:35.017+0000] {logging_mixin.py:190} INFO - [2025-06-22T12:22:35.017+0000] {override.py:1912} INFO - Created Permission View: can edit on DAG:example_branch_datetime_operator
[2025-06-22T12:22:35.028+0000] {logging_mixin.py:190} INFO - [2025-06-22T12:22:35.028+0000] {override.py:1912} INFO - Created Permission View: can delete on DAG:example_branch_datetime_operator
[2025-06-22T12:22:35.041+0000] {logging_mixin.py:190} INFO - [2025-06-22T12:22:35.041+0000] {override.py:1912} INFO - Created Permission View: can read on DAG Run:example_branch_datetime_operator
[2025-06-22T12:22:35.051+0000] {logging_mixin.py:190} INFO - [2025-06-22T12:22:35.050+0000] {override.py:1912} INFO - Created Permission View: can create on DAG Run:example_branch_datetime_operator
[2025-06-22T12:22:35.061+0000] {logging_mixin.py:190} INFO - [2025-06-22T12:22:35.060+0000] {override.py:1912} INFO - Created Permission View: can delete on DAG Run:example_branch_datetime_operator
[2025-06-22T12:22:35.071+0000] {logging_mixin.py:190} INFO - [2025-06-22T12:22:35.071+0000] {override.py:1912} INFO - Created Permission View: menu access on DAG Run:example_branch_datetime_operator
[2025-06-22T12:22:35.072+0000] {logging_mixin.py:190} INFO - [2025-06-22T12:22:35.072+0000] {dag.py:3239} INFO - Sync 3 DAGs
[2025-06-22T12:22:35.086+0000] {logging_mixin.py:190} INFO - [2025-06-22T12:22:35.086+0000] {dag.py:3262} INFO - Creating ORM DAG for example_branch_datetime_operator_3
[2025-06-22T12:22:35.088+0000] {logging_mixin.py:190} INFO - [2025-06-22T12:22:35.087+0000] {dag.py:3262} INFO - Creating ORM DAG for example_branch_datetime_operator_2
[2025-06-22T12:22:35.089+0000] {logging_mixin.py:190} INFO - [2025-06-22T12:22:35.088+0000] {dag.py:3262} INFO - Creating ORM DAG for example_branch_datetime_operator
[2025-06-22T12:22:35.101+0000] {logging_mixin.py:190} INFO - [2025-06-22T12:22:35.100+0000] {dag.py:4180} INFO - Setting next_dagrun for example_branch_datetime_operator to 2025-06-21 00:00:00+00:00, run_after=2025-06-22 00:00:00+00:00
[2025-06-22T12:22:35.103+0000] {logging_mixin.py:190} INFO - [2025-06-22T12:22:35.102+0000] {dag.py:4180} INFO - Setting next_dagrun for example_branch_datetime_operator_2 to 2025-06-21 00:00:00+00:00, run_after=2025-06-22 00:00:00+00:00
[2025-06-22T12:22:35.105+0000] {logging_mixin.py:190} INFO - [2025-06-22T12:22:35.105+0000] {dag.py:4180} INFO - Setting next_dagrun for example_branch_datetime_operator_3 to 2025-06-21 00:00:00+00:00, run_after=2025-06-22 00:00:00+00:00
[2025-06-22T12:22:35.126+0000] {processor.py:208} INFO - Processing /home/airflow/.local/lib/python3.12/site-packages/airflow/example_dags/example_branch_datetime_operator.py took 0.507 seconds
[2025-06-22T12:23:05.207+0000] {processor.py:186} INFO - Started process (PID=233) to work on /home/airflow/.local/lib/python3.12/site-packages/airflow/example_dags/example_branch_datetime_operator.py
[2025-06-22T12:23:05.208+0000] {processor.py:914} INFO - Processing file /home/airflow/.local/lib/python3.12/site-packages/airflow/example_dags/example_branch_datetime_operator.py for tasks to queue
[2025-06-22T12:23:05.210+0000] {logging_mixin.py:190} INFO - [2025-06-22T12:23:05.210+0000] {dagbag.py:588} INFO - Filling up the DagBag from /home/airflow/.local/lib/python3.12/site-packages/airflow/example_dags/example_branch_datetime_operator.py
[2025-06-22T12:23:05.222+0000] {processor.py:925} INFO - DAG(s) 'example_branch_datetime_operator_2', 'example_branch_datetime_operator_3', 'example_branch_datetime_operator' retrieved from /home/airflow/.local/lib/python3.12/site-packages/airflow/example_dags/example_branch_datetime_operator.py
[2025-06-22T12:23:05.245+0000] {logging_mixin.py:190} INFO - [2025-06-22T12:23:05.245+0000] {dag.py:3239} INFO - Sync 3 DAGs
[2025-06-22T12:23:05.279+0000] {logging_mixin.py:190} INFO - [2025-06-22T12:23:05.278+0000] {dag.py:4180} INFO - Setting next_dagrun for example_branch_datetime_operator to 2025-06-22 00:00:00+00:00, run_after=2025-06-23 00:00:00+00:00
[2025-06-22T12:23:05.287+0000] {logging_mixin.py:190} INFO - [2025-06-22T12:23:05.286+0000] {dag.py:4180} INFO - Setting next_dagrun for example_branch_datetime_operator_2 to 2025-06-22 00:00:00+00:00, run_after=2025-06-23 00:00:00+00:00
[2025-06-22T12:23:05.292+0000] {logging_mixin.py:190} INFO - [2025-06-22T12:23:05.292+0000] {dag.py:4180} INFO - Setting next_dagrun for example_branch_datetime_operator_3 to 2025-06-22 00:00:00+00:00, run_after=2025-06-23 00:00:00+00:00
[2025-06-22T12:23:05.322+0000] {processor.py:208} INFO - Processing /home/airflow/.local/lib/python3.12/site-packages/airflow/example_dags/example_branch_datetime_operator.py took 0.121 seconds
[2025-06-22T12:27:19.682+0000] {processor.py:186} INFO - Started process (PID=103) to work on /home/airflow/.local/lib/python3.12/site-packages/airflow/example_dags/example_branch_datetime_operator.py
[2025-06-22T12:27:19.684+0000] {processor.py:914} INFO - Processing file /home/airflow/.local/lib/python3.12/site-packages/airflow/example_dags/example_branch_datetime_operator.py for tasks to queue
[2025-06-22T12:27:19.687+0000] {logging_mixin.py:190} INFO - [2025-06-22T12:27:19.686+0000] {dagbag.py:588} INFO - Filling up the DagBag from /home/airflow/.local/lib/python3.12/site-packages/airflow/example_dags/example_branch_datetime_operator.py
[2025-06-22T12:27:19.705+0000] {processor.py:925} INFO - DAG(s) 'example_branch_datetime_operator_2', 'example_branch_datetime_operator', 'example_branch_datetime_operator_3' retrieved from /home/airflow/.local/lib/python3.12/site-packages/airflow/example_dags/example_branch_datetime_operator.py
[2025-06-22T12:27:19.741+0000] {logging_mixin.py:190} INFO - [2025-06-22T12:27:19.740+0000] {dag.py:3239} INFO - Sync 3 DAGs
[2025-06-22T12:27:19.776+0000] {logging_mixin.py:190} INFO - [2025-06-22T12:27:19.776+0000] {dag.py:4180} INFO - Setting next_dagrun for example_branch_datetime_operator to 2025-06-22 00:00:00+00:00, run_after=2025-06-23 00:00:00+00:00
[2025-06-22T12:27:19.782+0000] {logging_mixin.py:190} INFO - [2025-06-22T12:27:19.782+0000] {dag.py:4180} INFO - Setting next_dagrun for example_branch_datetime_operator_2 to 2025-06-22 00:00:00+00:00, run_after=2025-06-23 00:00:00+00:00
[2025-06-22T12:27:19.785+0000] {logging_mixin.py:190} INFO - [2025-06-22T12:27:19.785+0000] {dag.py:4180} INFO - Setting next_dagrun for example_branch_datetime_operator_3 to 2025-06-22 00:00:00+00:00, run_after=2025-06-23 00:00:00+00:00
[2025-06-22T12:27:19.801+0000] {processor.py:208} INFO - Processing /home/airflow/.local/lib/python3.12/site-packages/airflow/example_dags/example_branch_datetime_operator.py took 0.127 seconds
[2025-06-22T12:27:50.049+0000] {processor.py:186} INFO - Started process (PID=175) to work on /home/airflow/.local/lib/python3.12/site-packages/airflow/example_dags/example_branch_datetime_operator.py
[2025-06-22T12:27:50.050+0000] {processor.py:914} INFO - Processing file /home/airflow/.local/lib/python3.12/site-packages/airflow/example_dags/example_branch_datetime_operator.py for tasks to queue
[2025-06-22T12:27:50.052+0000] {logging_mixin.py:190} INFO - [2025-06-22T12:27:50.052+0000] {dagbag.py:588} INFO - Filling up the DagBag from /home/airflow/.local/lib/python3.12/site-packages/airflow/example_dags/example_branch_datetime_operator.py
[2025-06-22T12:27:50.063+0000] {processor.py:925} INFO - DAG(s) 'example_branch_datetime_operator_2', 'example_branch_datetime_operator', 'example_branch_datetime_operator_3' retrieved from /home/airflow/.local/lib/python3.12/site-packages/airflow/example_dags/example_branch_datetime_operator.py
[2025-06-22T12:27:50.090+0000] {logging_mixin.py:190} INFO - [2025-06-22T12:27:50.090+0000] {dag.py:3239} INFO - Sync 3 DAGs
[2025-06-22T12:27:50.120+0000] {logging_mixin.py:190} INFO - [2025-06-22T12:27:50.120+0000] {dag.py:4180} INFO - Setting next_dagrun for example_branch_datetime_operator to 2025-06-22 00:00:00+00:00, run_after=2025-06-23 00:00:00+00:00
[2025-06-22T12:27:50.128+0000] {logging_mixin.py:190} INFO - [2025-06-22T12:27:50.128+0000] {dag.py:4180} INFO - Setting next_dagrun for example_branch_datetime_operator_2 to 2025-06-22 00:00:00+00:00, run_after=2025-06-23 00:00:00+00:00
[2025-06-22T12:27:50.131+0000] {logging_mixin.py:190} INFO - [2025-06-22T12:27:50.131+0000] {dag.py:4180} INFO - Setting next_dagrun for example_branch_datetime_operator_3 to 2025-06-22 00:00:00+00:00, run_after=2025-06-23 00:00:00+00:00
[2025-06-22T12:27:50.152+0000] {processor.py:208} INFO - Processing /home/airflow/.local/lib/python3.12/site-packages/airflow/example_dags/example_branch_datetime_operator.py took 0.109 seconds
[2025-06-22T12:28:20.375+0000] {processor.py:186} INFO - Started process (PID=245) to work on /home/airflow/.local/lib/python3.12/site-packages/airflow/example_dags/example_branch_datetime_operator.py
[2025-06-22T12:28:20.376+0000] {processor.py:914} INFO - Processing file /home/airflow/.local/lib/python3.12/site-packages/airflow/example_dags/example_branch_datetime_operator.py for tasks to queue
[2025-06-22T12:28:20.379+0000] {logging_mixin.py:190} INFO - [2025-06-22T12:28:20.379+0000] {dagbag.py:588} INFO - Filling up the DagBag from /home/airflow/.local/lib/python3.12/site-packages/airflow/example_dags/example_branch_datetime_operator.py
[2025-06-22T12:28:20.391+0000] {processor.py:925} INFO - DAG(s) 'example_branch_datetime_operator_3', 'example_branch_datetime_operator', 'example_branch_datetime_operator_2' retrieved from /home/airflow/.local/lib/python3.12/site-packages/airflow/example_dags/example_branch_datetime_operator.py
[2025-06-22T12:28:20.414+0000] {logging_mixin.py:190} INFO - [2025-06-22T12:28:20.414+0000] {dag.py:3239} INFO - Sync 3 DAGs
[2025-06-22T12:28:20.435+0000] {logging_mixin.py:190} INFO - [2025-06-22T12:28:20.435+0000] {dag.py:4180} INFO - Setting next_dagrun for example_branch_datetime_operator to 2025-06-22 00:00:00+00:00, run_after=2025-06-23 00:00:00+00:00
[2025-06-22T12:28:20.440+0000] {logging_mixin.py:190} INFO - [2025-06-22T12:28:20.440+0000] {dag.py:4180} INFO - Setting next_dagrun for example_branch_datetime_operator_2 to 2025-06-22 00:00:00+00:00, run_after=2025-06-23 00:00:00+00:00
[2025-06-22T12:28:20.442+0000] {logging_mixin.py:190} INFO - [2025-06-22T12:28:20.442+0000] {dag.py:4180} INFO - Setting next_dagrun for example_branch_datetime_operator_3 to 2025-06-22 00:00:00+00:00, run_after=2025-06-23 00:00:00+00:00
[2025-06-22T12:28:20.457+0000] {processor.py:208} INFO - Processing /home/airflow/.local/lib/python3.12/site-packages/airflow/example_dags/example_branch_datetime_operator.py took 0.087 seconds
[2025-06-22T12:28:50.783+0000] {processor.py:186} INFO - Started process (PID=309) to work on /home/airflow/.local/lib/python3.12/site-packages/airflow/example_dags/example_branch_datetime_operator.py
[2025-06-22T12:28:50.785+0000] {processor.py:914} INFO - Processing file /home/airflow/.local/lib/python3.12/site-packages/airflow/example_dags/example_branch_datetime_operator.py for tasks to queue
[2025-06-22T12:28:50.788+0000] {logging_mixin.py:190} INFO - [2025-06-22T12:28:50.787+0000] {dagbag.py:588} INFO - Filling up the DagBag from /home/airflow/.local/lib/python3.12/site-packages/airflow/example_dags/example_branch_datetime_operator.py
[2025-06-22T12:28:50.799+0000] {processor.py:925} INFO - DAG(s) 'example_branch_datetime_operator_3', 'example_branch_datetime_operator_2', 'example_branch_datetime_operator' retrieved from /home/airflow/.local/lib/python3.12/site-packages/airflow/example_dags/example_branch_datetime_operator.py
[2025-06-22T12:28:50.820+0000] {logging_mixin.py:190} INFO - [2025-06-22T12:28:50.820+0000] {dag.py:3239} INFO - Sync 3 DAGs
[2025-06-22T12:28:50.841+0000] {logging_mixin.py:190} INFO - [2025-06-22T12:28:50.841+0000] {dag.py:4180} INFO - Setting next_dagrun for example_branch_datetime_operator to 2025-06-22 00:00:00+00:00, run_after=2025-06-23 00:00:00+00:00
[2025-06-22T12:28:50.846+0000] {logging_mixin.py:190} INFO - [2025-06-22T12:28:50.846+0000] {dag.py:4180} INFO - Setting next_dagrun for example_branch_datetime_operator_2 to 2025-06-22 00:00:00+00:00, run_after=2025-06-23 00:00:00+00:00
[2025-06-22T12:28:50.848+0000] {logging_mixin.py:190} INFO - [2025-06-22T12:28:50.848+0000] {dag.py:4180} INFO - Setting next_dagrun for example_branch_datetime_operator_3 to 2025-06-22 00:00:00+00:00, run_after=2025-06-23 00:00:00+00:00
[2025-06-22T12:28:50.865+0000] {processor.py:208} INFO - Processing /home/airflow/.local/lib/python3.12/site-packages/airflow/example_dags/example_branch_datetime_operator.py took 0.089 seconds
[2025-06-22T12:29:21.558+0000] {processor.py:186} INFO - Started process (PID=378) to work on /home/airflow/.local/lib/python3.12/site-packages/airflow/example_dags/example_branch_datetime_operator.py
[2025-06-22T12:29:21.559+0000] {processor.py:914} INFO - Processing file /home/airflow/.local/lib/python3.12/site-packages/airflow/example_dags/example_branch_datetime_operator.py for tasks to queue
[2025-06-22T12:29:21.561+0000] {logging_mixin.py:190} INFO - [2025-06-22T12:29:21.561+0000] {dagbag.py:588} INFO - Filling up the DagBag from /home/airflow/.local/lib/python3.12/site-packages/airflow/example_dags/example_branch_datetime_operator.py
[2025-06-22T12:29:21.572+0000] {processor.py:925} INFO - DAG(s) 'example_branch_datetime_operator', 'example_branch_datetime_operator_3', 'example_branch_datetime_operator_2' retrieved from /home/airflow/.local/lib/python3.12/site-packages/airflow/example_dags/example_branch_datetime_operator.py
[2025-06-22T12:29:21.592+0000] {logging_mixin.py:190} INFO - [2025-06-22T12:29:21.592+0000] {dag.py:3239} INFO - Sync 3 DAGs
[2025-06-22T12:29:21.614+0000] {logging_mixin.py:190} INFO - [2025-06-22T12:29:21.614+0000] {dag.py:4180} INFO - Setting next_dagrun for example_branch_datetime_operator to 2025-06-22 00:00:00+00:00, run_after=2025-06-23 00:00:00+00:00
[2025-06-22T12:29:21.618+0000] {logging_mixin.py:190} INFO - [2025-06-22T12:29:21.618+0000] {dag.py:4180} INFO - Setting next_dagrun for example_branch_datetime_operator_2 to 2025-06-22 00:00:00+00:00, run_after=2025-06-23 00:00:00+00:00
[2025-06-22T12:29:21.621+0000] {logging_mixin.py:190} INFO - [2025-06-22T12:29:21.621+0000] {dag.py:4180} INFO - Setting next_dagrun for example_branch_datetime_operator_3 to 2025-06-22 00:00:00+00:00, run_after=2025-06-23 00:00:00+00:00
[2025-06-22T12:29:21.637+0000] {processor.py:208} INFO - Processing /home/airflow/.local/lib/python3.12/site-packages/airflow/example_dags/example_branch_datetime_operator.py took 0.086 seconds
[2025-06-22T12:29:52.121+0000] {processor.py:186} INFO - Started process (PID=442) to work on /home/airflow/.local/lib/python3.12/site-packages/airflow/example_dags/example_branch_datetime_operator.py
[2025-06-22T12:29:52.122+0000] {processor.py:914} INFO - Processing file /home/airflow/.local/lib/python3.12/site-packages/airflow/example_dags/example_branch_datetime_operator.py for tasks to queue
[2025-06-22T12:29:52.124+0000] {logging_mixin.py:190} INFO - [2025-06-22T12:29:52.123+0000] {dagbag.py:588} INFO - Filling up the DagBag from /home/airflow/.local/lib/python3.12/site-packages/airflow/example_dags/example_branch_datetime_operator.py
[2025-06-22T12:29:52.135+0000] {processor.py:925} INFO - DAG(s) 'example_branch_datetime_operator_2', 'example_branch_datetime_operator', 'example_branch_datetime_operator_3' retrieved from /home/airflow/.local/lib/python3.12/site-packages/airflow/example_dags/example_branch_datetime_operator.py
[2025-06-22T12:29:52.158+0000] {logging_mixin.py:190} INFO - [2025-06-22T12:29:52.157+0000] {dag.py:3239} INFO - Sync 3 DAGs
[2025-06-22T12:29:52.178+0000] {logging_mixin.py:190} INFO - [2025-06-22T12:29:52.178+0000] {dag.py:4180} INFO - Setting next_dagrun for example_branch_datetime_operator to 2025-06-22 00:00:00+00:00, run_after=2025-06-23 00:00:00+00:00
[2025-06-22T12:29:52.183+0000] {logging_mixin.py:190} INFO - [2025-06-22T12:29:52.183+0000] {dag.py:4180} INFO - Setting next_dagrun for example_branch_datetime_operator_2 to 2025-06-22 00:00:00+00:00, run_after=2025-06-23 00:00:00+00:00
[2025-06-22T12:29:52.185+0000] {logging_mixin.py:190} INFO - [2025-06-22T12:29:52.185+0000] {dag.py:4180} INFO - Setting next_dagrun for example_branch_datetime_operator_3 to 2025-06-22 00:00:00+00:00, run_after=2025-06-23 00:00:00+00:00
[2025-06-22T12:29:52.202+0000] {processor.py:208} INFO - Processing /home/airflow/.local/lib/python3.12/site-packages/airflow/example_dags/example_branch_datetime_operator.py took 0.086 seconds
[2025-06-22T12:30:22.717+0000] {processor.py:186} INFO - Started process (PID=512) to work on /home/airflow/.local/lib/python3.12/site-packages/airflow/example_dags/example_branch_datetime_operator.py
[2025-06-22T12:30:22.717+0000] {processor.py:914} INFO - Processing file /home/airflow/.local/lib/python3.12/site-packages/airflow/example_dags/example_branch_datetime_operator.py for tasks to queue
[2025-06-22T12:30:22.720+0000] {logging_mixin.py:190} INFO - [2025-06-22T12:30:22.720+0000] {dagbag.py:588} INFO - Filling up the DagBag from /home/airflow/.local/lib/python3.12/site-packages/airflow/example_dags/example_branch_datetime_operator.py
[2025-06-22T12:30:22.731+0000] {processor.py:925} INFO - DAG(s) 'example_branch_datetime_operator_3', 'example_branch_datetime_operator_2', 'example_branch_datetime_operator' retrieved from /home/airflow/.local/lib/python3.12/site-packages/airflow/example_dags/example_branch_datetime_operator.py
[2025-06-22T12:30:22.755+0000] {logging_mixin.py:190} INFO - [2025-06-22T12:30:22.755+0000] {dag.py:3239} INFO - Sync 3 DAGs
[2025-06-22T12:30:22.779+0000] {logging_mixin.py:190} INFO - [2025-06-22T12:30:22.779+0000] {dag.py:4180} INFO - Setting next_dagrun for example_branch_datetime_operator to 2025-06-22 00:00:00+00:00, run_after=2025-06-23 00:00:00+00:00
[2025-06-22T12:30:22.784+0000] {logging_mixin.py:190} INFO - [2025-06-22T12:30:22.784+0000] {dag.py:4180} INFO - Setting next_dagrun for example_branch_datetime_operator_2 to 2025-06-22 00:00:00+00:00, run_after=2025-06-23 00:00:00+00:00
[2025-06-22T12:30:22.788+0000] {logging_mixin.py:190} INFO - [2025-06-22T12:30:22.787+0000] {dag.py:4180} INFO - Setting next_dagrun for example_branch_datetime_operator_3 to 2025-06-22 00:00:00+00:00, run_after=2025-06-23 00:00:00+00:00
[2025-06-22T12:30:22.805+0000] {processor.py:208} INFO - Processing /home/airflow/.local/lib/python3.12/site-packages/airflow/example_dags/example_branch_datetime_operator.py took 0.094 seconds
[2025-06-22T12:37:50.256+0000] {processor.py:186} INFO - Started process (PID=111) to work on /home/airflow/.local/lib/python3.12/site-packages/airflow/example_dags/example_branch_datetime_operator.py
[2025-06-22T12:37:50.257+0000] {processor.py:914} INFO - Processing file /home/airflow/.local/lib/python3.12/site-packages/airflow/example_dags/example_branch_datetime_operator.py for tasks to queue
[2025-06-22T12:37:50.260+0000] {logging_mixin.py:190} INFO - [2025-06-22T12:37:50.260+0000] {dagbag.py:588} INFO - Filling up the DagBag from /home/airflow/.local/lib/python3.12/site-packages/airflow/example_dags/example_branch_datetime_operator.py
[2025-06-22T12:37:50.275+0000] {processor.py:925} INFO - DAG(s) 'example_branch_datetime_operator_2', 'example_branch_datetime_operator_3', 'example_branch_datetime_operator' retrieved from /home/airflow/.local/lib/python3.12/site-packages/airflow/example_dags/example_branch_datetime_operator.py
[2025-06-22T12:37:50.413+0000] {logging_mixin.py:190} INFO - [2025-06-22T12:37:50.412+0000] {override.py:1912} INFO - Created Permission View: can delete on DAG:example_branch_datetime_operator_2
[2025-06-22T12:37:50.425+0000] {logging_mixin.py:190} INFO - [2025-06-22T12:37:50.424+0000] {override.py:1912} INFO - Created Permission View: can edit on DAG:example_branch_datetime_operator_2
[2025-06-22T12:37:50.433+0000] {logging_mixin.py:190} INFO - [2025-06-22T12:37:50.433+0000] {override.py:1912} INFO - Created Permission View: can read on DAG:example_branch_datetime_operator_2
[2025-06-22T12:37:50.445+0000] {logging_mixin.py:190} INFO - [2025-06-22T12:37:50.445+0000] {override.py:1912} INFO - Created Permission View: can delete on DAG Run:example_branch_datetime_operator_2
[2025-06-22T12:37:50.453+0000] {logging_mixin.py:190} INFO - [2025-06-22T12:37:50.452+0000] {override.py:1912} INFO - Created Permission View: can create on DAG Run:example_branch_datetime_operator_2
[2025-06-22T12:37:50.461+0000] {logging_mixin.py:190} INFO - [2025-06-22T12:37:50.461+0000] {override.py:1912} INFO - Created Permission View: menu access on DAG Run:example_branch_datetime_operator_2
[2025-06-22T12:37:50.470+0000] {logging_mixin.py:190} INFO - [2025-06-22T12:37:50.470+0000] {override.py:1912} INFO - Created Permission View: can read on DAG Run:example_branch_datetime_operator_2
[2025-06-22T12:37:50.485+0000] {logging_mixin.py:190} INFO - [2025-06-22T12:37:50.485+0000] {override.py:1912} INFO - Created Permission View: can delete on DAG:example_branch_datetime_operator_3
[2025-06-22T12:37:50.492+0000] {logging_mixin.py:190} INFO - [2025-06-22T12:37:50.492+0000] {override.py:1912} INFO - Created Permission View: can edit on DAG:example_branch_datetime_operator_3
[2025-06-22T12:37:50.499+0000] {logging_mixin.py:190} INFO - [2025-06-22T12:37:50.499+0000] {override.py:1912} INFO - Created Permission View: can read on DAG:example_branch_datetime_operator_3
[2025-06-22T12:37:50.509+0000] {logging_mixin.py:190} INFO - [2025-06-22T12:37:50.509+0000] {override.py:1912} INFO - Created Permission View: can delete on DAG Run:example_branch_datetime_operator_3
[2025-06-22T12:37:50.518+0000] {logging_mixin.py:190} INFO - [2025-06-22T12:37:50.517+0000] {override.py:1912} INFO - Created Permission View: can create on DAG Run:example_branch_datetime_operator_3
[2025-06-22T12:37:50.526+0000] {logging_mixin.py:190} INFO - [2025-06-22T12:37:50.526+0000] {override.py:1912} INFO - Created Permission View: menu access on DAG Run:example_branch_datetime_operator_3
[2025-06-22T12:37:50.533+0000] {logging_mixin.py:190} INFO - [2025-06-22T12:37:50.533+0000] {override.py:1912} INFO - Created Permission View: can read on DAG Run:example_branch_datetime_operator_3
[2025-06-22T12:37:50.551+0000] {logging_mixin.py:190} INFO - [2025-06-22T12:37:50.550+0000] {override.py:1912} INFO - Created Permission View: can delete on DAG:example_branch_datetime_operator
[2025-06-22T12:37:50.560+0000] {logging_mixin.py:190} INFO - [2025-06-22T12:37:50.560+0000] {override.py:1912} INFO - Created Permission View: can edit on DAG:example_branch_datetime_operator
[2025-06-22T12:37:50.568+0000] {logging_mixin.py:190} INFO - [2025-06-22T12:37:50.568+0000] {override.py:1912} INFO - Created Permission View: can read on DAG:example_branch_datetime_operator
[2025-06-22T12:37:50.580+0000] {logging_mixin.py:190} INFO - [2025-06-22T12:37:50.580+0000] {override.py:1912} INFO - Created Permission View: can delete on DAG Run:example_branch_datetime_operator
[2025-06-22T12:37:50.587+0000] {logging_mixin.py:190} INFO - [2025-06-22T12:37:50.587+0000] {override.py:1912} INFO - Created Permission View: can create on DAG Run:example_branch_datetime_operator
[2025-06-22T12:37:50.597+0000] {logging_mixin.py:190} INFO - [2025-06-22T12:37:50.596+0000] {override.py:1912} INFO - Created Permission View: menu access on DAG Run:example_branch_datetime_operator
[2025-06-22T12:37:50.607+0000] {logging_mixin.py:190} INFO - [2025-06-22T12:37:50.607+0000] {override.py:1912} INFO - Created Permission View: can read on DAG Run:example_branch_datetime_operator
[2025-06-22T12:37:50.609+0000] {logging_mixin.py:190} INFO - [2025-06-22T12:37:50.608+0000] {dag.py:3239} INFO - Sync 3 DAGs
[2025-06-22T12:37:50.622+0000] {logging_mixin.py:190} INFO - [2025-06-22T12:37:50.621+0000] {dag.py:3262} INFO - Creating ORM DAG for example_branch_datetime_operator
[2025-06-22T12:37:50.623+0000] {logging_mixin.py:190} INFO - [2025-06-22T12:37:50.623+0000] {dag.py:3262} INFO - Creating ORM DAG for example_branch_datetime_operator_2
[2025-06-22T12:37:50.624+0000] {logging_mixin.py:190} INFO - [2025-06-22T12:37:50.623+0000] {dag.py:3262} INFO - Creating ORM DAG for example_branch_datetime_operator_3
[2025-06-22T12:37:50.636+0000] {logging_mixin.py:190} INFO - [2025-06-22T12:37:50.635+0000] {dag.py:4180} INFO - Setting next_dagrun for example_branch_datetime_operator to 2025-06-21 00:00:00+00:00, run_after=2025-06-22 00:00:00+00:00
[2025-06-22T12:37:50.638+0000] {logging_mixin.py:190} INFO - [2025-06-22T12:37:50.637+0000] {dag.py:4180} INFO - Setting next_dagrun for example_branch_datetime_operator_2 to 2025-06-21 00:00:00+00:00, run_after=2025-06-22 00:00:00+00:00
[2025-06-22T12:37:50.639+0000] {logging_mixin.py:190} INFO - [2025-06-22T12:37:50.639+0000] {dag.py:4180} INFO - Setting next_dagrun for example_branch_datetime_operator_3 to 2025-06-21 00:00:00+00:00, run_after=2025-06-22 00:00:00+00:00
[2025-06-22T12:37:50.659+0000] {processor.py:208} INFO - Processing /home/airflow/.local/lib/python3.12/site-packages/airflow/example_dags/example_branch_datetime_operator.py took 0.409 seconds
[2025-06-22T12:38:21.232+0000] {processor.py:186} INFO - Started process (PID=251) to work on /home/airflow/.local/lib/python3.12/site-packages/airflow/example_dags/example_branch_datetime_operator.py
[2025-06-22T12:38:21.233+0000] {processor.py:914} INFO - Processing file /home/airflow/.local/lib/python3.12/site-packages/airflow/example_dags/example_branch_datetime_operator.py for tasks to queue
[2025-06-22T12:38:21.237+0000] {logging_mixin.py:190} INFO - [2025-06-22T12:38:21.237+0000] {dagbag.py:588} INFO - Filling up the DagBag from /home/airflow/.local/lib/python3.12/site-packages/airflow/example_dags/example_branch_datetime_operator.py
[2025-06-22T12:38:21.254+0000] {processor.py:925} INFO - DAG(s) 'example_branch_datetime_operator', 'example_branch_datetime_operator_3', 'example_branch_datetime_operator_2' retrieved from /home/airflow/.local/lib/python3.12/site-packages/airflow/example_dags/example_branch_datetime_operator.py
[2025-06-22T12:38:21.294+0000] {logging_mixin.py:190} INFO - [2025-06-22T12:38:21.294+0000] {dag.py:3239} INFO - Sync 3 DAGs
[2025-06-22T12:38:21.335+0000] {logging_mixin.py:190} INFO - [2025-06-22T12:38:21.334+0000] {dag.py:4180} INFO - Setting next_dagrun for example_branch_datetime_operator to 2025-06-22 00:00:00+00:00, run_after=2025-06-23 00:00:00+00:00
[2025-06-22T12:38:21.342+0000] {logging_mixin.py:190} INFO - [2025-06-22T12:38:21.341+0000] {dag.py:4180} INFO - Setting next_dagrun for example_branch_datetime_operator_2 to 2025-06-22 00:00:00+00:00, run_after=2025-06-23 00:00:00+00:00
[2025-06-22T12:38:21.345+0000] {logging_mixin.py:190} INFO - [2025-06-22T12:38:21.345+0000] {dag.py:4180} INFO - Setting next_dagrun for example_branch_datetime_operator_3 to 2025-06-22 00:00:00+00:00, run_after=2025-06-23 00:00:00+00:00
[2025-06-22T12:38:21.370+0000] {processor.py:208} INFO - Processing /home/airflow/.local/lib/python3.12/site-packages/airflow/example_dags/example_branch_datetime_operator.py took 0.148 seconds
[2025-06-22T12:38:51.426+0000] {processor.py:186} INFO - Started process (PID=314) to work on /home/airflow/.local/lib/python3.12/site-packages/airflow/example_dags/example_branch_datetime_operator.py
[2025-06-22T12:38:51.427+0000] {processor.py:914} INFO - Processing file /home/airflow/.local/lib/python3.12/site-packages/airflow/example_dags/example_branch_datetime_operator.py for tasks to queue
[2025-06-22T12:38:51.430+0000] {logging_mixin.py:190} INFO - [2025-06-22T12:38:51.430+0000] {dagbag.py:588} INFO - Filling up the DagBag from /home/airflow/.local/lib/python3.12/site-packages/airflow/example_dags/example_branch_datetime_operator.py
[2025-06-22T12:38:51.441+0000] {processor.py:925} INFO - DAG(s) 'example_branch_datetime_operator_2', 'example_branch_datetime_operator_3', 'example_branch_datetime_operator' retrieved from /home/airflow/.local/lib/python3.12/site-packages/airflow/example_dags/example_branch_datetime_operator.py
[2025-06-22T12:38:51.462+0000] {logging_mixin.py:190} INFO - [2025-06-22T12:38:51.462+0000] {dag.py:3239} INFO - Sync 3 DAGs
[2025-06-22T12:38:51.483+0000] {logging_mixin.py:190} INFO - [2025-06-22T12:38:51.483+0000] {dag.py:4180} INFO - Setting next_dagrun for example_branch_datetime_operator to 2025-06-22 00:00:00+00:00, run_after=2025-06-23 00:00:00+00:00
[2025-06-22T12:38:51.488+0000] {logging_mixin.py:190} INFO - [2025-06-22T12:38:51.488+0000] {dag.py:4180} INFO - Setting next_dagrun for example_branch_datetime_operator_2 to 2025-06-22 00:00:00+00:00, run_after=2025-06-23 00:00:00+00:00
[2025-06-22T12:38:51.490+0000] {logging_mixin.py:190} INFO - [2025-06-22T12:38:51.490+0000] {dag.py:4180} INFO - Setting next_dagrun for example_branch_datetime_operator_3 to 2025-06-22 00:00:00+00:00, run_after=2025-06-23 00:00:00+00:00
[2025-06-22T12:38:51.505+0000] {processor.py:208} INFO - Processing /home/airflow/.local/lib/python3.12/site-packages/airflow/example_dags/example_branch_datetime_operator.py took 0.084 seconds
