[2025-06-22T12:22:33.344+0000] {processor.py:186} INFO - Started process (PID=98) to work on /home/airflow/.local/lib/python3.12/site-packages/airflow/example_dags/example_complex.py
[2025-06-22T12:22:33.345+0000] {processor.py:914} INFO - Processing file /home/airflow/.local/lib/python3.12/site-packages/airflow/example_dags/example_complex.py for tasks to queue
[2025-06-22T12:22:33.349+0000] {logging_mixin.py:190} INFO - [2025-06-22T12:22:33.349+0000] {dagbag.py:588} INFO - Filling up the DagBag from /home/airflow/.local/lib/python3.12/site-packages/airflow/example_dags/example_complex.py
[2025-06-22T12:22:33.370+0000] {processor.py:925} INFO - DAG(s) 'example_complex' retrieved from /home/airflow/.local/lib/python3.12/site-packages/airflow/example_dags/example_complex.py
[2025-06-22T12:22:33.550+0000] {logging_mixin.py:190} INFO - [2025-06-22T12:22:33.549+0000] {override.py:1912} INFO - Created Permission View: can read on DAG:example_complex
[2025-06-22T12:22:33.564+0000] {logging_mixin.py:190} INFO - [2025-06-22T12:22:33.564+0000] {override.py:1912} INFO - Created Permission View: can edit on DAG:example_complex
[2025-06-22T12:22:33.575+0000] {logging_mixin.py:190} INFO - [2025-06-22T12:22:33.574+0000] {override.py:1912} INFO - Created Permission View: can delete on DAG:example_complex
[2025-06-22T12:22:33.590+0000] {logging_mixin.py:190} INFO - [2025-06-22T12:22:33.590+0000] {override.py:1912} INFO - Created Permission View: can read on DAG Run:example_complex
[2025-06-22T12:22:33.601+0000] {logging_mixin.py:190} INFO - [2025-06-22T12:22:33.600+0000] {override.py:1912} INFO - Created Permission View: can create on DAG Run:example_complex
[2025-06-22T12:22:33.611+0000] {logging_mixin.py:190} INFO - [2025-06-22T12:22:33.611+0000] {override.py:1912} INFO - Created Permission View: can delete on DAG Run:example_complex
[2025-06-22T12:22:33.623+0000] {logging_mixin.py:190} INFO - [2025-06-22T12:22:33.622+0000] {override.py:1912} INFO - Created Permission View: menu access on DAG Run:example_complex
[2025-06-22T12:22:33.625+0000] {logging_mixin.py:190} INFO - [2025-06-22T12:22:33.625+0000] {dag.py:3239} INFO - Sync 1 DAGs
[2025-06-22T12:22:33.645+0000] {logging_mixin.py:190} INFO - [2025-06-22T12:22:33.645+0000] {dag.py:3262} INFO - Creating ORM DAG for example_complex
[2025-06-22T12:22:33.646+0000] {logging_mixin.py:190} INFO - [2025-06-22T12:22:33.646+0000] {dag.py:4180} INFO - Setting next_dagrun for example_complex to None, run_after=None
[2025-06-22T12:22:33.674+0000] {processor.py:208} INFO - Processing /home/airflow/.local/lib/python3.12/site-packages/airflow/example_dags/example_complex.py took 0.337 seconds
[2025-06-22T12:23:04.106+0000] {processor.py:186} INFO - Started process (PID=227) to work on /home/airflow/.local/lib/python3.12/site-packages/airflow/example_dags/example_complex.py
[2025-06-22T12:23:04.107+0000] {processor.py:914} INFO - Processing file /home/airflow/.local/lib/python3.12/site-packages/airflow/example_dags/example_complex.py for tasks to queue
[2025-06-22T12:23:04.109+0000] {logging_mixin.py:190} INFO - [2025-06-22T12:23:04.109+0000] {dagbag.py:588} INFO - Filling up the DagBag from /home/airflow/.local/lib/python3.12/site-packages/airflow/example_dags/example_complex.py
[2025-06-22T12:23:04.120+0000] {processor.py:925} INFO - DAG(s) 'example_complex' retrieved from /home/airflow/.local/lib/python3.12/site-packages/airflow/example_dags/example_complex.py
[2025-06-22T12:23:04.150+0000] {logging_mixin.py:190} INFO - [2025-06-22T12:23:04.150+0000] {dag.py:3239} INFO - Sync 1 DAGs
[2025-06-22T12:23:04.165+0000] {logging_mixin.py:190} INFO - [2025-06-22T12:23:04.164+0000] {dag.py:4180} INFO - Setting next_dagrun for example_complex to None, run_after=None
[2025-06-22T12:23:04.189+0000] {processor.py:208} INFO - Processing /home/airflow/.local/lib/python3.12/site-packages/airflow/example_dags/example_complex.py took 0.089 seconds
[2025-06-22T12:27:19.320+0000] {processor.py:186} INFO - Started process (PID=88) to work on /home/airflow/.local/lib/python3.12/site-packages/airflow/example_dags/example_complex.py
[2025-06-22T12:27:19.321+0000] {processor.py:914} INFO - Processing file /home/airflow/.local/lib/python3.12/site-packages/airflow/example_dags/example_complex.py for tasks to queue
[2025-06-22T12:27:19.323+0000] {logging_mixin.py:190} INFO - [2025-06-22T12:27:19.323+0000] {dagbag.py:588} INFO - Filling up the DagBag from /home/airflow/.local/lib/python3.12/site-packages/airflow/example_dags/example_complex.py
[2025-06-22T12:27:19.335+0000] {processor.py:925} INFO - DAG(s) 'example_complex' retrieved from /home/airflow/.local/lib/python3.12/site-packages/airflow/example_dags/example_complex.py
[2025-06-22T12:27:19.373+0000] {logging_mixin.py:190} INFO - [2025-06-22T12:27:19.372+0000] {dag.py:3239} INFO - Sync 1 DAGs
[2025-06-22T12:27:19.393+0000] {logging_mixin.py:190} INFO - [2025-06-22T12:27:19.393+0000] {dag.py:4180} INFO - Setting next_dagrun for example_complex to None, run_after=None
[2025-06-22T12:27:19.414+0000] {processor.py:208} INFO - Processing /home/airflow/.local/lib/python3.12/site-packages/airflow/example_dags/example_complex.py took 0.101 seconds
[2025-06-22T12:27:49.494+0000] {processor.py:186} INFO - Started process (PID=164) to work on /home/airflow/.local/lib/python3.12/site-packages/airflow/example_dags/example_complex.py
[2025-06-22T12:27:49.495+0000] {processor.py:914} INFO - Processing file /home/airflow/.local/lib/python3.12/site-packages/airflow/example_dags/example_complex.py for tasks to queue
[2025-06-22T12:27:49.497+0000] {logging_mixin.py:190} INFO - [2025-06-22T12:27:49.497+0000] {dagbag.py:588} INFO - Filling up the DagBag from /home/airflow/.local/lib/python3.12/site-packages/airflow/example_dags/example_complex.py
[2025-06-22T12:27:49.507+0000] {processor.py:925} INFO - DAG(s) 'example_complex' retrieved from /home/airflow/.local/lib/python3.12/site-packages/airflow/example_dags/example_complex.py
[2025-06-22T12:27:49.537+0000] {logging_mixin.py:190} INFO - [2025-06-22T12:27:49.536+0000] {dag.py:3239} INFO - Sync 1 DAGs
[2025-06-22T12:27:49.553+0000] {logging_mixin.py:190} INFO - [2025-06-22T12:27:49.552+0000] {dag.py:4180} INFO - Setting next_dagrun for example_complex to None, run_after=None
[2025-06-22T12:27:49.575+0000] {processor.py:208} INFO - Processing /home/airflow/.local/lib/python3.12/site-packages/airflow/example_dags/example_complex.py took 0.087 seconds
[2025-06-22T12:28:19.979+0000] {processor.py:186} INFO - Started process (PID=239) to work on /home/airflow/.local/lib/python3.12/site-packages/airflow/example_dags/example_complex.py
[2025-06-22T12:28:19.980+0000] {processor.py:914} INFO - Processing file /home/airflow/.local/lib/python3.12/site-packages/airflow/example_dags/example_complex.py for tasks to queue
[2025-06-22T12:28:19.982+0000] {logging_mixin.py:190} INFO - [2025-06-22T12:28:19.981+0000] {dagbag.py:588} INFO - Filling up the DagBag from /home/airflow/.local/lib/python3.12/site-packages/airflow/example_dags/example_complex.py
[2025-06-22T12:28:19.992+0000] {processor.py:925} INFO - DAG(s) 'example_complex' retrieved from /home/airflow/.local/lib/python3.12/site-packages/airflow/example_dags/example_complex.py
[2025-06-22T12:28:20.018+0000] {logging_mixin.py:190} INFO - [2025-06-22T12:28:20.017+0000] {dag.py:3239} INFO - Sync 1 DAGs
[2025-06-22T12:28:20.031+0000] {logging_mixin.py:190} INFO - [2025-06-22T12:28:20.031+0000] {dag.py:4180} INFO - Setting next_dagrun for example_complex to None, run_after=None
[2025-06-22T12:28:20.048+0000] {processor.py:208} INFO - Processing /home/airflow/.local/lib/python3.12/site-packages/airflow/example_dags/example_complex.py took 0.075 seconds
[2025-06-22T12:28:50.484+0000] {processor.py:186} INFO - Started process (PID=304) to work on /home/airflow/.local/lib/python3.12/site-packages/airflow/example_dags/example_complex.py
[2025-06-22T12:28:50.484+0000] {processor.py:914} INFO - Processing file /home/airflow/.local/lib/python3.12/site-packages/airflow/example_dags/example_complex.py for tasks to queue
[2025-06-22T12:28:50.487+0000] {logging_mixin.py:190} INFO - [2025-06-22T12:28:50.486+0000] {dagbag.py:588} INFO - Filling up the DagBag from /home/airflow/.local/lib/python3.12/site-packages/airflow/example_dags/example_complex.py
[2025-06-22T12:28:50.498+0000] {processor.py:925} INFO - DAG(s) 'example_complex' retrieved from /home/airflow/.local/lib/python3.12/site-packages/airflow/example_dags/example_complex.py
[2025-06-22T12:28:50.523+0000] {logging_mixin.py:190} INFO - [2025-06-22T12:28:50.523+0000] {dag.py:3239} INFO - Sync 1 DAGs
[2025-06-22T12:28:50.536+0000] {logging_mixin.py:190} INFO - [2025-06-22T12:28:50.536+0000] {dag.py:4180} INFO - Setting next_dagrun for example_complex to None, run_after=None
[2025-06-22T12:28:50.554+0000] {processor.py:208} INFO - Processing /home/airflow/.local/lib/python3.12/site-packages/airflow/example_dags/example_complex.py took 0.076 seconds
[2025-06-22T12:29:21.241+0000] {processor.py:186} INFO - Started process (PID=373) to work on /home/airflow/.local/lib/python3.12/site-packages/airflow/example_dags/example_complex.py
[2025-06-22T12:29:21.242+0000] {processor.py:914} INFO - Processing file /home/airflow/.local/lib/python3.12/site-packages/airflow/example_dags/example_complex.py for tasks to queue
[2025-06-22T12:29:21.245+0000] {logging_mixin.py:190} INFO - [2025-06-22T12:29:21.244+0000] {dagbag.py:588} INFO - Filling up the DagBag from /home/airflow/.local/lib/python3.12/site-packages/airflow/example_dags/example_complex.py
[2025-06-22T12:29:21.257+0000] {processor.py:925} INFO - DAG(s) 'example_complex' retrieved from /home/airflow/.local/lib/python3.12/site-packages/airflow/example_dags/example_complex.py
[2025-06-22T12:29:21.286+0000] {logging_mixin.py:190} INFO - [2025-06-22T12:29:21.286+0000] {dag.py:3239} INFO - Sync 1 DAGs
[2025-06-22T12:29:21.304+0000] {logging_mixin.py:190} INFO - [2025-06-22T12:29:21.304+0000] {dag.py:4180} INFO - Setting next_dagrun for example_complex to None, run_after=None
[2025-06-22T12:29:21.325+0000] {processor.py:208} INFO - Processing /home/airflow/.local/lib/python3.12/site-packages/airflow/example_dags/example_complex.py took 0.090 seconds
[2025-06-22T12:29:51.832+0000] {processor.py:186} INFO - Started process (PID=437) to work on /home/airflow/.local/lib/python3.12/site-packages/airflow/example_dags/example_complex.py
[2025-06-22T12:29:51.833+0000] {processor.py:914} INFO - Processing file /home/airflow/.local/lib/python3.12/site-packages/airflow/example_dags/example_complex.py for tasks to queue
[2025-06-22T12:29:51.835+0000] {logging_mixin.py:190} INFO - [2025-06-22T12:29:51.835+0000] {dagbag.py:588} INFO - Filling up the DagBag from /home/airflow/.local/lib/python3.12/site-packages/airflow/example_dags/example_complex.py
[2025-06-22T12:29:51.846+0000] {processor.py:925} INFO - DAG(s) 'example_complex' retrieved from /home/airflow/.local/lib/python3.12/site-packages/airflow/example_dags/example_complex.py
[2025-06-22T12:29:51.872+0000] {logging_mixin.py:190} INFO - [2025-06-22T12:29:51.872+0000] {dag.py:3239} INFO - Sync 1 DAGs
[2025-06-22T12:29:51.885+0000] {logging_mixin.py:190} INFO - [2025-06-22T12:29:51.884+0000] {dag.py:4180} INFO - Setting next_dagrun for example_complex to None, run_after=None
[2025-06-22T12:29:51.902+0000] {processor.py:208} INFO - Processing /home/airflow/.local/lib/python3.12/site-packages/airflow/example_dags/example_complex.py took 0.075 seconds
[2025-06-22T12:30:22.388+0000] {processor.py:186} INFO - Started process (PID=507) to work on /home/airflow/.local/lib/python3.12/site-packages/airflow/example_dags/example_complex.py
[2025-06-22T12:30:22.389+0000] {processor.py:914} INFO - Processing file /home/airflow/.local/lib/python3.12/site-packages/airflow/example_dags/example_complex.py for tasks to queue
[2025-06-22T12:30:22.391+0000] {logging_mixin.py:190} INFO - [2025-06-22T12:30:22.391+0000] {dagbag.py:588} INFO - Filling up the DagBag from /home/airflow/.local/lib/python3.12/site-packages/airflow/example_dags/example_complex.py
[2025-06-22T12:30:22.402+0000] {processor.py:925} INFO - DAG(s) 'example_complex' retrieved from /home/airflow/.local/lib/python3.12/site-packages/airflow/example_dags/example_complex.py
[2025-06-22T12:30:22.429+0000] {logging_mixin.py:190} INFO - [2025-06-22T12:30:22.429+0000] {dag.py:3239} INFO - Sync 1 DAGs
[2025-06-22T12:30:22.443+0000] {logging_mixin.py:190} INFO - [2025-06-22T12:30:22.443+0000] {dag.py:4180} INFO - Setting next_dagrun for example_complex to None, run_after=None
[2025-06-22T12:30:22.471+0000] {processor.py:208} INFO - Processing /home/airflow/.local/lib/python3.12/site-packages/airflow/example_dags/example_complex.py took 0.088 seconds
[2025-06-22T12:37:49.320+0000] {processor.py:186} INFO - Started process (PID=100) to work on /home/airflow/.local/lib/python3.12/site-packages/airflow/example_dags/example_complex.py
[2025-06-22T12:37:49.321+0000] {processor.py:914} INFO - Processing file /home/airflow/.local/lib/python3.12/site-packages/airflow/example_dags/example_complex.py for tasks to queue
[2025-06-22T12:37:49.325+0000] {logging_mixin.py:190} INFO - [2025-06-22T12:37:49.325+0000] {dagbag.py:588} INFO - Filling up the DagBag from /home/airflow/.local/lib/python3.12/site-packages/airflow/example_dags/example_complex.py
[2025-06-22T12:37:49.345+0000] {processor.py:925} INFO - DAG(s) 'example_complex' retrieved from /home/airflow/.local/lib/python3.12/site-packages/airflow/example_dags/example_complex.py
[2025-06-22T12:37:49.487+0000] {logging_mixin.py:190} INFO - [2025-06-22T12:37:49.486+0000] {override.py:1912} INFO - Created Permission View: can delete on DAG:example_complex
[2025-06-22T12:37:49.501+0000] {logging_mixin.py:190} INFO - [2025-06-22T12:37:49.501+0000] {override.py:1912} INFO - Created Permission View: can edit on DAG:example_complex
[2025-06-22T12:37:49.510+0000] {logging_mixin.py:190} INFO - [2025-06-22T12:37:49.509+0000] {override.py:1912} INFO - Created Permission View: can read on DAG:example_complex
[2025-06-22T12:37:49.522+0000] {logging_mixin.py:190} INFO - [2025-06-22T12:37:49.521+0000] {override.py:1912} INFO - Created Permission View: can delete on DAG Run:example_complex
[2025-06-22T12:37:49.530+0000] {logging_mixin.py:190} INFO - [2025-06-22T12:37:49.530+0000] {override.py:1912} INFO - Created Permission View: can create on DAG Run:example_complex
[2025-06-22T12:37:49.539+0000] {logging_mixin.py:190} INFO - [2025-06-22T12:37:49.539+0000] {override.py:1912} INFO - Created Permission View: menu access on DAG Run:example_complex
[2025-06-22T12:37:49.549+0000] {logging_mixin.py:190} INFO - [2025-06-22T12:37:49.548+0000] {override.py:1912} INFO - Created Permission View: can read on DAG Run:example_complex
[2025-06-22T12:37:49.550+0000] {logging_mixin.py:190} INFO - [2025-06-22T12:37:49.549+0000] {dag.py:3239} INFO - Sync 1 DAGs
[2025-06-22T12:37:49.567+0000] {logging_mixin.py:190} INFO - [2025-06-22T12:37:49.567+0000] {dag.py:3262} INFO - Creating ORM DAG for example_complex
[2025-06-22T12:37:49.569+0000] {logging_mixin.py:190} INFO - [2025-06-22T12:37:49.568+0000] {dag.py:4180} INFO - Setting next_dagrun for example_complex to None, run_after=None
[2025-06-22T12:37:49.590+0000] {processor.py:208} INFO - Processing /home/airflow/.local/lib/python3.12/site-packages/airflow/example_dags/example_complex.py took 0.280 seconds
[2025-06-22T12:38:19.677+0000] {processor.py:186} INFO - Started process (PID=239) to work on /home/airflow/.local/lib/python3.12/site-packages/airflow/example_dags/example_complex.py
[2025-06-22T12:38:19.678+0000] {processor.py:914} INFO - Processing file /home/airflow/.local/lib/python3.12/site-packages/airflow/example_dags/example_complex.py for tasks to queue
[2025-06-22T12:38:19.680+0000] {logging_mixin.py:190} INFO - [2025-06-22T12:38:19.680+0000] {dagbag.py:588} INFO - Filling up the DagBag from /home/airflow/.local/lib/python3.12/site-packages/airflow/example_dags/example_complex.py
[2025-06-22T12:38:19.691+0000] {processor.py:925} INFO - DAG(s) 'example_complex' retrieved from /home/airflow/.local/lib/python3.12/site-packages/airflow/example_dags/example_complex.py
[2025-06-22T12:38:19.718+0000] {logging_mixin.py:190} INFO - [2025-06-22T12:38:19.718+0000] {dag.py:3239} INFO - Sync 1 DAGs
[2025-06-22T12:38:19.731+0000] {logging_mixin.py:190} INFO - [2025-06-22T12:38:19.731+0000] {dag.py:4180} INFO - Setting next_dagrun for example_complex to None, run_after=None
[2025-06-22T12:38:19.749+0000] {processor.py:208} INFO - Processing /home/airflow/.local/lib/python3.12/site-packages/airflow/example_dags/example_complex.py took 0.078 seconds
[2025-06-22T12:38:50.193+0000] {processor.py:186} INFO - Started process (PID=309) to work on /home/airflow/.local/lib/python3.12/site-packages/airflow/example_dags/example_complex.py
[2025-06-22T12:38:50.194+0000] {processor.py:914} INFO - Processing file /home/airflow/.local/lib/python3.12/site-packages/airflow/example_dags/example_complex.py for tasks to queue
[2025-06-22T12:38:50.197+0000] {logging_mixin.py:190} INFO - [2025-06-22T12:38:50.196+0000] {dagbag.py:588} INFO - Filling up the DagBag from /home/airflow/.local/lib/python3.12/site-packages/airflow/example_dags/example_complex.py
[2025-06-22T12:38:50.209+0000] {processor.py:925} INFO - DAG(s) 'example_complex' retrieved from /home/airflow/.local/lib/python3.12/site-packages/airflow/example_dags/example_complex.py
[2025-06-22T12:38:50.243+0000] {logging_mixin.py:190} INFO - [2025-06-22T12:38:50.243+0000] {dag.py:3239} INFO - Sync 1 DAGs
[2025-06-22T12:38:50.259+0000] {logging_mixin.py:190} INFO - [2025-06-22T12:38:50.259+0000] {dag.py:4180} INFO - Setting next_dagrun for example_complex to None, run_after=None
[2025-06-22T12:38:50.278+0000] {processor.py:208} INFO - Processing /home/airflow/.local/lib/python3.12/site-packages/airflow/example_dags/example_complex.py took 0.090 seconds
