[2025-06-22T12:22:32.797+0000] {processor.py:186} INFO - Started process (PID=96) to work on /home/airflow/.local/lib/python3.12/site-packages/airflow/example_dags/example_latest_only.py
[2025-06-22T12:22:32.798+0000] {processor.py:914} INFO - Processing file /home/airflow/.local/lib/python3.12/site-packages/airflow/example_dags/example_latest_only.py for tasks to queue
[2025-06-22T12:22:32.800+0000] {logging_mixin.py:190} INFO - [2025-06-22T12:22:32.800+0000] {dagbag.py:588} INFO - Filling up the DagBag from /home/airflow/.local/lib/python3.12/site-packages/airflow/example_dags/example_latest_only.py
[2025-06-22T12:22:32.808+0000] {processor.py:925} INFO - DAG(s) 'latest_only' retrieved from /home/airflow/.local/lib/python3.12/site-packages/airflow/example_dags/example_latest_only.py
[2025-06-22T12:22:32.903+0000] {logging_mixin.py:190} INFO - [2025-06-22T12:22:32.902+0000] {override.py:1912} INFO - Created Permission View: can read on DAG:latest_only
[2025-06-22T12:22:32.914+0000] {logging_mixin.py:190} INFO - [2025-06-22T12:22:32.913+0000] {override.py:1912} INFO - Created Permission View: can edit on DAG:latest_only
[2025-06-22T12:22:32.921+0000] {logging_mixin.py:190} INFO - [2025-06-22T12:22:32.920+0000] {override.py:1912} INFO - Created Permission View: can delete on DAG:latest_only
[2025-06-22T12:22:32.929+0000] {logging_mixin.py:190} INFO - [2025-06-22T12:22:32.929+0000] {override.py:1912} INFO - Created Permission View: can read on DAG Run:latest_only
[2025-06-22T12:22:32.937+0000] {logging_mixin.py:190} INFO - [2025-06-22T12:22:32.937+0000] {override.py:1912} INFO - Created Permission View: can create on DAG Run:latest_only
[2025-06-22T12:22:32.946+0000] {logging_mixin.py:190} INFO - [2025-06-22T12:22:32.945+0000] {override.py:1912} INFO - Created Permission View: can delete on DAG Run:latest_only
[2025-06-22T12:22:32.955+0000] {logging_mixin.py:190} INFO - [2025-06-22T12:22:32.955+0000] {override.py:1912} INFO - Created Permission View: menu access on DAG Run:latest_only
[2025-06-22T12:22:32.960+0000] {logging_mixin.py:190} INFO - [2025-06-22T12:22:32.959+0000] {dag.py:3239} INFO - Sync 1 DAGs
[2025-06-22T12:22:32.973+0000] {logging_mixin.py:190} INFO - [2025-06-22T12:22:32.973+0000] {dag.py:3262} INFO - Creating ORM DAG for latest_only
[2025-06-22T12:22:32.982+0000] {logging_mixin.py:190} INFO - [2025-06-22T12:22:32.981+0000] {dag.py:4180} INFO - Setting next_dagrun for latest_only to 2025-06-22 08:00:00+00:00, run_after=2025-06-22 12:00:00+00:00
[2025-06-22T12:22:33.003+0000] {processor.py:208} INFO - Processing /home/airflow/.local/lib/python3.12/site-packages/airflow/example_dags/example_latest_only.py took 0.211 seconds
[2025-06-22T12:23:03.100+0000] {processor.py:186} INFO - Started process (PID=218) to work on /home/airflow/.local/lib/python3.12/site-packages/airflow/example_dags/example_latest_only.py
[2025-06-22T12:23:03.101+0000] {processor.py:914} INFO - Processing file /home/airflow/.local/lib/python3.12/site-packages/airflow/example_dags/example_latest_only.py for tasks to queue
[2025-06-22T12:23:03.104+0000] {logging_mixin.py:190} INFO - [2025-06-22T12:23:03.104+0000] {dagbag.py:588} INFO - Filling up the DagBag from /home/airflow/.local/lib/python3.12/site-packages/airflow/example_dags/example_latest_only.py
[2025-06-22T12:23:03.113+0000] {processor.py:925} INFO - DAG(s) 'latest_only' retrieved from /home/airflow/.local/lib/python3.12/site-packages/airflow/example_dags/example_latest_only.py
[2025-06-22T12:23:03.135+0000] {logging_mixin.py:190} INFO - [2025-06-22T12:23:03.135+0000] {dag.py:3239} INFO - Sync 1 DAGs
[2025-06-22T12:23:03.162+0000] {logging_mixin.py:190} INFO - [2025-06-22T12:23:03.162+0000] {dag.py:4180} INFO - Setting next_dagrun for latest_only to 2025-06-22 12:00:00+00:00, run_after=2025-06-22 16:00:00+00:00
[2025-06-22T12:23:03.184+0000] {processor.py:208} INFO - Processing /home/airflow/.local/lib/python3.12/site-packages/airflow/example_dags/example_latest_only.py took 0.093 seconds
[2025-06-22T12:23:34.050+0000] {processor.py:186} INFO - Started process (PID=293) to work on /home/airflow/.local/lib/python3.12/site-packages/airflow/example_dags/example_latest_only.py
[2025-06-22T12:23:34.051+0000] {processor.py:914} INFO - Processing file /home/airflow/.local/lib/python3.12/site-packages/airflow/example_dags/example_latest_only.py for tasks to queue
[2025-06-22T12:23:34.053+0000] {logging_mixin.py:190} INFO - [2025-06-22T12:23:34.053+0000] {dagbag.py:588} INFO - Filling up the DagBag from /home/airflow/.local/lib/python3.12/site-packages/airflow/example_dags/example_latest_only.py
[2025-06-22T12:23:34.060+0000] {processor.py:925} INFO - DAG(s) 'latest_only' retrieved from /home/airflow/.local/lib/python3.12/site-packages/airflow/example_dags/example_latest_only.py
[2025-06-22T12:23:34.077+0000] {logging_mixin.py:190} INFO - [2025-06-22T12:23:34.077+0000] {dag.py:3239} INFO - Sync 1 DAGs
[2025-06-22T12:23:34.103+0000] {logging_mixin.py:190} INFO - [2025-06-22T12:23:34.102+0000] {dag.py:4180} INFO - Setting next_dagrun for latest_only to 2025-06-22 12:00:00+00:00, run_after=2025-06-22 16:00:00+00:00
[2025-06-22T12:23:34.124+0000] {processor.py:208} INFO - Processing /home/airflow/.local/lib/python3.12/site-packages/airflow/example_dags/example_latest_only.py took 0.080 seconds
[2025-06-22T12:27:18.998+0000] {processor.py:186} INFO - Started process (PID=80) to work on /home/airflow/.local/lib/python3.12/site-packages/airflow/example_dags/example_latest_only.py
[2025-06-22T12:27:18.999+0000] {processor.py:914} INFO - Processing file /home/airflow/.local/lib/python3.12/site-packages/airflow/example_dags/example_latest_only.py for tasks to queue
[2025-06-22T12:27:19.002+0000] {logging_mixin.py:190} INFO - [2025-06-22T12:27:19.002+0000] {dagbag.py:588} INFO - Filling up the DagBag from /home/airflow/.local/lib/python3.12/site-packages/airflow/example_dags/example_latest_only.py
[2025-06-22T12:27:19.011+0000] {processor.py:925} INFO - DAG(s) 'latest_only' retrieved from /home/airflow/.local/lib/python3.12/site-packages/airflow/example_dags/example_latest_only.py
[2025-06-22T12:27:19.040+0000] {logging_mixin.py:190} INFO - [2025-06-22T12:27:19.039+0000] {dag.py:3239} INFO - Sync 1 DAGs
[2025-06-22T12:27:19.087+0000] {logging_mixin.py:190} INFO - [2025-06-22T12:27:19.087+0000] {dag.py:4180} INFO - Setting next_dagrun for latest_only to 2025-06-22 12:00:00+00:00, run_after=2025-06-22 16:00:00+00:00
[2025-06-22T12:27:19.135+0000] {processor.py:208} INFO - Processing /home/airflow/.local/lib/python3.12/site-packages/airflow/example_dags/example_latest_only.py took 0.144 seconds
[2025-06-22T12:27:49.243+0000] {processor.py:186} INFO - Started process (PID=161) to work on /home/airflow/.local/lib/python3.12/site-packages/airflow/example_dags/example_latest_only.py
[2025-06-22T12:27:49.244+0000] {processor.py:914} INFO - Processing file /home/airflow/.local/lib/python3.12/site-packages/airflow/example_dags/example_latest_only.py for tasks to queue
[2025-06-22T12:27:49.247+0000] {logging_mixin.py:190} INFO - [2025-06-22T12:27:49.247+0000] {dagbag.py:588} INFO - Filling up the DagBag from /home/airflow/.local/lib/python3.12/site-packages/airflow/example_dags/example_latest_only.py
[2025-06-22T12:27:49.254+0000] {processor.py:925} INFO - DAG(s) 'latest_only' retrieved from /home/airflow/.local/lib/python3.12/site-packages/airflow/example_dags/example_latest_only.py
[2025-06-22T12:27:49.272+0000] {logging_mixin.py:190} INFO - [2025-06-22T12:27:49.272+0000] {dag.py:3239} INFO - Sync 1 DAGs
[2025-06-22T12:27:49.293+0000] {logging_mixin.py:190} INFO - [2025-06-22T12:27:49.293+0000] {dag.py:4180} INFO - Setting next_dagrun for latest_only to 2025-06-22 12:00:00+00:00, run_after=2025-06-22 16:00:00+00:00
[2025-06-22T12:27:49.311+0000] {processor.py:208} INFO - Processing /home/airflow/.local/lib/python3.12/site-packages/airflow/example_dags/example_latest_only.py took 0.073 seconds
[2025-06-22T12:28:19.879+0000] {processor.py:186} INFO - Started process (PID=237) to work on /home/airflow/.local/lib/python3.12/site-packages/airflow/example_dags/example_latest_only.py
[2025-06-22T12:28:19.880+0000] {processor.py:914} INFO - Processing file /home/airflow/.local/lib/python3.12/site-packages/airflow/example_dags/example_latest_only.py for tasks to queue
[2025-06-22T12:28:19.882+0000] {logging_mixin.py:190} INFO - [2025-06-22T12:28:19.882+0000] {dagbag.py:588} INFO - Filling up the DagBag from /home/airflow/.local/lib/python3.12/site-packages/airflow/example_dags/example_latest_only.py
[2025-06-22T12:28:19.889+0000] {processor.py:925} INFO - DAG(s) 'latest_only' retrieved from /home/airflow/.local/lib/python3.12/site-packages/airflow/example_dags/example_latest_only.py
[2025-06-22T12:28:19.908+0000] {logging_mixin.py:190} INFO - [2025-06-22T12:28:19.908+0000] {dag.py:3239} INFO - Sync 1 DAGs
[2025-06-22T12:28:19.931+0000] {logging_mixin.py:190} INFO - [2025-06-22T12:28:19.930+0000] {dag.py:4180} INFO - Setting next_dagrun for latest_only to 2025-06-22 12:00:00+00:00, run_after=2025-06-22 16:00:00+00:00
[2025-06-22T12:28:19.948+0000] {processor.py:208} INFO - Processing /home/airflow/.local/lib/python3.12/site-packages/airflow/example_dags/example_latest_only.py took 0.074 seconds
[2025-06-22T12:28:50.386+0000] {processor.py:186} INFO - Started process (PID=302) to work on /home/airflow/.local/lib/python3.12/site-packages/airflow/example_dags/example_latest_only.py
[2025-06-22T12:28:50.387+0000] {processor.py:914} INFO - Processing file /home/airflow/.local/lib/python3.12/site-packages/airflow/example_dags/example_latest_only.py for tasks to queue
[2025-06-22T12:28:50.389+0000] {logging_mixin.py:190} INFO - [2025-06-22T12:28:50.389+0000] {dagbag.py:588} INFO - Filling up the DagBag from /home/airflow/.local/lib/python3.12/site-packages/airflow/example_dags/example_latest_only.py
[2025-06-22T12:28:50.396+0000] {processor.py:925} INFO - DAG(s) 'latest_only' retrieved from /home/airflow/.local/lib/python3.12/site-packages/airflow/example_dags/example_latest_only.py
[2025-06-22T12:28:50.414+0000] {logging_mixin.py:190} INFO - [2025-06-22T12:28:50.413+0000] {dag.py:3239} INFO - Sync 1 DAGs
[2025-06-22T12:28:50.434+0000] {logging_mixin.py:190} INFO - [2025-06-22T12:28:50.433+0000] {dag.py:4180} INFO - Setting next_dagrun for latest_only to 2025-06-22 12:00:00+00:00, run_after=2025-06-22 16:00:00+00:00
[2025-06-22T12:28:50.451+0000] {processor.py:208} INFO - Processing /home/airflow/.local/lib/python3.12/site-packages/airflow/example_dags/example_latest_only.py took 0.071 seconds
[2025-06-22T12:29:21.143+0000] {processor.py:186} INFO - Started process (PID=371) to work on /home/airflow/.local/lib/python3.12/site-packages/airflow/example_dags/example_latest_only.py
[2025-06-22T12:29:21.144+0000] {processor.py:914} INFO - Processing file /home/airflow/.local/lib/python3.12/site-packages/airflow/example_dags/example_latest_only.py for tasks to queue
[2025-06-22T12:29:21.146+0000] {logging_mixin.py:190} INFO - [2025-06-22T12:29:21.146+0000] {dagbag.py:588} INFO - Filling up the DagBag from /home/airflow/.local/lib/python3.12/site-packages/airflow/example_dags/example_latest_only.py
[2025-06-22T12:29:21.153+0000] {processor.py:925} INFO - DAG(s) 'latest_only' retrieved from /home/airflow/.local/lib/python3.12/site-packages/airflow/example_dags/example_latest_only.py
[2025-06-22T12:29:21.171+0000] {logging_mixin.py:190} INFO - [2025-06-22T12:29:21.170+0000] {dag.py:3239} INFO - Sync 1 DAGs
[2025-06-22T12:29:21.191+0000] {logging_mixin.py:190} INFO - [2025-06-22T12:29:21.191+0000] {dag.py:4180} INFO - Setting next_dagrun for latest_only to 2025-06-22 12:00:00+00:00, run_after=2025-06-22 16:00:00+00:00
[2025-06-22T12:29:21.209+0000] {processor.py:208} INFO - Processing /home/airflow/.local/lib/python3.12/site-packages/airflow/example_dags/example_latest_only.py took 0.071 seconds
[2025-06-22T12:29:51.738+0000] {processor.py:186} INFO - Started process (PID=435) to work on /home/airflow/.local/lib/python3.12/site-packages/airflow/example_dags/example_latest_only.py
[2025-06-22T12:29:51.739+0000] {processor.py:914} INFO - Processing file /home/airflow/.local/lib/python3.12/site-packages/airflow/example_dags/example_latest_only.py for tasks to queue
[2025-06-22T12:29:51.741+0000] {logging_mixin.py:190} INFO - [2025-06-22T12:29:51.741+0000] {dagbag.py:588} INFO - Filling up the DagBag from /home/airflow/.local/lib/python3.12/site-packages/airflow/example_dags/example_latest_only.py
[2025-06-22T12:29:51.748+0000] {processor.py:925} INFO - DAG(s) 'latest_only' retrieved from /home/airflow/.local/lib/python3.12/site-packages/airflow/example_dags/example_latest_only.py
[2025-06-22T12:29:51.765+0000] {logging_mixin.py:190} INFO - [2025-06-22T12:29:51.765+0000] {dag.py:3239} INFO - Sync 1 DAGs
[2025-06-22T12:29:51.785+0000] {logging_mixin.py:190} INFO - [2025-06-22T12:29:51.785+0000] {dag.py:4180} INFO - Setting next_dagrun for latest_only to 2025-06-22 12:00:00+00:00, run_after=2025-06-22 16:00:00+00:00
[2025-06-22T12:29:51.802+0000] {processor.py:208} INFO - Processing /home/airflow/.local/lib/python3.12/site-packages/airflow/example_dags/example_latest_only.py took 0.069 seconds
[2025-06-22T12:30:22.293+0000] {processor.py:186} INFO - Started process (PID=505) to work on /home/airflow/.local/lib/python3.12/site-packages/airflow/example_dags/example_latest_only.py
[2025-06-22T12:30:22.294+0000] {processor.py:914} INFO - Processing file /home/airflow/.local/lib/python3.12/site-packages/airflow/example_dags/example_latest_only.py for tasks to queue
[2025-06-22T12:30:22.296+0000] {logging_mixin.py:190} INFO - [2025-06-22T12:30:22.295+0000] {dagbag.py:588} INFO - Filling up the DagBag from /home/airflow/.local/lib/python3.12/site-packages/airflow/example_dags/example_latest_only.py
[2025-06-22T12:30:22.302+0000] {processor.py:925} INFO - DAG(s) 'latest_only' retrieved from /home/airflow/.local/lib/python3.12/site-packages/airflow/example_dags/example_latest_only.py
[2025-06-22T12:30:22.318+0000] {logging_mixin.py:190} INFO - [2025-06-22T12:30:22.318+0000] {dag.py:3239} INFO - Sync 1 DAGs
[2025-06-22T12:30:22.339+0000] {logging_mixin.py:190} INFO - [2025-06-22T12:30:22.339+0000] {dag.py:4180} INFO - Setting next_dagrun for latest_only to 2025-06-22 12:00:00+00:00, run_after=2025-06-22 16:00:00+00:00
[2025-06-22T12:30:22.357+0000] {processor.py:208} INFO - Processing /home/airflow/.local/lib/python3.12/site-packages/airflow/example_dags/example_latest_only.py took 0.069 seconds
[2025-06-22T12:37:48.720+0000] {processor.py:186} INFO - Started process (PID=98) to work on /home/airflow/.local/lib/python3.12/site-packages/airflow/example_dags/example_latest_only.py
[2025-06-22T12:37:48.720+0000] {processor.py:914} INFO - Processing file /home/airflow/.local/lib/python3.12/site-packages/airflow/example_dags/example_latest_only.py for tasks to queue
[2025-06-22T12:37:48.723+0000] {logging_mixin.py:190} INFO - [2025-06-22T12:37:48.722+0000] {dagbag.py:588} INFO - Filling up the DagBag from /home/airflow/.local/lib/python3.12/site-packages/airflow/example_dags/example_latest_only.py
[2025-06-22T12:37:48.730+0000] {processor.py:925} INFO - DAG(s) 'latest_only' retrieved from /home/airflow/.local/lib/python3.12/site-packages/airflow/example_dags/example_latest_only.py
[2025-06-22T12:37:48.853+0000] {logging_mixin.py:190} INFO - [2025-06-22T12:37:48.853+0000] {override.py:1912} INFO - Created Permission View: can delete on DAG:latest_only
[2025-06-22T12:37:48.868+0000] {logging_mixin.py:190} INFO - [2025-06-22T12:37:48.868+0000] {override.py:1912} INFO - Created Permission View: can edit on DAG:latest_only
[2025-06-22T12:37:48.878+0000] {logging_mixin.py:190} INFO - [2025-06-22T12:37:48.878+0000] {override.py:1912} INFO - Created Permission View: can read on DAG:latest_only
[2025-06-22T12:37:48.892+0000] {logging_mixin.py:190} INFO - [2025-06-22T12:37:48.891+0000] {override.py:1912} INFO - Created Permission View: can delete on DAG Run:latest_only
[2025-06-22T12:37:48.900+0000] {logging_mixin.py:190} INFO - [2025-06-22T12:37:48.900+0000] {override.py:1912} INFO - Created Permission View: can create on DAG Run:latest_only
[2025-06-22T12:37:48.909+0000] {logging_mixin.py:190} INFO - [2025-06-22T12:37:48.909+0000] {override.py:1912} INFO - Created Permission View: menu access on DAG Run:latest_only
[2025-06-22T12:37:48.917+0000] {logging_mixin.py:190} INFO - [2025-06-22T12:37:48.917+0000] {override.py:1912} INFO - Created Permission View: can read on DAG Run:latest_only
[2025-06-22T12:37:48.917+0000] {logging_mixin.py:190} INFO - [2025-06-22T12:37:48.917+0000] {dag.py:3239} INFO - Sync 1 DAGs
[2025-06-22T12:37:48.931+0000] {logging_mixin.py:190} INFO - [2025-06-22T12:37:48.931+0000] {dag.py:3262} INFO - Creating ORM DAG for latest_only
[2025-06-22T12:37:48.940+0000] {logging_mixin.py:190} INFO - [2025-06-22T12:37:48.940+0000] {dag.py:4180} INFO - Setting next_dagrun for latest_only to 2025-06-22 08:00:00+00:00, run_after=2025-06-22 12:00:00+00:00
[2025-06-22T12:37:48.957+0000] {processor.py:208} INFO - Processing /home/airflow/.local/lib/python3.12/site-packages/airflow/example_dags/example_latest_only.py took 0.242 seconds
[2025-06-22T12:38:18.991+0000] {processor.py:186} INFO - Started process (PID=237) to work on /home/airflow/.local/lib/python3.12/site-packages/airflow/example_dags/example_latest_only.py
[2025-06-22T12:38:18.992+0000] {processor.py:914} INFO - Processing file /home/airflow/.local/lib/python3.12/site-packages/airflow/example_dags/example_latest_only.py for tasks to queue
[2025-06-22T12:38:18.995+0000] {logging_mixin.py:190} INFO - [2025-06-22T12:38:18.994+0000] {dagbag.py:588} INFO - Filling up the DagBag from /home/airflow/.local/lib/python3.12/site-packages/airflow/example_dags/example_latest_only.py
[2025-06-22T12:38:19.003+0000] {processor.py:925} INFO - DAG(s) 'latest_only' retrieved from /home/airflow/.local/lib/python3.12/site-packages/airflow/example_dags/example_latest_only.py
[2025-06-22T12:38:19.021+0000] {logging_mixin.py:190} INFO - [2025-06-22T12:38:19.020+0000] {dag.py:3239} INFO - Sync 1 DAGs
[2025-06-22T12:38:19.046+0000] {logging_mixin.py:190} INFO - [2025-06-22T12:38:19.046+0000] {dag.py:4180} INFO - Setting next_dagrun for latest_only to 2025-06-22 12:00:00+00:00, run_after=2025-06-22 16:00:00+00:00
[2025-06-22T12:38:19.067+0000] {processor.py:208} INFO - Processing /home/airflow/.local/lib/python3.12/site-packages/airflow/example_dags/example_latest_only.py took 0.082 seconds
[2025-06-22T12:38:49.233+0000] {processor.py:186} INFO - Started process (PID=301) to work on /home/airflow/.local/lib/python3.12/site-packages/airflow/example_dags/example_latest_only.py
[2025-06-22T12:38:49.235+0000] {processor.py:914} INFO - Processing file /home/airflow/.local/lib/python3.12/site-packages/airflow/example_dags/example_latest_only.py for tasks to queue
[2025-06-22T12:38:49.238+0000] {logging_mixin.py:190} INFO - [2025-06-22T12:38:49.237+0000] {dagbag.py:588} INFO - Filling up the DagBag from /home/airflow/.local/lib/python3.12/site-packages/airflow/example_dags/example_latest_only.py
[2025-06-22T12:38:49.246+0000] {processor.py:925} INFO - DAG(s) 'latest_only' retrieved from /home/airflow/.local/lib/python3.12/site-packages/airflow/example_dags/example_latest_only.py
[2025-06-22T12:38:49.267+0000] {logging_mixin.py:190} INFO - [2025-06-22T12:38:49.266+0000] {dag.py:3239} INFO - Sync 1 DAGs
[2025-06-22T12:38:49.292+0000] {logging_mixin.py:190} INFO - [2025-06-22T12:38:49.291+0000] {dag.py:4180} INFO - Setting next_dagrun for latest_only to 2025-06-22 12:00:00+00:00, run_after=2025-06-22 16:00:00+00:00
[2025-06-22T12:38:49.313+0000] {processor.py:208} INFO - Processing /home/airflow/.local/lib/python3.12/site-packages/airflow/example_dags/example_latest_only.py took 0.087 seconds
