[2025-06-22T12:22:35.987+0000] {processor.py:186} INFO - Started process (PID=127) to work on /home/airflow/.local/lib/python3.12/site-packages/airflow/example_dags/example_sensor_decorator.py
[2025-06-22T12:22:35.989+0000] {processor.py:914} INFO - Processing file /home/airflow/.local/lib/python3.12/site-packages/airflow/example_dags/example_sensor_decorator.py for tasks to queue
[2025-06-22T12:22:35.993+0000] {logging_mixin.py:190} INFO - [2025-06-22T12:22:35.992+0000] {dagbag.py:588} INFO - Filling up the DagBag from /home/airflow/.local/lib/python3.12/site-packages/airflow/example_dags/example_sensor_decorator.py
[2025-06-22T12:22:36.011+0000] {processor.py:925} INFO - DAG(s) 'example_sensor_decorator' retrieved from /home/airflow/.local/lib/python3.12/site-packages/airflow/example_dags/example_sensor_decorator.py
[2025-06-22T12:22:36.239+0000] {logging_mixin.py:190} INFO - [2025-06-22T12:22:36.238+0000] {override.py:1912} INFO - Created Permission View: can read on DAG:example_sensor_decorator
[2025-06-22T12:22:36.259+0000] {logging_mixin.py:190} INFO - [2025-06-22T12:22:36.259+0000] {override.py:1912} INFO - Created Permission View: can edit on DAG:example_sensor_decorator
[2025-06-22T12:22:36.272+0000] {logging_mixin.py:190} INFO - [2025-06-22T12:22:36.271+0000] {override.py:1912} INFO - Created Permission View: can delete on DAG:example_sensor_decorator
[2025-06-22T12:22:36.291+0000] {logging_mixin.py:190} INFO - [2025-06-22T12:22:36.291+0000] {override.py:1912} INFO - Created Permission View: can read on DAG Run:example_sensor_decorator
[2025-06-22T12:22:36.309+0000] {logging_mixin.py:190} INFO - [2025-06-22T12:22:36.308+0000] {override.py:1912} INFO - Created Permission View: can create on DAG Run:example_sensor_decorator
[2025-06-22T12:22:36.333+0000] {logging_mixin.py:190} INFO - [2025-06-22T12:22:36.332+0000] {override.py:1912} INFO - Created Permission View: can delete on DAG Run:example_sensor_decorator
[2025-06-22T12:22:36.346+0000] {logging_mixin.py:190} INFO - [2025-06-22T12:22:36.345+0000] {override.py:1912} INFO - Created Permission View: menu access on DAG Run:example_sensor_decorator
[2025-06-22T12:22:36.347+0000] {logging_mixin.py:190} INFO - [2025-06-22T12:22:36.346+0000] {dag.py:3239} INFO - Sync 1 DAGs
[2025-06-22T12:22:36.384+0000] {logging_mixin.py:190} INFO - [2025-06-22T12:22:36.383+0000] {dag.py:3262} INFO - Creating ORM DAG for example_sensor_decorator
[2025-06-22T12:22:36.396+0000] {logging_mixin.py:190} INFO - [2025-06-22T12:22:36.396+0000] {dag.py:4180} INFO - Setting next_dagrun for example_sensor_decorator to None, run_after=None
[2025-06-22T12:22:36.484+0000] {processor.py:208} INFO - Processing /home/airflow/.local/lib/python3.12/site-packages/airflow/example_dags/example_sensor_decorator.py took 0.510 seconds
[2025-06-22T12:23:06.834+0000] {processor.py:186} INFO - Started process (PID=240) to work on /home/airflow/.local/lib/python3.12/site-packages/airflow/example_dags/example_sensor_decorator.py
[2025-06-22T12:23:06.835+0000] {processor.py:914} INFO - Processing file /home/airflow/.local/lib/python3.12/site-packages/airflow/example_dags/example_sensor_decorator.py for tasks to queue
[2025-06-22T12:23:06.839+0000] {logging_mixin.py:190} INFO - [2025-06-22T12:23:06.838+0000] {dagbag.py:588} INFO - Filling up the DagBag from /home/airflow/.local/lib/python3.12/site-packages/airflow/example_dags/example_sensor_decorator.py
[2025-06-22T12:23:06.850+0000] {processor.py:925} INFO - DAG(s) 'example_sensor_decorator' retrieved from /home/airflow/.local/lib/python3.12/site-packages/airflow/example_dags/example_sensor_decorator.py
[2025-06-22T12:23:06.872+0000] {logging_mixin.py:190} INFO - [2025-06-22T12:23:06.872+0000] {dag.py:3239} INFO - Sync 1 DAGs
[2025-06-22T12:23:06.890+0000] {logging_mixin.py:190} INFO - [2025-06-22T12:23:06.890+0000] {dag.py:4180} INFO - Setting next_dagrun for example_sensor_decorator to None, run_after=None
[2025-06-22T12:23:06.913+0000] {processor.py:208} INFO - Processing /home/airflow/.local/lib/python3.12/site-packages/airflow/example_dags/example_sensor_decorator.py took 0.087 seconds
[2025-06-22T12:27:20.177+0000] {processor.py:186} INFO - Started process (PID=110) to work on /home/airflow/.local/lib/python3.12/site-packages/airflow/example_dags/example_sensor_decorator.py
[2025-06-22T12:27:20.178+0000] {processor.py:914} INFO - Processing file /home/airflow/.local/lib/python3.12/site-packages/airflow/example_dags/example_sensor_decorator.py for tasks to queue
[2025-06-22T12:27:20.181+0000] {logging_mixin.py:190} INFO - [2025-06-22T12:27:20.180+0000] {dagbag.py:588} INFO - Filling up the DagBag from /home/airflow/.local/lib/python3.12/site-packages/airflow/example_dags/example_sensor_decorator.py
[2025-06-22T12:27:20.189+0000] {processor.py:925} INFO - DAG(s) 'example_sensor_decorator' retrieved from /home/airflow/.local/lib/python3.12/site-packages/airflow/example_dags/example_sensor_decorator.py
[2025-06-22T12:27:20.209+0000] {logging_mixin.py:190} INFO - [2025-06-22T12:27:20.209+0000] {dag.py:3239} INFO - Sync 1 DAGs
[2025-06-22T12:27:20.224+0000] {logging_mixin.py:190} INFO - [2025-06-22T12:27:20.224+0000] {dag.py:4180} INFO - Setting next_dagrun for example_sensor_decorator to None, run_after=None
[2025-06-22T12:27:20.242+0000] {processor.py:208} INFO - Processing /home/airflow/.local/lib/python3.12/site-packages/airflow/example_dags/example_sensor_decorator.py took 0.070 seconds
[2025-06-22T12:27:50.544+0000] {processor.py:186} INFO - Started process (PID=182) to work on /home/airflow/.local/lib/python3.12/site-packages/airflow/example_dags/example_sensor_decorator.py
[2025-06-22T12:27:50.545+0000] {processor.py:914} INFO - Processing file /home/airflow/.local/lib/python3.12/site-packages/airflow/example_dags/example_sensor_decorator.py for tasks to queue
[2025-06-22T12:27:50.547+0000] {logging_mixin.py:190} INFO - [2025-06-22T12:27:50.547+0000] {dagbag.py:588} INFO - Filling up the DagBag from /home/airflow/.local/lib/python3.12/site-packages/airflow/example_dags/example_sensor_decorator.py
[2025-06-22T12:27:50.554+0000] {processor.py:925} INFO - DAG(s) 'example_sensor_decorator' retrieved from /home/airflow/.local/lib/python3.12/site-packages/airflow/example_dags/example_sensor_decorator.py
[2025-06-22T12:27:50.573+0000] {logging_mixin.py:190} INFO - [2025-06-22T12:27:50.572+0000] {dag.py:3239} INFO - Sync 1 DAGs
[2025-06-22T12:27:50.592+0000] {logging_mixin.py:190} INFO - [2025-06-22T12:27:50.591+0000] {dag.py:4180} INFO - Setting next_dagrun for example_sensor_decorator to None, run_after=None
[2025-06-22T12:27:50.611+0000] {processor.py:208} INFO - Processing /home/airflow/.local/lib/python3.12/site-packages/airflow/example_dags/example_sensor_decorator.py took 0.072 seconds
[2025-06-22T12:28:21.007+0000] {processor.py:186} INFO - Started process (PID=252) to work on /home/airflow/.local/lib/python3.12/site-packages/airflow/example_dags/example_sensor_decorator.py
[2025-06-22T12:28:21.008+0000] {processor.py:914} INFO - Processing file /home/airflow/.local/lib/python3.12/site-packages/airflow/example_dags/example_sensor_decorator.py for tasks to queue
[2025-06-22T12:28:21.010+0000] {logging_mixin.py:190} INFO - [2025-06-22T12:28:21.010+0000] {dagbag.py:588} INFO - Filling up the DagBag from /home/airflow/.local/lib/python3.12/site-packages/airflow/example_dags/example_sensor_decorator.py
[2025-06-22T12:28:21.018+0000] {processor.py:925} INFO - DAG(s) 'example_sensor_decorator' retrieved from /home/airflow/.local/lib/python3.12/site-packages/airflow/example_dags/example_sensor_decorator.py
[2025-06-22T12:28:21.037+0000] {logging_mixin.py:190} INFO - [2025-06-22T12:28:21.037+0000] {dag.py:3239} INFO - Sync 1 DAGs
[2025-06-22T12:28:21.051+0000] {logging_mixin.py:190} INFO - [2025-06-22T12:28:21.051+0000] {dag.py:4180} INFO - Setting next_dagrun for example_sensor_decorator to None, run_after=None
[2025-06-22T12:28:21.070+0000] {processor.py:208} INFO - Processing /home/airflow/.local/lib/python3.12/site-packages/airflow/example_dags/example_sensor_decorator.py took 0.068 seconds
[2025-06-22T12:28:51.402+0000] {processor.py:186} INFO - Started process (PID=317) to work on /home/airflow/.local/lib/python3.12/site-packages/airflow/example_dags/example_sensor_decorator.py
[2025-06-22T12:28:51.403+0000] {processor.py:914} INFO - Processing file /home/airflow/.local/lib/python3.12/site-packages/airflow/example_dags/example_sensor_decorator.py for tasks to queue
[2025-06-22T12:28:51.406+0000] {logging_mixin.py:190} INFO - [2025-06-22T12:28:51.406+0000] {dagbag.py:588} INFO - Filling up the DagBag from /home/airflow/.local/lib/python3.12/site-packages/airflow/example_dags/example_sensor_decorator.py
[2025-06-22T12:28:51.416+0000] {processor.py:925} INFO - DAG(s) 'example_sensor_decorator' retrieved from /home/airflow/.local/lib/python3.12/site-packages/airflow/example_dags/example_sensor_decorator.py
[2025-06-22T12:28:51.435+0000] {logging_mixin.py:190} INFO - [2025-06-22T12:28:51.435+0000] {dag.py:3239} INFO - Sync 1 DAGs
[2025-06-22T12:28:51.449+0000] {logging_mixin.py:190} INFO - [2025-06-22T12:28:51.449+0000] {dag.py:4180} INFO - Setting next_dagrun for example_sensor_decorator to None, run_after=None
[2025-06-22T12:28:51.466+0000] {processor.py:208} INFO - Processing /home/airflow/.local/lib/python3.12/site-packages/airflow/example_dags/example_sensor_decorator.py took 0.071 seconds
[2025-06-22T12:29:21.966+0000] {processor.py:186} INFO - Started process (PID=385) to work on /home/airflow/.local/lib/python3.12/site-packages/airflow/example_dags/example_sensor_decorator.py
[2025-06-22T12:29:21.968+0000] {processor.py:914} INFO - Processing file /home/airflow/.local/lib/python3.12/site-packages/airflow/example_dags/example_sensor_decorator.py for tasks to queue
[2025-06-22T12:29:21.970+0000] {logging_mixin.py:190} INFO - [2025-06-22T12:29:21.970+0000] {dagbag.py:588} INFO - Filling up the DagBag from /home/airflow/.local/lib/python3.12/site-packages/airflow/example_dags/example_sensor_decorator.py
[2025-06-22T12:29:21.978+0000] {processor.py:925} INFO - DAG(s) 'example_sensor_decorator' retrieved from /home/airflow/.local/lib/python3.12/site-packages/airflow/example_dags/example_sensor_decorator.py
[2025-06-22T12:29:21.996+0000] {logging_mixin.py:190} INFO - [2025-06-22T12:29:21.996+0000] {dag.py:3239} INFO - Sync 1 DAGs
[2025-06-22T12:29:22.009+0000] {logging_mixin.py:190} INFO - [2025-06-22T12:29:22.009+0000] {dag.py:4180} INFO - Setting next_dagrun for example_sensor_decorator to None, run_after=None
[2025-06-22T12:29:22.028+0000] {processor.py:208} INFO - Processing /home/airflow/.local/lib/python3.12/site-packages/airflow/example_dags/example_sensor_decorator.py took 0.069 seconds
[2025-06-22T12:29:52.549+0000] {processor.py:186} INFO - Started process (PID=449) to work on /home/airflow/.local/lib/python3.12/site-packages/airflow/example_dags/example_sensor_decorator.py
[2025-06-22T12:29:52.550+0000] {processor.py:914} INFO - Processing file /home/airflow/.local/lib/python3.12/site-packages/airflow/example_dags/example_sensor_decorator.py for tasks to queue
[2025-06-22T12:29:52.553+0000] {logging_mixin.py:190} INFO - [2025-06-22T12:29:52.552+0000] {dagbag.py:588} INFO - Filling up the DagBag from /home/airflow/.local/lib/python3.12/site-packages/airflow/example_dags/example_sensor_decorator.py
[2025-06-22T12:29:52.562+0000] {processor.py:925} INFO - DAG(s) 'example_sensor_decorator' retrieved from /home/airflow/.local/lib/python3.12/site-packages/airflow/example_dags/example_sensor_decorator.py
[2025-06-22T12:29:52.581+0000] {logging_mixin.py:190} INFO - [2025-06-22T12:29:52.581+0000] {dag.py:3239} INFO - Sync 1 DAGs
[2025-06-22T12:29:52.596+0000] {logging_mixin.py:190} INFO - [2025-06-22T12:29:52.596+0000] {dag.py:4180} INFO - Setting next_dagrun for example_sensor_decorator to None, run_after=None
[2025-06-22T12:29:52.621+0000] {processor.py:208} INFO - Processing /home/airflow/.local/lib/python3.12/site-packages/airflow/example_dags/example_sensor_decorator.py took 0.078 seconds
[2025-06-22T12:30:23.087+0000] {processor.py:186} INFO - Started process (PID=519) to work on /home/airflow/.local/lib/python3.12/site-packages/airflow/example_dags/example_sensor_decorator.py
[2025-06-22T12:30:23.088+0000] {processor.py:914} INFO - Processing file /home/airflow/.local/lib/python3.12/site-packages/airflow/example_dags/example_sensor_decorator.py for tasks to queue
[2025-06-22T12:30:23.091+0000] {logging_mixin.py:190} INFO - [2025-06-22T12:30:23.091+0000] {dagbag.py:588} INFO - Filling up the DagBag from /home/airflow/.local/lib/python3.12/site-packages/airflow/example_dags/example_sensor_decorator.py
[2025-06-22T12:30:23.098+0000] {processor.py:925} INFO - DAG(s) 'example_sensor_decorator' retrieved from /home/airflow/.local/lib/python3.12/site-packages/airflow/example_dags/example_sensor_decorator.py
[2025-06-22T12:30:23.116+0000] {logging_mixin.py:190} INFO - [2025-06-22T12:30:23.116+0000] {dag.py:3239} INFO - Sync 1 DAGs
[2025-06-22T12:30:23.130+0000] {logging_mixin.py:190} INFO - [2025-06-22T12:30:23.130+0000] {dag.py:4180} INFO - Setting next_dagrun for example_sensor_decorator to None, run_after=None
[2025-06-22T12:30:23.148+0000] {processor.py:208} INFO - Processing /home/airflow/.local/lib/python3.12/site-packages/airflow/example_dags/example_sensor_decorator.py took 0.066 seconds
[2025-06-22T12:37:51.574+0000] {processor.py:186} INFO - Started process (PID=129) to work on /home/airflow/.local/lib/python3.12/site-packages/airflow/example_dags/example_sensor_decorator.py
[2025-06-22T12:37:51.575+0000] {processor.py:914} INFO - Processing file /home/airflow/.local/lib/python3.12/site-packages/airflow/example_dags/example_sensor_decorator.py for tasks to queue
[2025-06-22T12:37:51.580+0000] {logging_mixin.py:190} INFO - [2025-06-22T12:37:51.580+0000] {dagbag.py:588} INFO - Filling up the DagBag from /home/airflow/.local/lib/python3.12/site-packages/airflow/example_dags/example_sensor_decorator.py
[2025-06-22T12:37:51.598+0000] {processor.py:925} INFO - DAG(s) 'example_sensor_decorator' retrieved from /home/airflow/.local/lib/python3.12/site-packages/airflow/example_dags/example_sensor_decorator.py
[2025-06-22T12:37:51.775+0000] {logging_mixin.py:190} INFO - [2025-06-22T12:37:51.774+0000] {override.py:1912} INFO - Created Permission View: can delete on DAG:example_sensor_decorator
[2025-06-22T12:37:51.788+0000] {logging_mixin.py:190} INFO - [2025-06-22T12:37:51.788+0000] {override.py:1912} INFO - Created Permission View: can edit on DAG:example_sensor_decorator
[2025-06-22T12:37:51.797+0000] {logging_mixin.py:190} INFO - [2025-06-22T12:37:51.797+0000] {override.py:1912} INFO - Created Permission View: can read on DAG:example_sensor_decorator
[2025-06-22T12:37:51.813+0000] {logging_mixin.py:190} INFO - [2025-06-22T12:37:51.812+0000] {override.py:1912} INFO - Created Permission View: can delete on DAG Run:example_sensor_decorator
[2025-06-22T12:37:51.828+0000] {logging_mixin.py:190} INFO - [2025-06-22T12:37:51.827+0000] {override.py:1912} INFO - Created Permission View: can create on DAG Run:example_sensor_decorator
[2025-06-22T12:37:51.839+0000] {logging_mixin.py:190} INFO - [2025-06-22T12:37:51.838+0000] {override.py:1912} INFO - Created Permission View: menu access on DAG Run:example_sensor_decorator
[2025-06-22T12:37:51.855+0000] {logging_mixin.py:190} INFO - [2025-06-22T12:37:51.854+0000] {override.py:1912} INFO - Created Permission View: can read on DAG Run:example_sensor_decorator
[2025-06-22T12:37:51.857+0000] {logging_mixin.py:190} INFO - [2025-06-22T12:37:51.857+0000] {dag.py:3239} INFO - Sync 1 DAGs
[2025-06-22T12:37:51.883+0000] {logging_mixin.py:190} INFO - [2025-06-22T12:37:51.882+0000] {dag.py:3262} INFO - Creating ORM DAG for example_sensor_decorator
[2025-06-22T12:37:51.886+0000] {logging_mixin.py:190} INFO - [2025-06-22T12:37:51.885+0000] {dag.py:4180} INFO - Setting next_dagrun for example_sensor_decorator to None, run_after=None
[2025-06-22T12:37:51.915+0000] {processor.py:208} INFO - Processing /home/airflow/.local/lib/python3.12/site-packages/airflow/example_dags/example_sensor_decorator.py took 0.353 seconds
[2025-06-22T12:38:22.035+0000] {processor.py:186} INFO - Started process (PID=258) to work on /home/airflow/.local/lib/python3.12/site-packages/airflow/example_dags/example_sensor_decorator.py
[2025-06-22T12:38:22.036+0000] {processor.py:914} INFO - Processing file /home/airflow/.local/lib/python3.12/site-packages/airflow/example_dags/example_sensor_decorator.py for tasks to queue
[2025-06-22T12:38:22.039+0000] {logging_mixin.py:190} INFO - [2025-06-22T12:38:22.039+0000] {dagbag.py:588} INFO - Filling up the DagBag from /home/airflow/.local/lib/python3.12/site-packages/airflow/example_dags/example_sensor_decorator.py
[2025-06-22T12:38:22.049+0000] {processor.py:925} INFO - DAG(s) 'example_sensor_decorator' retrieved from /home/airflow/.local/lib/python3.12/site-packages/airflow/example_dags/example_sensor_decorator.py
[2025-06-22T12:38:22.071+0000] {logging_mixin.py:190} INFO - [2025-06-22T12:38:22.071+0000] {dag.py:3239} INFO - Sync 1 DAGs
[2025-06-22T12:38:22.086+0000] {logging_mixin.py:190} INFO - [2025-06-22T12:38:22.086+0000] {dag.py:4180} INFO - Setting next_dagrun for example_sensor_decorator to None, run_after=None
[2025-06-22T12:38:22.110+0000] {processor.py:208} INFO - Processing /home/airflow/.local/lib/python3.12/site-packages/airflow/example_dags/example_sensor_decorator.py took 0.083 seconds
[2025-06-22T12:38:53.041+0000] {processor.py:186} INFO - Started process (PID=322) to work on /home/airflow/.local/lib/python3.12/site-packages/airflow/example_dags/example_sensor_decorator.py
[2025-06-22T12:38:53.042+0000] {processor.py:914} INFO - Processing file /home/airflow/.local/lib/python3.12/site-packages/airflow/example_dags/example_sensor_decorator.py for tasks to queue
[2025-06-22T12:38:53.044+0000] {logging_mixin.py:190} INFO - [2025-06-22T12:38:53.044+0000] {dagbag.py:588} INFO - Filling up the DagBag from /home/airflow/.local/lib/python3.12/site-packages/airflow/example_dags/example_sensor_decorator.py
[2025-06-22T12:38:53.052+0000] {processor.py:925} INFO - DAG(s) 'example_sensor_decorator' retrieved from /home/airflow/.local/lib/python3.12/site-packages/airflow/example_dags/example_sensor_decorator.py
[2025-06-22T12:38:53.070+0000] {logging_mixin.py:190} INFO - [2025-06-22T12:38:53.070+0000] {dag.py:3239} INFO - Sync 1 DAGs
[2025-06-22T12:38:53.089+0000] {logging_mixin.py:190} INFO - [2025-06-22T12:38:53.089+0000] {dag.py:4180} INFO - Setting next_dagrun for example_sensor_decorator to None, run_after=None
[2025-06-22T12:38:53.111+0000] {processor.py:208} INFO - Processing /home/airflow/.local/lib/python3.12/site-packages/airflow/example_dags/example_sensor_decorator.py took 0.077 seconds
