[2025-06-22T12:22:48.308+0000] {processor.py:186} INFO - Started process (PID=187) to work on /home/airflow/.local/lib/python3.12/site-packages/airflow/example_dags/example_kubernetes_executor.py
[2025-06-22T12:22:48.312+0000] {processor.py:914} INFO - Processing file /home/airflow/.local/lib/python3.12/site-packages/airflow/example_dags/example_kubernetes_executor.py for tasks to queue
[2025-06-22T12:22:48.320+0000] {logging_mixin.py:190} INFO - [2025-06-22T12:22:48.320+0000] {dagbag.py:588} INFO - Filling up the DagBag from /home/airflow/.local/lib/python3.12/site-packages/airflow/example_dags/example_kubernetes_executor.py
[2025-06-22T12:22:48.352+0000] {processor.py:925} INFO - DAG(s) 'example_kubernetes_executor' retrieved from /home/airflow/.local/lib/python3.12/site-packages/airflow/example_dags/example_kubernetes_executor.py
[2025-06-22T12:22:48.531+0000] {logging_mixin.py:190} INFO - [2025-06-22T12:22:48.530+0000] {override.py:1912} INFO - Created Permission View: can read on DAG:example_kubernetes_executor
[2025-06-22T12:22:48.547+0000] {logging_mixin.py:190} INFO - [2025-06-22T12:22:48.547+0000] {override.py:1912} INFO - Created Permission View: can edit on DAG:example_kubernetes_executor
[2025-06-22T12:22:48.557+0000] {logging_mixin.py:190} INFO - [2025-06-22T12:22:48.557+0000] {override.py:1912} INFO - Created Permission View: can delete on DAG:example_kubernetes_executor
[2025-06-22T12:22:48.572+0000] {logging_mixin.py:190} INFO - [2025-06-22T12:22:48.571+0000] {override.py:1912} INFO - Created Permission View: can read on DAG Run:example_kubernetes_executor
[2025-06-22T12:22:48.587+0000] {logging_mixin.py:190} INFO - [2025-06-22T12:22:48.586+0000] {override.py:1912} INFO - Created Permission View: can create on DAG Run:example_kubernetes_executor
[2025-06-22T12:22:48.602+0000] {logging_mixin.py:190} INFO - [2025-06-22T12:22:48.601+0000] {override.py:1912} INFO - Created Permission View: can delete on DAG Run:example_kubernetes_executor
[2025-06-22T12:22:48.626+0000] {logging_mixin.py:190} INFO - [2025-06-22T12:22:48.625+0000] {override.py:1912} INFO - Created Permission View: menu access on DAG Run:example_kubernetes_executor
[2025-06-22T12:22:48.635+0000] {logging_mixin.py:190} INFO - [2025-06-22T12:22:48.634+0000] {dag.py:3239} INFO - Sync 1 DAGs
[2025-06-22T12:22:48.661+0000] {logging_mixin.py:190} INFO - [2025-06-22T12:22:48.661+0000] {dag.py:3262} INFO - Creating ORM DAG for example_kubernetes_executor
[2025-06-22T12:22:48.663+0000] {logging_mixin.py:190} INFO - [2025-06-22T12:22:48.662+0000] {dag.py:4180} INFO - Setting next_dagrun for example_kubernetes_executor to None, run_after=None
[2025-06-22T12:22:48.693+0000] {processor.py:208} INFO - Processing /home/airflow/.local/lib/python3.12/site-packages/airflow/example_dags/example_kubernetes_executor.py took 0.397 seconds
[2025-06-22T12:23:19.064+0000] {processor.py:186} INFO - Started process (PID=273) to work on /home/airflow/.local/lib/python3.12/site-packages/airflow/example_dags/example_kubernetes_executor.py
[2025-06-22T12:23:19.065+0000] {processor.py:914} INFO - Processing file /home/airflow/.local/lib/python3.12/site-packages/airflow/example_dags/example_kubernetes_executor.py for tasks to queue
[2025-06-22T12:23:19.068+0000] {logging_mixin.py:190} INFO - [2025-06-22T12:23:19.068+0000] {dagbag.py:588} INFO - Filling up the DagBag from /home/airflow/.local/lib/python3.12/site-packages/airflow/example_dags/example_kubernetes_executor.py
[2025-06-22T12:23:19.083+0000] {processor.py:925} INFO - DAG(s) 'example_kubernetes_executor' retrieved from /home/airflow/.local/lib/python3.12/site-packages/airflow/example_dags/example_kubernetes_executor.py
[2025-06-22T12:23:19.104+0000] {logging_mixin.py:190} INFO - [2025-06-22T12:23:19.104+0000] {dag.py:3239} INFO - Sync 1 DAGs
[2025-06-22T12:23:19.118+0000] {logging_mixin.py:190} INFO - [2025-06-22T12:23:19.118+0000] {dag.py:4180} INFO - Setting next_dagrun for example_kubernetes_executor to None, run_after=None
[2025-06-22T12:23:19.136+0000] {processor.py:208} INFO - Processing /home/airflow/.local/lib/python3.12/site-packages/airflow/example_dags/example_kubernetes_executor.py took 0.080 seconds
[2025-06-22T12:27:23.808+0000] {processor.py:186} INFO - Started process (PID=139) to work on /home/airflow/.local/lib/python3.12/site-packages/airflow/example_dags/example_kubernetes_executor.py
[2025-06-22T12:27:23.809+0000] {processor.py:914} INFO - Processing file /home/airflow/.local/lib/python3.12/site-packages/airflow/example_dags/example_kubernetes_executor.py for tasks to queue
[2025-06-22T12:27:23.812+0000] {logging_mixin.py:190} INFO - [2025-06-22T12:27:23.811+0000] {dagbag.py:588} INFO - Filling up the DagBag from /home/airflow/.local/lib/python3.12/site-packages/airflow/example_dags/example_kubernetes_executor.py
[2025-06-22T12:27:23.832+0000] {processor.py:925} INFO - DAG(s) 'example_kubernetes_executor' retrieved from /home/airflow/.local/lib/python3.12/site-packages/airflow/example_dags/example_kubernetes_executor.py
[2025-06-22T12:27:23.861+0000] {logging_mixin.py:190} INFO - [2025-06-22T12:27:23.860+0000] {dag.py:3239} INFO - Sync 1 DAGs
[2025-06-22T12:27:23.877+0000] {logging_mixin.py:190} INFO - [2025-06-22T12:27:23.877+0000] {dag.py:4180} INFO - Setting next_dagrun for example_kubernetes_executor to None, run_after=None
[2025-06-22T12:27:23.899+0000] {processor.py:208} INFO - Processing /home/airflow/.local/lib/python3.12/site-packages/airflow/example_dags/example_kubernetes_executor.py took 0.097 seconds
[2025-06-22T12:27:54.389+0000] {processor.py:186} INFO - Started process (PID=211) to work on /home/airflow/.local/lib/python3.12/site-packages/airflow/example_dags/example_kubernetes_executor.py
[2025-06-22T12:27:54.390+0000] {processor.py:914} INFO - Processing file /home/airflow/.local/lib/python3.12/site-packages/airflow/example_dags/example_kubernetes_executor.py for tasks to queue
[2025-06-22T12:27:54.393+0000] {logging_mixin.py:190} INFO - [2025-06-22T12:27:54.392+0000] {dagbag.py:588} INFO - Filling up the DagBag from /home/airflow/.local/lib/python3.12/site-packages/airflow/example_dags/example_kubernetes_executor.py
[2025-06-22T12:27:54.406+0000] {processor.py:925} INFO - DAG(s) 'example_kubernetes_executor' retrieved from /home/airflow/.local/lib/python3.12/site-packages/airflow/example_dags/example_kubernetes_executor.py
[2025-06-22T12:27:54.430+0000] {logging_mixin.py:190} INFO - [2025-06-22T12:27:54.430+0000] {dag.py:3239} INFO - Sync 1 DAGs
[2025-06-22T12:27:54.444+0000] {logging_mixin.py:190} INFO - [2025-06-22T12:27:54.443+0000] {dag.py:4180} INFO - Setting next_dagrun for example_kubernetes_executor to None, run_after=None
[2025-06-22T12:27:54.463+0000] {processor.py:208} INFO - Processing /home/airflow/.local/lib/python3.12/site-packages/airflow/example_dags/example_kubernetes_executor.py took 0.079 seconds
[2025-06-22T12:28:25.319+0000] {processor.py:186} INFO - Started process (PID=281) to work on /home/airflow/.local/lib/python3.12/site-packages/airflow/example_dags/example_kubernetes_executor.py
[2025-06-22T12:28:25.320+0000] {processor.py:914} INFO - Processing file /home/airflow/.local/lib/python3.12/site-packages/airflow/example_dags/example_kubernetes_executor.py for tasks to queue
[2025-06-22T12:28:25.322+0000] {logging_mixin.py:190} INFO - [2025-06-22T12:28:25.322+0000] {dagbag.py:588} INFO - Filling up the DagBag from /home/airflow/.local/lib/python3.12/site-packages/airflow/example_dags/example_kubernetes_executor.py
[2025-06-22T12:28:25.336+0000] {processor.py:925} INFO - DAG(s) 'example_kubernetes_executor' retrieved from /home/airflow/.local/lib/python3.12/site-packages/airflow/example_dags/example_kubernetes_executor.py
[2025-06-22T12:28:25.358+0000] {logging_mixin.py:190} INFO - [2025-06-22T12:28:25.358+0000] {dag.py:3239} INFO - Sync 1 DAGs
[2025-06-22T12:28:25.372+0000] {logging_mixin.py:190} INFO - [2025-06-22T12:28:25.372+0000] {dag.py:4180} INFO - Setting next_dagrun for example_kubernetes_executor to None, run_after=None
[2025-06-22T12:28:25.391+0000] {processor.py:208} INFO - Processing /home/airflow/.local/lib/python3.12/site-packages/airflow/example_dags/example_kubernetes_executor.py took 0.078 seconds
[2025-06-22T12:28:56.392+0000] {processor.py:186} INFO - Started process (PID=345) to work on /home/airflow/.local/lib/python3.12/site-packages/airflow/example_dags/example_kubernetes_executor.py
[2025-06-22T12:28:56.393+0000] {processor.py:914} INFO - Processing file /home/airflow/.local/lib/python3.12/site-packages/airflow/example_dags/example_kubernetes_executor.py for tasks to queue
[2025-06-22T12:28:56.395+0000] {logging_mixin.py:190} INFO - [2025-06-22T12:28:56.395+0000] {dagbag.py:588} INFO - Filling up the DagBag from /home/airflow/.local/lib/python3.12/site-packages/airflow/example_dags/example_kubernetes_executor.py
[2025-06-22T12:28:56.408+0000] {processor.py:925} INFO - DAG(s) 'example_kubernetes_executor' retrieved from /home/airflow/.local/lib/python3.12/site-packages/airflow/example_dags/example_kubernetes_executor.py
[2025-06-22T12:28:56.429+0000] {logging_mixin.py:190} INFO - [2025-06-22T12:28:56.429+0000] {dag.py:3239} INFO - Sync 1 DAGs
[2025-06-22T12:28:56.442+0000] {logging_mixin.py:190} INFO - [2025-06-22T12:28:56.442+0000] {dag.py:4180} INFO - Setting next_dagrun for example_kubernetes_executor to None, run_after=None
[2025-06-22T12:28:56.459+0000] {processor.py:208} INFO - Processing /home/airflow/.local/lib/python3.12/site-packages/airflow/example_dags/example_kubernetes_executor.py took 0.072 seconds
[2025-06-22T12:29:26.965+0000] {processor.py:186} INFO - Started process (PID=414) to work on /home/airflow/.local/lib/python3.12/site-packages/airflow/example_dags/example_kubernetes_executor.py
[2025-06-22T12:29:26.966+0000] {processor.py:914} INFO - Processing file /home/airflow/.local/lib/python3.12/site-packages/airflow/example_dags/example_kubernetes_executor.py for tasks to queue
[2025-06-22T12:29:26.968+0000] {logging_mixin.py:190} INFO - [2025-06-22T12:29:26.968+0000] {dagbag.py:588} INFO - Filling up the DagBag from /home/airflow/.local/lib/python3.12/site-packages/airflow/example_dags/example_kubernetes_executor.py
[2025-06-22T12:29:26.981+0000] {processor.py:925} INFO - DAG(s) 'example_kubernetes_executor' retrieved from /home/airflow/.local/lib/python3.12/site-packages/airflow/example_dags/example_kubernetes_executor.py
[2025-06-22T12:29:27.002+0000] {logging_mixin.py:190} INFO - [2025-06-22T12:29:27.002+0000] {dag.py:3239} INFO - Sync 1 DAGs
[2025-06-22T12:29:27.015+0000] {logging_mixin.py:190} INFO - [2025-06-22T12:29:27.015+0000] {dag.py:4180} INFO - Setting next_dagrun for example_kubernetes_executor to None, run_after=None
[2025-06-22T12:29:27.033+0000] {processor.py:208} INFO - Processing /home/airflow/.local/lib/python3.12/site-packages/airflow/example_dags/example_kubernetes_executor.py took 0.073 seconds
[2025-06-22T12:29:58.599+0000] {processor.py:186} INFO - Started process (PID=478) to work on /home/airflow/.local/lib/python3.12/site-packages/airflow/example_dags/example_kubernetes_executor.py
[2025-06-22T12:29:58.600+0000] {processor.py:914} INFO - Processing file /home/airflow/.local/lib/python3.12/site-packages/airflow/example_dags/example_kubernetes_executor.py for tasks to queue
[2025-06-22T12:29:58.602+0000] {logging_mixin.py:190} INFO - [2025-06-22T12:29:58.602+0000] {dagbag.py:588} INFO - Filling up the DagBag from /home/airflow/.local/lib/python3.12/site-packages/airflow/example_dags/example_kubernetes_executor.py
[2025-06-22T12:29:58.616+0000] {processor.py:925} INFO - DAG(s) 'example_kubernetes_executor' retrieved from /home/airflow/.local/lib/python3.12/site-packages/airflow/example_dags/example_kubernetes_executor.py
[2025-06-22T12:29:58.636+0000] {logging_mixin.py:190} INFO - [2025-06-22T12:29:58.636+0000] {dag.py:3239} INFO - Sync 1 DAGs
[2025-06-22T12:29:58.649+0000] {logging_mixin.py:190} INFO - [2025-06-22T12:29:58.648+0000] {dag.py:4180} INFO - Setting next_dagrun for example_kubernetes_executor to None, run_after=None
[2025-06-22T12:29:58.666+0000] {processor.py:208} INFO - Processing /home/airflow/.local/lib/python3.12/site-packages/airflow/example_dags/example_kubernetes_executor.py took 0.074 seconds
[2025-06-22T12:30:29.443+0000] {processor.py:186} INFO - Started process (PID=548) to work on /home/airflow/.local/lib/python3.12/site-packages/airflow/example_dags/example_kubernetes_executor.py
[2025-06-22T12:30:29.444+0000] {processor.py:914} INFO - Processing file /home/airflow/.local/lib/python3.12/site-packages/airflow/example_dags/example_kubernetes_executor.py for tasks to queue
[2025-06-22T12:30:29.446+0000] {logging_mixin.py:190} INFO - [2025-06-22T12:30:29.446+0000] {dagbag.py:588} INFO - Filling up the DagBag from /home/airflow/.local/lib/python3.12/site-packages/airflow/example_dags/example_kubernetes_executor.py
[2025-06-22T12:30:29.460+0000] {processor.py:925} INFO - DAG(s) 'example_kubernetes_executor' retrieved from /home/airflow/.local/lib/python3.12/site-packages/airflow/example_dags/example_kubernetes_executor.py
[2025-06-22T12:30:29.482+0000] {logging_mixin.py:190} INFO - [2025-06-22T12:30:29.482+0000] {dag.py:3239} INFO - Sync 1 DAGs
[2025-06-22T12:30:29.496+0000] {logging_mixin.py:190} INFO - [2025-06-22T12:30:29.496+0000] {dag.py:4180} INFO - Setting next_dagrun for example_kubernetes_executor to None, run_after=None
[2025-06-22T12:30:29.514+0000] {processor.py:208} INFO - Processing /home/airflow/.local/lib/python3.12/site-packages/airflow/example_dags/example_kubernetes_executor.py took 0.077 seconds
[2025-06-22T12:38:03.246+0000] {processor.py:186} INFO - Started process (PID=202) to work on /home/airflow/.local/lib/python3.12/site-packages/airflow/example_dags/example_kubernetes_executor.py
[2025-06-22T12:38:03.253+0000] {processor.py:914} INFO - Processing file /home/airflow/.local/lib/python3.12/site-packages/airflow/example_dags/example_kubernetes_executor.py for tasks to queue
[2025-06-22T12:38:03.259+0000] {logging_mixin.py:190} INFO - [2025-06-22T12:38:03.258+0000] {dagbag.py:588} INFO - Filling up the DagBag from /home/airflow/.local/lib/python3.12/site-packages/airflow/example_dags/example_kubernetes_executor.py
[2025-06-22T12:38:03.349+0000] {processor.py:925} INFO - DAG(s) 'example_kubernetes_executor' retrieved from /home/airflow/.local/lib/python3.12/site-packages/airflow/example_dags/example_kubernetes_executor.py
[2025-06-22T12:38:03.669+0000] {logging_mixin.py:190} INFO - [2025-06-22T12:38:03.658+0000] {override.py:1912} INFO - Created Permission View: can delete on DAG:example_kubernetes_executor
[2025-06-22T12:38:03.717+0000] {logging_mixin.py:190} INFO - [2025-06-22T12:38:03.710+0000] {override.py:1912} INFO - Created Permission View: can edit on DAG:example_kubernetes_executor
[2025-06-22T12:38:03.731+0000] {logging_mixin.py:190} INFO - [2025-06-22T12:38:03.730+0000] {override.py:1912} INFO - Created Permission View: can read on DAG:example_kubernetes_executor
[2025-06-22T12:38:03.767+0000] {logging_mixin.py:190} INFO - [2025-06-22T12:38:03.765+0000] {override.py:1912} INFO - Created Permission View: can delete on DAG Run:example_kubernetes_executor
[2025-06-22T12:38:03.804+0000] {logging_mixin.py:190} INFO - [2025-06-22T12:38:03.797+0000] {override.py:1912} INFO - Created Permission View: can create on DAG Run:example_kubernetes_executor
[2025-06-22T12:38:03.833+0000] {logging_mixin.py:190} INFO - [2025-06-22T12:38:03.833+0000] {override.py:1912} INFO - Created Permission View: menu access on DAG Run:example_kubernetes_executor
[2025-06-22T12:38:03.853+0000] {logging_mixin.py:190} INFO - [2025-06-22T12:38:03.853+0000] {override.py:1912} INFO - Created Permission View: can read on DAG Run:example_kubernetes_executor
[2025-06-22T12:38:03.854+0000] {logging_mixin.py:190} INFO - [2025-06-22T12:38:03.854+0000] {dag.py:3239} INFO - Sync 1 DAGs
[2025-06-22T12:38:03.900+0000] {logging_mixin.py:190} INFO - [2025-06-22T12:38:03.900+0000] {dag.py:3262} INFO - Creating ORM DAG for example_kubernetes_executor
[2025-06-22T12:38:03.902+0000] {logging_mixin.py:190} INFO - [2025-06-22T12:38:03.901+0000] {dag.py:4180} INFO - Setting next_dagrun for example_kubernetes_executor to None, run_after=None
[2025-06-22T12:38:03.941+0000] {processor.py:208} INFO - Processing /home/airflow/.local/lib/python3.12/site-packages/airflow/example_dags/example_kubernetes_executor.py took 0.721 seconds
[2025-06-22T12:38:34.834+0000] {processor.py:186} INFO - Started process (PID=287) to work on /home/airflow/.local/lib/python3.12/site-packages/airflow/example_dags/example_kubernetes_executor.py
[2025-06-22T12:38:34.839+0000] {processor.py:914} INFO - Processing file /home/airflow/.local/lib/python3.12/site-packages/airflow/example_dags/example_kubernetes_executor.py for tasks to queue
[2025-06-22T12:38:34.842+0000] {logging_mixin.py:190} INFO - [2025-06-22T12:38:34.841+0000] {dagbag.py:588} INFO - Filling up the DagBag from /home/airflow/.local/lib/python3.12/site-packages/airflow/example_dags/example_kubernetes_executor.py
[2025-06-22T12:38:34.858+0000] {processor.py:925} INFO - DAG(s) 'example_kubernetes_executor' retrieved from /home/airflow/.local/lib/python3.12/site-packages/airflow/example_dags/example_kubernetes_executor.py
[2025-06-22T12:38:34.887+0000] {logging_mixin.py:190} INFO - [2025-06-22T12:38:34.886+0000] {dag.py:3239} INFO - Sync 1 DAGs
[2025-06-22T12:38:34.905+0000] {logging_mixin.py:190} INFO - [2025-06-22T12:38:34.905+0000] {dag.py:4180} INFO - Setting next_dagrun for example_kubernetes_executor to None, run_after=None
[2025-06-22T12:38:34.930+0000] {processor.py:208} INFO - Processing /home/airflow/.local/lib/python3.12/site-packages/airflow/example_dags/example_kubernetes_executor.py took 0.103 seconds
