[2025-06-22T12:22:39.602+0000] {processor.py:186} INFO - Started process (PID=142) to work on /home/airflow/.local/lib/python3.12/site-packages/airflow/example_dags/example_trigger_target_dag.py
[2025-06-22T12:22:39.607+0000] {processor.py:914} INFO - Processing file /home/airflow/.local/lib/python3.12/site-packages/airflow/example_dags/example_trigger_target_dag.py for tasks to queue
[2025-06-22T12:22:39.614+0000] {logging_mixin.py:190} INFO - [2025-06-22T12:22:39.613+0000] {dagbag.py:588} INFO - Filling up the DagBag from /home/airflow/.local/lib/python3.12/site-packages/airflow/example_dags/example_trigger_target_dag.py
[2025-06-22T12:22:39.633+0000] {processor.py:925} INFO - DAG(s) 'example_trigger_target_dag' retrieved from /home/airflow/.local/lib/python3.12/site-packages/airflow/example_dags/example_trigger_target_dag.py
[2025-06-22T12:22:39.863+0000] {logging_mixin.py:190} INFO - [2025-06-22T12:22:39.862+0000] {override.py:1912} INFO - Created Permission View: can read on DAG:example_trigger_target_dag
[2025-06-22T12:22:39.895+0000] {logging_mixin.py:190} INFO - [2025-06-22T12:22:39.895+0000] {override.py:1912} INFO - Created Permission View: can edit on DAG:example_trigger_target_dag
[2025-06-22T12:22:39.912+0000] {logging_mixin.py:190} INFO - [2025-06-22T12:22:39.911+0000] {override.py:1912} INFO - Created Permission View: can delete on DAG:example_trigger_target_dag
[2025-06-22T12:22:39.934+0000] {logging_mixin.py:190} INFO - [2025-06-22T12:22:39.933+0000] {override.py:1912} INFO - Created Permission View: can read on DAG Run:example_trigger_target_dag
[2025-06-22T12:22:39.961+0000] {logging_mixin.py:190} INFO - [2025-06-22T12:22:39.960+0000] {override.py:1912} INFO - Created Permission View: can create on DAG Run:example_trigger_target_dag
[2025-06-22T12:22:39.987+0000] {logging_mixin.py:190} INFO - [2025-06-22T12:22:39.979+0000] {override.py:1912} INFO - Created Permission View: can delete on DAG Run:example_trigger_target_dag
[2025-06-22T12:22:40.016+0000] {logging_mixin.py:190} INFO - [2025-06-22T12:22:40.015+0000] {override.py:1912} INFO - Created Permission View: menu access on DAG Run:example_trigger_target_dag
[2025-06-22T12:22:40.020+0000] {logging_mixin.py:190} INFO - [2025-06-22T12:22:40.019+0000] {dag.py:3239} INFO - Sync 1 DAGs
[2025-06-22T12:22:40.047+0000] {logging_mixin.py:190} INFO - [2025-06-22T12:22:40.045+0000] {dag.py:3262} INFO - Creating ORM DAG for example_trigger_target_dag
[2025-06-22T12:22:40.050+0000] {logging_mixin.py:190} INFO - [2025-06-22T12:22:40.050+0000] {dag.py:4180} INFO - Setting next_dagrun for example_trigger_target_dag to None, run_after=None
[2025-06-22T12:22:40.091+0000] {processor.py:208} INFO - Processing /home/airflow/.local/lib/python3.12/site-packages/airflow/example_dags/example_trigger_target_dag.py took 0.505 seconds
[2025-06-22T12:23:10.293+0000] {processor.py:186} INFO - Started process (PID=249) to work on /home/airflow/.local/lib/python3.12/site-packages/airflow/example_dags/example_trigger_target_dag.py
[2025-06-22T12:23:10.294+0000] {processor.py:914} INFO - Processing file /home/airflow/.local/lib/python3.12/site-packages/airflow/example_dags/example_trigger_target_dag.py for tasks to queue
[2025-06-22T12:23:10.296+0000] {logging_mixin.py:190} INFO - [2025-06-22T12:23:10.296+0000] {dagbag.py:588} INFO - Filling up the DagBag from /home/airflow/.local/lib/python3.12/site-packages/airflow/example_dags/example_trigger_target_dag.py
[2025-06-22T12:23:10.304+0000] {processor.py:925} INFO - DAG(s) 'example_trigger_target_dag' retrieved from /home/airflow/.local/lib/python3.12/site-packages/airflow/example_dags/example_trigger_target_dag.py
[2025-06-22T12:23:10.322+0000] {logging_mixin.py:190} INFO - [2025-06-22T12:23:10.321+0000] {dag.py:3239} INFO - Sync 1 DAGs
[2025-06-22T12:23:10.336+0000] {logging_mixin.py:190} INFO - [2025-06-22T12:23:10.336+0000] {dag.py:4180} INFO - Setting next_dagrun for example_trigger_target_dag to None, run_after=None
[2025-06-22T12:23:10.366+0000] {processor.py:208} INFO - Processing /home/airflow/.local/lib/python3.12/site-packages/airflow/example_dags/example_trigger_target_dag.py took 0.079 seconds
[2025-06-22T12:27:20.912+0000] {processor.py:186} INFO - Started process (PID=120) to work on /home/airflow/.local/lib/python3.12/site-packages/airflow/example_dags/example_trigger_target_dag.py
[2025-06-22T12:27:20.913+0000] {processor.py:914} INFO - Processing file /home/airflow/.local/lib/python3.12/site-packages/airflow/example_dags/example_trigger_target_dag.py for tasks to queue
[2025-06-22T12:27:20.915+0000] {logging_mixin.py:190} INFO - [2025-06-22T12:27:20.915+0000] {dagbag.py:588} INFO - Filling up the DagBag from /home/airflow/.local/lib/python3.12/site-packages/airflow/example_dags/example_trigger_target_dag.py
[2025-06-22T12:27:20.921+0000] {processor.py:925} INFO - DAG(s) 'example_trigger_target_dag' retrieved from /home/airflow/.local/lib/python3.12/site-packages/airflow/example_dags/example_trigger_target_dag.py
[2025-06-22T12:27:20.937+0000] {logging_mixin.py:190} INFO - [2025-06-22T12:27:20.937+0000] {dag.py:3239} INFO - Sync 1 DAGs
[2025-06-22T12:27:20.949+0000] {logging_mixin.py:190} INFO - [2025-06-22T12:27:20.949+0000] {dag.py:4180} INFO - Setting next_dagrun for example_trigger_target_dag to None, run_after=None
[2025-06-22T12:27:20.965+0000] {processor.py:208} INFO - Processing /home/airflow/.local/lib/python3.12/site-packages/airflow/example_dags/example_trigger_target_dag.py took 0.057 seconds
[2025-06-22T12:27:51.004+0000] {processor.py:186} INFO - Started process (PID=191) to work on /home/airflow/.local/lib/python3.12/site-packages/airflow/example_dags/example_trigger_target_dag.py
[2025-06-22T12:27:51.005+0000] {processor.py:914} INFO - Processing file /home/airflow/.local/lib/python3.12/site-packages/airflow/example_dags/example_trigger_target_dag.py for tasks to queue
[2025-06-22T12:27:51.007+0000] {logging_mixin.py:190} INFO - [2025-06-22T12:27:51.007+0000] {dagbag.py:588} INFO - Filling up the DagBag from /home/airflow/.local/lib/python3.12/site-packages/airflow/example_dags/example_trigger_target_dag.py
[2025-06-22T12:27:51.015+0000] {processor.py:925} INFO - DAG(s) 'example_trigger_target_dag' retrieved from /home/airflow/.local/lib/python3.12/site-packages/airflow/example_dags/example_trigger_target_dag.py
[2025-06-22T12:27:51.031+0000] {logging_mixin.py:190} INFO - [2025-06-22T12:27:51.031+0000] {dag.py:3239} INFO - Sync 1 DAGs
[2025-06-22T12:27:51.044+0000] {logging_mixin.py:190} INFO - [2025-06-22T12:27:51.044+0000] {dag.py:4180} INFO - Setting next_dagrun for example_trigger_target_dag to None, run_after=None
[2025-06-22T12:27:51.064+0000] {processor.py:208} INFO - Processing /home/airflow/.local/lib/python3.12/site-packages/airflow/example_dags/example_trigger_target_dag.py took 0.065 seconds
[2025-06-22T12:28:21.508+0000] {processor.py:186} INFO - Started process (PID=262) to work on /home/airflow/.local/lib/python3.12/site-packages/airflow/example_dags/example_trigger_target_dag.py
[2025-06-22T12:28:21.509+0000] {processor.py:914} INFO - Processing file /home/airflow/.local/lib/python3.12/site-packages/airflow/example_dags/example_trigger_target_dag.py for tasks to queue
[2025-06-22T12:28:21.511+0000] {logging_mixin.py:190} INFO - [2025-06-22T12:28:21.511+0000] {dagbag.py:588} INFO - Filling up the DagBag from /home/airflow/.local/lib/python3.12/site-packages/airflow/example_dags/example_trigger_target_dag.py
[2025-06-22T12:28:21.519+0000] {processor.py:925} INFO - DAG(s) 'example_trigger_target_dag' retrieved from /home/airflow/.local/lib/python3.12/site-packages/airflow/example_dags/example_trigger_target_dag.py
[2025-06-22T12:28:21.536+0000] {logging_mixin.py:190} INFO - [2025-06-22T12:28:21.536+0000] {dag.py:3239} INFO - Sync 1 DAGs
[2025-06-22T12:28:21.549+0000] {logging_mixin.py:190} INFO - [2025-06-22T12:28:21.548+0000] {dag.py:4180} INFO - Setting next_dagrun for example_trigger_target_dag to None, run_after=None
[2025-06-22T12:28:21.566+0000] {processor.py:208} INFO - Processing /home/airflow/.local/lib/python3.12/site-packages/airflow/example_dags/example_trigger_target_dag.py took 0.063 seconds
[2025-06-22T12:28:52.181+0000] {processor.py:186} INFO - Started process (PID=327) to work on /home/airflow/.local/lib/python3.12/site-packages/airflow/example_dags/example_trigger_target_dag.py
[2025-06-22T12:28:52.182+0000] {processor.py:914} INFO - Processing file /home/airflow/.local/lib/python3.12/site-packages/airflow/example_dags/example_trigger_target_dag.py for tasks to queue
[2025-06-22T12:28:52.184+0000] {logging_mixin.py:190} INFO - [2025-06-22T12:28:52.184+0000] {dagbag.py:588} INFO - Filling up the DagBag from /home/airflow/.local/lib/python3.12/site-packages/airflow/example_dags/example_trigger_target_dag.py
[2025-06-22T12:28:52.191+0000] {processor.py:925} INFO - DAG(s) 'example_trigger_target_dag' retrieved from /home/airflow/.local/lib/python3.12/site-packages/airflow/example_dags/example_trigger_target_dag.py
[2025-06-22T12:28:52.208+0000] {logging_mixin.py:190} INFO - [2025-06-22T12:28:52.208+0000] {dag.py:3239} INFO - Sync 1 DAGs
[2025-06-22T12:28:52.220+0000] {logging_mixin.py:190} INFO - [2025-06-22T12:28:52.220+0000] {dag.py:4180} INFO - Setting next_dagrun for example_trigger_target_dag to None, run_after=None
[2025-06-22T12:28:52.238+0000] {processor.py:208} INFO - Processing /home/airflow/.local/lib/python3.12/site-packages/airflow/example_dags/example_trigger_target_dag.py took 0.062 seconds
[2025-06-22T12:29:22.847+0000] {processor.py:186} INFO - Started process (PID=395) to work on /home/airflow/.local/lib/python3.12/site-packages/airflow/example_dags/example_trigger_target_dag.py
[2025-06-22T12:29:22.848+0000] {processor.py:914} INFO - Processing file /home/airflow/.local/lib/python3.12/site-packages/airflow/example_dags/example_trigger_target_dag.py for tasks to queue
[2025-06-22T12:29:22.850+0000] {logging_mixin.py:190} INFO - [2025-06-22T12:29:22.850+0000] {dagbag.py:588} INFO - Filling up the DagBag from /home/airflow/.local/lib/python3.12/site-packages/airflow/example_dags/example_trigger_target_dag.py
[2025-06-22T12:29:22.857+0000] {processor.py:925} INFO - DAG(s) 'example_trigger_target_dag' retrieved from /home/airflow/.local/lib/python3.12/site-packages/airflow/example_dags/example_trigger_target_dag.py
[2025-06-22T12:29:22.873+0000] {logging_mixin.py:190} INFO - [2025-06-22T12:29:22.873+0000] {dag.py:3239} INFO - Sync 1 DAGs
[2025-06-22T12:29:22.886+0000] {logging_mixin.py:190} INFO - [2025-06-22T12:29:22.886+0000] {dag.py:4180} INFO - Setting next_dagrun for example_trigger_target_dag to None, run_after=None
[2025-06-22T12:29:22.902+0000] {processor.py:208} INFO - Processing /home/airflow/.local/lib/python3.12/site-packages/airflow/example_dags/example_trigger_target_dag.py took 0.060 seconds
[2025-06-22T12:29:53.111+0000] {processor.py:186} INFO - Started process (PID=459) to work on /home/airflow/.local/lib/python3.12/site-packages/airflow/example_dags/example_trigger_target_dag.py
[2025-06-22T12:29:53.112+0000] {processor.py:914} INFO - Processing file /home/airflow/.local/lib/python3.12/site-packages/airflow/example_dags/example_trigger_target_dag.py for tasks to queue
[2025-06-22T12:29:53.114+0000] {logging_mixin.py:190} INFO - [2025-06-22T12:29:53.114+0000] {dagbag.py:588} INFO - Filling up the DagBag from /home/airflow/.local/lib/python3.12/site-packages/airflow/example_dags/example_trigger_target_dag.py
[2025-06-22T12:29:53.122+0000] {processor.py:925} INFO - DAG(s) 'example_trigger_target_dag' retrieved from /home/airflow/.local/lib/python3.12/site-packages/airflow/example_dags/example_trigger_target_dag.py
[2025-06-22T12:29:53.140+0000] {logging_mixin.py:190} INFO - [2025-06-22T12:29:53.139+0000] {dag.py:3239} INFO - Sync 1 DAGs
[2025-06-22T12:29:53.152+0000] {logging_mixin.py:190} INFO - [2025-06-22T12:29:53.152+0000] {dag.py:4180} INFO - Setting next_dagrun for example_trigger_target_dag to None, run_after=None
[2025-06-22T12:29:53.170+0000] {processor.py:208} INFO - Processing /home/airflow/.local/lib/python3.12/site-packages/airflow/example_dags/example_trigger_target_dag.py took 0.065 seconds
[2025-06-22T12:30:23.646+0000] {processor.py:186} INFO - Started process (PID=529) to work on /home/airflow/.local/lib/python3.12/site-packages/airflow/example_dags/example_trigger_target_dag.py
[2025-06-22T12:30:23.647+0000] {processor.py:914} INFO - Processing file /home/airflow/.local/lib/python3.12/site-packages/airflow/example_dags/example_trigger_target_dag.py for tasks to queue
[2025-06-22T12:30:23.650+0000] {logging_mixin.py:190} INFO - [2025-06-22T12:30:23.650+0000] {dagbag.py:588} INFO - Filling up the DagBag from /home/airflow/.local/lib/python3.12/site-packages/airflow/example_dags/example_trigger_target_dag.py
[2025-06-22T12:30:23.660+0000] {processor.py:925} INFO - DAG(s) 'example_trigger_target_dag' retrieved from /home/airflow/.local/lib/python3.12/site-packages/airflow/example_dags/example_trigger_target_dag.py
[2025-06-22T12:30:23.681+0000] {logging_mixin.py:190} INFO - [2025-06-22T12:30:23.681+0000] {dag.py:3239} INFO - Sync 1 DAGs
[2025-06-22T12:30:23.695+0000] {logging_mixin.py:190} INFO - [2025-06-22T12:30:23.695+0000] {dag.py:4180} INFO - Setting next_dagrun for example_trigger_target_dag to None, run_after=None
[2025-06-22T12:30:23.720+0000] {processor.py:208} INFO - Processing /home/airflow/.local/lib/python3.12/site-packages/airflow/example_dags/example_trigger_target_dag.py took 0.080 seconds
[2025-06-22T12:37:53.871+0000] {processor.py:186} INFO - Started process (PID=144) to work on /home/airflow/.local/lib/python3.12/site-packages/airflow/example_dags/example_trigger_target_dag.py
[2025-06-22T12:37:53.873+0000] {processor.py:914} INFO - Processing file /home/airflow/.local/lib/python3.12/site-packages/airflow/example_dags/example_trigger_target_dag.py for tasks to queue
[2025-06-22T12:37:53.881+0000] {logging_mixin.py:190} INFO - [2025-06-22T12:37:53.881+0000] {dagbag.py:588} INFO - Filling up the DagBag from /home/airflow/.local/lib/python3.12/site-packages/airflow/example_dags/example_trigger_target_dag.py
[2025-06-22T12:37:53.902+0000] {processor.py:925} INFO - DAG(s) 'example_trigger_target_dag' retrieved from /home/airflow/.local/lib/python3.12/site-packages/airflow/example_dags/example_trigger_target_dag.py
[2025-06-22T12:37:54.124+0000] {logging_mixin.py:190} INFO - [2025-06-22T12:37:54.123+0000] {override.py:1912} INFO - Created Permission View: can delete on DAG:example_trigger_target_dag
[2025-06-22T12:37:54.157+0000] {logging_mixin.py:190} INFO - [2025-06-22T12:37:54.156+0000] {override.py:1912} INFO - Created Permission View: can edit on DAG:example_trigger_target_dag
[2025-06-22T12:37:54.196+0000] {logging_mixin.py:190} INFO - [2025-06-22T12:37:54.195+0000] {override.py:1912} INFO - Created Permission View: can read on DAG:example_trigger_target_dag
[2025-06-22T12:37:54.218+0000] {logging_mixin.py:190} INFO - [2025-06-22T12:37:54.218+0000] {override.py:1912} INFO - Created Permission View: can delete on DAG Run:example_trigger_target_dag
[2025-06-22T12:37:54.237+0000] {logging_mixin.py:190} INFO - [2025-06-22T12:37:54.237+0000] {override.py:1912} INFO - Created Permission View: can create on DAG Run:example_trigger_target_dag
[2025-06-22T12:37:54.254+0000] {logging_mixin.py:190} INFO - [2025-06-22T12:37:54.254+0000] {override.py:1912} INFO - Created Permission View: menu access on DAG Run:example_trigger_target_dag
[2025-06-22T12:37:54.269+0000] {logging_mixin.py:190} INFO - [2025-06-22T12:37:54.269+0000] {override.py:1912} INFO - Created Permission View: can read on DAG Run:example_trigger_target_dag
[2025-06-22T12:37:54.273+0000] {logging_mixin.py:190} INFO - [2025-06-22T12:37:54.272+0000] {dag.py:3239} INFO - Sync 1 DAGs
[2025-06-22T12:37:54.295+0000] {logging_mixin.py:190} INFO - [2025-06-22T12:37:54.295+0000] {dag.py:3262} INFO - Creating ORM DAG for example_trigger_target_dag
[2025-06-22T12:37:54.301+0000] {logging_mixin.py:190} INFO - [2025-06-22T12:37:54.301+0000] {dag.py:4180} INFO - Setting next_dagrun for example_trigger_target_dag to None, run_after=None
[2025-06-22T12:37:54.335+0000] {processor.py:208} INFO - Processing /home/airflow/.local/lib/python3.12/site-packages/airflow/example_dags/example_trigger_target_dag.py took 0.477 seconds
[2025-06-22T12:38:24.547+0000] {processor.py:186} INFO - Started process (PID=267) to work on /home/airflow/.local/lib/python3.12/site-packages/airflow/example_dags/example_trigger_target_dag.py
[2025-06-22T12:38:24.548+0000] {processor.py:914} INFO - Processing file /home/airflow/.local/lib/python3.12/site-packages/airflow/example_dags/example_trigger_target_dag.py for tasks to queue
[2025-06-22T12:38:24.550+0000] {logging_mixin.py:190} INFO - [2025-06-22T12:38:24.550+0000] {dagbag.py:588} INFO - Filling up the DagBag from /home/airflow/.local/lib/python3.12/site-packages/airflow/example_dags/example_trigger_target_dag.py
[2025-06-22T12:38:24.558+0000] {processor.py:925} INFO - DAG(s) 'example_trigger_target_dag' retrieved from /home/airflow/.local/lib/python3.12/site-packages/airflow/example_dags/example_trigger_target_dag.py
[2025-06-22T12:38:24.576+0000] {logging_mixin.py:190} INFO - [2025-06-22T12:38:24.576+0000] {dag.py:3239} INFO - Sync 1 DAGs
[2025-06-22T12:38:24.589+0000] {logging_mixin.py:190} INFO - [2025-06-22T12:38:24.589+0000] {dag.py:4180} INFO - Setting next_dagrun for example_trigger_target_dag to None, run_after=None
[2025-06-22T12:38:24.610+0000] {processor.py:208} INFO - Processing /home/airflow/.local/lib/python3.12/site-packages/airflow/example_dags/example_trigger_target_dag.py took 0.073 seconds
