[2025-06-22T12:22:37.901+0000] {processor.py:186} INFO - Started process (PID=133) to work on /home/airflow/.local/lib/python3.12/site-packages/airflow/example_dags/example_xcom.py
[2025-06-22T12:22:37.910+0000] {processor.py:914} INFO - Processing file /home/airflow/.local/lib/python3.12/site-packages/airflow/example_dags/example_xcom.py for tasks to queue
[2025-06-22T12:22:37.920+0000] {logging_mixin.py:190} INFO - [2025-06-22T12:22:37.919+0000] {dagbag.py:588} INFO - Filling up the DagBag from /home/airflow/.local/lib/python3.12/site-packages/airflow/example_dags/example_xcom.py
[2025-06-22T12:22:37.944+0000] {processor.py:925} INFO - DAG(s) 'example_xcom' retrieved from /home/airflow/.local/lib/python3.12/site-packages/airflow/example_dags/example_xcom.py
[2025-06-22T12:22:38.145+0000] {logging_mixin.py:190} INFO - [2025-06-22T12:22:38.144+0000] {override.py:1912} INFO - Created Permission View: can read on DAG:example_xcom
[2025-06-22T12:22:38.191+0000] {logging_mixin.py:190} INFO - [2025-06-22T12:22:38.191+0000] {override.py:1912} INFO - Created Permission View: can edit on DAG:example_xcom
[2025-06-22T12:22:38.239+0000] {logging_mixin.py:190} INFO - [2025-06-22T12:22:38.237+0000] {override.py:1912} INFO - Created Permission View: can delete on DAG:example_xcom
[2025-06-22T12:22:38.289+0000] {logging_mixin.py:190} INFO - [2025-06-22T12:22:38.288+0000] {override.py:1912} INFO - Created Permission View: can read on DAG Run:example_xcom
[2025-06-22T12:22:38.321+0000] {logging_mixin.py:190} INFO - [2025-06-22T12:22:38.321+0000] {override.py:1912} INFO - Created Permission View: can create on DAG Run:example_xcom
[2025-06-22T12:22:38.338+0000] {logging_mixin.py:190} INFO - [2025-06-22T12:22:38.337+0000] {override.py:1912} INFO - Created Permission View: can delete on DAG Run:example_xcom
[2025-06-22T12:22:38.373+0000] {logging_mixin.py:190} INFO - [2025-06-22T12:22:38.373+0000] {override.py:1912} INFO - Created Permission View: menu access on DAG Run:example_xcom
[2025-06-22T12:22:38.374+0000] {logging_mixin.py:190} INFO - [2025-06-22T12:22:38.374+0000] {dag.py:3239} INFO - Sync 1 DAGs
[2025-06-22T12:22:38.405+0000] {logging_mixin.py:190} INFO - [2025-06-22T12:22:38.405+0000] {dag.py:3262} INFO - Creating ORM DAG for example_xcom
[2025-06-22T12:22:38.422+0000] {logging_mixin.py:190} INFO - [2025-06-22T12:22:38.421+0000] {dag.py:4180} INFO - Setting next_dagrun for example_xcom to 2021-01-01 00:00:00+00:00, run_after=2021-01-01 00:00:00+00:00
[2025-06-22T12:22:38.450+0000] {processor.py:208} INFO - Processing /home/airflow/.local/lib/python3.12/site-packages/airflow/example_dags/example_xcom.py took 0.560 seconds
[2025-06-22T12:23:09.160+0000] {processor.py:186} INFO - Started process (PID=246) to work on /home/airflow/.local/lib/python3.12/site-packages/airflow/example_dags/example_xcom.py
[2025-06-22T12:23:09.161+0000] {processor.py:914} INFO - Processing file /home/airflow/.local/lib/python3.12/site-packages/airflow/example_dags/example_xcom.py for tasks to queue
[2025-06-22T12:23:09.163+0000] {logging_mixin.py:190} INFO - [2025-06-22T12:23:09.163+0000] {dagbag.py:588} INFO - Filling up the DagBag from /home/airflow/.local/lib/python3.12/site-packages/airflow/example_dags/example_xcom.py
[2025-06-22T12:23:09.172+0000] {processor.py:925} INFO - DAG(s) 'example_xcom' retrieved from /home/airflow/.local/lib/python3.12/site-packages/airflow/example_dags/example_xcom.py
[2025-06-22T12:23:09.194+0000] {logging_mixin.py:190} INFO - [2025-06-22T12:23:09.194+0000] {dag.py:3239} INFO - Sync 1 DAGs
[2025-06-22T12:23:09.222+0000] {logging_mixin.py:190} INFO - [2025-06-22T12:23:09.222+0000] {dag.py:4180} INFO - Setting next_dagrun for example_xcom to None, run_after=None
[2025-06-22T12:23:09.247+0000] {processor.py:208} INFO - Processing /home/airflow/.local/lib/python3.12/site-packages/airflow/example_dags/example_xcom.py took 0.092 seconds
[2025-06-22T12:27:20.614+0000] {processor.py:186} INFO - Started process (PID=116) to work on /home/airflow/.local/lib/python3.12/site-packages/airflow/example_dags/example_xcom.py
[2025-06-22T12:27:20.615+0000] {processor.py:914} INFO - Processing file /home/airflow/.local/lib/python3.12/site-packages/airflow/example_dags/example_xcom.py for tasks to queue
[2025-06-22T12:27:20.618+0000] {logging_mixin.py:190} INFO - [2025-06-22T12:27:20.617+0000] {dagbag.py:588} INFO - Filling up the DagBag from /home/airflow/.local/lib/python3.12/site-packages/airflow/example_dags/example_xcom.py
[2025-06-22T12:27:20.627+0000] {processor.py:925} INFO - DAG(s) 'example_xcom' retrieved from /home/airflow/.local/lib/python3.12/site-packages/airflow/example_dags/example_xcom.py
[2025-06-22T12:27:20.648+0000] {logging_mixin.py:190} INFO - [2025-06-22T12:27:20.647+0000] {dag.py:3239} INFO - Sync 1 DAGs
[2025-06-22T12:27:20.668+0000] {logging_mixin.py:190} INFO - [2025-06-22T12:27:20.668+0000] {dag.py:4180} INFO - Setting next_dagrun for example_xcom to None, run_after=None
[2025-06-22T12:27:20.686+0000] {processor.py:208} INFO - Processing /home/airflow/.local/lib/python3.12/site-packages/airflow/example_dags/example_xcom.py took 0.077 seconds
[2025-06-22T12:27:50.848+0000] {processor.py:186} INFO - Started process (PID=188) to work on /home/airflow/.local/lib/python3.12/site-packages/airflow/example_dags/example_xcom.py
[2025-06-22T12:27:50.849+0000] {processor.py:914} INFO - Processing file /home/airflow/.local/lib/python3.12/site-packages/airflow/example_dags/example_xcom.py for tasks to queue
[2025-06-22T12:27:50.851+0000] {logging_mixin.py:190} INFO - [2025-06-22T12:27:50.851+0000] {dagbag.py:588} INFO - Filling up the DagBag from /home/airflow/.local/lib/python3.12/site-packages/airflow/example_dags/example_xcom.py
[2025-06-22T12:27:50.861+0000] {processor.py:925} INFO - DAG(s) 'example_xcom' retrieved from /home/airflow/.local/lib/python3.12/site-packages/airflow/example_dags/example_xcom.py
[2025-06-22T12:27:50.880+0000] {logging_mixin.py:190} INFO - [2025-06-22T12:27:50.880+0000] {dag.py:3239} INFO - Sync 1 DAGs
[2025-06-22T12:27:50.903+0000] {logging_mixin.py:190} INFO - [2025-06-22T12:27:50.903+0000] {dag.py:4180} INFO - Setting next_dagrun for example_xcom to None, run_after=None
[2025-06-22T12:27:50.920+0000] {processor.py:208} INFO - Processing /home/airflow/.local/lib/python3.12/site-packages/airflow/example_dags/example_xcom.py took 0.077 seconds
[2025-06-22T12:28:21.290+0000] {processor.py:186} INFO - Started process (PID=258) to work on /home/airflow/.local/lib/python3.12/site-packages/airflow/example_dags/example_xcom.py
[2025-06-22T12:28:21.291+0000] {processor.py:914} INFO - Processing file /home/airflow/.local/lib/python3.12/site-packages/airflow/example_dags/example_xcom.py for tasks to queue
[2025-06-22T12:28:21.294+0000] {logging_mixin.py:190} INFO - [2025-06-22T12:28:21.293+0000] {dagbag.py:588} INFO - Filling up the DagBag from /home/airflow/.local/lib/python3.12/site-packages/airflow/example_dags/example_xcom.py
[2025-06-22T12:28:21.303+0000] {processor.py:925} INFO - DAG(s) 'example_xcom' retrieved from /home/airflow/.local/lib/python3.12/site-packages/airflow/example_dags/example_xcom.py
[2025-06-22T12:28:21.323+0000] {logging_mixin.py:190} INFO - [2025-06-22T12:28:21.322+0000] {dag.py:3239} INFO - Sync 1 DAGs
[2025-06-22T12:28:21.344+0000] {logging_mixin.py:190} INFO - [2025-06-22T12:28:21.343+0000] {dag.py:4180} INFO - Setting next_dagrun for example_xcom to None, run_after=None
[2025-06-22T12:28:21.363+0000] {processor.py:208} INFO - Processing /home/airflow/.local/lib/python3.12/site-packages/airflow/example_dags/example_xcom.py took 0.079 seconds
[2025-06-22T12:28:51.964+0000] {processor.py:186} INFO - Started process (PID=323) to work on /home/airflow/.local/lib/python3.12/site-packages/airflow/example_dags/example_xcom.py
[2025-06-22T12:28:51.965+0000] {processor.py:914} INFO - Processing file /home/airflow/.local/lib/python3.12/site-packages/airflow/example_dags/example_xcom.py for tasks to queue
[2025-06-22T12:28:51.968+0000] {logging_mixin.py:190} INFO - [2025-06-22T12:28:51.968+0000] {dagbag.py:588} INFO - Filling up the DagBag from /home/airflow/.local/lib/python3.12/site-packages/airflow/example_dags/example_xcom.py
[2025-06-22T12:28:51.977+0000] {processor.py:925} INFO - DAG(s) 'example_xcom' retrieved from /home/airflow/.local/lib/python3.12/site-packages/airflow/example_dags/example_xcom.py
[2025-06-22T12:28:51.996+0000] {logging_mixin.py:190} INFO - [2025-06-22T12:28:51.996+0000] {dag.py:3239} INFO - Sync 1 DAGs
[2025-06-22T12:28:52.017+0000] {logging_mixin.py:190} INFO - [2025-06-22T12:28:52.017+0000] {dag.py:4180} INFO - Setting next_dagrun for example_xcom to None, run_after=None
[2025-06-22T12:28:52.035+0000] {processor.py:208} INFO - Processing /home/airflow/.local/lib/python3.12/site-packages/airflow/example_dags/example_xcom.py took 0.077 seconds
[2025-06-22T12:29:22.556+0000] {processor.py:186} INFO - Started process (PID=392) to work on /home/airflow/.local/lib/python3.12/site-packages/airflow/example_dags/example_xcom.py
[2025-06-22T12:29:22.557+0000] {processor.py:914} INFO - Processing file /home/airflow/.local/lib/python3.12/site-packages/airflow/example_dags/example_xcom.py for tasks to queue
[2025-06-22T12:29:22.559+0000] {logging_mixin.py:190} INFO - [2025-06-22T12:29:22.559+0000] {dagbag.py:588} INFO - Filling up the DagBag from /home/airflow/.local/lib/python3.12/site-packages/airflow/example_dags/example_xcom.py
[2025-06-22T12:29:22.568+0000] {processor.py:925} INFO - DAG(s) 'example_xcom' retrieved from /home/airflow/.local/lib/python3.12/site-packages/airflow/example_dags/example_xcom.py
[2025-06-22T12:29:22.585+0000] {logging_mixin.py:190} INFO - [2025-06-22T12:29:22.585+0000] {dag.py:3239} INFO - Sync 1 DAGs
[2025-06-22T12:29:22.604+0000] {logging_mixin.py:190} INFO - [2025-06-22T12:29:22.604+0000] {dag.py:4180} INFO - Setting next_dagrun for example_xcom to None, run_after=None
[2025-06-22T12:29:22.621+0000] {processor.py:208} INFO - Processing /home/airflow/.local/lib/python3.12/site-packages/airflow/example_dags/example_xcom.py took 0.070 seconds
[2025-06-22T12:29:52.841+0000] {processor.py:186} INFO - Started process (PID=455) to work on /home/airflow/.local/lib/python3.12/site-packages/airflow/example_dags/example_xcom.py
[2025-06-22T12:29:52.842+0000] {processor.py:914} INFO - Processing file /home/airflow/.local/lib/python3.12/site-packages/airflow/example_dags/example_xcom.py for tasks to queue
[2025-06-22T12:29:52.844+0000] {logging_mixin.py:190} INFO - [2025-06-22T12:29:52.844+0000] {dagbag.py:588} INFO - Filling up the DagBag from /home/airflow/.local/lib/python3.12/site-packages/airflow/example_dags/example_xcom.py
[2025-06-22T12:29:52.853+0000] {processor.py:925} INFO - DAG(s) 'example_xcom' retrieved from /home/airflow/.local/lib/python3.12/site-packages/airflow/example_dags/example_xcom.py
[2025-06-22T12:29:52.871+0000] {logging_mixin.py:190} INFO - [2025-06-22T12:29:52.870+0000] {dag.py:3239} INFO - Sync 1 DAGs
[2025-06-22T12:29:52.891+0000] {logging_mixin.py:190} INFO - [2025-06-22T12:29:52.891+0000] {dag.py:4180} INFO - Setting next_dagrun for example_xcom to None, run_after=None
[2025-06-22T12:29:52.908+0000] {processor.py:208} INFO - Processing /home/airflow/.local/lib/python3.12/site-packages/airflow/example_dags/example_xcom.py took 0.073 seconds
[2025-06-22T12:30:23.396+0000] {processor.py:186} INFO - Started process (PID=525) to work on /home/airflow/.local/lib/python3.12/site-packages/airflow/example_dags/example_xcom.py
[2025-06-22T12:30:23.397+0000] {processor.py:914} INFO - Processing file /home/airflow/.local/lib/python3.12/site-packages/airflow/example_dags/example_xcom.py for tasks to queue
[2025-06-22T12:30:23.400+0000] {logging_mixin.py:190} INFO - [2025-06-22T12:30:23.399+0000] {dagbag.py:588} INFO - Filling up the DagBag from /home/airflow/.local/lib/python3.12/site-packages/airflow/example_dags/example_xcom.py
[2025-06-22T12:30:23.410+0000] {processor.py:925} INFO - DAG(s) 'example_xcom' retrieved from /home/airflow/.local/lib/python3.12/site-packages/airflow/example_dags/example_xcom.py
[2025-06-22T12:30:23.430+0000] {logging_mixin.py:190} INFO - [2025-06-22T12:30:23.430+0000] {dag.py:3239} INFO - Sync 1 DAGs
[2025-06-22T12:30:23.457+0000] {logging_mixin.py:190} INFO - [2025-06-22T12:30:23.457+0000] {dag.py:4180} INFO - Setting next_dagrun for example_xcom to None, run_after=None
[2025-06-22T12:30:23.476+0000] {processor.py:208} INFO - Processing /home/airflow/.local/lib/python3.12/site-packages/airflow/example_dags/example_xcom.py took 0.086 seconds
[2025-06-22T12:37:52.855+0000] {processor.py:186} INFO - Started process (PID=135) to work on /home/airflow/.local/lib/python3.12/site-packages/airflow/example_dags/example_xcom.py
[2025-06-22T12:37:52.856+0000] {processor.py:914} INFO - Processing file /home/airflow/.local/lib/python3.12/site-packages/airflow/example_dags/example_xcom.py for tasks to queue
[2025-06-22T12:37:52.861+0000] {logging_mixin.py:190} INFO - [2025-06-22T12:37:52.860+0000] {dagbag.py:588} INFO - Filling up the DagBag from /home/airflow/.local/lib/python3.12/site-packages/airflow/example_dags/example_xcom.py
[2025-06-22T12:37:52.874+0000] {processor.py:925} INFO - DAG(s) 'example_xcom' retrieved from /home/airflow/.local/lib/python3.12/site-packages/airflow/example_dags/example_xcom.py
[2025-06-22T12:37:53.050+0000] {logging_mixin.py:190} INFO - [2025-06-22T12:37:53.049+0000] {override.py:1912} INFO - Created Permission View: can delete on DAG:example_xcom
[2025-06-22T12:37:53.070+0000] {logging_mixin.py:190} INFO - [2025-06-22T12:37:53.070+0000] {override.py:1912} INFO - Created Permission View: can edit on DAG:example_xcom
[2025-06-22T12:37:53.083+0000] {logging_mixin.py:190} INFO - [2025-06-22T12:37:53.082+0000] {override.py:1912} INFO - Created Permission View: can read on DAG:example_xcom
[2025-06-22T12:37:53.111+0000] {logging_mixin.py:190} INFO - [2025-06-22T12:37:53.107+0000] {override.py:1912} INFO - Created Permission View: can delete on DAG Run:example_xcom
[2025-06-22T12:37:53.125+0000] {logging_mixin.py:190} INFO - [2025-06-22T12:37:53.125+0000] {override.py:1912} INFO - Created Permission View: can create on DAG Run:example_xcom
[2025-06-22T12:37:53.139+0000] {logging_mixin.py:190} INFO - [2025-06-22T12:37:53.139+0000] {override.py:1912} INFO - Created Permission View: menu access on DAG Run:example_xcom
[2025-06-22T12:37:53.159+0000] {logging_mixin.py:190} INFO - [2025-06-22T12:37:53.159+0000] {override.py:1912} INFO - Created Permission View: can read on DAG Run:example_xcom
[2025-06-22T12:37:53.160+0000] {logging_mixin.py:190} INFO - [2025-06-22T12:37:53.160+0000] {dag.py:3239} INFO - Sync 1 DAGs
[2025-06-22T12:37:53.188+0000] {logging_mixin.py:190} INFO - [2025-06-22T12:37:53.188+0000] {dag.py:3262} INFO - Creating ORM DAG for example_xcom
[2025-06-22T12:37:53.212+0000] {logging_mixin.py:190} INFO - [2025-06-22T12:37:53.212+0000] {dag.py:4180} INFO - Setting next_dagrun for example_xcom to 2021-01-01 00:00:00+00:00, run_after=2021-01-01 00:00:00+00:00
[2025-06-22T12:37:53.240+0000] {processor.py:208} INFO - Processing /home/airflow/.local/lib/python3.12/site-packages/airflow/example_dags/example_xcom.py took 0.392 seconds
[2025-06-22T12:38:23.464+0000] {processor.py:186} INFO - Started process (PID=264) to work on /home/airflow/.local/lib/python3.12/site-packages/airflow/example_dags/example_xcom.py
[2025-06-22T12:38:23.466+0000] {processor.py:914} INFO - Processing file /home/airflow/.local/lib/python3.12/site-packages/airflow/example_dags/example_xcom.py for tasks to queue
[2025-06-22T12:38:23.470+0000] {logging_mixin.py:190} INFO - [2025-06-22T12:38:23.469+0000] {dagbag.py:588} INFO - Filling up the DagBag from /home/airflow/.local/lib/python3.12/site-packages/airflow/example_dags/example_xcom.py
[2025-06-22T12:38:23.484+0000] {processor.py:925} INFO - DAG(s) 'example_xcom' retrieved from /home/airflow/.local/lib/python3.12/site-packages/airflow/example_dags/example_xcom.py
[2025-06-22T12:38:23.511+0000] {logging_mixin.py:190} INFO - [2025-06-22T12:38:23.511+0000] {dag.py:3239} INFO - Sync 1 DAGs
[2025-06-22T12:38:23.542+0000] {logging_mixin.py:190} INFO - [2025-06-22T12:38:23.542+0000] {dag.py:4180} INFO - Setting next_dagrun for example_xcom to None, run_after=None
[2025-06-22T12:38:23.565+0000] {processor.py:208} INFO - Processing /home/airflow/.local/lib/python3.12/site-packages/airflow/example_dags/example_xcom.py took 0.109 seconds
