[2025-06-22T12:22:42.976+0000] {processor.py:186} INFO - Started process (PID=162) to work on /home/airflow/.local/lib/python3.12/site-packages/airflow/example_dags/example_outlet_event_extra.py
[2025-06-22T12:22:42.982+0000] {processor.py:914} INFO - Processing file /home/airflow/.local/lib/python3.12/site-packages/airflow/example_dags/example_outlet_event_extra.py for tasks to queue
[2025-06-22T12:22:42.987+0000] {logging_mixin.py:190} INFO - [2025-06-22T12:22:42.986+0000] {dagbag.py:588} INFO - Filling up the DagBag from /home/airflow/.local/lib/python3.12/site-packages/airflow/example_dags/example_outlet_event_extra.py
[2025-06-22T12:22:44.306+0000] {processor.py:925} INFO - DAG(s) 'dataset_with_extra_by_yield', 'dataset_with_extra_from_classic_operator', 'dataset_with_extra_by_context' retrieved from /home/airflow/.local/lib/python3.12/site-packages/airflow/example_dags/example_outlet_event_extra.py
[2025-06-22T12:22:44.558+0000] {logging_mixin.py:190} INFO - [2025-06-22T12:22:44.557+0000] {override.py:1912} INFO - Created Permission View: can read on DAG:dataset_with_extra_by_yield
[2025-06-22T12:22:44.584+0000] {logging_mixin.py:190} INFO - [2025-06-22T12:22:44.583+0000] {override.py:1912} INFO - Created Permission View: can edit on DAG:dataset_with_extra_by_yield
[2025-06-22T12:22:44.603+0000] {logging_mixin.py:190} INFO - [2025-06-22T12:22:44.603+0000] {override.py:1912} INFO - Created Permission View: can delete on DAG:dataset_with_extra_by_yield
[2025-06-22T12:22:44.631+0000] {logging_mixin.py:190} INFO - [2025-06-22T12:22:44.631+0000] {override.py:1912} INFO - Created Permission View: can read on DAG Run:dataset_with_extra_by_yield
[2025-06-22T12:22:44.651+0000] {logging_mixin.py:190} INFO - [2025-06-22T12:22:44.651+0000] {override.py:1912} INFO - Created Permission View: can create on DAG Run:dataset_with_extra_by_yield
[2025-06-22T12:22:44.675+0000] {logging_mixin.py:190} INFO - [2025-06-22T12:22:44.675+0000] {override.py:1912} INFO - Created Permission View: can delete on DAG Run:dataset_with_extra_by_yield
[2025-06-22T12:22:44.700+0000] {logging_mixin.py:190} INFO - [2025-06-22T12:22:44.698+0000] {override.py:1912} INFO - Created Permission View: menu access on DAG Run:dataset_with_extra_by_yield
[2025-06-22T12:22:44.743+0000] {logging_mixin.py:190} INFO - [2025-06-22T12:22:44.743+0000] {override.py:1912} INFO - Created Permission View: can read on DAG:dataset_with_extra_from_classic_operator
[2025-06-22T12:22:44.764+0000] {logging_mixin.py:190} INFO - [2025-06-22T12:22:44.764+0000] {override.py:1912} INFO - Created Permission View: can edit on DAG:dataset_with_extra_from_classic_operator
[2025-06-22T12:22:44.797+0000] {logging_mixin.py:190} INFO - [2025-06-22T12:22:44.796+0000] {override.py:1912} INFO - Created Permission View: can delete on DAG:dataset_with_extra_from_classic_operator
[2025-06-22T12:22:44.816+0000] {logging_mixin.py:190} INFO - [2025-06-22T12:22:44.816+0000] {override.py:1912} INFO - Created Permission View: can read on DAG Run:dataset_with_extra_from_classic_operator
[2025-06-22T12:22:44.835+0000] {logging_mixin.py:190} INFO - [2025-06-22T12:22:44.835+0000] {override.py:1912} INFO - Created Permission View: can create on DAG Run:dataset_with_extra_from_classic_operator
[2025-06-22T12:22:44.849+0000] {logging_mixin.py:190} INFO - [2025-06-22T12:22:44.848+0000] {override.py:1912} INFO - Created Permission View: can delete on DAG Run:dataset_with_extra_from_classic_operator
[2025-06-22T12:22:44.861+0000] {logging_mixin.py:190} INFO - [2025-06-22T12:22:44.860+0000] {override.py:1912} INFO - Created Permission View: menu access on DAG Run:dataset_with_extra_from_classic_operator
[2025-06-22T12:22:44.887+0000] {logging_mixin.py:190} INFO - [2025-06-22T12:22:44.887+0000] {override.py:1912} INFO - Created Permission View: can read on DAG:dataset_with_extra_by_context
[2025-06-22T12:22:44.898+0000] {logging_mixin.py:190} INFO - [2025-06-22T12:22:44.898+0000] {override.py:1912} INFO - Created Permission View: can edit on DAG:dataset_with_extra_by_context
[2025-06-22T12:22:44.911+0000] {logging_mixin.py:190} INFO - [2025-06-22T12:22:44.910+0000] {override.py:1912} INFO - Created Permission View: can delete on DAG:dataset_with_extra_by_context
[2025-06-22T12:22:44.927+0000] {logging_mixin.py:190} INFO - [2025-06-22T12:22:44.926+0000] {override.py:1912} INFO - Created Permission View: can read on DAG Run:dataset_with_extra_by_context
[2025-06-22T12:22:44.943+0000] {logging_mixin.py:190} INFO - [2025-06-22T12:22:44.942+0000] {override.py:1912} INFO - Created Permission View: can create on DAG Run:dataset_with_extra_by_context
[2025-06-22T12:22:44.967+0000] {logging_mixin.py:190} INFO - [2025-06-22T12:22:44.967+0000] {override.py:1912} INFO - Created Permission View: can delete on DAG Run:dataset_with_extra_by_context
[2025-06-22T12:22:44.981+0000] {logging_mixin.py:190} INFO - [2025-06-22T12:22:44.981+0000] {override.py:1912} INFO - Created Permission View: menu access on DAG Run:dataset_with_extra_by_context
[2025-06-22T12:22:44.982+0000] {logging_mixin.py:190} INFO - [2025-06-22T12:22:44.982+0000] {dag.py:3239} INFO - Sync 3 DAGs
[2025-06-22T12:22:45.003+0000] {logging_mixin.py:190} INFO - [2025-06-22T12:22:45.002+0000] {dag.py:3262} INFO - Creating ORM DAG for dataset_with_extra_by_context
[2025-06-22T12:22:45.007+0000] {logging_mixin.py:190} INFO - [2025-06-22T12:22:45.007+0000] {dag.py:3262} INFO - Creating ORM DAG for dataset_with_extra_by_yield
[2025-06-22T12:22:45.010+0000] {logging_mixin.py:190} INFO - [2025-06-22T12:22:45.009+0000] {dag.py:3262} INFO - Creating ORM DAG for dataset_with_extra_from_classic_operator
[2025-06-22T12:22:45.027+0000] {logging_mixin.py:190} INFO - [2025-06-22T12:22:45.027+0000] {dag.py:4180} INFO - Setting next_dagrun for dataset_with_extra_by_context to 2025-06-21 00:00:00+00:00, run_after=2025-06-22 00:00:00+00:00
[2025-06-22T12:22:45.033+0000] {logging_mixin.py:190} INFO - [2025-06-22T12:22:45.033+0000] {dag.py:4180} INFO - Setting next_dagrun for dataset_with_extra_by_yield to 2025-06-21 00:00:00+00:00, run_after=2025-06-22 00:00:00+00:00
[2025-06-22T12:22:45.036+0000] {logging_mixin.py:190} INFO - [2025-06-22T12:22:45.036+0000] {dag.py:4180} INFO - Setting next_dagrun for dataset_with_extra_from_classic_operator to 2025-06-21 00:00:00+00:00, run_after=2025-06-22 00:00:00+00:00
[2025-06-22T12:22:45.074+0000] {processor.py:208} INFO - Processing /home/airflow/.local/lib/python3.12/site-packages/airflow/example_dags/example_outlet_event_extra.py took 2.107 seconds
[2025-06-22T12:23:15.225+0000] {processor.py:186} INFO - Started process (PID=257) to work on /home/airflow/.local/lib/python3.12/site-packages/airflow/example_dags/example_outlet_event_extra.py
[2025-06-22T12:23:15.226+0000] {processor.py:914} INFO - Processing file /home/airflow/.local/lib/python3.12/site-packages/airflow/example_dags/example_outlet_event_extra.py for tasks to queue
[2025-06-22T12:23:15.229+0000] {logging_mixin.py:190} INFO - [2025-06-22T12:23:15.229+0000] {dagbag.py:588} INFO - Filling up the DagBag from /home/airflow/.local/lib/python3.12/site-packages/airflow/example_dags/example_outlet_event_extra.py
[2025-06-22T12:23:15.860+0000] {processor.py:925} INFO - DAG(s) 'dataset_with_extra_by_context', 'dataset_with_extra_from_classic_operator', 'dataset_with_extra_by_yield' retrieved from /home/airflow/.local/lib/python3.12/site-packages/airflow/example_dags/example_outlet_event_extra.py
[2025-06-22T12:23:15.884+0000] {logging_mixin.py:190} INFO - [2025-06-22T12:23:15.884+0000] {dag.py:3239} INFO - Sync 3 DAGs
[2025-06-22T12:23:15.910+0000] {logging_mixin.py:190} INFO - [2025-06-22T12:23:15.910+0000] {dag.py:4180} INFO - Setting next_dagrun for dataset_with_extra_by_context to 2025-06-22 00:00:00+00:00, run_after=2025-06-23 00:00:00+00:00
[2025-06-22T12:23:15.915+0000] {logging_mixin.py:190} INFO - [2025-06-22T12:23:15.915+0000] {dag.py:4180} INFO - Setting next_dagrun for dataset_with_extra_by_yield to 2025-06-22 00:00:00+00:00, run_after=2025-06-23 00:00:00+00:00
[2025-06-22T12:23:15.918+0000] {logging_mixin.py:190} INFO - [2025-06-22T12:23:15.918+0000] {dag.py:4180} INFO - Setting next_dagrun for dataset_with_extra_from_classic_operator to 2025-06-22 00:00:00+00:00, run_after=2025-06-23 00:00:00+00:00
[2025-06-22T12:23:15.942+0000] {processor.py:208} INFO - Processing /home/airflow/.local/lib/python3.12/site-packages/airflow/example_dags/example_outlet_event_extra.py took 0.723 seconds
[2025-06-22T12:27:21.744+0000] {processor.py:186} INFO - Started process (PID=127) to work on /home/airflow/.local/lib/python3.12/site-packages/airflow/example_dags/example_outlet_event_extra.py
[2025-06-22T12:27:21.745+0000] {processor.py:914} INFO - Processing file /home/airflow/.local/lib/python3.12/site-packages/airflow/example_dags/example_outlet_event_extra.py for tasks to queue
[2025-06-22T12:27:21.750+0000] {logging_mixin.py:190} INFO - [2025-06-22T12:27:21.750+0000] {dagbag.py:588} INFO - Filling up the DagBag from /home/airflow/.local/lib/python3.12/site-packages/airflow/example_dags/example_outlet_event_extra.py
[2025-06-22T12:27:22.413+0000] {processor.py:925} INFO - DAG(s) 'dataset_with_extra_by_yield', 'dataset_with_extra_by_context', 'dataset_with_extra_from_classic_operator' retrieved from /home/airflow/.local/lib/python3.12/site-packages/airflow/example_dags/example_outlet_event_extra.py
[2025-06-22T12:27:22.442+0000] {logging_mixin.py:190} INFO - [2025-06-22T12:27:22.442+0000] {dag.py:3239} INFO - Sync 3 DAGs
[2025-06-22T12:27:22.473+0000] {logging_mixin.py:190} INFO - [2025-06-22T12:27:22.473+0000] {dag.py:4180} INFO - Setting next_dagrun for dataset_with_extra_by_context to 2025-06-22 00:00:00+00:00, run_after=2025-06-23 00:00:00+00:00
[2025-06-22T12:27:22.478+0000] {logging_mixin.py:190} INFO - [2025-06-22T12:27:22.478+0000] {dag.py:4180} INFO - Setting next_dagrun for dataset_with_extra_by_yield to 2025-06-22 00:00:00+00:00, run_after=2025-06-23 00:00:00+00:00
[2025-06-22T12:27:22.481+0000] {logging_mixin.py:190} INFO - [2025-06-22T12:27:22.481+0000] {dag.py:4180} INFO - Setting next_dagrun for dataset_with_extra_from_classic_operator to 2025-06-22 00:00:00+00:00, run_after=2025-06-23 00:00:00+00:00
[2025-06-22T12:27:22.513+0000] {processor.py:208} INFO - Processing /home/airflow/.local/lib/python3.12/site-packages/airflow/example_dags/example_outlet_event_extra.py took 0.775 seconds
[2025-06-22T12:27:53.364+0000] {processor.py:186} INFO - Started process (PID=201) to work on /home/airflow/.local/lib/python3.12/site-packages/airflow/example_dags/example_outlet_event_extra.py
[2025-06-22T12:27:53.365+0000] {processor.py:914} INFO - Processing file /home/airflow/.local/lib/python3.12/site-packages/airflow/example_dags/example_outlet_event_extra.py for tasks to queue
[2025-06-22T12:27:53.368+0000] {logging_mixin.py:190} INFO - [2025-06-22T12:27:53.368+0000] {dagbag.py:588} INFO - Filling up the DagBag from /home/airflow/.local/lib/python3.12/site-packages/airflow/example_dags/example_outlet_event_extra.py
[2025-06-22T12:27:53.938+0000] {processor.py:925} INFO - DAG(s) 'dataset_with_extra_by_context', 'dataset_with_extra_by_yield', 'dataset_with_extra_from_classic_operator' retrieved from /home/airflow/.local/lib/python3.12/site-packages/airflow/example_dags/example_outlet_event_extra.py
[2025-06-22T12:27:53.956+0000] {logging_mixin.py:190} INFO - [2025-06-22T12:27:53.956+0000] {dag.py:3239} INFO - Sync 3 DAGs
[2025-06-22T12:27:53.977+0000] {logging_mixin.py:190} INFO - [2025-06-22T12:27:53.977+0000] {dag.py:4180} INFO - Setting next_dagrun for dataset_with_extra_by_context to 2025-06-22 00:00:00+00:00, run_after=2025-06-23 00:00:00+00:00
[2025-06-22T12:27:53.982+0000] {logging_mixin.py:190} INFO - [2025-06-22T12:27:53.982+0000] {dag.py:4180} INFO - Setting next_dagrun for dataset_with_extra_by_yield to 2025-06-22 00:00:00+00:00, run_after=2025-06-23 00:00:00+00:00
[2025-06-22T12:27:53.985+0000] {logging_mixin.py:190} INFO - [2025-06-22T12:27:53.984+0000] {dag.py:4180} INFO - Setting next_dagrun for dataset_with_extra_from_classic_operator to 2025-06-22 00:00:00+00:00, run_after=2025-06-23 00:00:00+00:00
[2025-06-22T12:27:54.002+0000] {processor.py:208} INFO - Processing /home/airflow/.local/lib/python3.12/site-packages/airflow/example_dags/example_outlet_event_extra.py took 0.644 seconds
[2025-06-22T12:28:24.260+0000] {processor.py:186} INFO - Started process (PID=275) to work on /home/airflow/.local/lib/python3.12/site-packages/airflow/example_dags/example_outlet_event_extra.py
[2025-06-22T12:28:24.261+0000] {processor.py:914} INFO - Processing file /home/airflow/.local/lib/python3.12/site-packages/airflow/example_dags/example_outlet_event_extra.py for tasks to queue
[2025-06-22T12:28:24.264+0000] {logging_mixin.py:190} INFO - [2025-06-22T12:28:24.264+0000] {dagbag.py:588} INFO - Filling up the DagBag from /home/airflow/.local/lib/python3.12/site-packages/airflow/example_dags/example_outlet_event_extra.py
[2025-06-22T12:28:24.893+0000] {processor.py:925} INFO - DAG(s) 'dataset_with_extra_by_yield', 'dataset_with_extra_from_classic_operator', 'dataset_with_extra_by_context' retrieved from /home/airflow/.local/lib/python3.12/site-packages/airflow/example_dags/example_outlet_event_extra.py
[2025-06-22T12:28:24.923+0000] {logging_mixin.py:190} INFO - [2025-06-22T12:28:24.923+0000] {dag.py:3239} INFO - Sync 3 DAGs
[2025-06-22T12:28:24.953+0000] {logging_mixin.py:190} INFO - [2025-06-22T12:28:24.953+0000] {dag.py:4180} INFO - Setting next_dagrun for dataset_with_extra_by_context to 2025-06-22 00:00:00+00:00, run_after=2025-06-23 00:00:00+00:00
[2025-06-22T12:28:24.958+0000] {logging_mixin.py:190} INFO - [2025-06-22T12:28:24.958+0000] {dag.py:4180} INFO - Setting next_dagrun for dataset_with_extra_by_yield to 2025-06-22 00:00:00+00:00, run_after=2025-06-23 00:00:00+00:00
[2025-06-22T12:28:24.961+0000] {logging_mixin.py:190} INFO - [2025-06-22T12:28:24.961+0000] {dag.py:4180} INFO - Setting next_dagrun for dataset_with_extra_from_classic_operator to 2025-06-22 00:00:00+00:00, run_after=2025-06-23 00:00:00+00:00
[2025-06-22T12:28:24.986+0000] {processor.py:208} INFO - Processing /home/airflow/.local/lib/python3.12/site-packages/airflow/example_dags/example_outlet_event_extra.py took 0.734 seconds
[2025-06-22T12:28:55.671+0000] {processor.py:186} INFO - Started process (PID=342) to work on /home/airflow/.local/lib/python3.12/site-packages/airflow/example_dags/example_outlet_event_extra.py
[2025-06-22T12:28:55.672+0000] {processor.py:914} INFO - Processing file /home/airflow/.local/lib/python3.12/site-packages/airflow/example_dags/example_outlet_event_extra.py for tasks to queue
[2025-06-22T12:28:55.674+0000] {logging_mixin.py:190} INFO - [2025-06-22T12:28:55.674+0000] {dagbag.py:588} INFO - Filling up the DagBag from /home/airflow/.local/lib/python3.12/site-packages/airflow/example_dags/example_outlet_event_extra.py
[2025-06-22T12:28:56.153+0000] {processor.py:925} INFO - DAG(s) 'dataset_with_extra_by_context', 'dataset_with_extra_from_classic_operator', 'dataset_with_extra_by_yield' retrieved from /home/airflow/.local/lib/python3.12/site-packages/airflow/example_dags/example_outlet_event_extra.py
[2025-06-22T12:28:56.174+0000] {logging_mixin.py:190} INFO - [2025-06-22T12:28:56.174+0000] {dag.py:3239} INFO - Sync 3 DAGs
[2025-06-22T12:28:56.198+0000] {logging_mixin.py:190} INFO - [2025-06-22T12:28:56.198+0000] {dag.py:4180} INFO - Setting next_dagrun for dataset_with_extra_by_context to 2025-06-22 00:00:00+00:00, run_after=2025-06-23 00:00:00+00:00
[2025-06-22T12:28:56.203+0000] {logging_mixin.py:190} INFO - [2025-06-22T12:28:56.203+0000] {dag.py:4180} INFO - Setting next_dagrun for dataset_with_extra_by_yield to 2025-06-22 00:00:00+00:00, run_after=2025-06-23 00:00:00+00:00
[2025-06-22T12:28:56.206+0000] {logging_mixin.py:190} INFO - [2025-06-22T12:28:56.206+0000] {dag.py:4180} INFO - Setting next_dagrun for dataset_with_extra_from_classic_operator to 2025-06-22 00:00:00+00:00, run_after=2025-06-23 00:00:00+00:00
[2025-06-22T12:28:56.234+0000] {processor.py:208} INFO - Processing /home/airflow/.local/lib/python3.12/site-packages/airflow/example_dags/example_outlet_event_extra.py took 0.568 seconds
[2025-06-22T12:29:26.390+0000] {processor.py:186} INFO - Started process (PID=411) to work on /home/airflow/.local/lib/python3.12/site-packages/airflow/example_dags/example_outlet_event_extra.py
[2025-06-22T12:29:26.391+0000] {processor.py:914} INFO - Processing file /home/airflow/.local/lib/python3.12/site-packages/airflow/example_dags/example_outlet_event_extra.py for tasks to queue
[2025-06-22T12:29:26.393+0000] {logging_mixin.py:190} INFO - [2025-06-22T12:29:26.393+0000] {dagbag.py:588} INFO - Filling up the DagBag from /home/airflow/.local/lib/python3.12/site-packages/airflow/example_dags/example_outlet_event_extra.py
[2025-06-22T12:29:26.863+0000] {processor.py:925} INFO - DAG(s) 'dataset_with_extra_from_classic_operator', 'dataset_with_extra_by_context', 'dataset_with_extra_by_yield' retrieved from /home/airflow/.local/lib/python3.12/site-packages/airflow/example_dags/example_outlet_event_extra.py
[2025-06-22T12:29:26.883+0000] {logging_mixin.py:190} INFO - [2025-06-22T12:29:26.883+0000] {dag.py:3239} INFO - Sync 3 DAGs
[2025-06-22T12:29:26.902+0000] {logging_mixin.py:190} INFO - [2025-06-22T12:29:26.902+0000] {dag.py:4180} INFO - Setting next_dagrun for dataset_with_extra_by_context to 2025-06-22 00:00:00+00:00, run_after=2025-06-23 00:00:00+00:00
[2025-06-22T12:29:26.906+0000] {logging_mixin.py:190} INFO - [2025-06-22T12:29:26.906+0000] {dag.py:4180} INFO - Setting next_dagrun for dataset_with_extra_by_yield to 2025-06-22 00:00:00+00:00, run_after=2025-06-23 00:00:00+00:00
[2025-06-22T12:29:26.909+0000] {logging_mixin.py:190} INFO - [2025-06-22T12:29:26.909+0000] {dag.py:4180} INFO - Setting next_dagrun for dataset_with_extra_from_classic_operator to 2025-06-22 00:00:00+00:00, run_after=2025-06-23 00:00:00+00:00
[2025-06-22T12:29:26.927+0000] {processor.py:208} INFO - Processing /home/airflow/.local/lib/python3.12/site-packages/airflow/example_dags/example_outlet_event_extra.py took 0.542 seconds
[2025-06-22T12:29:57.854+0000] {processor.py:186} INFO - Started process (PID=475) to work on /home/airflow/.local/lib/python3.12/site-packages/airflow/example_dags/example_outlet_event_extra.py
[2025-06-22T12:29:57.855+0000] {processor.py:914} INFO - Processing file /home/airflow/.local/lib/python3.12/site-packages/airflow/example_dags/example_outlet_event_extra.py for tasks to queue
[2025-06-22T12:29:57.857+0000] {logging_mixin.py:190} INFO - [2025-06-22T12:29:57.856+0000] {dagbag.py:588} INFO - Filling up the DagBag from /home/airflow/.local/lib/python3.12/site-packages/airflow/example_dags/example_outlet_event_extra.py
[2025-06-22T12:29:58.369+0000] {processor.py:925} INFO - DAG(s) 'dataset_with_extra_from_classic_operator', 'dataset_with_extra_by_yield', 'dataset_with_extra_by_context' retrieved from /home/airflow/.local/lib/python3.12/site-packages/airflow/example_dags/example_outlet_event_extra.py
[2025-06-22T12:29:58.391+0000] {logging_mixin.py:190} INFO - [2025-06-22T12:29:58.391+0000] {dag.py:3239} INFO - Sync 3 DAGs
[2025-06-22T12:29:58.410+0000] {logging_mixin.py:190} INFO - [2025-06-22T12:29:58.410+0000] {dag.py:4180} INFO - Setting next_dagrun for dataset_with_extra_by_context to 2025-06-22 00:00:00+00:00, run_after=2025-06-23 00:00:00+00:00
[2025-06-22T12:29:58.414+0000] {logging_mixin.py:190} INFO - [2025-06-22T12:29:58.414+0000] {dag.py:4180} INFO - Setting next_dagrun for dataset_with_extra_by_yield to 2025-06-22 00:00:00+00:00, run_after=2025-06-23 00:00:00+00:00
[2025-06-22T12:29:58.417+0000] {logging_mixin.py:190} INFO - [2025-06-22T12:29:58.417+0000] {dag.py:4180} INFO - Setting next_dagrun for dataset_with_extra_from_classic_operator to 2025-06-22 00:00:00+00:00, run_after=2025-06-23 00:00:00+00:00
[2025-06-22T12:29:58.445+0000] {processor.py:208} INFO - Processing /home/airflow/.local/lib/python3.12/site-packages/airflow/example_dags/example_outlet_event_extra.py took 0.596 seconds
[2025-06-22T12:30:28.679+0000] {processor.py:186} INFO - Started process (PID=543) to work on /home/airflow/.local/lib/python3.12/site-packages/airflow/example_dags/example_outlet_event_extra.py
[2025-06-22T12:30:28.680+0000] {processor.py:914} INFO - Processing file /home/airflow/.local/lib/python3.12/site-packages/airflow/example_dags/example_outlet_event_extra.py for tasks to queue
[2025-06-22T12:30:28.682+0000] {logging_mixin.py:190} INFO - [2025-06-22T12:30:28.682+0000] {dagbag.py:588} INFO - Filling up the DagBag from /home/airflow/.local/lib/python3.12/site-packages/airflow/example_dags/example_outlet_event_extra.py
[2025-06-22T12:30:29.202+0000] {processor.py:925} INFO - DAG(s) 'dataset_with_extra_by_yield', 'dataset_with_extra_from_classic_operator', 'dataset_with_extra_by_context' retrieved from /home/airflow/.local/lib/python3.12/site-packages/airflow/example_dags/example_outlet_event_extra.py
[2025-06-22T12:30:29.223+0000] {logging_mixin.py:190} INFO - [2025-06-22T12:30:29.222+0000] {dag.py:3239} INFO - Sync 3 DAGs
[2025-06-22T12:30:29.242+0000] {logging_mixin.py:190} INFO - [2025-06-22T12:30:29.242+0000] {dag.py:4180} INFO - Setting next_dagrun for dataset_with_extra_by_context to 2025-06-22 00:00:00+00:00, run_after=2025-06-23 00:00:00+00:00
[2025-06-22T12:30:29.247+0000] {logging_mixin.py:190} INFO - [2025-06-22T12:30:29.247+0000] {dag.py:4180} INFO - Setting next_dagrun for dataset_with_extra_by_yield to 2025-06-22 00:00:00+00:00, run_after=2025-06-23 00:00:00+00:00
[2025-06-22T12:30:29.250+0000] {logging_mixin.py:190} INFO - [2025-06-22T12:30:29.250+0000] {dag.py:4180} INFO - Setting next_dagrun for dataset_with_extra_from_classic_operator to 2025-06-22 00:00:00+00:00, run_after=2025-06-23 00:00:00+00:00
[2025-06-22T12:30:29.269+0000] {processor.py:208} INFO - Processing /home/airflow/.local/lib/python3.12/site-packages/airflow/example_dags/example_outlet_event_extra.py took 0.595 seconds
[2025-06-22T12:37:57.586+0000] {processor.py:186} INFO - Started process (PID=172) to work on /home/airflow/.local/lib/python3.12/site-packages/airflow/example_dags/example_outlet_event_extra.py
[2025-06-22T12:37:57.593+0000] {processor.py:914} INFO - Processing file /home/airflow/.local/lib/python3.12/site-packages/airflow/example_dags/example_outlet_event_extra.py for tasks to queue
[2025-06-22T12:37:57.598+0000] {logging_mixin.py:190} INFO - [2025-06-22T12:37:57.598+0000] {dagbag.py:588} INFO - Filling up the DagBag from /home/airflow/.local/lib/python3.12/site-packages/airflow/example_dags/example_outlet_event_extra.py
[2025-06-22T12:37:58.856+0000] {processor.py:925} INFO - DAG(s) 'dataset_with_extra_from_classic_operator', 'dataset_with_extra_by_yield', 'dataset_with_extra_by_context' retrieved from /home/airflow/.local/lib/python3.12/site-packages/airflow/example_dags/example_outlet_event_extra.py
[2025-06-22T12:37:59.130+0000] {logging_mixin.py:190} INFO - [2025-06-22T12:37:59.127+0000] {override.py:1912} INFO - Created Permission View: can delete on DAG:dataset_with_extra_from_classic_operator
[2025-06-22T12:37:59.161+0000] {logging_mixin.py:190} INFO - [2025-06-22T12:37:59.160+0000] {override.py:1912} INFO - Created Permission View: can edit on DAG:dataset_with_extra_from_classic_operator
[2025-06-22T12:37:59.184+0000] {logging_mixin.py:190} INFO - [2025-06-22T12:37:59.183+0000] {override.py:1912} INFO - Created Permission View: can read on DAG:dataset_with_extra_from_classic_operator
[2025-06-22T12:37:59.209+0000] {logging_mixin.py:190} INFO - [2025-06-22T12:37:59.208+0000] {override.py:1912} INFO - Created Permission View: can delete on DAG Run:dataset_with_extra_from_classic_operator
[2025-06-22T12:37:59.228+0000] {logging_mixin.py:190} INFO - [2025-06-22T12:37:59.227+0000] {override.py:1912} INFO - Created Permission View: can create on DAG Run:dataset_with_extra_from_classic_operator
[2025-06-22T12:37:59.245+0000] {logging_mixin.py:190} INFO - [2025-06-22T12:37:59.245+0000] {override.py:1912} INFO - Created Permission View: menu access on DAG Run:dataset_with_extra_from_classic_operator
[2025-06-22T12:37:59.262+0000] {logging_mixin.py:190} INFO - [2025-06-22T12:37:59.261+0000] {override.py:1912} INFO - Created Permission View: can read on DAG Run:dataset_with_extra_from_classic_operator
[2025-06-22T12:37:59.295+0000] {logging_mixin.py:190} INFO - [2025-06-22T12:37:59.295+0000] {override.py:1912} INFO - Created Permission View: can delete on DAG:dataset_with_extra_by_yield
[2025-06-22T12:37:59.313+0000] {logging_mixin.py:190} INFO - [2025-06-22T12:37:59.312+0000] {override.py:1912} INFO - Created Permission View: can edit on DAG:dataset_with_extra_by_yield
[2025-06-22T12:37:59.332+0000] {logging_mixin.py:190} INFO - [2025-06-22T12:37:59.331+0000] {override.py:1912} INFO - Created Permission View: can read on DAG:dataset_with_extra_by_yield
[2025-06-22T12:37:59.358+0000] {logging_mixin.py:190} INFO - [2025-06-22T12:37:59.358+0000] {override.py:1912} INFO - Created Permission View: can delete on DAG Run:dataset_with_extra_by_yield
[2025-06-22T12:37:59.376+0000] {logging_mixin.py:190} INFO - [2025-06-22T12:37:59.376+0000] {override.py:1912} INFO - Created Permission View: can create on DAG Run:dataset_with_extra_by_yield
[2025-06-22T12:37:59.402+0000] {logging_mixin.py:190} INFO - [2025-06-22T12:37:59.401+0000] {override.py:1912} INFO - Created Permission View: menu access on DAG Run:dataset_with_extra_by_yield
[2025-06-22T12:37:59.426+0000] {logging_mixin.py:190} INFO - [2025-06-22T12:37:59.425+0000] {override.py:1912} INFO - Created Permission View: can read on DAG Run:dataset_with_extra_by_yield
[2025-06-22T12:37:59.459+0000] {logging_mixin.py:190} INFO - [2025-06-22T12:37:59.458+0000] {override.py:1912} INFO - Created Permission View: can delete on DAG:dataset_with_extra_by_context
[2025-06-22T12:37:59.473+0000] {logging_mixin.py:190} INFO - [2025-06-22T12:37:59.472+0000] {override.py:1912} INFO - Created Permission View: can edit on DAG:dataset_with_extra_by_context
[2025-06-22T12:37:59.486+0000] {logging_mixin.py:190} INFO - [2025-06-22T12:37:59.486+0000] {override.py:1912} INFO - Created Permission View: can read on DAG:dataset_with_extra_by_context
[2025-06-22T12:37:59.504+0000] {logging_mixin.py:190} INFO - [2025-06-22T12:37:59.503+0000] {override.py:1912} INFO - Created Permission View: can delete on DAG Run:dataset_with_extra_by_context
[2025-06-22T12:37:59.518+0000] {logging_mixin.py:190} INFO - [2025-06-22T12:37:59.518+0000] {override.py:1912} INFO - Created Permission View: can create on DAG Run:dataset_with_extra_by_context
[2025-06-22T12:37:59.535+0000] {logging_mixin.py:190} INFO - [2025-06-22T12:37:59.535+0000] {override.py:1912} INFO - Created Permission View: menu access on DAG Run:dataset_with_extra_by_context
[2025-06-22T12:37:59.548+0000] {logging_mixin.py:190} INFO - [2025-06-22T12:37:59.548+0000] {override.py:1912} INFO - Created Permission View: can read on DAG Run:dataset_with_extra_by_context
[2025-06-22T12:37:59.549+0000] {logging_mixin.py:190} INFO - [2025-06-22T12:37:59.549+0000] {dag.py:3239} INFO - Sync 3 DAGs
[2025-06-22T12:37:59.579+0000] {logging_mixin.py:190} INFO - [2025-06-22T12:37:59.576+0000] {dag.py:3262} INFO - Creating ORM DAG for dataset_with_extra_by_yield
[2025-06-22T12:37:59.581+0000] {logging_mixin.py:190} INFO - [2025-06-22T12:37:59.580+0000] {dag.py:3262} INFO - Creating ORM DAG for dataset_with_extra_by_context
[2025-06-22T12:37:59.582+0000] {logging_mixin.py:190} INFO - [2025-06-22T12:37:59.581+0000] {dag.py:3262} INFO - Creating ORM DAG for dataset_with_extra_from_classic_operator
[2025-06-22T12:37:59.606+0000] {logging_mixin.py:190} INFO - [2025-06-22T12:37:59.606+0000] {dag.py:4180} INFO - Setting next_dagrun for dataset_with_extra_by_context to 2025-06-21 00:00:00+00:00, run_after=2025-06-22 00:00:00+00:00
[2025-06-22T12:37:59.611+0000] {logging_mixin.py:190} INFO - [2025-06-22T12:37:59.611+0000] {dag.py:4180} INFO - Setting next_dagrun for dataset_with_extra_by_yield to 2025-06-21 00:00:00+00:00, run_after=2025-06-22 00:00:00+00:00
[2025-06-22T12:37:59.614+0000] {logging_mixin.py:190} INFO - [2025-06-22T12:37:59.614+0000] {dag.py:4180} INFO - Setting next_dagrun for dataset_with_extra_from_classic_operator to 2025-06-21 00:00:00+00:00, run_after=2025-06-22 00:00:00+00:00
[2025-06-22T12:37:59.668+0000] {processor.py:208} INFO - Processing /home/airflow/.local/lib/python3.12/site-packages/airflow/example_dags/example_outlet_event_extra.py took 2.092 seconds
[2025-06-22T12:38:30.248+0000] {processor.py:186} INFO - Started process (PID=276) to work on /home/airflow/.local/lib/python3.12/site-packages/airflow/example_dags/example_outlet_event_extra.py
[2025-06-22T12:38:30.249+0000] {processor.py:914} INFO - Processing file /home/airflow/.local/lib/python3.12/site-packages/airflow/example_dags/example_outlet_event_extra.py for tasks to queue
[2025-06-22T12:38:30.252+0000] {logging_mixin.py:190} INFO - [2025-06-22T12:38:30.252+0000] {dagbag.py:588} INFO - Filling up the DagBag from /home/airflow/.local/lib/python3.12/site-packages/airflow/example_dags/example_outlet_event_extra.py
[2025-06-22T12:38:30.924+0000] {processor.py:925} INFO - DAG(s) 'dataset_with_extra_by_context', 'dataset_with_extra_from_classic_operator', 'dataset_with_extra_by_yield' retrieved from /home/airflow/.local/lib/python3.12/site-packages/airflow/example_dags/example_outlet_event_extra.py
[2025-06-22T12:38:30.949+0000] {logging_mixin.py:190} INFO - [2025-06-22T12:38:30.949+0000] {dag.py:3239} INFO - Sync 3 DAGs
[2025-06-22T12:38:30.983+0000] {logging_mixin.py:190} INFO - [2025-06-22T12:38:30.982+0000] {dag.py:4180} INFO - Setting next_dagrun for dataset_with_extra_by_context to 2025-06-22 00:00:00+00:00, run_after=2025-06-23 00:00:00+00:00
[2025-06-22T12:38:30.989+0000] {logging_mixin.py:190} INFO - [2025-06-22T12:38:30.989+0000] {dag.py:4180} INFO - Setting next_dagrun for dataset_with_extra_by_yield to 2025-06-22 00:00:00+00:00, run_after=2025-06-23 00:00:00+00:00
[2025-06-22T12:38:30.992+0000] {logging_mixin.py:190} INFO - [2025-06-22T12:38:30.992+0000] {dag.py:4180} INFO - Setting next_dagrun for dataset_with_extra_from_classic_operator to 2025-06-22 00:00:00+00:00, run_after=2025-06-23 00:00:00+00:00
[2025-06-22T12:38:31.015+0000] {processor.py:208} INFO - Processing /home/airflow/.local/lib/python3.12/site-packages/airflow/example_dags/example_outlet_event_extra.py took 0.774 seconds
