[2025-06-22T12:22:37.031+0000] {processor.py:186} INFO - Started process (PID=130) to work on /home/airflow/.local/lib/python3.12/site-packages/airflow/example_dags/example_branch_day_of_week_operator.py
[2025-06-22T12:22:37.033+0000] {processor.py:914} INFO - Processing file /home/airflow/.local/lib/python3.12/site-packages/airflow/example_dags/example_branch_day_of_week_operator.py for tasks to queue
[2025-06-22T12:22:37.038+0000] {logging_mixin.py:190} INFO - [2025-06-22T12:22:37.036+0000] {dagbag.py:588} INFO - Filling up the DagBag from /home/airflow/.local/lib/python3.12/site-packages/airflow/example_dags/example_branch_day_of_week_operator.py
[2025-06-22T12:22:37.056+0000] {processor.py:925} INFO - DAG(s) 'example_weekday_branch_operator' retrieved from /home/airflow/.local/lib/python3.12/site-packages/airflow/example_dags/example_branch_day_of_week_operator.py
[2025-06-22T12:22:37.243+0000] {logging_mixin.py:190} INFO - [2025-06-22T12:22:37.240+0000] {override.py:1912} INFO - Created Permission View: can read on DAG:example_weekday_branch_operator
[2025-06-22T12:22:37.264+0000] {logging_mixin.py:190} INFO - [2025-06-22T12:22:37.263+0000] {override.py:1912} INFO - Created Permission View: can edit on DAG:example_weekday_branch_operator
[2025-06-22T12:22:37.279+0000] {logging_mixin.py:190} INFO - [2025-06-22T12:22:37.279+0000] {override.py:1912} INFO - Created Permission View: can delete on DAG:example_weekday_branch_operator
[2025-06-22T12:22:37.303+0000] {logging_mixin.py:190} INFO - [2025-06-22T12:22:37.302+0000] {override.py:1912} INFO - Created Permission View: can read on DAG Run:example_weekday_branch_operator
[2025-06-22T12:22:37.319+0000] {logging_mixin.py:190} INFO - [2025-06-22T12:22:37.318+0000] {override.py:1912} INFO - Created Permission View: can create on DAG Run:example_weekday_branch_operator
[2025-06-22T12:22:37.330+0000] {logging_mixin.py:190} INFO - [2025-06-22T12:22:37.330+0000] {override.py:1912} INFO - Created Permission View: can delete on DAG Run:example_weekday_branch_operator
[2025-06-22T12:22:37.343+0000] {logging_mixin.py:190} INFO - [2025-06-22T12:22:37.342+0000] {override.py:1912} INFO - Created Permission View: menu access on DAG Run:example_weekday_branch_operator
[2025-06-22T12:22:37.345+0000] {logging_mixin.py:190} INFO - [2025-06-22T12:22:37.345+0000] {dag.py:3239} INFO - Sync 1 DAGs
[2025-06-22T12:22:37.365+0000] {logging_mixin.py:190} INFO - [2025-06-22T12:22:37.364+0000] {dag.py:3262} INFO - Creating ORM DAG for example_weekday_branch_operator
[2025-06-22T12:22:37.382+0000] {logging_mixin.py:190} INFO - [2025-06-22T12:22:37.381+0000] {dag.py:4180} INFO - Setting next_dagrun for example_weekday_branch_operator to 2025-06-21 00:00:00+00:00, run_after=2025-06-22 00:00:00+00:00
[2025-06-22T12:22:37.412+0000] {processor.py:208} INFO - Processing /home/airflow/.local/lib/python3.12/site-packages/airflow/example_dags/example_branch_day_of_week_operator.py took 0.393 seconds
[2025-06-22T12:23:08.039+0000] {processor.py:186} INFO - Started process (PID=243) to work on /home/airflow/.local/lib/python3.12/site-packages/airflow/example_dags/example_branch_day_of_week_operator.py
[2025-06-22T12:23:08.040+0000] {processor.py:914} INFO - Processing file /home/airflow/.local/lib/python3.12/site-packages/airflow/example_dags/example_branch_day_of_week_operator.py for tasks to queue
[2025-06-22T12:23:08.042+0000] {logging_mixin.py:190} INFO - [2025-06-22T12:23:08.042+0000] {dagbag.py:588} INFO - Filling up the DagBag from /home/airflow/.local/lib/python3.12/site-packages/airflow/example_dags/example_branch_day_of_week_operator.py
[2025-06-22T12:23:08.051+0000] {processor.py:925} INFO - DAG(s) 'example_weekday_branch_operator' retrieved from /home/airflow/.local/lib/python3.12/site-packages/airflow/example_dags/example_branch_day_of_week_operator.py
[2025-06-22T12:23:08.069+0000] {logging_mixin.py:190} INFO - [2025-06-22T12:23:08.068+0000] {dag.py:3239} INFO - Sync 1 DAGs
[2025-06-22T12:23:08.090+0000] {logging_mixin.py:190} INFO - [2025-06-22T12:23:08.089+0000] {dag.py:4180} INFO - Setting next_dagrun for example_weekday_branch_operator to 2025-06-22 00:00:00+00:00, run_after=2025-06-23 00:00:00+00:00
[2025-06-22T12:23:08.106+0000] {processor.py:208} INFO - Processing /home/airflow/.local/lib/python3.12/site-packages/airflow/example_dags/example_branch_day_of_week_operator.py took 0.073 seconds
[2025-06-22T12:27:20.386+0000] {processor.py:186} INFO - Started process (PID=113) to work on /home/airflow/.local/lib/python3.12/site-packages/airflow/example_dags/example_branch_day_of_week_operator.py
[2025-06-22T12:27:20.387+0000] {processor.py:914} INFO - Processing file /home/airflow/.local/lib/python3.12/site-packages/airflow/example_dags/example_branch_day_of_week_operator.py for tasks to queue
[2025-06-22T12:27:20.390+0000] {logging_mixin.py:190} INFO - [2025-06-22T12:27:20.389+0000] {dagbag.py:588} INFO - Filling up the DagBag from /home/airflow/.local/lib/python3.12/site-packages/airflow/example_dags/example_branch_day_of_week_operator.py
[2025-06-22T12:27:20.400+0000] {processor.py:925} INFO - DAG(s) 'example_weekday_branch_operator' retrieved from /home/airflow/.local/lib/python3.12/site-packages/airflow/example_dags/example_branch_day_of_week_operator.py
[2025-06-22T12:27:20.424+0000] {logging_mixin.py:190} INFO - [2025-06-22T12:27:20.423+0000] {dag.py:3239} INFO - Sync 1 DAGs
[2025-06-22T12:27:20.448+0000] {logging_mixin.py:190} INFO - [2025-06-22T12:27:20.448+0000] {dag.py:4180} INFO - Setting next_dagrun for example_weekday_branch_operator to 2025-06-22 00:00:00+00:00, run_after=2025-06-23 00:00:00+00:00
[2025-06-22T12:27:20.467+0000] {processor.py:208} INFO - Processing /home/airflow/.local/lib/python3.12/site-packages/airflow/example_dags/example_branch_day_of_week_operator.py took 0.086 seconds
[2025-06-22T12:27:50.701+0000] {processor.py:186} INFO - Started process (PID=185) to work on /home/airflow/.local/lib/python3.12/site-packages/airflow/example_dags/example_branch_day_of_week_operator.py
[2025-06-22T12:27:50.702+0000] {processor.py:914} INFO - Processing file /home/airflow/.local/lib/python3.12/site-packages/airflow/example_dags/example_branch_day_of_week_operator.py for tasks to queue
[2025-06-22T12:27:50.705+0000] {logging_mixin.py:190} INFO - [2025-06-22T12:27:50.704+0000] {dagbag.py:588} INFO - Filling up the DagBag from /home/airflow/.local/lib/python3.12/site-packages/airflow/example_dags/example_branch_day_of_week_operator.py
[2025-06-22T12:27:50.715+0000] {processor.py:925} INFO - DAG(s) 'example_weekday_branch_operator' retrieved from /home/airflow/.local/lib/python3.12/site-packages/airflow/example_dags/example_branch_day_of_week_operator.py
[2025-06-22T12:27:50.736+0000] {logging_mixin.py:190} INFO - [2025-06-22T12:27:50.736+0000] {dag.py:3239} INFO - Sync 1 DAGs
[2025-06-22T12:27:50.769+0000] {logging_mixin.py:190} INFO - [2025-06-22T12:27:50.768+0000] {dag.py:4180} INFO - Setting next_dagrun for example_weekday_branch_operator to 2025-06-22 00:00:00+00:00, run_after=2025-06-23 00:00:00+00:00
[2025-06-22T12:27:50.786+0000] {processor.py:208} INFO - Processing /home/airflow/.local/lib/python3.12/site-packages/airflow/example_dags/example_branch_day_of_week_operator.py took 0.091 seconds
[2025-06-22T12:28:21.161+0000] {processor.py:186} INFO - Started process (PID=255) to work on /home/airflow/.local/lib/python3.12/site-packages/airflow/example_dags/example_branch_day_of_week_operator.py
[2025-06-22T12:28:21.162+0000] {processor.py:914} INFO - Processing file /home/airflow/.local/lib/python3.12/site-packages/airflow/example_dags/example_branch_day_of_week_operator.py for tasks to queue
[2025-06-22T12:28:21.164+0000] {logging_mixin.py:190} INFO - [2025-06-22T12:28:21.164+0000] {dagbag.py:588} INFO - Filling up the DagBag from /home/airflow/.local/lib/python3.12/site-packages/airflow/example_dags/example_branch_day_of_week_operator.py
[2025-06-22T12:28:21.173+0000] {processor.py:925} INFO - DAG(s) 'example_weekday_branch_operator' retrieved from /home/airflow/.local/lib/python3.12/site-packages/airflow/example_dags/example_branch_day_of_week_operator.py
[2025-06-22T12:28:21.192+0000] {logging_mixin.py:190} INFO - [2025-06-22T12:28:21.191+0000] {dag.py:3239} INFO - Sync 1 DAGs
[2025-06-22T12:28:21.214+0000] {logging_mixin.py:190} INFO - [2025-06-22T12:28:21.214+0000] {dag.py:4180} INFO - Setting next_dagrun for example_weekday_branch_operator to 2025-06-22 00:00:00+00:00, run_after=2025-06-23 00:00:00+00:00
[2025-06-22T12:28:21.230+0000] {processor.py:208} INFO - Processing /home/airflow/.local/lib/python3.12/site-packages/airflow/example_dags/example_branch_day_of_week_operator.py took 0.075 seconds
[2025-06-22T12:28:51.690+0000] {processor.py:186} INFO - Started process (PID=320) to work on /home/airflow/.local/lib/python3.12/site-packages/airflow/example_dags/example_branch_day_of_week_operator.py
[2025-06-22T12:28:51.690+0000] {processor.py:914} INFO - Processing file /home/airflow/.local/lib/python3.12/site-packages/airflow/example_dags/example_branch_day_of_week_operator.py for tasks to queue
[2025-06-22T12:28:51.692+0000] {logging_mixin.py:190} INFO - [2025-06-22T12:28:51.692+0000] {dagbag.py:588} INFO - Filling up the DagBag from /home/airflow/.local/lib/python3.12/site-packages/airflow/example_dags/example_branch_day_of_week_operator.py
[2025-06-22T12:28:51.701+0000] {processor.py:925} INFO - DAG(s) 'example_weekday_branch_operator' retrieved from /home/airflow/.local/lib/python3.12/site-packages/airflow/example_dags/example_branch_day_of_week_operator.py
[2025-06-22T12:28:51.719+0000] {logging_mixin.py:190} INFO - [2025-06-22T12:28:51.718+0000] {dag.py:3239} INFO - Sync 1 DAGs
[2025-06-22T12:28:51.740+0000] {logging_mixin.py:190} INFO - [2025-06-22T12:28:51.739+0000] {dag.py:4180} INFO - Setting next_dagrun for example_weekday_branch_operator to 2025-06-22 00:00:00+00:00, run_after=2025-06-23 00:00:00+00:00
[2025-06-22T12:28:51.757+0000] {processor.py:208} INFO - Processing /home/airflow/.local/lib/python3.12/site-packages/airflow/example_dags/example_branch_day_of_week_operator.py took 0.072 seconds
[2025-06-22T12:29:22.284+0000] {processor.py:186} INFO - Started process (PID=389) to work on /home/airflow/.local/lib/python3.12/site-packages/airflow/example_dags/example_branch_day_of_week_operator.py
[2025-06-22T12:29:22.285+0000] {processor.py:914} INFO - Processing file /home/airflow/.local/lib/python3.12/site-packages/airflow/example_dags/example_branch_day_of_week_operator.py for tasks to queue
[2025-06-22T12:29:22.287+0000] {logging_mixin.py:190} INFO - [2025-06-22T12:29:22.286+0000] {dagbag.py:588} INFO - Filling up the DagBag from /home/airflow/.local/lib/python3.12/site-packages/airflow/example_dags/example_branch_day_of_week_operator.py
[2025-06-22T12:29:22.295+0000] {processor.py:925} INFO - DAG(s) 'example_weekday_branch_operator' retrieved from /home/airflow/.local/lib/python3.12/site-packages/airflow/example_dags/example_branch_day_of_week_operator.py
[2025-06-22T12:29:22.314+0000] {logging_mixin.py:190} INFO - [2025-06-22T12:29:22.313+0000] {dag.py:3239} INFO - Sync 1 DAGs
[2025-06-22T12:29:22.335+0000] {logging_mixin.py:190} INFO - [2025-06-22T12:29:22.334+0000] {dag.py:4180} INFO - Setting next_dagrun for example_weekday_branch_operator to 2025-06-22 00:00:00+00:00, run_after=2025-06-23 00:00:00+00:00
[2025-06-22T12:29:22.353+0000] {processor.py:208} INFO - Processing /home/airflow/.local/lib/python3.12/site-packages/airflow/example_dags/example_branch_day_of_week_operator.py took 0.074 seconds
[2025-06-22T12:29:52.726+0000] {processor.py:186} INFO - Started process (PID=452) to work on /home/airflow/.local/lib/python3.12/site-packages/airflow/example_dags/example_branch_day_of_week_operator.py
[2025-06-22T12:29:52.726+0000] {processor.py:914} INFO - Processing file /home/airflow/.local/lib/python3.12/site-packages/airflow/example_dags/example_branch_day_of_week_operator.py for tasks to queue
[2025-06-22T12:29:52.729+0000] {logging_mixin.py:190} INFO - [2025-06-22T12:29:52.729+0000] {dagbag.py:588} INFO - Filling up the DagBag from /home/airflow/.local/lib/python3.12/site-packages/airflow/example_dags/example_branch_day_of_week_operator.py
[2025-06-22T12:29:52.738+0000] {processor.py:925} INFO - DAG(s) 'example_weekday_branch_operator' retrieved from /home/airflow/.local/lib/python3.12/site-packages/airflow/example_dags/example_branch_day_of_week_operator.py
[2025-06-22T12:29:52.755+0000] {logging_mixin.py:190} INFO - [2025-06-22T12:29:52.755+0000] {dag.py:3239} INFO - Sync 1 DAGs
[2025-06-22T12:29:52.776+0000] {logging_mixin.py:190} INFO - [2025-06-22T12:29:52.776+0000] {dag.py:4180} INFO - Setting next_dagrun for example_weekday_branch_operator to 2025-06-22 00:00:00+00:00, run_after=2025-06-23 00:00:00+00:00
[2025-06-22T12:29:52.793+0000] {processor.py:208} INFO - Processing /home/airflow/.local/lib/python3.12/site-packages/airflow/example_dags/example_branch_day_of_week_operator.py took 0.072 seconds
[2025-06-22T12:30:23.245+0000] {processor.py:186} INFO - Started process (PID=522) to work on /home/airflow/.local/lib/python3.12/site-packages/airflow/example_dags/example_branch_day_of_week_operator.py
[2025-06-22T12:30:23.246+0000] {processor.py:914} INFO - Processing file /home/airflow/.local/lib/python3.12/site-packages/airflow/example_dags/example_branch_day_of_week_operator.py for tasks to queue
[2025-06-22T12:30:23.250+0000] {logging_mixin.py:190} INFO - [2025-06-22T12:30:23.249+0000] {dagbag.py:588} INFO - Filling up the DagBag from /home/airflow/.local/lib/python3.12/site-packages/airflow/example_dags/example_branch_day_of_week_operator.py
[2025-06-22T12:30:23.262+0000] {processor.py:925} INFO - DAG(s) 'example_weekday_branch_operator' retrieved from /home/airflow/.local/lib/python3.12/site-packages/airflow/example_dags/example_branch_day_of_week_operator.py
[2025-06-22T12:30:23.284+0000] {logging_mixin.py:190} INFO - [2025-06-22T12:30:23.283+0000] {dag.py:3239} INFO - Sync 1 DAGs
[2025-06-22T12:30:23.308+0000] {logging_mixin.py:190} INFO - [2025-06-22T12:30:23.308+0000] {dag.py:4180} INFO - Setting next_dagrun for example_weekday_branch_operator to 2025-06-22 00:00:00+00:00, run_after=2025-06-23 00:00:00+00:00
[2025-06-22T12:30:23.331+0000] {processor.py:208} INFO - Processing /home/airflow/.local/lib/python3.12/site-packages/airflow/example_dags/example_branch_day_of_week_operator.py took 0.092 seconds
[2025-06-22T12:37:52.162+0000] {processor.py:186} INFO - Started process (PID=132) to work on /home/airflow/.local/lib/python3.12/site-packages/airflow/example_dags/example_branch_day_of_week_operator.py
[2025-06-22T12:37:52.163+0000] {processor.py:914} INFO - Processing file /home/airflow/.local/lib/python3.12/site-packages/airflow/example_dags/example_branch_day_of_week_operator.py for tasks to queue
[2025-06-22T12:37:52.168+0000] {logging_mixin.py:190} INFO - [2025-06-22T12:37:52.167+0000] {dagbag.py:588} INFO - Filling up the DagBag from /home/airflow/.local/lib/python3.12/site-packages/airflow/example_dags/example_branch_day_of_week_operator.py
[2025-06-22T12:37:52.187+0000] {processor.py:925} INFO - DAG(s) 'example_weekday_branch_operator' retrieved from /home/airflow/.local/lib/python3.12/site-packages/airflow/example_dags/example_branch_day_of_week_operator.py
[2025-06-22T12:37:52.346+0000] {logging_mixin.py:190} INFO - [2025-06-22T12:37:52.345+0000] {override.py:1912} INFO - Created Permission View: can delete on DAG:example_weekday_branch_operator
[2025-06-22T12:37:52.367+0000] {logging_mixin.py:190} INFO - [2025-06-22T12:37:52.366+0000] {override.py:1912} INFO - Created Permission View: can edit on DAG:example_weekday_branch_operator
[2025-06-22T12:37:52.377+0000] {logging_mixin.py:190} INFO - [2025-06-22T12:37:52.376+0000] {override.py:1912} INFO - Created Permission View: can read on DAG:example_weekday_branch_operator
[2025-06-22T12:37:52.389+0000] {logging_mixin.py:190} INFO - [2025-06-22T12:37:52.389+0000] {override.py:1912} INFO - Created Permission View: can delete on DAG Run:example_weekday_branch_operator
[2025-06-22T12:37:52.424+0000] {logging_mixin.py:190} INFO - [2025-06-22T12:37:52.424+0000] {override.py:1912} INFO - Created Permission View: can create on DAG Run:example_weekday_branch_operator
[2025-06-22T12:37:52.439+0000] {logging_mixin.py:190} INFO - [2025-06-22T12:37:52.439+0000] {override.py:1912} INFO - Created Permission View: menu access on DAG Run:example_weekday_branch_operator
[2025-06-22T12:37:52.450+0000] {logging_mixin.py:190} INFO - [2025-06-22T12:37:52.449+0000] {override.py:1912} INFO - Created Permission View: can read on DAG Run:example_weekday_branch_operator
[2025-06-22T12:37:52.450+0000] {logging_mixin.py:190} INFO - [2025-06-22T12:37:52.450+0000] {dag.py:3239} INFO - Sync 1 DAGs
[2025-06-22T12:37:52.469+0000] {logging_mixin.py:190} INFO - [2025-06-22T12:37:52.468+0000] {dag.py:3262} INFO - Creating ORM DAG for example_weekday_branch_operator
[2025-06-22T12:37:52.487+0000] {logging_mixin.py:190} INFO - [2025-06-22T12:37:52.487+0000] {dag.py:4180} INFO - Setting next_dagrun for example_weekday_branch_operator to 2025-06-21 00:00:00+00:00, run_after=2025-06-22 00:00:00+00:00
[2025-06-22T12:37:52.513+0000] {processor.py:208} INFO - Processing /home/airflow/.local/lib/python3.12/site-packages/airflow/example_dags/example_branch_day_of_week_operator.py took 0.364 seconds
[2025-06-22T12:38:23.186+0000] {processor.py:186} INFO - Started process (PID=261) to work on /home/airflow/.local/lib/python3.12/site-packages/airflow/example_dags/example_branch_day_of_week_operator.py
[2025-06-22T12:38:23.187+0000] {processor.py:914} INFO - Processing file /home/airflow/.local/lib/python3.12/site-packages/airflow/example_dags/example_branch_day_of_week_operator.py for tasks to queue
[2025-06-22T12:38:23.190+0000] {logging_mixin.py:190} INFO - [2025-06-22T12:38:23.190+0000] {dagbag.py:588} INFO - Filling up the DagBag from /home/airflow/.local/lib/python3.12/site-packages/airflow/example_dags/example_branch_day_of_week_operator.py
[2025-06-22T12:38:23.199+0000] {processor.py:925} INFO - DAG(s) 'example_weekday_branch_operator' retrieved from /home/airflow/.local/lib/python3.12/site-packages/airflow/example_dags/example_branch_day_of_week_operator.py
[2025-06-22T12:38:23.220+0000] {logging_mixin.py:190} INFO - [2025-06-22T12:38:23.220+0000] {dag.py:3239} INFO - Sync 1 DAGs
[2025-06-22T12:38:23.254+0000] {logging_mixin.py:190} INFO - [2025-06-22T12:38:23.254+0000] {dag.py:4180} INFO - Setting next_dagrun for example_weekday_branch_operator to 2025-06-22 00:00:00+00:00, run_after=2025-06-23 00:00:00+00:00
[2025-06-22T12:38:23.273+0000] {processor.py:208} INFO - Processing /home/airflow/.local/lib/python3.12/site-packages/airflow/example_dags/example_branch_day_of_week_operator.py took 0.092 seconds
[2025-06-22T12:38:54.183+0000] {processor.py:186} INFO - Started process (PID=325) to work on /home/airflow/.local/lib/python3.12/site-packages/airflow/example_dags/example_branch_day_of_week_operator.py
[2025-06-22T12:38:54.184+0000] {processor.py:914} INFO - Processing file /home/airflow/.local/lib/python3.12/site-packages/airflow/example_dags/example_branch_day_of_week_operator.py for tasks to queue
[2025-06-22T12:38:54.187+0000] {logging_mixin.py:190} INFO - [2025-06-22T12:38:54.187+0000] {dagbag.py:588} INFO - Filling up the DagBag from /home/airflow/.local/lib/python3.12/site-packages/airflow/example_dags/example_branch_day_of_week_operator.py
[2025-06-22T12:38:54.202+0000] {processor.py:925} INFO - DAG(s) 'example_weekday_branch_operator' retrieved from /home/airflow/.local/lib/python3.12/site-packages/airflow/example_dags/example_branch_day_of_week_operator.py
[2025-06-22T12:38:54.234+0000] {logging_mixin.py:190} INFO - [2025-06-22T12:38:54.233+0000] {dag.py:3239} INFO - Sync 1 DAGs
[2025-06-22T12:38:54.273+0000] {logging_mixin.py:190} INFO - [2025-06-22T12:38:54.273+0000] {dag.py:4180} INFO - Setting next_dagrun for example_weekday_branch_operator to 2025-06-22 00:00:00+00:00, run_after=2025-06-23 00:00:00+00:00
[2025-06-22T12:38:54.309+0000] {processor.py:208} INFO - Processing /home/airflow/.local/lib/python3.12/site-packages/airflow/example_dags/example_branch_day_of_week_operator.py took 0.134 seconds
