[2025-06-22T12:22:30.980+0000] {processor.py:186} INFO - Started process (PID=86) to work on /home/airflow/.local/lib/python3.12/site-packages/airflow/example_dags/example_sensors.py
[2025-06-22T12:22:30.981+0000] {processor.py:914} INFO - Processing file /home/airflow/.local/lib/python3.12/site-packages/airflow/example_dags/example_sensors.py for tasks to queue
[2025-06-22T12:22:30.983+0000] {logging_mixin.py:190} INFO - [2025-06-22T12:22:30.982+0000] {dagbag.py:588} INFO - Filling up the DagBag from /home/airflow/.local/lib/python3.12/site-packages/airflow/example_dags/example_sensors.py
[2025-06-22T12:22:30.994+0000] {processor.py:925} INFO - DAG(s) 'example_sensors' retrieved from /home/airflow/.local/lib/python3.12/site-packages/airflow/example_dags/example_sensors.py
[2025-06-22T12:22:31.103+0000] {logging_mixin.py:190} INFO - [2025-06-22T12:22:31.102+0000] {override.py:1912} INFO - Created Permission View: can read on DAG:example_sensors
[2025-06-22T12:22:31.114+0000] {logging_mixin.py:190} INFO - [2025-06-22T12:22:31.114+0000] {override.py:1912} INFO - Created Permission View: can edit on DAG:example_sensors
[2025-06-22T12:22:31.122+0000] {logging_mixin.py:190} INFO - [2025-06-22T12:22:31.122+0000] {override.py:1912} INFO - Created Permission View: can delete on DAG:example_sensors
[2025-06-22T12:22:31.132+0000] {logging_mixin.py:190} INFO - [2025-06-22T12:22:31.132+0000] {override.py:1912} INFO - Created Permission View: can read on DAG Run:example_sensors
[2025-06-22T12:22:31.138+0000] {logging_mixin.py:190} INFO - [2025-06-22T12:22:31.138+0000] {override.py:1912} INFO - Created Permission View: can create on DAG Run:example_sensors
[2025-06-22T12:22:31.146+0000] {logging_mixin.py:190} INFO - [2025-06-22T12:22:31.146+0000] {override.py:1912} INFO - Created Permission View: can delete on DAG Run:example_sensors
[2025-06-22T12:22:31.154+0000] {logging_mixin.py:190} INFO - [2025-06-22T12:22:31.154+0000] {override.py:1912} INFO - Created Permission View: menu access on DAG Run:example_sensors
[2025-06-22T12:22:31.156+0000] {logging_mixin.py:190} INFO - [2025-06-22T12:22:31.156+0000] {dag.py:3239} INFO - Sync 1 DAGs
[2025-06-22T12:22:31.167+0000] {logging_mixin.py:190} INFO - [2025-06-22T12:22:31.167+0000] {dag.py:3262} INFO - Creating ORM DAG for example_sensors
[2025-06-22T12:22:31.169+0000] {logging_mixin.py:190} INFO - [2025-06-22T12:22:31.169+0000] {dag.py:4180} INFO - Setting next_dagrun for example_sensors to None, run_after=None
[2025-06-22T12:22:31.186+0000] {processor.py:208} INFO - Processing /home/airflow/.local/lib/python3.12/site-packages/airflow/example_dags/example_sensors.py took 0.211 seconds
[2025-06-22T12:23:01.378+0000] {processor.py:186} INFO - Started process (PID=213) to work on /home/airflow/.local/lib/python3.12/site-packages/airflow/example_dags/example_sensors.py
[2025-06-22T12:23:01.379+0000] {processor.py:914} INFO - Processing file /home/airflow/.local/lib/python3.12/site-packages/airflow/example_dags/example_sensors.py for tasks to queue
[2025-06-22T12:23:01.382+0000] {logging_mixin.py:190} INFO - [2025-06-22T12:23:01.382+0000] {dagbag.py:588} INFO - Filling up the DagBag from /home/airflow/.local/lib/python3.12/site-packages/airflow/example_dags/example_sensors.py
[2025-06-22T12:23:01.394+0000] {processor.py:925} INFO - DAG(s) 'example_sensors' retrieved from /home/airflow/.local/lib/python3.12/site-packages/airflow/example_dags/example_sensors.py
[2025-06-22T12:23:01.420+0000] {logging_mixin.py:190} INFO - [2025-06-22T12:23:01.420+0000] {dag.py:3239} INFO - Sync 1 DAGs
[2025-06-22T12:23:01.440+0000] {logging_mixin.py:190} INFO - [2025-06-22T12:23:01.440+0000] {dag.py:4180} INFO - Setting next_dagrun for example_sensors to None, run_after=None
[2025-06-22T12:23:01.542+0000] {processor.py:208} INFO - Processing /home/airflow/.local/lib/python3.12/site-packages/airflow/example_dags/example_sensors.py took 0.172 seconds
[2025-06-22T12:23:31.673+0000] {processor.py:186} INFO - Started process (PID=282) to work on /home/airflow/.local/lib/python3.12/site-packages/airflow/example_dags/example_sensors.py
[2025-06-22T12:23:31.674+0000] {processor.py:914} INFO - Processing file /home/airflow/.local/lib/python3.12/site-packages/airflow/example_dags/example_sensors.py for tasks to queue
[2025-06-22T12:23:31.676+0000] {logging_mixin.py:190} INFO - [2025-06-22T12:23:31.676+0000] {dagbag.py:588} INFO - Filling up the DagBag from /home/airflow/.local/lib/python3.12/site-packages/airflow/example_dags/example_sensors.py
[2025-06-22T12:23:31.687+0000] {processor.py:925} INFO - DAG(s) 'example_sensors' retrieved from /home/airflow/.local/lib/python3.12/site-packages/airflow/example_dags/example_sensors.py
[2025-06-22T12:23:31.713+0000] {logging_mixin.py:190} INFO - [2025-06-22T12:23:31.713+0000] {dag.py:3239} INFO - Sync 1 DAGs
[2025-06-22T12:23:31.731+0000] {logging_mixin.py:190} INFO - [2025-06-22T12:23:31.730+0000] {dag.py:4180} INFO - Setting next_dagrun for example_sensors to None, run_after=None
[2025-06-22T12:23:31.751+0000] {processor.py:208} INFO - Processing /home/airflow/.local/lib/python3.12/site-packages/airflow/example_dags/example_sensors.py took 0.083 seconds
[2025-06-22T12:27:18.376+0000] {processor.py:186} INFO - Started process (PID=74) to work on /home/airflow/.local/lib/python3.12/site-packages/airflow/example_dags/example_sensors.py
[2025-06-22T12:27:18.378+0000] {processor.py:914} INFO - Processing file /home/airflow/.local/lib/python3.12/site-packages/airflow/example_dags/example_sensors.py for tasks to queue
[2025-06-22T12:27:18.380+0000] {logging_mixin.py:190} INFO - [2025-06-22T12:27:18.380+0000] {dagbag.py:588} INFO - Filling up the DagBag from /home/airflow/.local/lib/python3.12/site-packages/airflow/example_dags/example_sensors.py
[2025-06-22T12:27:18.392+0000] {processor.py:925} INFO - DAG(s) 'example_sensors' retrieved from /home/airflow/.local/lib/python3.12/site-packages/airflow/example_dags/example_sensors.py
[2025-06-22T12:27:18.425+0000] {logging_mixin.py:190} INFO - [2025-06-22T12:27:18.425+0000] {dag.py:3239} INFO - Sync 1 DAGs
[2025-06-22T12:27:18.441+0000] {logging_mixin.py:190} INFO - [2025-06-22T12:27:18.441+0000] {dag.py:4180} INFO - Setting next_dagrun for example_sensors to None, run_after=None
[2025-06-22T12:27:18.460+0000] {processor.py:208} INFO - Processing /home/airflow/.local/lib/python3.12/site-packages/airflow/example_dags/example_sensors.py took 0.092 seconds
[2025-06-22T12:27:48.532+0000] {processor.py:186} INFO - Started process (PID=156) to work on /home/airflow/.local/lib/python3.12/site-packages/airflow/example_dags/example_sensors.py
[2025-06-22T12:27:48.533+0000] {processor.py:914} INFO - Processing file /home/airflow/.local/lib/python3.12/site-packages/airflow/example_dags/example_sensors.py for tasks to queue
[2025-06-22T12:27:48.535+0000] {logging_mixin.py:190} INFO - [2025-06-22T12:27:48.535+0000] {dagbag.py:588} INFO - Filling up the DagBag from /home/airflow/.local/lib/python3.12/site-packages/airflow/example_dags/example_sensors.py
[2025-06-22T12:27:48.545+0000] {processor.py:925} INFO - DAG(s) 'example_sensors' retrieved from /home/airflow/.local/lib/python3.12/site-packages/airflow/example_dags/example_sensors.py
[2025-06-22T12:27:48.567+0000] {logging_mixin.py:190} INFO - [2025-06-22T12:27:48.567+0000] {dag.py:3239} INFO - Sync 1 DAGs
[2025-06-22T12:27:48.580+0000] {logging_mixin.py:190} INFO - [2025-06-22T12:27:48.580+0000] {dag.py:4180} INFO - Setting next_dagrun for example_sensors to None, run_after=None
[2025-06-22T12:27:48.602+0000] {processor.py:208} INFO - Processing /home/airflow/.local/lib/python3.12/site-packages/airflow/example_dags/example_sensors.py took 0.076 seconds
[2025-06-22T12:28:18.805+0000] {processor.py:186} INFO - Started process (PID=226) to work on /home/airflow/.local/lib/python3.12/site-packages/airflow/example_dags/example_sensors.py
[2025-06-22T12:28:18.806+0000] {processor.py:914} INFO - Processing file /home/airflow/.local/lib/python3.12/site-packages/airflow/example_dags/example_sensors.py for tasks to queue
[2025-06-22T12:28:18.809+0000] {logging_mixin.py:190} INFO - [2025-06-22T12:28:18.809+0000] {dagbag.py:588} INFO - Filling up the DagBag from /home/airflow/.local/lib/python3.12/site-packages/airflow/example_dags/example_sensors.py
[2025-06-22T12:28:18.823+0000] {processor.py:925} INFO - DAG(s) 'example_sensors' retrieved from /home/airflow/.local/lib/python3.12/site-packages/airflow/example_dags/example_sensors.py
[2025-06-22T12:28:18.848+0000] {logging_mixin.py:190} INFO - [2025-06-22T12:28:18.847+0000] {dag.py:3239} INFO - Sync 1 DAGs
[2025-06-22T12:28:18.863+0000] {logging_mixin.py:190} INFO - [2025-06-22T12:28:18.862+0000] {dag.py:4180} INFO - Setting next_dagrun for example_sensors to None, run_after=None
[2025-06-22T12:28:18.880+0000] {processor.py:208} INFO - Processing /home/airflow/.local/lib/python3.12/site-packages/airflow/example_dags/example_sensors.py took 0.080 seconds
[2025-06-22T12:28:48.991+0000] {processor.py:186} INFO - Started process (PID=290) to work on /home/airflow/.local/lib/python3.12/site-packages/airflow/example_dags/example_sensors.py
[2025-06-22T12:28:48.992+0000] {processor.py:914} INFO - Processing file /home/airflow/.local/lib/python3.12/site-packages/airflow/example_dags/example_sensors.py for tasks to queue
[2025-06-22T12:28:48.994+0000] {logging_mixin.py:190} INFO - [2025-06-22T12:28:48.993+0000] {dagbag.py:588} INFO - Filling up the DagBag from /home/airflow/.local/lib/python3.12/site-packages/airflow/example_dags/example_sensors.py
[2025-06-22T12:28:49.006+0000] {processor.py:925} INFO - DAG(s) 'example_sensors' retrieved from /home/airflow/.local/lib/python3.12/site-packages/airflow/example_dags/example_sensors.py
[2025-06-22T12:28:49.028+0000] {logging_mixin.py:190} INFO - [2025-06-22T12:28:49.028+0000] {dag.py:3239} INFO - Sync 1 DAGs
[2025-06-22T12:28:49.041+0000] {logging_mixin.py:190} INFO - [2025-06-22T12:28:49.041+0000] {dag.py:4180} INFO - Setting next_dagrun for example_sensors to None, run_after=None
[2025-06-22T12:28:49.059+0000] {processor.py:208} INFO - Processing /home/airflow/.local/lib/python3.12/site-packages/airflow/example_dags/example_sensors.py took 0.074 seconds
[2025-06-22T12:29:19.913+0000] {processor.py:186} INFO - Started process (PID=365) to work on /home/airflow/.local/lib/python3.12/site-packages/airflow/example_dags/example_sensors.py
[2025-06-22T12:29:19.914+0000] {processor.py:914} INFO - Processing file /home/airflow/.local/lib/python3.12/site-packages/airflow/example_dags/example_sensors.py for tasks to queue
[2025-06-22T12:29:19.916+0000] {logging_mixin.py:190} INFO - [2025-06-22T12:29:19.916+0000] {dagbag.py:588} INFO - Filling up the DagBag from /home/airflow/.local/lib/python3.12/site-packages/airflow/example_dags/example_sensors.py
[2025-06-22T12:29:19.928+0000] {processor.py:925} INFO - DAG(s) 'example_sensors' retrieved from /home/airflow/.local/lib/python3.12/site-packages/airflow/example_dags/example_sensors.py
[2025-06-22T12:29:19.949+0000] {logging_mixin.py:190} INFO - [2025-06-22T12:29:19.948+0000] {dag.py:3239} INFO - Sync 1 DAGs
[2025-06-22T12:29:19.961+0000] {logging_mixin.py:190} INFO - [2025-06-22T12:29:19.961+0000] {dag.py:4180} INFO - Setting next_dagrun for example_sensors to None, run_after=None
[2025-06-22T12:29:19.977+0000] {processor.py:208} INFO - Processing /home/airflow/.local/lib/python3.12/site-packages/airflow/example_dags/example_sensors.py took 0.069 seconds
[2025-06-22T12:29:50.521+0000] {processor.py:186} INFO - Started process (PID=429) to work on /home/airflow/.local/lib/python3.12/site-packages/airflow/example_dags/example_sensors.py
[2025-06-22T12:29:50.522+0000] {processor.py:914} INFO - Processing file /home/airflow/.local/lib/python3.12/site-packages/airflow/example_dags/example_sensors.py for tasks to queue
[2025-06-22T12:29:50.524+0000] {logging_mixin.py:190} INFO - [2025-06-22T12:29:50.523+0000] {dagbag.py:588} INFO - Filling up the DagBag from /home/airflow/.local/lib/python3.12/site-packages/airflow/example_dags/example_sensors.py
[2025-06-22T12:29:50.533+0000] {processor.py:925} INFO - DAG(s) 'example_sensors' retrieved from /home/airflow/.local/lib/python3.12/site-packages/airflow/example_dags/example_sensors.py
[2025-06-22T12:29:50.555+0000] {logging_mixin.py:190} INFO - [2025-06-22T12:29:50.554+0000] {dag.py:3239} INFO - Sync 1 DAGs
[2025-06-22T12:29:50.566+0000] {logging_mixin.py:190} INFO - [2025-06-22T12:29:50.566+0000] {dag.py:4180} INFO - Setting next_dagrun for example_sensors to None, run_after=None
[2025-06-22T12:29:50.584+0000] {processor.py:208} INFO - Processing /home/airflow/.local/lib/python3.12/site-packages/airflow/example_dags/example_sensors.py took 0.068 seconds
[2025-06-22T12:30:21.109+0000] {processor.py:186} INFO - Started process (PID=499) to work on /home/airflow/.local/lib/python3.12/site-packages/airflow/example_dags/example_sensors.py
[2025-06-22T12:30:21.110+0000] {processor.py:914} INFO - Processing file /home/airflow/.local/lib/python3.12/site-packages/airflow/example_dags/example_sensors.py for tasks to queue
[2025-06-22T12:30:21.113+0000] {logging_mixin.py:190} INFO - [2025-06-22T12:30:21.112+0000] {dagbag.py:588} INFO - Filling up the DagBag from /home/airflow/.local/lib/python3.12/site-packages/airflow/example_dags/example_sensors.py
[2025-06-22T12:30:21.122+0000] {processor.py:925} INFO - DAG(s) 'example_sensors' retrieved from /home/airflow/.local/lib/python3.12/site-packages/airflow/example_dags/example_sensors.py
[2025-06-22T12:30:21.142+0000] {logging_mixin.py:190} INFO - [2025-06-22T12:30:21.142+0000] {dag.py:3239} INFO - Sync 1 DAGs
[2025-06-22T12:30:21.155+0000] {logging_mixin.py:190} INFO - [2025-06-22T12:30:21.155+0000] {dag.py:4180} INFO - Setting next_dagrun for example_sensors to None, run_after=None
[2025-06-22T12:30:21.172+0000] {processor.py:208} INFO - Processing /home/airflow/.local/lib/python3.12/site-packages/airflow/example_dags/example_sensors.py took 0.067 seconds
[2025-06-22T12:37:46.913+0000] {processor.py:186} INFO - Started process (PID=87) to work on /home/airflow/.local/lib/python3.12/site-packages/airflow/example_dags/example_sensors.py
[2025-06-22T12:37:46.914+0000] {processor.py:914} INFO - Processing file /home/airflow/.local/lib/python3.12/site-packages/airflow/example_dags/example_sensors.py for tasks to queue
[2025-06-22T12:37:46.916+0000] {logging_mixin.py:190} INFO - [2025-06-22T12:37:46.916+0000] {dagbag.py:588} INFO - Filling up the DagBag from /home/airflow/.local/lib/python3.12/site-packages/airflow/example_dags/example_sensors.py
[2025-06-22T12:37:46.928+0000] {processor.py:925} INFO - DAG(s) 'example_sensors' retrieved from /home/airflow/.local/lib/python3.12/site-packages/airflow/example_dags/example_sensors.py
[2025-06-22T12:37:47.036+0000] {logging_mixin.py:190} INFO - [2025-06-22T12:37:47.035+0000] {override.py:1912} INFO - Created Permission View: can delete on DAG:example_sensors
[2025-06-22T12:37:47.047+0000] {logging_mixin.py:190} INFO - [2025-06-22T12:37:47.047+0000] {override.py:1912} INFO - Created Permission View: can edit on DAG:example_sensors
[2025-06-22T12:37:47.054+0000] {logging_mixin.py:190} INFO - [2025-06-22T12:37:47.054+0000] {override.py:1912} INFO - Created Permission View: can read on DAG:example_sensors
[2025-06-22T12:37:47.064+0000] {logging_mixin.py:190} INFO - [2025-06-22T12:37:47.064+0000] {override.py:1912} INFO - Created Permission View: can delete on DAG Run:example_sensors
[2025-06-22T12:37:47.070+0000] {logging_mixin.py:190} INFO - [2025-06-22T12:37:47.070+0000] {override.py:1912} INFO - Created Permission View: can create on DAG Run:example_sensors
[2025-06-22T12:37:47.077+0000] {logging_mixin.py:190} INFO - [2025-06-22T12:37:47.077+0000] {override.py:1912} INFO - Created Permission View: menu access on DAG Run:example_sensors
[2025-06-22T12:37:47.084+0000] {logging_mixin.py:190} INFO - [2025-06-22T12:37:47.084+0000] {override.py:1912} INFO - Created Permission View: can read on DAG Run:example_sensors
[2025-06-22T12:37:47.085+0000] {logging_mixin.py:190} INFO - [2025-06-22T12:37:47.085+0000] {dag.py:3239} INFO - Sync 1 DAGs
[2025-06-22T12:37:47.096+0000] {logging_mixin.py:190} INFO - [2025-06-22T12:37:47.096+0000] {dag.py:3262} INFO - Creating ORM DAG for example_sensors
[2025-06-22T12:37:47.097+0000] {logging_mixin.py:190} INFO - [2025-06-22T12:37:47.097+0000] {dag.py:4180} INFO - Setting next_dagrun for example_sensors to None, run_after=None
[2025-06-22T12:37:47.114+0000] {processor.py:208} INFO - Processing /home/airflow/.local/lib/python3.12/site-packages/airflow/example_dags/example_sensors.py took 0.207 seconds
[2025-06-22T12:38:17.634+0000] {processor.py:186} INFO - Started process (PID=232) to work on /home/airflow/.local/lib/python3.12/site-packages/airflow/example_dags/example_sensors.py
[2025-06-22T12:38:17.635+0000] {processor.py:914} INFO - Processing file /home/airflow/.local/lib/python3.12/site-packages/airflow/example_dags/example_sensors.py for tasks to queue
[2025-06-22T12:38:17.637+0000] {logging_mixin.py:190} INFO - [2025-06-22T12:38:17.637+0000] {dagbag.py:588} INFO - Filling up the DagBag from /home/airflow/.local/lib/python3.12/site-packages/airflow/example_dags/example_sensors.py
[2025-06-22T12:38:17.650+0000] {processor.py:925} INFO - DAG(s) 'example_sensors' retrieved from /home/airflow/.local/lib/python3.12/site-packages/airflow/example_dags/example_sensors.py
[2025-06-22T12:38:17.674+0000] {logging_mixin.py:190} INFO - [2025-06-22T12:38:17.673+0000] {dag.py:3239} INFO - Sync 1 DAGs
[2025-06-22T12:38:17.687+0000] {logging_mixin.py:190} INFO - [2025-06-22T12:38:17.687+0000] {dag.py:4180} INFO - Setting next_dagrun for example_sensors to None, run_after=None
[2025-06-22T12:38:17.709+0000] {processor.py:208} INFO - Processing /home/airflow/.local/lib/python3.12/site-packages/airflow/example_dags/example_sensors.py took 0.082 seconds
[2025-06-22T12:38:48.083+0000] {processor.py:186} INFO - Started process (PID=296) to work on /home/airflow/.local/lib/python3.12/site-packages/airflow/example_dags/example_sensors.py
[2025-06-22T12:38:48.084+0000] {processor.py:914} INFO - Processing file /home/airflow/.local/lib/python3.12/site-packages/airflow/example_dags/example_sensors.py for tasks to queue
[2025-06-22T12:38:48.086+0000] {logging_mixin.py:190} INFO - [2025-06-22T12:38:48.086+0000] {dagbag.py:588} INFO - Filling up the DagBag from /home/airflow/.local/lib/python3.12/site-packages/airflow/example_dags/example_sensors.py
[2025-06-22T12:38:48.096+0000] {processor.py:925} INFO - DAG(s) 'example_sensors' retrieved from /home/airflow/.local/lib/python3.12/site-packages/airflow/example_dags/example_sensors.py
[2025-06-22T12:38:48.118+0000] {logging_mixin.py:190} INFO - [2025-06-22T12:38:48.118+0000] {dag.py:3239} INFO - Sync 1 DAGs
[2025-06-22T12:38:48.131+0000] {logging_mixin.py:190} INFO - [2025-06-22T12:38:48.130+0000] {dag.py:4180} INFO - Setting next_dagrun for example_sensors to None, run_after=None
[2025-06-22T12:38:48.149+0000] {processor.py:208} INFO - Processing /home/airflow/.local/lib/python3.12/site-packages/airflow/example_dags/example_sensors.py took 0.072 seconds
