[2025-06-22T12:22:45.283+0000] {processor.py:186} INFO - Started process (PID=166) to work on /home/airflow/.local/lib/python3.12/site-packages/airflow/example_dags/example_setup_teardown.py
[2025-06-22T12:22:45.285+0000] {processor.py:914} INFO - Processing file /home/airflow/.local/lib/python3.12/site-packages/airflow/example_dags/example_setup_teardown.py for tasks to queue
[2025-06-22T12:22:45.290+0000] {logging_mixin.py:190} INFO - [2025-06-22T12:22:45.289+0000] {dagbag.py:588} INFO - Filling up the DagBag from /home/airflow/.local/lib/python3.12/site-packages/airflow/example_dags/example_setup_teardown.py
[2025-06-22T12:22:45.306+0000] {processor.py:925} INFO - DAG(s) 'example_setup_teardown' retrieved from /home/airflow/.local/lib/python3.12/site-packages/airflow/example_dags/example_setup_teardown.py
[2025-06-22T12:22:45.504+0000] {logging_mixin.py:190} INFO - [2025-06-22T12:22:45.503+0000] {override.py:1912} INFO - Created Permission View: can read on DAG:example_setup_teardown
[2025-06-22T12:22:45.527+0000] {logging_mixin.py:190} INFO - [2025-06-22T12:22:45.527+0000] {override.py:1912} INFO - Created Permission View: can edit on DAG:example_setup_teardown
[2025-06-22T12:22:45.540+0000] {logging_mixin.py:190} INFO - [2025-06-22T12:22:45.539+0000] {override.py:1912} INFO - Created Permission View: can delete on DAG:example_setup_teardown
[2025-06-22T12:22:45.557+0000] {logging_mixin.py:190} INFO - [2025-06-22T12:22:45.556+0000] {override.py:1912} INFO - Created Permission View: can read on DAG Run:example_setup_teardown
[2025-06-22T12:22:45.572+0000] {logging_mixin.py:190} INFO - [2025-06-22T12:22:45.571+0000] {override.py:1912} INFO - Created Permission View: can create on DAG Run:example_setup_teardown
[2025-06-22T12:22:45.589+0000] {logging_mixin.py:190} INFO - [2025-06-22T12:22:45.588+0000] {override.py:1912} INFO - Created Permission View: can delete on DAG Run:example_setup_teardown
[2025-06-22T12:22:45.605+0000] {logging_mixin.py:190} INFO - [2025-06-22T12:22:45.604+0000] {override.py:1912} INFO - Created Permission View: menu access on DAG Run:example_setup_teardown
[2025-06-22T12:22:45.606+0000] {logging_mixin.py:190} INFO - [2025-06-22T12:22:45.606+0000] {dag.py:3239} INFO - Sync 1 DAGs
[2025-06-22T12:22:45.624+0000] {logging_mixin.py:190} INFO - [2025-06-22T12:22:45.624+0000] {dag.py:3262} INFO - Creating ORM DAG for example_setup_teardown
[2025-06-22T12:22:45.625+0000] {logging_mixin.py:190} INFO - [2025-06-22T12:22:45.625+0000] {dag.py:4180} INFO - Setting next_dagrun for example_setup_teardown to None, run_after=None
[2025-06-22T12:22:45.650+0000] {processor.py:208} INFO - Processing /home/airflow/.local/lib/python3.12/site-packages/airflow/example_dags/example_setup_teardown.py took 0.378 seconds
[2025-06-22T12:23:15.953+0000] {processor.py:186} INFO - Started process (PID=261) to work on /home/airflow/.local/lib/python3.12/site-packages/airflow/example_dags/example_setup_teardown.py
[2025-06-22T12:23:15.954+0000] {processor.py:914} INFO - Processing file /home/airflow/.local/lib/python3.12/site-packages/airflow/example_dags/example_setup_teardown.py for tasks to queue
[2025-06-22T12:23:15.957+0000] {logging_mixin.py:190} INFO - [2025-06-22T12:23:15.957+0000] {dagbag.py:588} INFO - Filling up the DagBag from /home/airflow/.local/lib/python3.12/site-packages/airflow/example_dags/example_setup_teardown.py
[2025-06-22T12:23:15.966+0000] {processor.py:925} INFO - DAG(s) 'example_setup_teardown' retrieved from /home/airflow/.local/lib/python3.12/site-packages/airflow/example_dags/example_setup_teardown.py
[2025-06-22T12:23:15.985+0000] {logging_mixin.py:190} INFO - [2025-06-22T12:23:15.985+0000] {dag.py:3239} INFO - Sync 1 DAGs
[2025-06-22T12:23:16.001+0000] {logging_mixin.py:190} INFO - [2025-06-22T12:23:16.001+0000] {dag.py:4180} INFO - Setting next_dagrun for example_setup_teardown to None, run_after=None
[2025-06-22T12:23:16.020+0000] {processor.py:208} INFO - Processing /home/airflow/.local/lib/python3.12/site-packages/airflow/example_dags/example_setup_teardown.py took 0.073 seconds
[2025-06-22T12:27:22.566+0000] {processor.py:186} INFO - Started process (PID=131) to work on /home/airflow/.local/lib/python3.12/site-packages/airflow/example_dags/example_setup_teardown.py
[2025-06-22T12:27:22.568+0000] {processor.py:914} INFO - Processing file /home/airflow/.local/lib/python3.12/site-packages/airflow/example_dags/example_setup_teardown.py for tasks to queue
[2025-06-22T12:27:22.571+0000] {logging_mixin.py:190} INFO - [2025-06-22T12:27:22.570+0000] {dagbag.py:588} INFO - Filling up the DagBag from /home/airflow/.local/lib/python3.12/site-packages/airflow/example_dags/example_setup_teardown.py
[2025-06-22T12:27:22.580+0000] {processor.py:925} INFO - DAG(s) 'example_setup_teardown' retrieved from /home/airflow/.local/lib/python3.12/site-packages/airflow/example_dags/example_setup_teardown.py
[2025-06-22T12:27:22.605+0000] {logging_mixin.py:190} INFO - [2025-06-22T12:27:22.605+0000] {dag.py:3239} INFO - Sync 1 DAGs
[2025-06-22T12:27:22.626+0000] {logging_mixin.py:190} INFO - [2025-06-22T12:27:22.625+0000] {dag.py:4180} INFO - Setting next_dagrun for example_setup_teardown to None, run_after=None
[2025-06-22T12:27:22.645+0000] {processor.py:208} INFO - Processing /home/airflow/.local/lib/python3.12/site-packages/airflow/example_dags/example_setup_teardown.py took 0.089 seconds
[2025-06-22T12:27:53.465+0000] {processor.py:186} INFO - Started process (PID=203) to work on /home/airflow/.local/lib/python3.12/site-packages/airflow/example_dags/example_setup_teardown.py
[2025-06-22T12:27:53.466+0000] {processor.py:914} INFO - Processing file /home/airflow/.local/lib/python3.12/site-packages/airflow/example_dags/example_setup_teardown.py for tasks to queue
[2025-06-22T12:27:53.469+0000] {logging_mixin.py:190} INFO - [2025-06-22T12:27:53.469+0000] {dagbag.py:588} INFO - Filling up the DagBag from /home/airflow/.local/lib/python3.12/site-packages/airflow/example_dags/example_setup_teardown.py
[2025-06-22T12:27:53.477+0000] {processor.py:925} INFO - DAG(s) 'example_setup_teardown' retrieved from /home/airflow/.local/lib/python3.12/site-packages/airflow/example_dags/example_setup_teardown.py
[2025-06-22T12:27:53.495+0000] {logging_mixin.py:190} INFO - [2025-06-22T12:27:53.495+0000] {dag.py:3239} INFO - Sync 1 DAGs
[2025-06-22T12:27:53.508+0000] {logging_mixin.py:190} INFO - [2025-06-22T12:27:53.508+0000] {dag.py:4180} INFO - Setting next_dagrun for example_setup_teardown to None, run_after=None
[2025-06-22T12:27:53.528+0000] {processor.py:208} INFO - Processing /home/airflow/.local/lib/python3.12/site-packages/airflow/example_dags/example_setup_teardown.py took 0.069 seconds
[2025-06-22T12:28:24.074+0000] {processor.py:186} INFO - Started process (PID=272) to work on /home/airflow/.local/lib/python3.12/site-packages/airflow/example_dags/example_setup_teardown.py
[2025-06-22T12:28:24.075+0000] {processor.py:914} INFO - Processing file /home/airflow/.local/lib/python3.12/site-packages/airflow/example_dags/example_setup_teardown.py for tasks to queue
[2025-06-22T12:28:24.077+0000] {logging_mixin.py:190} INFO - [2025-06-22T12:28:24.077+0000] {dagbag.py:588} INFO - Filling up the DagBag from /home/airflow/.local/lib/python3.12/site-packages/airflow/example_dags/example_setup_teardown.py
[2025-06-22T12:28:24.084+0000] {processor.py:925} INFO - DAG(s) 'example_setup_teardown' retrieved from /home/airflow/.local/lib/python3.12/site-packages/airflow/example_dags/example_setup_teardown.py
[2025-06-22T12:28:24.104+0000] {logging_mixin.py:190} INFO - [2025-06-22T12:28:24.104+0000] {dag.py:3239} INFO - Sync 1 DAGs
[2025-06-22T12:28:24.119+0000] {logging_mixin.py:190} INFO - [2025-06-22T12:28:24.119+0000] {dag.py:4180} INFO - Setting next_dagrun for example_setup_teardown to None, run_after=None
[2025-06-22T12:28:24.142+0000] {processor.py:208} INFO - Processing /home/airflow/.local/lib/python3.12/site-packages/airflow/example_dags/example_setup_teardown.py took 0.073 seconds
[2025-06-22T12:28:55.398+0000] {processor.py:186} INFO - Started process (PID=337) to work on /home/airflow/.local/lib/python3.12/site-packages/airflow/example_dags/example_setup_teardown.py
[2025-06-22T12:28:55.399+0000] {processor.py:914} INFO - Processing file /home/airflow/.local/lib/python3.12/site-packages/airflow/example_dags/example_setup_teardown.py for tasks to queue
[2025-06-22T12:28:55.401+0000] {logging_mixin.py:190} INFO - [2025-06-22T12:28:55.401+0000] {dagbag.py:588} INFO - Filling up the DagBag from /home/airflow/.local/lib/python3.12/site-packages/airflow/example_dags/example_setup_teardown.py
[2025-06-22T12:28:55.410+0000] {processor.py:925} INFO - DAG(s) 'example_setup_teardown' retrieved from /home/airflow/.local/lib/python3.12/site-packages/airflow/example_dags/example_setup_teardown.py
[2025-06-22T12:28:55.428+0000] {logging_mixin.py:190} INFO - [2025-06-22T12:28:55.428+0000] {dag.py:3239} INFO - Sync 1 DAGs
[2025-06-22T12:28:55.443+0000] {logging_mixin.py:190} INFO - [2025-06-22T12:28:55.443+0000] {dag.py:4180} INFO - Setting next_dagrun for example_setup_teardown to None, run_after=None
[2025-06-22T12:28:55.463+0000] {processor.py:208} INFO - Processing /home/airflow/.local/lib/python3.12/site-packages/airflow/example_dags/example_setup_teardown.py took 0.070 seconds
[2025-06-22T12:29:26.004+0000] {processor.py:186} INFO - Started process (PID=406) to work on /home/airflow/.local/lib/python3.12/site-packages/airflow/example_dags/example_setup_teardown.py
[2025-06-22T12:29:26.005+0000] {processor.py:914} INFO - Processing file /home/airflow/.local/lib/python3.12/site-packages/airflow/example_dags/example_setup_teardown.py for tasks to queue
[2025-06-22T12:29:26.008+0000] {logging_mixin.py:190} INFO - [2025-06-22T12:29:26.007+0000] {dagbag.py:588} INFO - Filling up the DagBag from /home/airflow/.local/lib/python3.12/site-packages/airflow/example_dags/example_setup_teardown.py
[2025-06-22T12:29:26.015+0000] {processor.py:925} INFO - DAG(s) 'example_setup_teardown' retrieved from /home/airflow/.local/lib/python3.12/site-packages/airflow/example_dags/example_setup_teardown.py
[2025-06-22T12:29:26.034+0000] {logging_mixin.py:190} INFO - [2025-06-22T12:29:26.034+0000] {dag.py:3239} INFO - Sync 1 DAGs
[2025-06-22T12:29:26.046+0000] {logging_mixin.py:190} INFO - [2025-06-22T12:29:26.046+0000] {dag.py:4180} INFO - Setting next_dagrun for example_setup_teardown to None, run_after=None
[2025-06-22T12:29:26.064+0000] {processor.py:208} INFO - Processing /home/airflow/.local/lib/python3.12/site-packages/airflow/example_dags/example_setup_teardown.py took 0.065 seconds
[2025-06-22T12:29:57.470+0000] {processor.py:186} INFO - Started process (PID=470) to work on /home/airflow/.local/lib/python3.12/site-packages/airflow/example_dags/example_setup_teardown.py
[2025-06-22T12:29:57.470+0000] {processor.py:914} INFO - Processing file /home/airflow/.local/lib/python3.12/site-packages/airflow/example_dags/example_setup_teardown.py for tasks to queue
[2025-06-22T12:29:57.472+0000] {logging_mixin.py:190} INFO - [2025-06-22T12:29:57.472+0000] {dagbag.py:588} INFO - Filling up the DagBag from /home/airflow/.local/lib/python3.12/site-packages/airflow/example_dags/example_setup_teardown.py
[2025-06-22T12:29:57.480+0000] {processor.py:925} INFO - DAG(s) 'example_setup_teardown' retrieved from /home/airflow/.local/lib/python3.12/site-packages/airflow/example_dags/example_setup_teardown.py
[2025-06-22T12:29:57.498+0000] {logging_mixin.py:190} INFO - [2025-06-22T12:29:57.498+0000] {dag.py:3239} INFO - Sync 1 DAGs
[2025-06-22T12:29:57.510+0000] {logging_mixin.py:190} INFO - [2025-06-22T12:29:57.510+0000] {dag.py:4180} INFO - Setting next_dagrun for example_setup_teardown to None, run_after=None
[2025-06-22T12:29:57.527+0000] {processor.py:208} INFO - Processing /home/airflow/.local/lib/python3.12/site-packages/airflow/example_dags/example_setup_teardown.py took 0.063 seconds
[2025-06-22T12:30:28.528+0000] {processor.py:186} INFO - Started process (PID=540) to work on /home/airflow/.local/lib/python3.12/site-packages/airflow/example_dags/example_setup_teardown.py
[2025-06-22T12:30:28.529+0000] {processor.py:914} INFO - Processing file /home/airflow/.local/lib/python3.12/site-packages/airflow/example_dags/example_setup_teardown.py for tasks to queue
[2025-06-22T12:30:28.531+0000] {logging_mixin.py:190} INFO - [2025-06-22T12:30:28.531+0000] {dagbag.py:588} INFO - Filling up the DagBag from /home/airflow/.local/lib/python3.12/site-packages/airflow/example_dags/example_setup_teardown.py
[2025-06-22T12:30:28.540+0000] {processor.py:925} INFO - DAG(s) 'example_setup_teardown' retrieved from /home/airflow/.local/lib/python3.12/site-packages/airflow/example_dags/example_setup_teardown.py
[2025-06-22T12:30:28.559+0000] {logging_mixin.py:190} INFO - [2025-06-22T12:30:28.559+0000] {dag.py:3239} INFO - Sync 1 DAGs
[2025-06-22T12:30:28.573+0000] {logging_mixin.py:190} INFO - [2025-06-22T12:30:28.573+0000] {dag.py:4180} INFO - Setting next_dagrun for example_setup_teardown to None, run_after=None
[2025-06-22T12:30:28.590+0000] {processor.py:208} INFO - Processing /home/airflow/.local/lib/python3.12/site-packages/airflow/example_dags/example_setup_teardown.py took 0.068 seconds
[2025-06-22T12:37:59.969+0000] {processor.py:186} INFO - Started process (PID=176) to work on /home/airflow/.local/lib/python3.12/site-packages/airflow/example_dags/example_setup_teardown.py
[2025-06-22T12:37:59.976+0000] {processor.py:914} INFO - Processing file /home/airflow/.local/lib/python3.12/site-packages/airflow/example_dags/example_setup_teardown.py for tasks to queue
[2025-06-22T12:37:59.982+0000] {logging_mixin.py:190} INFO - [2025-06-22T12:37:59.982+0000] {dagbag.py:588} INFO - Filling up the DagBag from /home/airflow/.local/lib/python3.12/site-packages/airflow/example_dags/example_setup_teardown.py
[2025-06-22T12:38:00.000+0000] {processor.py:925} INFO - DAG(s) 'example_setup_teardown' retrieved from /home/airflow/.local/lib/python3.12/site-packages/airflow/example_dags/example_setup_teardown.py
[2025-06-22T12:38:00.186+0000] {logging_mixin.py:190} INFO - [2025-06-22T12:38:00.185+0000] {override.py:1912} INFO - Created Permission View: can delete on DAG:example_setup_teardown
[2025-06-22T12:38:00.212+0000] {logging_mixin.py:190} INFO - [2025-06-22T12:38:00.212+0000] {override.py:1912} INFO - Created Permission View: can edit on DAG:example_setup_teardown
[2025-06-22T12:38:00.227+0000] {logging_mixin.py:190} INFO - [2025-06-22T12:38:00.227+0000] {override.py:1912} INFO - Created Permission View: can read on DAG:example_setup_teardown
[2025-06-22T12:38:00.246+0000] {logging_mixin.py:190} INFO - [2025-06-22T12:38:00.245+0000] {override.py:1912} INFO - Created Permission View: can delete on DAG Run:example_setup_teardown
[2025-06-22T12:38:00.266+0000] {logging_mixin.py:190} INFO - [2025-06-22T12:38:00.265+0000] {override.py:1912} INFO - Created Permission View: can create on DAG Run:example_setup_teardown
[2025-06-22T12:38:00.280+0000] {logging_mixin.py:190} INFO - [2025-06-22T12:38:00.278+0000] {override.py:1912} INFO - Created Permission View: menu access on DAG Run:example_setup_teardown
[2025-06-22T12:38:00.292+0000] {logging_mixin.py:190} INFO - [2025-06-22T12:38:00.292+0000] {override.py:1912} INFO - Created Permission View: can read on DAG Run:example_setup_teardown
[2025-06-22T12:38:00.296+0000] {logging_mixin.py:190} INFO - [2025-06-22T12:38:00.296+0000] {dag.py:3239} INFO - Sync 1 DAGs
[2025-06-22T12:38:00.325+0000] {logging_mixin.py:190} INFO - [2025-06-22T12:38:00.325+0000] {dag.py:3262} INFO - Creating ORM DAG for example_setup_teardown
[2025-06-22T12:38:00.326+0000] {logging_mixin.py:190} INFO - [2025-06-22T12:38:00.326+0000] {dag.py:4180} INFO - Setting next_dagrun for example_setup_teardown to None, run_after=None
[2025-06-22T12:38:00.379+0000] {processor.py:208} INFO - Processing /home/airflow/.local/lib/python3.12/site-packages/airflow/example_dags/example_setup_teardown.py took 0.420 seconds
[2025-06-22T12:38:30.491+0000] {processor.py:186} INFO - Started process (PID=279) to work on /home/airflow/.local/lib/python3.12/site-packages/airflow/example_dags/example_setup_teardown.py
[2025-06-22T12:38:30.492+0000] {processor.py:914} INFO - Processing file /home/airflow/.local/lib/python3.12/site-packages/airflow/example_dags/example_setup_teardown.py for tasks to queue
[2025-06-22T12:38:30.495+0000] {logging_mixin.py:190} INFO - [2025-06-22T12:38:30.494+0000] {dagbag.py:588} INFO - Filling up the DagBag from /home/airflow/.local/lib/python3.12/site-packages/airflow/example_dags/example_setup_teardown.py
[2025-06-22T12:38:30.504+0000] {processor.py:925} INFO - DAG(s) 'example_setup_teardown' retrieved from /home/airflow/.local/lib/python3.12/site-packages/airflow/example_dags/example_setup_teardown.py
[2025-06-22T12:38:30.527+0000] {logging_mixin.py:190} INFO - [2025-06-22T12:38:30.527+0000] {dag.py:3239} INFO - Sync 1 DAGs
[2025-06-22T12:38:30.542+0000] {logging_mixin.py:190} INFO - [2025-06-22T12:38:30.542+0000] {dag.py:4180} INFO - Setting next_dagrun for example_setup_teardown to None, run_after=None
[2025-06-22T12:38:30.565+0000] {processor.py:208} INFO - Processing /home/airflow/.local/lib/python3.12/site-packages/airflow/example_dags/example_setup_teardown.py took 0.080 seconds
