[2025-06-22T12:22:40.170+0000] {processor.py:186} INFO - Started process (PID=143) to work on /home/airflow/.local/lib/python3.12/site-packages/airflow/example_dags/example_bash_operator.py
[2025-06-22T12:22:40.171+0000] {processor.py:914} INFO - Processing file /home/airflow/.local/lib/python3.12/site-packages/airflow/example_dags/example_bash_operator.py for tasks to queue
[2025-06-22T12:22:40.176+0000] {logging_mixin.py:190} INFO - [2025-06-22T12:22:40.175+0000] {dagbag.py:588} INFO - Filling up the DagBag from /home/airflow/.local/lib/python3.12/site-packages/airflow/example_dags/example_bash_operator.py
[2025-06-22T12:22:40.206+0000] {processor.py:925} INFO - DAG(s) 'example_bash_operator' retrieved from /home/airflow/.local/lib/python3.12/site-packages/airflow/example_dags/example_bash_operator.py
[2025-06-22T12:22:40.439+0000] {logging_mixin.py:190} INFO - [2025-06-22T12:22:40.437+0000] {override.py:1912} INFO - Created Permission View: can read on DAG:example_bash_operator
[2025-06-22T12:22:40.467+0000] {logging_mixin.py:190} INFO - [2025-06-22T12:22:40.466+0000] {override.py:1912} INFO - Created Permission View: can edit on DAG:example_bash_operator
[2025-06-22T12:22:40.483+0000] {logging_mixin.py:190} INFO - [2025-06-22T12:22:40.482+0000] {override.py:1912} INFO - Created Permission View: can delete on DAG:example_bash_operator
[2025-06-22T12:22:40.507+0000] {logging_mixin.py:190} INFO - [2025-06-22T12:22:40.507+0000] {override.py:1912} INFO - Created Permission View: can read on DAG Run:example_bash_operator
[2025-06-22T12:22:40.526+0000] {logging_mixin.py:190} INFO - [2025-06-22T12:22:40.526+0000] {override.py:1912} INFO - Created Permission View: can create on DAG Run:example_bash_operator
[2025-06-22T12:22:40.545+0000] {logging_mixin.py:190} INFO - [2025-06-22T12:22:40.544+0000] {override.py:1912} INFO - Created Permission View: can delete on DAG Run:example_bash_operator
[2025-06-22T12:22:40.568+0000] {logging_mixin.py:190} INFO - [2025-06-22T12:22:40.568+0000] {override.py:1912} INFO - Created Permission View: menu access on DAG Run:example_bash_operator
[2025-06-22T12:22:40.575+0000] {logging_mixin.py:190} INFO - [2025-06-22T12:22:40.575+0000] {dag.py:3239} INFO - Sync 1 DAGs
[2025-06-22T12:22:40.606+0000] {logging_mixin.py:190} INFO - [2025-06-22T12:22:40.605+0000] {dag.py:3262} INFO - Creating ORM DAG for example_bash_operator
[2025-06-22T12:22:40.628+0000] {logging_mixin.py:190} INFO - [2025-06-22T12:22:40.627+0000] {dag.py:4180} INFO - Setting next_dagrun for example_bash_operator to 2025-06-21 00:00:00+00:00, run_after=2025-06-22 00:00:00+00:00
[2025-06-22T12:22:40.656+0000] {processor.py:208} INFO - Processing /home/airflow/.local/lib/python3.12/site-packages/airflow/example_dags/example_bash_operator.py took 0.498 seconds
[2025-06-22T12:23:10.719+0000] {processor.py:186} INFO - Started process (PID=251) to work on /home/airflow/.local/lib/python3.12/site-packages/airflow/example_dags/example_bash_operator.py
[2025-06-22T12:23:10.720+0000] {processor.py:914} INFO - Processing file /home/airflow/.local/lib/python3.12/site-packages/airflow/example_dags/example_bash_operator.py for tasks to queue
[2025-06-22T12:23:10.722+0000] {logging_mixin.py:190} INFO - [2025-06-22T12:23:10.722+0000] {dagbag.py:588} INFO - Filling up the DagBag from /home/airflow/.local/lib/python3.12/site-packages/airflow/example_dags/example_bash_operator.py
[2025-06-22T12:23:10.736+0000] {processor.py:925} INFO - DAG(s) 'example_bash_operator' retrieved from /home/airflow/.local/lib/python3.12/site-packages/airflow/example_dags/example_bash_operator.py
[2025-06-22T12:23:10.761+0000] {logging_mixin.py:190} INFO - [2025-06-22T12:23:10.760+0000] {dag.py:3239} INFO - Sync 1 DAGs
[2025-06-22T12:23:10.783+0000] {logging_mixin.py:190} INFO - [2025-06-22T12:23:10.783+0000] {dag.py:4180} INFO - Setting next_dagrun for example_bash_operator to 2025-06-22 00:00:00+00:00, run_after=2025-06-23 00:00:00+00:00
[2025-06-22T12:23:10.801+0000] {processor.py:208} INFO - Processing /home/airflow/.local/lib/python3.12/site-packages/airflow/example_dags/example_bash_operator.py took 0.088 seconds
[2025-06-22T12:27:20.991+0000] {processor.py:186} INFO - Started process (PID=121) to work on /home/airflow/.local/lib/python3.12/site-packages/airflow/example_dags/example_bash_operator.py
[2025-06-22T12:27:20.992+0000] {processor.py:914} INFO - Processing file /home/airflow/.local/lib/python3.12/site-packages/airflow/example_dags/example_bash_operator.py for tasks to queue
[2025-06-22T12:27:20.994+0000] {logging_mixin.py:190} INFO - [2025-06-22T12:27:20.994+0000] {dagbag.py:588} INFO - Filling up the DagBag from /home/airflow/.local/lib/python3.12/site-packages/airflow/example_dags/example_bash_operator.py
[2025-06-22T12:27:21.006+0000] {processor.py:925} INFO - DAG(s) 'example_bash_operator' retrieved from /home/airflow/.local/lib/python3.12/site-packages/airflow/example_dags/example_bash_operator.py
[2025-06-22T12:27:21.028+0000] {logging_mixin.py:190} INFO - [2025-06-22T12:27:21.028+0000] {dag.py:3239} INFO - Sync 1 DAGs
[2025-06-22T12:27:21.050+0000] {logging_mixin.py:190} INFO - [2025-06-22T12:27:21.050+0000] {dag.py:4180} INFO - Setting next_dagrun for example_bash_operator to 2025-06-22 00:00:00+00:00, run_after=2025-06-23 00:00:00+00:00
[2025-06-22T12:27:21.066+0000] {processor.py:208} INFO - Processing /home/airflow/.local/lib/python3.12/site-packages/airflow/example_dags/example_bash_operator.py took 0.080 seconds
[2025-06-22T12:27:51.107+0000] {processor.py:186} INFO - Started process (PID=193) to work on /home/airflow/.local/lib/python3.12/site-packages/airflow/example_dags/example_bash_operator.py
[2025-06-22T12:27:51.108+0000] {processor.py:914} INFO - Processing file /home/airflow/.local/lib/python3.12/site-packages/airflow/example_dags/example_bash_operator.py for tasks to queue
[2025-06-22T12:27:51.110+0000] {logging_mixin.py:190} INFO - [2025-06-22T12:27:51.109+0000] {dagbag.py:588} INFO - Filling up the DagBag from /home/airflow/.local/lib/python3.12/site-packages/airflow/example_dags/example_bash_operator.py
[2025-06-22T12:27:51.122+0000] {processor.py:925} INFO - DAG(s) 'example_bash_operator' retrieved from /home/airflow/.local/lib/python3.12/site-packages/airflow/example_dags/example_bash_operator.py
[2025-06-22T12:27:51.145+0000] {logging_mixin.py:190} INFO - [2025-06-22T12:27:51.145+0000] {dag.py:3239} INFO - Sync 1 DAGs
[2025-06-22T12:27:51.170+0000] {logging_mixin.py:190} INFO - [2025-06-22T12:27:51.170+0000] {dag.py:4180} INFO - Setting next_dagrun for example_bash_operator to 2025-06-22 00:00:00+00:00, run_after=2025-06-23 00:00:00+00:00
[2025-06-22T12:27:51.191+0000] {processor.py:208} INFO - Processing /home/airflow/.local/lib/python3.12/site-packages/airflow/example_dags/example_bash_operator.py took 0.089 seconds
[2025-06-22T12:28:21.591+0000] {processor.py:186} INFO - Started process (PID=263) to work on /home/airflow/.local/lib/python3.12/site-packages/airflow/example_dags/example_bash_operator.py
[2025-06-22T12:28:21.592+0000] {processor.py:914} INFO - Processing file /home/airflow/.local/lib/python3.12/site-packages/airflow/example_dags/example_bash_operator.py for tasks to queue
[2025-06-22T12:28:21.594+0000] {logging_mixin.py:190} INFO - [2025-06-22T12:28:21.594+0000] {dagbag.py:588} INFO - Filling up the DagBag from /home/airflow/.local/lib/python3.12/site-packages/airflow/example_dags/example_bash_operator.py
[2025-06-22T12:28:21.606+0000] {processor.py:925} INFO - DAG(s) 'example_bash_operator' retrieved from /home/airflow/.local/lib/python3.12/site-packages/airflow/example_dags/example_bash_operator.py
[2025-06-22T12:28:21.629+0000] {logging_mixin.py:190} INFO - [2025-06-22T12:28:21.629+0000] {dag.py:3239} INFO - Sync 1 DAGs
[2025-06-22T12:28:21.650+0000] {logging_mixin.py:190} INFO - [2025-06-22T12:28:21.650+0000] {dag.py:4180} INFO - Setting next_dagrun for example_bash_operator to 2025-06-22 00:00:00+00:00, run_after=2025-06-23 00:00:00+00:00
[2025-06-22T12:28:21.671+0000] {processor.py:208} INFO - Processing /home/airflow/.local/lib/python3.12/site-packages/airflow/example_dags/example_bash_operator.py took 0.086 seconds
[2025-06-22T12:28:52.271+0000] {processor.py:186} INFO - Started process (PID=328) to work on /home/airflow/.local/lib/python3.12/site-packages/airflow/example_dags/example_bash_operator.py
[2025-06-22T12:28:52.272+0000] {processor.py:914} INFO - Processing file /home/airflow/.local/lib/python3.12/site-packages/airflow/example_dags/example_bash_operator.py for tasks to queue
[2025-06-22T12:28:52.274+0000] {logging_mixin.py:190} INFO - [2025-06-22T12:28:52.274+0000] {dagbag.py:588} INFO - Filling up the DagBag from /home/airflow/.local/lib/python3.12/site-packages/airflow/example_dags/example_bash_operator.py
[2025-06-22T12:28:52.286+0000] {processor.py:925} INFO - DAG(s) 'example_bash_operator' retrieved from /home/airflow/.local/lib/python3.12/site-packages/airflow/example_dags/example_bash_operator.py
[2025-06-22T12:28:52.310+0000] {logging_mixin.py:190} INFO - [2025-06-22T12:28:52.309+0000] {dag.py:3239} INFO - Sync 1 DAGs
[2025-06-22T12:28:52.330+0000] {logging_mixin.py:190} INFO - [2025-06-22T12:28:52.330+0000] {dag.py:4180} INFO - Setting next_dagrun for example_bash_operator to 2025-06-22 00:00:00+00:00, run_after=2025-06-23 00:00:00+00:00
[2025-06-22T12:28:52.348+0000] {processor.py:208} INFO - Processing /home/airflow/.local/lib/python3.12/site-packages/airflow/example_dags/example_bash_operator.py took 0.082 seconds
[2025-06-22T12:29:22.931+0000] {processor.py:186} INFO - Started process (PID=397) to work on /home/airflow/.local/lib/python3.12/site-packages/airflow/example_dags/example_bash_operator.py
[2025-06-22T12:29:22.931+0000] {processor.py:914} INFO - Processing file /home/airflow/.local/lib/python3.12/site-packages/airflow/example_dags/example_bash_operator.py for tasks to queue
[2025-06-22T12:29:22.933+0000] {logging_mixin.py:190} INFO - [2025-06-22T12:29:22.933+0000] {dagbag.py:588} INFO - Filling up the DagBag from /home/airflow/.local/lib/python3.12/site-packages/airflow/example_dags/example_bash_operator.py
[2025-06-22T12:29:22.945+0000] {processor.py:925} INFO - DAG(s) 'example_bash_operator' retrieved from /home/airflow/.local/lib/python3.12/site-packages/airflow/example_dags/example_bash_operator.py
[2025-06-22T12:29:22.969+0000] {logging_mixin.py:190} INFO - [2025-06-22T12:29:22.968+0000] {dag.py:3239} INFO - Sync 1 DAGs
[2025-06-22T12:29:22.989+0000] {logging_mixin.py:190} INFO - [2025-06-22T12:29:22.989+0000] {dag.py:4180} INFO - Setting next_dagrun for example_bash_operator to 2025-06-22 00:00:00+00:00, run_after=2025-06-23 00:00:00+00:00
[2025-06-22T12:29:23.007+0000] {processor.py:208} INFO - Processing /home/airflow/.local/lib/python3.12/site-packages/airflow/example_dags/example_bash_operator.py took 0.081 seconds
[2025-06-22T12:29:53.450+0000] {processor.py:186} INFO - Started process (PID=461) to work on /home/airflow/.local/lib/python3.12/site-packages/airflow/example_dags/example_bash_operator.py
[2025-06-22T12:29:53.451+0000] {processor.py:914} INFO - Processing file /home/airflow/.local/lib/python3.12/site-packages/airflow/example_dags/example_bash_operator.py for tasks to queue
[2025-06-22T12:29:53.453+0000] {logging_mixin.py:190} INFO - [2025-06-22T12:29:53.453+0000] {dagbag.py:588} INFO - Filling up the DagBag from /home/airflow/.local/lib/python3.12/site-packages/airflow/example_dags/example_bash_operator.py
[2025-06-22T12:29:53.465+0000] {processor.py:925} INFO - DAG(s) 'example_bash_operator' retrieved from /home/airflow/.local/lib/python3.12/site-packages/airflow/example_dags/example_bash_operator.py
[2025-06-22T12:29:53.488+0000] {logging_mixin.py:190} INFO - [2025-06-22T12:29:53.488+0000] {dag.py:3239} INFO - Sync 1 DAGs
[2025-06-22T12:29:53.509+0000] {logging_mixin.py:190} INFO - [2025-06-22T12:29:53.509+0000] {dag.py:4180} INFO - Setting next_dagrun for example_bash_operator to 2025-06-22 00:00:00+00:00, run_after=2025-06-23 00:00:00+00:00
[2025-06-22T12:29:53.527+0000] {processor.py:208} INFO - Processing /home/airflow/.local/lib/python3.12/site-packages/airflow/example_dags/example_bash_operator.py took 0.082 seconds
[2025-06-22T12:30:23.859+0000] {processor.py:186} INFO - Started process (PID=531) to work on /home/airflow/.local/lib/python3.12/site-packages/airflow/example_dags/example_bash_operator.py
[2025-06-22T12:30:23.860+0000] {processor.py:914} INFO - Processing file /home/airflow/.local/lib/python3.12/site-packages/airflow/example_dags/example_bash_operator.py for tasks to queue
[2025-06-22T12:30:23.862+0000] {logging_mixin.py:190} INFO - [2025-06-22T12:30:23.862+0000] {dagbag.py:588} INFO - Filling up the DagBag from /home/airflow/.local/lib/python3.12/site-packages/airflow/example_dags/example_bash_operator.py
[2025-06-22T12:30:23.876+0000] {processor.py:925} INFO - DAG(s) 'example_bash_operator' retrieved from /home/airflow/.local/lib/python3.12/site-packages/airflow/example_dags/example_bash_operator.py
[2025-06-22T12:30:23.902+0000] {logging_mixin.py:190} INFO - [2025-06-22T12:30:23.902+0000] {dag.py:3239} INFO - Sync 1 DAGs
[2025-06-22T12:30:23.924+0000] {logging_mixin.py:190} INFO - [2025-06-22T12:30:23.924+0000] {dag.py:4180} INFO - Setting next_dagrun for example_bash_operator to 2025-06-22 00:00:00+00:00, run_after=2025-06-23 00:00:00+00:00
[2025-06-22T12:30:23.943+0000] {processor.py:208} INFO - Processing /home/airflow/.local/lib/python3.12/site-packages/airflow/example_dags/example_bash_operator.py took 0.090 seconds
[2025-06-22T12:37:54.438+0000] {processor.py:186} INFO - Started process (PID=150) to work on /home/airflow/.local/lib/python3.12/site-packages/airflow/example_dags/example_bash_operator.py
[2025-06-22T12:37:54.445+0000] {processor.py:914} INFO - Processing file /home/airflow/.local/lib/python3.12/site-packages/airflow/example_dags/example_bash_operator.py for tasks to queue
[2025-06-22T12:37:54.451+0000] {logging_mixin.py:190} INFO - [2025-06-22T12:37:54.450+0000] {dagbag.py:588} INFO - Filling up the DagBag from /home/airflow/.local/lib/python3.12/site-packages/airflow/example_dags/example_bash_operator.py
[2025-06-22T12:37:54.485+0000] {processor.py:925} INFO - DAG(s) 'example_bash_operator' retrieved from /home/airflow/.local/lib/python3.12/site-packages/airflow/example_dags/example_bash_operator.py
[2025-06-22T12:37:54.752+0000] {logging_mixin.py:190} INFO - [2025-06-22T12:37:54.751+0000] {override.py:1912} INFO - Created Permission View: can delete on DAG:example_bash_operator
[2025-06-22T12:37:54.774+0000] {logging_mixin.py:190} INFO - [2025-06-22T12:37:54.774+0000] {override.py:1912} INFO - Created Permission View: can edit on DAG:example_bash_operator
[2025-06-22T12:37:54.801+0000] {logging_mixin.py:190} INFO - [2025-06-22T12:37:54.801+0000] {override.py:1912} INFO - Created Permission View: can read on DAG:example_bash_operator
[2025-06-22T12:37:54.827+0000] {logging_mixin.py:190} INFO - [2025-06-22T12:37:54.826+0000] {override.py:1912} INFO - Created Permission View: can delete on DAG Run:example_bash_operator
[2025-06-22T12:37:54.845+0000] {logging_mixin.py:190} INFO - [2025-06-22T12:37:54.845+0000] {override.py:1912} INFO - Created Permission View: can create on DAG Run:example_bash_operator
[2025-06-22T12:37:54.865+0000] {logging_mixin.py:190} INFO - [2025-06-22T12:37:54.864+0000] {override.py:1912} INFO - Created Permission View: menu access on DAG Run:example_bash_operator
[2025-06-22T12:37:54.877+0000] {logging_mixin.py:190} INFO - [2025-06-22T12:37:54.876+0000] {override.py:1912} INFO - Created Permission View: can read on DAG Run:example_bash_operator
[2025-06-22T12:37:54.880+0000] {logging_mixin.py:190} INFO - [2025-06-22T12:37:54.879+0000] {dag.py:3239} INFO - Sync 1 DAGs
[2025-06-22T12:37:54.913+0000] {logging_mixin.py:190} INFO - [2025-06-22T12:37:54.913+0000] {dag.py:3262} INFO - Creating ORM DAG for example_bash_operator
[2025-06-22T12:37:54.936+0000] {logging_mixin.py:190} INFO - [2025-06-22T12:37:54.936+0000] {dag.py:4180} INFO - Setting next_dagrun for example_bash_operator to 2025-06-21 00:00:00+00:00, run_after=2025-06-22 00:00:00+00:00
[2025-06-22T12:37:54.985+0000] {processor.py:208} INFO - Processing /home/airflow/.local/lib/python3.12/site-packages/airflow/example_dags/example_bash_operator.py took 0.562 seconds
[2025-06-22T12:38:25.682+0000] {processor.py:186} INFO - Started process (PID=269) to work on /home/airflow/.local/lib/python3.12/site-packages/airflow/example_dags/example_bash_operator.py
[2025-06-22T12:38:25.683+0000] {processor.py:914} INFO - Processing file /home/airflow/.local/lib/python3.12/site-packages/airflow/example_dags/example_bash_operator.py for tasks to queue
[2025-06-22T12:38:25.686+0000] {logging_mixin.py:190} INFO - [2025-06-22T12:38:25.685+0000] {dagbag.py:588} INFO - Filling up the DagBag from /home/airflow/.local/lib/python3.12/site-packages/airflow/example_dags/example_bash_operator.py
[2025-06-22T12:38:25.699+0000] {processor.py:925} INFO - DAG(s) 'example_bash_operator' retrieved from /home/airflow/.local/lib/python3.12/site-packages/airflow/example_dags/example_bash_operator.py
[2025-06-22T12:38:25.724+0000] {logging_mixin.py:190} INFO - [2025-06-22T12:38:25.723+0000] {dag.py:3239} INFO - Sync 1 DAGs
[2025-06-22T12:38:25.754+0000] {logging_mixin.py:190} INFO - [2025-06-22T12:38:25.754+0000] {dag.py:4180} INFO - Setting next_dagrun for example_bash_operator to 2025-06-22 00:00:00+00:00, run_after=2025-06-23 00:00:00+00:00
[2025-06-22T12:38:25.775+0000] {processor.py:208} INFO - Processing /home/airflow/.local/lib/python3.12/site-packages/airflow/example_dags/example_bash_operator.py took 0.099 seconds
