[2025-06-22T12:22:34.079+0000] {processor.py:186} INFO - Started process (PID=106) to work on /home/airflow/.local/lib/python3.12/site-packages/airflow/example_dags/example_task_group_decorator.py
[2025-06-22T12:22:34.080+0000] {processor.py:914} INFO - Processing file /home/airflow/.local/lib/python3.12/site-packages/airflow/example_dags/example_task_group_decorator.py for tasks to queue
[2025-06-22T12:22:34.083+0000] {logging_mixin.py:190} INFO - [2025-06-22T12:22:34.083+0000] {dagbag.py:588} INFO - Filling up the DagBag from /home/airflow/.local/lib/python3.12/site-packages/airflow/example_dags/example_task_group_decorator.py
[2025-06-22T12:22:34.104+0000] {processor.py:925} INFO - DAG(s) 'example_task_group_decorator' retrieved from /home/airflow/.local/lib/python3.12/site-packages/airflow/example_dags/example_task_group_decorator.py
[2025-06-22T12:22:34.241+0000] {logging_mixin.py:190} INFO - [2025-06-22T12:22:34.240+0000] {override.py:1912} INFO - Created Permission View: can read on DAG:example_task_group_decorator
[2025-06-22T12:22:34.254+0000] {logging_mixin.py:190} INFO - [2025-06-22T12:22:34.253+0000] {override.py:1912} INFO - Created Permission View: can edit on DAG:example_task_group_decorator
[2025-06-22T12:22:34.264+0000] {logging_mixin.py:190} INFO - [2025-06-22T12:22:34.264+0000] {override.py:1912} INFO - Created Permission View: can delete on DAG:example_task_group_decorator
[2025-06-22T12:22:34.276+0000] {logging_mixin.py:190} INFO - [2025-06-22T12:22:34.276+0000] {override.py:1912} INFO - Created Permission View: can read on DAG Run:example_task_group_decorator
[2025-06-22T12:22:34.287+0000] {logging_mixin.py:190} INFO - [2025-06-22T12:22:34.286+0000] {override.py:1912} INFO - Created Permission View: can create on DAG Run:example_task_group_decorator
[2025-06-22T12:22:34.296+0000] {logging_mixin.py:190} INFO - [2025-06-22T12:22:34.296+0000] {override.py:1912} INFO - Created Permission View: can delete on DAG Run:example_task_group_decorator
[2025-06-22T12:22:34.307+0000] {logging_mixin.py:190} INFO - [2025-06-22T12:22:34.307+0000] {override.py:1912} INFO - Created Permission View: menu access on DAG Run:example_task_group_decorator
[2025-06-22T12:22:34.308+0000] {logging_mixin.py:190} INFO - [2025-06-22T12:22:34.308+0000] {dag.py:3239} INFO - Sync 1 DAGs
[2025-06-22T12:22:34.323+0000] {logging_mixin.py:190} INFO - [2025-06-22T12:22:34.323+0000] {dag.py:3262} INFO - Creating ORM DAG for example_task_group_decorator
[2025-06-22T12:22:34.324+0000] {logging_mixin.py:190} INFO - [2025-06-22T12:22:34.324+0000] {dag.py:4180} INFO - Setting next_dagrun for example_task_group_decorator to None, run_after=None
[2025-06-22T12:22:34.345+0000] {processor.py:208} INFO - Processing /home/airflow/.local/lib/python3.12/site-packages/airflow/example_dags/example_task_group_decorator.py took 0.275 seconds
[2025-06-22T12:23:05.103+0000] {processor.py:186} INFO - Started process (PID=230) to work on /home/airflow/.local/lib/python3.12/site-packages/airflow/example_dags/example_task_group_decorator.py
[2025-06-22T12:23:05.104+0000] {processor.py:914} INFO - Processing file /home/airflow/.local/lib/python3.12/site-packages/airflow/example_dags/example_task_group_decorator.py for tasks to queue
[2025-06-22T12:23:05.106+0000] {logging_mixin.py:190} INFO - [2025-06-22T12:23:05.105+0000] {dagbag.py:588} INFO - Filling up the DagBag from /home/airflow/.local/lib/python3.12/site-packages/airflow/example_dags/example_task_group_decorator.py
[2025-06-22T12:23:05.120+0000] {processor.py:925} INFO - DAG(s) 'example_task_group_decorator' retrieved from /home/airflow/.local/lib/python3.12/site-packages/airflow/example_dags/example_task_group_decorator.py
[2025-06-22T12:23:05.142+0000] {logging_mixin.py:190} INFO - [2025-06-22T12:23:05.142+0000] {dag.py:3239} INFO - Sync 1 DAGs
[2025-06-22T12:23:05.155+0000] {logging_mixin.py:190} INFO - [2025-06-22T12:23:05.155+0000] {dag.py:4180} INFO - Setting next_dagrun for example_task_group_decorator to None, run_after=None
[2025-06-22T12:23:05.173+0000] {processor.py:208} INFO - Processing /home/airflow/.local/lib/python3.12/site-packages/airflow/example_dags/example_task_group_decorator.py took 0.076 seconds
[2025-06-22T12:27:19.453+0000] {processor.py:186} INFO - Started process (PID=90) to work on /home/airflow/.local/lib/python3.12/site-packages/airflow/example_dags/example_task_group_decorator.py
[2025-06-22T12:27:19.454+0000] {processor.py:914} INFO - Processing file /home/airflow/.local/lib/python3.12/site-packages/airflow/example_dags/example_task_group_decorator.py for tasks to queue
[2025-06-22T12:27:19.456+0000] {logging_mixin.py:190} INFO - [2025-06-22T12:27:19.456+0000] {dagbag.py:588} INFO - Filling up the DagBag from /home/airflow/.local/lib/python3.12/site-packages/airflow/example_dags/example_task_group_decorator.py
[2025-06-22T12:27:19.472+0000] {processor.py:925} INFO - DAG(s) 'example_task_group_decorator' retrieved from /home/airflow/.local/lib/python3.12/site-packages/airflow/example_dags/example_task_group_decorator.py
[2025-06-22T12:27:19.495+0000] {logging_mixin.py:190} INFO - [2025-06-22T12:27:19.495+0000] {dag.py:3239} INFO - Sync 1 DAGs
[2025-06-22T12:27:19.513+0000] {logging_mixin.py:190} INFO - [2025-06-22T12:27:19.513+0000] {dag.py:4180} INFO - Setting next_dagrun for example_task_group_decorator to None, run_after=None
[2025-06-22T12:27:19.537+0000] {processor.py:208} INFO - Processing /home/airflow/.local/lib/python3.12/site-packages/airflow/example_dags/example_task_group_decorator.py took 0.091 seconds
[2025-06-22T12:27:49.746+0000] {processor.py:186} INFO - Started process (PID=172) to work on /home/airflow/.local/lib/python3.12/site-packages/airflow/example_dags/example_task_group_decorator.py
[2025-06-22T12:27:49.747+0000] {processor.py:914} INFO - Processing file /home/airflow/.local/lib/python3.12/site-packages/airflow/example_dags/example_task_group_decorator.py for tasks to queue
[2025-06-22T12:27:49.749+0000] {logging_mixin.py:190} INFO - [2025-06-22T12:27:49.749+0000] {dagbag.py:588} INFO - Filling up the DagBag from /home/airflow/.local/lib/python3.12/site-packages/airflow/example_dags/example_task_group_decorator.py
[2025-06-22T12:27:49.762+0000] {processor.py:925} INFO - DAG(s) 'example_task_group_decorator' retrieved from /home/airflow/.local/lib/python3.12/site-packages/airflow/example_dags/example_task_group_decorator.py
[2025-06-22T12:27:49.785+0000] {logging_mixin.py:190} INFO - [2025-06-22T12:27:49.785+0000] {dag.py:3239} INFO - Sync 1 DAGs
[2025-06-22T12:27:49.797+0000] {logging_mixin.py:190} INFO - [2025-06-22T12:27:49.797+0000] {dag.py:4180} INFO - Setting next_dagrun for example_task_group_decorator to None, run_after=None
[2025-06-22T12:27:49.815+0000] {processor.py:208} INFO - Processing /home/airflow/.local/lib/python3.12/site-packages/airflow/example_dags/example_task_group_decorator.py took 0.074 seconds
[2025-06-22T12:28:20.078+0000] {processor.py:186} INFO - Started process (PID=241) to work on /home/airflow/.local/lib/python3.12/site-packages/airflow/example_dags/example_task_group_decorator.py
[2025-06-22T12:28:20.079+0000] {processor.py:914} INFO - Processing file /home/airflow/.local/lib/python3.12/site-packages/airflow/example_dags/example_task_group_decorator.py for tasks to queue
[2025-06-22T12:28:20.082+0000] {logging_mixin.py:190} INFO - [2025-06-22T12:28:20.081+0000] {dagbag.py:588} INFO - Filling up the DagBag from /home/airflow/.local/lib/python3.12/site-packages/airflow/example_dags/example_task_group_decorator.py
[2025-06-22T12:28:20.095+0000] {processor.py:925} INFO - DAG(s) 'example_task_group_decorator' retrieved from /home/airflow/.local/lib/python3.12/site-packages/airflow/example_dags/example_task_group_decorator.py
[2025-06-22T12:28:20.116+0000] {logging_mixin.py:190} INFO - [2025-06-22T12:28:20.116+0000] {dag.py:3239} INFO - Sync 1 DAGs
[2025-06-22T12:28:20.128+0000] {logging_mixin.py:190} INFO - [2025-06-22T12:28:20.128+0000] {dag.py:4180} INFO - Setting next_dagrun for example_task_group_decorator to None, run_after=None
[2025-06-22T12:28:20.146+0000] {processor.py:208} INFO - Processing /home/airflow/.local/lib/python3.12/site-packages/airflow/example_dags/example_task_group_decorator.py took 0.073 seconds
[2025-06-22T12:28:50.585+0000] {processor.py:186} INFO - Started process (PID=306) to work on /home/airflow/.local/lib/python3.12/site-packages/airflow/example_dags/example_task_group_decorator.py
[2025-06-22T12:28:50.586+0000] {processor.py:914} INFO - Processing file /home/airflow/.local/lib/python3.12/site-packages/airflow/example_dags/example_task_group_decorator.py for tasks to queue
[2025-06-22T12:28:50.589+0000] {logging_mixin.py:190} INFO - [2025-06-22T12:28:50.589+0000] {dagbag.py:588} INFO - Filling up the DagBag from /home/airflow/.local/lib/python3.12/site-packages/airflow/example_dags/example_task_group_decorator.py
[2025-06-22T12:28:50.603+0000] {processor.py:925} INFO - DAG(s) 'example_task_group_decorator' retrieved from /home/airflow/.local/lib/python3.12/site-packages/airflow/example_dags/example_task_group_decorator.py
[2025-06-22T12:28:50.625+0000] {logging_mixin.py:190} INFO - [2025-06-22T12:28:50.625+0000] {dag.py:3239} INFO - Sync 1 DAGs
[2025-06-22T12:28:50.639+0000] {logging_mixin.py:190} INFO - [2025-06-22T12:28:50.638+0000] {dag.py:4180} INFO - Setting next_dagrun for example_task_group_decorator to None, run_after=None
[2025-06-22T12:28:50.657+0000] {processor.py:208} INFO - Processing /home/airflow/.local/lib/python3.12/site-packages/airflow/example_dags/example_task_group_decorator.py took 0.078 seconds
[2025-06-22T12:29:21.358+0000] {processor.py:186} INFO - Started process (PID=375) to work on /home/airflow/.local/lib/python3.12/site-packages/airflow/example_dags/example_task_group_decorator.py
[2025-06-22T12:29:21.359+0000] {processor.py:914} INFO - Processing file /home/airflow/.local/lib/python3.12/site-packages/airflow/example_dags/example_task_group_decorator.py for tasks to queue
[2025-06-22T12:29:21.363+0000] {logging_mixin.py:190} INFO - [2025-06-22T12:29:21.362+0000] {dagbag.py:588} INFO - Filling up the DagBag from /home/airflow/.local/lib/python3.12/site-packages/airflow/example_dags/example_task_group_decorator.py
[2025-06-22T12:29:21.381+0000] {processor.py:925} INFO - DAG(s) 'example_task_group_decorator' retrieved from /home/airflow/.local/lib/python3.12/site-packages/airflow/example_dags/example_task_group_decorator.py
[2025-06-22T12:29:21.403+0000] {logging_mixin.py:190} INFO - [2025-06-22T12:29:21.403+0000] {dag.py:3239} INFO - Sync 1 DAGs
[2025-06-22T12:29:21.416+0000] {logging_mixin.py:190} INFO - [2025-06-22T12:29:21.416+0000] {dag.py:4180} INFO - Setting next_dagrun for example_task_group_decorator to None, run_after=None
[2025-06-22T12:29:21.433+0000] {processor.py:208} INFO - Processing /home/airflow/.local/lib/python3.12/site-packages/airflow/example_dags/example_task_group_decorator.py took 0.082 seconds
[2025-06-22T12:29:51.933+0000] {processor.py:186} INFO - Started process (PID=439) to work on /home/airflow/.local/lib/python3.12/site-packages/airflow/example_dags/example_task_group_decorator.py
[2025-06-22T12:29:51.934+0000] {processor.py:914} INFO - Processing file /home/airflow/.local/lib/python3.12/site-packages/airflow/example_dags/example_task_group_decorator.py for tasks to queue
[2025-06-22T12:29:51.936+0000] {logging_mixin.py:190} INFO - [2025-06-22T12:29:51.936+0000] {dagbag.py:588} INFO - Filling up the DagBag from /home/airflow/.local/lib/python3.12/site-packages/airflow/example_dags/example_task_group_decorator.py
[2025-06-22T12:29:51.949+0000] {processor.py:925} INFO - DAG(s) 'example_task_group_decorator' retrieved from /home/airflow/.local/lib/python3.12/site-packages/airflow/example_dags/example_task_group_decorator.py
[2025-06-22T12:29:51.971+0000] {logging_mixin.py:190} INFO - [2025-06-22T12:29:51.971+0000] {dag.py:3239} INFO - Sync 1 DAGs
[2025-06-22T12:29:51.983+0000] {logging_mixin.py:190} INFO - [2025-06-22T12:29:51.983+0000] {dag.py:4180} INFO - Setting next_dagrun for example_task_group_decorator to None, run_after=None
[2025-06-22T12:29:52.001+0000] {processor.py:208} INFO - Processing /home/airflow/.local/lib/python3.12/site-packages/airflow/example_dags/example_task_group_decorator.py took 0.073 seconds
[2025-06-22T12:30:22.512+0000] {processor.py:186} INFO - Started process (PID=509) to work on /home/airflow/.local/lib/python3.12/site-packages/airflow/example_dags/example_task_group_decorator.py
[2025-06-22T12:30:22.513+0000] {processor.py:914} INFO - Processing file /home/airflow/.local/lib/python3.12/site-packages/airflow/example_dags/example_task_group_decorator.py for tasks to queue
[2025-06-22T12:30:22.516+0000] {logging_mixin.py:190} INFO - [2025-06-22T12:30:22.516+0000] {dagbag.py:588} INFO - Filling up the DagBag from /home/airflow/.local/lib/python3.12/site-packages/airflow/example_dags/example_task_group_decorator.py
[2025-06-22T12:30:22.533+0000] {processor.py:925} INFO - DAG(s) 'example_task_group_decorator' retrieved from /home/airflow/.local/lib/python3.12/site-packages/airflow/example_dags/example_task_group_decorator.py
[2025-06-22T12:30:22.558+0000] {logging_mixin.py:190} INFO - [2025-06-22T12:30:22.558+0000] {dag.py:3239} INFO - Sync 1 DAGs
[2025-06-22T12:30:22.574+0000] {logging_mixin.py:190} INFO - [2025-06-22T12:30:22.573+0000] {dag.py:4180} INFO - Setting next_dagrun for example_task_group_decorator to None, run_after=None
[2025-06-22T12:30:22.595+0000] {processor.py:208} INFO - Processing /home/airflow/.local/lib/python3.12/site-packages/airflow/example_dags/example_task_group_decorator.py took 0.090 seconds
[2025-06-22T12:37:49.921+0000] {processor.py:186} INFO - Started process (PID=108) to work on /home/airflow/.local/lib/python3.12/site-packages/airflow/example_dags/example_task_group_decorator.py
[2025-06-22T12:37:49.923+0000] {processor.py:914} INFO - Processing file /home/airflow/.local/lib/python3.12/site-packages/airflow/example_dags/example_task_group_decorator.py for tasks to queue
[2025-06-22T12:37:49.926+0000] {logging_mixin.py:190} INFO - [2025-06-22T12:37:49.926+0000] {dagbag.py:588} INFO - Filling up the DagBag from /home/airflow/.local/lib/python3.12/site-packages/airflow/example_dags/example_task_group_decorator.py
[2025-06-22T12:37:49.949+0000] {processor.py:925} INFO - DAG(s) 'example_task_group_decorator' retrieved from /home/airflow/.local/lib/python3.12/site-packages/airflow/example_dags/example_task_group_decorator.py
[2025-06-22T12:37:50.103+0000] {logging_mixin.py:190} INFO - [2025-06-22T12:37:50.103+0000] {override.py:1912} INFO - Created Permission View: can delete on DAG:example_task_group_decorator
[2025-06-22T12:37:50.113+0000] {logging_mixin.py:190} INFO - [2025-06-22T12:37:50.113+0000] {override.py:1912} INFO - Created Permission View: can edit on DAG:example_task_group_decorator
[2025-06-22T12:37:50.121+0000] {logging_mixin.py:190} INFO - [2025-06-22T12:37:50.121+0000] {override.py:1912} INFO - Created Permission View: can read on DAG:example_task_group_decorator
[2025-06-22T12:37:50.132+0000] {logging_mixin.py:190} INFO - [2025-06-22T12:37:50.132+0000] {override.py:1912} INFO - Created Permission View: can delete on DAG Run:example_task_group_decorator
[2025-06-22T12:37:50.139+0000] {logging_mixin.py:190} INFO - [2025-06-22T12:37:50.139+0000] {override.py:1912} INFO - Created Permission View: can create on DAG Run:example_task_group_decorator
[2025-06-22T12:37:50.147+0000] {logging_mixin.py:190} INFO - [2025-06-22T12:37:50.147+0000] {override.py:1912} INFO - Created Permission View: menu access on DAG Run:example_task_group_decorator
[2025-06-22T12:37:50.156+0000] {logging_mixin.py:190} INFO - [2025-06-22T12:37:50.155+0000] {override.py:1912} INFO - Created Permission View: can read on DAG Run:example_task_group_decorator
[2025-06-22T12:37:50.156+0000] {logging_mixin.py:190} INFO - [2025-06-22T12:37:50.156+0000] {dag.py:3239} INFO - Sync 1 DAGs
[2025-06-22T12:37:50.170+0000] {logging_mixin.py:190} INFO - [2025-06-22T12:37:50.170+0000] {dag.py:3262} INFO - Creating ORM DAG for example_task_group_decorator
[2025-06-22T12:37:50.171+0000] {logging_mixin.py:190} INFO - [2025-06-22T12:37:50.171+0000] {dag.py:4180} INFO - Setting next_dagrun for example_task_group_decorator to None, run_after=None
[2025-06-22T12:37:50.189+0000] {processor.py:208} INFO - Processing /home/airflow/.local/lib/python3.12/site-packages/airflow/example_dags/example_task_group_decorator.py took 0.275 seconds
[2025-06-22T12:38:20.825+0000] {processor.py:186} INFO - Started process (PID=248) to work on /home/airflow/.local/lib/python3.12/site-packages/airflow/example_dags/example_task_group_decorator.py
[2025-06-22T12:38:20.826+0000] {processor.py:914} INFO - Processing file /home/airflow/.local/lib/python3.12/site-packages/airflow/example_dags/example_task_group_decorator.py for tasks to queue
[2025-06-22T12:38:20.829+0000] {logging_mixin.py:190} INFO - [2025-06-22T12:38:20.828+0000] {dagbag.py:588} INFO - Filling up the DagBag from /home/airflow/.local/lib/python3.12/site-packages/airflow/example_dags/example_task_group_decorator.py
[2025-06-22T12:38:20.847+0000] {processor.py:925} INFO - DAG(s) 'example_task_group_decorator' retrieved from /home/airflow/.local/lib/python3.12/site-packages/airflow/example_dags/example_task_group_decorator.py
[2025-06-22T12:38:20.872+0000] {logging_mixin.py:190} INFO - [2025-06-22T12:38:20.872+0000] {dag.py:3239} INFO - Sync 1 DAGs
[2025-06-22T12:38:20.890+0000] {logging_mixin.py:190} INFO - [2025-06-22T12:38:20.890+0000] {dag.py:4180} INFO - Setting next_dagrun for example_task_group_decorator to None, run_after=None
[2025-06-22T12:38:20.913+0000] {processor.py:208} INFO - Processing /home/airflow/.local/lib/python3.12/site-packages/airflow/example_dags/example_task_group_decorator.py took 0.094 seconds
[2025-06-22T12:38:51.217+0000] {processor.py:186} INFO - Started process (PID=311) to work on /home/airflow/.local/lib/python3.12/site-packages/airflow/example_dags/example_task_group_decorator.py
[2025-06-22T12:38:51.218+0000] {processor.py:914} INFO - Processing file /home/airflow/.local/lib/python3.12/site-packages/airflow/example_dags/example_task_group_decorator.py for tasks to queue
[2025-06-22T12:38:51.220+0000] {logging_mixin.py:190} INFO - [2025-06-22T12:38:51.220+0000] {dagbag.py:588} INFO - Filling up the DagBag from /home/airflow/.local/lib/python3.12/site-packages/airflow/example_dags/example_task_group_decorator.py
[2025-06-22T12:38:51.235+0000] {processor.py:925} INFO - DAG(s) 'example_task_group_decorator' retrieved from /home/airflow/.local/lib/python3.12/site-packages/airflow/example_dags/example_task_group_decorator.py
[2025-06-22T12:38:51.266+0000] {logging_mixin.py:190} INFO - [2025-06-22T12:38:51.266+0000] {dag.py:3239} INFO - Sync 1 DAGs
[2025-06-22T12:38:51.284+0000] {logging_mixin.py:190} INFO - [2025-06-22T12:38:51.283+0000] {dag.py:4180} INFO - Setting next_dagrun for example_task_group_decorator to None, run_after=None
[2025-06-22T12:38:51.308+0000] {processor.py:208} INFO - Processing /home/airflow/.local/lib/python3.12/site-packages/airflow/example_dags/example_task_group_decorator.py took 0.098 seconds
