[2025-06-22T12:22:41.836+0000] {processor.py:186} INFO - Started process (PID=161) to work on /home/airflow/.local/lib/python3.12/site-packages/airflow/example_dags/example_dataset_alias.py
[2025-06-22T12:22:41.839+0000] {processor.py:914} INFO - Processing file /home/airflow/.local/lib/python3.12/site-packages/airflow/example_dags/example_dataset_alias.py for tasks to queue
[2025-06-22T12:22:41.843+0000] {logging_mixin.py:190} INFO - [2025-06-22T12:22:41.842+0000] {dagbag.py:588} INFO - Filling up the DagBag from /home/airflow/.local/lib/python3.12/site-packages/airflow/example_dags/example_dataset_alias.py
[2025-06-22T12:22:43.066+0000] {processor.py:925} INFO - DAG(s) 'dataset_alias_example_alias_consumer', 'dataset_s3_bucket_producer', 'dataset_s3_bucket_consumer', 'dataset_alias_example_alias_producer' retrieved from /home/airflow/.local/lib/python3.12/site-packages/airflow/example_dags/example_dataset_alias.py
[2025-06-22T12:22:43.250+0000] {logging_mixin.py:190} INFO - [2025-06-22T12:22:43.248+0000] {override.py:1912} INFO - Created Permission View: can read on DAG:dataset_alias_example_alias_consumer
[2025-06-22T12:22:43.279+0000] {logging_mixin.py:190} INFO - [2025-06-22T12:22:43.279+0000] {override.py:1912} INFO - Created Permission View: can edit on DAG:dataset_alias_example_alias_consumer
[2025-06-22T12:22:43.297+0000] {logging_mixin.py:190} INFO - [2025-06-22T12:22:43.294+0000] {override.py:1912} INFO - Created Permission View: can delete on DAG:dataset_alias_example_alias_consumer
[2025-06-22T12:22:43.317+0000] {logging_mixin.py:190} INFO - [2025-06-22T12:22:43.317+0000] {override.py:1912} INFO - Created Permission View: can read on DAG Run:dataset_alias_example_alias_consumer
[2025-06-22T12:22:43.329+0000] {logging_mixin.py:190} INFO - [2025-06-22T12:22:43.329+0000] {override.py:1912} INFO - Created Permission View: can create on DAG Run:dataset_alias_example_alias_consumer
[2025-06-22T12:22:43.343+0000] {logging_mixin.py:190} INFO - [2025-06-22T12:22:43.342+0000] {override.py:1912} INFO - Created Permission View: can delete on DAG Run:dataset_alias_example_alias_consumer
[2025-06-22T12:22:43.357+0000] {logging_mixin.py:190} INFO - [2025-06-22T12:22:43.357+0000] {override.py:1912} INFO - Created Permission View: menu access on DAG Run:dataset_alias_example_alias_consumer
[2025-06-22T12:22:43.390+0000] {logging_mixin.py:190} INFO - [2025-06-22T12:22:43.390+0000] {override.py:1912} INFO - Created Permission View: can read on DAG:dataset_s3_bucket_producer
[2025-06-22T12:22:43.412+0000] {logging_mixin.py:190} INFO - [2025-06-22T12:22:43.411+0000] {override.py:1912} INFO - Created Permission View: can edit on DAG:dataset_s3_bucket_producer
[2025-06-22T12:22:43.447+0000] {logging_mixin.py:190} INFO - [2025-06-22T12:22:43.446+0000] {override.py:1912} INFO - Created Permission View: can delete on DAG:dataset_s3_bucket_producer
[2025-06-22T12:22:43.489+0000] {logging_mixin.py:190} INFO - [2025-06-22T12:22:43.489+0000] {override.py:1912} INFO - Created Permission View: can read on DAG Run:dataset_s3_bucket_producer
[2025-06-22T12:22:43.518+0000] {logging_mixin.py:190} INFO - [2025-06-22T12:22:43.516+0000] {override.py:1912} INFO - Created Permission View: can create on DAG Run:dataset_s3_bucket_producer
[2025-06-22T12:22:43.540+0000] {logging_mixin.py:190} INFO - [2025-06-22T12:22:43.540+0000] {override.py:1912} INFO - Created Permission View: can delete on DAG Run:dataset_s3_bucket_producer
[2025-06-22T12:22:43.563+0000] {logging_mixin.py:190} INFO - [2025-06-22T12:22:43.562+0000] {override.py:1912} INFO - Created Permission View: menu access on DAG Run:dataset_s3_bucket_producer
[2025-06-22T12:22:43.591+0000] {logging_mixin.py:190} INFO - [2025-06-22T12:22:43.591+0000] {override.py:1912} INFO - Created Permission View: can read on DAG:dataset_s3_bucket_consumer
[2025-06-22T12:22:43.610+0000] {logging_mixin.py:190} INFO - [2025-06-22T12:22:43.609+0000] {override.py:1912} INFO - Created Permission View: can edit on DAG:dataset_s3_bucket_consumer
[2025-06-22T12:22:43.623+0000] {logging_mixin.py:190} INFO - [2025-06-22T12:22:43.622+0000] {override.py:1912} INFO - Created Permission View: can delete on DAG:dataset_s3_bucket_consumer
[2025-06-22T12:22:43.651+0000] {logging_mixin.py:190} INFO - [2025-06-22T12:22:43.650+0000] {override.py:1912} INFO - Created Permission View: can read on DAG Run:dataset_s3_bucket_consumer
[2025-06-22T12:22:43.666+0000] {logging_mixin.py:190} INFO - [2025-06-22T12:22:43.666+0000] {override.py:1912} INFO - Created Permission View: can create on DAG Run:dataset_s3_bucket_consumer
[2025-06-22T12:22:43.682+0000] {logging_mixin.py:190} INFO - [2025-06-22T12:22:43.681+0000] {override.py:1912} INFO - Created Permission View: can delete on DAG Run:dataset_s3_bucket_consumer
[2025-06-22T12:22:43.699+0000] {logging_mixin.py:190} INFO - [2025-06-22T12:22:43.699+0000] {override.py:1912} INFO - Created Permission View: menu access on DAG Run:dataset_s3_bucket_consumer
[2025-06-22T12:22:43.741+0000] {logging_mixin.py:190} INFO - [2025-06-22T12:22:43.740+0000] {override.py:1912} INFO - Created Permission View: can read on DAG:dataset_alias_example_alias_producer
[2025-06-22T12:22:43.768+0000] {logging_mixin.py:190} INFO - [2025-06-22T12:22:43.768+0000] {override.py:1912} INFO - Created Permission View: can edit on DAG:dataset_alias_example_alias_producer
[2025-06-22T12:22:43.785+0000] {logging_mixin.py:190} INFO - [2025-06-22T12:22:43.784+0000] {override.py:1912} INFO - Created Permission View: can delete on DAG:dataset_alias_example_alias_producer
[2025-06-22T12:22:43.807+0000] {logging_mixin.py:190} INFO - [2025-06-22T12:22:43.805+0000] {override.py:1912} INFO - Created Permission View: can read on DAG Run:dataset_alias_example_alias_producer
[2025-06-22T12:22:43.837+0000] {logging_mixin.py:190} INFO - [2025-06-22T12:22:43.837+0000] {override.py:1912} INFO - Created Permission View: can create on DAG Run:dataset_alias_example_alias_producer
[2025-06-22T12:22:43.871+0000] {logging_mixin.py:190} INFO - [2025-06-22T12:22:43.870+0000] {override.py:1912} INFO - Created Permission View: can delete on DAG Run:dataset_alias_example_alias_producer
[2025-06-22T12:22:43.896+0000] {logging_mixin.py:190} INFO - [2025-06-22T12:22:43.895+0000] {override.py:1912} INFO - Created Permission View: menu access on DAG Run:dataset_alias_example_alias_producer
[2025-06-22T12:22:43.898+0000] {logging_mixin.py:190} INFO - [2025-06-22T12:22:43.897+0000] {dag.py:3239} INFO - Sync 4 DAGs
[2025-06-22T12:22:43.953+0000] {logging_mixin.py:190} INFO - [2025-06-22T12:22:43.952+0000] {dag.py:3262} INFO - Creating ORM DAG for dataset_s3_bucket_consumer
[2025-06-22T12:22:43.956+0000] {logging_mixin.py:190} INFO - [2025-06-22T12:22:43.955+0000] {dag.py:3262} INFO - Creating ORM DAG for dataset_alias_example_alias_consumer
[2025-06-22T12:22:43.957+0000] {logging_mixin.py:190} INFO - [2025-06-22T12:22:43.957+0000] {dag.py:3262} INFO - Creating ORM DAG for dataset_alias_example_alias_producer
[2025-06-22T12:22:43.963+0000] {logging_mixin.py:190} INFO - [2025-06-22T12:22:43.961+0000] {dag.py:3262} INFO - Creating ORM DAG for dataset_s3_bucket_producer
[2025-06-22T12:22:43.986+0000] {logging_mixin.py:190} INFO - [2025-06-22T12:22:43.985+0000] {dag.py:4180} INFO - Setting next_dagrun for dataset_alias_example_alias_consumer to None, run_after=None
[2025-06-22T12:22:43.989+0000] {logging_mixin.py:190} INFO - [2025-06-22T12:22:43.989+0000] {dag.py:4180} INFO - Setting next_dagrun for dataset_alias_example_alias_producer to None, run_after=None
[2025-06-22T12:22:43.993+0000] {logging_mixin.py:190} INFO - [2025-06-22T12:22:43.992+0000] {dag.py:4180} INFO - Setting next_dagrun for dataset_s3_bucket_consumer to None, run_after=None
[2025-06-22T12:22:44.001+0000] {logging_mixin.py:190} INFO - [2025-06-22T12:22:44.001+0000] {dag.py:4180} INFO - Setting next_dagrun for dataset_s3_bucket_producer to None, run_after=None
[2025-06-22T12:22:44.066+0000] {processor.py:208} INFO - Processing /home/airflow/.local/lib/python3.12/site-packages/airflow/example_dags/example_dataset_alias.py took 2.246 seconds
[2025-06-22T12:23:14.389+0000] {processor.py:186} INFO - Started process (PID=256) to work on /home/airflow/.local/lib/python3.12/site-packages/airflow/example_dags/example_dataset_alias.py
[2025-06-22T12:23:14.391+0000] {processor.py:914} INFO - Processing file /home/airflow/.local/lib/python3.12/site-packages/airflow/example_dags/example_dataset_alias.py for tasks to queue
[2025-06-22T12:23:14.394+0000] {logging_mixin.py:190} INFO - [2025-06-22T12:23:14.393+0000] {dagbag.py:588} INFO - Filling up the DagBag from /home/airflow/.local/lib/python3.12/site-packages/airflow/example_dags/example_dataset_alias.py
[2025-06-22T12:23:15.076+0000] {processor.py:925} INFO - DAG(s) 'dataset_s3_bucket_consumer', 'dataset_alias_example_alias_producer', 'dataset_alias_example_alias_consumer', 'dataset_s3_bucket_producer' retrieved from /home/airflow/.local/lib/python3.12/site-packages/airflow/example_dags/example_dataset_alias.py
[2025-06-22T12:23:15.105+0000] {logging_mixin.py:190} INFO - [2025-06-22T12:23:15.105+0000] {dag.py:3239} INFO - Sync 4 DAGs
[2025-06-22T12:23:15.140+0000] {logging_mixin.py:190} INFO - [2025-06-22T12:23:15.139+0000] {dag.py:4180} INFO - Setting next_dagrun for dataset_alias_example_alias_consumer to None, run_after=None
[2025-06-22T12:23:15.145+0000] {logging_mixin.py:190} INFO - [2025-06-22T12:23:15.144+0000] {dag.py:4180} INFO - Setting next_dagrun for dataset_alias_example_alias_producer to None, run_after=None
[2025-06-22T12:23:15.148+0000] {logging_mixin.py:190} INFO - [2025-06-22T12:23:15.147+0000] {dag.py:4180} INFO - Setting next_dagrun for dataset_s3_bucket_consumer to None, run_after=None
[2025-06-22T12:23:15.150+0000] {logging_mixin.py:190} INFO - [2025-06-22T12:23:15.149+0000] {dag.py:4180} INFO - Setting next_dagrun for dataset_s3_bucket_producer to None, run_after=None
[2025-06-22T12:23:15.175+0000] {processor.py:208} INFO - Processing /home/airflow/.local/lib/python3.12/site-packages/airflow/example_dags/example_dataset_alias.py took 0.793 seconds
[2025-06-22T12:27:21.416+0000] {processor.py:186} INFO - Started process (PID=126) to work on /home/airflow/.local/lib/python3.12/site-packages/airflow/example_dags/example_dataset_alias.py
[2025-06-22T12:27:21.417+0000] {processor.py:914} INFO - Processing file /home/airflow/.local/lib/python3.12/site-packages/airflow/example_dags/example_dataset_alias.py for tasks to queue
[2025-06-22T12:27:21.419+0000] {logging_mixin.py:190} INFO - [2025-06-22T12:27:21.418+0000] {dagbag.py:588} INFO - Filling up the DagBag from /home/airflow/.local/lib/python3.12/site-packages/airflow/example_dags/example_dataset_alias.py
[2025-06-22T12:27:22.062+0000] {processor.py:925} INFO - DAG(s) 'dataset_alias_example_alias_consumer', 'dataset_alias_example_alias_producer', 'dataset_s3_bucket_consumer', 'dataset_s3_bucket_producer' retrieved from /home/airflow/.local/lib/python3.12/site-packages/airflow/example_dags/example_dataset_alias.py
[2025-06-22T12:27:22.089+0000] {logging_mixin.py:190} INFO - [2025-06-22T12:27:22.088+0000] {dag.py:3239} INFO - Sync 4 DAGs
[2025-06-22T12:27:22.116+0000] {logging_mixin.py:190} INFO - [2025-06-22T12:27:22.116+0000] {dag.py:4180} INFO - Setting next_dagrun for dataset_alias_example_alias_consumer to None, run_after=None
[2025-06-22T12:27:22.119+0000] {logging_mixin.py:190} INFO - [2025-06-22T12:27:22.119+0000] {dag.py:4180} INFO - Setting next_dagrun for dataset_alias_example_alias_producer to None, run_after=None
[2025-06-22T12:27:22.121+0000] {logging_mixin.py:190} INFO - [2025-06-22T12:27:22.121+0000] {dag.py:4180} INFO - Setting next_dagrun for dataset_s3_bucket_consumer to None, run_after=None
[2025-06-22T12:27:22.122+0000] {logging_mixin.py:190} INFO - [2025-06-22T12:27:22.122+0000] {dag.py:4180} INFO - Setting next_dagrun for dataset_s3_bucket_producer to None, run_after=None
[2025-06-22T12:27:22.147+0000] {processor.py:208} INFO - Processing /home/airflow/.local/lib/python3.12/site-packages/airflow/example_dags/example_dataset_alias.py took 0.739 seconds
[2025-06-22T12:27:52.479+0000] {processor.py:186} INFO - Started process (PID=198) to work on /home/airflow/.local/lib/python3.12/site-packages/airflow/example_dags/example_dataset_alias.py
[2025-06-22T12:27:52.480+0000] {processor.py:914} INFO - Processing file /home/airflow/.local/lib/python3.12/site-packages/airflow/example_dags/example_dataset_alias.py for tasks to queue
[2025-06-22T12:27:52.484+0000] {logging_mixin.py:190} INFO - [2025-06-22T12:27:52.483+0000] {dagbag.py:588} INFO - Filling up the DagBag from /home/airflow/.local/lib/python3.12/site-packages/airflow/example_dags/example_dataset_alias.py
[2025-06-22T12:27:53.050+0000] {processor.py:925} INFO - DAG(s) 'dataset_s3_bucket_producer', 'dataset_alias_example_alias_producer', 'dataset_alias_example_alias_consumer', 'dataset_s3_bucket_consumer' retrieved from /home/airflow/.local/lib/python3.12/site-packages/airflow/example_dags/example_dataset_alias.py
[2025-06-22T12:27:53.069+0000] {logging_mixin.py:190} INFO - [2025-06-22T12:27:53.068+0000] {dag.py:3239} INFO - Sync 4 DAGs
[2025-06-22T12:27:53.088+0000] {logging_mixin.py:190} INFO - [2025-06-22T12:27:53.088+0000] {dag.py:4180} INFO - Setting next_dagrun for dataset_alias_example_alias_consumer to None, run_after=None
[2025-06-22T12:27:53.090+0000] {logging_mixin.py:190} INFO - [2025-06-22T12:27:53.090+0000] {dag.py:4180} INFO - Setting next_dagrun for dataset_alias_example_alias_producer to None, run_after=None
[2025-06-22T12:27:53.091+0000] {logging_mixin.py:190} INFO - [2025-06-22T12:27:53.091+0000] {dag.py:4180} INFO - Setting next_dagrun for dataset_s3_bucket_consumer to None, run_after=None
[2025-06-22T12:27:53.093+0000] {logging_mixin.py:190} INFO - [2025-06-22T12:27:53.093+0000] {dag.py:4180} INFO - Setting next_dagrun for dataset_s3_bucket_producer to None, run_after=None
[2025-06-22T12:27:53.121+0000] {processor.py:208} INFO - Processing /home/airflow/.local/lib/python3.12/site-packages/airflow/example_dags/example_dataset_alias.py took 0.649 seconds
[2025-06-22T12:28:23.243+0000] {processor.py:186} INFO - Started process (PID=268) to work on /home/airflow/.local/lib/python3.12/site-packages/airflow/example_dags/example_dataset_alias.py
[2025-06-22T12:28:23.244+0000] {processor.py:914} INFO - Processing file /home/airflow/.local/lib/python3.12/site-packages/airflow/example_dags/example_dataset_alias.py for tasks to queue
[2025-06-22T12:28:23.247+0000] {logging_mixin.py:190} INFO - [2025-06-22T12:28:23.246+0000] {dagbag.py:588} INFO - Filling up the DagBag from /home/airflow/.local/lib/python3.12/site-packages/airflow/example_dags/example_dataset_alias.py
[2025-06-22T12:28:23.848+0000] {processor.py:925} INFO - DAG(s) 'dataset_s3_bucket_producer', 'dataset_alias_example_alias_consumer', 'dataset_alias_example_alias_producer', 'dataset_s3_bucket_consumer' retrieved from /home/airflow/.local/lib/python3.12/site-packages/airflow/example_dags/example_dataset_alias.py
[2025-06-22T12:28:23.873+0000] {logging_mixin.py:190} INFO - [2025-06-22T12:28:23.873+0000] {dag.py:3239} INFO - Sync 4 DAGs
[2025-06-22T12:28:23.899+0000] {logging_mixin.py:190} INFO - [2025-06-22T12:28:23.898+0000] {dag.py:4180} INFO - Setting next_dagrun for dataset_alias_example_alias_consumer to None, run_after=None
[2025-06-22T12:28:23.905+0000] {logging_mixin.py:190} INFO - [2025-06-22T12:28:23.905+0000] {dag.py:4180} INFO - Setting next_dagrun for dataset_alias_example_alias_producer to None, run_after=None
[2025-06-22T12:28:23.907+0000] {logging_mixin.py:190} INFO - [2025-06-22T12:28:23.907+0000] {dag.py:4180} INFO - Setting next_dagrun for dataset_s3_bucket_consumer to None, run_after=None
[2025-06-22T12:28:23.909+0000] {logging_mixin.py:190} INFO - [2025-06-22T12:28:23.908+0000] {dag.py:4180} INFO - Setting next_dagrun for dataset_s3_bucket_producer to None, run_after=None
[2025-06-22T12:28:23.933+0000] {processor.py:208} INFO - Processing /home/airflow/.local/lib/python3.12/site-packages/airflow/example_dags/example_dataset_alias.py took 0.695 seconds
[2025-06-22T12:28:54.587+0000] {processor.py:186} INFO - Started process (PID=333) to work on /home/airflow/.local/lib/python3.12/site-packages/airflow/example_dags/example_dataset_alias.py
[2025-06-22T12:28:54.588+0000] {processor.py:914} INFO - Processing file /home/airflow/.local/lib/python3.12/site-packages/airflow/example_dags/example_dataset_alias.py for tasks to queue
[2025-06-22T12:28:54.590+0000] {logging_mixin.py:190} INFO - [2025-06-22T12:28:54.590+0000] {dagbag.py:588} INFO - Filling up the DagBag from /home/airflow/.local/lib/python3.12/site-packages/airflow/example_dags/example_dataset_alias.py
[2025-06-22T12:28:55.098+0000] {processor.py:925} INFO - DAG(s) 'dataset_s3_bucket_consumer', 'dataset_alias_example_alias_consumer', 'dataset_alias_example_alias_producer', 'dataset_s3_bucket_producer' retrieved from /home/airflow/.local/lib/python3.12/site-packages/airflow/example_dags/example_dataset_alias.py
[2025-06-22T12:28:55.115+0000] {logging_mixin.py:190} INFO - [2025-06-22T12:28:55.115+0000] {dag.py:3239} INFO - Sync 4 DAGs
[2025-06-22T12:28:55.134+0000] {logging_mixin.py:190} INFO - [2025-06-22T12:28:55.134+0000] {dag.py:4180} INFO - Setting next_dagrun for dataset_alias_example_alias_consumer to None, run_after=None
[2025-06-22T12:28:55.136+0000] {logging_mixin.py:190} INFO - [2025-06-22T12:28:55.136+0000] {dag.py:4180} INFO - Setting next_dagrun for dataset_alias_example_alias_producer to None, run_after=None
[2025-06-22T12:28:55.137+0000] {logging_mixin.py:190} INFO - [2025-06-22T12:28:55.137+0000] {dag.py:4180} INFO - Setting next_dagrun for dataset_s3_bucket_consumer to None, run_after=None
[2025-06-22T12:28:55.139+0000] {logging_mixin.py:190} INFO - [2025-06-22T12:28:55.138+0000] {dag.py:4180} INFO - Setting next_dagrun for dataset_s3_bucket_producer to None, run_after=None
[2025-06-22T12:28:55.165+0000] {processor.py:208} INFO - Processing /home/airflow/.local/lib/python3.12/site-packages/airflow/example_dags/example_dataset_alias.py took 0.583 seconds
[2025-06-22T12:29:25.243+0000] {processor.py:186} INFO - Started process (PID=402) to work on /home/airflow/.local/lib/python3.12/site-packages/airflow/example_dags/example_dataset_alias.py
[2025-06-22T12:29:25.243+0000] {processor.py:914} INFO - Processing file /home/airflow/.local/lib/python3.12/site-packages/airflow/example_dags/example_dataset_alias.py for tasks to queue
[2025-06-22T12:29:25.246+0000] {logging_mixin.py:190} INFO - [2025-06-22T12:29:25.245+0000] {dagbag.py:588} INFO - Filling up the DagBag from /home/airflow/.local/lib/python3.12/site-packages/airflow/example_dags/example_dataset_alias.py
[2025-06-22T12:29:25.722+0000] {processor.py:925} INFO - DAG(s) 'dataset_s3_bucket_producer', 'dataset_alias_example_alias_producer', 'dataset_s3_bucket_consumer', 'dataset_alias_example_alias_consumer' retrieved from /home/airflow/.local/lib/python3.12/site-packages/airflow/example_dags/example_dataset_alias.py
[2025-06-22T12:29:25.738+0000] {logging_mixin.py:190} INFO - [2025-06-22T12:29:25.738+0000] {dag.py:3239} INFO - Sync 4 DAGs
[2025-06-22T12:29:25.755+0000] {logging_mixin.py:190} INFO - [2025-06-22T12:29:25.755+0000] {dag.py:4180} INFO - Setting next_dagrun for dataset_alias_example_alias_consumer to None, run_after=None
[2025-06-22T12:29:25.757+0000] {logging_mixin.py:190} INFO - [2025-06-22T12:29:25.757+0000] {dag.py:4180} INFO - Setting next_dagrun for dataset_alias_example_alias_producer to None, run_after=None
[2025-06-22T12:29:25.758+0000] {logging_mixin.py:190} INFO - [2025-06-22T12:29:25.758+0000] {dag.py:4180} INFO - Setting next_dagrun for dataset_s3_bucket_consumer to None, run_after=None
[2025-06-22T12:29:25.760+0000] {logging_mixin.py:190} INFO - [2025-06-22T12:29:25.759+0000] {dag.py:4180} INFO - Setting next_dagrun for dataset_s3_bucket_producer to None, run_after=None
[2025-06-22T12:29:25.787+0000] {processor.py:208} INFO - Processing /home/airflow/.local/lib/python3.12/site-packages/airflow/example_dags/example_dataset_alias.py took 0.549 seconds
[2025-06-22T12:29:56.700+0000] {processor.py:186} INFO - Started process (PID=466) to work on /home/airflow/.local/lib/python3.12/site-packages/airflow/example_dags/example_dataset_alias.py
[2025-06-22T12:29:56.700+0000] {processor.py:914} INFO - Processing file /home/airflow/.local/lib/python3.12/site-packages/airflow/example_dags/example_dataset_alias.py for tasks to queue
[2025-06-22T12:29:56.703+0000] {logging_mixin.py:190} INFO - [2025-06-22T12:29:56.702+0000] {dagbag.py:588} INFO - Filling up the DagBag from /home/airflow/.local/lib/python3.12/site-packages/airflow/example_dags/example_dataset_alias.py
[2025-06-22T12:29:57.193+0000] {processor.py:925} INFO - DAG(s) 'dataset_s3_bucket_consumer', 'dataset_alias_example_alias_producer', 'dataset_s3_bucket_producer', 'dataset_alias_example_alias_consumer' retrieved from /home/airflow/.local/lib/python3.12/site-packages/airflow/example_dags/example_dataset_alias.py
[2025-06-22T12:29:57.211+0000] {logging_mixin.py:190} INFO - [2025-06-22T12:29:57.210+0000] {dag.py:3239} INFO - Sync 4 DAGs
[2025-06-22T12:29:57.228+0000] {logging_mixin.py:190} INFO - [2025-06-22T12:29:57.228+0000] {dag.py:4180} INFO - Setting next_dagrun for dataset_alias_example_alias_consumer to None, run_after=None
[2025-06-22T12:29:57.230+0000] {logging_mixin.py:190} INFO - [2025-06-22T12:29:57.230+0000] {dag.py:4180} INFO - Setting next_dagrun for dataset_alias_example_alias_producer to None, run_after=None
[2025-06-22T12:29:57.231+0000] {logging_mixin.py:190} INFO - [2025-06-22T12:29:57.231+0000] {dag.py:4180} INFO - Setting next_dagrun for dataset_s3_bucket_consumer to None, run_after=None
[2025-06-22T12:29:57.233+0000] {logging_mixin.py:190} INFO - [2025-06-22T12:29:57.233+0000] {dag.py:4180} INFO - Setting next_dagrun for dataset_s3_bucket_producer to None, run_after=None
[2025-06-22T12:29:57.250+0000] {processor.py:208} INFO - Processing /home/airflow/.local/lib/python3.12/site-packages/airflow/example_dags/example_dataset_alias.py took 0.557 seconds
[2025-06-22T12:30:27.741+0000] {processor.py:186} INFO - Started process (PID=536) to work on /home/airflow/.local/lib/python3.12/site-packages/airflow/example_dags/example_dataset_alias.py
[2025-06-22T12:30:27.742+0000] {processor.py:914} INFO - Processing file /home/airflow/.local/lib/python3.12/site-packages/airflow/example_dags/example_dataset_alias.py for tasks to queue
[2025-06-22T12:30:27.745+0000] {logging_mixin.py:190} INFO - [2025-06-22T12:30:27.745+0000] {dagbag.py:588} INFO - Filling up the DagBag from /home/airflow/.local/lib/python3.12/site-packages/airflow/example_dags/example_dataset_alias.py
[2025-06-22T12:30:28.272+0000] {processor.py:925} INFO - DAG(s) 'dataset_alias_example_alias_consumer', 'dataset_s3_bucket_producer', 'dataset_alias_example_alias_producer', 'dataset_s3_bucket_consumer' retrieved from /home/airflow/.local/lib/python3.12/site-packages/airflow/example_dags/example_dataset_alias.py
[2025-06-22T12:30:28.295+0000] {logging_mixin.py:190} INFO - [2025-06-22T12:30:28.294+0000] {dag.py:3239} INFO - Sync 4 DAGs
[2025-06-22T12:30:28.318+0000] {logging_mixin.py:190} INFO - [2025-06-22T12:30:28.317+0000] {dag.py:4180} INFO - Setting next_dagrun for dataset_alias_example_alias_consumer to None, run_after=None
[2025-06-22T12:30:28.320+0000] {logging_mixin.py:190} INFO - [2025-06-22T12:30:28.320+0000] {dag.py:4180} INFO - Setting next_dagrun for dataset_alias_example_alias_producer to None, run_after=None
[2025-06-22T12:30:28.321+0000] {logging_mixin.py:190} INFO - [2025-06-22T12:30:28.321+0000] {dag.py:4180} INFO - Setting next_dagrun for dataset_s3_bucket_consumer to None, run_after=None
[2025-06-22T12:30:28.322+0000] {logging_mixin.py:190} INFO - [2025-06-22T12:30:28.322+0000] {dag.py:4180} INFO - Setting next_dagrun for dataset_s3_bucket_producer to None, run_after=None
[2025-06-22T12:30:28.352+0000] {processor.py:208} INFO - Processing /home/airflow/.local/lib/python3.12/site-packages/airflow/example_dags/example_dataset_alias.py took 0.616 seconds
[2025-06-22T12:37:56.569+0000] {processor.py:186} INFO - Started process (PID=166) to work on /home/airflow/.local/lib/python3.12/site-packages/airflow/example_dags/example_dataset_alias.py
[2025-06-22T12:37:56.573+0000] {processor.py:914} INFO - Processing file /home/airflow/.local/lib/python3.12/site-packages/airflow/example_dags/example_dataset_alias.py for tasks to queue
[2025-06-22T12:37:56.577+0000] {logging_mixin.py:190} INFO - [2025-06-22T12:37:56.577+0000] {dagbag.py:588} INFO - Filling up the DagBag from /home/airflow/.local/lib/python3.12/site-packages/airflow/example_dags/example_dataset_alias.py
[2025-06-22T12:37:57.985+0000] {processor.py:925} INFO - DAG(s) 'dataset_s3_bucket_producer', 'dataset_s3_bucket_consumer', 'dataset_alias_example_alias_consumer', 'dataset_alias_example_alias_producer' retrieved from /home/airflow/.local/lib/python3.12/site-packages/airflow/example_dags/example_dataset_alias.py
[2025-06-22T12:37:58.177+0000] {logging_mixin.py:190} INFO - [2025-06-22T12:37:58.172+0000] {override.py:1912} INFO - Created Permission View: can delete on DAG:dataset_s3_bucket_producer
[2025-06-22T12:37:58.199+0000] {logging_mixin.py:190} INFO - [2025-06-22T12:37:58.198+0000] {override.py:1912} INFO - Created Permission View: can edit on DAG:dataset_s3_bucket_producer
[2025-06-22T12:37:58.216+0000] {logging_mixin.py:190} INFO - [2025-06-22T12:37:58.215+0000] {override.py:1912} INFO - Created Permission View: can read on DAG:dataset_s3_bucket_producer
[2025-06-22T12:37:58.233+0000] {logging_mixin.py:190} INFO - [2025-06-22T12:37:58.232+0000] {override.py:1912} INFO - Created Permission View: can delete on DAG Run:dataset_s3_bucket_producer
[2025-06-22T12:37:58.245+0000] {logging_mixin.py:190} INFO - [2025-06-22T12:37:58.245+0000] {override.py:1912} INFO - Created Permission View: can create on DAG Run:dataset_s3_bucket_producer
[2025-06-22T12:37:58.257+0000] {logging_mixin.py:190} INFO - [2025-06-22T12:37:58.257+0000] {override.py:1912} INFO - Created Permission View: menu access on DAG Run:dataset_s3_bucket_producer
[2025-06-22T12:37:58.271+0000] {logging_mixin.py:190} INFO - [2025-06-22T12:37:58.270+0000] {override.py:1912} INFO - Created Permission View: can read on DAG Run:dataset_s3_bucket_producer
[2025-06-22T12:37:58.296+0000] {logging_mixin.py:190} INFO - [2025-06-22T12:37:58.295+0000] {override.py:1912} INFO - Created Permission View: can delete on DAG:dataset_s3_bucket_consumer
[2025-06-22T12:37:58.313+0000] {logging_mixin.py:190} INFO - [2025-06-22T12:37:58.313+0000] {override.py:1912} INFO - Created Permission View: can edit on DAG:dataset_s3_bucket_consumer
[2025-06-22T12:37:58.329+0000] {logging_mixin.py:190} INFO - [2025-06-22T12:37:58.328+0000] {override.py:1912} INFO - Created Permission View: can read on DAG:dataset_s3_bucket_consumer
[2025-06-22T12:37:58.345+0000] {logging_mixin.py:190} INFO - [2025-06-22T12:37:58.344+0000] {override.py:1912} INFO - Created Permission View: can delete on DAG Run:dataset_s3_bucket_consumer
[2025-06-22T12:37:58.366+0000] {logging_mixin.py:190} INFO - [2025-06-22T12:37:58.365+0000] {override.py:1912} INFO - Created Permission View: can create on DAG Run:dataset_s3_bucket_consumer
[2025-06-22T12:37:58.385+0000] {logging_mixin.py:190} INFO - [2025-06-22T12:37:58.385+0000] {override.py:1912} INFO - Created Permission View: menu access on DAG Run:dataset_s3_bucket_consumer
[2025-06-22T12:37:58.404+0000] {logging_mixin.py:190} INFO - [2025-06-22T12:37:58.404+0000] {override.py:1912} INFO - Created Permission View: can read on DAG Run:dataset_s3_bucket_consumer
[2025-06-22T12:37:58.433+0000] {logging_mixin.py:190} INFO - [2025-06-22T12:37:58.433+0000] {override.py:1912} INFO - Created Permission View: can delete on DAG:dataset_alias_example_alias_consumer
[2025-06-22T12:37:58.453+0000] {logging_mixin.py:190} INFO - [2025-06-22T12:37:58.453+0000] {override.py:1912} INFO - Created Permission View: can edit on DAG:dataset_alias_example_alias_consumer
[2025-06-22T12:37:58.470+0000] {logging_mixin.py:190} INFO - [2025-06-22T12:37:58.468+0000] {override.py:1912} INFO - Created Permission View: can read on DAG:dataset_alias_example_alias_consumer
[2025-06-22T12:37:58.498+0000] {logging_mixin.py:190} INFO - [2025-06-22T12:37:58.497+0000] {override.py:1912} INFO - Created Permission View: can delete on DAG Run:dataset_alias_example_alias_consumer
[2025-06-22T12:37:58.519+0000] {logging_mixin.py:190} INFO - [2025-06-22T12:37:58.518+0000] {override.py:1912} INFO - Created Permission View: can create on DAG Run:dataset_alias_example_alias_consumer
[2025-06-22T12:37:58.542+0000] {logging_mixin.py:190} INFO - [2025-06-22T12:37:58.541+0000] {override.py:1912} INFO - Created Permission View: menu access on DAG Run:dataset_alias_example_alias_consumer
[2025-06-22T12:37:58.564+0000] {logging_mixin.py:190} INFO - [2025-06-22T12:37:58.563+0000] {override.py:1912} INFO - Created Permission View: can read on DAG Run:dataset_alias_example_alias_consumer
[2025-06-22T12:37:58.616+0000] {logging_mixin.py:190} INFO - [2025-06-22T12:37:58.615+0000] {override.py:1912} INFO - Created Permission View: can delete on DAG:dataset_alias_example_alias_producer
[2025-06-22T12:37:58.634+0000] {logging_mixin.py:190} INFO - [2025-06-22T12:37:58.633+0000] {override.py:1912} INFO - Created Permission View: can edit on DAG:dataset_alias_example_alias_producer
[2025-06-22T12:37:58.650+0000] {logging_mixin.py:190} INFO - [2025-06-22T12:37:58.650+0000] {override.py:1912} INFO - Created Permission View: can read on DAG:dataset_alias_example_alias_producer
[2025-06-22T12:37:58.677+0000] {logging_mixin.py:190} INFO - [2025-06-22T12:37:58.677+0000] {override.py:1912} INFO - Created Permission View: can delete on DAG Run:dataset_alias_example_alias_producer
[2025-06-22T12:37:58.696+0000] {logging_mixin.py:190} INFO - [2025-06-22T12:37:58.695+0000] {override.py:1912} INFO - Created Permission View: can create on DAG Run:dataset_alias_example_alias_producer
[2025-06-22T12:37:58.712+0000] {logging_mixin.py:190} INFO - [2025-06-22T12:37:58.711+0000] {override.py:1912} INFO - Created Permission View: menu access on DAG Run:dataset_alias_example_alias_producer
[2025-06-22T12:37:58.728+0000] {logging_mixin.py:190} INFO - [2025-06-22T12:37:58.727+0000] {override.py:1912} INFO - Created Permission View: can read on DAG Run:dataset_alias_example_alias_producer
[2025-06-22T12:37:58.731+0000] {logging_mixin.py:190} INFO - [2025-06-22T12:37:58.729+0000] {dag.py:3239} INFO - Sync 4 DAGs
[2025-06-22T12:37:58.756+0000] {logging_mixin.py:190} INFO - [2025-06-22T12:37:58.755+0000] {dag.py:3262} INFO - Creating ORM DAG for dataset_s3_bucket_producer
[2025-06-22T12:37:58.761+0000] {logging_mixin.py:190} INFO - [2025-06-22T12:37:58.761+0000] {dag.py:3262} INFO - Creating ORM DAG for dataset_alias_example_alias_producer
[2025-06-22T12:37:58.762+0000] {logging_mixin.py:190} INFO - [2025-06-22T12:37:58.762+0000] {dag.py:3262} INFO - Creating ORM DAG for dataset_s3_bucket_consumer
[2025-06-22T12:37:58.764+0000] {logging_mixin.py:190} INFO - [2025-06-22T12:37:58.764+0000] {dag.py:3262} INFO - Creating ORM DAG for dataset_alias_example_alias_consumer
[2025-06-22T12:37:58.783+0000] {logging_mixin.py:190} INFO - [2025-06-22T12:37:58.782+0000] {dag.py:4180} INFO - Setting next_dagrun for dataset_alias_example_alias_consumer to None, run_after=None
[2025-06-22T12:37:58.785+0000] {logging_mixin.py:190} INFO - [2025-06-22T12:37:58.784+0000] {dag.py:4180} INFO - Setting next_dagrun for dataset_alias_example_alias_producer to None, run_after=None
[2025-06-22T12:37:58.786+0000] {logging_mixin.py:190} INFO - [2025-06-22T12:37:58.786+0000] {dag.py:4180} INFO - Setting next_dagrun for dataset_s3_bucket_consumer to None, run_after=None
[2025-06-22T12:37:58.787+0000] {logging_mixin.py:190} INFO - [2025-06-22T12:37:58.787+0000] {dag.py:4180} INFO - Setting next_dagrun for dataset_s3_bucket_producer to None, run_after=None
[2025-06-22T12:37:58.854+0000] {processor.py:208} INFO - Processing /home/airflow/.local/lib/python3.12/site-packages/airflow/example_dags/example_dataset_alias.py took 2.302 seconds
[2025-06-22T12:38:29.542+0000] {processor.py:186} INFO - Started process (PID=274) to work on /home/airflow/.local/lib/python3.12/site-packages/airflow/example_dags/example_dataset_alias.py
[2025-06-22T12:38:29.544+0000] {processor.py:914} INFO - Processing file /home/airflow/.local/lib/python3.12/site-packages/airflow/example_dags/example_dataset_alias.py for tasks to queue
[2025-06-22T12:38:29.552+0000] {logging_mixin.py:190} INFO - [2025-06-22T12:38:29.552+0000] {dagbag.py:588} INFO - Filling up the DagBag from /home/airflow/.local/lib/python3.12/site-packages/airflow/example_dags/example_dataset_alias.py
[2025-06-22T12:38:30.138+0000] {processor.py:925} INFO - DAG(s) 'dataset_alias_example_alias_consumer', 'dataset_s3_bucket_consumer', 'dataset_alias_example_alias_producer', 'dataset_s3_bucket_producer' retrieved from /home/airflow/.local/lib/python3.12/site-packages/airflow/example_dags/example_dataset_alias.py
[2025-06-22T12:38:30.162+0000] {logging_mixin.py:190} INFO - [2025-06-22T12:38:30.162+0000] {dag.py:3239} INFO - Sync 4 DAGs
[2025-06-22T12:38:30.182+0000] {logging_mixin.py:190} INFO - [2025-06-22T12:38:30.182+0000] {dag.py:4180} INFO - Setting next_dagrun for dataset_alias_example_alias_consumer to None, run_after=None
[2025-06-22T12:38:30.185+0000] {logging_mixin.py:190} INFO - [2025-06-22T12:38:30.185+0000] {dag.py:4180} INFO - Setting next_dagrun for dataset_alias_example_alias_producer to None, run_after=None
[2025-06-22T12:38:30.186+0000] {logging_mixin.py:190} INFO - [2025-06-22T12:38:30.186+0000] {dag.py:4180} INFO - Setting next_dagrun for dataset_s3_bucket_consumer to None, run_after=None
[2025-06-22T12:38:30.187+0000] {logging_mixin.py:190} INFO - [2025-06-22T12:38:30.187+0000] {dag.py:4180} INFO - Setting next_dagrun for dataset_s3_bucket_producer to None, run_after=None
[2025-06-22T12:38:30.207+0000] {processor.py:208} INFO - Processing /home/airflow/.local/lib/python3.12/site-packages/airflow/example_dags/example_dataset_alias.py took 0.672 seconds
