[2025-06-22T12:22:45.658+0000] {processor.py:186} INFO - Started process (PID=167) to work on /home/airflow/.local/lib/python3.12/site-packages/airflow/example_dags/example_short_circuit_decorator.py
[2025-06-22T12:22:45.661+0000] {processor.py:914} INFO - Processing file /home/airflow/.local/lib/python3.12/site-packages/airflow/example_dags/example_short_circuit_decorator.py for tasks to queue
[2025-06-22T12:22:45.665+0000] {logging_mixin.py:190} INFO - [2025-06-22T12:22:45.664+0000] {dagbag.py:588} INFO - Filling up the DagBag from /home/airflow/.local/lib/python3.12/site-packages/airflow/example_dags/example_short_circuit_decorator.py
[2025-06-22T12:22:45.686+0000] {processor.py:925} INFO - DAG(s) 'example_short_circuit_decorator' retrieved from /home/airflow/.local/lib/python3.12/site-packages/airflow/example_dags/example_short_circuit_decorator.py
[2025-06-22T12:22:45.936+0000] {logging_mixin.py:190} INFO - [2025-06-22T12:22:45.935+0000] {override.py:1912} INFO - Created Permission View: can read on DAG:example_short_circuit_decorator
[2025-06-22T12:22:45.954+0000] {logging_mixin.py:190} INFO - [2025-06-22T12:22:45.954+0000] {override.py:1912} INFO - Created Permission View: can edit on DAG:example_short_circuit_decorator
[2025-06-22T12:22:45.970+0000] {logging_mixin.py:190} INFO - [2025-06-22T12:22:45.969+0000] {override.py:1912} INFO - Created Permission View: can delete on DAG:example_short_circuit_decorator
[2025-06-22T12:22:46.007+0000] {logging_mixin.py:190} INFO - [2025-06-22T12:22:46.007+0000] {override.py:1912} INFO - Created Permission View: can read on DAG Run:example_short_circuit_decorator
[2025-06-22T12:22:46.028+0000] {logging_mixin.py:190} INFO - [2025-06-22T12:22:46.028+0000] {override.py:1912} INFO - Created Permission View: can create on DAG Run:example_short_circuit_decorator
[2025-06-22T12:22:46.044+0000] {logging_mixin.py:190} INFO - [2025-06-22T12:22:46.044+0000] {override.py:1912} INFO - Created Permission View: can delete on DAG Run:example_short_circuit_decorator
[2025-06-22T12:22:46.062+0000] {logging_mixin.py:190} INFO - [2025-06-22T12:22:46.062+0000] {override.py:1912} INFO - Created Permission View: menu access on DAG Run:example_short_circuit_decorator
[2025-06-22T12:22:46.063+0000] {logging_mixin.py:190} INFO - [2025-06-22T12:22:46.063+0000] {dag.py:3239} INFO - Sync 1 DAGs
[2025-06-22T12:22:46.085+0000] {logging_mixin.py:190} INFO - [2025-06-22T12:22:46.085+0000] {dag.py:3262} INFO - Creating ORM DAG for example_short_circuit_decorator
[2025-06-22T12:22:46.086+0000] {logging_mixin.py:190} INFO - [2025-06-22T12:22:46.086+0000] {dag.py:4180} INFO - Setting next_dagrun for example_short_circuit_decorator to None, run_after=None
[2025-06-22T12:22:46.115+0000] {processor.py:208} INFO - Processing /home/airflow/.local/lib/python3.12/site-packages/airflow/example_dags/example_short_circuit_decorator.py took 0.467 seconds
[2025-06-22T12:23:16.695+0000] {processor.py:186} INFO - Started process (PID=262) to work on /home/airflow/.local/lib/python3.12/site-packages/airflow/example_dags/example_short_circuit_decorator.py
[2025-06-22T12:23:16.696+0000] {processor.py:914} INFO - Processing file /home/airflow/.local/lib/python3.12/site-packages/airflow/example_dags/example_short_circuit_decorator.py for tasks to queue
[2025-06-22T12:23:16.698+0000] {logging_mixin.py:190} INFO - [2025-06-22T12:23:16.698+0000] {dagbag.py:588} INFO - Filling up the DagBag from /home/airflow/.local/lib/python3.12/site-packages/airflow/example_dags/example_short_circuit_decorator.py
[2025-06-22T12:23:16.707+0000] {processor.py:925} INFO - DAG(s) 'example_short_circuit_decorator' retrieved from /home/airflow/.local/lib/python3.12/site-packages/airflow/example_dags/example_short_circuit_decorator.py
[2025-06-22T12:23:16.726+0000] {logging_mixin.py:190} INFO - [2025-06-22T12:23:16.726+0000] {dag.py:3239} INFO - Sync 1 DAGs
[2025-06-22T12:23:16.739+0000] {logging_mixin.py:190} INFO - [2025-06-22T12:23:16.738+0000] {dag.py:4180} INFO - Setting next_dagrun for example_short_circuit_decorator to None, run_after=None
[2025-06-22T12:23:16.760+0000] {processor.py:208} INFO - Processing /home/airflow/.local/lib/python3.12/site-packages/airflow/example_dags/example_short_circuit_decorator.py took 0.071 seconds
[2025-06-22T12:27:22.681+0000] {processor.py:186} INFO - Started process (PID=132) to work on /home/airflow/.local/lib/python3.12/site-packages/airflow/example_dags/example_short_circuit_decorator.py
[2025-06-22T12:27:22.682+0000] {processor.py:914} INFO - Processing file /home/airflow/.local/lib/python3.12/site-packages/airflow/example_dags/example_short_circuit_decorator.py for tasks to queue
[2025-06-22T12:27:22.684+0000] {logging_mixin.py:190} INFO - [2025-06-22T12:27:22.684+0000] {dagbag.py:588} INFO - Filling up the DagBag from /home/airflow/.local/lib/python3.12/site-packages/airflow/example_dags/example_short_circuit_decorator.py
[2025-06-22T12:27:22.694+0000] {processor.py:925} INFO - DAG(s) 'example_short_circuit_decorator' retrieved from /home/airflow/.local/lib/python3.12/site-packages/airflow/example_dags/example_short_circuit_decorator.py
[2025-06-22T12:27:22.716+0000] {logging_mixin.py:190} INFO - [2025-06-22T12:27:22.716+0000] {dag.py:3239} INFO - Sync 1 DAGs
[2025-06-22T12:27:22.731+0000] {logging_mixin.py:190} INFO - [2025-06-22T12:27:22.731+0000] {dag.py:4180} INFO - Setting next_dagrun for example_short_circuit_decorator to None, run_after=None
[2025-06-22T12:27:22.751+0000] {processor.py:208} INFO - Processing /home/airflow/.local/lib/python3.12/site-packages/airflow/example_dags/example_short_circuit_decorator.py took 0.075 seconds
[2025-06-22T12:27:53.563+0000] {processor.py:186} INFO - Started process (PID=204) to work on /home/airflow/.local/lib/python3.12/site-packages/airflow/example_dags/example_short_circuit_decorator.py
[2025-06-22T12:27:53.564+0000] {processor.py:914} INFO - Processing file /home/airflow/.local/lib/python3.12/site-packages/airflow/example_dags/example_short_circuit_decorator.py for tasks to queue
[2025-06-22T12:27:53.568+0000] {logging_mixin.py:190} INFO - [2025-06-22T12:27:53.567+0000] {dagbag.py:588} INFO - Filling up the DagBag from /home/airflow/.local/lib/python3.12/site-packages/airflow/example_dags/example_short_circuit_decorator.py
[2025-06-22T12:27:53.582+0000] {processor.py:925} INFO - DAG(s) 'example_short_circuit_decorator' retrieved from /home/airflow/.local/lib/python3.12/site-packages/airflow/example_dags/example_short_circuit_decorator.py
[2025-06-22T12:27:53.607+0000] {logging_mixin.py:190} INFO - [2025-06-22T12:27:53.607+0000] {dag.py:3239} INFO - Sync 1 DAGs
[2025-06-22T12:27:53.622+0000] {logging_mixin.py:190} INFO - [2025-06-22T12:27:53.622+0000] {dag.py:4180} INFO - Setting next_dagrun for example_short_circuit_decorator to None, run_after=None
[2025-06-22T12:27:53.650+0000] {processor.py:208} INFO - Processing /home/airflow/.local/lib/python3.12/site-packages/airflow/example_dags/example_short_circuit_decorator.py took 0.094 seconds
[2025-06-22T12:28:24.146+0000] {processor.py:186} INFO - Started process (PID=273) to work on /home/airflow/.local/lib/python3.12/site-packages/airflow/example_dags/example_short_circuit_decorator.py
[2025-06-22T12:28:24.148+0000] {processor.py:914} INFO - Processing file /home/airflow/.local/lib/python3.12/site-packages/airflow/example_dags/example_short_circuit_decorator.py for tasks to queue
[2025-06-22T12:28:24.150+0000] {logging_mixin.py:190} INFO - [2025-06-22T12:28:24.150+0000] {dagbag.py:588} INFO - Filling up the DagBag from /home/airflow/.local/lib/python3.12/site-packages/airflow/example_dags/example_short_circuit_decorator.py
[2025-06-22T12:28:24.162+0000] {processor.py:925} INFO - DAG(s) 'example_short_circuit_decorator' retrieved from /home/airflow/.local/lib/python3.12/site-packages/airflow/example_dags/example_short_circuit_decorator.py
[2025-06-22T12:28:24.184+0000] {logging_mixin.py:190} INFO - [2025-06-22T12:28:24.184+0000] {dag.py:3239} INFO - Sync 1 DAGs
[2025-06-22T12:28:24.199+0000] {logging_mixin.py:190} INFO - [2025-06-22T12:28:24.199+0000] {dag.py:4180} INFO - Setting next_dagrun for example_short_circuit_decorator to None, run_after=None
[2025-06-22T12:28:24.221+0000] {processor.py:208} INFO - Processing /home/airflow/.local/lib/python3.12/site-packages/airflow/example_dags/example_short_circuit_decorator.py took 0.081 seconds
[2025-06-22T12:28:55.484+0000] {processor.py:186} INFO - Started process (PID=338) to work on /home/airflow/.local/lib/python3.12/site-packages/airflow/example_dags/example_short_circuit_decorator.py
[2025-06-22T12:28:55.485+0000] {processor.py:914} INFO - Processing file /home/airflow/.local/lib/python3.12/site-packages/airflow/example_dags/example_short_circuit_decorator.py for tasks to queue
[2025-06-22T12:28:55.488+0000] {logging_mixin.py:190} INFO - [2025-06-22T12:28:55.487+0000] {dagbag.py:588} INFO - Filling up the DagBag from /home/airflow/.local/lib/python3.12/site-packages/airflow/example_dags/example_short_circuit_decorator.py
[2025-06-22T12:28:55.497+0000] {processor.py:925} INFO - DAG(s) 'example_short_circuit_decorator' retrieved from /home/airflow/.local/lib/python3.12/site-packages/airflow/example_dags/example_short_circuit_decorator.py
[2025-06-22T12:28:55.516+0000] {logging_mixin.py:190} INFO - [2025-06-22T12:28:55.516+0000] {dag.py:3239} INFO - Sync 1 DAGs
[2025-06-22T12:28:55.529+0000] {logging_mixin.py:190} INFO - [2025-06-22T12:28:55.529+0000] {dag.py:4180} INFO - Setting next_dagrun for example_short_circuit_decorator to None, run_after=None
[2025-06-22T12:28:55.546+0000] {processor.py:208} INFO - Processing /home/airflow/.local/lib/python3.12/site-packages/airflow/example_dags/example_short_circuit_decorator.py took 0.069 seconds
[2025-06-22T12:29:26.098+0000] {processor.py:186} INFO - Started process (PID=407) to work on /home/airflow/.local/lib/python3.12/site-packages/airflow/example_dags/example_short_circuit_decorator.py
[2025-06-22T12:29:26.099+0000] {processor.py:914} INFO - Processing file /home/airflow/.local/lib/python3.12/site-packages/airflow/example_dags/example_short_circuit_decorator.py for tasks to queue
[2025-06-22T12:29:26.101+0000] {logging_mixin.py:190} INFO - [2025-06-22T12:29:26.101+0000] {dagbag.py:588} INFO - Filling up the DagBag from /home/airflow/.local/lib/python3.12/site-packages/airflow/example_dags/example_short_circuit_decorator.py
[2025-06-22T12:29:26.110+0000] {processor.py:925} INFO - DAG(s) 'example_short_circuit_decorator' retrieved from /home/airflow/.local/lib/python3.12/site-packages/airflow/example_dags/example_short_circuit_decorator.py
[2025-06-22T12:29:26.130+0000] {logging_mixin.py:190} INFO - [2025-06-22T12:29:26.130+0000] {dag.py:3239} INFO - Sync 1 DAGs
[2025-06-22T12:29:26.142+0000] {logging_mixin.py:190} INFO - [2025-06-22T12:29:26.142+0000] {dag.py:4180} INFO - Setting next_dagrun for example_short_circuit_decorator to None, run_after=None
[2025-06-22T12:29:26.159+0000] {processor.py:208} INFO - Processing /home/airflow/.local/lib/python3.12/site-packages/airflow/example_dags/example_short_circuit_decorator.py took 0.066 seconds
[2025-06-22T12:29:57.560+0000] {processor.py:186} INFO - Started process (PID=471) to work on /home/airflow/.local/lib/python3.12/site-packages/airflow/example_dags/example_short_circuit_decorator.py
[2025-06-22T12:29:57.561+0000] {processor.py:914} INFO - Processing file /home/airflow/.local/lib/python3.12/site-packages/airflow/example_dags/example_short_circuit_decorator.py for tasks to queue
[2025-06-22T12:29:57.563+0000] {logging_mixin.py:190} INFO - [2025-06-22T12:29:57.563+0000] {dagbag.py:588} INFO - Filling up the DagBag from /home/airflow/.local/lib/python3.12/site-packages/airflow/example_dags/example_short_circuit_decorator.py
[2025-06-22T12:29:57.571+0000] {processor.py:925} INFO - DAG(s) 'example_short_circuit_decorator' retrieved from /home/airflow/.local/lib/python3.12/site-packages/airflow/example_dags/example_short_circuit_decorator.py
[2025-06-22T12:29:57.590+0000] {logging_mixin.py:190} INFO - [2025-06-22T12:29:57.590+0000] {dag.py:3239} INFO - Sync 1 DAGs
[2025-06-22T12:29:57.602+0000] {logging_mixin.py:190} INFO - [2025-06-22T12:29:57.602+0000] {dag.py:4180} INFO - Setting next_dagrun for example_short_circuit_decorator to None, run_after=None
[2025-06-22T12:29:57.619+0000] {processor.py:208} INFO - Processing /home/airflow/.local/lib/python3.12/site-packages/airflow/example_dags/example_short_circuit_decorator.py took 0.064 seconds
[2025-06-22T12:30:28.579+0000] {processor.py:186} INFO - Started process (PID=541) to work on /home/airflow/.local/lib/python3.12/site-packages/airflow/example_dags/example_short_circuit_decorator.py
[2025-06-22T12:30:28.581+0000] {processor.py:914} INFO - Processing file /home/airflow/.local/lib/python3.12/site-packages/airflow/example_dags/example_short_circuit_decorator.py for tasks to queue
[2025-06-22T12:30:28.583+0000] {logging_mixin.py:190} INFO - [2025-06-22T12:30:28.582+0000] {dagbag.py:588} INFO - Filling up the DagBag from /home/airflow/.local/lib/python3.12/site-packages/airflow/example_dags/example_short_circuit_decorator.py
[2025-06-22T12:30:28.592+0000] {processor.py:925} INFO - DAG(s) 'example_short_circuit_decorator' retrieved from /home/airflow/.local/lib/python3.12/site-packages/airflow/example_dags/example_short_circuit_decorator.py
[2025-06-22T12:30:28.614+0000] {logging_mixin.py:190} INFO - [2025-06-22T12:30:28.614+0000] {dag.py:3239} INFO - Sync 1 DAGs
[2025-06-22T12:30:28.629+0000] {logging_mixin.py:190} INFO - [2025-06-22T12:30:28.629+0000] {dag.py:4180} INFO - Setting next_dagrun for example_short_circuit_decorator to None, run_after=None
[2025-06-22T12:30:28.647+0000] {processor.py:208} INFO - Processing /home/airflow/.local/lib/python3.12/site-packages/airflow/example_dags/example_short_circuit_decorator.py took 0.073 seconds
[2025-06-22T12:38:00.172+0000] {processor.py:186} INFO - Started process (PID=177) to work on /home/airflow/.local/lib/python3.12/site-packages/airflow/example_dags/example_short_circuit_decorator.py
[2025-06-22T12:38:00.174+0000] {processor.py:914} INFO - Processing file /home/airflow/.local/lib/python3.12/site-packages/airflow/example_dags/example_short_circuit_decorator.py for tasks to queue
[2025-06-22T12:38:00.178+0000] {logging_mixin.py:190} INFO - [2025-06-22T12:38:00.178+0000] {dagbag.py:588} INFO - Filling up the DagBag from /home/airflow/.local/lib/python3.12/site-packages/airflow/example_dags/example_short_circuit_decorator.py
[2025-06-22T12:38:00.207+0000] {processor.py:925} INFO - DAG(s) 'example_short_circuit_decorator' retrieved from /home/airflow/.local/lib/python3.12/site-packages/airflow/example_dags/example_short_circuit_decorator.py
[2025-06-22T12:38:00.428+0000] {logging_mixin.py:190} INFO - [2025-06-22T12:38:00.425+0000] {override.py:1912} INFO - Created Permission View: can delete on DAG:example_short_circuit_decorator
[2025-06-22T12:38:00.468+0000] {logging_mixin.py:190} INFO - [2025-06-22T12:38:00.468+0000] {override.py:1912} INFO - Created Permission View: can edit on DAG:example_short_circuit_decorator
[2025-06-22T12:38:00.489+0000] {logging_mixin.py:190} INFO - [2025-06-22T12:38:00.488+0000] {override.py:1912} INFO - Created Permission View: can read on DAG:example_short_circuit_decorator
[2025-06-22T12:38:00.513+0000] {logging_mixin.py:190} INFO - [2025-06-22T12:38:00.513+0000] {override.py:1912} INFO - Created Permission View: can delete on DAG Run:example_short_circuit_decorator
[2025-06-22T12:38:00.545+0000] {logging_mixin.py:190} INFO - [2025-06-22T12:38:00.544+0000] {override.py:1912} INFO - Created Permission View: can create on DAG Run:example_short_circuit_decorator
[2025-06-22T12:38:00.568+0000] {logging_mixin.py:190} INFO - [2025-06-22T12:38:00.568+0000] {override.py:1912} INFO - Created Permission View: menu access on DAG Run:example_short_circuit_decorator
[2025-06-22T12:38:00.584+0000] {logging_mixin.py:190} INFO - [2025-06-22T12:38:00.583+0000] {override.py:1912} INFO - Created Permission View: can read on DAG Run:example_short_circuit_decorator
[2025-06-22T12:38:00.585+0000] {logging_mixin.py:190} INFO - [2025-06-22T12:38:00.585+0000] {dag.py:3239} INFO - Sync 1 DAGs
[2025-06-22T12:38:00.634+0000] {logging_mixin.py:190} INFO - [2025-06-22T12:38:00.633+0000] {dag.py:3262} INFO - Creating ORM DAG for example_short_circuit_decorator
[2025-06-22T12:38:00.638+0000] {logging_mixin.py:190} INFO - [2025-06-22T12:38:00.638+0000] {dag.py:4180} INFO - Setting next_dagrun for example_short_circuit_decorator to None, run_after=None
[2025-06-22T12:38:00.678+0000] {processor.py:208} INFO - Processing /home/airflow/.local/lib/python3.12/site-packages/airflow/example_dags/example_short_circuit_decorator.py took 0.520 seconds
[2025-06-22T12:38:30.857+0000] {processor.py:186} INFO - Started process (PID=280) to work on /home/airflow/.local/lib/python3.12/site-packages/airflow/example_dags/example_short_circuit_decorator.py
[2025-06-22T12:38:30.859+0000] {processor.py:914} INFO - Processing file /home/airflow/.local/lib/python3.12/site-packages/airflow/example_dags/example_short_circuit_decorator.py for tasks to queue
[2025-06-22T12:38:30.863+0000] {logging_mixin.py:190} INFO - [2025-06-22T12:38:30.862+0000] {dagbag.py:588} INFO - Filling up the DagBag from /home/airflow/.local/lib/python3.12/site-packages/airflow/example_dags/example_short_circuit_decorator.py
[2025-06-22T12:38:30.879+0000] {processor.py:925} INFO - DAG(s) 'example_short_circuit_decorator' retrieved from /home/airflow/.local/lib/python3.12/site-packages/airflow/example_dags/example_short_circuit_decorator.py
[2025-06-22T12:38:30.906+0000] {logging_mixin.py:190} INFO - [2025-06-22T12:38:30.906+0000] {dag.py:3239} INFO - Sync 1 DAGs
[2025-06-22T12:38:30.922+0000] {logging_mixin.py:190} INFO - [2025-06-22T12:38:30.922+0000] {dag.py:4180} INFO - Setting next_dagrun for example_short_circuit_decorator to None, run_after=None
[2025-06-22T12:38:30.945+0000] {processor.py:208} INFO - Processing /home/airflow/.local/lib/python3.12/site-packages/airflow/example_dags/example_short_circuit_decorator.py took 0.096 seconds
