[2025-06-22T12:22:35.171+0000] {processor.py:186} INFO - Started process (PID=111) to work on /home/airflow/.local/lib/python3.12/site-packages/airflow/example_dags/example_trigger_controller_dag.py
[2025-06-22T12:22:35.172+0000] {processor.py:914} INFO - Processing file /home/airflow/.local/lib/python3.12/site-packages/airflow/example_dags/example_trigger_controller_dag.py for tasks to queue
[2025-06-22T12:22:35.176+0000] {logging_mixin.py:190} INFO - [2025-06-22T12:22:35.175+0000] {dagbag.py:588} INFO - Filling up the DagBag from /home/airflow/.local/lib/python3.12/site-packages/airflow/example_dags/example_trigger_controller_dag.py
[2025-06-22T12:22:35.184+0000] {processor.py:925} INFO - DAG(s) 'example_trigger_controller_dag' retrieved from /home/airflow/.local/lib/python3.12/site-packages/airflow/example_dags/example_trigger_controller_dag.py
[2025-06-22T12:22:35.317+0000] {logging_mixin.py:190} INFO - [2025-06-22T12:22:35.316+0000] {override.py:1912} INFO - Created Permission View: can read on DAG:example_trigger_controller_dag
[2025-06-22T12:22:35.330+0000] {logging_mixin.py:190} INFO - [2025-06-22T12:22:35.329+0000] {override.py:1912} INFO - Created Permission View: can edit on DAG:example_trigger_controller_dag
[2025-06-22T12:22:35.341+0000] {logging_mixin.py:190} INFO - [2025-06-22T12:22:35.340+0000] {override.py:1912} INFO - Created Permission View: can delete on DAG:example_trigger_controller_dag
[2025-06-22T12:22:35.354+0000] {logging_mixin.py:190} INFO - [2025-06-22T12:22:35.354+0000] {override.py:1912} INFO - Created Permission View: can read on DAG Run:example_trigger_controller_dag
[2025-06-22T12:22:35.368+0000] {logging_mixin.py:190} INFO - [2025-06-22T12:22:35.367+0000] {override.py:1912} INFO - Created Permission View: can create on DAG Run:example_trigger_controller_dag
[2025-06-22T12:22:35.380+0000] {logging_mixin.py:190} INFO - [2025-06-22T12:22:35.380+0000] {override.py:1912} INFO - Created Permission View: can delete on DAG Run:example_trigger_controller_dag
[2025-06-22T12:22:35.392+0000] {logging_mixin.py:190} INFO - [2025-06-22T12:22:35.392+0000] {override.py:1912} INFO - Created Permission View: menu access on DAG Run:example_trigger_controller_dag
[2025-06-22T12:22:35.394+0000] {logging_mixin.py:190} INFO - [2025-06-22T12:22:35.393+0000] {dag.py:3239} INFO - Sync 1 DAGs
[2025-06-22T12:22:35.414+0000] {logging_mixin.py:190} INFO - [2025-06-22T12:22:35.414+0000] {dag.py:3262} INFO - Creating ORM DAG for example_trigger_controller_dag
[2025-06-22T12:22:35.431+0000] {logging_mixin.py:190} INFO - [2025-06-22T12:22:35.430+0000] {dag.py:4180} INFO - Setting next_dagrun for example_trigger_controller_dag to 2021-01-01 00:00:00+00:00, run_after=2021-01-01 00:00:00+00:00
[2025-06-22T12:22:35.459+0000] {processor.py:208} INFO - Processing /home/airflow/.local/lib/python3.12/site-packages/airflow/example_dags/example_trigger_controller_dag.py took 0.293 seconds
[2025-06-22T12:23:06.472+0000] {processor.py:186} INFO - Started process (PID=235) to work on /home/airflow/.local/lib/python3.12/site-packages/airflow/example_dags/example_trigger_controller_dag.py
[2025-06-22T12:23:06.473+0000] {processor.py:914} INFO - Processing file /home/airflow/.local/lib/python3.12/site-packages/airflow/example_dags/example_trigger_controller_dag.py for tasks to queue
[2025-06-22T12:23:06.476+0000] {logging_mixin.py:190} INFO - [2025-06-22T12:23:06.476+0000] {dagbag.py:588} INFO - Filling up the DagBag from /home/airflow/.local/lib/python3.12/site-packages/airflow/example_dags/example_trigger_controller_dag.py
[2025-06-22T12:23:06.483+0000] {processor.py:925} INFO - DAG(s) 'example_trigger_controller_dag' retrieved from /home/airflow/.local/lib/python3.12/site-packages/airflow/example_dags/example_trigger_controller_dag.py
[2025-06-22T12:23:06.502+0000] {logging_mixin.py:190} INFO - [2025-06-22T12:23:06.502+0000] {dag.py:3239} INFO - Sync 1 DAGs
[2025-06-22T12:23:06.529+0000] {logging_mixin.py:190} INFO - [2025-06-22T12:23:06.529+0000] {dag.py:4180} INFO - Setting next_dagrun for example_trigger_controller_dag to None, run_after=None
[2025-06-22T12:23:06.553+0000] {processor.py:208} INFO - Processing /home/airflow/.local/lib/python3.12/site-packages/airflow/example_dags/example_trigger_controller_dag.py took 0.087 seconds
[2025-06-22T12:27:19.834+0000] {processor.py:186} INFO - Started process (PID=105) to work on /home/airflow/.local/lib/python3.12/site-packages/airflow/example_dags/example_trigger_controller_dag.py
[2025-06-22T12:27:19.835+0000] {processor.py:914} INFO - Processing file /home/airflow/.local/lib/python3.12/site-packages/airflow/example_dags/example_trigger_controller_dag.py for tasks to queue
[2025-06-22T12:27:19.839+0000] {logging_mixin.py:190} INFO - [2025-06-22T12:27:19.838+0000] {dagbag.py:588} INFO - Filling up the DagBag from /home/airflow/.local/lib/python3.12/site-packages/airflow/example_dags/example_trigger_controller_dag.py
[2025-06-22T12:27:19.847+0000] {processor.py:925} INFO - DAG(s) 'example_trigger_controller_dag' retrieved from /home/airflow/.local/lib/python3.12/site-packages/airflow/example_dags/example_trigger_controller_dag.py
[2025-06-22T12:27:19.869+0000] {logging_mixin.py:190} INFO - [2025-06-22T12:27:19.869+0000] {dag.py:3239} INFO - Sync 1 DAGs
[2025-06-22T12:27:19.891+0000] {logging_mixin.py:190} INFO - [2025-06-22T12:27:19.890+0000] {dag.py:4180} INFO - Setting next_dagrun for example_trigger_controller_dag to None, run_after=None
[2025-06-22T12:27:19.908+0000] {processor.py:208} INFO - Processing /home/airflow/.local/lib/python3.12/site-packages/airflow/example_dags/example_trigger_controller_dag.py took 0.081 seconds
[2025-06-22T12:27:50.298+0000] {processor.py:186} INFO - Started process (PID=177) to work on /home/airflow/.local/lib/python3.12/site-packages/airflow/example_dags/example_trigger_controller_dag.py
[2025-06-22T12:27:50.299+0000] {processor.py:914} INFO - Processing file /home/airflow/.local/lib/python3.12/site-packages/airflow/example_dags/example_trigger_controller_dag.py for tasks to queue
[2025-06-22T12:27:50.302+0000] {logging_mixin.py:190} INFO - [2025-06-22T12:27:50.301+0000] {dagbag.py:588} INFO - Filling up the DagBag from /home/airflow/.local/lib/python3.12/site-packages/airflow/example_dags/example_trigger_controller_dag.py
[2025-06-22T12:27:50.310+0000] {processor.py:925} INFO - DAG(s) 'example_trigger_controller_dag' retrieved from /home/airflow/.local/lib/python3.12/site-packages/airflow/example_dags/example_trigger_controller_dag.py
[2025-06-22T12:27:50.335+0000] {logging_mixin.py:190} INFO - [2025-06-22T12:27:50.335+0000] {dag.py:3239} INFO - Sync 1 DAGs
[2025-06-22T12:27:50.360+0000] {logging_mixin.py:190} INFO - [2025-06-22T12:27:50.360+0000] {dag.py:4180} INFO - Setting next_dagrun for example_trigger_controller_dag to None, run_after=None
[2025-06-22T12:27:50.379+0000] {processor.py:208} INFO - Processing /home/airflow/.local/lib/python3.12/site-packages/airflow/example_dags/example_trigger_controller_dag.py took 0.089 seconds
[2025-06-22T12:28:20.595+0000] {processor.py:186} INFO - Started process (PID=247) to work on /home/airflow/.local/lib/python3.12/site-packages/airflow/example_dags/example_trigger_controller_dag.py
[2025-06-22T12:28:20.596+0000] {processor.py:914} INFO - Processing file /home/airflow/.local/lib/python3.12/site-packages/airflow/example_dags/example_trigger_controller_dag.py for tasks to queue
[2025-06-22T12:28:20.598+0000] {logging_mixin.py:190} INFO - [2025-06-22T12:28:20.598+0000] {dagbag.py:588} INFO - Filling up the DagBag from /home/airflow/.local/lib/python3.12/site-packages/airflow/example_dags/example_trigger_controller_dag.py
[2025-06-22T12:28:20.605+0000] {processor.py:925} INFO - DAG(s) 'example_trigger_controller_dag' retrieved from /home/airflow/.local/lib/python3.12/site-packages/airflow/example_dags/example_trigger_controller_dag.py
[2025-06-22T12:28:20.621+0000] {logging_mixin.py:190} INFO - [2025-06-22T12:28:20.621+0000] {dag.py:3239} INFO - Sync 1 DAGs
[2025-06-22T12:28:20.641+0000] {logging_mixin.py:190} INFO - [2025-06-22T12:28:20.640+0000] {dag.py:4180} INFO - Setting next_dagrun for example_trigger_controller_dag to None, run_after=None
[2025-06-22T12:28:20.659+0000] {processor.py:208} INFO - Processing /home/airflow/.local/lib/python3.12/site-packages/airflow/example_dags/example_trigger_controller_dag.py took 0.069 seconds
[2025-06-22T12:28:50.897+0000] {processor.py:186} INFO - Started process (PID=311) to work on /home/airflow/.local/lib/python3.12/site-packages/airflow/example_dags/example_trigger_controller_dag.py
[2025-06-22T12:28:50.898+0000] {processor.py:914} INFO - Processing file /home/airflow/.local/lib/python3.12/site-packages/airflow/example_dags/example_trigger_controller_dag.py for tasks to queue
[2025-06-22T12:28:50.900+0000] {logging_mixin.py:190} INFO - [2025-06-22T12:28:50.900+0000] {dagbag.py:588} INFO - Filling up the DagBag from /home/airflow/.local/lib/python3.12/site-packages/airflow/example_dags/example_trigger_controller_dag.py
[2025-06-22T12:28:50.906+0000] {processor.py:925} INFO - DAG(s) 'example_trigger_controller_dag' retrieved from /home/airflow/.local/lib/python3.12/site-packages/airflow/example_dags/example_trigger_controller_dag.py
[2025-06-22T12:28:50.923+0000] {logging_mixin.py:190} INFO - [2025-06-22T12:28:50.923+0000] {dag.py:3239} INFO - Sync 1 DAGs
[2025-06-22T12:28:50.942+0000] {logging_mixin.py:190} INFO - [2025-06-22T12:28:50.942+0000] {dag.py:4180} INFO - Setting next_dagrun for example_trigger_controller_dag to None, run_after=None
[2025-06-22T12:28:50.960+0000] {processor.py:208} INFO - Processing /home/airflow/.local/lib/python3.12/site-packages/airflow/example_dags/example_trigger_controller_dag.py took 0.068 seconds
[2025-06-22T12:29:21.668+0000] {processor.py:186} INFO - Started process (PID=380) to work on /home/airflow/.local/lib/python3.12/site-packages/airflow/example_dags/example_trigger_controller_dag.py
[2025-06-22T12:29:21.669+0000] {processor.py:914} INFO - Processing file /home/airflow/.local/lib/python3.12/site-packages/airflow/example_dags/example_trigger_controller_dag.py for tasks to queue
[2025-06-22T12:29:21.671+0000] {logging_mixin.py:190} INFO - [2025-06-22T12:29:21.670+0000] {dagbag.py:588} INFO - Filling up the DagBag from /home/airflow/.local/lib/python3.12/site-packages/airflow/example_dags/example_trigger_controller_dag.py
[2025-06-22T12:29:21.677+0000] {processor.py:925} INFO - DAG(s) 'example_trigger_controller_dag' retrieved from /home/airflow/.local/lib/python3.12/site-packages/airflow/example_dags/example_trigger_controller_dag.py
[2025-06-22T12:29:21.694+0000] {logging_mixin.py:190} INFO - [2025-06-22T12:29:21.694+0000] {dag.py:3239} INFO - Sync 1 DAGs
[2025-06-22T12:29:21.714+0000] {logging_mixin.py:190} INFO - [2025-06-22T12:29:21.714+0000] {dag.py:4180} INFO - Setting next_dagrun for example_trigger_controller_dag to None, run_after=None
[2025-06-22T12:29:21.733+0000] {processor.py:208} INFO - Processing /home/airflow/.local/lib/python3.12/site-packages/airflow/example_dags/example_trigger_controller_dag.py took 0.071 seconds
[2025-06-22T12:29:52.232+0000] {processor.py:186} INFO - Started process (PID=444) to work on /home/airflow/.local/lib/python3.12/site-packages/airflow/example_dags/example_trigger_controller_dag.py
[2025-06-22T12:29:52.233+0000] {processor.py:914} INFO - Processing file /home/airflow/.local/lib/python3.12/site-packages/airflow/example_dags/example_trigger_controller_dag.py for tasks to queue
[2025-06-22T12:29:52.235+0000] {logging_mixin.py:190} INFO - [2025-06-22T12:29:52.235+0000] {dagbag.py:588} INFO - Filling up the DagBag from /home/airflow/.local/lib/python3.12/site-packages/airflow/example_dags/example_trigger_controller_dag.py
[2025-06-22T12:29:52.242+0000] {processor.py:925} INFO - DAG(s) 'example_trigger_controller_dag' retrieved from /home/airflow/.local/lib/python3.12/site-packages/airflow/example_dags/example_trigger_controller_dag.py
[2025-06-22T12:29:52.259+0000] {logging_mixin.py:190} INFO - [2025-06-22T12:29:52.259+0000] {dag.py:3239} INFO - Sync 1 DAGs
[2025-06-22T12:29:52.279+0000] {logging_mixin.py:190} INFO - [2025-06-22T12:29:52.279+0000] {dag.py:4180} INFO - Setting next_dagrun for example_trigger_controller_dag to None, run_after=None
[2025-06-22T12:29:52.298+0000] {processor.py:208} INFO - Processing /home/airflow/.local/lib/python3.12/site-packages/airflow/example_dags/example_trigger_controller_dag.py took 0.071 seconds
[2025-06-22T12:30:22.837+0000] {processor.py:186} INFO - Started process (PID=514) to work on /home/airflow/.local/lib/python3.12/site-packages/airflow/example_dags/example_trigger_controller_dag.py
[2025-06-22T12:30:22.838+0000] {processor.py:914} INFO - Processing file /home/airflow/.local/lib/python3.12/site-packages/airflow/example_dags/example_trigger_controller_dag.py for tasks to queue
[2025-06-22T12:30:22.840+0000] {logging_mixin.py:190} INFO - [2025-06-22T12:30:22.840+0000] {dagbag.py:588} INFO - Filling up the DagBag from /home/airflow/.local/lib/python3.12/site-packages/airflow/example_dags/example_trigger_controller_dag.py
[2025-06-22T12:30:22.848+0000] {processor.py:925} INFO - DAG(s) 'example_trigger_controller_dag' retrieved from /home/airflow/.local/lib/python3.12/site-packages/airflow/example_dags/example_trigger_controller_dag.py
[2025-06-22T12:30:22.868+0000] {logging_mixin.py:190} INFO - [2025-06-22T12:30:22.867+0000] {dag.py:3239} INFO - Sync 1 DAGs
[2025-06-22T12:30:22.891+0000] {logging_mixin.py:190} INFO - [2025-06-22T12:30:22.891+0000] {dag.py:4180} INFO - Setting next_dagrun for example_trigger_controller_dag to None, run_after=None
[2025-06-22T12:30:22.910+0000] {processor.py:208} INFO - Processing /home/airflow/.local/lib/python3.12/site-packages/airflow/example_dags/example_trigger_controller_dag.py took 0.080 seconds
[2025-06-22T12:37:50.692+0000] {processor.py:186} INFO - Started process (PID=113) to work on /home/airflow/.local/lib/python3.12/site-packages/airflow/example_dags/example_trigger_controller_dag.py
[2025-06-22T12:37:50.693+0000] {processor.py:914} INFO - Processing file /home/airflow/.local/lib/python3.12/site-packages/airflow/example_dags/example_trigger_controller_dag.py for tasks to queue
[2025-06-22T12:37:50.695+0000] {logging_mixin.py:190} INFO - [2025-06-22T12:37:50.695+0000] {dagbag.py:588} INFO - Filling up the DagBag from /home/airflow/.local/lib/python3.12/site-packages/airflow/example_dags/example_trigger_controller_dag.py
[2025-06-22T12:37:50.704+0000] {processor.py:925} INFO - DAG(s) 'example_trigger_controller_dag' retrieved from /home/airflow/.local/lib/python3.12/site-packages/airflow/example_dags/example_trigger_controller_dag.py
[2025-06-22T12:37:50.819+0000] {logging_mixin.py:190} INFO - [2025-06-22T12:37:50.818+0000] {override.py:1912} INFO - Created Permission View: can delete on DAG:example_trigger_controller_dag
[2025-06-22T12:37:50.830+0000] {logging_mixin.py:190} INFO - [2025-06-22T12:37:50.830+0000] {override.py:1912} INFO - Created Permission View: can edit on DAG:example_trigger_controller_dag
[2025-06-22T12:37:50.837+0000] {logging_mixin.py:190} INFO - [2025-06-22T12:37:50.836+0000] {override.py:1912} INFO - Created Permission View: can read on DAG:example_trigger_controller_dag
[2025-06-22T12:37:50.849+0000] {logging_mixin.py:190} INFO - [2025-06-22T12:37:50.848+0000] {override.py:1912} INFO - Created Permission View: can delete on DAG Run:example_trigger_controller_dag
[2025-06-22T12:37:50.858+0000] {logging_mixin.py:190} INFO - [2025-06-22T12:37:50.857+0000] {override.py:1912} INFO - Created Permission View: can create on DAG Run:example_trigger_controller_dag
[2025-06-22T12:37:50.866+0000] {logging_mixin.py:190} INFO - [2025-06-22T12:37:50.866+0000] {override.py:1912} INFO - Created Permission View: menu access on DAG Run:example_trigger_controller_dag
[2025-06-22T12:37:50.875+0000] {logging_mixin.py:190} INFO - [2025-06-22T12:37:50.875+0000] {override.py:1912} INFO - Created Permission View: can read on DAG Run:example_trigger_controller_dag
[2025-06-22T12:37:50.875+0000] {logging_mixin.py:190} INFO - [2025-06-22T12:37:50.875+0000] {dag.py:3239} INFO - Sync 1 DAGs
[2025-06-22T12:37:50.890+0000] {logging_mixin.py:190} INFO - [2025-06-22T12:37:50.890+0000] {dag.py:3262} INFO - Creating ORM DAG for example_trigger_controller_dag
[2025-06-22T12:37:50.901+0000] {logging_mixin.py:190} INFO - [2025-06-22T12:37:50.901+0000] {dag.py:4180} INFO - Setting next_dagrun for example_trigger_controller_dag to 2021-01-01 00:00:00+00:00, run_after=2021-01-01 00:00:00+00:00
[2025-06-22T12:37:50.922+0000] {processor.py:208} INFO - Processing /home/airflow/.local/lib/python3.12/site-packages/airflow/example_dags/example_trigger_controller_dag.py took 0.236 seconds
[2025-06-22T12:38:21.556+0000] {processor.py:186} INFO - Started process (PID=253) to work on /home/airflow/.local/lib/python3.12/site-packages/airflow/example_dags/example_trigger_controller_dag.py
[2025-06-22T12:38:21.556+0000] {processor.py:914} INFO - Processing file /home/airflow/.local/lib/python3.12/site-packages/airflow/example_dags/example_trigger_controller_dag.py for tasks to queue
[2025-06-22T12:38:21.559+0000] {logging_mixin.py:190} INFO - [2025-06-22T12:38:21.559+0000] {dagbag.py:588} INFO - Filling up the DagBag from /home/airflow/.local/lib/python3.12/site-packages/airflow/example_dags/example_trigger_controller_dag.py
[2025-06-22T12:38:21.566+0000] {processor.py:925} INFO - DAG(s) 'example_trigger_controller_dag' retrieved from /home/airflow/.local/lib/python3.12/site-packages/airflow/example_dags/example_trigger_controller_dag.py
[2025-06-22T12:38:21.583+0000] {logging_mixin.py:190} INFO - [2025-06-22T12:38:21.583+0000] {dag.py:3239} INFO - Sync 1 DAGs
[2025-06-22T12:38:21.605+0000] {logging_mixin.py:190} INFO - [2025-06-22T12:38:21.605+0000] {dag.py:4180} INFO - Setting next_dagrun for example_trigger_controller_dag to None, run_after=None
[2025-06-22T12:38:21.623+0000] {processor.py:208} INFO - Processing /home/airflow/.local/lib/python3.12/site-packages/airflow/example_dags/example_trigger_controller_dag.py took 0.074 seconds
[2025-06-22T12:38:52.551+0000] {processor.py:186} INFO - Started process (PID=317) to work on /home/airflow/.local/lib/python3.12/site-packages/airflow/example_dags/example_trigger_controller_dag.py
[2025-06-22T12:38:52.552+0000] {processor.py:914} INFO - Processing file /home/airflow/.local/lib/python3.12/site-packages/airflow/example_dags/example_trigger_controller_dag.py for tasks to queue
[2025-06-22T12:38:52.554+0000] {logging_mixin.py:190} INFO - [2025-06-22T12:38:52.554+0000] {dagbag.py:588} INFO - Filling up the DagBag from /home/airflow/.local/lib/python3.12/site-packages/airflow/example_dags/example_trigger_controller_dag.py
[2025-06-22T12:38:52.560+0000] {processor.py:925} INFO - DAG(s) 'example_trigger_controller_dag' retrieved from /home/airflow/.local/lib/python3.12/site-packages/airflow/example_dags/example_trigger_controller_dag.py
[2025-06-22T12:38:52.580+0000] {logging_mixin.py:190} INFO - [2025-06-22T12:38:52.579+0000] {dag.py:3239} INFO - Sync 1 DAGs
[2025-06-22T12:38:52.605+0000] {logging_mixin.py:190} INFO - [2025-06-22T12:38:52.605+0000] {dag.py:4180} INFO - Setting next_dagrun for example_trigger_controller_dag to None, run_after=None
[2025-06-22T12:38:52.622+0000] {processor.py:208} INFO - Processing /home/airflow/.local/lib/python3.12/site-packages/airflow/example_dags/example_trigger_controller_dag.py took 0.077 seconds
