[2025-06-22T12:22:40.737+0000] {processor.py:186} INFO - Started process (PID=151) to work on /home/airflow/.local/lib/python3.12/site-packages/airflow/example_dags/example_dataset_alias_with_no_taskflow.py
[2025-06-22T12:22:40.739+0000] {processor.py:914} INFO - Processing file /home/airflow/.local/lib/python3.12/site-packages/airflow/example_dags/example_dataset_alias_with_no_taskflow.py for tasks to queue
[2025-06-22T12:22:40.745+0000] {logging_mixin.py:190} INFO - [2025-06-22T12:22:40.744+0000] {dagbag.py:588} INFO - Filling up the DagBag from /home/airflow/.local/lib/python3.12/site-packages/airflow/example_dags/example_dataset_alias_with_no_taskflow.py
[2025-06-22T12:22:41.893+0000] {processor.py:925} INFO - DAG(s) 'dataset_alias_example_alias_consumer_with_no_taskflow', 'dataset_alias_example_alias_producer_with_no_taskflow', 'dataset_s3_bucket_consumer_with_no_taskflow', 'dataset_s3_bucket_producer_with_no_taskflow' retrieved from /home/airflow/.local/lib/python3.12/site-packages/airflow/example_dags/example_dataset_alias_with_no_taskflow.py
[2025-06-22T12:22:42.055+0000] {logging_mixin.py:190} INFO - [2025-06-22T12:22:42.054+0000] {override.py:1912} INFO - Created Permission View: can read on DAG:dataset_alias_example_alias_consumer_with_no_taskflow
[2025-06-22T12:22:42.084+0000] {logging_mixin.py:190} INFO - [2025-06-22T12:22:42.084+0000] {override.py:1912} INFO - Created Permission View: can edit on DAG:dataset_alias_example_alias_consumer_with_no_taskflow
[2025-06-22T12:22:42.111+0000] {logging_mixin.py:190} INFO - [2025-06-22T12:22:42.110+0000] {override.py:1912} INFO - Created Permission View: can delete on DAG:dataset_alias_example_alias_consumer_with_no_taskflow
[2025-06-22T12:22:42.136+0000] {logging_mixin.py:190} INFO - [2025-06-22T12:22:42.135+0000] {override.py:1912} INFO - Created Permission View: can read on DAG Run:dataset_alias_example_alias_consumer_with_no_taskflow
[2025-06-22T12:22:42.159+0000] {logging_mixin.py:190} INFO - [2025-06-22T12:22:42.158+0000] {override.py:1912} INFO - Created Permission View: can create on DAG Run:dataset_alias_example_alias_consumer_with_no_taskflow
[2025-06-22T12:22:42.189+0000] {logging_mixin.py:190} INFO - [2025-06-22T12:22:42.188+0000] {override.py:1912} INFO - Created Permission View: can delete on DAG Run:dataset_alias_example_alias_consumer_with_no_taskflow
[2025-06-22T12:22:42.218+0000] {logging_mixin.py:190} INFO - [2025-06-22T12:22:42.217+0000] {override.py:1912} INFO - Created Permission View: menu access on DAG Run:dataset_alias_example_alias_consumer_with_no_taskflow
[2025-06-22T12:22:42.279+0000] {logging_mixin.py:190} INFO - [2025-06-22T12:22:42.279+0000] {override.py:1912} INFO - Created Permission View: can read on DAG:dataset_alias_example_alias_producer_with_no_taskflow
[2025-06-22T12:22:42.305+0000] {logging_mixin.py:190} INFO - [2025-06-22T12:22:42.304+0000] {override.py:1912} INFO - Created Permission View: can edit on DAG:dataset_alias_example_alias_producer_with_no_taskflow
[2025-06-22T12:22:42.334+0000] {logging_mixin.py:190} INFO - [2025-06-22T12:22:42.333+0000] {override.py:1912} INFO - Created Permission View: can delete on DAG:dataset_alias_example_alias_producer_with_no_taskflow
[2025-06-22T12:22:42.354+0000] {logging_mixin.py:190} INFO - [2025-06-22T12:22:42.354+0000] {override.py:1912} INFO - Created Permission View: can read on DAG Run:dataset_alias_example_alias_producer_with_no_taskflow
[2025-06-22T12:22:42.374+0000] {logging_mixin.py:190} INFO - [2025-06-22T12:22:42.373+0000] {override.py:1912} INFO - Created Permission View: can create on DAG Run:dataset_alias_example_alias_producer_with_no_taskflow
[2025-06-22T12:22:42.402+0000] {logging_mixin.py:190} INFO - [2025-06-22T12:22:42.401+0000] {override.py:1912} INFO - Created Permission View: can delete on DAG Run:dataset_alias_example_alias_producer_with_no_taskflow
[2025-06-22T12:22:42.421+0000] {logging_mixin.py:190} INFO - [2025-06-22T12:22:42.421+0000] {override.py:1912} INFO - Created Permission View: menu access on DAG Run:dataset_alias_example_alias_producer_with_no_taskflow
[2025-06-22T12:22:42.451+0000] {logging_mixin.py:190} INFO - [2025-06-22T12:22:42.451+0000] {override.py:1912} INFO - Created Permission View: can read on DAG:dataset_s3_bucket_consumer_with_no_taskflow
[2025-06-22T12:22:42.475+0000] {logging_mixin.py:190} INFO - [2025-06-22T12:22:42.473+0000] {override.py:1912} INFO - Created Permission View: can edit on DAG:dataset_s3_bucket_consumer_with_no_taskflow
[2025-06-22T12:22:42.488+0000] {logging_mixin.py:190} INFO - [2025-06-22T12:22:42.488+0000] {override.py:1912} INFO - Created Permission View: can delete on DAG:dataset_s3_bucket_consumer_with_no_taskflow
[2025-06-22T12:22:42.506+0000] {logging_mixin.py:190} INFO - [2025-06-22T12:22:42.505+0000] {override.py:1912} INFO - Created Permission View: can read on DAG Run:dataset_s3_bucket_consumer_with_no_taskflow
[2025-06-22T12:22:42.528+0000] {logging_mixin.py:190} INFO - [2025-06-22T12:22:42.528+0000] {override.py:1912} INFO - Created Permission View: can create on DAG Run:dataset_s3_bucket_consumer_with_no_taskflow
[2025-06-22T12:22:42.548+0000] {logging_mixin.py:190} INFO - [2025-06-22T12:22:42.547+0000] {override.py:1912} INFO - Created Permission View: can delete on DAG Run:dataset_s3_bucket_consumer_with_no_taskflow
[2025-06-22T12:22:42.567+0000] {logging_mixin.py:190} INFO - [2025-06-22T12:22:42.566+0000] {override.py:1912} INFO - Created Permission View: menu access on DAG Run:dataset_s3_bucket_consumer_with_no_taskflow
[2025-06-22T12:22:42.601+0000] {logging_mixin.py:190} INFO - [2025-06-22T12:22:42.600+0000] {override.py:1912} INFO - Created Permission View: can read on DAG:dataset_s3_bucket_producer_with_no_taskflow
[2025-06-22T12:22:42.625+0000] {logging_mixin.py:190} INFO - [2025-06-22T12:22:42.625+0000] {override.py:1912} INFO - Created Permission View: can edit on DAG:dataset_s3_bucket_producer_with_no_taskflow
[2025-06-22T12:22:42.649+0000] {logging_mixin.py:190} INFO - [2025-06-22T12:22:42.649+0000] {override.py:1912} INFO - Created Permission View: can delete on DAG:dataset_s3_bucket_producer_with_no_taskflow
[2025-06-22T12:22:42.670+0000] {logging_mixin.py:190} INFO - [2025-06-22T12:22:42.669+0000] {override.py:1912} INFO - Created Permission View: can read on DAG Run:dataset_s3_bucket_producer_with_no_taskflow
[2025-06-22T12:22:42.695+0000] {logging_mixin.py:190} INFO - [2025-06-22T12:22:42.694+0000] {override.py:1912} INFO - Created Permission View: can create on DAG Run:dataset_s3_bucket_producer_with_no_taskflow
[2025-06-22T12:22:42.722+0000] {logging_mixin.py:190} INFO - [2025-06-22T12:22:42.722+0000] {override.py:1912} INFO - Created Permission View: can delete on DAG Run:dataset_s3_bucket_producer_with_no_taskflow
[2025-06-22T12:22:42.744+0000] {logging_mixin.py:190} INFO - [2025-06-22T12:22:42.743+0000] {override.py:1912} INFO - Created Permission View: menu access on DAG Run:dataset_s3_bucket_producer_with_no_taskflow
[2025-06-22T12:22:42.746+0000] {logging_mixin.py:190} INFO - [2025-06-22T12:22:42.745+0000] {dag.py:3239} INFO - Sync 4 DAGs
[2025-06-22T12:22:42.777+0000] {logging_mixin.py:190} INFO - [2025-06-22T12:22:42.774+0000] {dag.py:3262} INFO - Creating ORM DAG for dataset_alias_example_alias_consumer_with_no_taskflow
[2025-06-22T12:22:42.779+0000] {logging_mixin.py:190} INFO - [2025-06-22T12:22:42.779+0000] {dag.py:3262} INFO - Creating ORM DAG for dataset_alias_example_alias_producer_with_no_taskflow
[2025-06-22T12:22:42.781+0000] {logging_mixin.py:190} INFO - [2025-06-22T12:22:42.780+0000] {dag.py:3262} INFO - Creating ORM DAG for dataset_s3_bucket_consumer_with_no_taskflow
[2025-06-22T12:22:42.787+0000] {logging_mixin.py:190} INFO - [2025-06-22T12:22:42.786+0000] {dag.py:3262} INFO - Creating ORM DAG for dataset_s3_bucket_producer_with_no_taskflow
[2025-06-22T12:22:42.803+0000] {logging_mixin.py:190} INFO - [2025-06-22T12:22:42.802+0000] {dag.py:4180} INFO - Setting next_dagrun for dataset_alias_example_alias_consumer_with_no_taskflow to None, run_after=None
[2025-06-22T12:22:42.804+0000] {logging_mixin.py:190} INFO - [2025-06-22T12:22:42.804+0000] {dag.py:4180} INFO - Setting next_dagrun for dataset_alias_example_alias_producer_with_no_taskflow to None, run_after=None
[2025-06-22T12:22:42.809+0000] {logging_mixin.py:190} INFO - [2025-06-22T12:22:42.808+0000] {dag.py:4180} INFO - Setting next_dagrun for dataset_s3_bucket_consumer_with_no_taskflow to None, run_after=None
[2025-06-22T12:22:42.815+0000] {logging_mixin.py:190} INFO - [2025-06-22T12:22:42.815+0000] {dag.py:4180} INFO - Setting next_dagrun for dataset_s3_bucket_producer_with_no_taskflow to None, run_after=None
[2025-06-22T12:22:42.872+0000] {processor.py:208} INFO - Processing /home/airflow/.local/lib/python3.12/site-packages/airflow/example_dags/example_dataset_alias_with_no_taskflow.py took 2.148 seconds
[2025-06-22T12:23:13.170+0000] {processor.py:186} INFO - Started process (PID=255) to work on /home/airflow/.local/lib/python3.12/site-packages/airflow/example_dags/example_dataset_alias_with_no_taskflow.py
[2025-06-22T12:23:13.172+0000] {processor.py:914} INFO - Processing file /home/airflow/.local/lib/python3.12/site-packages/airflow/example_dags/example_dataset_alias_with_no_taskflow.py for tasks to queue
[2025-06-22T12:23:13.174+0000] {logging_mixin.py:190} INFO - [2025-06-22T12:23:13.174+0000] {dagbag.py:588} INFO - Filling up the DagBag from /home/airflow/.local/lib/python3.12/site-packages/airflow/example_dags/example_dataset_alias_with_no_taskflow.py
[2025-06-22T12:23:13.739+0000] {processor.py:925} INFO - DAG(s) 'dataset_alias_example_alias_producer_with_no_taskflow', 'dataset_s3_bucket_producer_with_no_taskflow', 'dataset_s3_bucket_consumer_with_no_taskflow', 'dataset_alias_example_alias_consumer_with_no_taskflow' retrieved from /home/airflow/.local/lib/python3.12/site-packages/airflow/example_dags/example_dataset_alias_with_no_taskflow.py
[2025-06-22T12:23:13.755+0000] {logging_mixin.py:190} INFO - [2025-06-22T12:23:13.755+0000] {dag.py:3239} INFO - Sync 4 DAGs
[2025-06-22T12:23:13.775+0000] {logging_mixin.py:190} INFO - [2025-06-22T12:23:13.774+0000] {dag.py:4180} INFO - Setting next_dagrun for dataset_alias_example_alias_consumer_with_no_taskflow to None, run_after=None
[2025-06-22T12:23:13.777+0000] {logging_mixin.py:190} INFO - [2025-06-22T12:23:13.777+0000] {dag.py:4180} INFO - Setting next_dagrun for dataset_alias_example_alias_producer_with_no_taskflow to None, run_after=None
[2025-06-22T12:23:13.779+0000] {logging_mixin.py:190} INFO - [2025-06-22T12:23:13.778+0000] {dag.py:4180} INFO - Setting next_dagrun for dataset_s3_bucket_consumer_with_no_taskflow to None, run_after=None
[2025-06-22T12:23:13.780+0000] {logging_mixin.py:190} INFO - [2025-06-22T12:23:13.780+0000] {dag.py:4180} INFO - Setting next_dagrun for dataset_s3_bucket_producer_with_no_taskflow to None, run_after=None
[2025-06-22T12:23:13.799+0000] {processor.py:208} INFO - Processing /home/airflow/.local/lib/python3.12/site-packages/airflow/example_dags/example_dataset_alias_with_no_taskflow.py took 0.636 seconds
[2025-06-22T12:27:21.094+0000] {processor.py:186} INFO - Started process (PID=123) to work on /home/airflow/.local/lib/python3.12/site-packages/airflow/example_dags/example_dataset_alias_with_no_taskflow.py
[2025-06-22T12:27:21.095+0000] {processor.py:914} INFO - Processing file /home/airflow/.local/lib/python3.12/site-packages/airflow/example_dags/example_dataset_alias_with_no_taskflow.py for tasks to queue
[2025-06-22T12:27:21.096+0000] {logging_mixin.py:190} INFO - [2025-06-22T12:27:21.096+0000] {dagbag.py:588} INFO - Filling up the DagBag from /home/airflow/.local/lib/python3.12/site-packages/airflow/example_dags/example_dataset_alias_with_no_taskflow.py
[2025-06-22T12:27:21.608+0000] {processor.py:925} INFO - DAG(s) 'dataset_alias_example_alias_producer_with_no_taskflow', 'dataset_s3_bucket_consumer_with_no_taskflow', 'dataset_alias_example_alias_consumer_with_no_taskflow', 'dataset_s3_bucket_producer_with_no_taskflow' retrieved from /home/airflow/.local/lib/python3.12/site-packages/airflow/example_dags/example_dataset_alias_with_no_taskflow.py
[2025-06-22T12:27:21.627+0000] {logging_mixin.py:190} INFO - [2025-06-22T12:27:21.626+0000] {dag.py:3239} INFO - Sync 4 DAGs
[2025-06-22T12:27:21.646+0000] {logging_mixin.py:190} INFO - [2025-06-22T12:27:21.646+0000] {dag.py:4180} INFO - Setting next_dagrun for dataset_alias_example_alias_consumer_with_no_taskflow to None, run_after=None
[2025-06-22T12:27:21.649+0000] {logging_mixin.py:190} INFO - [2025-06-22T12:27:21.649+0000] {dag.py:4180} INFO - Setting next_dagrun for dataset_alias_example_alias_producer_with_no_taskflow to None, run_after=None
[2025-06-22T12:27:21.651+0000] {logging_mixin.py:190} INFO - [2025-06-22T12:27:21.651+0000] {dag.py:4180} INFO - Setting next_dagrun for dataset_s3_bucket_consumer_with_no_taskflow to None, run_after=None
[2025-06-22T12:27:21.653+0000] {logging_mixin.py:190} INFO - [2025-06-22T12:27:21.652+0000] {dag.py:4180} INFO - Setting next_dagrun for dataset_s3_bucket_producer_with_no_taskflow to None, run_after=None
[2025-06-22T12:27:21.690+0000] {processor.py:208} INFO - Processing /home/airflow/.local/lib/python3.12/site-packages/airflow/example_dags/example_dataset_alias_with_no_taskflow.py took 0.603 seconds
[2025-06-22T12:27:52.477+0000] {processor.py:186} INFO - Started process (PID=197) to work on /home/airflow/.local/lib/python3.12/site-packages/airflow/example_dags/example_dataset_alias_with_no_taskflow.py
[2025-06-22T12:27:52.478+0000] {processor.py:914} INFO - Processing file /home/airflow/.local/lib/python3.12/site-packages/airflow/example_dags/example_dataset_alias_with_no_taskflow.py for tasks to queue
[2025-06-22T12:27:52.482+0000] {logging_mixin.py:190} INFO - [2025-06-22T12:27:52.481+0000] {dagbag.py:588} INFO - Filling up the DagBag from /home/airflow/.local/lib/python3.12/site-packages/airflow/example_dags/example_dataset_alias_with_no_taskflow.py
[2025-06-22T12:27:53.046+0000] {processor.py:925} INFO - DAG(s) 'dataset_alias_example_alias_consumer_with_no_taskflow', 'dataset_s3_bucket_consumer_with_no_taskflow', 'dataset_s3_bucket_producer_with_no_taskflow', 'dataset_alias_example_alias_producer_with_no_taskflow' retrieved from /home/airflow/.local/lib/python3.12/site-packages/airflow/example_dags/example_dataset_alias_with_no_taskflow.py
[2025-06-22T12:27:53.065+0000] {logging_mixin.py:190} INFO - [2025-06-22T12:27:53.064+0000] {dag.py:3239} INFO - Sync 4 DAGs
[2025-06-22T12:27:53.084+0000] {logging_mixin.py:190} INFO - [2025-06-22T12:27:53.084+0000] {dag.py:4180} INFO - Setting next_dagrun for dataset_alias_example_alias_consumer_with_no_taskflow to None, run_after=None
[2025-06-22T12:27:53.087+0000] {logging_mixin.py:190} INFO - [2025-06-22T12:27:53.087+0000] {dag.py:4180} INFO - Setting next_dagrun for dataset_alias_example_alias_producer_with_no_taskflow to None, run_after=None
[2025-06-22T12:27:53.088+0000] {logging_mixin.py:190} INFO - [2025-06-22T12:27:53.088+0000] {dag.py:4180} INFO - Setting next_dagrun for dataset_s3_bucket_consumer_with_no_taskflow to None, run_after=None
[2025-06-22T12:27:53.089+0000] {logging_mixin.py:190} INFO - [2025-06-22T12:27:53.089+0000] {dag.py:4180} INFO - Setting next_dagrun for dataset_s3_bucket_producer_with_no_taskflow to None, run_after=None
[2025-06-22T12:27:53.118+0000] {processor.py:208} INFO - Processing /home/airflow/.local/lib/python3.12/site-packages/airflow/example_dags/example_dataset_alias_with_no_taskflow.py took 0.647 seconds
[2025-06-22T12:28:23.242+0000] {processor.py:186} INFO - Started process (PID=267) to work on /home/airflow/.local/lib/python3.12/site-packages/airflow/example_dags/example_dataset_alias_with_no_taskflow.py
[2025-06-22T12:28:23.243+0000] {processor.py:914} INFO - Processing file /home/airflow/.local/lib/python3.12/site-packages/airflow/example_dags/example_dataset_alias_with_no_taskflow.py for tasks to queue
[2025-06-22T12:28:23.246+0000] {logging_mixin.py:190} INFO - [2025-06-22T12:28:23.246+0000] {dagbag.py:588} INFO - Filling up the DagBag from /home/airflow/.local/lib/python3.12/site-packages/airflow/example_dags/example_dataset_alias_with_no_taskflow.py
[2025-06-22T12:28:23.830+0000] {processor.py:925} INFO - DAG(s) 'dataset_alias_example_alias_consumer_with_no_taskflow', 'dataset_alias_example_alias_producer_with_no_taskflow', 'dataset_s3_bucket_producer_with_no_taskflow', 'dataset_s3_bucket_consumer_with_no_taskflow' retrieved from /home/airflow/.local/lib/python3.12/site-packages/airflow/example_dags/example_dataset_alias_with_no_taskflow.py
[2025-06-22T12:28:23.859+0000] {logging_mixin.py:190} INFO - [2025-06-22T12:28:23.859+0000] {dag.py:3239} INFO - Sync 4 DAGs
[2025-06-22T12:28:23.882+0000] {logging_mixin.py:190} INFO - [2025-06-22T12:28:23.882+0000] {dag.py:4180} INFO - Setting next_dagrun for dataset_alias_example_alias_consumer_with_no_taskflow to None, run_after=None
[2025-06-22T12:28:23.886+0000] {logging_mixin.py:190} INFO - [2025-06-22T12:28:23.885+0000] {dag.py:4180} INFO - Setting next_dagrun for dataset_alias_example_alias_producer_with_no_taskflow to None, run_after=None
[2025-06-22T12:28:23.888+0000] {logging_mixin.py:190} INFO - [2025-06-22T12:28:23.888+0000] {dag.py:4180} INFO - Setting next_dagrun for dataset_s3_bucket_consumer_with_no_taskflow to None, run_after=None
[2025-06-22T12:28:23.890+0000] {logging_mixin.py:190} INFO - [2025-06-22T12:28:23.890+0000] {dag.py:4180} INFO - Setting next_dagrun for dataset_s3_bucket_producer_with_no_taskflow to None, run_after=None
[2025-06-22T12:28:23.914+0000] {processor.py:208} INFO - Processing /home/airflow/.local/lib/python3.12/site-packages/airflow/example_dags/example_dataset_alias_with_no_taskflow.py took 0.677 seconds
[2025-06-22T12:28:54.586+0000] {processor.py:186} INFO - Started process (PID=332) to work on /home/airflow/.local/lib/python3.12/site-packages/airflow/example_dags/example_dataset_alias_with_no_taskflow.py
[2025-06-22T12:28:54.587+0000] {processor.py:914} INFO - Processing file /home/airflow/.local/lib/python3.12/site-packages/airflow/example_dags/example_dataset_alias_with_no_taskflow.py for tasks to queue
[2025-06-22T12:28:54.590+0000] {logging_mixin.py:190} INFO - [2025-06-22T12:28:54.590+0000] {dagbag.py:588} INFO - Filling up the DagBag from /home/airflow/.local/lib/python3.12/site-packages/airflow/example_dags/example_dataset_alias_with_no_taskflow.py
[2025-06-22T12:28:55.095+0000] {processor.py:925} INFO - DAG(s) 'dataset_alias_example_alias_producer_with_no_taskflow', 'dataset_s3_bucket_producer_with_no_taskflow', 'dataset_s3_bucket_consumer_with_no_taskflow', 'dataset_alias_example_alias_consumer_with_no_taskflow' retrieved from /home/airflow/.local/lib/python3.12/site-packages/airflow/example_dags/example_dataset_alias_with_no_taskflow.py
[2025-06-22T12:28:55.112+0000] {logging_mixin.py:190} INFO - [2025-06-22T12:28:55.111+0000] {dag.py:3239} INFO - Sync 4 DAGs
[2025-06-22T12:28:55.130+0000] {logging_mixin.py:190} INFO - [2025-06-22T12:28:55.129+0000] {dag.py:4180} INFO - Setting next_dagrun for dataset_alias_example_alias_consumer_with_no_taskflow to None, run_after=None
[2025-06-22T12:28:55.132+0000] {logging_mixin.py:190} INFO - [2025-06-22T12:28:55.132+0000] {dag.py:4180} INFO - Setting next_dagrun for dataset_alias_example_alias_producer_with_no_taskflow to None, run_after=None
[2025-06-22T12:28:55.134+0000] {logging_mixin.py:190} INFO - [2025-06-22T12:28:55.133+0000] {dag.py:4180} INFO - Setting next_dagrun for dataset_s3_bucket_consumer_with_no_taskflow to None, run_after=None
[2025-06-22T12:28:55.135+0000] {logging_mixin.py:190} INFO - [2025-06-22T12:28:55.135+0000] {dag.py:4180} INFO - Setting next_dagrun for dataset_s3_bucket_producer_with_no_taskflow to None, run_after=None
[2025-06-22T12:28:55.163+0000] {processor.py:208} INFO - Processing /home/airflow/.local/lib/python3.12/site-packages/airflow/example_dags/example_dataset_alias_with_no_taskflow.py took 0.582 seconds
[2025-06-22T12:29:25.242+0000] {processor.py:186} INFO - Started process (PID=401) to work on /home/airflow/.local/lib/python3.12/site-packages/airflow/example_dags/example_dataset_alias_with_no_taskflow.py
[2025-06-22T12:29:25.243+0000] {processor.py:914} INFO - Processing file /home/airflow/.local/lib/python3.12/site-packages/airflow/example_dags/example_dataset_alias_with_no_taskflow.py for tasks to queue
[2025-06-22T12:29:25.245+0000] {logging_mixin.py:190} INFO - [2025-06-22T12:29:25.244+0000] {dagbag.py:588} INFO - Filling up the DagBag from /home/airflow/.local/lib/python3.12/site-packages/airflow/example_dags/example_dataset_alias_with_no_taskflow.py
[2025-06-22T12:29:25.723+0000] {processor.py:925} INFO - DAG(s) 'dataset_s3_bucket_producer_with_no_taskflow', 'dataset_alias_example_alias_consumer_with_no_taskflow', 'dataset_s3_bucket_consumer_with_no_taskflow', 'dataset_alias_example_alias_producer_with_no_taskflow' retrieved from /home/airflow/.local/lib/python3.12/site-packages/airflow/example_dags/example_dataset_alias_with_no_taskflow.py
[2025-06-22T12:29:25.739+0000] {logging_mixin.py:190} INFO - [2025-06-22T12:29:25.738+0000] {dag.py:3239} INFO - Sync 4 DAGs
[2025-06-22T12:29:25.756+0000] {logging_mixin.py:190} INFO - [2025-06-22T12:29:25.755+0000] {dag.py:4180} INFO - Setting next_dagrun for dataset_alias_example_alias_consumer_with_no_taskflow to None, run_after=None
[2025-06-22T12:29:25.758+0000] {logging_mixin.py:190} INFO - [2025-06-22T12:29:25.758+0000] {dag.py:4180} INFO - Setting next_dagrun for dataset_alias_example_alias_producer_with_no_taskflow to None, run_after=None
[2025-06-22T12:29:25.759+0000] {logging_mixin.py:190} INFO - [2025-06-22T12:29:25.759+0000] {dag.py:4180} INFO - Setting next_dagrun for dataset_s3_bucket_consumer_with_no_taskflow to None, run_after=None
[2025-06-22T12:29:25.760+0000] {logging_mixin.py:190} INFO - [2025-06-22T12:29:25.760+0000] {dag.py:4180} INFO - Setting next_dagrun for dataset_s3_bucket_producer_with_no_taskflow to None, run_after=None
[2025-06-22T12:29:25.789+0000] {processor.py:208} INFO - Processing /home/airflow/.local/lib/python3.12/site-packages/airflow/example_dags/example_dataset_alias_with_no_taskflow.py took 0.553 seconds
[2025-06-22T12:29:56.698+0000] {processor.py:186} INFO - Started process (PID=465) to work on /home/airflow/.local/lib/python3.12/site-packages/airflow/example_dags/example_dataset_alias_with_no_taskflow.py
[2025-06-22T12:29:56.700+0000] {processor.py:914} INFO - Processing file /home/airflow/.local/lib/python3.12/site-packages/airflow/example_dags/example_dataset_alias_with_no_taskflow.py for tasks to queue
[2025-06-22T12:29:56.702+0000] {logging_mixin.py:190} INFO - [2025-06-22T12:29:56.701+0000] {dagbag.py:588} INFO - Filling up the DagBag from /home/airflow/.local/lib/python3.12/site-packages/airflow/example_dags/example_dataset_alias_with_no_taskflow.py
[2025-06-22T12:29:57.193+0000] {processor.py:925} INFO - DAG(s) 'dataset_alias_example_alias_consumer_with_no_taskflow', 'dataset_s3_bucket_producer_with_no_taskflow', 'dataset_s3_bucket_consumer_with_no_taskflow', 'dataset_alias_example_alias_producer_with_no_taskflow' retrieved from /home/airflow/.local/lib/python3.12/site-packages/airflow/example_dags/example_dataset_alias_with_no_taskflow.py
[2025-06-22T12:29:57.211+0000] {logging_mixin.py:190} INFO - [2025-06-22T12:29:57.210+0000] {dag.py:3239} INFO - Sync 4 DAGs
[2025-06-22T12:29:57.228+0000] {logging_mixin.py:190} INFO - [2025-06-22T12:29:57.228+0000] {dag.py:4180} INFO - Setting next_dagrun for dataset_alias_example_alias_consumer_with_no_taskflow to None, run_after=None
[2025-06-22T12:29:57.230+0000] {logging_mixin.py:190} INFO - [2025-06-22T12:29:57.230+0000] {dag.py:4180} INFO - Setting next_dagrun for dataset_alias_example_alias_producer_with_no_taskflow to None, run_after=None
[2025-06-22T12:29:57.232+0000] {logging_mixin.py:190} INFO - [2025-06-22T12:29:57.231+0000] {dag.py:4180} INFO - Setting next_dagrun for dataset_s3_bucket_consumer_with_no_taskflow to None, run_after=None
[2025-06-22T12:29:57.233+0000] {logging_mixin.py:190} INFO - [2025-06-22T12:29:57.233+0000] {dag.py:4180} INFO - Setting next_dagrun for dataset_s3_bucket_producer_with_no_taskflow to None, run_after=None
[2025-06-22T12:29:57.253+0000] {processor.py:208} INFO - Processing /home/airflow/.local/lib/python3.12/site-packages/airflow/example_dags/example_dataset_alias_with_no_taskflow.py took 0.560 seconds
[2025-06-22T12:30:27.741+0000] {processor.py:186} INFO - Started process (PID=535) to work on /home/airflow/.local/lib/python3.12/site-packages/airflow/example_dags/example_dataset_alias_with_no_taskflow.py
[2025-06-22T12:30:27.742+0000] {processor.py:914} INFO - Processing file /home/airflow/.local/lib/python3.12/site-packages/airflow/example_dags/example_dataset_alias_with_no_taskflow.py for tasks to queue
[2025-06-22T12:30:27.744+0000] {logging_mixin.py:190} INFO - [2025-06-22T12:30:27.744+0000] {dagbag.py:588} INFO - Filling up the DagBag from /home/airflow/.local/lib/python3.12/site-packages/airflow/example_dags/example_dataset_alias_with_no_taskflow.py
[2025-06-22T12:30:28.285+0000] {processor.py:925} INFO - DAG(s) 'dataset_s3_bucket_consumer_with_no_taskflow', 'dataset_alias_example_alias_producer_with_no_taskflow', 'dataset_s3_bucket_producer_with_no_taskflow', 'dataset_alias_example_alias_consumer_with_no_taskflow' retrieved from /home/airflow/.local/lib/python3.12/site-packages/airflow/example_dags/example_dataset_alias_with_no_taskflow.py
[2025-06-22T12:30:28.308+0000] {logging_mixin.py:190} INFO - [2025-06-22T12:30:28.307+0000] {dag.py:3239} INFO - Sync 4 DAGs
[2025-06-22T12:30:28.328+0000] {logging_mixin.py:190} INFO - [2025-06-22T12:30:28.328+0000] {dag.py:4180} INFO - Setting next_dagrun for dataset_alias_example_alias_consumer_with_no_taskflow to None, run_after=None
[2025-06-22T12:30:28.331+0000] {logging_mixin.py:190} INFO - [2025-06-22T12:30:28.331+0000] {dag.py:4180} INFO - Setting next_dagrun for dataset_alias_example_alias_producer_with_no_taskflow to None, run_after=None
[2025-06-22T12:30:28.333+0000] {logging_mixin.py:190} INFO - [2025-06-22T12:30:28.332+0000] {dag.py:4180} INFO - Setting next_dagrun for dataset_s3_bucket_consumer_with_no_taskflow to None, run_after=None
[2025-06-22T12:30:28.334+0000] {logging_mixin.py:190} INFO - [2025-06-22T12:30:28.334+0000] {dag.py:4180} INFO - Setting next_dagrun for dataset_s3_bucket_producer_with_no_taskflow to None, run_after=None
[2025-06-22T12:30:28.355+0000] {processor.py:208} INFO - Processing /home/airflow/.local/lib/python3.12/site-packages/airflow/example_dags/example_dataset_alias_with_no_taskflow.py took 0.620 seconds
[2025-06-22T12:37:55.076+0000] {processor.py:186} INFO - Started process (PID=152) to work on /home/airflow/.local/lib/python3.12/site-packages/airflow/example_dags/example_dataset_alias_with_no_taskflow.py
[2025-06-22T12:37:55.079+0000] {processor.py:914} INFO - Processing file /home/airflow/.local/lib/python3.12/site-packages/airflow/example_dags/example_dataset_alias_with_no_taskflow.py for tasks to queue
[2025-06-22T12:37:55.085+0000] {logging_mixin.py:190} INFO - [2025-06-22T12:37:55.085+0000] {dagbag.py:588} INFO - Filling up the DagBag from /home/airflow/.local/lib/python3.12/site-packages/airflow/example_dags/example_dataset_alias_with_no_taskflow.py
[2025-06-22T12:37:56.403+0000] {processor.py:925} INFO - DAG(s) 'dataset_s3_bucket_consumer_with_no_taskflow', 'dataset_alias_example_alias_consumer_with_no_taskflow', 'dataset_alias_example_alias_producer_with_no_taskflow', 'dataset_s3_bucket_producer_with_no_taskflow' retrieved from /home/airflow/.local/lib/python3.12/site-packages/airflow/example_dags/example_dataset_alias_with_no_taskflow.py
[2025-06-22T12:37:56.650+0000] {logging_mixin.py:190} INFO - [2025-06-22T12:37:56.648+0000] {override.py:1912} INFO - Created Permission View: can delete on DAG:dataset_s3_bucket_consumer_with_no_taskflow
[2025-06-22T12:37:56.675+0000] {logging_mixin.py:190} INFO - [2025-06-22T12:37:56.674+0000] {override.py:1912} INFO - Created Permission View: can edit on DAG:dataset_s3_bucket_consumer_with_no_taskflow
[2025-06-22T12:37:56.705+0000] {logging_mixin.py:190} INFO - [2025-06-22T12:37:56.705+0000] {override.py:1912} INFO - Created Permission View: can read on DAG:dataset_s3_bucket_consumer_with_no_taskflow
[2025-06-22T12:37:56.730+0000] {logging_mixin.py:190} INFO - [2025-06-22T12:37:56.729+0000] {override.py:1912} INFO - Created Permission View: can delete on DAG Run:dataset_s3_bucket_consumer_with_no_taskflow
[2025-06-22T12:37:56.756+0000] {logging_mixin.py:190} INFO - [2025-06-22T12:37:56.756+0000] {override.py:1912} INFO - Created Permission View: can create on DAG Run:dataset_s3_bucket_consumer_with_no_taskflow
[2025-06-22T12:37:56.777+0000] {logging_mixin.py:190} INFO - [2025-06-22T12:37:56.777+0000] {override.py:1912} INFO - Created Permission View: menu access on DAG Run:dataset_s3_bucket_consumer_with_no_taskflow
[2025-06-22T12:37:56.795+0000] {logging_mixin.py:190} INFO - [2025-06-22T12:37:56.794+0000] {override.py:1912} INFO - Created Permission View: can read on DAG Run:dataset_s3_bucket_consumer_with_no_taskflow
[2025-06-22T12:37:56.835+0000] {logging_mixin.py:190} INFO - [2025-06-22T12:37:56.834+0000] {override.py:1912} INFO - Created Permission View: can delete on DAG:dataset_alias_example_alias_consumer_with_no_taskflow
[2025-06-22T12:37:56.857+0000] {logging_mixin.py:190} INFO - [2025-06-22T12:37:56.855+0000] {override.py:1912} INFO - Created Permission View: can edit on DAG:dataset_alias_example_alias_consumer_with_no_taskflow
[2025-06-22T12:37:56.876+0000] {logging_mixin.py:190} INFO - [2025-06-22T12:37:56.875+0000] {override.py:1912} INFO - Created Permission View: can read on DAG:dataset_alias_example_alias_consumer_with_no_taskflow
[2025-06-22T12:37:56.897+0000] {logging_mixin.py:190} INFO - [2025-06-22T12:37:56.897+0000] {override.py:1912} INFO - Created Permission View: can delete on DAG Run:dataset_alias_example_alias_consumer_with_no_taskflow
[2025-06-22T12:37:56.918+0000] {logging_mixin.py:190} INFO - [2025-06-22T12:37:56.917+0000] {override.py:1912} INFO - Created Permission View: can create on DAG Run:dataset_alias_example_alias_consumer_with_no_taskflow
[2025-06-22T12:37:56.951+0000] {logging_mixin.py:190} INFO - [2025-06-22T12:37:56.947+0000] {override.py:1912} INFO - Created Permission View: menu access on DAG Run:dataset_alias_example_alias_consumer_with_no_taskflow
[2025-06-22T12:37:56.972+0000] {logging_mixin.py:190} INFO - [2025-06-22T12:37:56.971+0000] {override.py:1912} INFO - Created Permission View: can read on DAG Run:dataset_alias_example_alias_consumer_with_no_taskflow
[2025-06-22T12:37:57.015+0000] {logging_mixin.py:190} INFO - [2025-06-22T12:37:57.014+0000] {override.py:1912} INFO - Created Permission View: can delete on DAG:dataset_alias_example_alias_producer_with_no_taskflow
[2025-06-22T12:37:57.041+0000] {logging_mixin.py:190} INFO - [2025-06-22T12:37:57.041+0000] {override.py:1912} INFO - Created Permission View: can edit on DAG:dataset_alias_example_alias_producer_with_no_taskflow
[2025-06-22T12:37:57.060+0000] {logging_mixin.py:190} INFO - [2025-06-22T12:37:57.060+0000] {override.py:1912} INFO - Created Permission View: can read on DAG:dataset_alias_example_alias_producer_with_no_taskflow
[2025-06-22T12:37:57.099+0000] {logging_mixin.py:190} INFO - [2025-06-22T12:37:57.098+0000] {override.py:1912} INFO - Created Permission View: can delete on DAG Run:dataset_alias_example_alias_producer_with_no_taskflow
[2025-06-22T12:37:57.112+0000] {logging_mixin.py:190} INFO - [2025-06-22T12:37:57.112+0000] {override.py:1912} INFO - Created Permission View: can create on DAG Run:dataset_alias_example_alias_producer_with_no_taskflow
[2025-06-22T12:37:57.128+0000] {logging_mixin.py:190} INFO - [2025-06-22T12:37:57.127+0000] {override.py:1912} INFO - Created Permission View: menu access on DAG Run:dataset_alias_example_alias_producer_with_no_taskflow
[2025-06-22T12:37:57.147+0000] {logging_mixin.py:190} INFO - [2025-06-22T12:37:57.142+0000] {override.py:1912} INFO - Created Permission View: can read on DAG Run:dataset_alias_example_alias_producer_with_no_taskflow
[2025-06-22T12:37:57.190+0000] {logging_mixin.py:190} INFO - [2025-06-22T12:37:57.189+0000] {override.py:1912} INFO - Created Permission View: can delete on DAG:dataset_s3_bucket_producer_with_no_taskflow
[2025-06-22T12:37:57.214+0000] {logging_mixin.py:190} INFO - [2025-06-22T12:37:57.213+0000] {override.py:1912} INFO - Created Permission View: can edit on DAG:dataset_s3_bucket_producer_with_no_taskflow
[2025-06-22T12:37:57.229+0000] {logging_mixin.py:190} INFO - [2025-06-22T12:37:57.229+0000] {override.py:1912} INFO - Created Permission View: can read on DAG:dataset_s3_bucket_producer_with_no_taskflow
[2025-06-22T12:37:57.260+0000] {logging_mixin.py:190} INFO - [2025-06-22T12:37:57.259+0000] {override.py:1912} INFO - Created Permission View: can delete on DAG Run:dataset_s3_bucket_producer_with_no_taskflow
[2025-06-22T12:37:57.273+0000] {logging_mixin.py:190} INFO - [2025-06-22T12:37:57.273+0000] {override.py:1912} INFO - Created Permission View: can create on DAG Run:dataset_s3_bucket_producer_with_no_taskflow
[2025-06-22T12:37:57.293+0000] {logging_mixin.py:190} INFO - [2025-06-22T12:37:57.292+0000] {override.py:1912} INFO - Created Permission View: menu access on DAG Run:dataset_s3_bucket_producer_with_no_taskflow
[2025-06-22T12:37:57.310+0000] {logging_mixin.py:190} INFO - [2025-06-22T12:37:57.310+0000] {override.py:1912} INFO - Created Permission View: can read on DAG Run:dataset_s3_bucket_producer_with_no_taskflow
[2025-06-22T12:37:57.315+0000] {logging_mixin.py:190} INFO - [2025-06-22T12:37:57.313+0000] {dag.py:3239} INFO - Sync 4 DAGs
[2025-06-22T12:37:57.348+0000] {logging_mixin.py:190} INFO - [2025-06-22T12:37:57.347+0000] {dag.py:3262} INFO - Creating ORM DAG for dataset_alias_example_alias_producer_with_no_taskflow
[2025-06-22T12:37:57.349+0000] {logging_mixin.py:190} INFO - [2025-06-22T12:37:57.349+0000] {dag.py:3262} INFO - Creating ORM DAG for dataset_s3_bucket_producer_with_no_taskflow
[2025-06-22T12:37:57.350+0000] {logging_mixin.py:190} INFO - [2025-06-22T12:37:57.350+0000] {dag.py:3262} INFO - Creating ORM DAG for dataset_s3_bucket_consumer_with_no_taskflow
[2025-06-22T12:37:57.352+0000] {logging_mixin.py:190} INFO - [2025-06-22T12:37:57.351+0000] {dag.py:3262} INFO - Creating ORM DAG for dataset_alias_example_alias_consumer_with_no_taskflow
[2025-06-22T12:37:57.373+0000] {logging_mixin.py:190} INFO - [2025-06-22T12:37:57.373+0000] {dag.py:4180} INFO - Setting next_dagrun for dataset_alias_example_alias_consumer_with_no_taskflow to None, run_after=None
[2025-06-22T12:37:57.379+0000] {logging_mixin.py:190} INFO - [2025-06-22T12:37:57.378+0000] {dag.py:4180} INFO - Setting next_dagrun for dataset_alias_example_alias_producer_with_no_taskflow to None, run_after=None
[2025-06-22T12:37:57.380+0000] {logging_mixin.py:190} INFO - [2025-06-22T12:37:57.380+0000] {dag.py:4180} INFO - Setting next_dagrun for dataset_s3_bucket_consumer_with_no_taskflow to None, run_after=None
[2025-06-22T12:37:57.383+0000] {logging_mixin.py:190} INFO - [2025-06-22T12:37:57.383+0000] {dag.py:4180} INFO - Setting next_dagrun for dataset_s3_bucket_producer_with_no_taskflow to None, run_after=None
[2025-06-22T12:37:57.463+0000] {processor.py:208} INFO - Processing /home/airflow/.local/lib/python3.12/site-packages/airflow/example_dags/example_dataset_alias_with_no_taskflow.py took 2.402 seconds
[2025-06-22T12:38:27.727+0000] {processor.py:186} INFO - Started process (PID=273) to work on /home/airflow/.local/lib/python3.12/site-packages/airflow/example_dags/example_dataset_alias_with_no_taskflow.py
[2025-06-22T12:38:27.728+0000] {processor.py:914} INFO - Processing file /home/airflow/.local/lib/python3.12/site-packages/airflow/example_dags/example_dataset_alias_with_no_taskflow.py for tasks to queue
[2025-06-22T12:38:27.732+0000] {logging_mixin.py:190} INFO - [2025-06-22T12:38:27.731+0000] {dagbag.py:588} INFO - Filling up the DagBag from /home/airflow/.local/lib/python3.12/site-packages/airflow/example_dags/example_dataset_alias_with_no_taskflow.py
[2025-06-22T12:38:28.463+0000] {processor.py:925} INFO - DAG(s) 'dataset_s3_bucket_producer_with_no_taskflow', 'dataset_alias_example_alias_producer_with_no_taskflow', 'dataset_s3_bucket_consumer_with_no_taskflow', 'dataset_alias_example_alias_consumer_with_no_taskflow' retrieved from /home/airflow/.local/lib/python3.12/site-packages/airflow/example_dags/example_dataset_alias_with_no_taskflow.py
[2025-06-22T12:38:28.484+0000] {logging_mixin.py:190} INFO - [2025-06-22T12:38:28.483+0000] {dag.py:3239} INFO - Sync 4 DAGs
[2025-06-22T12:38:28.511+0000] {logging_mixin.py:190} INFO - [2025-06-22T12:38:28.511+0000] {dag.py:4180} INFO - Setting next_dagrun for dataset_alias_example_alias_consumer_with_no_taskflow to None, run_after=None
[2025-06-22T12:38:28.514+0000] {logging_mixin.py:190} INFO - [2025-06-22T12:38:28.514+0000] {dag.py:4180} INFO - Setting next_dagrun for dataset_alias_example_alias_producer_with_no_taskflow to None, run_after=None
[2025-06-22T12:38:28.517+0000] {logging_mixin.py:190} INFO - [2025-06-22T12:38:28.516+0000] {dag.py:4180} INFO - Setting next_dagrun for dataset_s3_bucket_consumer_with_no_taskflow to None, run_after=None
[2025-06-22T12:38:28.519+0000] {logging_mixin.py:190} INFO - [2025-06-22T12:38:28.519+0000] {dag.py:4180} INFO - Setting next_dagrun for dataset_s3_bucket_producer_with_no_taskflow to None, run_after=None
[2025-06-22T12:38:28.543+0000] {processor.py:208} INFO - Processing /home/airflow/.local/lib/python3.12/site-packages/airflow/example_dags/example_dataset_alias_with_no_taskflow.py took 0.826 seconds
