[2025-06-22T12:22:44.791+0000] {processor.py:186} INFO - Started process (PID=164) to work on /home/airflow/.local/lib/python3.12/site-packages/airflow/example_dags/example_local_kubernetes_executor.py
[2025-06-22T12:22:44.795+0000] {processor.py:914} INFO - Processing file /home/airflow/.local/lib/python3.12/site-packages/airflow/example_dags/example_local_kubernetes_executor.py for tasks to queue
[2025-06-22T12:22:44.808+0000] {logging_mixin.py:190} INFO - [2025-06-22T12:22:44.808+0000] {dagbag.py:588} INFO - Filling up the DagBag from /home/airflow/.local/lib/python3.12/site-packages/airflow/example_dags/example_local_kubernetes_executor.py
[2025-06-22T12:22:44.830+0000] {processor.py:925} INFO - DAG(s) 'example_local_kubernetes_executor' retrieved from /home/airflow/.local/lib/python3.12/site-packages/airflow/example_dags/example_local_kubernetes_executor.py
[2025-06-22T12:22:45.001+0000] {logging_mixin.py:190} INFO - [2025-06-22T12:22:45.000+0000] {override.py:1912} INFO - Created Permission View: can read on DAG:example_local_kubernetes_executor
[2025-06-22T12:22:45.017+0000] {logging_mixin.py:190} INFO - [2025-06-22T12:22:45.016+0000] {override.py:1912} INFO - Created Permission View: can edit on DAG:example_local_kubernetes_executor
[2025-06-22T12:22:45.030+0000] {logging_mixin.py:190} INFO - [2025-06-22T12:22:45.029+0000] {override.py:1912} INFO - Created Permission View: can delete on DAG:example_local_kubernetes_executor
[2025-06-22T12:22:45.043+0000] {logging_mixin.py:190} INFO - [2025-06-22T12:22:45.042+0000] {override.py:1912} INFO - Created Permission View: can read on DAG Run:example_local_kubernetes_executor
[2025-06-22T12:22:45.053+0000] {logging_mixin.py:190} INFO - [2025-06-22T12:22:45.053+0000] {override.py:1912} INFO - Created Permission View: can create on DAG Run:example_local_kubernetes_executor
[2025-06-22T12:22:45.067+0000] {logging_mixin.py:190} INFO - [2025-06-22T12:22:45.066+0000] {override.py:1912} INFO - Created Permission View: can delete on DAG Run:example_local_kubernetes_executor
[2025-06-22T12:22:45.079+0000] {logging_mixin.py:190} INFO - [2025-06-22T12:22:45.078+0000] {override.py:1912} INFO - Created Permission View: menu access on DAG Run:example_local_kubernetes_executor
[2025-06-22T12:22:45.080+0000] {logging_mixin.py:190} INFO - [2025-06-22T12:22:45.080+0000] {dag.py:3239} INFO - Sync 1 DAGs
[2025-06-22T12:22:45.104+0000] {logging_mixin.py:190} INFO - [2025-06-22T12:22:45.103+0000] {dag.py:3262} INFO - Creating ORM DAG for example_local_kubernetes_executor
[2025-06-22T12:22:45.105+0000] {logging_mixin.py:190} INFO - [2025-06-22T12:22:45.105+0000] {dag.py:4180} INFO - Setting next_dagrun for example_local_kubernetes_executor to None, run_after=None
[2025-06-22T12:22:45.148+0000] {processor.py:208} INFO - Processing /home/airflow/.local/lib/python3.12/site-packages/airflow/example_dags/example_local_kubernetes_executor.py took 0.379 seconds
[2025-06-22T12:23:15.343+0000] {processor.py:186} INFO - Started process (PID=259) to work on /home/airflow/.local/lib/python3.12/site-packages/airflow/example_dags/example_local_kubernetes_executor.py
[2025-06-22T12:23:15.344+0000] {processor.py:914} INFO - Processing file /home/airflow/.local/lib/python3.12/site-packages/airflow/example_dags/example_local_kubernetes_executor.py for tasks to queue
[2025-06-22T12:23:15.348+0000] {logging_mixin.py:190} INFO - [2025-06-22T12:23:15.347+0000] {dagbag.py:588} INFO - Filling up the DagBag from /home/airflow/.local/lib/python3.12/site-packages/airflow/example_dags/example_local_kubernetes_executor.py
[2025-06-22T12:23:15.358+0000] {processor.py:925} INFO - DAG(s) 'example_local_kubernetes_executor' retrieved from /home/airflow/.local/lib/python3.12/site-packages/airflow/example_dags/example_local_kubernetes_executor.py
[2025-06-22T12:23:15.379+0000] {logging_mixin.py:190} INFO - [2025-06-22T12:23:15.379+0000] {dag.py:3239} INFO - Sync 1 DAGs
[2025-06-22T12:23:15.397+0000] {logging_mixin.py:190} INFO - [2025-06-22T12:23:15.397+0000] {dag.py:4180} INFO - Setting next_dagrun for example_local_kubernetes_executor to None, run_after=None
[2025-06-22T12:23:15.423+0000] {processor.py:208} INFO - Processing /home/airflow/.local/lib/python3.12/site-packages/airflow/example_dags/example_local_kubernetes_executor.py took 0.086 seconds
[2025-06-22T12:27:22.315+0000] {processor.py:186} INFO - Started process (PID=129) to work on /home/airflow/.local/lib/python3.12/site-packages/airflow/example_dags/example_local_kubernetes_executor.py
[2025-06-22T12:27:22.316+0000] {processor.py:914} INFO - Processing file /home/airflow/.local/lib/python3.12/site-packages/airflow/example_dags/example_local_kubernetes_executor.py for tasks to queue
[2025-06-22T12:27:22.321+0000] {logging_mixin.py:190} INFO - [2025-06-22T12:27:22.321+0000] {dagbag.py:588} INFO - Filling up the DagBag from /home/airflow/.local/lib/python3.12/site-packages/airflow/example_dags/example_local_kubernetes_executor.py
[2025-06-22T12:27:22.334+0000] {processor.py:925} INFO - DAG(s) 'example_local_kubernetes_executor' retrieved from /home/airflow/.local/lib/python3.12/site-packages/airflow/example_dags/example_local_kubernetes_executor.py
[2025-06-22T12:27:22.356+0000] {logging_mixin.py:190} INFO - [2025-06-22T12:27:22.356+0000] {dag.py:3239} INFO - Sync 1 DAGs
[2025-06-22T12:27:22.371+0000] {logging_mixin.py:190} INFO - [2025-06-22T12:27:22.371+0000] {dag.py:4180} INFO - Setting next_dagrun for example_local_kubernetes_executor to None, run_after=None
[2025-06-22T12:27:22.391+0000] {processor.py:208} INFO - Processing /home/airflow/.local/lib/python3.12/site-packages/airflow/example_dags/example_local_kubernetes_executor.py took 0.083 seconds
[2025-06-22T12:27:53.261+0000] {processor.py:186} INFO - Started process (PID=200) to work on /home/airflow/.local/lib/python3.12/site-packages/airflow/example_dags/example_local_kubernetes_executor.py
[2025-06-22T12:27:53.262+0000] {processor.py:914} INFO - Processing file /home/airflow/.local/lib/python3.12/site-packages/airflow/example_dags/example_local_kubernetes_executor.py for tasks to queue
[2025-06-22T12:27:53.265+0000] {logging_mixin.py:190} INFO - [2025-06-22T12:27:53.265+0000] {dagbag.py:588} INFO - Filling up the DagBag from /home/airflow/.local/lib/python3.12/site-packages/airflow/example_dags/example_local_kubernetes_executor.py
[2025-06-22T12:27:53.275+0000] {processor.py:925} INFO - DAG(s) 'example_local_kubernetes_executor' retrieved from /home/airflow/.local/lib/python3.12/site-packages/airflow/example_dags/example_local_kubernetes_executor.py
[2025-06-22T12:27:53.294+0000] {logging_mixin.py:190} INFO - [2025-06-22T12:27:53.294+0000] {dag.py:3239} INFO - Sync 1 DAGs
[2025-06-22T12:27:53.307+0000] {logging_mixin.py:190} INFO - [2025-06-22T12:27:53.307+0000] {dag.py:4180} INFO - Setting next_dagrun for example_local_kubernetes_executor to None, run_after=None
[2025-06-22T12:27:53.326+0000] {processor.py:208} INFO - Processing /home/airflow/.local/lib/python3.12/site-packages/airflow/example_dags/example_local_kubernetes_executor.py took 0.072 seconds
[2025-06-22T12:28:23.974+0000] {processor.py:186} INFO - Started process (PID=270) to work on /home/airflow/.local/lib/python3.12/site-packages/airflow/example_dags/example_local_kubernetes_executor.py
[2025-06-22T12:28:23.975+0000] {processor.py:914} INFO - Processing file /home/airflow/.local/lib/python3.12/site-packages/airflow/example_dags/example_local_kubernetes_executor.py for tasks to queue
[2025-06-22T12:28:23.977+0000] {logging_mixin.py:190} INFO - [2025-06-22T12:28:23.977+0000] {dagbag.py:588} INFO - Filling up the DagBag from /home/airflow/.local/lib/python3.12/site-packages/airflow/example_dags/example_local_kubernetes_executor.py
[2025-06-22T12:28:23.987+0000] {processor.py:925} INFO - DAG(s) 'example_local_kubernetes_executor' retrieved from /home/airflow/.local/lib/python3.12/site-packages/airflow/example_dags/example_local_kubernetes_executor.py
[2025-06-22T12:28:24.006+0000] {logging_mixin.py:190} INFO - [2025-06-22T12:28:24.006+0000] {dag.py:3239} INFO - Sync 1 DAGs
[2025-06-22T12:28:24.021+0000] {logging_mixin.py:190} INFO - [2025-06-22T12:28:24.021+0000] {dag.py:4180} INFO - Setting next_dagrun for example_local_kubernetes_executor to None, run_after=None
[2025-06-22T12:28:24.042+0000] {processor.py:208} INFO - Processing /home/airflow/.local/lib/python3.12/site-packages/airflow/example_dags/example_local_kubernetes_executor.py took 0.074 seconds
[2025-06-22T12:28:55.303+0000] {processor.py:186} INFO - Started process (PID=335) to work on /home/airflow/.local/lib/python3.12/site-packages/airflow/example_dags/example_local_kubernetes_executor.py
[2025-06-22T12:28:55.304+0000] {processor.py:914} INFO - Processing file /home/airflow/.local/lib/python3.12/site-packages/airflow/example_dags/example_local_kubernetes_executor.py for tasks to queue
[2025-06-22T12:28:55.306+0000] {logging_mixin.py:190} INFO - [2025-06-22T12:28:55.306+0000] {dagbag.py:588} INFO - Filling up the DagBag from /home/airflow/.local/lib/python3.12/site-packages/airflow/example_dags/example_local_kubernetes_executor.py
[2025-06-22T12:28:55.315+0000] {processor.py:925} INFO - DAG(s) 'example_local_kubernetes_executor' retrieved from /home/airflow/.local/lib/python3.12/site-packages/airflow/example_dags/example_local_kubernetes_executor.py
[2025-06-22T12:28:55.333+0000] {logging_mixin.py:190} INFO - [2025-06-22T12:28:55.333+0000] {dag.py:3239} INFO - Sync 1 DAGs
[2025-06-22T12:28:55.346+0000] {logging_mixin.py:190} INFO - [2025-06-22T12:28:55.346+0000] {dag.py:4180} INFO - Setting next_dagrun for example_local_kubernetes_executor to None, run_after=None
[2025-06-22T12:28:55.366+0000] {processor.py:208} INFO - Processing /home/airflow/.local/lib/python3.12/site-packages/airflow/example_dags/example_local_kubernetes_executor.py took 0.069 seconds
[2025-06-22T12:29:25.916+0000] {processor.py:186} INFO - Started process (PID=404) to work on /home/airflow/.local/lib/python3.12/site-packages/airflow/example_dags/example_local_kubernetes_executor.py
[2025-06-22T12:29:25.917+0000] {processor.py:914} INFO - Processing file /home/airflow/.local/lib/python3.12/site-packages/airflow/example_dags/example_local_kubernetes_executor.py for tasks to queue
[2025-06-22T12:29:25.920+0000] {logging_mixin.py:190} INFO - [2025-06-22T12:29:25.919+0000] {dagbag.py:588} INFO - Filling up the DagBag from /home/airflow/.local/lib/python3.12/site-packages/airflow/example_dags/example_local_kubernetes_executor.py
[2025-06-22T12:29:25.928+0000] {processor.py:925} INFO - DAG(s) 'example_local_kubernetes_executor' retrieved from /home/airflow/.local/lib/python3.12/site-packages/airflow/example_dags/example_local_kubernetes_executor.py
[2025-06-22T12:29:25.944+0000] {logging_mixin.py:190} INFO - [2025-06-22T12:29:25.944+0000] {dag.py:3239} INFO - Sync 1 DAGs
[2025-06-22T12:29:25.956+0000] {logging_mixin.py:190} INFO - [2025-06-22T12:29:25.956+0000] {dag.py:4180} INFO - Setting next_dagrun for example_local_kubernetes_executor to None, run_after=None
[2025-06-22T12:29:25.974+0000] {processor.py:208} INFO - Processing /home/airflow/.local/lib/python3.12/site-packages/airflow/example_dags/example_local_kubernetes_executor.py took 0.063 seconds
[2025-06-22T12:29:57.379+0000] {processor.py:186} INFO - Started process (PID=468) to work on /home/airflow/.local/lib/python3.12/site-packages/airflow/example_dags/example_local_kubernetes_executor.py
[2025-06-22T12:29:57.379+0000] {processor.py:914} INFO - Processing file /home/airflow/.local/lib/python3.12/site-packages/airflow/example_dags/example_local_kubernetes_executor.py for tasks to queue
[2025-06-22T12:29:57.382+0000] {logging_mixin.py:190} INFO - [2025-06-22T12:29:57.382+0000] {dagbag.py:588} INFO - Filling up the DagBag from /home/airflow/.local/lib/python3.12/site-packages/airflow/example_dags/example_local_kubernetes_executor.py
[2025-06-22T12:29:57.390+0000] {processor.py:925} INFO - DAG(s) 'example_local_kubernetes_executor' retrieved from /home/airflow/.local/lib/python3.12/site-packages/airflow/example_dags/example_local_kubernetes_executor.py
[2025-06-22T12:29:57.407+0000] {logging_mixin.py:190} INFO - [2025-06-22T12:29:57.407+0000] {dag.py:3239} INFO - Sync 1 DAGs
[2025-06-22T12:29:57.420+0000] {logging_mixin.py:190} INFO - [2025-06-22T12:29:57.420+0000] {dag.py:4180} INFO - Setting next_dagrun for example_local_kubernetes_executor to None, run_after=None
[2025-06-22T12:29:57.440+0000] {processor.py:208} INFO - Processing /home/airflow/.local/lib/python3.12/site-packages/airflow/example_dags/example_local_kubernetes_executor.py took 0.066 seconds
[2025-06-22T12:30:28.438+0000] {processor.py:186} INFO - Started process (PID=538) to work on /home/airflow/.local/lib/python3.12/site-packages/airflow/example_dags/example_local_kubernetes_executor.py
[2025-06-22T12:30:28.439+0000] {processor.py:914} INFO - Processing file /home/airflow/.local/lib/python3.12/site-packages/airflow/example_dags/example_local_kubernetes_executor.py for tasks to queue
[2025-06-22T12:30:28.442+0000] {logging_mixin.py:190} INFO - [2025-06-22T12:30:28.441+0000] {dagbag.py:588} INFO - Filling up the DagBag from /home/airflow/.local/lib/python3.12/site-packages/airflow/example_dags/example_local_kubernetes_executor.py
[2025-06-22T12:30:28.450+0000] {processor.py:925} INFO - DAG(s) 'example_local_kubernetes_executor' retrieved from /home/airflow/.local/lib/python3.12/site-packages/airflow/example_dags/example_local_kubernetes_executor.py
[2025-06-22T12:30:28.469+0000] {logging_mixin.py:190} INFO - [2025-06-22T12:30:28.468+0000] {dag.py:3239} INFO - Sync 1 DAGs
[2025-06-22T12:30:28.482+0000] {logging_mixin.py:190} INFO - [2025-06-22T12:30:28.482+0000] {dag.py:4180} INFO - Setting next_dagrun for example_local_kubernetes_executor to None, run_after=None
[2025-06-22T12:30:28.499+0000] {processor.py:208} INFO - Processing /home/airflow/.local/lib/python3.12/site-packages/airflow/example_dags/example_local_kubernetes_executor.py took 0.066 seconds
[2025-06-22T12:37:59.521+0000] {processor.py:186} INFO - Started process (PID=174) to work on /home/airflow/.local/lib/python3.12/site-packages/airflow/example_dags/example_local_kubernetes_executor.py
[2025-06-22T12:37:59.524+0000] {processor.py:914} INFO - Processing file /home/airflow/.local/lib/python3.12/site-packages/airflow/example_dags/example_local_kubernetes_executor.py for tasks to queue
[2025-06-22T12:37:59.537+0000] {logging_mixin.py:190} INFO - [2025-06-22T12:37:59.537+0000] {dagbag.py:588} INFO - Filling up the DagBag from /home/airflow/.local/lib/python3.12/site-packages/airflow/example_dags/example_local_kubernetes_executor.py
[2025-06-22T12:37:59.558+0000] {processor.py:925} INFO - DAG(s) 'example_local_kubernetes_executor' retrieved from /home/airflow/.local/lib/python3.12/site-packages/airflow/example_dags/example_local_kubernetes_executor.py
[2025-06-22T12:37:59.759+0000] {logging_mixin.py:190} INFO - [2025-06-22T12:37:59.758+0000] {override.py:1912} INFO - Created Permission View: can delete on DAG:example_local_kubernetes_executor
[2025-06-22T12:37:59.780+0000] {logging_mixin.py:190} INFO - [2025-06-22T12:37:59.779+0000] {override.py:1912} INFO - Created Permission View: can edit on DAG:example_local_kubernetes_executor
[2025-06-22T12:37:59.792+0000] {logging_mixin.py:190} INFO - [2025-06-22T12:37:59.791+0000] {override.py:1912} INFO - Created Permission View: can read on DAG:example_local_kubernetes_executor
[2025-06-22T12:37:59.809+0000] {logging_mixin.py:190} INFO - [2025-06-22T12:37:59.809+0000] {override.py:1912} INFO - Created Permission View: can delete on DAG Run:example_local_kubernetes_executor
[2025-06-22T12:37:59.823+0000] {logging_mixin.py:190} INFO - [2025-06-22T12:37:59.822+0000] {override.py:1912} INFO - Created Permission View: can create on DAG Run:example_local_kubernetes_executor
[2025-06-22T12:37:59.835+0000] {logging_mixin.py:190} INFO - [2025-06-22T12:37:59.834+0000] {override.py:1912} INFO - Created Permission View: menu access on DAG Run:example_local_kubernetes_executor
[2025-06-22T12:37:59.846+0000] {logging_mixin.py:190} INFO - [2025-06-22T12:37:59.845+0000] {override.py:1912} INFO - Created Permission View: can read on DAG Run:example_local_kubernetes_executor
[2025-06-22T12:37:59.847+0000] {logging_mixin.py:190} INFO - [2025-06-22T12:37:59.846+0000] {dag.py:3239} INFO - Sync 1 DAGs
[2025-06-22T12:37:59.868+0000] {logging_mixin.py:190} INFO - [2025-06-22T12:37:59.868+0000] {dag.py:3262} INFO - Creating ORM DAG for example_local_kubernetes_executor
[2025-06-22T12:37:59.869+0000] {logging_mixin.py:190} INFO - [2025-06-22T12:37:59.869+0000] {dag.py:4180} INFO - Setting next_dagrun for example_local_kubernetes_executor to None, run_after=None
[2025-06-22T12:37:59.903+0000] {processor.py:208} INFO - Processing /home/airflow/.local/lib/python3.12/site-packages/airflow/example_dags/example_local_kubernetes_executor.py took 0.392 seconds
[2025-06-22T12:38:30.250+0000] {processor.py:186} INFO - Started process (PID=277) to work on /home/airflow/.local/lib/python3.12/site-packages/airflow/example_dags/example_local_kubernetes_executor.py
[2025-06-22T12:38:30.252+0000] {processor.py:914} INFO - Processing file /home/airflow/.local/lib/python3.12/site-packages/airflow/example_dags/example_local_kubernetes_executor.py for tasks to queue
[2025-06-22T12:38:30.254+0000] {logging_mixin.py:190} INFO - [2025-06-22T12:38:30.254+0000] {dagbag.py:588} INFO - Filling up the DagBag from /home/airflow/.local/lib/python3.12/site-packages/airflow/example_dags/example_local_kubernetes_executor.py
[2025-06-22T12:38:30.264+0000] {processor.py:925} INFO - DAG(s) 'example_local_kubernetes_executor' retrieved from /home/airflow/.local/lib/python3.12/site-packages/airflow/example_dags/example_local_kubernetes_executor.py
[2025-06-22T12:38:30.283+0000] {logging_mixin.py:190} INFO - [2025-06-22T12:38:30.283+0000] {dag.py:3239} INFO - Sync 1 DAGs
[2025-06-22T12:38:30.298+0000] {logging_mixin.py:190} INFO - [2025-06-22T12:38:30.297+0000] {dag.py:4180} INFO - Setting next_dagrun for example_local_kubernetes_executor to None, run_after=None
[2025-06-22T12:38:30.317+0000] {processor.py:208} INFO - Processing /home/airflow/.local/lib/python3.12/site-packages/airflow/example_dags/example_local_kubernetes_executor.py took 0.072 seconds
