[2025-06-22T12:22:47.454+0000] {processor.py:186} INFO - Started process (PID=185) to work on /home/airflow/.local/lib/python3.12/site-packages/airflow/example_dags/example_branch_operator.py
[2025-06-22T12:22:47.455+0000] {processor.py:914} INFO - Processing file /home/airflow/.local/lib/python3.12/site-packages/airflow/example_dags/example_branch_operator.py for tasks to queue
[2025-06-22T12:22:47.464+0000] {logging_mixin.py:190} INFO - [2025-06-22T12:22:47.463+0000] {dagbag.py:588} INFO - Filling up the DagBag from /home/airflow/.local/lib/python3.12/site-packages/airflow/example_dags/example_branch_operator.py
[2025-06-22T12:22:47.510+0000] {processor.py:925} INFO - DAG(s) 'example_branch_operator' retrieved from /home/airflow/.local/lib/python3.12/site-packages/airflow/example_dags/example_branch_operator.py
[2025-06-22T12:22:47.831+0000] {logging_mixin.py:190} INFO - [2025-06-22T12:22:47.823+0000] {override.py:1912} INFO - Created Permission View: can read on DAG:example_branch_operator
[2025-06-22T12:22:47.853+0000] {logging_mixin.py:190} INFO - [2025-06-22T12:22:47.853+0000] {override.py:1912} INFO - Created Permission View: can edit on DAG:example_branch_operator
[2025-06-22T12:22:47.887+0000] {logging_mixin.py:190} INFO - [2025-06-22T12:22:47.886+0000] {override.py:1912} INFO - Created Permission View: can delete on DAG:example_branch_operator
[2025-06-22T12:22:47.911+0000] {logging_mixin.py:190} INFO - [2025-06-22T12:22:47.910+0000] {override.py:1912} INFO - Created Permission View: can read on DAG Run:example_branch_operator
[2025-06-22T12:22:47.928+0000] {logging_mixin.py:190} INFO - [2025-06-22T12:22:47.927+0000] {override.py:1912} INFO - Created Permission View: can create on DAG Run:example_branch_operator
[2025-06-22T12:22:47.951+0000] {logging_mixin.py:190} INFO - [2025-06-22T12:22:47.950+0000] {override.py:1912} INFO - Created Permission View: can delete on DAG Run:example_branch_operator
[2025-06-22T12:22:47.999+0000] {logging_mixin.py:190} INFO - [2025-06-22T12:22:47.998+0000] {override.py:1912} INFO - Created Permission View: menu access on DAG Run:example_branch_operator
[2025-06-22T12:22:48.004+0000] {logging_mixin.py:190} INFO - [2025-06-22T12:22:48.003+0000] {dag.py:3239} INFO - Sync 1 DAGs
[2025-06-22T12:22:48.043+0000] {logging_mixin.py:190} INFO - [2025-06-22T12:22:48.043+0000] {dag.py:3262} INFO - Creating ORM DAG for example_branch_operator
[2025-06-22T12:22:48.072+0000] {logging_mixin.py:190} INFO - [2025-06-22T12:22:48.072+0000] {dag.py:4180} INFO - Setting next_dagrun for example_branch_operator to 2025-06-21 00:00:00+00:00, run_after=2025-06-22 00:00:00+00:00
[2025-06-22T12:22:48.147+0000] {processor.py:208} INFO - Processing /home/airflow/.local/lib/python3.12/site-packages/airflow/example_dags/example_branch_operator.py took 0.704 seconds
[2025-06-22T12:23:18.339+0000] {processor.py:186} INFO - Started process (PID=267) to work on /home/airflow/.local/lib/python3.12/site-packages/airflow/example_dags/example_branch_operator.py
[2025-06-22T12:23:18.341+0000] {processor.py:914} INFO - Processing file /home/airflow/.local/lib/python3.12/site-packages/airflow/example_dags/example_branch_operator.py for tasks to queue
[2025-06-22T12:23:18.344+0000] {logging_mixin.py:190} INFO - [2025-06-22T12:23:18.343+0000] {dagbag.py:588} INFO - Filling up the DagBag from /home/airflow/.local/lib/python3.12/site-packages/airflow/example_dags/example_branch_operator.py
[2025-06-22T12:23:18.364+0000] {processor.py:925} INFO - DAG(s) 'example_branch_operator' retrieved from /home/airflow/.local/lib/python3.12/site-packages/airflow/example_dags/example_branch_operator.py
[2025-06-22T12:23:18.396+0000] {logging_mixin.py:190} INFO - [2025-06-22T12:23:18.395+0000] {dag.py:3239} INFO - Sync 1 DAGs
[2025-06-22T12:23:18.422+0000] {logging_mixin.py:190} INFO - [2025-06-22T12:23:18.422+0000] {dag.py:4180} INFO - Setting next_dagrun for example_branch_operator to 2025-06-22 00:00:00+00:00, run_after=2025-06-23 00:00:00+00:00
[2025-06-22T12:23:18.446+0000] {processor.py:208} INFO - Processing /home/airflow/.local/lib/python3.12/site-packages/airflow/example_dags/example_branch_operator.py took 0.115 seconds
[2025-06-22T12:27:23.545+0000] {processor.py:186} INFO - Started process (PID=137) to work on /home/airflow/.local/lib/python3.12/site-packages/airflow/example_dags/example_branch_operator.py
[2025-06-22T12:27:23.547+0000] {processor.py:914} INFO - Processing file /home/airflow/.local/lib/python3.12/site-packages/airflow/example_dags/example_branch_operator.py for tasks to queue
[2025-06-22T12:27:23.552+0000] {logging_mixin.py:190} INFO - [2025-06-22T12:27:23.552+0000] {dagbag.py:588} INFO - Filling up the DagBag from /home/airflow/.local/lib/python3.12/site-packages/airflow/example_dags/example_branch_operator.py
[2025-06-22T12:27:23.582+0000] {processor.py:925} INFO - DAG(s) 'example_branch_operator' retrieved from /home/airflow/.local/lib/python3.12/site-packages/airflow/example_dags/example_branch_operator.py
[2025-06-22T12:27:23.725+0000] {logging_mixin.py:190} INFO - [2025-06-22T12:27:23.724+0000] {dag.py:3239} INFO - Sync 1 DAGs
[2025-06-22T12:27:23.748+0000] {logging_mixin.py:190} INFO - [2025-06-22T12:27:23.748+0000] {dag.py:4180} INFO - Setting next_dagrun for example_branch_operator to 2025-06-22 00:00:00+00:00, run_after=2025-06-23 00:00:00+00:00
[2025-06-22T12:27:23.771+0000] {processor.py:208} INFO - Processing /home/airflow/.local/lib/python3.12/site-packages/airflow/example_dags/example_branch_operator.py took 0.232 seconds
[2025-06-22T12:27:54.229+0000] {processor.py:186} INFO - Started process (PID=209) to work on /home/airflow/.local/lib/python3.12/site-packages/airflow/example_dags/example_branch_operator.py
[2025-06-22T12:27:54.231+0000] {processor.py:914} INFO - Processing file /home/airflow/.local/lib/python3.12/site-packages/airflow/example_dags/example_branch_operator.py for tasks to queue
[2025-06-22T12:27:54.233+0000] {logging_mixin.py:190} INFO - [2025-06-22T12:27:54.233+0000] {dagbag.py:588} INFO - Filling up the DagBag from /home/airflow/.local/lib/python3.12/site-packages/airflow/example_dags/example_branch_operator.py
[2025-06-22T12:27:54.250+0000] {processor.py:925} INFO - DAG(s) 'example_branch_operator' retrieved from /home/airflow/.local/lib/python3.12/site-packages/airflow/example_dags/example_branch_operator.py
[2025-06-22T12:27:54.278+0000] {logging_mixin.py:190} INFO - [2025-06-22T12:27:54.278+0000] {dag.py:3239} INFO - Sync 1 DAGs
[2025-06-22T12:27:54.302+0000] {logging_mixin.py:190} INFO - [2025-06-22T12:27:54.302+0000] {dag.py:4180} INFO - Setting next_dagrun for example_branch_operator to 2025-06-22 00:00:00+00:00, run_after=2025-06-23 00:00:00+00:00
[2025-06-22T12:27:54.321+0000] {processor.py:208} INFO - Processing /home/airflow/.local/lib/python3.12/site-packages/airflow/example_dags/example_branch_operator.py took 0.097 seconds
[2025-06-22T12:28:25.027+0000] {processor.py:186} INFO - Started process (PID=279) to work on /home/airflow/.local/lib/python3.12/site-packages/airflow/example_dags/example_branch_operator.py
[2025-06-22T12:28:25.028+0000] {processor.py:914} INFO - Processing file /home/airflow/.local/lib/python3.12/site-packages/airflow/example_dags/example_branch_operator.py for tasks to queue
[2025-06-22T12:28:25.031+0000] {logging_mixin.py:190} INFO - [2025-06-22T12:28:25.030+0000] {dagbag.py:588} INFO - Filling up the DagBag from /home/airflow/.local/lib/python3.12/site-packages/airflow/example_dags/example_branch_operator.py
[2025-06-22T12:28:25.050+0000] {processor.py:925} INFO - DAG(s) 'example_branch_operator' retrieved from /home/airflow/.local/lib/python3.12/site-packages/airflow/example_dags/example_branch_operator.py
[2025-06-22T12:28:25.080+0000] {logging_mixin.py:190} INFO - [2025-06-22T12:28:25.080+0000] {dag.py:3239} INFO - Sync 1 DAGs
[2025-06-22T12:28:25.108+0000] {logging_mixin.py:190} INFO - [2025-06-22T12:28:25.108+0000] {dag.py:4180} INFO - Setting next_dagrun for example_branch_operator to 2025-06-22 00:00:00+00:00, run_after=2025-06-23 00:00:00+00:00
[2025-06-22T12:28:25.132+0000] {processor.py:208} INFO - Processing /home/airflow/.local/lib/python3.12/site-packages/airflow/example_dags/example_branch_operator.py took 0.112 seconds
[2025-06-22T12:28:56.274+0000] {processor.py:186} INFO - Started process (PID=344) to work on /home/airflow/.local/lib/python3.12/site-packages/airflow/example_dags/example_branch_operator.py
[2025-06-22T12:28:56.275+0000] {processor.py:914} INFO - Processing file /home/airflow/.local/lib/python3.12/site-packages/airflow/example_dags/example_branch_operator.py for tasks to queue
[2025-06-22T12:28:56.277+0000] {logging_mixin.py:190} INFO - [2025-06-22T12:28:56.277+0000] {dagbag.py:588} INFO - Filling up the DagBag from /home/airflow/.local/lib/python3.12/site-packages/airflow/example_dags/example_branch_operator.py
[2025-06-22T12:28:56.292+0000] {processor.py:925} INFO - DAG(s) 'example_branch_operator' retrieved from /home/airflow/.local/lib/python3.12/site-packages/airflow/example_dags/example_branch_operator.py
[2025-06-22T12:28:56.317+0000] {logging_mixin.py:190} INFO - [2025-06-22T12:28:56.317+0000] {dag.py:3239} INFO - Sync 1 DAGs
[2025-06-22T12:28:56.341+0000] {logging_mixin.py:190} INFO - [2025-06-22T12:28:56.340+0000] {dag.py:4180} INFO - Setting next_dagrun for example_branch_operator to 2025-06-22 00:00:00+00:00, run_after=2025-06-23 00:00:00+00:00
[2025-06-22T12:28:56.359+0000] {processor.py:208} INFO - Processing /home/airflow/.local/lib/python3.12/site-packages/airflow/example_dags/example_branch_operator.py took 0.090 seconds
[2025-06-22T12:29:26.946+0000] {processor.py:186} INFO - Started process (PID=413) to work on /home/airflow/.local/lib/python3.12/site-packages/airflow/example_dags/example_branch_operator.py
[2025-06-22T12:29:26.947+0000] {processor.py:914} INFO - Processing file /home/airflow/.local/lib/python3.12/site-packages/airflow/example_dags/example_branch_operator.py for tasks to queue
[2025-06-22T12:29:26.949+0000] {logging_mixin.py:190} INFO - [2025-06-22T12:29:26.949+0000] {dagbag.py:588} INFO - Filling up the DagBag from /home/airflow/.local/lib/python3.12/site-packages/airflow/example_dags/example_branch_operator.py
[2025-06-22T12:29:26.965+0000] {processor.py:925} INFO - DAG(s) 'example_branch_operator' retrieved from /home/airflow/.local/lib/python3.12/site-packages/airflow/example_dags/example_branch_operator.py
[2025-06-22T12:29:26.987+0000] {logging_mixin.py:190} INFO - [2025-06-22T12:29:26.987+0000] {dag.py:3239} INFO - Sync 1 DAGs
[2025-06-22T12:29:27.009+0000] {logging_mixin.py:190} INFO - [2025-06-22T12:29:27.008+0000] {dag.py:4180} INFO - Setting next_dagrun for example_branch_operator to 2025-06-22 00:00:00+00:00, run_after=2025-06-23 00:00:00+00:00
[2025-06-22T12:29:27.025+0000] {processor.py:208} INFO - Processing /home/airflow/.local/lib/python3.12/site-packages/airflow/example_dags/example_branch_operator.py took 0.084 seconds
[2025-06-22T12:29:58.483+0000] {processor.py:186} INFO - Started process (PID=477) to work on /home/airflow/.local/lib/python3.12/site-packages/airflow/example_dags/example_branch_operator.py
[2025-06-22T12:29:58.484+0000] {processor.py:914} INFO - Processing file /home/airflow/.local/lib/python3.12/site-packages/airflow/example_dags/example_branch_operator.py for tasks to queue
[2025-06-22T12:29:58.486+0000] {logging_mixin.py:190} INFO - [2025-06-22T12:29:58.486+0000] {dagbag.py:588} INFO - Filling up the DagBag from /home/airflow/.local/lib/python3.12/site-packages/airflow/example_dags/example_branch_operator.py
[2025-06-22T12:29:58.502+0000] {processor.py:925} INFO - DAG(s) 'example_branch_operator' retrieved from /home/airflow/.local/lib/python3.12/site-packages/airflow/example_dags/example_branch_operator.py
[2025-06-22T12:29:58.526+0000] {logging_mixin.py:190} INFO - [2025-06-22T12:29:58.525+0000] {dag.py:3239} INFO - Sync 1 DAGs
[2025-06-22T12:29:58.545+0000] {logging_mixin.py:190} INFO - [2025-06-22T12:29:58.545+0000] {dag.py:4180} INFO - Setting next_dagrun for example_branch_operator to 2025-06-22 00:00:00+00:00, run_after=2025-06-23 00:00:00+00:00
[2025-06-22T12:29:58.563+0000] {processor.py:208} INFO - Processing /home/airflow/.local/lib/python3.12/site-packages/airflow/example_dags/example_branch_operator.py took 0.085 seconds
[2025-06-22T12:30:29.398+0000] {processor.py:186} INFO - Started process (PID=547) to work on /home/airflow/.local/lib/python3.12/site-packages/airflow/example_dags/example_branch_operator.py
[2025-06-22T12:30:29.399+0000] {processor.py:914} INFO - Processing file /home/airflow/.local/lib/python3.12/site-packages/airflow/example_dags/example_branch_operator.py for tasks to queue
[2025-06-22T12:30:29.401+0000] {logging_mixin.py:190} INFO - [2025-06-22T12:30:29.401+0000] {dagbag.py:588} INFO - Filling up the DagBag from /home/airflow/.local/lib/python3.12/site-packages/airflow/example_dags/example_branch_operator.py
[2025-06-22T12:30:29.418+0000] {processor.py:925} INFO - DAG(s) 'example_branch_operator' retrieved from /home/airflow/.local/lib/python3.12/site-packages/airflow/example_dags/example_branch_operator.py
[2025-06-22T12:30:29.442+0000] {logging_mixin.py:190} INFO - [2025-06-22T12:30:29.441+0000] {dag.py:3239} INFO - Sync 1 DAGs
[2025-06-22T12:30:29.464+0000] {logging_mixin.py:190} INFO - [2025-06-22T12:30:29.464+0000] {dag.py:4180} INFO - Setting next_dagrun for example_branch_operator to 2025-06-22 00:00:00+00:00, run_after=2025-06-23 00:00:00+00:00
[2025-06-22T12:30:29.483+0000] {processor.py:208} INFO - Processing /home/airflow/.local/lib/python3.12/site-packages/airflow/example_dags/example_branch_operator.py took 0.090 seconds
[2025-06-22T12:38:02.188+0000] {processor.py:186} INFO - Started process (PID=193) to work on /home/airflow/.local/lib/python3.12/site-packages/airflow/example_dags/example_branch_operator.py
[2025-06-22T12:38:02.190+0000] {processor.py:914} INFO - Processing file /home/airflow/.local/lib/python3.12/site-packages/airflow/example_dags/example_branch_operator.py for tasks to queue
[2025-06-22T12:38:02.199+0000] {logging_mixin.py:190} INFO - [2025-06-22T12:38:02.198+0000] {dagbag.py:588} INFO - Filling up the DagBag from /home/airflow/.local/lib/python3.12/site-packages/airflow/example_dags/example_branch_operator.py
[2025-06-22T12:38:02.269+0000] {processor.py:925} INFO - DAG(s) 'example_branch_operator' retrieved from /home/airflow/.local/lib/python3.12/site-packages/airflow/example_dags/example_branch_operator.py
[2025-06-22T12:38:02.566+0000] {logging_mixin.py:190} INFO - [2025-06-22T12:38:02.565+0000] {override.py:1912} INFO - Created Permission View: can delete on DAG:example_branch_operator
[2025-06-22T12:38:02.592+0000] {logging_mixin.py:190} INFO - [2025-06-22T12:38:02.591+0000] {override.py:1912} INFO - Created Permission View: can edit on DAG:example_branch_operator
[2025-06-22T12:38:02.611+0000] {logging_mixin.py:190} INFO - [2025-06-22T12:38:02.610+0000] {override.py:1912} INFO - Created Permission View: can read on DAG:example_branch_operator
[2025-06-22T12:38:02.630+0000] {logging_mixin.py:190} INFO - [2025-06-22T12:38:02.629+0000] {override.py:1912} INFO - Created Permission View: can delete on DAG Run:example_branch_operator
[2025-06-22T12:38:02.643+0000] {logging_mixin.py:190} INFO - [2025-06-22T12:38:02.642+0000] {override.py:1912} INFO - Created Permission View: can create on DAG Run:example_branch_operator
[2025-06-22T12:38:02.678+0000] {logging_mixin.py:190} INFO - [2025-06-22T12:38:02.677+0000] {override.py:1912} INFO - Created Permission View: menu access on DAG Run:example_branch_operator
[2025-06-22T12:38:02.702+0000] {logging_mixin.py:190} INFO - [2025-06-22T12:38:02.701+0000] {override.py:1912} INFO - Created Permission View: can read on DAG Run:example_branch_operator
[2025-06-22T12:38:02.705+0000] {logging_mixin.py:190} INFO - [2025-06-22T12:38:02.705+0000] {dag.py:3239} INFO - Sync 1 DAGs
[2025-06-22T12:38:02.743+0000] {logging_mixin.py:190} INFO - [2025-06-22T12:38:02.743+0000] {dag.py:3262} INFO - Creating ORM DAG for example_branch_operator
[2025-06-22T12:38:02.780+0000] {logging_mixin.py:190} INFO - [2025-06-22T12:38:02.780+0000] {dag.py:4180} INFO - Setting next_dagrun for example_branch_operator to 2025-06-21 00:00:00+00:00, run_after=2025-06-22 00:00:00+00:00
[2025-06-22T12:38:02.853+0000] {processor.py:208} INFO - Processing /home/airflow/.local/lib/python3.12/site-packages/airflow/example_dags/example_branch_operator.py took 0.684 seconds
[2025-06-22T12:38:33.123+0000] {processor.py:186} INFO - Started process (PID=285) to work on /home/airflow/.local/lib/python3.12/site-packages/airflow/example_dags/example_branch_operator.py
[2025-06-22T12:38:33.125+0000] {processor.py:914} INFO - Processing file /home/airflow/.local/lib/python3.12/site-packages/airflow/example_dags/example_branch_operator.py for tasks to queue
[2025-06-22T12:38:33.130+0000] {logging_mixin.py:190} INFO - [2025-06-22T12:38:33.129+0000] {dagbag.py:588} INFO - Filling up the DagBag from /home/airflow/.local/lib/python3.12/site-packages/airflow/example_dags/example_branch_operator.py
[2025-06-22T12:38:33.157+0000] {processor.py:925} INFO - DAG(s) 'example_branch_operator' retrieved from /home/airflow/.local/lib/python3.12/site-packages/airflow/example_dags/example_branch_operator.py
[2025-06-22T12:38:33.193+0000] {logging_mixin.py:190} INFO - [2025-06-22T12:38:33.192+0000] {dag.py:3239} INFO - Sync 1 DAGs
[2025-06-22T12:38:33.218+0000] {logging_mixin.py:190} INFO - [2025-06-22T12:38:33.218+0000] {dag.py:4180} INFO - Setting next_dagrun for example_branch_operator to 2025-06-22 00:00:00+00:00, run_after=2025-06-23 00:00:00+00:00
[2025-06-22T12:38:33.238+0000] {processor.py:208} INFO - Processing /home/airflow/.local/lib/python3.12/site-packages/airflow/example_dags/example_branch_operator.py took 0.124 seconds
