[2025-06-22T12:22:44.177+0000] {processor.py:186} INFO - Started process (PID=163) to work on /home/airflow/.local/lib/python3.12/site-packages/airflow/example_dags/example_task_group.py
[2025-06-22T12:22:44.182+0000] {processor.py:914} INFO - Processing file /home/airflow/.local/lib/python3.12/site-packages/airflow/example_dags/example_task_group.py for tasks to queue
[2025-06-22T12:22:44.188+0000] {logging_mixin.py:190} INFO - [2025-06-22T12:22:44.187+0000] {dagbag.py:588} INFO - Filling up the DagBag from /home/airflow/.local/lib/python3.12/site-packages/airflow/example_dags/example_task_group.py
[2025-06-22T12:22:44.205+0000] {processor.py:925} INFO - DAG(s) 'example_task_group' retrieved from /home/airflow/.local/lib/python3.12/site-packages/airflow/example_dags/example_task_group.py
[2025-06-22T12:22:44.477+0000] {logging_mixin.py:190} INFO - [2025-06-22T12:22:44.475+0000] {override.py:1912} INFO - Created Permission View: can read on DAG:example_task_group
[2025-06-22T12:22:44.515+0000] {logging_mixin.py:190} INFO - [2025-06-22T12:22:44.514+0000] {override.py:1912} INFO - Created Permission View: can edit on DAG:example_task_group
[2025-06-22T12:22:44.530+0000] {logging_mixin.py:190} INFO - [2025-06-22T12:22:44.529+0000] {override.py:1912} INFO - Created Permission View: can delete on DAG:example_task_group
[2025-06-22T12:22:44.568+0000] {logging_mixin.py:190} INFO - [2025-06-22T12:22:44.567+0000] {override.py:1912} INFO - Created Permission View: can read on DAG Run:example_task_group
[2025-06-22T12:22:44.582+0000] {logging_mixin.py:190} INFO - [2025-06-22T12:22:44.581+0000] {override.py:1912} INFO - Created Permission View: can create on DAG Run:example_task_group
[2025-06-22T12:22:44.599+0000] {logging_mixin.py:190} INFO - [2025-06-22T12:22:44.598+0000] {override.py:1912} INFO - Created Permission View: can delete on DAG Run:example_task_group
[2025-06-22T12:22:44.617+0000] {logging_mixin.py:190} INFO - [2025-06-22T12:22:44.616+0000] {override.py:1912} INFO - Created Permission View: menu access on DAG Run:example_task_group
[2025-06-22T12:22:44.621+0000] {logging_mixin.py:190} INFO - [2025-06-22T12:22:44.620+0000] {dag.py:3239} INFO - Sync 1 DAGs
[2025-06-22T12:22:44.650+0000] {logging_mixin.py:190} INFO - [2025-06-22T12:22:44.650+0000] {dag.py:3262} INFO - Creating ORM DAG for example_task_group
[2025-06-22T12:22:44.652+0000] {logging_mixin.py:190} INFO - [2025-06-22T12:22:44.651+0000] {dag.py:4180} INFO - Setting next_dagrun for example_task_group to None, run_after=None
[2025-06-22T12:22:44.689+0000] {processor.py:208} INFO - Processing /home/airflow/.local/lib/python3.12/site-packages/airflow/example_dags/example_task_group.py took 0.523 seconds
[2025-06-22T12:23:15.229+0000] {processor.py:186} INFO - Started process (PID=258) to work on /home/airflow/.local/lib/python3.12/site-packages/airflow/example_dags/example_task_group.py
[2025-06-22T12:23:15.230+0000] {processor.py:914} INFO - Processing file /home/airflow/.local/lib/python3.12/site-packages/airflow/example_dags/example_task_group.py for tasks to queue
[2025-06-22T12:23:15.234+0000] {logging_mixin.py:190} INFO - [2025-06-22T12:23:15.234+0000] {dagbag.py:588} INFO - Filling up the DagBag from /home/airflow/.local/lib/python3.12/site-packages/airflow/example_dags/example_task_group.py
[2025-06-22T12:23:15.243+0000] {processor.py:925} INFO - DAG(s) 'example_task_group' retrieved from /home/airflow/.local/lib/python3.12/site-packages/airflow/example_dags/example_task_group.py
[2025-06-22T12:23:15.267+0000] {logging_mixin.py:190} INFO - [2025-06-22T12:23:15.267+0000] {dag.py:3239} INFO - Sync 1 DAGs
[2025-06-22T12:23:15.283+0000] {logging_mixin.py:190} INFO - [2025-06-22T12:23:15.283+0000] {dag.py:4180} INFO - Setting next_dagrun for example_task_group to None, run_after=None
[2025-06-22T12:23:15.306+0000] {processor.py:208} INFO - Processing /home/airflow/.local/lib/python3.12/site-packages/airflow/example_dags/example_task_group.py took 0.083 seconds
[2025-06-22T12:27:22.182+0000] {processor.py:186} INFO - Started process (PID=128) to work on /home/airflow/.local/lib/python3.12/site-packages/airflow/example_dags/example_task_group.py
[2025-06-22T12:27:22.183+0000] {processor.py:914} INFO - Processing file /home/airflow/.local/lib/python3.12/site-packages/airflow/example_dags/example_task_group.py for tasks to queue
[2025-06-22T12:27:22.187+0000] {logging_mixin.py:190} INFO - [2025-06-22T12:27:22.186+0000] {dagbag.py:588} INFO - Filling up the DagBag from /home/airflow/.local/lib/python3.12/site-packages/airflow/example_dags/example_task_group.py
[2025-06-22T12:27:22.196+0000] {processor.py:925} INFO - DAG(s) 'example_task_group' retrieved from /home/airflow/.local/lib/python3.12/site-packages/airflow/example_dags/example_task_group.py
[2025-06-22T12:27:22.219+0000] {logging_mixin.py:190} INFO - [2025-06-22T12:27:22.218+0000] {dag.py:3239} INFO - Sync 1 DAGs
[2025-06-22T12:27:22.244+0000] {logging_mixin.py:190} INFO - [2025-06-22T12:27:22.243+0000] {dag.py:4180} INFO - Setting next_dagrun for example_task_group to None, run_after=None
[2025-06-22T12:27:22.274+0000] {processor.py:208} INFO - Processing /home/airflow/.local/lib/python3.12/site-packages/airflow/example_dags/example_task_group.py took 0.098 seconds
[2025-06-22T12:27:53.159+0000] {processor.py:186} INFO - Started process (PID=199) to work on /home/airflow/.local/lib/python3.12/site-packages/airflow/example_dags/example_task_group.py
[2025-06-22T12:27:53.160+0000] {processor.py:914} INFO - Processing file /home/airflow/.local/lib/python3.12/site-packages/airflow/example_dags/example_task_group.py for tasks to queue
[2025-06-22T12:27:53.162+0000] {logging_mixin.py:190} INFO - [2025-06-22T12:27:53.162+0000] {dagbag.py:588} INFO - Filling up the DagBag from /home/airflow/.local/lib/python3.12/site-packages/airflow/example_dags/example_task_group.py
[2025-06-22T12:27:53.170+0000] {processor.py:925} INFO - DAG(s) 'example_task_group' retrieved from /home/airflow/.local/lib/python3.12/site-packages/airflow/example_dags/example_task_group.py
[2025-06-22T12:27:53.191+0000] {logging_mixin.py:190} INFO - [2025-06-22T12:27:53.190+0000] {dag.py:3239} INFO - Sync 1 DAGs
[2025-06-22T12:27:53.203+0000] {logging_mixin.py:190} INFO - [2025-06-22T12:27:53.203+0000] {dag.py:4180} INFO - Setting next_dagrun for example_task_group to None, run_after=None
[2025-06-22T12:27:53.222+0000] {processor.py:208} INFO - Processing /home/airflow/.local/lib/python3.12/site-packages/airflow/example_dags/example_task_group.py took 0.068 seconds
[2025-06-22T12:28:23.949+0000] {processor.py:186} INFO - Started process (PID=269) to work on /home/airflow/.local/lib/python3.12/site-packages/airflow/example_dags/example_task_group.py
[2025-06-22T12:28:23.950+0000] {processor.py:914} INFO - Processing file /home/airflow/.local/lib/python3.12/site-packages/airflow/example_dags/example_task_group.py for tasks to queue
[2025-06-22T12:28:23.953+0000] {logging_mixin.py:190} INFO - [2025-06-22T12:28:23.952+0000] {dagbag.py:588} INFO - Filling up the DagBag from /home/airflow/.local/lib/python3.12/site-packages/airflow/example_dags/example_task_group.py
[2025-06-22T12:28:23.961+0000] {processor.py:925} INFO - DAG(s) 'example_task_group' retrieved from /home/airflow/.local/lib/python3.12/site-packages/airflow/example_dags/example_task_group.py
[2025-06-22T12:28:23.981+0000] {logging_mixin.py:190} INFO - [2025-06-22T12:28:23.981+0000] {dag.py:3239} INFO - Sync 1 DAGs
[2025-06-22T12:28:23.996+0000] {logging_mixin.py:190} INFO - [2025-06-22T12:28:23.996+0000] {dag.py:4180} INFO - Setting next_dagrun for example_task_group to None, run_after=None
[2025-06-22T12:28:24.015+0000] {processor.py:208} INFO - Processing /home/airflow/.local/lib/python3.12/site-packages/airflow/example_dags/example_task_group.py took 0.072 seconds
[2025-06-22T12:28:55.202+0000] {processor.py:186} INFO - Started process (PID=334) to work on /home/airflow/.local/lib/python3.12/site-packages/airflow/example_dags/example_task_group.py
[2025-06-22T12:28:55.203+0000] {processor.py:914} INFO - Processing file /home/airflow/.local/lib/python3.12/site-packages/airflow/example_dags/example_task_group.py for tasks to queue
[2025-06-22T12:28:55.205+0000] {logging_mixin.py:190} INFO - [2025-06-22T12:28:55.205+0000] {dagbag.py:588} INFO - Filling up the DagBag from /home/airflow/.local/lib/python3.12/site-packages/airflow/example_dags/example_task_group.py
[2025-06-22T12:28:55.214+0000] {processor.py:925} INFO - DAG(s) 'example_task_group' retrieved from /home/airflow/.local/lib/python3.12/site-packages/airflow/example_dags/example_task_group.py
[2025-06-22T12:28:55.235+0000] {logging_mixin.py:190} INFO - [2025-06-22T12:28:55.235+0000] {dag.py:3239} INFO - Sync 1 DAGs
[2025-06-22T12:28:55.250+0000] {logging_mixin.py:190} INFO - [2025-06-22T12:28:55.250+0000] {dag.py:4180} INFO - Setting next_dagrun for example_task_group to None, run_after=None
[2025-06-22T12:28:55.267+0000] {processor.py:208} INFO - Processing /home/airflow/.local/lib/python3.12/site-packages/airflow/example_dags/example_task_group.py took 0.071 seconds
[2025-06-22T12:29:25.825+0000] {processor.py:186} INFO - Started process (PID=403) to work on /home/airflow/.local/lib/python3.12/site-packages/airflow/example_dags/example_task_group.py
[2025-06-22T12:29:25.826+0000] {processor.py:914} INFO - Processing file /home/airflow/.local/lib/python3.12/site-packages/airflow/example_dags/example_task_group.py for tasks to queue
[2025-06-22T12:29:25.829+0000] {logging_mixin.py:190} INFO - [2025-06-22T12:29:25.828+0000] {dagbag.py:588} INFO - Filling up the DagBag from /home/airflow/.local/lib/python3.12/site-packages/airflow/example_dags/example_task_group.py
[2025-06-22T12:29:25.836+0000] {processor.py:925} INFO - DAG(s) 'example_task_group' retrieved from /home/airflow/.local/lib/python3.12/site-packages/airflow/example_dags/example_task_group.py
[2025-06-22T12:29:25.855+0000] {logging_mixin.py:190} INFO - [2025-06-22T12:29:25.854+0000] {dag.py:3239} INFO - Sync 1 DAGs
[2025-06-22T12:29:25.867+0000] {logging_mixin.py:190} INFO - [2025-06-22T12:29:25.867+0000] {dag.py:4180} INFO - Setting next_dagrun for example_task_group to None, run_after=None
[2025-06-22T12:29:25.883+0000] {processor.py:208} INFO - Processing /home/airflow/.local/lib/python3.12/site-packages/airflow/example_dags/example_task_group.py took 0.063 seconds
[2025-06-22T12:29:57.287+0000] {processor.py:186} INFO - Started process (PID=467) to work on /home/airflow/.local/lib/python3.12/site-packages/airflow/example_dags/example_task_group.py
[2025-06-22T12:29:57.288+0000] {processor.py:914} INFO - Processing file /home/airflow/.local/lib/python3.12/site-packages/airflow/example_dags/example_task_group.py for tasks to queue
[2025-06-22T12:29:57.290+0000] {logging_mixin.py:190} INFO - [2025-06-22T12:29:57.290+0000] {dagbag.py:588} INFO - Filling up the DagBag from /home/airflow/.local/lib/python3.12/site-packages/airflow/example_dags/example_task_group.py
[2025-06-22T12:29:57.298+0000] {processor.py:925} INFO - DAG(s) 'example_task_group' retrieved from /home/airflow/.local/lib/python3.12/site-packages/airflow/example_dags/example_task_group.py
[2025-06-22T12:29:57.316+0000] {logging_mixin.py:190} INFO - [2025-06-22T12:29:57.316+0000] {dag.py:3239} INFO - Sync 1 DAGs
[2025-06-22T12:29:57.328+0000] {logging_mixin.py:190} INFO - [2025-06-22T12:29:57.328+0000] {dag.py:4180} INFO - Setting next_dagrun for example_task_group to None, run_after=None
[2025-06-22T12:29:57.345+0000] {processor.py:208} INFO - Processing /home/airflow/.local/lib/python3.12/site-packages/airflow/example_dags/example_task_group.py took 0.063 seconds
[2025-06-22T12:30:28.399+0000] {processor.py:186} INFO - Started process (PID=537) to work on /home/airflow/.local/lib/python3.12/site-packages/airflow/example_dags/example_task_group.py
[2025-06-22T12:30:28.400+0000] {processor.py:914} INFO - Processing file /home/airflow/.local/lib/python3.12/site-packages/airflow/example_dags/example_task_group.py for tasks to queue
[2025-06-22T12:30:28.402+0000] {logging_mixin.py:190} INFO - [2025-06-22T12:30:28.402+0000] {dagbag.py:588} INFO - Filling up the DagBag from /home/airflow/.local/lib/python3.12/site-packages/airflow/example_dags/example_task_group.py
[2025-06-22T12:30:28.412+0000] {processor.py:925} INFO - DAG(s) 'example_task_group' retrieved from /home/airflow/.local/lib/python3.12/site-packages/airflow/example_dags/example_task_group.py
[2025-06-22T12:30:28.432+0000] {logging_mixin.py:190} INFO - [2025-06-22T12:30:28.431+0000] {dag.py:3239} INFO - Sync 1 DAGs
[2025-06-22T12:30:28.446+0000] {logging_mixin.py:190} INFO - [2025-06-22T12:30:28.446+0000] {dag.py:4180} INFO - Setting next_dagrun for example_task_group to None, run_after=None
[2025-06-22T12:30:28.463+0000] {processor.py:208} INFO - Processing /home/airflow/.local/lib/python3.12/site-packages/airflow/example_dags/example_task_group.py took 0.071 seconds
[2025-06-22T12:37:58.945+0000] {processor.py:186} INFO - Started process (PID=173) to work on /home/airflow/.local/lib/python3.12/site-packages/airflow/example_dags/example_task_group.py
[2025-06-22T12:37:58.946+0000] {processor.py:914} INFO - Processing file /home/airflow/.local/lib/python3.12/site-packages/airflow/example_dags/example_task_group.py for tasks to queue
[2025-06-22T12:37:58.956+0000] {logging_mixin.py:190} INFO - [2025-06-22T12:37:58.955+0000] {dagbag.py:588} INFO - Filling up the DagBag from /home/airflow/.local/lib/python3.12/site-packages/airflow/example_dags/example_task_group.py
[2025-06-22T12:37:58.983+0000] {processor.py:925} INFO - DAG(s) 'example_task_group' retrieved from /home/airflow/.local/lib/python3.12/site-packages/airflow/example_dags/example_task_group.py
[2025-06-22T12:37:59.278+0000] {logging_mixin.py:190} INFO - [2025-06-22T12:37:59.277+0000] {override.py:1912} INFO - Created Permission View: can delete on DAG:example_task_group
[2025-06-22T12:37:59.295+0000] {logging_mixin.py:190} INFO - [2025-06-22T12:37:59.295+0000] {override.py:1912} INFO - Created Permission View: can edit on DAG:example_task_group
[2025-06-22T12:37:59.308+0000] {logging_mixin.py:190} INFO - [2025-06-22T12:37:59.308+0000] {override.py:1912} INFO - Created Permission View: can read on DAG:example_task_group
[2025-06-22T12:37:59.328+0000] {logging_mixin.py:190} INFO - [2025-06-22T12:37:59.328+0000] {override.py:1912} INFO - Created Permission View: can delete on DAG Run:example_task_group
[2025-06-22T12:37:59.348+0000] {logging_mixin.py:190} INFO - [2025-06-22T12:37:59.347+0000] {override.py:1912} INFO - Created Permission View: can create on DAG Run:example_task_group
[2025-06-22T12:37:59.365+0000] {logging_mixin.py:190} INFO - [2025-06-22T12:37:59.365+0000] {override.py:1912} INFO - Created Permission View: menu access on DAG Run:example_task_group
[2025-06-22T12:37:59.381+0000] {logging_mixin.py:190} INFO - [2025-06-22T12:37:59.378+0000] {override.py:1912} INFO - Created Permission View: can read on DAG Run:example_task_group
[2025-06-22T12:37:59.384+0000] {logging_mixin.py:190} INFO - [2025-06-22T12:37:59.384+0000] {dag.py:3239} INFO - Sync 1 DAGs
[2025-06-22T12:37:59.420+0000] {logging_mixin.py:190} INFO - [2025-06-22T12:37:59.419+0000] {dag.py:3262} INFO - Creating ORM DAG for example_task_group
[2025-06-22T12:37:59.421+0000] {logging_mixin.py:190} INFO - [2025-06-22T12:37:59.421+0000] {dag.py:4180} INFO - Setting next_dagrun for example_task_group to None, run_after=None
[2025-06-22T12:37:59.452+0000] {processor.py:208} INFO - Processing /home/airflow/.local/lib/python3.12/site-packages/airflow/example_dags/example_task_group.py took 0.525 seconds
[2025-06-22T12:38:29.553+0000] {processor.py:186} INFO - Started process (PID=275) to work on /home/airflow/.local/lib/python3.12/site-packages/airflow/example_dags/example_task_group.py
[2025-06-22T12:38:29.555+0000] {processor.py:914} INFO - Processing file /home/airflow/.local/lib/python3.12/site-packages/airflow/example_dags/example_task_group.py for tasks to queue
[2025-06-22T12:38:29.559+0000] {logging_mixin.py:190} INFO - [2025-06-22T12:38:29.558+0000] {dagbag.py:588} INFO - Filling up the DagBag from /home/airflow/.local/lib/python3.12/site-packages/airflow/example_dags/example_task_group.py
[2025-06-22T12:38:29.569+0000] {processor.py:925} INFO - DAG(s) 'example_task_group' retrieved from /home/airflow/.local/lib/python3.12/site-packages/airflow/example_dags/example_task_group.py
[2025-06-22T12:38:29.593+0000] {logging_mixin.py:190} INFO - [2025-06-22T12:38:29.593+0000] {dag.py:3239} INFO - Sync 1 DAGs
[2025-06-22T12:38:29.613+0000] {logging_mixin.py:190} INFO - [2025-06-22T12:38:29.613+0000] {dag.py:4180} INFO - Setting next_dagrun for example_task_group to None, run_after=None
[2025-06-22T12:38:29.635+0000] {processor.py:208} INFO - Processing /home/airflow/.local/lib/python3.12/site-packages/airflow/example_dags/example_task_group.py took 0.090 seconds
