[2025-06-22T12:22:37.465+0000] {processor.py:186} INFO - Started process (PID=131) to work on /home/airflow/.local/lib/python3.12/site-packages/airflow/example_dags/tutorial_taskflow_api.py
[2025-06-22T12:22:37.467+0000] {processor.py:914} INFO - Processing file /home/airflow/.local/lib/python3.12/site-packages/airflow/example_dags/tutorial_taskflow_api.py for tasks to queue
[2025-06-22T12:22:37.471+0000] {logging_mixin.py:190} INFO - [2025-06-22T12:22:37.470+0000] {dagbag.py:588} INFO - Filling up the DagBag from /home/airflow/.local/lib/python3.12/site-packages/airflow/example_dags/tutorial_taskflow_api.py
[2025-06-22T12:22:37.483+0000] {processor.py:925} INFO - DAG(s) 'tutorial_taskflow_api' retrieved from /home/airflow/.local/lib/python3.12/site-packages/airflow/example_dags/tutorial_taskflow_api.py
[2025-06-22T12:22:37.650+0000] {logging_mixin.py:190} INFO - [2025-06-22T12:22:37.649+0000] {override.py:1912} INFO - Created Permission View: can read on DAG:tutorial_taskflow_api
[2025-06-22T12:22:37.669+0000] {logging_mixin.py:190} INFO - [2025-06-22T12:22:37.668+0000] {override.py:1912} INFO - Created Permission View: can edit on DAG:tutorial_taskflow_api
[2025-06-22T12:22:37.681+0000] {logging_mixin.py:190} INFO - [2025-06-22T12:22:37.681+0000] {override.py:1912} INFO - Created Permission View: can delete on DAG:tutorial_taskflow_api
[2025-06-22T12:22:37.697+0000] {logging_mixin.py:190} INFO - [2025-06-22T12:22:37.697+0000] {override.py:1912} INFO - Created Permission View: can read on DAG Run:tutorial_taskflow_api
[2025-06-22T12:22:37.713+0000] {logging_mixin.py:190} INFO - [2025-06-22T12:22:37.712+0000] {override.py:1912} INFO - Created Permission View: can create on DAG Run:tutorial_taskflow_api
[2025-06-22T12:22:37.727+0000] {logging_mixin.py:190} INFO - [2025-06-22T12:22:37.727+0000] {override.py:1912} INFO - Created Permission View: can delete on DAG Run:tutorial_taskflow_api
[2025-06-22T12:22:37.739+0000] {logging_mixin.py:190} INFO - [2025-06-22T12:22:37.739+0000] {override.py:1912} INFO - Created Permission View: menu access on DAG Run:tutorial_taskflow_api
[2025-06-22T12:22:37.740+0000] {logging_mixin.py:190} INFO - [2025-06-22T12:22:37.740+0000] {dag.py:3239} INFO - Sync 1 DAGs
[2025-06-22T12:22:37.760+0000] {logging_mixin.py:190} INFO - [2025-06-22T12:22:37.760+0000] {dag.py:3262} INFO - Creating ORM DAG for tutorial_taskflow_api
[2025-06-22T12:22:37.762+0000] {logging_mixin.py:190} INFO - [2025-06-22T12:22:37.761+0000] {dag.py:4180} INFO - Setting next_dagrun for tutorial_taskflow_api to None, run_after=None
[2025-06-22T12:22:37.795+0000] {processor.py:208} INFO - Processing /home/airflow/.local/lib/python3.12/site-packages/airflow/example_dags/tutorial_taskflow_api.py took 0.337 seconds
[2025-06-22T12:23:08.139+0000] {processor.py:186} INFO - Started process (PID=244) to work on /home/airflow/.local/lib/python3.12/site-packages/airflow/example_dags/tutorial_taskflow_api.py
[2025-06-22T12:23:08.141+0000] {processor.py:914} INFO - Processing file /home/airflow/.local/lib/python3.12/site-packages/airflow/example_dags/tutorial_taskflow_api.py for tasks to queue
[2025-06-22T12:23:08.143+0000] {logging_mixin.py:190} INFO - [2025-06-22T12:23:08.143+0000] {dagbag.py:588} INFO - Filling up the DagBag from /home/airflow/.local/lib/python3.12/site-packages/airflow/example_dags/tutorial_taskflow_api.py
[2025-06-22T12:23:08.154+0000] {processor.py:925} INFO - DAG(s) 'tutorial_taskflow_api' retrieved from /home/airflow/.local/lib/python3.12/site-packages/airflow/example_dags/tutorial_taskflow_api.py
[2025-06-22T12:23:08.172+0000] {logging_mixin.py:190} INFO - [2025-06-22T12:23:08.171+0000] {dag.py:3239} INFO - Sync 1 DAGs
[2025-06-22T12:23:08.186+0000] {logging_mixin.py:190} INFO - [2025-06-22T12:23:08.186+0000] {dag.py:4180} INFO - Setting next_dagrun for tutorial_taskflow_api to None, run_after=None
[2025-06-22T12:23:08.209+0000] {processor.py:208} INFO - Processing /home/airflow/.local/lib/python3.12/site-packages/airflow/example_dags/tutorial_taskflow_api.py took 0.075 seconds
[2025-06-22T12:27:20.506+0000] {processor.py:186} INFO - Started process (PID=114) to work on /home/airflow/.local/lib/python3.12/site-packages/airflow/example_dags/tutorial_taskflow_api.py
[2025-06-22T12:27:20.507+0000] {processor.py:914} INFO - Processing file /home/airflow/.local/lib/python3.12/site-packages/airflow/example_dags/tutorial_taskflow_api.py for tasks to queue
[2025-06-22T12:27:20.510+0000] {logging_mixin.py:190} INFO - [2025-06-22T12:27:20.510+0000] {dagbag.py:588} INFO - Filling up the DagBag from /home/airflow/.local/lib/python3.12/site-packages/airflow/example_dags/tutorial_taskflow_api.py
[2025-06-22T12:27:20.519+0000] {processor.py:925} INFO - DAG(s) 'tutorial_taskflow_api' retrieved from /home/airflow/.local/lib/python3.12/site-packages/airflow/example_dags/tutorial_taskflow_api.py
[2025-06-22T12:27:20.541+0000] {logging_mixin.py:190} INFO - [2025-06-22T12:27:20.541+0000] {dag.py:3239} INFO - Sync 1 DAGs
[2025-06-22T12:27:20.556+0000] {logging_mixin.py:190} INFO - [2025-06-22T12:27:20.556+0000] {dag.py:4180} INFO - Setting next_dagrun for tutorial_taskflow_api to None, run_after=None
[2025-06-22T12:27:20.576+0000] {processor.py:208} INFO - Processing /home/airflow/.local/lib/python3.12/site-packages/airflow/example_dags/tutorial_taskflow_api.py took 0.077 seconds
[2025-06-22T12:27:50.750+0000] {processor.py:186} INFO - Started process (PID=186) to work on /home/airflow/.local/lib/python3.12/site-packages/airflow/example_dags/tutorial_taskflow_api.py
[2025-06-22T12:27:50.752+0000] {processor.py:914} INFO - Processing file /home/airflow/.local/lib/python3.12/site-packages/airflow/example_dags/tutorial_taskflow_api.py for tasks to queue
[2025-06-22T12:27:50.757+0000] {logging_mixin.py:190} INFO - [2025-06-22T12:27:50.757+0000] {dagbag.py:588} INFO - Filling up the DagBag from /home/airflow/.local/lib/python3.12/site-packages/airflow/example_dags/tutorial_taskflow_api.py
[2025-06-22T12:27:50.765+0000] {processor.py:925} INFO - DAG(s) 'tutorial_taskflow_api' retrieved from /home/airflow/.local/lib/python3.12/site-packages/airflow/example_dags/tutorial_taskflow_api.py
[2025-06-22T12:27:50.784+0000] {logging_mixin.py:190} INFO - [2025-06-22T12:27:50.783+0000] {dag.py:3239} INFO - Sync 1 DAGs
[2025-06-22T12:27:50.797+0000] {logging_mixin.py:190} INFO - [2025-06-22T12:27:50.797+0000] {dag.py:4180} INFO - Setting next_dagrun for tutorial_taskflow_api to None, run_after=None
[2025-06-22T12:27:50.815+0000] {processor.py:208} INFO - Processing /home/airflow/.local/lib/python3.12/site-packages/airflow/example_dags/tutorial_taskflow_api.py took 0.075 seconds
[2025-06-22T12:28:21.197+0000] {processor.py:186} INFO - Started process (PID=256) to work on /home/airflow/.local/lib/python3.12/site-packages/airflow/example_dags/tutorial_taskflow_api.py
[2025-06-22T12:28:21.198+0000] {processor.py:914} INFO - Processing file /home/airflow/.local/lib/python3.12/site-packages/airflow/example_dags/tutorial_taskflow_api.py for tasks to queue
[2025-06-22T12:28:21.200+0000] {logging_mixin.py:190} INFO - [2025-06-22T12:28:21.200+0000] {dagbag.py:588} INFO - Filling up the DagBag from /home/airflow/.local/lib/python3.12/site-packages/airflow/example_dags/tutorial_taskflow_api.py
[2025-06-22T12:28:21.208+0000] {processor.py:925} INFO - DAG(s) 'tutorial_taskflow_api' retrieved from /home/airflow/.local/lib/python3.12/site-packages/airflow/example_dags/tutorial_taskflow_api.py
[2025-06-22T12:28:21.225+0000] {logging_mixin.py:190} INFO - [2025-06-22T12:28:21.224+0000] {dag.py:3239} INFO - Sync 1 DAGs
[2025-06-22T12:28:21.238+0000] {logging_mixin.py:190} INFO - [2025-06-22T12:28:21.238+0000] {dag.py:4180} INFO - Setting next_dagrun for tutorial_taskflow_api to None, run_after=None
[2025-06-22T12:28:21.255+0000] {processor.py:208} INFO - Processing /home/airflow/.local/lib/python3.12/site-packages/airflow/example_dags/tutorial_taskflow_api.py took 0.064 seconds
[2025-06-22T12:28:51.786+0000] {processor.py:186} INFO - Started process (PID=321) to work on /home/airflow/.local/lib/python3.12/site-packages/airflow/example_dags/tutorial_taskflow_api.py
[2025-06-22T12:28:51.786+0000] {processor.py:914} INFO - Processing file /home/airflow/.local/lib/python3.12/site-packages/airflow/example_dags/tutorial_taskflow_api.py for tasks to queue
[2025-06-22T12:28:51.789+0000] {logging_mixin.py:190} INFO - [2025-06-22T12:28:51.788+0000] {dagbag.py:588} INFO - Filling up the DagBag from /home/airflow/.local/lib/python3.12/site-packages/airflow/example_dags/tutorial_taskflow_api.py
[2025-06-22T12:28:51.796+0000] {processor.py:925} INFO - DAG(s) 'tutorial_taskflow_api' retrieved from /home/airflow/.local/lib/python3.12/site-packages/airflow/example_dags/tutorial_taskflow_api.py
[2025-06-22T12:28:51.813+0000] {logging_mixin.py:190} INFO - [2025-06-22T12:28:51.813+0000] {dag.py:3239} INFO - Sync 1 DAGs
[2025-06-22T12:28:51.826+0000] {logging_mixin.py:190} INFO - [2025-06-22T12:28:51.826+0000] {dag.py:4180} INFO - Setting next_dagrun for tutorial_taskflow_api to None, run_after=None
[2025-06-22T12:28:51.843+0000] {processor.py:208} INFO - Processing /home/airflow/.local/lib/python3.12/site-packages/airflow/example_dags/tutorial_taskflow_api.py took 0.062 seconds
[2025-06-22T12:29:22.387+0000] {processor.py:186} INFO - Started process (PID=390) to work on /home/airflow/.local/lib/python3.12/site-packages/airflow/example_dags/tutorial_taskflow_api.py
[2025-06-22T12:29:22.388+0000] {processor.py:914} INFO - Processing file /home/airflow/.local/lib/python3.12/site-packages/airflow/example_dags/tutorial_taskflow_api.py for tasks to queue
[2025-06-22T12:29:22.390+0000] {logging_mixin.py:190} INFO - [2025-06-22T12:29:22.389+0000] {dagbag.py:588} INFO - Filling up the DagBag from /home/airflow/.local/lib/python3.12/site-packages/airflow/example_dags/tutorial_taskflow_api.py
[2025-06-22T12:29:22.397+0000] {processor.py:925} INFO - DAG(s) 'tutorial_taskflow_api' retrieved from /home/airflow/.local/lib/python3.12/site-packages/airflow/example_dags/tutorial_taskflow_api.py
[2025-06-22T12:29:22.414+0000] {logging_mixin.py:190} INFO - [2025-06-22T12:29:22.414+0000] {dag.py:3239} INFO - Sync 1 DAGs
[2025-06-22T12:29:22.427+0000] {logging_mixin.py:190} INFO - [2025-06-22T12:29:22.426+0000] {dag.py:4180} INFO - Setting next_dagrun for tutorial_taskflow_api to None, run_after=None
[2025-06-22T12:29:22.443+0000] {processor.py:208} INFO - Processing /home/airflow/.local/lib/python3.12/site-packages/airflow/example_dags/tutorial_taskflow_api.py took 0.062 seconds
[2025-06-22T12:29:52.749+0000] {processor.py:186} INFO - Started process (PID=453) to work on /home/airflow/.local/lib/python3.12/site-packages/airflow/example_dags/tutorial_taskflow_api.py
[2025-06-22T12:29:52.750+0000] {processor.py:914} INFO - Processing file /home/airflow/.local/lib/python3.12/site-packages/airflow/example_dags/tutorial_taskflow_api.py for tasks to queue
[2025-06-22T12:29:52.753+0000] {logging_mixin.py:190} INFO - [2025-06-22T12:29:52.752+0000] {dagbag.py:588} INFO - Filling up the DagBag from /home/airflow/.local/lib/python3.12/site-packages/airflow/example_dags/tutorial_taskflow_api.py
[2025-06-22T12:29:52.760+0000] {processor.py:925} INFO - DAG(s) 'tutorial_taskflow_api' retrieved from /home/airflow/.local/lib/python3.12/site-packages/airflow/example_dags/tutorial_taskflow_api.py
[2025-06-22T12:29:52.777+0000] {logging_mixin.py:190} INFO - [2025-06-22T12:29:52.777+0000] {dag.py:3239} INFO - Sync 1 DAGs
[2025-06-22T12:29:52.790+0000] {logging_mixin.py:190} INFO - [2025-06-22T12:29:52.790+0000] {dag.py:4180} INFO - Setting next_dagrun for tutorial_taskflow_api to None, run_after=None
[2025-06-22T12:29:52.808+0000] {processor.py:208} INFO - Processing /home/airflow/.local/lib/python3.12/site-packages/airflow/example_dags/tutorial_taskflow_api.py took 0.064 seconds
[2025-06-22T12:30:23.290+0000] {processor.py:186} INFO - Started process (PID=523) to work on /home/airflow/.local/lib/python3.12/site-packages/airflow/example_dags/tutorial_taskflow_api.py
[2025-06-22T12:30:23.291+0000] {processor.py:914} INFO - Processing file /home/airflow/.local/lib/python3.12/site-packages/airflow/example_dags/tutorial_taskflow_api.py for tasks to queue
[2025-06-22T12:30:23.293+0000] {logging_mixin.py:190} INFO - [2025-06-22T12:30:23.293+0000] {dagbag.py:588} INFO - Filling up the DagBag from /home/airflow/.local/lib/python3.12/site-packages/airflow/example_dags/tutorial_taskflow_api.py
[2025-06-22T12:30:23.303+0000] {processor.py:925} INFO - DAG(s) 'tutorial_taskflow_api' retrieved from /home/airflow/.local/lib/python3.12/site-packages/airflow/example_dags/tutorial_taskflow_api.py
[2025-06-22T12:30:23.323+0000] {logging_mixin.py:190} INFO - [2025-06-22T12:30:23.323+0000] {dag.py:3239} INFO - Sync 1 DAGs
[2025-06-22T12:30:23.339+0000] {logging_mixin.py:190} INFO - [2025-06-22T12:30:23.339+0000] {dag.py:4180} INFO - Setting next_dagrun for tutorial_taskflow_api to None, run_after=None
[2025-06-22T12:30:23.361+0000] {processor.py:208} INFO - Processing /home/airflow/.local/lib/python3.12/site-packages/airflow/example_dags/tutorial_taskflow_api.py took 0.077 seconds
[2025-06-22T12:37:52.447+0000] {processor.py:186} INFO - Started process (PID=133) to work on /home/airflow/.local/lib/python3.12/site-packages/airflow/example_dags/tutorial_taskflow_api.py
[2025-06-22T12:37:52.448+0000] {processor.py:914} INFO - Processing file /home/airflow/.local/lib/python3.12/site-packages/airflow/example_dags/tutorial_taskflow_api.py for tasks to queue
[2025-06-22T12:37:52.453+0000] {logging_mixin.py:190} INFO - [2025-06-22T12:37:52.452+0000] {dagbag.py:588} INFO - Filling up the DagBag from /home/airflow/.local/lib/python3.12/site-packages/airflow/example_dags/tutorial_taskflow_api.py
[2025-06-22T12:37:52.467+0000] {processor.py:925} INFO - DAG(s) 'tutorial_taskflow_api' retrieved from /home/airflow/.local/lib/python3.12/site-packages/airflow/example_dags/tutorial_taskflow_api.py
[2025-06-22T12:37:52.659+0000] {logging_mixin.py:190} INFO - [2025-06-22T12:37:52.658+0000] {override.py:1912} INFO - Created Permission View: can delete on DAG:tutorial_taskflow_api
[2025-06-22T12:37:52.676+0000] {logging_mixin.py:190} INFO - [2025-06-22T12:37:52.676+0000] {override.py:1912} INFO - Created Permission View: can edit on DAG:tutorial_taskflow_api
[2025-06-22T12:37:52.687+0000] {logging_mixin.py:190} INFO - [2025-06-22T12:37:52.687+0000] {override.py:1912} INFO - Created Permission View: can read on DAG:tutorial_taskflow_api
[2025-06-22T12:37:52.702+0000] {logging_mixin.py:190} INFO - [2025-06-22T12:37:52.701+0000] {override.py:1912} INFO - Created Permission View: can delete on DAG Run:tutorial_taskflow_api
[2025-06-22T12:37:52.720+0000] {logging_mixin.py:190} INFO - [2025-06-22T12:37:52.719+0000] {override.py:1912} INFO - Created Permission View: can create on DAG Run:tutorial_taskflow_api
[2025-06-22T12:37:52.733+0000] {logging_mixin.py:190} INFO - [2025-06-22T12:37:52.733+0000] {override.py:1912} INFO - Created Permission View: menu access on DAG Run:tutorial_taskflow_api
[2025-06-22T12:37:52.750+0000] {logging_mixin.py:190} INFO - [2025-06-22T12:37:52.750+0000] {override.py:1912} INFO - Created Permission View: can read on DAG Run:tutorial_taskflow_api
[2025-06-22T12:37:52.753+0000] {logging_mixin.py:190} INFO - [2025-06-22T12:37:52.753+0000] {dag.py:3239} INFO - Sync 1 DAGs
[2025-06-22T12:37:52.774+0000] {logging_mixin.py:190} INFO - [2025-06-22T12:37:52.774+0000] {dag.py:3262} INFO - Creating ORM DAG for tutorial_taskflow_api
[2025-06-22T12:37:52.776+0000] {logging_mixin.py:190} INFO - [2025-06-22T12:37:52.775+0000] {dag.py:4180} INFO - Setting next_dagrun for tutorial_taskflow_api to None, run_after=None
[2025-06-22T12:37:52.801+0000] {processor.py:208} INFO - Processing /home/airflow/.local/lib/python3.12/site-packages/airflow/example_dags/tutorial_taskflow_api.py took 0.363 seconds
[2025-06-22T12:38:23.322+0000] {processor.py:186} INFO - Started process (PID=262) to work on /home/airflow/.local/lib/python3.12/site-packages/airflow/example_dags/tutorial_taskflow_api.py
[2025-06-22T12:38:23.323+0000] {processor.py:914} INFO - Processing file /home/airflow/.local/lib/python3.12/site-packages/airflow/example_dags/tutorial_taskflow_api.py for tasks to queue
[2025-06-22T12:38:23.325+0000] {logging_mixin.py:190} INFO - [2025-06-22T12:38:23.325+0000] {dagbag.py:588} INFO - Filling up the DagBag from /home/airflow/.local/lib/python3.12/site-packages/airflow/example_dags/tutorial_taskflow_api.py
[2025-06-22T12:38:23.334+0000] {processor.py:925} INFO - DAG(s) 'tutorial_taskflow_api' retrieved from /home/airflow/.local/lib/python3.12/site-packages/airflow/example_dags/tutorial_taskflow_api.py
[2025-06-22T12:38:23.354+0000] {logging_mixin.py:190} INFO - [2025-06-22T12:38:23.353+0000] {dag.py:3239} INFO - Sync 1 DAGs
[2025-06-22T12:38:23.380+0000] {logging_mixin.py:190} INFO - [2025-06-22T12:38:23.380+0000] {dag.py:4180} INFO - Setting next_dagrun for tutorial_taskflow_api to None, run_after=None
[2025-06-22T12:38:23.410+0000] {processor.py:208} INFO - Processing /home/airflow/.local/lib/python3.12/site-packages/airflow/example_dags/tutorial_taskflow_api.py took 0.094 seconds
