[2025-06-22T12:22:48.748+0000] {processor.py:186} INFO - Started process (PID=188) to work on /home/airflow/.local/lib/python3.12/site-packages/airflow/example_dags/tutorial_dag.py
[2025-06-22T12:22:48.750+0000] {processor.py:914} INFO - Processing file /home/airflow/.local/lib/python3.12/site-packages/airflow/example_dags/tutorial_dag.py for tasks to queue
[2025-06-22T12:22:48.753+0000] {logging_mixin.py:190} INFO - [2025-06-22T12:22:48.753+0000] {dagbag.py:588} INFO - Filling up the DagBag from /home/airflow/.local/lib/python3.12/site-packages/airflow/example_dags/tutorial_dag.py
[2025-06-22T12:22:48.771+0000] {processor.py:925} INFO - DAG(s) 'tutorial_dag' retrieved from /home/airflow/.local/lib/python3.12/site-packages/airflow/example_dags/tutorial_dag.py
[2025-06-22T12:22:48.977+0000] {logging_mixin.py:190} INFO - [2025-06-22T12:22:48.976+0000] {override.py:1912} INFO - Created Permission View: can read on DAG:tutorial_dag
[2025-06-22T12:22:49.001+0000] {logging_mixin.py:190} INFO - [2025-06-22T12:22:49.001+0000] {override.py:1912} INFO - Created Permission View: can edit on DAG:tutorial_dag
[2025-06-22T12:22:49.019+0000] {logging_mixin.py:190} INFO - [2025-06-22T12:22:49.019+0000] {override.py:1912} INFO - Created Permission View: can delete on DAG:tutorial_dag
[2025-06-22T12:22:49.034+0000] {logging_mixin.py:190} INFO - [2025-06-22T12:22:49.033+0000] {override.py:1912} INFO - Created Permission View: can read on DAG Run:tutorial_dag
[2025-06-22T12:22:49.050+0000] {logging_mixin.py:190} INFO - [2025-06-22T12:22:49.049+0000] {override.py:1912} INFO - Created Permission View: can create on DAG Run:tutorial_dag
[2025-06-22T12:22:49.072+0000] {logging_mixin.py:190} INFO - [2025-06-22T12:22:49.071+0000] {override.py:1912} INFO - Created Permission View: can delete on DAG Run:tutorial_dag
[2025-06-22T12:22:49.102+0000] {logging_mixin.py:190} INFO - [2025-06-22T12:22:49.098+0000] {override.py:1912} INFO - Created Permission View: menu access on DAG Run:tutorial_dag
[2025-06-22T12:22:49.107+0000] {logging_mixin.py:190} INFO - [2025-06-22T12:22:49.106+0000] {dag.py:3239} INFO - Sync 1 DAGs
[2025-06-22T12:22:49.141+0000] {logging_mixin.py:190} INFO - [2025-06-22T12:22:49.141+0000] {dag.py:3262} INFO - Creating ORM DAG for tutorial_dag
[2025-06-22T12:22:49.144+0000] {logging_mixin.py:190} INFO - [2025-06-22T12:22:49.143+0000] {dag.py:4180} INFO - Setting next_dagrun for tutorial_dag to None, run_after=None
[2025-06-22T12:22:49.178+0000] {processor.py:208} INFO - Processing /home/airflow/.local/lib/python3.12/site-packages/airflow/example_dags/tutorial_dag.py took 0.439 seconds
[2025-06-22T12:23:19.244+0000] {processor.py:186} INFO - Started process (PID=277) to work on /home/airflow/.local/lib/python3.12/site-packages/airflow/example_dags/tutorial_dag.py
[2025-06-22T12:23:19.245+0000] {processor.py:914} INFO - Processing file /home/airflow/.local/lib/python3.12/site-packages/airflow/example_dags/tutorial_dag.py for tasks to queue
[2025-06-22T12:23:19.247+0000] {logging_mixin.py:190} INFO - [2025-06-22T12:23:19.247+0000] {dagbag.py:588} INFO - Filling up the DagBag from /home/airflow/.local/lib/python3.12/site-packages/airflow/example_dags/tutorial_dag.py
[2025-06-22T12:23:19.255+0000] {processor.py:925} INFO - DAG(s) 'tutorial_dag' retrieved from /home/airflow/.local/lib/python3.12/site-packages/airflow/example_dags/tutorial_dag.py
[2025-06-22T12:23:19.272+0000] {logging_mixin.py:190} INFO - [2025-06-22T12:23:19.272+0000] {dag.py:3239} INFO - Sync 1 DAGs
[2025-06-22T12:23:19.286+0000] {logging_mixin.py:190} INFO - [2025-06-22T12:23:19.285+0000] {dag.py:4180} INFO - Setting next_dagrun for tutorial_dag to None, run_after=None
[2025-06-22T12:23:19.306+0000] {processor.py:208} INFO - Processing /home/airflow/.local/lib/python3.12/site-packages/airflow/example_dags/tutorial_dag.py took 0.068 seconds
[2025-06-22T12:27:23.939+0000] {processor.py:186} INFO - Started process (PID=140) to work on /home/airflow/.local/lib/python3.12/site-packages/airflow/example_dags/tutorial_dag.py
[2025-06-22T12:27:23.941+0000] {processor.py:914} INFO - Processing file /home/airflow/.local/lib/python3.12/site-packages/airflow/example_dags/tutorial_dag.py for tasks to queue
[2025-06-22T12:27:23.943+0000] {logging_mixin.py:190} INFO - [2025-06-22T12:27:23.943+0000] {dagbag.py:588} INFO - Filling up the DagBag from /home/airflow/.local/lib/python3.12/site-packages/airflow/example_dags/tutorial_dag.py
[2025-06-22T12:27:23.950+0000] {processor.py:925} INFO - DAG(s) 'tutorial_dag' retrieved from /home/airflow/.local/lib/python3.12/site-packages/airflow/example_dags/tutorial_dag.py
[2025-06-22T12:27:23.971+0000] {logging_mixin.py:190} INFO - [2025-06-22T12:27:23.971+0000] {dag.py:3239} INFO - Sync 1 DAGs
[2025-06-22T12:27:23.988+0000] {logging_mixin.py:190} INFO - [2025-06-22T12:27:23.988+0000] {dag.py:4180} INFO - Setting next_dagrun for tutorial_dag to None, run_after=None
[2025-06-22T12:27:24.013+0000] {processor.py:208} INFO - Processing /home/airflow/.local/lib/python3.12/site-packages/airflow/example_dags/tutorial_dag.py took 0.081 seconds
[2025-06-22T12:27:54.473+0000] {processor.py:186} INFO - Started process (PID=212) to work on /home/airflow/.local/lib/python3.12/site-packages/airflow/example_dags/tutorial_dag.py
[2025-06-22T12:27:54.474+0000] {processor.py:914} INFO - Processing file /home/airflow/.local/lib/python3.12/site-packages/airflow/example_dags/tutorial_dag.py for tasks to queue
[2025-06-22T12:27:54.476+0000] {logging_mixin.py:190} INFO - [2025-06-22T12:27:54.476+0000] {dagbag.py:588} INFO - Filling up the DagBag from /home/airflow/.local/lib/python3.12/site-packages/airflow/example_dags/tutorial_dag.py
[2025-06-22T12:27:54.484+0000] {processor.py:925} INFO - DAG(s) 'tutorial_dag' retrieved from /home/airflow/.local/lib/python3.12/site-packages/airflow/example_dags/tutorial_dag.py
[2025-06-22T12:27:54.502+0000] {logging_mixin.py:190} INFO - [2025-06-22T12:27:54.501+0000] {dag.py:3239} INFO - Sync 1 DAGs
[2025-06-22T12:27:54.514+0000] {logging_mixin.py:190} INFO - [2025-06-22T12:27:54.514+0000] {dag.py:4180} INFO - Setting next_dagrun for tutorial_dag to None, run_after=None
[2025-06-22T12:27:54.535+0000] {processor.py:208} INFO - Processing /home/airflow/.local/lib/python3.12/site-packages/airflow/example_dags/tutorial_dag.py took 0.067 seconds
[2025-06-22T12:28:25.481+0000] {processor.py:186} INFO - Started process (PID=283) to work on /home/airflow/.local/lib/python3.12/site-packages/airflow/example_dags/tutorial_dag.py
[2025-06-22T12:28:25.481+0000] {processor.py:914} INFO - Processing file /home/airflow/.local/lib/python3.12/site-packages/airflow/example_dags/tutorial_dag.py for tasks to queue
[2025-06-22T12:28:25.484+0000] {logging_mixin.py:190} INFO - [2025-06-22T12:28:25.483+0000] {dagbag.py:588} INFO - Filling up the DagBag from /home/airflow/.local/lib/python3.12/site-packages/airflow/example_dags/tutorial_dag.py
[2025-06-22T12:28:25.491+0000] {processor.py:925} INFO - DAG(s) 'tutorial_dag' retrieved from /home/airflow/.local/lib/python3.12/site-packages/airflow/example_dags/tutorial_dag.py
[2025-06-22T12:28:25.509+0000] {logging_mixin.py:190} INFO - [2025-06-22T12:28:25.509+0000] {dag.py:3239} INFO - Sync 1 DAGs
[2025-06-22T12:28:25.525+0000] {logging_mixin.py:190} INFO - [2025-06-22T12:28:25.525+0000] {dag.py:4180} INFO - Setting next_dagrun for tutorial_dag to None, run_after=None
[2025-06-22T12:28:25.545+0000] {processor.py:208} INFO - Processing /home/airflow/.local/lib/python3.12/site-packages/airflow/example_dags/tutorial_dag.py took 0.070 seconds
[2025-06-22T12:28:56.393+0000] {processor.py:186} INFO - Started process (PID=346) to work on /home/airflow/.local/lib/python3.12/site-packages/airflow/example_dags/tutorial_dag.py
[2025-06-22T12:28:56.394+0000] {processor.py:914} INFO - Processing file /home/airflow/.local/lib/python3.12/site-packages/airflow/example_dags/tutorial_dag.py for tasks to queue
[2025-06-22T12:28:56.397+0000] {logging_mixin.py:190} INFO - [2025-06-22T12:28:56.396+0000] {dagbag.py:588} INFO - Filling up the DagBag from /home/airflow/.local/lib/python3.12/site-packages/airflow/example_dags/tutorial_dag.py
[2025-06-22T12:28:56.404+0000] {processor.py:925} INFO - DAG(s) 'tutorial_dag' retrieved from /home/airflow/.local/lib/python3.12/site-packages/airflow/example_dags/tutorial_dag.py
[2025-06-22T12:28:56.421+0000] {logging_mixin.py:190} INFO - [2025-06-22T12:28:56.421+0000] {dag.py:3239} INFO - Sync 1 DAGs
[2025-06-22T12:28:56.434+0000] {logging_mixin.py:190} INFO - [2025-06-22T12:28:56.434+0000] {dag.py:4180} INFO - Setting next_dagrun for tutorial_dag to None, run_after=None
[2025-06-22T12:28:56.452+0000] {processor.py:208} INFO - Processing /home/airflow/.local/lib/python3.12/site-packages/airflow/example_dags/tutorial_dag.py took 0.064 seconds
[2025-06-22T12:29:27.058+0000] {processor.py:186} INFO - Started process (PID=415) to work on /home/airflow/.local/lib/python3.12/site-packages/airflow/example_dags/tutorial_dag.py
[2025-06-22T12:29:27.059+0000] {processor.py:914} INFO - Processing file /home/airflow/.local/lib/python3.12/site-packages/airflow/example_dags/tutorial_dag.py for tasks to queue
[2025-06-22T12:29:27.061+0000] {logging_mixin.py:190} INFO - [2025-06-22T12:29:27.061+0000] {dagbag.py:588} INFO - Filling up the DagBag from /home/airflow/.local/lib/python3.12/site-packages/airflow/example_dags/tutorial_dag.py
[2025-06-22T12:29:27.068+0000] {processor.py:925} INFO - DAG(s) 'tutorial_dag' retrieved from /home/airflow/.local/lib/python3.12/site-packages/airflow/example_dags/tutorial_dag.py
[2025-06-22T12:29:27.085+0000] {logging_mixin.py:190} INFO - [2025-06-22T12:29:27.085+0000] {dag.py:3239} INFO - Sync 1 DAGs
[2025-06-22T12:29:27.098+0000] {logging_mixin.py:190} INFO - [2025-06-22T12:29:27.098+0000] {dag.py:4180} INFO - Setting next_dagrun for tutorial_dag to None, run_after=None
[2025-06-22T12:29:27.115+0000] {processor.py:208} INFO - Processing /home/airflow/.local/lib/python3.12/site-packages/airflow/example_dags/tutorial_dag.py took 0.062 seconds
[2025-06-22T12:29:58.599+0000] {processor.py:186} INFO - Started process (PID=479) to work on /home/airflow/.local/lib/python3.12/site-packages/airflow/example_dags/tutorial_dag.py
[2025-06-22T12:29:58.599+0000] {processor.py:914} INFO - Processing file /home/airflow/.local/lib/python3.12/site-packages/airflow/example_dags/tutorial_dag.py for tasks to queue
[2025-06-22T12:29:58.601+0000] {logging_mixin.py:190} INFO - [2025-06-22T12:29:58.601+0000] {dagbag.py:588} INFO - Filling up the DagBag from /home/airflow/.local/lib/python3.12/site-packages/airflow/example_dags/tutorial_dag.py
[2025-06-22T12:29:58.608+0000] {processor.py:925} INFO - DAG(s) 'tutorial_dag' retrieved from /home/airflow/.local/lib/python3.12/site-packages/airflow/example_dags/tutorial_dag.py
[2025-06-22T12:29:58.625+0000] {logging_mixin.py:190} INFO - [2025-06-22T12:29:58.625+0000] {dag.py:3239} INFO - Sync 1 DAGs
[2025-06-22T12:29:58.637+0000] {logging_mixin.py:190} INFO - [2025-06-22T12:29:58.637+0000] {dag.py:4180} INFO - Setting next_dagrun for tutorial_dag to None, run_after=None
[2025-06-22T12:29:58.654+0000] {processor.py:208} INFO - Processing /home/airflow/.local/lib/python3.12/site-packages/airflow/example_dags/tutorial_dag.py took 0.061 seconds
[2025-06-22T12:30:29.545+0000] {processor.py:186} INFO - Started process (PID=549) to work on /home/airflow/.local/lib/python3.12/site-packages/airflow/example_dags/tutorial_dag.py
[2025-06-22T12:30:29.546+0000] {processor.py:914} INFO - Processing file /home/airflow/.local/lib/python3.12/site-packages/airflow/example_dags/tutorial_dag.py for tasks to queue
[2025-06-22T12:30:29.548+0000] {logging_mixin.py:190} INFO - [2025-06-22T12:30:29.548+0000] {dagbag.py:588} INFO - Filling up the DagBag from /home/airflow/.local/lib/python3.12/site-packages/airflow/example_dags/tutorial_dag.py
[2025-06-22T12:30:29.556+0000] {processor.py:925} INFO - DAG(s) 'tutorial_dag' retrieved from /home/airflow/.local/lib/python3.12/site-packages/airflow/example_dags/tutorial_dag.py
[2025-06-22T12:30:29.575+0000] {logging_mixin.py:190} INFO - [2025-06-22T12:30:29.575+0000] {dag.py:3239} INFO - Sync 1 DAGs
[2025-06-22T12:30:29.591+0000] {logging_mixin.py:190} INFO - [2025-06-22T12:30:29.590+0000] {dag.py:4180} INFO - Setting next_dagrun for tutorial_dag to None, run_after=None
[2025-06-22T12:30:29.609+0000] {processor.py:208} INFO - Processing /home/airflow/.local/lib/python3.12/site-packages/airflow/example_dags/tutorial_dag.py took 0.069 seconds
[2025-06-22T12:38:03.818+0000] {processor.py:186} INFO - Started process (PID=207) to work on /home/airflow/.local/lib/python3.12/site-packages/airflow/example_dags/tutorial_dag.py
[2025-06-22T12:38:03.825+0000] {processor.py:914} INFO - Processing file /home/airflow/.local/lib/python3.12/site-packages/airflow/example_dags/tutorial_dag.py for tasks to queue
[2025-06-22T12:38:03.835+0000] {logging_mixin.py:190} INFO - [2025-06-22T12:38:03.834+0000] {dagbag.py:588} INFO - Filling up the DagBag from /home/airflow/.local/lib/python3.12/site-packages/airflow/example_dags/tutorial_dag.py
[2025-06-22T12:38:03.870+0000] {processor.py:925} INFO - DAG(s) 'tutorial_dag' retrieved from /home/airflow/.local/lib/python3.12/site-packages/airflow/example_dags/tutorial_dag.py
[2025-06-22T12:38:04.132+0000] {logging_mixin.py:190} INFO - [2025-06-22T12:38:04.131+0000] {override.py:1912} INFO - Created Permission View: can delete on DAG:tutorial_dag
[2025-06-22T12:38:04.154+0000] {logging_mixin.py:190} INFO - [2025-06-22T12:38:04.153+0000] {override.py:1912} INFO - Created Permission View: can edit on DAG:tutorial_dag
[2025-06-22T12:38:04.173+0000] {logging_mixin.py:190} INFO - [2025-06-22T12:38:04.173+0000] {override.py:1912} INFO - Created Permission View: can read on DAG:tutorial_dag
[2025-06-22T12:38:04.186+0000] {logging_mixin.py:190} INFO - [2025-06-22T12:38:04.186+0000] {override.py:1912} INFO - Created Permission View: can delete on DAG Run:tutorial_dag
[2025-06-22T12:38:04.204+0000] {logging_mixin.py:190} INFO - [2025-06-22T12:38:04.203+0000] {override.py:1912} INFO - Created Permission View: can create on DAG Run:tutorial_dag
[2025-06-22T12:38:04.227+0000] {logging_mixin.py:190} INFO - [2025-06-22T12:38:04.224+0000] {override.py:1912} INFO - Created Permission View: menu access on DAG Run:tutorial_dag
[2025-06-22T12:38:04.245+0000] {logging_mixin.py:190} INFO - [2025-06-22T12:38:04.245+0000] {override.py:1912} INFO - Created Permission View: can read on DAG Run:tutorial_dag
[2025-06-22T12:38:04.247+0000] {logging_mixin.py:190} INFO - [2025-06-22T12:38:04.246+0000] {dag.py:3239} INFO - Sync 1 DAGs
[2025-06-22T12:38:04.278+0000] {logging_mixin.py:190} INFO - [2025-06-22T12:38:04.278+0000] {dag.py:3262} INFO - Creating ORM DAG for tutorial_dag
[2025-06-22T12:38:04.281+0000] {logging_mixin.py:190} INFO - [2025-06-22T12:38:04.280+0000] {dag.py:4180} INFO - Setting next_dagrun for tutorial_dag to None, run_after=None
[2025-06-22T12:38:04.333+0000] {processor.py:208} INFO - Processing /home/airflow/.local/lib/python3.12/site-packages/airflow/example_dags/tutorial_dag.py took 0.526 seconds
[2025-06-22T12:38:34.836+0000] {processor.py:186} INFO - Started process (PID=288) to work on /home/airflow/.local/lib/python3.12/site-packages/airflow/example_dags/tutorial_dag.py
[2025-06-22T12:38:34.839+0000] {processor.py:914} INFO - Processing file /home/airflow/.local/lib/python3.12/site-packages/airflow/example_dags/tutorial_dag.py for tasks to queue
[2025-06-22T12:38:34.842+0000] {logging_mixin.py:190} INFO - [2025-06-22T12:38:34.841+0000] {dagbag.py:588} INFO - Filling up the DagBag from /home/airflow/.local/lib/python3.12/site-packages/airflow/example_dags/tutorial_dag.py
[2025-06-22T12:38:34.851+0000] {processor.py:925} INFO - DAG(s) 'tutorial_dag' retrieved from /home/airflow/.local/lib/python3.12/site-packages/airflow/example_dags/tutorial_dag.py
[2025-06-22T12:38:34.872+0000] {logging_mixin.py:190} INFO - [2025-06-22T12:38:34.872+0000] {dag.py:3239} INFO - Sync 1 DAGs
[2025-06-22T12:38:34.888+0000] {logging_mixin.py:190} INFO - [2025-06-22T12:38:34.888+0000] {dag.py:4180} INFO - Setting next_dagrun for tutorial_dag to None, run_after=None
[2025-06-22T12:38:34.910+0000] {processor.py:208} INFO - Processing /home/airflow/.local/lib/python3.12/site-packages/airflow/example_dags/tutorial_dag.py took 0.081 seconds
