[2025-06-22T12:22:35.516+0000] {processor.py:186} INFO - Started process (PID=117) to work on /home/airflow/.local/lib/python3.12/site-packages/airflow/example_dags/tutorial_taskflow_templates.py
[2025-06-22T12:22:35.518+0000] {processor.py:914} INFO - Processing file /home/airflow/.local/lib/python3.12/site-packages/airflow/example_dags/tutorial_taskflow_templates.py for tasks to queue
[2025-06-22T12:22:35.523+0000] {logging_mixin.py:190} INFO - [2025-06-22T12:22:35.522+0000] {dagbag.py:588} INFO - Filling up the DagBag from /home/airflow/.local/lib/python3.12/site-packages/airflow/example_dags/tutorial_taskflow_templates.py
[2025-06-22T12:22:35.549+0000] {processor.py:925} INFO - DAG(s) 'tutorial_taskflow_templates' retrieved from /home/airflow/.local/lib/python3.12/site-packages/airflow/example_dags/tutorial_taskflow_templates.py
[2025-06-22T12:22:35.705+0000] {logging_mixin.py:190} INFO - [2025-06-22T12:22:35.704+0000] {override.py:1912} INFO - Created Permission View: can read on DAG:tutorial_taskflow_templates
[2025-06-22T12:22:35.720+0000] {logging_mixin.py:190} INFO - [2025-06-22T12:22:35.719+0000] {override.py:1912} INFO - Created Permission View: can edit on DAG:tutorial_taskflow_templates
[2025-06-22T12:22:35.732+0000] {logging_mixin.py:190} INFO - [2025-06-22T12:22:35.732+0000] {override.py:1912} INFO - Created Permission View: can delete on DAG:tutorial_taskflow_templates
[2025-06-22T12:22:35.745+0000] {logging_mixin.py:190} INFO - [2025-06-22T12:22:35.745+0000] {override.py:1912} INFO - Created Permission View: can read on DAG Run:tutorial_taskflow_templates
[2025-06-22T12:22:35.765+0000] {logging_mixin.py:190} INFO - [2025-06-22T12:22:35.765+0000] {override.py:1912} INFO - Created Permission View: can create on DAG Run:tutorial_taskflow_templates
[2025-06-22T12:22:35.779+0000] {logging_mixin.py:190} INFO - [2025-06-22T12:22:35.778+0000] {override.py:1912} INFO - Created Permission View: can delete on DAG Run:tutorial_taskflow_templates
[2025-06-22T12:22:35.793+0000] {logging_mixin.py:190} INFO - [2025-06-22T12:22:35.792+0000] {override.py:1912} INFO - Created Permission View: menu access on DAG Run:tutorial_taskflow_templates
[2025-06-22T12:22:35.794+0000] {logging_mixin.py:190} INFO - [2025-06-22T12:22:35.794+0000] {dag.py:3239} INFO - Sync 1 DAGs
[2025-06-22T12:22:35.817+0000] {logging_mixin.py:190} INFO - [2025-06-22T12:22:35.817+0000] {dag.py:3262} INFO - Creating ORM DAG for tutorial_taskflow_templates
[2025-06-22T12:22:35.839+0000] {logging_mixin.py:190} INFO - [2025-06-22T12:22:35.839+0000] {dag.py:4180} INFO - Setting next_dagrun for tutorial_taskflow_templates to 2025-06-21 00:00:00+00:00, run_after=2025-06-22 00:00:00+00:00
[2025-06-22T12:22:35.871+0000] {processor.py:208} INFO - Processing /home/airflow/.local/lib/python3.12/site-packages/airflow/example_dags/tutorial_taskflow_templates.py took 0.364 seconds
[2025-06-22T12:23:06.595+0000] {processor.py:186} INFO - Started process (PID=237) to work on /home/airflow/.local/lib/python3.12/site-packages/airflow/example_dags/tutorial_taskflow_templates.py
[2025-06-22T12:23:06.596+0000] {processor.py:914} INFO - Processing file /home/airflow/.local/lib/python3.12/site-packages/airflow/example_dags/tutorial_taskflow_templates.py for tasks to queue
[2025-06-22T12:23:06.600+0000] {logging_mixin.py:190} INFO - [2025-06-22T12:23:06.600+0000] {dagbag.py:588} INFO - Filling up the DagBag from /home/airflow/.local/lib/python3.12/site-packages/airflow/example_dags/tutorial_taskflow_templates.py
[2025-06-22T12:23:06.615+0000] {processor.py:925} INFO - DAG(s) 'tutorial_taskflow_templates' retrieved from /home/airflow/.local/lib/python3.12/site-packages/airflow/example_dags/tutorial_taskflow_templates.py
[2025-06-22T12:23:06.637+0000] {logging_mixin.py:190} INFO - [2025-06-22T12:23:06.636+0000] {dag.py:3239} INFO - Sync 1 DAGs
[2025-06-22T12:23:06.663+0000] {logging_mixin.py:190} INFO - [2025-06-22T12:23:06.662+0000] {dag.py:4180} INFO - Setting next_dagrun for tutorial_taskflow_templates to 2025-06-22 00:00:00+00:00, run_after=2025-06-23 00:00:00+00:00
[2025-06-22T12:23:06.688+0000] {processor.py:208} INFO - Processing /home/airflow/.local/lib/python3.12/site-packages/airflow/example_dags/tutorial_taskflow_templates.py took 0.100 seconds
[2025-06-22T12:27:19.943+0000] {processor.py:186} INFO - Started process (PID=107) to work on /home/airflow/.local/lib/python3.12/site-packages/airflow/example_dags/tutorial_taskflow_templates.py
[2025-06-22T12:27:19.944+0000] {processor.py:914} INFO - Processing file /home/airflow/.local/lib/python3.12/site-packages/airflow/example_dags/tutorial_taskflow_templates.py for tasks to queue
[2025-06-22T12:27:19.946+0000] {logging_mixin.py:190} INFO - [2025-06-22T12:27:19.946+0000] {dagbag.py:588} INFO - Filling up the DagBag from /home/airflow/.local/lib/python3.12/site-packages/airflow/example_dags/tutorial_taskflow_templates.py
[2025-06-22T12:27:19.961+0000] {processor.py:925} INFO - DAG(s) 'tutorial_taskflow_templates' retrieved from /home/airflow/.local/lib/python3.12/site-packages/airflow/example_dags/tutorial_taskflow_templates.py
[2025-06-22T12:27:19.984+0000] {logging_mixin.py:190} INFO - [2025-06-22T12:27:19.983+0000] {dag.py:3239} INFO - Sync 1 DAGs
[2025-06-22T12:27:20.012+0000] {logging_mixin.py:190} INFO - [2025-06-22T12:27:20.012+0000] {dag.py:4180} INFO - Setting next_dagrun for tutorial_taskflow_templates to 2025-06-22 00:00:00+00:00, run_after=2025-06-23 00:00:00+00:00
[2025-06-22T12:27:20.033+0000] {processor.py:208} INFO - Processing /home/airflow/.local/lib/python3.12/site-packages/airflow/example_dags/tutorial_taskflow_templates.py took 0.098 seconds
[2025-06-22T12:27:50.408+0000] {processor.py:186} INFO - Started process (PID=179) to work on /home/airflow/.local/lib/python3.12/site-packages/airflow/example_dags/tutorial_taskflow_templates.py
[2025-06-22T12:27:50.410+0000] {processor.py:914} INFO - Processing file /home/airflow/.local/lib/python3.12/site-packages/airflow/example_dags/tutorial_taskflow_templates.py for tasks to queue
[2025-06-22T12:27:50.412+0000] {logging_mixin.py:190} INFO - [2025-06-22T12:27:50.412+0000] {dagbag.py:588} INFO - Filling up the DagBag from /home/airflow/.local/lib/python3.12/site-packages/airflow/example_dags/tutorial_taskflow_templates.py
[2025-06-22T12:27:50.425+0000] {processor.py:925} INFO - DAG(s) 'tutorial_taskflow_templates' retrieved from /home/airflow/.local/lib/python3.12/site-packages/airflow/example_dags/tutorial_taskflow_templates.py
[2025-06-22T12:27:50.443+0000] {logging_mixin.py:190} INFO - [2025-06-22T12:27:50.443+0000] {dag.py:3239} INFO - Sync 1 DAGs
[2025-06-22T12:27:50.465+0000] {logging_mixin.py:190} INFO - [2025-06-22T12:27:50.465+0000] {dag.py:4180} INFO - Setting next_dagrun for tutorial_taskflow_templates to 2025-06-22 00:00:00+00:00, run_after=2025-06-23 00:00:00+00:00
[2025-06-22T12:27:50.482+0000] {processor.py:208} INFO - Processing /home/airflow/.local/lib/python3.12/site-packages/airflow/example_dags/tutorial_taskflow_templates.py took 0.079 seconds
[2025-06-22T12:28:20.788+0000] {processor.py:186} INFO - Started process (PID=249) to work on /home/airflow/.local/lib/python3.12/site-packages/airflow/example_dags/tutorial_taskflow_templates.py
[2025-06-22T12:28:20.789+0000] {processor.py:914} INFO - Processing file /home/airflow/.local/lib/python3.12/site-packages/airflow/example_dags/tutorial_taskflow_templates.py for tasks to queue
[2025-06-22T12:28:20.792+0000] {logging_mixin.py:190} INFO - [2025-06-22T12:28:20.791+0000] {dagbag.py:588} INFO - Filling up the DagBag from /home/airflow/.local/lib/python3.12/site-packages/airflow/example_dags/tutorial_taskflow_templates.py
[2025-06-22T12:28:20.804+0000] {processor.py:925} INFO - DAG(s) 'tutorial_taskflow_templates' retrieved from /home/airflow/.local/lib/python3.12/site-packages/airflow/example_dags/tutorial_taskflow_templates.py
[2025-06-22T12:28:20.822+0000] {logging_mixin.py:190} INFO - [2025-06-22T12:28:20.822+0000] {dag.py:3239} INFO - Sync 1 DAGs
[2025-06-22T12:28:20.846+0000] {logging_mixin.py:190} INFO - [2025-06-22T12:28:20.846+0000] {dag.py:4180} INFO - Setting next_dagrun for tutorial_taskflow_templates to 2025-06-22 00:00:00+00:00, run_after=2025-06-23 00:00:00+00:00
[2025-06-22T12:28:20.864+0000] {processor.py:208} INFO - Processing /home/airflow/.local/lib/python3.12/site-packages/airflow/example_dags/tutorial_taskflow_templates.py took 0.081 seconds
[2025-06-22T12:28:51.094+0000] {processor.py:186} INFO - Started process (PID=313) to work on /home/airflow/.local/lib/python3.12/site-packages/airflow/example_dags/tutorial_taskflow_templates.py
[2025-06-22T12:28:51.094+0000] {processor.py:914} INFO - Processing file /home/airflow/.local/lib/python3.12/site-packages/airflow/example_dags/tutorial_taskflow_templates.py for tasks to queue
[2025-06-22T12:28:51.096+0000] {logging_mixin.py:190} INFO - [2025-06-22T12:28:51.096+0000] {dagbag.py:588} INFO - Filling up the DagBag from /home/airflow/.local/lib/python3.12/site-packages/airflow/example_dags/tutorial_taskflow_templates.py
[2025-06-22T12:28:51.111+0000] {processor.py:925} INFO - DAG(s) 'tutorial_taskflow_templates' retrieved from /home/airflow/.local/lib/python3.12/site-packages/airflow/example_dags/tutorial_taskflow_templates.py
[2025-06-22T12:28:51.130+0000] {logging_mixin.py:190} INFO - [2025-06-22T12:28:51.130+0000] {dag.py:3239} INFO - Sync 1 DAGs
[2025-06-22T12:28:51.155+0000] {logging_mixin.py:190} INFO - [2025-06-22T12:28:51.155+0000] {dag.py:4180} INFO - Setting next_dagrun for tutorial_taskflow_templates to 2025-06-22 00:00:00+00:00, run_after=2025-06-23 00:00:00+00:00
[2025-06-22T12:28:51.173+0000] {processor.py:208} INFO - Processing /home/airflow/.local/lib/python3.12/site-packages/airflow/example_dags/tutorial_taskflow_templates.py took 0.085 seconds
[2025-06-22T12:29:21.861+0000] {processor.py:186} INFO - Started process (PID=382) to work on /home/airflow/.local/lib/python3.12/site-packages/airflow/example_dags/tutorial_taskflow_templates.py
[2025-06-22T12:29:21.862+0000] {processor.py:914} INFO - Processing file /home/airflow/.local/lib/python3.12/site-packages/airflow/example_dags/tutorial_taskflow_templates.py for tasks to queue
[2025-06-22T12:29:21.864+0000] {logging_mixin.py:190} INFO - [2025-06-22T12:29:21.864+0000] {dagbag.py:588} INFO - Filling up the DagBag from /home/airflow/.local/lib/python3.12/site-packages/airflow/example_dags/tutorial_taskflow_templates.py
[2025-06-22T12:29:21.876+0000] {processor.py:925} INFO - DAG(s) 'tutorial_taskflow_templates' retrieved from /home/airflow/.local/lib/python3.12/site-packages/airflow/example_dags/tutorial_taskflow_templates.py
[2025-06-22T12:29:21.894+0000] {logging_mixin.py:190} INFO - [2025-06-22T12:29:21.893+0000] {dag.py:3239} INFO - Sync 1 DAGs
[2025-06-22T12:29:21.915+0000] {logging_mixin.py:190} INFO - [2025-06-22T12:29:21.914+0000] {dag.py:4180} INFO - Setting next_dagrun for tutorial_taskflow_templates to 2025-06-22 00:00:00+00:00, run_after=2025-06-23 00:00:00+00:00
[2025-06-22T12:29:21.932+0000] {processor.py:208} INFO - Processing /home/airflow/.local/lib/python3.12/site-packages/airflow/example_dags/tutorial_taskflow_templates.py took 0.077 seconds
[2025-06-22T12:29:52.428+0000] {processor.py:186} INFO - Started process (PID=446) to work on /home/airflow/.local/lib/python3.12/site-packages/airflow/example_dags/tutorial_taskflow_templates.py
[2025-06-22T12:29:52.429+0000] {processor.py:914} INFO - Processing file /home/airflow/.local/lib/python3.12/site-packages/airflow/example_dags/tutorial_taskflow_templates.py for tasks to queue
[2025-06-22T12:29:52.431+0000] {logging_mixin.py:190} INFO - [2025-06-22T12:29:52.431+0000] {dagbag.py:588} INFO - Filling up the DagBag from /home/airflow/.local/lib/python3.12/site-packages/airflow/example_dags/tutorial_taskflow_templates.py
[2025-06-22T12:29:52.443+0000] {processor.py:925} INFO - DAG(s) 'tutorial_taskflow_templates' retrieved from /home/airflow/.local/lib/python3.12/site-packages/airflow/example_dags/tutorial_taskflow_templates.py
[2025-06-22T12:29:52.461+0000] {logging_mixin.py:190} INFO - [2025-06-22T12:29:52.461+0000] {dag.py:3239} INFO - Sync 1 DAGs
[2025-06-22T12:29:52.489+0000] {logging_mixin.py:190} INFO - [2025-06-22T12:29:52.489+0000] {dag.py:4180} INFO - Setting next_dagrun for tutorial_taskflow_templates to 2025-06-22 00:00:00+00:00, run_after=2025-06-23 00:00:00+00:00
[2025-06-22T12:29:52.511+0000] {processor.py:208} INFO - Processing /home/airflow/.local/lib/python3.12/site-packages/airflow/example_dags/tutorial_taskflow_templates.py took 0.087 seconds
[2025-06-22T12:30:22.940+0000] {processor.py:186} INFO - Started process (PID=516) to work on /home/airflow/.local/lib/python3.12/site-packages/airflow/example_dags/tutorial_taskflow_templates.py
[2025-06-22T12:30:22.941+0000] {processor.py:914} INFO - Processing file /home/airflow/.local/lib/python3.12/site-packages/airflow/example_dags/tutorial_taskflow_templates.py for tasks to queue
[2025-06-22T12:30:22.944+0000] {logging_mixin.py:190} INFO - [2025-06-22T12:30:22.944+0000] {dagbag.py:588} INFO - Filling up the DagBag from /home/airflow/.local/lib/python3.12/site-packages/airflow/example_dags/tutorial_taskflow_templates.py
[2025-06-22T12:30:22.959+0000] {processor.py:925} INFO - DAG(s) 'tutorial_taskflow_templates' retrieved from /home/airflow/.local/lib/python3.12/site-packages/airflow/example_dags/tutorial_taskflow_templates.py
[2025-06-22T12:30:22.982+0000] {logging_mixin.py:190} INFO - [2025-06-22T12:30:22.982+0000] {dag.py:3239} INFO - Sync 1 DAGs
[2025-06-22T12:30:23.007+0000] {logging_mixin.py:190} INFO - [2025-06-22T12:30:23.007+0000] {dag.py:4180} INFO - Setting next_dagrun for tutorial_taskflow_templates to 2025-06-22 00:00:00+00:00, run_after=2025-06-23 00:00:00+00:00
[2025-06-22T12:30:23.025+0000] {processor.py:208} INFO - Processing /home/airflow/.local/lib/python3.12/site-packages/airflow/example_dags/tutorial_taskflow_templates.py took 0.091 seconds
[2025-06-22T12:37:50.968+0000] {processor.py:186} INFO - Started process (PID=115) to work on /home/airflow/.local/lib/python3.12/site-packages/airflow/example_dags/tutorial_taskflow_templates.py
[2025-06-22T12:37:50.969+0000] {processor.py:914} INFO - Processing file /home/airflow/.local/lib/python3.12/site-packages/airflow/example_dags/tutorial_taskflow_templates.py for tasks to queue
[2025-06-22T12:37:50.972+0000] {logging_mixin.py:190} INFO - [2025-06-22T12:37:50.972+0000] {dagbag.py:588} INFO - Filling up the DagBag from /home/airflow/.local/lib/python3.12/site-packages/airflow/example_dags/tutorial_taskflow_templates.py
[2025-06-22T12:37:50.996+0000] {processor.py:925} INFO - DAG(s) 'tutorial_taskflow_templates' retrieved from /home/airflow/.local/lib/python3.12/site-packages/airflow/example_dags/tutorial_taskflow_templates.py
[2025-06-22T12:37:51.144+0000] {logging_mixin.py:190} INFO - [2025-06-22T12:37:51.143+0000] {override.py:1912} INFO - Created Permission View: can delete on DAG:tutorial_taskflow_templates
[2025-06-22T12:37:51.159+0000] {logging_mixin.py:190} INFO - [2025-06-22T12:37:51.159+0000] {override.py:1912} INFO - Created Permission View: can edit on DAG:tutorial_taskflow_templates
[2025-06-22T12:37:51.171+0000] {logging_mixin.py:190} INFO - [2025-06-22T12:37:51.170+0000] {override.py:1912} INFO - Created Permission View: can read on DAG:tutorial_taskflow_templates
[2025-06-22T12:37:51.190+0000] {logging_mixin.py:190} INFO - [2025-06-22T12:37:51.189+0000] {override.py:1912} INFO - Created Permission View: can delete on DAG Run:tutorial_taskflow_templates
[2025-06-22T12:37:51.204+0000] {logging_mixin.py:190} INFO - [2025-06-22T12:37:51.204+0000] {override.py:1912} INFO - Created Permission View: can create on DAG Run:tutorial_taskflow_templates
[2025-06-22T12:37:51.214+0000] {logging_mixin.py:190} INFO - [2025-06-22T12:37:51.213+0000] {override.py:1912} INFO - Created Permission View: menu access on DAG Run:tutorial_taskflow_templates
[2025-06-22T12:37:51.224+0000] {logging_mixin.py:190} INFO - [2025-06-22T12:37:51.224+0000] {override.py:1912} INFO - Created Permission View: can read on DAG Run:tutorial_taskflow_templates
[2025-06-22T12:37:51.227+0000] {logging_mixin.py:190} INFO - [2025-06-22T12:37:51.227+0000] {dag.py:3239} INFO - Sync 1 DAGs
[2025-06-22T12:37:51.247+0000] {logging_mixin.py:190} INFO - [2025-06-22T12:37:51.247+0000] {dag.py:3262} INFO - Creating ORM DAG for tutorial_taskflow_templates
[2025-06-22T12:37:51.262+0000] {logging_mixin.py:190} INFO - [2025-06-22T12:37:51.261+0000] {dag.py:4180} INFO - Setting next_dagrun for tutorial_taskflow_templates to 2025-06-21 00:00:00+00:00, run_after=2025-06-22 00:00:00+00:00
[2025-06-22T12:37:51.287+0000] {processor.py:208} INFO - Processing /home/airflow/.local/lib/python3.12/site-packages/airflow/example_dags/tutorial_taskflow_templates.py took 0.328 seconds
[2025-06-22T12:38:21.658+0000] {processor.py:186} INFO - Started process (PID=255) to work on /home/airflow/.local/lib/python3.12/site-packages/airflow/example_dags/tutorial_taskflow_templates.py
[2025-06-22T12:38:21.659+0000] {processor.py:914} INFO - Processing file /home/airflow/.local/lib/python3.12/site-packages/airflow/example_dags/tutorial_taskflow_templates.py for tasks to queue
[2025-06-22T12:38:21.661+0000] {logging_mixin.py:190} INFO - [2025-06-22T12:38:21.661+0000] {dagbag.py:588} INFO - Filling up the DagBag from /home/airflow/.local/lib/python3.12/site-packages/airflow/example_dags/tutorial_taskflow_templates.py
[2025-06-22T12:38:21.674+0000] {processor.py:925} INFO - DAG(s) 'tutorial_taskflow_templates' retrieved from /home/airflow/.local/lib/python3.12/site-packages/airflow/example_dags/tutorial_taskflow_templates.py
[2025-06-22T12:38:21.694+0000] {logging_mixin.py:190} INFO - [2025-06-22T12:38:21.694+0000] {dag.py:3239} INFO - Sync 1 DAGs
[2025-06-22T12:38:21.720+0000] {logging_mixin.py:190} INFO - [2025-06-22T12:38:21.720+0000] {dag.py:4180} INFO - Setting next_dagrun for tutorial_taskflow_templates to 2025-06-22 00:00:00+00:00, run_after=2025-06-23 00:00:00+00:00
[2025-06-22T12:38:21.738+0000] {processor.py:208} INFO - Processing /home/airflow/.local/lib/python3.12/site-packages/airflow/example_dags/tutorial_taskflow_templates.py took 0.086 seconds
[2025-06-22T12:38:52.740+0000] {processor.py:186} INFO - Started process (PID=319) to work on /home/airflow/.local/lib/python3.12/site-packages/airflow/example_dags/tutorial_taskflow_templates.py
[2025-06-22T12:38:52.741+0000] {processor.py:914} INFO - Processing file /home/airflow/.local/lib/python3.12/site-packages/airflow/example_dags/tutorial_taskflow_templates.py for tasks to queue
[2025-06-22T12:38:52.743+0000] {logging_mixin.py:190} INFO - [2025-06-22T12:38:52.743+0000] {dagbag.py:588} INFO - Filling up the DagBag from /home/airflow/.local/lib/python3.12/site-packages/airflow/example_dags/tutorial_taskflow_templates.py
[2025-06-22T12:38:52.756+0000] {processor.py:925} INFO - DAG(s) 'tutorial_taskflow_templates' retrieved from /home/airflow/.local/lib/python3.12/site-packages/airflow/example_dags/tutorial_taskflow_templates.py
[2025-06-22T12:38:52.776+0000] {logging_mixin.py:190} INFO - [2025-06-22T12:38:52.776+0000] {dag.py:3239} INFO - Sync 1 DAGs
[2025-06-22T12:38:52.798+0000] {logging_mixin.py:190} INFO - [2025-06-22T12:38:52.797+0000] {dag.py:4180} INFO - Setting next_dagrun for tutorial_taskflow_templates to 2025-06-22 00:00:00+00:00, run_after=2025-06-23 00:00:00+00:00
[2025-06-22T12:38:52.815+0000] {processor.py:208} INFO - Processing /home/airflow/.local/lib/python3.12/site-packages/airflow/example_dags/tutorial_taskflow_templates.py took 0.081 seconds
