[2025-06-22T12:22:40.897+0000] {processor.py:186} INFO - Started process (PID=152) to work on /home/airflow/.local/lib/python3.12/site-packages/airflow/example_dags/tutorial.py
[2025-06-22T12:22:40.899+0000] {processor.py:914} INFO - Processing file /home/airflow/.local/lib/python3.12/site-packages/airflow/example_dags/tutorial.py for tasks to queue
[2025-06-22T12:22:40.904+0000] {logging_mixin.py:190} INFO - [2025-06-22T12:22:40.903+0000] {dagbag.py:588} INFO - Filling up the DagBag from /home/airflow/.local/lib/python3.12/site-packages/airflow/example_dags/tutorial.py
[2025-06-22T12:22:40.921+0000] {processor.py:925} INFO - DAG(s) 'tutorial' retrieved from /home/airflow/.local/lib/python3.12/site-packages/airflow/example_dags/tutorial.py
[2025-06-22T12:22:41.089+0000] {logging_mixin.py:190} INFO - [2025-06-22T12:22:41.087+0000] {override.py:1912} INFO - Created Permission View: can read on DAG:tutorial
[2025-06-22T12:22:41.104+0000] {logging_mixin.py:190} INFO - [2025-06-22T12:22:41.104+0000] {override.py:1912} INFO - Created Permission View: can edit on DAG:tutorial
[2025-06-22T12:22:41.114+0000] {logging_mixin.py:190} INFO - [2025-06-22T12:22:41.113+0000] {override.py:1912} INFO - Created Permission View: can delete on DAG:tutorial
[2025-06-22T12:22:41.127+0000] {logging_mixin.py:190} INFO - [2025-06-22T12:22:41.127+0000] {override.py:1912} INFO - Created Permission View: can read on DAG Run:tutorial
[2025-06-22T12:22:41.139+0000] {logging_mixin.py:190} INFO - [2025-06-22T12:22:41.139+0000] {override.py:1912} INFO - Created Permission View: can create on DAG Run:tutorial
[2025-06-22T12:22:41.151+0000] {logging_mixin.py:190} INFO - [2025-06-22T12:22:41.151+0000] {override.py:1912} INFO - Created Permission View: can delete on DAG Run:tutorial
[2025-06-22T12:22:41.161+0000] {logging_mixin.py:190} INFO - [2025-06-22T12:22:41.161+0000] {override.py:1912} INFO - Created Permission View: menu access on DAG Run:tutorial
[2025-06-22T12:22:41.162+0000] {logging_mixin.py:190} INFO - [2025-06-22T12:22:41.162+0000] {dag.py:3239} INFO - Sync 1 DAGs
[2025-06-22T12:22:41.180+0000] {logging_mixin.py:190} INFO - [2025-06-22T12:22:41.179+0000] {dag.py:3262} INFO - Creating ORM DAG for tutorial
[2025-06-22T12:22:41.193+0000] {logging_mixin.py:190} INFO - [2025-06-22T12:22:41.192+0000] {dag.py:4180} INFO - Setting next_dagrun for tutorial to 2025-06-21 00:00:00+00:00, run_after=2025-06-22 00:00:00+00:00
[2025-06-22T12:22:41.215+0000] {processor.py:208} INFO - Processing /home/airflow/.local/lib/python3.12/site-packages/airflow/example_dags/tutorial.py took 0.330 seconds
[2025-06-22T12:23:11.690+0000] {processor.py:186} INFO - Started process (PID=253) to work on /home/airflow/.local/lib/python3.12/site-packages/airflow/example_dags/tutorial.py
[2025-06-22T12:23:11.691+0000] {processor.py:914} INFO - Processing file /home/airflow/.local/lib/python3.12/site-packages/airflow/example_dags/tutorial.py for tasks to queue
[2025-06-22T12:23:11.693+0000] {logging_mixin.py:190} INFO - [2025-06-22T12:23:11.693+0000] {dagbag.py:588} INFO - Filling up the DagBag from /home/airflow/.local/lib/python3.12/site-packages/airflow/example_dags/tutorial.py
[2025-06-22T12:23:11.701+0000] {processor.py:925} INFO - DAG(s) 'tutorial' retrieved from /home/airflow/.local/lib/python3.12/site-packages/airflow/example_dags/tutorial.py
[2025-06-22T12:23:11.721+0000] {logging_mixin.py:190} INFO - [2025-06-22T12:23:11.721+0000] {dag.py:3239} INFO - Sync 1 DAGs
[2025-06-22T12:23:11.743+0000] {logging_mixin.py:190} INFO - [2025-06-22T12:23:11.742+0000] {dag.py:4180} INFO - Setting next_dagrun for tutorial to 2025-06-22 00:00:00+00:00, run_after=2025-06-23 00:00:00+00:00
[2025-06-22T12:23:11.761+0000] {processor.py:208} INFO - Processing /home/airflow/.local/lib/python3.12/site-packages/airflow/example_dags/tutorial.py took 0.077 seconds
[2025-06-22T12:27:21.216+0000] {processor.py:186} INFO - Started process (PID=124) to work on /home/airflow/.local/lib/python3.12/site-packages/airflow/example_dags/tutorial.py
[2025-06-22T12:27:21.217+0000] {processor.py:914} INFO - Processing file /home/airflow/.local/lib/python3.12/site-packages/airflow/example_dags/tutorial.py for tasks to queue
[2025-06-22T12:27:21.219+0000] {logging_mixin.py:190} INFO - [2025-06-22T12:27:21.219+0000] {dagbag.py:588} INFO - Filling up the DagBag from /home/airflow/.local/lib/python3.12/site-packages/airflow/example_dags/tutorial.py
[2025-06-22T12:27:21.227+0000] {processor.py:925} INFO - DAG(s) 'tutorial' retrieved from /home/airflow/.local/lib/python3.12/site-packages/airflow/example_dags/tutorial.py
[2025-06-22T12:27:21.245+0000] {logging_mixin.py:190} INFO - [2025-06-22T12:27:21.245+0000] {dag.py:3239} INFO - Sync 1 DAGs
[2025-06-22T12:27:21.268+0000] {logging_mixin.py:190} INFO - [2025-06-22T12:27:21.268+0000] {dag.py:4180} INFO - Setting next_dagrun for tutorial to 2025-06-22 00:00:00+00:00, run_after=2025-06-23 00:00:00+00:00
[2025-06-22T12:27:21.285+0000] {processor.py:208} INFO - Processing /home/airflow/.local/lib/python3.12/site-packages/airflow/example_dags/tutorial.py took 0.073 seconds
[2025-06-22T12:27:51.357+0000] {processor.py:186} INFO - Started process (PID=195) to work on /home/airflow/.local/lib/python3.12/site-packages/airflow/example_dags/tutorial.py
[2025-06-22T12:27:51.358+0000] {processor.py:914} INFO - Processing file /home/airflow/.local/lib/python3.12/site-packages/airflow/example_dags/tutorial.py for tasks to queue
[2025-06-22T12:27:51.361+0000] {logging_mixin.py:190} INFO - [2025-06-22T12:27:51.361+0000] {dagbag.py:588} INFO - Filling up the DagBag from /home/airflow/.local/lib/python3.12/site-packages/airflow/example_dags/tutorial.py
[2025-06-22T12:27:51.370+0000] {processor.py:925} INFO - DAG(s) 'tutorial' retrieved from /home/airflow/.local/lib/python3.12/site-packages/airflow/example_dags/tutorial.py
[2025-06-22T12:27:51.388+0000] {logging_mixin.py:190} INFO - [2025-06-22T12:27:51.388+0000] {dag.py:3239} INFO - Sync 1 DAGs
[2025-06-22T12:27:51.418+0000] {logging_mixin.py:190} INFO - [2025-06-22T12:27:51.417+0000] {dag.py:4180} INFO - Setting next_dagrun for tutorial to 2025-06-22 00:00:00+00:00, run_after=2025-06-23 00:00:00+00:00
[2025-06-22T12:27:51.439+0000] {processor.py:208} INFO - Processing /home/airflow/.local/lib/python3.12/site-packages/airflow/example_dags/tutorial.py took 0.090 seconds
[2025-06-22T12:28:21.705+0000] {processor.py:186} INFO - Started process (PID=265) to work on /home/airflow/.local/lib/python3.12/site-packages/airflow/example_dags/tutorial.py
[2025-06-22T12:28:21.706+0000] {processor.py:914} INFO - Processing file /home/airflow/.local/lib/python3.12/site-packages/airflow/example_dags/tutorial.py for tasks to queue
[2025-06-22T12:28:21.708+0000] {logging_mixin.py:190} INFO - [2025-06-22T12:28:21.707+0000] {dagbag.py:588} INFO - Filling up the DagBag from /home/airflow/.local/lib/python3.12/site-packages/airflow/example_dags/tutorial.py
[2025-06-22T12:28:21.715+0000] {processor.py:925} INFO - DAG(s) 'tutorial' retrieved from /home/airflow/.local/lib/python3.12/site-packages/airflow/example_dags/tutorial.py
[2025-06-22T12:28:21.733+0000] {logging_mixin.py:190} INFO - [2025-06-22T12:28:21.733+0000] {dag.py:3239} INFO - Sync 1 DAGs
[2025-06-22T12:28:21.754+0000] {logging_mixin.py:190} INFO - [2025-06-22T12:28:21.754+0000] {dag.py:4180} INFO - Setting next_dagrun for tutorial to 2025-06-22 00:00:00+00:00, run_after=2025-06-23 00:00:00+00:00
[2025-06-22T12:28:21.773+0000] {processor.py:208} INFO - Processing /home/airflow/.local/lib/python3.12/site-packages/airflow/example_dags/tutorial.py took 0.074 seconds
[2025-06-22T12:28:52.427+0000] {processor.py:186} INFO - Started process (PID=330) to work on /home/airflow/.local/lib/python3.12/site-packages/airflow/example_dags/tutorial.py
[2025-06-22T12:28:52.428+0000] {processor.py:914} INFO - Processing file /home/airflow/.local/lib/python3.12/site-packages/airflow/example_dags/tutorial.py for tasks to queue
[2025-06-22T12:28:52.430+0000] {logging_mixin.py:190} INFO - [2025-06-22T12:28:52.429+0000] {dagbag.py:588} INFO - Filling up the DagBag from /home/airflow/.local/lib/python3.12/site-packages/airflow/example_dags/tutorial.py
[2025-06-22T12:28:52.437+0000] {processor.py:925} INFO - DAG(s) 'tutorial' retrieved from /home/airflow/.local/lib/python3.12/site-packages/airflow/example_dags/tutorial.py
[2025-06-22T12:28:52.455+0000] {logging_mixin.py:190} INFO - [2025-06-22T12:28:52.454+0000] {dag.py:3239} INFO - Sync 1 DAGs
[2025-06-22T12:28:52.474+0000] {logging_mixin.py:190} INFO - [2025-06-22T12:28:52.474+0000] {dag.py:4180} INFO - Setting next_dagrun for tutorial to 2025-06-22 00:00:00+00:00, run_after=2025-06-23 00:00:00+00:00
[2025-06-22T12:28:52.492+0000] {processor.py:208} INFO - Processing /home/airflow/.local/lib/python3.12/site-packages/airflow/example_dags/tutorial.py took 0.071 seconds
[2025-06-22T12:29:23.131+0000] {processor.py:186} INFO - Started process (PID=399) to work on /home/airflow/.local/lib/python3.12/site-packages/airflow/example_dags/tutorial.py
[2025-06-22T12:29:23.132+0000] {processor.py:914} INFO - Processing file /home/airflow/.local/lib/python3.12/site-packages/airflow/example_dags/tutorial.py for tasks to queue
[2025-06-22T12:29:23.134+0000] {logging_mixin.py:190} INFO - [2025-06-22T12:29:23.134+0000] {dagbag.py:588} INFO - Filling up the DagBag from /home/airflow/.local/lib/python3.12/site-packages/airflow/example_dags/tutorial.py
[2025-06-22T12:29:23.142+0000] {processor.py:925} INFO - DAG(s) 'tutorial' retrieved from /home/airflow/.local/lib/python3.12/site-packages/airflow/example_dags/tutorial.py
[2025-06-22T12:29:23.160+0000] {logging_mixin.py:190} INFO - [2025-06-22T12:29:23.160+0000] {dag.py:3239} INFO - Sync 1 DAGs
[2025-06-22T12:29:23.181+0000] {logging_mixin.py:190} INFO - [2025-06-22T12:29:23.181+0000] {dag.py:4180} INFO - Setting next_dagrun for tutorial to 2025-06-22 00:00:00+00:00, run_after=2025-06-23 00:00:00+00:00
[2025-06-22T12:29:23.197+0000] {processor.py:208} INFO - Processing /home/airflow/.local/lib/python3.12/site-packages/airflow/example_dags/tutorial.py took 0.071 seconds
[2025-06-22T12:29:53.572+0000] {processor.py:186} INFO - Started process (PID=463) to work on /home/airflow/.local/lib/python3.12/site-packages/airflow/example_dags/tutorial.py
[2025-06-22T12:29:53.573+0000] {processor.py:914} INFO - Processing file /home/airflow/.local/lib/python3.12/site-packages/airflow/example_dags/tutorial.py for tasks to queue
[2025-06-22T12:29:53.575+0000] {logging_mixin.py:190} INFO - [2025-06-22T12:29:53.575+0000] {dagbag.py:588} INFO - Filling up the DagBag from /home/airflow/.local/lib/python3.12/site-packages/airflow/example_dags/tutorial.py
[2025-06-22T12:29:53.583+0000] {processor.py:925} INFO - DAG(s) 'tutorial' retrieved from /home/airflow/.local/lib/python3.12/site-packages/airflow/example_dags/tutorial.py
[2025-06-22T12:29:53.601+0000] {logging_mixin.py:190} INFO - [2025-06-22T12:29:53.601+0000] {dag.py:3239} INFO - Sync 1 DAGs
[2025-06-22T12:29:53.622+0000] {logging_mixin.py:190} INFO - [2025-06-22T12:29:53.622+0000] {dag.py:4180} INFO - Setting next_dagrun for tutorial to 2025-06-22 00:00:00+00:00, run_after=2025-06-23 00:00:00+00:00
[2025-06-22T12:29:53.641+0000] {processor.py:208} INFO - Processing /home/airflow/.local/lib/python3.12/site-packages/airflow/example_dags/tutorial.py took 0.074 seconds
[2025-06-22T12:30:24.084+0000] {processor.py:186} INFO - Started process (PID=533) to work on /home/airflow/.local/lib/python3.12/site-packages/airflow/example_dags/tutorial.py
[2025-06-22T12:30:24.086+0000] {processor.py:914} INFO - Processing file /home/airflow/.local/lib/python3.12/site-packages/airflow/example_dags/tutorial.py for tasks to queue
[2025-06-22T12:30:24.088+0000] {logging_mixin.py:190} INFO - [2025-06-22T12:30:24.088+0000] {dagbag.py:588} INFO - Filling up the DagBag from /home/airflow/.local/lib/python3.12/site-packages/airflow/example_dags/tutorial.py
[2025-06-22T12:30:24.096+0000] {processor.py:925} INFO - DAG(s) 'tutorial' retrieved from /home/airflow/.local/lib/python3.12/site-packages/airflow/example_dags/tutorial.py
[2025-06-22T12:30:24.114+0000] {logging_mixin.py:190} INFO - [2025-06-22T12:30:24.114+0000] {dag.py:3239} INFO - Sync 1 DAGs
[2025-06-22T12:30:24.136+0000] {logging_mixin.py:190} INFO - [2025-06-22T12:30:24.135+0000] {dag.py:4180} INFO - Setting next_dagrun for tutorial to 2025-06-22 00:00:00+00:00, run_after=2025-06-23 00:00:00+00:00
[2025-06-22T12:30:24.156+0000] {processor.py:208} INFO - Processing /home/airflow/.local/lib/python3.12/site-packages/airflow/example_dags/tutorial.py took 0.079 seconds
[2025-06-22T12:37:55.237+0000] {processor.py:186} INFO - Started process (PID=153) to work on /home/airflow/.local/lib/python3.12/site-packages/airflow/example_dags/tutorial.py
[2025-06-22T12:37:55.239+0000] {processor.py:914} INFO - Processing file /home/airflow/.local/lib/python3.12/site-packages/airflow/example_dags/tutorial.py for tasks to queue
[2025-06-22T12:37:55.244+0000] {logging_mixin.py:190} INFO - [2025-06-22T12:37:55.243+0000] {dagbag.py:588} INFO - Filling up the DagBag from /home/airflow/.local/lib/python3.12/site-packages/airflow/example_dags/tutorial.py
[2025-06-22T12:37:55.267+0000] {processor.py:925} INFO - DAG(s) 'tutorial' retrieved from /home/airflow/.local/lib/python3.12/site-packages/airflow/example_dags/tutorial.py
[2025-06-22T12:37:55.524+0000] {logging_mixin.py:190} INFO - [2025-06-22T12:37:55.523+0000] {override.py:1912} INFO - Created Permission View: can delete on DAG:tutorial
[2025-06-22T12:37:55.550+0000] {logging_mixin.py:190} INFO - [2025-06-22T12:37:55.549+0000] {override.py:1912} INFO - Created Permission View: can edit on DAG:tutorial
[2025-06-22T12:37:55.584+0000] {logging_mixin.py:190} INFO - [2025-06-22T12:37:55.580+0000] {override.py:1912} INFO - Created Permission View: can read on DAG:tutorial
[2025-06-22T12:37:55.608+0000] {logging_mixin.py:190} INFO - [2025-06-22T12:37:55.607+0000] {override.py:1912} INFO - Created Permission View: can delete on DAG Run:tutorial
[2025-06-22T12:37:55.639+0000] {logging_mixin.py:190} INFO - [2025-06-22T12:37:55.636+0000] {override.py:1912} INFO - Created Permission View: can create on DAG Run:tutorial
[2025-06-22T12:37:55.664+0000] {logging_mixin.py:190} INFO - [2025-06-22T12:37:55.664+0000] {override.py:1912} INFO - Created Permission View: menu access on DAG Run:tutorial
[2025-06-22T12:37:55.681+0000] {logging_mixin.py:190} INFO - [2025-06-22T12:37:55.681+0000] {override.py:1912} INFO - Created Permission View: can read on DAG Run:tutorial
[2025-06-22T12:37:55.694+0000] {logging_mixin.py:190} INFO - [2025-06-22T12:37:55.693+0000] {dag.py:3239} INFO - Sync 1 DAGs
[2025-06-22T12:37:55.716+0000] {logging_mixin.py:190} INFO - [2025-06-22T12:37:55.716+0000] {dag.py:3262} INFO - Creating ORM DAG for tutorial
[2025-06-22T12:37:55.735+0000] {logging_mixin.py:190} INFO - [2025-06-22T12:37:55.735+0000] {dag.py:4180} INFO - Setting next_dagrun for tutorial to 2025-06-21 00:00:00+00:00, run_after=2025-06-22 00:00:00+00:00
[2025-06-22T12:37:55.772+0000] {processor.py:208} INFO - Processing /home/airflow/.local/lib/python3.12/site-packages/airflow/example_dags/tutorial.py took 0.546 seconds
[2025-06-22T12:38:26.807+0000] {processor.py:186} INFO - Started process (PID=271) to work on /home/airflow/.local/lib/python3.12/site-packages/airflow/example_dags/tutorial.py
[2025-06-22T12:38:26.809+0000] {processor.py:914} INFO - Processing file /home/airflow/.local/lib/python3.12/site-packages/airflow/example_dags/tutorial.py for tasks to queue
[2025-06-22T12:38:26.813+0000] {logging_mixin.py:190} INFO - [2025-06-22T12:38:26.813+0000] {dagbag.py:588} INFO - Filling up the DagBag from /home/airflow/.local/lib/python3.12/site-packages/airflow/example_dags/tutorial.py
[2025-06-22T12:38:26.824+0000] {processor.py:925} INFO - DAG(s) 'tutorial' retrieved from /home/airflow/.local/lib/python3.12/site-packages/airflow/example_dags/tutorial.py
[2025-06-22T12:38:26.851+0000] {logging_mixin.py:190} INFO - [2025-06-22T12:38:26.851+0000] {dag.py:3239} INFO - Sync 1 DAGs
[2025-06-22T12:38:26.876+0000] {logging_mixin.py:190} INFO - [2025-06-22T12:38:26.875+0000] {dag.py:4180} INFO - Setting next_dagrun for tutorial to 2025-06-22 00:00:00+00:00, run_after=2025-06-23 00:00:00+00:00
[2025-06-22T12:38:26.897+0000] {processor.py:208} INFO - Processing /home/airflow/.local/lib/python3.12/site-packages/airflow/example_dags/tutorial.py took 0.096 seconds
