[2025-06-22T12:22:44.048+0000] {local_task_job_runner.py:123} INFO - ::group::Pre task execution logs
[2025-06-22T12:22:44.112+0000] {taskinstance.py:2614} INFO - Dependencies all met for dep_context=non-requeueable deps ti=<TaskInstance: example_xcom.bash_push scheduled__2021-01-01T00:00:00+00:00 [queued]>
[2025-06-22T12:22:44.181+0000] {taskinstance.py:2614} INFO - Dependencies all met for dep_context=requeueable deps ti=<TaskInstance: example_xcom.bash_push scheduled__2021-01-01T00:00:00+00:00 [queued]>
[2025-06-22T12:22:44.186+0000] {taskinstance.py:2867} INFO - Starting attempt 1 of 1
[2025-06-22T12:22:44.245+0000] {taskinstance.py:2890} INFO - Executing <Task(BashOperator): bash_push> on 2021-01-01 00:00:00+00:00
[2025-06-22T12:22:44.287+0000] {warnings.py:112} WARNING - /home/***/.local/lib/python3.12/site-packages/***/task/task_runner/standard_task_runner.py:70: DeprecationWarning: This process (pid=156) is multi-threaded, use of fork() may lead to deadlocks in the child.
  pid = os.fork()

[2025-06-22T12:22:44.299+0000] {standard_task_runner.py:72} INFO - Started process 190 to run task
[2025-06-22T12:22:44.290+0000] {standard_task_runner.py:104} INFO - Running: ['***', 'tasks', 'run', 'example_xcom', 'bash_push', 'scheduled__2021-01-01T00:00:00+00:00', '--job-id', '20', '--raw', '--subdir', '/home/***/.local/lib/python3.12/site-packages/***/example_dags/example_xcom.py', '--cfg-path', '/tmp/tmpftejfi2p']
[2025-06-22T12:22:44.302+0000] {standard_task_runner.py:105} INFO - Job 20: Subtask bash_push
[2025-06-22T12:22:44.922+0000] {task_command.py:467} INFO - Running <TaskInstance: example_xcom.bash_push scheduled__2021-01-01T00:00:00+00:00 [running]> on host 342e1477a02c
[2025-06-22T12:22:45.139+0000] {taskinstance.py:3134} INFO - Exporting env vars: AIRFLOW_CTX_DAG_OWNER='***' AIRFLOW_CTX_DAG_ID='example_xcom' AIRFLOW_CTX_TASK_ID='bash_push' AIRFLOW_CTX_EXECUTION_DATE='2021-01-01T00:00:00+00:00' AIRFLOW_CTX_TRY_NUMBER='1' AIRFLOW_CTX_DAG_RUN_ID='scheduled__2021-01-01T00:00:00+00:00'
[2025-06-22T12:22:45.140+0000] {logging_mixin.py:190} INFO - Task instance is in running state
[2025-06-22T12:22:45.143+0000] {logging_mixin.py:190} INFO -  Previous state of the Task instance: queued
[2025-06-22T12:22:45.149+0000] {logging_mixin.py:190} INFO - Current task name:bash_push state:running start_date:2025-06-22 12:22:44.116265+00:00
[2025-06-22T12:22:45.150+0000] {logging_mixin.py:190} INFO - Dag name:example_xcom and current dag run status:running
[2025-06-22T12:22:45.151+0000] {taskinstance.py:732} INFO - ::endgroup::
[2025-06-22T12:22:45.153+0000] {subprocess.py:78} INFO - Tmp dir root location: /tmp
[2025-06-22T12:22:45.156+0000] {subprocess.py:88} INFO - Running command: ['/usr/bin/bash', '-c', 'echo "bash_push demo"  && echo "Manually set xcom value None" && echo "value_by_return"']
[2025-06-22T12:22:45.223+0000] {subprocess.py:99} INFO - Output:
[2025-06-22T12:22:45.227+0000] {subprocess.py:106} INFO - bash_push demo
[2025-06-22T12:22:45.234+0000] {subprocess.py:106} INFO - Manually set xcom value None
[2025-06-22T12:22:45.235+0000] {subprocess.py:106} INFO - value_by_return
[2025-06-22T12:22:45.236+0000] {subprocess.py:110} INFO - Command exited with return code 0
[2025-06-22T12:22:45.286+0000] {taskinstance.py:341} INFO - ::group::Post task execution logs
[2025-06-22T12:22:45.288+0000] {taskinstance.py:353} INFO - Marking task as SUCCESS. dag_id=example_xcom, task_id=bash_push, run_id=scheduled__2021-01-01T00:00:00+00:00, execution_date=20210101T000000, start_date=20250622T122244, end_date=20250622T122245
[2025-06-22T12:22:45.655+0000] {logging_mixin.py:190} INFO - Task instance in success state
[2025-06-22T12:22:45.656+0000] {logging_mixin.py:190} INFO -  Previous state of the Task instance: running
[2025-06-22T12:22:45.656+0000] {logging_mixin.py:190} INFO - Dag name:example_xcom queued_at:2025-06-22 12:22:39.859831+00:00
[2025-06-22T12:22:45.658+0000] {logging_mixin.py:190} INFO - Task hostname:342e1477a02c operator:BashOperator
[2025-06-22T12:22:45.737+0000] {local_task_job_runner.py:266} INFO - Task exited with return code 0
[2025-06-22T12:22:46.097+0000] {taskinstance.py:3901} INFO - 0 downstream tasks scheduled from follow-on schedule check
[2025-06-22T12:22:46.103+0000] {local_task_job_runner.py:245} INFO - ::endgroup::
[2025-06-22T12:37:58.633+0000] {local_task_job_runner.py:123} INFO - ::group::Pre task execution logs
[2025-06-22T12:37:58.672+0000] {taskinstance.py:2614} INFO - Dependencies all met for dep_context=non-requeueable deps ti=<TaskInstance: example_xcom.bash_push scheduled__2021-01-01T00:00:00+00:00 [queued]>
[2025-06-22T12:37:58.689+0000] {taskinstance.py:2614} INFO - Dependencies all met for dep_context=requeueable deps ti=<TaskInstance: example_xcom.bash_push scheduled__2021-01-01T00:00:00+00:00 [queued]>
[2025-06-22T12:37:58.690+0000] {taskinstance.py:2867} INFO - Starting attempt 1 of 1
[2025-06-22T12:37:58.721+0000] {taskinstance.py:2890} INFO - Executing <Task(BashOperator): bash_push> on 2021-01-01 00:00:00+00:00
[2025-06-22T12:37:58.744+0000] {warnings.py:112} WARNING - /home/***/.local/lib/python3.12/site-packages/***/task/task_runner/standard_task_runner.py:70: DeprecationWarning: This process (pid=135) is multi-threaded, use of fork() may lead to deadlocks in the child.
  pid = os.fork()

[2025-06-22T12:37:58.747+0000] {standard_task_runner.py:72} INFO - Started process 175 to run task
[2025-06-22T12:37:58.748+0000] {standard_task_runner.py:104} INFO - Running: ['***', 'tasks', 'run', 'example_xcom', 'bash_push', 'scheduled__2021-01-01T00:00:00+00:00', '--job-id', '18', '--raw', '--subdir', '/home/***/.local/lib/python3.12/site-packages/***/example_dags/example_xcom.py', '--cfg-path', '/tmp/tmpqccdu0bu']
[2025-06-22T12:37:58.750+0000] {standard_task_runner.py:105} INFO - Job 18: Subtask bash_push
[2025-06-22T12:37:59.449+0000] {task_command.py:467} INFO - Running <TaskInstance: example_xcom.bash_push scheduled__2021-01-01T00:00:00+00:00 [running]> on host a5c304807a12
[2025-06-22T12:37:59.617+0000] {taskinstance.py:3134} INFO - Exporting env vars: AIRFLOW_CTX_DAG_OWNER='***' AIRFLOW_CTX_DAG_ID='example_xcom' AIRFLOW_CTX_TASK_ID='bash_push' AIRFLOW_CTX_EXECUTION_DATE='2021-01-01T00:00:00+00:00' AIRFLOW_CTX_TRY_NUMBER='1' AIRFLOW_CTX_DAG_RUN_ID='scheduled__2021-01-01T00:00:00+00:00'
[2025-06-22T12:37:59.619+0000] {logging_mixin.py:190} INFO - Task instance is in running state
[2025-06-22T12:37:59.620+0000] {logging_mixin.py:190} INFO -  Previous state of the Task instance: queued
[2025-06-22T12:37:59.620+0000] {logging_mixin.py:190} INFO - Current task name:bash_push state:running start_date:2025-06-22 12:37:58.673319+00:00
[2025-06-22T12:37:59.621+0000] {logging_mixin.py:190} INFO - Dag name:example_xcom and current dag run status:running
[2025-06-22T12:37:59.622+0000] {taskinstance.py:732} INFO - ::endgroup::
[2025-06-22T12:37:59.623+0000] {subprocess.py:78} INFO - Tmp dir root location: /tmp
[2025-06-22T12:37:59.625+0000] {subprocess.py:88} INFO - Running command: ['/usr/bin/bash', '-c', 'echo "bash_push demo"  && echo "Manually set xcom value None" && echo "value_by_return"']
[2025-06-22T12:37:59.673+0000] {subprocess.py:99} INFO - Output:
[2025-06-22T12:37:59.674+0000] {subprocess.py:106} INFO - bash_push demo
[2025-06-22T12:37:59.676+0000] {subprocess.py:106} INFO - Manually set xcom value None
[2025-06-22T12:37:59.677+0000] {subprocess.py:106} INFO - value_by_return
[2025-06-22T12:37:59.677+0000] {subprocess.py:110} INFO - Command exited with return code 0
[2025-06-22T12:37:59.720+0000] {taskinstance.py:341} INFO - ::group::Post task execution logs
[2025-06-22T12:37:59.722+0000] {taskinstance.py:353} INFO - Marking task as SUCCESS. dag_id=example_xcom, task_id=bash_push, run_id=scheduled__2021-01-01T00:00:00+00:00, execution_date=20210101T000000, start_date=20250622T123758, end_date=20250622T123759
[2025-06-22T12:37:59.886+0000] {logging_mixin.py:190} INFO - Task instance in success state
[2025-06-22T12:37:59.889+0000] {logging_mixin.py:190} INFO -  Previous state of the Task instance: running
[2025-06-22T12:37:59.890+0000] {logging_mixin.py:190} INFO - Dag name:example_xcom queued_at:2025-06-22 12:37:53.793495+00:00
[2025-06-22T12:37:59.895+0000] {logging_mixin.py:190} INFO - Task hostname:a5c304807a12 operator:BashOperator
[2025-06-22T12:37:59.969+0000] {local_task_job_runner.py:266} INFO - Task exited with return code 0
[2025-06-22T12:38:00.329+0000] {taskinstance.py:3901} INFO - 2 downstream tasks scheduled from follow-on schedule check
[2025-06-22T12:38:00.341+0000] {local_task_job_runner.py:245} INFO - ::endgroup::
