[2025-06-27T16:58:12.158+0000] {local_task_job_runner.py:123} INFO - ::group::Pre task execution logs
[2025-06-27T16:58:12.196+0000] {taskinstance.py:2614} INFO - Dependencies all met for dep_context=non-requeueable deps ti=<TaskInstance: tutorial.sleep scheduled__2025-06-22T00:00:00+00:00 [queued]>
[2025-06-27T16:58:12.215+0000] {taskinstance.py:2614} INFO - Dependencies all met for dep_context=requeueable deps ti=<TaskInstance: tutorial.sleep scheduled__2025-06-22T00:00:00+00:00 [queued]>
[2025-06-27T16:58:12.216+0000] {taskinstance.py:2867} INFO - Starting attempt 1 of 4
[2025-06-27T16:58:12.479+0000] {taskinstance.py:2890} INFO - Executing <Task(BashOperator): sleep> on 2025-06-22 00:00:00+00:00
[2025-06-27T16:58:12.495+0000] {warnings.py:112} WARNING - /home/***/.local/lib/python3.12/site-packages/***/task/task_runner/standard_task_runner.py:70: DeprecationWarning: This process (pid=294) is multi-threaded, use of fork() may lead to deadlocks in the child.
  pid = os.fork()

[2025-06-27T16:58:12.500+0000] {standard_task_runner.py:72} INFO - Started process 340 to run task
[2025-06-27T16:58:12.503+0000] {standard_task_runner.py:104} INFO - Running: ['***', 'tasks', 'run', 'tutorial', 'sleep', 'scheduled__2025-06-22T00:00:00+00:00', '--job-id', '121', '--raw', '--subdir', '/home/***/.local/lib/python3.12/site-packages/***/example_dags/tutorial.py', '--cfg-path', '/tmp/tmpswsn_v8p']
[2025-06-27T16:58:12.510+0000] {standard_task_runner.py:105} INFO - Job 121: Subtask sleep
[2025-06-27T16:58:12.607+0000] {task_command.py:467} INFO - Running <TaskInstance: tutorial.sleep scheduled__2025-06-22T00:00:00+00:00 [running]> on host a5c304807a12
[2025-06-27T16:58:12.771+0000] {taskinstance.py:3134} INFO - Exporting env vars: AIRFLOW_CTX_DAG_EMAIL='***@example.com' AIRFLOW_CTX_DAG_OWNER='***' AIRFLOW_CTX_DAG_ID='tutorial' AIRFLOW_CTX_TASK_ID='sleep' AIRFLOW_CTX_EXECUTION_DATE='2025-06-22T00:00:00+00:00' AIRFLOW_CTX_TRY_NUMBER='1' AIRFLOW_CTX_DAG_RUN_ID='scheduled__2025-06-22T00:00:00+00:00'
[2025-06-27T16:58:12.776+0000] {logging_mixin.py:190} INFO - Task instance is in running state
[2025-06-27T16:58:12.777+0000] {logging_mixin.py:190} INFO -  Previous state of the Task instance: queued
[2025-06-27T16:58:12.777+0000] {logging_mixin.py:190} INFO - Current task name:sleep state:running start_date:2025-06-27 16:58:12.197223+00:00
[2025-06-27T16:58:12.780+0000] {logging_mixin.py:190} INFO - Dag name:tutorial and current dag run status:running
[2025-06-27T16:58:12.781+0000] {taskinstance.py:732} INFO - ::endgroup::
[2025-06-27T16:58:12.786+0000] {subprocess.py:78} INFO - Tmp dir root location: /tmp
[2025-06-27T16:58:12.789+0000] {subprocess.py:88} INFO - Running command: ['/usr/bin/bash', '-c', 'sleep 5']
[2025-06-27T16:58:12.816+0000] {subprocess.py:99} INFO - Output:
[2025-06-27T16:58:17.821+0000] {subprocess.py:110} INFO - Command exited with return code 0
[2025-06-27T16:58:17.857+0000] {taskinstance.py:341} INFO - ::group::Post task execution logs
[2025-06-27T16:58:17.858+0000] {taskinstance.py:353} INFO - Marking task as SUCCESS. dag_id=tutorial, task_id=sleep, run_id=scheduled__2025-06-22T00:00:00+00:00, execution_date=20250622T000000, start_date=20250627T165812, end_date=20250627T165817
[2025-06-27T16:58:17.903+0000] {logging_mixin.py:190} INFO - Task instance in success state
[2025-06-27T16:58:17.903+0000] {logging_mixin.py:190} INFO -  Previous state of the Task instance: running
[2025-06-27T16:58:17.904+0000] {logging_mixin.py:190} INFO - Dag name:tutorial queued_at:2025-06-27 16:57:54.121626+00:00
[2025-06-27T16:58:17.905+0000] {logging_mixin.py:190} INFO - Task hostname:a5c304807a12 operator:BashOperator
[2025-06-27T16:58:17.952+0000] {local_task_job_runner.py:266} INFO - Task exited with return code 0
[2025-06-27T16:58:17.980+0000] {taskinstance.py:3901} INFO - 0 downstream tasks scheduled from follow-on schedule check
[2025-06-27T16:58:17.983+0000] {local_task_job_runner.py:245} INFO - ::endgroup::
