[2025-06-22T12:38:33.433+0000] {local_task_job_runner.py:123} INFO - ::group::Pre task execution logs
[2025-06-22T12:38:33.456+0000] {taskinstance.py:2614} INFO - Dependencies all met for dep_context=non-requeueable deps ti=<TaskInstance: example_branch_python_operator_decorator.venv_a scheduled__2025-06-21T00:00:00+00:00 [queued]>
[2025-06-22T12:38:33.588+0000] {taskinstance.py:2614} INFO - Dependencies all met for dep_context=requeueable deps ti=<TaskInstance: example_branch_python_operator_decorator.venv_a scheduled__2025-06-21T00:00:00+00:00 [queued]>
[2025-06-22T12:38:33.589+0000] {taskinstance.py:2867} INFO - Starting attempt 1 of 1
[2025-06-22T12:38:33.604+0000] {taskinstance.py:2890} INFO - Executing <Task(_PythonVirtualenvDecoratedOperator): venv_a> on 2025-06-21 00:00:00+00:00
[2025-06-22T12:38:33.613+0000] {warnings.py:112} WARNING - /home/***/.local/lib/python3.12/site-packages/***/task/task_runner/standard_task_runner.py:70: DeprecationWarning: This process (pid=514) is multi-threaded, use of fork() may lead to deadlocks in the child.
  pid = os.fork()

[2025-06-22T12:38:33.615+0000] {standard_task_runner.py:72} INFO - Started process 519 to run task
[2025-06-22T12:38:33.615+0000] {standard_task_runner.py:104} INFO - Running: ['***', 'tasks', 'run', 'example_branch_python_operator_decorator', 'venv_a', 'scheduled__2025-06-21T00:00:00+00:00', '--job-id', '64', '--raw', '--subdir', '/home/***/.local/lib/python3.12/site-packages/***/example_dags/example_branch_operator_decorator.py', '--cfg-path', '/tmp/tmppuyj_72t']
[2025-06-22T12:38:33.616+0000] {standard_task_runner.py:105} INFO - Job 64: Subtask venv_a
[2025-06-22T12:38:33.684+0000] {task_command.py:467} INFO - Running <TaskInstance: example_branch_python_operator_decorator.venv_a scheduled__2025-06-21T00:00:00+00:00 [running]> on host a5c304807a12
[2025-06-22T12:38:33.771+0000] {taskinstance.py:3134} INFO - Exporting env vars: AIRFLOW_CTX_DAG_OWNER='***' AIRFLOW_CTX_DAG_ID='example_branch_python_operator_decorator' AIRFLOW_CTX_TASK_ID='venv_a' AIRFLOW_CTX_EXECUTION_DATE='2025-06-21T00:00:00+00:00' AIRFLOW_CTX_TRY_NUMBER='1' AIRFLOW_CTX_DAG_RUN_ID='scheduled__2025-06-21T00:00:00+00:00'
[2025-06-22T12:38:33.772+0000] {logging_mixin.py:190} INFO - Task instance is in running state
[2025-06-22T12:38:33.773+0000] {logging_mixin.py:190} INFO -  Previous state of the Task instance: queued
[2025-06-22T12:38:33.773+0000] {logging_mixin.py:190} INFO - Current task name:venv_a state:running start_date:2025-06-22 12:38:33.457365+00:00
[2025-06-22T12:38:33.773+0000] {logging_mixin.py:190} INFO - Dag name:example_branch_python_operator_decorator and current dag run status:running
[2025-06-22T12:38:33.774+0000] {taskinstance.py:732} INFO - ::endgroup::
[2025-06-22T12:38:33.782+0000] {python.py:809} INFO - Python virtual environment will be cached in /tmp/venv-5ea997a7
[2025-06-22T12:38:33.785+0000] {python.py:823} INFO - Re-using cached Python virtual environment in /tmp/venv-5ea997a7
[2025-06-22T12:38:33.796+0000] {process_utils.py:186} INFO - Executing cmd: /tmp/venv-5ea997a7/bin/python /tmp/venv-call59cedp2a/script.py /tmp/venv-call59cedp2a/script.in /tmp/venv-call59cedp2a/script.out /tmp/venv-call59cedp2a/string_args.txt /tmp/venv-call59cedp2a/termination.log
[2025-06-22T12:38:33.798+0000] {process_utils.py:190} INFO - Output:
[2025-06-22T12:38:36.199+0000] {process_utils.py:194} INFO - Some numpy stuff: [0 1 2 3 4 5]
[2025-06-22T12:38:36.559+0000] {python.py:240} INFO - Done. Returned value was: None
[2025-06-22T12:38:36.572+0000] {taskinstance.py:341} INFO - ::group::Post task execution logs
[2025-06-22T12:38:36.572+0000] {taskinstance.py:353} INFO - Marking task as SUCCESS. dag_id=example_branch_python_operator_decorator, task_id=venv_a, run_id=scheduled__2025-06-21T00:00:00+00:00, execution_date=20250621T000000, start_date=20250622T123833, end_date=20250622T123836
[2025-06-22T12:38:36.607+0000] {logging_mixin.py:190} INFO - Task instance in success state
[2025-06-22T12:38:36.608+0000] {logging_mixin.py:190} INFO -  Previous state of the Task instance: running
[2025-06-22T12:38:36.608+0000] {logging_mixin.py:190} INFO - Dag name:example_branch_python_operator_decorator queued_at:2025-06-22 12:37:53.893513+00:00
[2025-06-22T12:38:36.609+0000] {logging_mixin.py:190} INFO - Task hostname:a5c304807a12 operator:_PythonVirtualenvDecoratedOperator
[2025-06-22T12:38:36.638+0000] {local_task_job_runner.py:266} INFO - Task exited with return code 0
[2025-06-22T12:38:36.665+0000] {taskinstance.py:3901} INFO - 0 downstream tasks scheduled from follow-on schedule check
[2025-06-22T12:38:36.668+0000] {local_task_job_runner.py:245} INFO - ::endgroup::
