[2025-06-22T12:22:50.127+0000] {local_task_job_runner.py:123} INFO - ::group::Pre task execution logs
[2025-06-22T12:22:50.181+0000] {taskinstance.py:2614} INFO - Dependencies all met for dep_context=non-requeueable deps ti=<TaskInstance: example_xcom.pull_value_from_bash_push scheduled__2021-01-01T00:00:00+00:00 [queued]>
[2025-06-22T12:22:50.209+0000] {taskinstance.py:2614} INFO - Dependencies all met for dep_context=requeueable deps ti=<TaskInstance: example_xcom.pull_value_from_bash_push scheduled__2021-01-01T00:00:00+00:00 [queued]>
[2025-06-22T12:22:50.211+0000] {taskinstance.py:2867} INFO - Starting attempt 1 of 1
[2025-06-22T12:22:50.758+0000] {taskinstance.py:2890} INFO - Executing <Task(_PythonDecoratedOperator): pull_value_from_bash_push> on 2021-01-01 00:00:00+00:00
[2025-06-22T12:22:50.779+0000] {warnings.py:112} WARNING - /home/***/.local/lib/python3.12/site-packages/***/task/task_runner/standard_task_runner.py:70: DeprecationWarning: This process (pid=227) is multi-threaded, use of fork() may lead to deadlocks in the child.
  pid = os.fork()

[2025-06-22T12:22:50.786+0000] {standard_task_runner.py:72} INFO - Started process 256 to run task
[2025-06-22T12:22:50.787+0000] {standard_task_runner.py:104} INFO - Running: ['***', 'tasks', 'run', 'example_xcom', 'pull_value_from_bash_push', 'scheduled__2021-01-01T00:00:00+00:00', '--job-id', '34', '--raw', '--subdir', '/home/***/.local/lib/python3.12/site-packages/***/example_dags/example_xcom.py', '--cfg-path', '/tmp/tmpw9al9i2d']
[2025-06-22T12:22:50.790+0000] {standard_task_runner.py:105} INFO - Job 34: Subtask pull_value_from_bash_push
[2025-06-22T12:22:51.032+0000] {task_command.py:467} INFO - Running <TaskInstance: example_xcom.pull_value_from_bash_push scheduled__2021-01-01T00:00:00+00:00 [running]> on host 342e1477a02c
[2025-06-22T12:22:51.242+0000] {taskinstance.py:3134} INFO - Exporting env vars: AIRFLOW_CTX_DAG_OWNER='***' AIRFLOW_CTX_DAG_ID='example_xcom' AIRFLOW_CTX_TASK_ID='pull_value_from_bash_push' AIRFLOW_CTX_EXECUTION_DATE='2021-01-01T00:00:00+00:00' AIRFLOW_CTX_TRY_NUMBER='1' AIRFLOW_CTX_DAG_RUN_ID='scheduled__2021-01-01T00:00:00+00:00'
[2025-06-22T12:22:51.250+0000] {logging_mixin.py:190} INFO - Task instance is in running state
[2025-06-22T12:22:51.251+0000] {logging_mixin.py:190} INFO -  Previous state of the Task instance: queued
[2025-06-22T12:22:51.257+0000] {logging_mixin.py:190} INFO - Current task name:pull_value_from_bash_push state:running start_date:2025-06-22 12:22:50.182758+00:00
[2025-06-22T12:22:51.263+0000] {logging_mixin.py:190} INFO - Dag name:example_xcom and current dag run status:running
[2025-06-22T12:22:51.265+0000] {taskinstance.py:732} INFO - ::endgroup::
[2025-06-22T12:22:51.305+0000] {logging_mixin.py:190} INFO - The xcom value pushed by task push via return value is value_by_return
[2025-06-22T12:22:51.311+0000] {logging_mixin.py:190} INFO - The xcom value pushed by task push manually is manually_pushed_value
[2025-06-22T12:22:51.313+0000] {python.py:240} INFO - Done. Returned value was: None
[2025-06-22T12:22:51.356+0000] {taskinstance.py:341} INFO - ::group::Post task execution logs
[2025-06-22T12:22:51.357+0000] {taskinstance.py:353} INFO - Marking task as SUCCESS. dag_id=example_xcom, task_id=pull_value_from_bash_push, run_id=scheduled__2021-01-01T00:00:00+00:00, execution_date=20210101T000000, start_date=20250622T122250, end_date=20250622T122251
[2025-06-22T12:22:51.419+0000] {logging_mixin.py:190} INFO - Task instance in success state
[2025-06-22T12:22:51.420+0000] {logging_mixin.py:190} INFO -  Previous state of the Task instance: running
[2025-06-22T12:22:51.421+0000] {logging_mixin.py:190} INFO - Dag name:example_xcom queued_at:2025-06-22 12:22:39.859831+00:00
[2025-06-22T12:22:51.434+0000] {logging_mixin.py:190} INFO - Task hostname:342e1477a02c operator:_PythonDecoratedOperator
[2025-06-22T12:22:51.505+0000] {local_task_job_runner.py:266} INFO - Task exited with return code 0
[2025-06-22T12:22:51.540+0000] {taskinstance.py:3901} INFO - 0 downstream tasks scheduled from follow-on schedule check
[2025-06-22T12:22:51.546+0000] {local_task_job_runner.py:245} INFO - ::endgroup::
[2025-06-22T12:38:05.268+0000] {local_task_job_runner.py:123} INFO - ::group::Pre task execution logs
[2025-06-22T12:38:05.318+0000] {taskinstance.py:2614} INFO - Dependencies all met for dep_context=non-requeueable deps ti=<TaskInstance: example_xcom.pull_value_from_bash_push scheduled__2021-01-01T00:00:00+00:00 [queued]>
[2025-06-22T12:38:05.349+0000] {taskinstance.py:2614} INFO - Dependencies all met for dep_context=requeueable deps ti=<TaskInstance: example_xcom.pull_value_from_bash_push scheduled__2021-01-01T00:00:00+00:00 [queued]>
[2025-06-22T12:38:05.354+0000] {taskinstance.py:2867} INFO - Starting attempt 1 of 1
[2025-06-22T12:38:05.757+0000] {taskinstance.py:2890} INFO - Executing <Task(_PythonDecoratedOperator): pull_value_from_bash_push> on 2021-01-01 00:00:00+00:00
[2025-06-22T12:38:05.774+0000] {warnings.py:112} WARNING - /home/***/.local/lib/python3.12/site-packages/***/task/task_runner/standard_task_runner.py:70: DeprecationWarning: This process (pid=209) is multi-threaded, use of fork() may lead to deadlocks in the child.
  pid = os.fork()

[2025-06-22T12:38:05.778+0000] {standard_task_runner.py:72} INFO - Started process 250 to run task
[2025-06-22T12:38:05.783+0000] {standard_task_runner.py:104} INFO - Running: ['***', 'tasks', 'run', 'example_xcom', 'pull_value_from_bash_push', 'scheduled__2021-01-01T00:00:00+00:00', '--job-id', '33', '--raw', '--subdir', '/home/***/.local/lib/python3.12/site-packages/***/example_dags/example_xcom.py', '--cfg-path', '/tmp/tmpu20lv828']
[2025-06-22T12:38:05.787+0000] {standard_task_runner.py:105} INFO - Job 33: Subtask pull_value_from_bash_push
[2025-06-22T12:38:05.905+0000] {task_command.py:467} INFO - Running <TaskInstance: example_xcom.pull_value_from_bash_push scheduled__2021-01-01T00:00:00+00:00 [running]> on host a5c304807a12
[2025-06-22T12:38:06.061+0000] {taskinstance.py:3134} INFO - Exporting env vars: AIRFLOW_CTX_DAG_OWNER='***' AIRFLOW_CTX_DAG_ID='example_xcom' AIRFLOW_CTX_TASK_ID='pull_value_from_bash_push' AIRFLOW_CTX_EXECUTION_DATE='2021-01-01T00:00:00+00:00' AIRFLOW_CTX_TRY_NUMBER='1' AIRFLOW_CTX_DAG_RUN_ID='scheduled__2021-01-01T00:00:00+00:00'
[2025-06-22T12:38:06.066+0000] {logging_mixin.py:190} INFO - Task instance is in running state
[2025-06-22T12:38:06.069+0000] {logging_mixin.py:190} INFO -  Previous state of the Task instance: queued
[2025-06-22T12:38:06.070+0000] {logging_mixin.py:190} INFO - Current task name:pull_value_from_bash_push state:running start_date:2025-06-22 12:38:05.319673+00:00
[2025-06-22T12:38:06.072+0000] {logging_mixin.py:190} INFO - Dag name:example_xcom and current dag run status:running
[2025-06-22T12:38:06.074+0000] {taskinstance.py:732} INFO - ::endgroup::
[2025-06-22T12:38:06.111+0000] {logging_mixin.py:190} INFO - The xcom value pushed by task push via return value is value_by_return
[2025-06-22T12:38:06.112+0000] {logging_mixin.py:190} INFO - The xcom value pushed by task push manually is manually_pushed_value
[2025-06-22T12:38:06.113+0000] {python.py:240} INFO - Done. Returned value was: None
[2025-06-22T12:38:06.131+0000] {taskinstance.py:341} INFO - ::group::Post task execution logs
[2025-06-22T12:38:06.132+0000] {taskinstance.py:353} INFO - Marking task as SUCCESS. dag_id=example_xcom, task_id=pull_value_from_bash_push, run_id=scheduled__2021-01-01T00:00:00+00:00, execution_date=20210101T000000, start_date=20250622T123805, end_date=20250622T123806
[2025-06-22T12:38:06.186+0000] {logging_mixin.py:190} INFO - Task instance in success state
[2025-06-22T12:38:06.187+0000] {logging_mixin.py:190} INFO -  Previous state of the Task instance: running
[2025-06-22T12:38:06.187+0000] {logging_mixin.py:190} INFO - Dag name:example_xcom queued_at:2025-06-22 12:37:53.793495+00:00
[2025-06-22T12:38:06.189+0000] {logging_mixin.py:190} INFO - Task hostname:a5c304807a12 operator:_PythonDecoratedOperator
[2025-06-22T12:38:06.217+0000] {local_task_job_runner.py:266} INFO - Task exited with return code 0
[2025-06-22T12:38:06.252+0000] {taskinstance.py:3901} INFO - 0 downstream tasks scheduled from follow-on schedule check
[2025-06-22T12:38:06.256+0000] {local_task_job_runner.py:245} INFO - ::endgroup::
