[2025-06-22T12:22:30.597+0000] {processor.py:186} INFO - Started process (PID=84) to work on /opt/airflow/dags/new_dag.py
[2025-06-22T12:22:30.598+0000] {processor.py:914} INFO - Processing file /opt/airflow/dags/new_dag.py for tasks to queue
[2025-06-22T12:22:30.600+0000] {logging_mixin.py:190} INFO - [2025-06-22T12:22:30.600+0000] {dagbag.py:588} INFO - Filling up the DagBag from /opt/airflow/dags/new_dag.py
[2025-06-22T12:22:30.629+0000] {processor.py:925} INFO - DAG(s) 'new_dag' retrieved from /opt/airflow/dags/new_dag.py
[2025-06-22T12:22:30.849+0000] {logging_mixin.py:190} INFO - [2025-06-22T12:22:30.848+0000] {override.py:1912} INFO - Created Permission View: can read on DAG:new_dag
[2025-06-22T12:22:30.859+0000] {logging_mixin.py:190} INFO - [2025-06-22T12:22:30.858+0000] {override.py:1912} INFO - Created Permission View: can edit on DAG:new_dag
[2025-06-22T12:22:30.866+0000] {logging_mixin.py:190} INFO - [2025-06-22T12:22:30.865+0000] {override.py:1912} INFO - Created Permission View: can delete on DAG:new_dag
[2025-06-22T12:22:30.877+0000] {logging_mixin.py:190} INFO - [2025-06-22T12:22:30.877+0000] {override.py:1912} INFO - Created Permission View: can read on DAG Run:new_dag
[2025-06-22T12:22:30.884+0000] {logging_mixin.py:190} INFO - [2025-06-22T12:22:30.884+0000] {override.py:1912} INFO - Created Permission View: can create on DAG Run:new_dag
[2025-06-22T12:22:30.891+0000] {logging_mixin.py:190} INFO - [2025-06-22T12:22:30.891+0000] {override.py:1912} INFO - Created Permission View: can delete on DAG Run:new_dag
[2025-06-22T12:22:30.898+0000] {logging_mixin.py:190} INFO - [2025-06-22T12:22:30.897+0000] {override.py:1912} INFO - Created Permission View: menu access on DAG Run:new_dag
[2025-06-22T12:22:30.898+0000] {logging_mixin.py:190} INFO - [2025-06-22T12:22:30.898+0000] {dag.py:3239} INFO - Sync 1 DAGs
[2025-06-22T12:22:30.909+0000] {logging_mixin.py:190} INFO - [2025-06-22T12:22:30.909+0000] {dag.py:3262} INFO - Creating ORM DAG for new_dag
[2025-06-22T12:22:30.910+0000] {logging_mixin.py:190} INFO - [2025-06-22T12:22:30.910+0000] {dag.py:4180} INFO - Setting next_dagrun for new_dag to None, run_after=None
[2025-06-22T12:22:30.931+0000] {processor.py:208} INFO - Processing /opt/airflow/dags/new_dag.py took 0.339 seconds
[2025-06-22T12:23:01.222+0000] {processor.py:186} INFO - Started process (PID=211) to work on /opt/airflow/dags/new_dag.py
[2025-06-22T12:23:01.223+0000] {processor.py:914} INFO - Processing file /opt/airflow/dags/new_dag.py for tasks to queue
[2025-06-22T12:23:01.227+0000] {logging_mixin.py:190} INFO - [2025-06-22T12:23:01.227+0000] {dagbag.py:588} INFO - Filling up the DagBag from /opt/airflow/dags/new_dag.py
[2025-06-22T12:23:01.250+0000] {processor.py:925} INFO - DAG(s) 'new_dag' retrieved from /opt/airflow/dags/new_dag.py
[2025-06-22T12:23:01.275+0000] {logging_mixin.py:190} INFO - [2025-06-22T12:23:01.274+0000] {dag.py:3239} INFO - Sync 1 DAGs
[2025-06-22T12:23:01.299+0000] {logging_mixin.py:190} INFO - [2025-06-22T12:23:01.299+0000] {dag.py:4180} INFO - Setting next_dagrun for new_dag to None, run_after=None
[2025-06-22T12:23:01.334+0000] {processor.py:208} INFO - Processing /opt/airflow/dags/new_dag.py took 0.119 seconds
[2025-06-22T12:23:31.551+0000] {processor.py:186} INFO - Started process (PID=280) to work on /opt/airflow/dags/new_dag.py
[2025-06-22T12:23:31.552+0000] {processor.py:914} INFO - Processing file /opt/airflow/dags/new_dag.py for tasks to queue
[2025-06-22T12:23:31.554+0000] {logging_mixin.py:190} INFO - [2025-06-22T12:23:31.554+0000] {dagbag.py:588} INFO - Filling up the DagBag from /opt/airflow/dags/new_dag.py
[2025-06-22T12:23:31.577+0000] {processor.py:925} INFO - DAG(s) 'new_dag' retrieved from /opt/airflow/dags/new_dag.py
[2025-06-22T12:23:31.594+0000] {logging_mixin.py:190} INFO - [2025-06-22T12:23:31.594+0000] {dag.py:3239} INFO - Sync 1 DAGs
[2025-06-22T12:23:31.610+0000] {logging_mixin.py:190} INFO - [2025-06-22T12:23:31.610+0000] {dag.py:4180} INFO - Setting next_dagrun for new_dag to None, run_after=None
[2025-06-22T12:23:31.635+0000] {processor.py:208} INFO - Processing /opt/airflow/dags/new_dag.py took 0.090 seconds
[2025-06-22T12:27:18.254+0000] {processor.py:186} INFO - Started process (PID=72) to work on /opt/airflow/dags/new_dag.py
[2025-06-22T12:27:18.255+0000] {processor.py:914} INFO - Processing file /opt/airflow/dags/new_dag.py for tasks to queue
[2025-06-22T12:27:18.258+0000] {logging_mixin.py:190} INFO - [2025-06-22T12:27:18.257+0000] {dagbag.py:588} INFO - Filling up the DagBag from /opt/airflow/dags/new_dag.py
[2025-06-22T12:27:18.275+0000] {processor.py:925} INFO - DAG(s) 'new_dag' retrieved from /opt/airflow/dags/new_dag.py
[2025-06-22T12:27:18.303+0000] {logging_mixin.py:190} INFO - [2025-06-22T12:27:18.302+0000] {dag.py:3239} INFO - Sync 1 DAGs
[2025-06-22T12:27:18.318+0000] {logging_mixin.py:190} INFO - [2025-06-22T12:27:18.318+0000] {dag.py:4180} INFO - Setting next_dagrun for new_dag to None, run_after=None
[2025-06-22T12:27:18.339+0000] {processor.py:208} INFO - Processing /opt/airflow/dags/new_dag.py took 0.092 seconds
[2025-06-22T12:27:48.423+0000] {processor.py:186} INFO - Started process (PID=154) to work on /opt/airflow/dags/new_dag.py
[2025-06-22T12:27:48.424+0000] {processor.py:914} INFO - Processing file /opt/airflow/dags/new_dag.py for tasks to queue
[2025-06-22T12:27:48.427+0000] {logging_mixin.py:190} INFO - [2025-06-22T12:27:48.426+0000] {dagbag.py:588} INFO - Filling up the DagBag from /opt/airflow/dags/new_dag.py
[2025-06-22T12:27:48.442+0000] {processor.py:925} INFO - DAG(s) 'new_dag' retrieved from /opt/airflow/dags/new_dag.py
[2025-06-22T12:27:48.459+0000] {logging_mixin.py:190} INFO - [2025-06-22T12:27:48.459+0000] {dag.py:3239} INFO - Sync 1 DAGs
[2025-06-22T12:27:48.474+0000] {logging_mixin.py:190} INFO - [2025-06-22T12:27:48.474+0000] {dag.py:4180} INFO - Setting next_dagrun for new_dag to None, run_after=None
[2025-06-22T12:27:48.497+0000] {processor.py:208} INFO - Processing /opt/airflow/dags/new_dag.py took 0.079 seconds
[2025-06-22T12:28:18.685+0000] {processor.py:186} INFO - Started process (PID=224) to work on /opt/airflow/dags/new_dag.py
[2025-06-22T12:28:18.686+0000] {processor.py:914} INFO - Processing file /opt/airflow/dags/new_dag.py for tasks to queue
[2025-06-22T12:28:18.688+0000] {logging_mixin.py:190} INFO - [2025-06-22T12:28:18.688+0000] {dagbag.py:588} INFO - Filling up the DagBag from /opt/airflow/dags/new_dag.py
[2025-06-22T12:28:18.705+0000] {processor.py:925} INFO - DAG(s) 'new_dag' retrieved from /opt/airflow/dags/new_dag.py
[2025-06-22T12:28:18.726+0000] {logging_mixin.py:190} INFO - [2025-06-22T12:28:18.726+0000] {dag.py:3239} INFO - Sync 1 DAGs
[2025-06-22T12:28:18.745+0000] {logging_mixin.py:190} INFO - [2025-06-22T12:28:18.745+0000] {dag.py:4180} INFO - Setting next_dagrun for new_dag to None, run_after=None
[2025-06-22T12:28:18.772+0000] {processor.py:208} INFO - Processing /opt/airflow/dags/new_dag.py took 0.092 seconds
[2025-06-22T12:28:48.889+0000] {processor.py:186} INFO - Started process (PID=288) to work on /opt/airflow/dags/new_dag.py
[2025-06-22T12:28:48.890+0000] {processor.py:914} INFO - Processing file /opt/airflow/dags/new_dag.py for tasks to queue
[2025-06-22T12:28:48.893+0000] {logging_mixin.py:190} INFO - [2025-06-22T12:28:48.892+0000] {dagbag.py:588} INFO - Filling up the DagBag from /opt/airflow/dags/new_dag.py
[2025-06-22T12:28:48.907+0000] {processor.py:925} INFO - DAG(s) 'new_dag' retrieved from /opt/airflow/dags/new_dag.py
[2025-06-22T12:28:48.924+0000] {logging_mixin.py:190} INFO - [2025-06-22T12:28:48.923+0000] {dag.py:3239} INFO - Sync 1 DAGs
[2025-06-22T12:28:48.936+0000] {logging_mixin.py:190} INFO - [2025-06-22T12:28:48.936+0000] {dag.py:4180} INFO - Setting next_dagrun for new_dag to None, run_after=None
[2025-06-22T12:28:48.956+0000] {processor.py:208} INFO - Processing /opt/airflow/dags/new_dag.py took 0.072 seconds
[2025-06-22T12:29:19.815+0000] {processor.py:186} INFO - Started process (PID=357) to work on /opt/airflow/dags/new_dag.py
[2025-06-22T12:29:19.816+0000] {processor.py:914} INFO - Processing file /opt/airflow/dags/new_dag.py for tasks to queue
[2025-06-22T12:29:19.819+0000] {logging_mixin.py:190} INFO - [2025-06-22T12:29:19.818+0000] {dagbag.py:588} INFO - Filling up the DagBag from /opt/airflow/dags/new_dag.py
[2025-06-22T12:29:19.833+0000] {processor.py:925} INFO - DAG(s) 'new_dag' retrieved from /opt/airflow/dags/new_dag.py
[2025-06-22T12:29:19.848+0000] {logging_mixin.py:190} INFO - [2025-06-22T12:29:19.848+0000] {dag.py:3239} INFO - Sync 1 DAGs
[2025-06-22T12:29:19.862+0000] {logging_mixin.py:190} INFO - [2025-06-22T12:29:19.861+0000] {dag.py:4180} INFO - Setting next_dagrun for new_dag to None, run_after=None
[2025-06-22T12:29:19.881+0000] {processor.py:208} INFO - Processing /opt/airflow/dags/new_dag.py took 0.073 seconds
[2025-06-22T12:29:50.415+0000] {processor.py:186} INFO - Started process (PID=427) to work on /opt/airflow/dags/new_dag.py
[2025-06-22T12:29:50.416+0000] {processor.py:914} INFO - Processing file /opt/airflow/dags/new_dag.py for tasks to queue
[2025-06-22T12:29:50.418+0000] {logging_mixin.py:190} INFO - [2025-06-22T12:29:50.418+0000] {dagbag.py:588} INFO - Filling up the DagBag from /opt/airflow/dags/new_dag.py
[2025-06-22T12:29:50.432+0000] {processor.py:925} INFO - DAG(s) 'new_dag' retrieved from /opt/airflow/dags/new_dag.py
[2025-06-22T12:29:50.450+0000] {logging_mixin.py:190} INFO - [2025-06-22T12:29:50.450+0000] {dag.py:3239} INFO - Sync 1 DAGs
[2025-06-22T12:29:50.463+0000] {logging_mixin.py:190} INFO - [2025-06-22T12:29:50.463+0000] {dag.py:4180} INFO - Setting next_dagrun for new_dag to None, run_after=None
[2025-06-22T12:29:50.490+0000] {processor.py:208} INFO - Processing /opt/airflow/dags/new_dag.py took 0.081 seconds
[2025-06-22T12:30:21.015+0000] {processor.py:186} INFO - Started process (PID=497) to work on /opt/airflow/dags/new_dag.py
[2025-06-22T12:30:21.016+0000] {processor.py:914} INFO - Processing file /opt/airflow/dags/new_dag.py for tasks to queue
[2025-06-22T12:30:21.018+0000] {logging_mixin.py:190} INFO - [2025-06-22T12:30:21.018+0000] {dagbag.py:588} INFO - Filling up the DagBag from /opt/airflow/dags/new_dag.py
[2025-06-22T12:30:21.032+0000] {processor.py:925} INFO - DAG(s) 'new_dag' retrieved from /opt/airflow/dags/new_dag.py
[2025-06-22T12:30:21.048+0000] {logging_mixin.py:190} INFO - [2025-06-22T12:30:21.048+0000] {dag.py:3239} INFO - Sync 1 DAGs
[2025-06-22T12:30:21.062+0000] {logging_mixin.py:190} INFO - [2025-06-22T12:30:21.061+0000] {dag.py:4180} INFO - Setting next_dagrun for new_dag to None, run_after=None
[2025-06-22T12:30:21.082+0000] {processor.py:208} INFO - Processing /opt/airflow/dags/new_dag.py took 0.071 seconds
[2025-06-22T12:37:46.540+0000] {processor.py:186} INFO - Started process (PID=85) to work on /opt/airflow/dags/new_dag.py
[2025-06-22T12:37:46.541+0000] {processor.py:914} INFO - Processing file /opt/airflow/dags/new_dag.py for tasks to queue
[2025-06-22T12:37:46.544+0000] {logging_mixin.py:190} INFO - [2025-06-22T12:37:46.543+0000] {dagbag.py:588} INFO - Filling up the DagBag from /opt/airflow/dags/new_dag.py
[2025-06-22T12:37:46.567+0000] {processor.py:925} INFO - DAG(s) 'new_dag' retrieved from /opt/airflow/dags/new_dag.py
[2025-06-22T12:37:46.788+0000] {logging_mixin.py:190} INFO - [2025-06-22T12:37:46.787+0000] {override.py:1912} INFO - Created Permission View: can delete on DAG:new_dag
[2025-06-22T12:37:46.798+0000] {logging_mixin.py:190} INFO - [2025-06-22T12:37:46.798+0000] {override.py:1912} INFO - Created Permission View: can edit on DAG:new_dag
[2025-06-22T12:37:46.806+0000] {logging_mixin.py:190} INFO - [2025-06-22T12:37:46.806+0000] {override.py:1912} INFO - Created Permission View: can read on DAG:new_dag
[2025-06-22T12:37:46.816+0000] {logging_mixin.py:190} INFO - [2025-06-22T12:37:46.816+0000] {override.py:1912} INFO - Created Permission View: can delete on DAG Run:new_dag
[2025-06-22T12:37:46.823+0000] {logging_mixin.py:190} INFO - [2025-06-22T12:37:46.823+0000] {override.py:1912} INFO - Created Permission View: can create on DAG Run:new_dag
[2025-06-22T12:37:46.830+0000] {logging_mixin.py:190} INFO - [2025-06-22T12:37:46.830+0000] {override.py:1912} INFO - Created Permission View: menu access on DAG Run:new_dag
[2025-06-22T12:37:46.837+0000] {logging_mixin.py:190} INFO - [2025-06-22T12:37:46.836+0000] {override.py:1912} INFO - Created Permission View: can read on DAG Run:new_dag
[2025-06-22T12:37:46.837+0000] {logging_mixin.py:190} INFO - [2025-06-22T12:37:46.837+0000] {dag.py:3239} INFO - Sync 1 DAGs
[2025-06-22T12:37:46.848+0000] {logging_mixin.py:190} INFO - [2025-06-22T12:37:46.848+0000] {dag.py:3262} INFO - Creating ORM DAG for new_dag
[2025-06-22T12:37:46.849+0000] {logging_mixin.py:190} INFO - [2025-06-22T12:37:46.849+0000] {dag.py:4180} INFO - Setting next_dagrun for new_dag to None, run_after=None
[2025-06-22T12:37:46.869+0000] {processor.py:208} INFO - Processing /opt/airflow/dags/new_dag.py took 0.336 seconds
[2025-06-22T12:38:17.519+0000] {processor.py:186} INFO - Started process (PID=230) to work on /opt/airflow/dags/new_dag.py
[2025-06-22T12:38:17.520+0000] {processor.py:914} INFO - Processing file /opt/airflow/dags/new_dag.py for tasks to queue
[2025-06-22T12:38:17.523+0000] {logging_mixin.py:190} INFO - [2025-06-22T12:38:17.522+0000] {dagbag.py:588} INFO - Filling up the DagBag from /opt/airflow/dags/new_dag.py
[2025-06-22T12:38:17.539+0000] {processor.py:925} INFO - DAG(s) 'new_dag' retrieved from /opt/airflow/dags/new_dag.py
[2025-06-22T12:38:17.560+0000] {logging_mixin.py:190} INFO - [2025-06-22T12:38:17.559+0000] {dag.py:3239} INFO - Sync 1 DAGs
[2025-06-22T12:38:17.575+0000] {logging_mixin.py:190} INFO - [2025-06-22T12:38:17.575+0000] {dag.py:4180} INFO - Setting next_dagrun for new_dag to None, run_after=None
[2025-06-22T12:38:17.598+0000] {processor.py:208} INFO - Processing /opt/airflow/dags/new_dag.py took 0.085 seconds
[2025-06-22T12:38:47.983+0000] {processor.py:186} INFO - Started process (PID=294) to work on /opt/airflow/dags/new_dag.py
[2025-06-22T12:38:47.984+0000] {processor.py:914} INFO - Processing file /opt/airflow/dags/new_dag.py for tasks to queue
[2025-06-22T12:38:47.987+0000] {logging_mixin.py:190} INFO - [2025-06-22T12:38:47.987+0000] {dagbag.py:588} INFO - Filling up the DagBag from /opt/airflow/dags/new_dag.py
[2025-06-22T12:38:48.001+0000] {processor.py:925} INFO - DAG(s) 'new_dag' retrieved from /opt/airflow/dags/new_dag.py
[2025-06-22T12:38:48.019+0000] {logging_mixin.py:190} INFO - [2025-06-22T12:38:48.019+0000] {dag.py:3239} INFO - Sync 1 DAGs
[2025-06-22T12:38:48.034+0000] {logging_mixin.py:190} INFO - [2025-06-22T12:38:48.034+0000] {dag.py:4180} INFO - Setting next_dagrun for new_dag to None, run_after=None
[2025-06-22T12:38:48.054+0000] {processor.py:208} INFO - Processing /opt/airflow/dags/new_dag.py took 0.077 seconds
