[2025-06-22T12:22:50.227+0000] {local_task_job_runner.py:123} INFO - ::group::Pre task execution logs
[2025-06-22T12:22:50.284+0000] {taskinstance.py:2614} INFO - Dependencies all met for dep_context=non-requeueable deps ti=<TaskInstance: consume_1_or_both_2_and_3_with_dataset_expressions.consume_1_or_both_2_and_3_with_dataset_expressions dataset_triggered__2025-06-22T12:22:45.052010+00:00 [queued]>
[2025-06-22T12:22:50.304+0000] {taskinstance.py:2614} INFO - Dependencies all met for dep_context=requeueable deps ti=<TaskInstance: consume_1_or_both_2_and_3_with_dataset_expressions.consume_1_or_both_2_and_3_with_dataset_expressions dataset_triggered__2025-06-22T12:22:45.052010+00:00 [queued]>
[2025-06-22T12:22:50.306+0000] {taskinstance.py:2867} INFO - Starting attempt 1 of 1
[2025-06-22T12:22:50.785+0000] {taskinstance.py:2890} INFO - Executing <Task(BashOperator): consume_1_or_both_2_and_3_with_dataset_expressions> on 2025-06-22 12:22:45.052010+00:00
[2025-06-22T12:22:50.808+0000] {warnings.py:112} WARNING - /home/***/.local/lib/python3.12/site-packages/***/task/task_runner/standard_task_runner.py:70: DeprecationWarning: This process (pid=218) is multi-threaded, use of fork() may lead to deadlocks in the child.
  pid = os.fork()

[2025-06-22T12:22:50.811+0000] {standard_task_runner.py:104} INFO - Running: ['***', 'tasks', 'run', 'consume_1_or_both_2_and_3_with_dataset_expressions', 'consume_1_or_both_2_and_3_with_dataset_expressions', 'dataset_triggered__2025-06-22T12:22:45.052010+00:00', '--job-id', '38', '--raw', '--subdir', '/home/***/.local/lib/python3.12/site-packages/***/example_dags/example_datasets.py', '--cfg-path', '/tmp/tmpramdxx9d']
[2025-06-22T12:22:50.813+0000] {standard_task_runner.py:105} INFO - Job 38: Subtask consume_1_or_both_2_and_3_with_dataset_expressions
[2025-06-22T12:22:50.813+0000] {standard_task_runner.py:72} INFO - Started process 259 to run task
[2025-06-22T12:22:51.001+0000] {task_command.py:467} INFO - Running <TaskInstance: consume_1_or_both_2_and_3_with_dataset_expressions.consume_1_or_both_2_and_3_with_dataset_expressions dataset_triggered__2025-06-22T12:22:45.052010+00:00 [running]> on host 342e1477a02c
[2025-06-22T12:22:51.291+0000] {taskinstance.py:3134} INFO - Exporting env vars: AIRFLOW_CTX_DAG_OWNER='***' AIRFLOW_CTX_DAG_ID='consume_1_or_both_2_and_3_with_dataset_expressions' AIRFLOW_CTX_TASK_ID='consume_1_or_both_2_and_3_with_dataset_expressions' AIRFLOW_CTX_EXECUTION_DATE='2025-06-22T12:22:45.052010+00:00' AIRFLOW_CTX_TRY_NUMBER='1' AIRFLOW_CTX_DAG_RUN_ID='dataset_triggered__2025-06-22T12:22:45.052010+00:00'
[2025-06-22T12:22:51.294+0000] {logging_mixin.py:190} INFO - Task instance is in running state
[2025-06-22T12:22:51.295+0000] {logging_mixin.py:190} INFO -  Previous state of the Task instance: queued
[2025-06-22T12:22:51.296+0000] {logging_mixin.py:190} INFO - Current task name:consume_1_or_both_2_and_3_with_dataset_expressions state:running start_date:2025-06-22 12:22:50.287916+00:00
[2025-06-22T12:22:51.297+0000] {logging_mixin.py:190} INFO - Dag name:consume_1_or_both_2_and_3_with_dataset_expressions and current dag run status:running
[2025-06-22T12:22:51.297+0000] {taskinstance.py:732} INFO - ::endgroup::
[2025-06-22T12:22:51.299+0000] {subprocess.py:78} INFO - Tmp dir root location: /tmp
[2025-06-22T12:22:51.309+0000] {subprocess.py:88} INFO - Running command: ['/usr/bin/bash', '-c', 'sleep 5']
[2025-06-22T12:22:51.378+0000] {subprocess.py:99} INFO - Output:
[2025-06-22T12:22:56.389+0000] {subprocess.py:110} INFO - Command exited with return code 0
[2025-06-22T12:22:56.426+0000] {taskinstance.py:341} INFO - ::group::Post task execution logs
[2025-06-22T12:22:56.427+0000] {taskinstance.py:353} INFO - Marking task as SUCCESS. dag_id=consume_1_or_both_2_and_3_with_dataset_expressions, task_id=consume_1_or_both_2_and_3_with_dataset_expressions, run_id=dataset_triggered__2025-06-22T12:22:45.052010+00:00, execution_date=20250622T122245, start_date=20250622T122250, end_date=20250622T122256
[2025-06-22T12:22:56.475+0000] {logging_mixin.py:190} INFO - Task instance in success state
[2025-06-22T12:22:56.476+0000] {logging_mixin.py:190} INFO -  Previous state of the Task instance: running
[2025-06-22T12:22:56.476+0000] {logging_mixin.py:190} INFO - Dag name:consume_1_or_both_2_and_3_with_dataset_expressions queued_at:2025-06-22 12:22:45.616899+00:00
[2025-06-22T12:22:56.477+0000] {logging_mixin.py:190} INFO - Task hostname:342e1477a02c operator:BashOperator
[2025-06-22T12:22:56.504+0000] {local_task_job_runner.py:266} INFO - Task exited with return code 0
[2025-06-22T12:22:56.518+0000] {taskinstance.py:3901} INFO - 0 downstream tasks scheduled from follow-on schedule check
[2025-06-22T12:22:56.522+0000] {local_task_job_runner.py:245} INFO - ::endgroup::
