[2025-06-27T17:00:24.568+0000] {local_task_job_runner.py:123} INFO - ::group::Pre task execution logs
[2025-06-27T17:00:24.587+0000] {taskinstance.py:2614} INFO - Dependencies all met for dep_context=non-requeueable deps ti=<TaskInstance: example_sla_dag.sleep_30 scheduled__2025-06-27T16:58:00+00:00 [queued]>
[2025-06-27T17:00:24.702+0000] {taskinstance.py:2614} INFO - Dependencies all met for dep_context=requeueable deps ti=<TaskInstance: example_sla_dag.sleep_30 scheduled__2025-06-27T16:58:00+00:00 [queued]>
[2025-06-27T17:00:24.703+0000] {taskinstance.py:2867} INFO - Starting attempt 1 of 1
[2025-06-27T17:00:24.715+0000] {taskinstance.py:2890} INFO - Executing <Task(_PythonDecoratedOperator): sleep_30> on 2025-06-27 16:58:00+00:00
[2025-06-27T17:00:24.722+0000] {warnings.py:112} WARNING - /home/***/.local/lib/python3.12/site-packages/***/task/task_runner/standard_task_runner.py:70: DeprecationWarning: This process (pid=865) is multi-threaded, use of fork() may lead to deadlocks in the child.
  pid = os.fork()

[2025-06-27T17:00:24.723+0000] {standard_task_runner.py:72} INFO - Started process 867 to run task
[2025-06-27T17:00:24.724+0000] {standard_task_runner.py:104} INFO - Running: ['***', 'tasks', 'run', 'example_sla_dag', 'sleep_30', 'scheduled__2025-06-27T16:58:00+00:00', '--job-id', '173', '--raw', '--subdir', '/home/***/.local/lib/python3.12/site-packages/***/example_dags/example_sla_dag.py', '--cfg-path', '/tmp/tmpivyo59c1']
[2025-06-27T17:00:24.725+0000] {standard_task_runner.py:105} INFO - Job 173: Subtask sleep_30
[2025-06-27T17:00:24.777+0000] {task_command.py:467} INFO - Running <TaskInstance: example_sla_dag.sleep_30 scheduled__2025-06-27T16:58:00+00:00 [running]> on host a5c304807a12
[2025-06-27T17:00:24.858+0000] {taskinstance.py:3134} INFO - Exporting env vars: AIRFLOW_CTX_DAG_EMAIL='email@example.com' AIRFLOW_CTX_DAG_OWNER='***' AIRFLOW_CTX_DAG_ID='example_sla_dag' AIRFLOW_CTX_TASK_ID='sleep_30' AIRFLOW_CTX_EXECUTION_DATE='2025-06-27T16:58:00+00:00' AIRFLOW_CTX_TRY_NUMBER='1' AIRFLOW_CTX_DAG_RUN_ID='scheduled__2025-06-27T16:58:00+00:00'
[2025-06-27T17:00:24.860+0000] {logging_mixin.py:190} INFO - Task instance is in running state
[2025-06-27T17:00:24.860+0000] {logging_mixin.py:190} INFO -  Previous state of the Task instance: queued
[2025-06-27T17:00:24.861+0000] {logging_mixin.py:190} INFO - Current task name:sleep_30 state:running start_date:2025-06-27 17:00:24.588591+00:00
[2025-06-27T17:00:24.861+0000] {logging_mixin.py:190} INFO - Dag name:example_sla_dag and current dag run status:running
[2025-06-27T17:00:24.862+0000] {taskinstance.py:732} INFO - ::endgroup::
[2025-06-27T17:00:54.862+0000] {python.py:240} INFO - Done. Returned value was: None
[2025-06-27T17:00:54.877+0000] {taskinstance.py:341} INFO - ::group::Post task execution logs
[2025-06-27T17:00:54.878+0000] {taskinstance.py:353} INFO - Marking task as SUCCESS. dag_id=example_sla_dag, task_id=sleep_30, run_id=scheduled__2025-06-27T16:58:00+00:00, execution_date=20250627T165800, start_date=20250627T170024, end_date=20250627T170054
[2025-06-27T17:00:54.914+0000] {logging_mixin.py:190} INFO - Task instance in success state
[2025-06-27T17:00:54.914+0000] {logging_mixin.py:190} INFO -  Previous state of the Task instance: running
[2025-06-27T17:00:54.915+0000] {logging_mixin.py:190} INFO - Dag name:example_sla_dag queued_at:2025-06-27 17:00:01.002066+00:00
[2025-06-27T17:00:54.915+0000] {logging_mixin.py:190} INFO - Task hostname:a5c304807a12 operator:_PythonDecoratedOperator
[2025-06-27T17:00:54.944+0000] {local_task_job_runner.py:266} INFO - Task exited with return code 0
[2025-06-27T17:00:54.968+0000] {taskinstance.py:3901} INFO - 0 downstream tasks scheduled from follow-on schedule check
[2025-06-27T17:00:54.973+0000] {local_task_job_runner.py:245} INFO - ::endgroup::
