[2025-06-27T16:58:04.286+0000] {local_task_job_runner.py:123} INFO - ::group::Pre task execution logs
[2025-06-27T16:58:04.321+0000] {taskinstance.py:2614} INFO - Dependencies all met for dep_context=non-requeueable deps ti=<TaskInstance: example_weekday_branch_operator.make_choice scheduled__2025-06-22T00:00:00+00:00 [queued]>
[2025-06-27T16:58:04.337+0000] {taskinstance.py:2614} INFO - Dependencies all met for dep_context=requeueable deps ti=<TaskInstance: example_weekday_branch_operator.make_choice scheduled__2025-06-22T00:00:00+00:00 [queued]>
[2025-06-27T16:58:04.339+0000] {taskinstance.py:2867} INFO - Starting attempt 1 of 1
[2025-06-27T16:58:04.659+0000] {taskinstance.py:2890} INFO - Executing <Task(BranchDayOfWeekOperator): make_choice> on 2025-06-22 00:00:00+00:00
[2025-06-27T16:58:04.677+0000] {warnings.py:112} WARNING - /home/***/.local/lib/python3.12/site-packages/***/task/task_runner/standard_task_runner.py:70: DeprecationWarning: This process (pid=166) is multi-threaded, use of fork() may lead to deadlocks in the child.
  pid = os.fork()

[2025-06-27T16:58:04.681+0000] {standard_task_runner.py:72} INFO - Started process 206 to run task
[2025-06-27T16:58:04.680+0000] {standard_task_runner.py:104} INFO - Running: ['***', 'tasks', 'run', 'example_weekday_branch_operator', 'make_choice', 'scheduled__2025-06-22T00:00:00+00:00', '--job-id', '90', '--raw', '--subdir', '/home/***/.local/lib/python3.12/site-packages/***/example_dags/example_branch_day_of_week_operator.py', '--cfg-path', '/tmp/tmpdb0uxykz']
[2025-06-27T16:58:04.684+0000] {standard_task_runner.py:105} INFO - Job 90: Subtask make_choice
[2025-06-27T16:58:04.831+0000] {task_command.py:467} INFO - Running <TaskInstance: example_weekday_branch_operator.make_choice scheduled__2025-06-22T00:00:00+00:00 [running]> on host a5c304807a12
[2025-06-27T16:58:05.025+0000] {taskinstance.py:3134} INFO - Exporting env vars: AIRFLOW_CTX_DAG_OWNER='***' AIRFLOW_CTX_DAG_ID='example_weekday_branch_operator' AIRFLOW_CTX_TASK_ID='make_choice' AIRFLOW_CTX_EXECUTION_DATE='2025-06-22T00:00:00+00:00' AIRFLOW_CTX_TRY_NUMBER='1' AIRFLOW_CTX_DAG_RUN_ID='scheduled__2025-06-22T00:00:00+00:00'
[2025-06-27T16:58:05.030+0000] {logging_mixin.py:190} INFO - Task instance is in running state
[2025-06-27T16:58:05.033+0000] {logging_mixin.py:190} INFO -  Previous state of the Task instance: queued
[2025-06-27T16:58:05.034+0000] {logging_mixin.py:190} INFO - Current task name:make_choice state:running start_date:2025-06-27 16:58:04.322013+00:00
[2025-06-27T16:58:05.034+0000] {logging_mixin.py:190} INFO - Dag name:example_weekday_branch_operator and current dag run status:running
[2025-06-27T16:58:05.035+0000] {taskinstance.py:732} INFO - ::endgroup::
[2025-06-27T16:58:05.036+0000] {branch.py:38} INFO - Branch into branch_false
[2025-06-27T16:58:05.037+0000] {skipmixin.py:233} INFO - Following branch ('branch_false',)
[2025-06-27T16:58:05.059+0000] {skipmixin.py:281} INFO - Skipping tasks [('branch_true', -1)]
[2025-06-27T16:58:05.111+0000] {taskinstance.py:341} INFO - ::group::Post task execution logs
[2025-06-27T16:58:05.113+0000] {taskinstance.py:353} INFO - Marking task as SUCCESS. dag_id=example_weekday_branch_operator, task_id=make_choice, run_id=scheduled__2025-06-22T00:00:00+00:00, execution_date=20250622T000000, start_date=20250627T165804, end_date=20250627T165805
[2025-06-27T16:58:05.157+0000] {logging_mixin.py:190} INFO - Task instance in success state
[2025-06-27T16:58:05.158+0000] {logging_mixin.py:190} INFO -  Previous state of the Task instance: running
[2025-06-27T16:58:05.159+0000] {logging_mixin.py:190} INFO - Dag name:example_weekday_branch_operator queued_at:2025-06-27 16:57:54.928671+00:00
[2025-06-27T16:58:05.159+0000] {logging_mixin.py:190} INFO - Task hostname:a5c304807a12 operator:BranchDayOfWeekOperator
[2025-06-27T16:58:05.191+0000] {local_task_job_runner.py:266} INFO - Task exited with return code 0
[2025-06-27T16:58:05.233+0000] {taskinstance.py:3901} INFO - 0 downstream tasks scheduled from follow-on schedule check
[2025-06-27T16:58:05.240+0000] {local_task_job_runner.py:245} INFO - ::endgroup::
