[2025-06-27T16:58:00.660+0000] {local_task_job_runner.py:123} INFO - ::group::Pre task execution logs
[2025-06-27T16:58:00.743+0000] {taskinstance.py:2614} INFO - Dependencies all met for dep_context=non-requeueable deps ti=<TaskInstance: example_branch_python_operator_decorator.branching scheduled__2025-06-22T00:00:00+00:00 [queued]>
[2025-06-27T16:58:01.187+0000] {taskinstance.py:2614} INFO - Dependencies all met for dep_context=requeueable deps ti=<TaskInstance: example_branch_python_operator_decorator.branching scheduled__2025-06-22T00:00:00+00:00 [queued]>
[2025-06-27T16:58:01.188+0000] {taskinstance.py:2867} INFO - Starting attempt 1 of 1
[2025-06-27T16:58:01.242+0000] {taskinstance.py:2890} INFO - Executing <Task(_BranchPythonDecoratedOperator): branching> on 2025-06-22 00:00:00+00:00
[2025-06-27T16:58:01.256+0000] {warnings.py:112} WARNING - /home/***/.local/lib/python3.12/site-packages/***/task/task_runner/standard_task_runner.py:70: DeprecationWarning: This process (pid=105) is multi-threaded, use of fork() may lead to deadlocks in the child.
  pid = os.fork()

[2025-06-27T16:58:01.261+0000] {standard_task_runner.py:72} INFO - Started process 152 to run task
[2025-06-27T16:58:01.261+0000] {standard_task_runner.py:104} INFO - Running: ['***', 'tasks', 'run', 'example_branch_python_operator_decorator', 'branching', 'scheduled__2025-06-22T00:00:00+00:00', '--job-id', '83', '--raw', '--subdir', '/home/***/.local/lib/python3.12/site-packages/***/example_dags/example_branch_operator_decorator.py', '--cfg-path', '/tmp/tmpxdqlnrkm']
[2025-06-27T16:58:01.268+0000] {standard_task_runner.py:105} INFO - Job 83: Subtask branching
[2025-06-27T16:58:01.384+0000] {task_command.py:467} INFO - Running <TaskInstance: example_branch_python_operator_decorator.branching scheduled__2025-06-22T00:00:00+00:00 [running]> on host a5c304807a12
[2025-06-27T16:58:01.533+0000] {taskinstance.py:3134} INFO - Exporting env vars: AIRFLOW_CTX_DAG_OWNER='***' AIRFLOW_CTX_DAG_ID='example_branch_python_operator_decorator' AIRFLOW_CTX_TASK_ID='branching' AIRFLOW_CTX_EXECUTION_DATE='2025-06-22T00:00:00+00:00' AIRFLOW_CTX_TRY_NUMBER='1' AIRFLOW_CTX_DAG_RUN_ID='scheduled__2025-06-22T00:00:00+00:00'
[2025-06-27T16:58:01.535+0000] {logging_mixin.py:190} INFO - Task instance is in running state
[2025-06-27T16:58:01.536+0000] {logging_mixin.py:190} INFO -  Previous state of the Task instance: queued
[2025-06-27T16:58:01.537+0000] {logging_mixin.py:190} INFO - Current task name:branching state:running start_date:2025-06-27 16:58:00.747405+00:00
[2025-06-27T16:58:01.537+0000] {logging_mixin.py:190} INFO - Dag name:example_branch_python_operator_decorator and current dag run status:running
[2025-06-27T16:58:01.538+0000] {taskinstance.py:732} INFO - ::endgroup::
[2025-06-27T16:58:01.540+0000] {python.py:240} INFO - Done. Returned value was: branch_c
[2025-06-27T16:58:01.540+0000] {branch.py:38} INFO - Branch into branch_c
[2025-06-27T16:58:01.542+0000] {skipmixin.py:233} INFO - Following branch ('branch_c',)
[2025-06-27T16:58:01.563+0000] {skipmixin.py:281} INFO - Skipping tasks [('branch_a', -1), ('branch_d', -1), ('branch_b', -1)]
[2025-06-27T16:58:01.616+0000] {taskinstance.py:341} INFO - ::group::Post task execution logs
[2025-06-27T16:58:01.617+0000] {taskinstance.py:353} INFO - Marking task as SUCCESS. dag_id=example_branch_python_operator_decorator, task_id=branching, run_id=scheduled__2025-06-22T00:00:00+00:00, execution_date=20250622T000000, start_date=20250627T165800, end_date=20250627T165801
[2025-06-27T16:58:01.651+0000] {logging_mixin.py:190} INFO - Task instance in success state
[2025-06-27T16:58:01.652+0000] {logging_mixin.py:190} INFO -  Previous state of the Task instance: running
[2025-06-27T16:58:01.653+0000] {logging_mixin.py:190} INFO - Dag name:example_branch_python_operator_decorator queued_at:2025-06-27 16:57:54.039454+00:00
[2025-06-27T16:58:01.653+0000] {logging_mixin.py:190} INFO - Task hostname:a5c304807a12 operator:_BranchPythonDecoratedOperator
[2025-06-27T16:58:01.695+0000] {local_task_job_runner.py:266} INFO - Task exited with return code 0
[2025-06-27T16:58:01.749+0000] {taskinstance.py:3901} INFO - 1 downstream tasks scheduled from follow-on schedule check
[2025-06-27T16:58:01.757+0000] {local_task_job_runner.py:245} INFO - ::endgroup::
