[2025-06-27T16:58:14.578+0000] {local_task_job_runner.py:123} INFO - ::group::Pre task execution logs
[2025-06-27T16:58:14.612+0000] {taskinstance.py:2614} INFO - Dependencies all met for dep_context=non-requeueable deps ti=<TaskInstance: example_branch_operator.branch_b scheduled__2025-06-26T00:00:00+00:00 [queued]>
[2025-06-27T16:58:14.883+0000] {taskinstance.py:2614} INFO - Dependencies all met for dep_context=requeueable deps ti=<TaskInstance: example_branch_operator.branch_b scheduled__2025-06-26T00:00:00+00:00 [queued]>
[2025-06-27T16:58:14.886+0000] {taskinstance.py:2867} INFO - Starting attempt 1 of 1
[2025-06-27T16:58:14.921+0000] {taskinstance.py:2890} INFO - Executing <Task(PythonOperator): branch_b> on 2025-06-26 00:00:00+00:00
[2025-06-27T16:58:14.943+0000] {warnings.py:112} WARNING - /home/***/.local/lib/python3.12/site-packages/***/task/task_runner/standard_task_runner.py:70: DeprecationWarning: This process (pid=327) is multi-threaded, use of fork() may lead to deadlocks in the child.
  pid = os.fork()

[2025-06-27T16:58:14.947+0000] {standard_task_runner.py:72} INFO - Started process 362 to run task
[2025-06-27T16:58:14.948+0000] {standard_task_runner.py:104} INFO - Running: ['***', 'tasks', 'run', 'example_branch_operator', 'branch_b', 'scheduled__2025-06-26T00:00:00+00:00', '--job-id', '128', '--raw', '--subdir', '/home/***/.local/lib/python3.12/site-packages/***/example_dags/example_branch_operator.py', '--cfg-path', '/tmp/tmp0n6h2z7m']
[2025-06-27T16:58:14.951+0000] {standard_task_runner.py:105} INFO - Job 128: Subtask branch_b
[2025-06-27T16:58:15.049+0000] {task_command.py:467} INFO - Running <TaskInstance: example_branch_operator.branch_b scheduled__2025-06-26T00:00:00+00:00 [running]> on host a5c304807a12
[2025-06-27T16:58:15.180+0000] {taskinstance.py:3134} INFO - Exporting env vars: AIRFLOW_CTX_DAG_OWNER='***' AIRFLOW_CTX_DAG_ID='example_branch_operator' AIRFLOW_CTX_TASK_ID='branch_b' AIRFLOW_CTX_EXECUTION_DATE='2025-06-26T00:00:00+00:00' AIRFLOW_CTX_TRY_NUMBER='1' AIRFLOW_CTX_DAG_RUN_ID='scheduled__2025-06-26T00:00:00+00:00'
[2025-06-27T16:58:15.182+0000] {logging_mixin.py:190} INFO - Task instance is in running state
[2025-06-27T16:58:15.183+0000] {logging_mixin.py:190} INFO -  Previous state of the Task instance: queued
[2025-06-27T16:58:15.184+0000] {logging_mixin.py:190} INFO - Current task name:branch_b state:running start_date:2025-06-27 16:58:14.613471+00:00
[2025-06-27T16:58:15.184+0000] {logging_mixin.py:190} INFO - Dag name:example_branch_operator and current dag run status:running
[2025-06-27T16:58:15.185+0000] {taskinstance.py:732} INFO - ::endgroup::
[2025-06-27T16:58:15.185+0000] {logging_mixin.py:190} INFO - Hello World
[2025-06-27T16:58:15.186+0000] {python.py:240} INFO - Done. Returned value was: None
[2025-06-27T16:58:15.199+0000] {taskinstance.py:341} INFO - ::group::Post task execution logs
[2025-06-27T16:58:15.202+0000] {taskinstance.py:353} INFO - Marking task as SUCCESS. dag_id=example_branch_operator, task_id=branch_b, run_id=scheduled__2025-06-26T00:00:00+00:00, execution_date=20250626T000000, start_date=20250627T165814, end_date=20250627T165815
[2025-06-27T16:58:15.241+0000] {logging_mixin.py:190} INFO - Task instance in success state
[2025-06-27T16:58:15.241+0000] {logging_mixin.py:190} INFO -  Previous state of the Task instance: running
[2025-06-27T16:58:15.242+0000] {logging_mixin.py:190} INFO - Dag name:example_branch_operator queued_at:2025-06-27 16:57:56.078071+00:00
[2025-06-27T16:58:15.242+0000] {logging_mixin.py:190} INFO - Task hostname:a5c304807a12 operator:PythonOperator
[2025-06-27T16:58:15.288+0000] {local_task_job_runner.py:266} INFO - Task exited with return code 0
[2025-06-27T16:58:15.328+0000] {taskinstance.py:3901} INFO - 0 downstream tasks scheduled from follow-on schedule check
[2025-06-27T16:58:15.331+0000] {local_task_job_runner.py:245} INFO - ::endgroup::
