[2025-06-22T12:22:45.307+0000] {local_task_job_runner.py:123} INFO - ::group::Pre task execution logs
[2025-06-22T12:22:45.339+0000] {taskinstance.py:2614} INFO - Dependencies all met for dep_context=non-requeueable deps ti=<TaskInstance: example_bash_operator.runme_2 scheduled__2025-06-21T00:00:00+00:00 [queued]>
[2025-06-22T12:22:45.361+0000] {taskinstance.py:2614} INFO - Dependencies all met for dep_context=requeueable deps ti=<TaskInstance: example_bash_operator.runme_2 scheduled__2025-06-21T00:00:00+00:00 [queued]>
[2025-06-22T12:22:45.380+0000] {taskinstance.py:2867} INFO - Starting attempt 1 of 1
[2025-06-22T12:22:45.714+0000] {taskinstance.py:2890} INFO - Executing <Task(BashOperator): runme_2> on 2025-06-21 00:00:00+00:00
[2025-06-22T12:22:45.729+0000] {warnings.py:112} WARNING - /home/***/.local/lib/python3.12/site-packages/***/task/task_runner/standard_task_runner.py:70: DeprecationWarning: This process (pid=166) is multi-threaded, use of fork() may lead to deadlocks in the child.
  pid = os.fork()

[2025-06-22T12:22:45.732+0000] {standard_task_runner.py:72} INFO - Started process 201 to run task
[2025-06-22T12:22:45.732+0000] {standard_task_runner.py:104} INFO - Running: ['***', 'tasks', 'run', 'example_bash_operator', 'runme_2', 'scheduled__2025-06-21T00:00:00+00:00', '--job-id', '25', '--raw', '--subdir', '/home/***/.local/lib/python3.12/site-packages/***/example_dags/example_bash_operator.py', '--cfg-path', '/tmp/tmp4f95ybq0']
[2025-06-22T12:22:45.734+0000] {standard_task_runner.py:105} INFO - Job 25: Subtask runme_2
[2025-06-22T12:22:45.886+0000] {task_command.py:467} INFO - Running <TaskInstance: example_bash_operator.runme_2 scheduled__2025-06-21T00:00:00+00:00 [running]> on host 342e1477a02c
[2025-06-22T12:22:46.047+0000] {taskinstance.py:3134} INFO - Exporting env vars: AIRFLOW_CTX_DAG_OWNER='***' AIRFLOW_CTX_DAG_ID='example_bash_operator' AIRFLOW_CTX_TASK_ID='runme_2' AIRFLOW_CTX_EXECUTION_DATE='2025-06-21T00:00:00+00:00' AIRFLOW_CTX_TRY_NUMBER='1' AIRFLOW_CTX_DAG_RUN_ID='scheduled__2025-06-21T00:00:00+00:00'
[2025-06-22T12:22:46.051+0000] {logging_mixin.py:190} INFO - Task instance is in running state
[2025-06-22T12:22:46.052+0000] {logging_mixin.py:190} INFO -  Previous state of the Task instance: queued
[2025-06-22T12:22:46.052+0000] {logging_mixin.py:190} INFO - Current task name:runme_2 state:running start_date:2025-06-22 12:22:45.340578+00:00
[2025-06-22T12:22:46.053+0000] {logging_mixin.py:190} INFO - Dag name:example_bash_operator and current dag run status:running
[2025-06-22T12:22:46.053+0000] {taskinstance.py:732} INFO - ::endgroup::
[2025-06-22T12:22:46.055+0000] {subprocess.py:78} INFO - Tmp dir root location: /tmp
[2025-06-22T12:22:46.059+0000] {subprocess.py:88} INFO - Running command: ['/usr/bin/bash', '-c', 'echo "example_bash_operator__runme_2__20250621" && sleep 1']
[2025-06-22T12:22:46.090+0000] {subprocess.py:99} INFO - Output:
[2025-06-22T12:22:46.094+0000] {subprocess.py:106} INFO - example_bash_operator__runme_2__20250621
[2025-06-22T12:22:47.099+0000] {subprocess.py:110} INFO - Command exited with return code 0
[2025-06-22T12:22:47.167+0000] {taskinstance.py:341} INFO - ::group::Post task execution logs
[2025-06-22T12:22:47.168+0000] {taskinstance.py:353} INFO - Marking task as SUCCESS. dag_id=example_bash_operator, task_id=runme_2, run_id=scheduled__2025-06-21T00:00:00+00:00, execution_date=20250621T000000, start_date=20250622T122245, end_date=20250622T122247
[2025-06-22T12:22:47.230+0000] {logging_mixin.py:190} INFO - Task instance in success state
[2025-06-22T12:22:47.234+0000] {logging_mixin.py:190} INFO -  Previous state of the Task instance: running
[2025-06-22T12:22:47.235+0000] {logging_mixin.py:190} INFO - Dag name:example_bash_operator queued_at:2025-06-22 12:22:41.022971+00:00
[2025-06-22T12:22:47.238+0000] {logging_mixin.py:190} INFO - Task hostname:342e1477a02c operator:BashOperator
[2025-06-22T12:22:47.308+0000] {local_task_job_runner.py:266} INFO - Task exited with return code 0
[2025-06-22T12:22:47.421+0000] {taskinstance.py:3901} INFO - 0 downstream tasks scheduled from follow-on schedule check
[2025-06-22T12:22:47.425+0000] {local_task_job_runner.py:245} INFO - ::endgroup::
[2025-06-22T12:38:00.387+0000] {local_task_job_runner.py:123} INFO - ::group::Pre task execution logs
[2025-06-22T12:38:00.431+0000] {taskinstance.py:2614} INFO - Dependencies all met for dep_context=non-requeueable deps ti=<TaskInstance: example_bash_operator.runme_2 scheduled__2025-06-21T00:00:00+00:00 [queued]>
[2025-06-22T12:38:00.452+0000] {taskinstance.py:2614} INFO - Dependencies all met for dep_context=requeueable deps ti=<TaskInstance: example_bash_operator.runme_2 scheduled__2025-06-21T00:00:00+00:00 [queued]>
[2025-06-22T12:38:00.455+0000] {taskinstance.py:2867} INFO - Starting attempt 1 of 1
[2025-06-22T12:38:00.871+0000] {taskinstance.py:2890} INFO - Executing <Task(BashOperator): runme_2> on 2025-06-21 00:00:00+00:00
[2025-06-22T12:38:00.890+0000] {warnings.py:112} WARNING - /home/***/.local/lib/python3.12/site-packages/***/task/task_runner/standard_task_runner.py:70: DeprecationWarning: This process (pid=160) is multi-threaded, use of fork() may lead to deadlocks in the child.
  pid = os.fork()

[2025-06-22T12:38:00.894+0000] {standard_task_runner.py:72} INFO - Started process 196 to run task
[2025-06-22T12:38:00.895+0000] {standard_task_runner.py:104} INFO - Running: ['***', 'tasks', 'run', 'example_bash_operator', 'runme_2', 'scheduled__2025-06-21T00:00:00+00:00', '--job-id', '25', '--raw', '--subdir', '/home/***/.local/lib/python3.12/site-packages/***/example_dags/example_bash_operator.py', '--cfg-path', '/tmp/tmp09bl5b_w']
[2025-06-22T12:38:00.897+0000] {standard_task_runner.py:105} INFO - Job 25: Subtask runme_2
[2025-06-22T12:38:01.026+0000] {task_command.py:467} INFO - Running <TaskInstance: example_bash_operator.runme_2 scheduled__2025-06-21T00:00:00+00:00 [running]> on host a5c304807a12
[2025-06-22T12:38:01.221+0000] {taskinstance.py:3134} INFO - Exporting env vars: AIRFLOW_CTX_DAG_OWNER='***' AIRFLOW_CTX_DAG_ID='example_bash_operator' AIRFLOW_CTX_TASK_ID='runme_2' AIRFLOW_CTX_EXECUTION_DATE='2025-06-21T00:00:00+00:00' AIRFLOW_CTX_TRY_NUMBER='1' AIRFLOW_CTX_DAG_RUN_ID='scheduled__2025-06-21T00:00:00+00:00'
[2025-06-22T12:38:01.232+0000] {logging_mixin.py:190} INFO - Task instance is in running state
[2025-06-22T12:38:01.234+0000] {logging_mixin.py:190} INFO -  Previous state of the Task instance: queued
[2025-06-22T12:38:01.236+0000] {logging_mixin.py:190} INFO - Current task name:runme_2 state:running start_date:2025-06-22 12:38:00.432254+00:00
[2025-06-22T12:38:01.238+0000] {logging_mixin.py:190} INFO - Dag name:example_bash_operator and current dag run status:running
[2025-06-22T12:38:01.239+0000] {taskinstance.py:732} INFO - ::endgroup::
[2025-06-22T12:38:01.241+0000] {subprocess.py:78} INFO - Tmp dir root location: /tmp
[2025-06-22T12:38:01.249+0000] {subprocess.py:88} INFO - Running command: ['/usr/bin/bash', '-c', 'echo "example_bash_operator__runme_2__20250621" && sleep 1']
[2025-06-22T12:38:01.286+0000] {subprocess.py:99} INFO - Output:
[2025-06-22T12:38:01.293+0000] {subprocess.py:106} INFO - example_bash_operator__runme_2__20250621
[2025-06-22T12:38:02.293+0000] {subprocess.py:110} INFO - Command exited with return code 0
[2025-06-22T12:38:02.414+0000] {taskinstance.py:341} INFO - ::group::Post task execution logs
[2025-06-22T12:38:02.417+0000] {taskinstance.py:353} INFO - Marking task as SUCCESS. dag_id=example_bash_operator, task_id=runme_2, run_id=scheduled__2025-06-21T00:00:00+00:00, execution_date=20250621T000000, start_date=20250622T123800, end_date=20250622T123802
[2025-06-22T12:38:02.525+0000] {logging_mixin.py:190} INFO - Task instance in success state
[2025-06-22T12:38:02.528+0000] {logging_mixin.py:190} INFO -  Previous state of the Task instance: running
[2025-06-22T12:38:02.535+0000] {logging_mixin.py:190} INFO - Dag name:example_bash_operator queued_at:2025-06-22 12:37:55.075401+00:00
[2025-06-22T12:38:02.537+0000] {logging_mixin.py:190} INFO - Task hostname:a5c304807a12 operator:BashOperator
[2025-06-22T12:38:02.608+0000] {local_task_job_runner.py:266} INFO - Task exited with return code 0
[2025-06-22T12:38:02.650+0000] {local_task_job_runner.py:245} INFO - ::endgroup::
