[2025-06-22T12:38:05.463+0000] {local_task_job_runner.py:123} INFO - ::group::Pre task execution logs
[2025-06-22T12:38:05.522+0000] {taskinstance.py:2614} INFO - Dependencies all met for dep_context=non-requeueable deps ti=<TaskInstance: example_branch_python_operator_decorator.branch_a scheduled__2025-06-21T00:00:00+00:00 [queued]>
[2025-06-22T12:38:05.557+0000] {taskinstance.py:2614} INFO - Dependencies all met for dep_context=requeueable deps ti=<TaskInstance: example_branch_python_operator_decorator.branch_a scheduled__2025-06-21T00:00:00+00:00 [queued]>
[2025-06-22T12:38:05.559+0000] {taskinstance.py:2867} INFO - Starting attempt 1 of 1
[2025-06-22T12:38:05.888+0000] {taskinstance.py:2890} INFO - Executing <Task(_PythonDecoratedOperator): branch_a> on 2025-06-21 00:00:00+00:00
[2025-06-22T12:38:05.911+0000] {warnings.py:112} WARNING - /home/***/.local/lib/python3.12/site-packages/***/task/task_runner/standard_task_runner.py:70: DeprecationWarning: This process (pid=207) is multi-threaded, use of fork() may lead to deadlocks in the child.
  pid = os.fork()

[2025-06-22T12:38:05.911+0000] {standard_task_runner.py:104} INFO - Running: ['***', 'tasks', 'run', 'example_branch_python_operator_decorator', 'branch_a', 'scheduled__2025-06-21T00:00:00+00:00', '--job-id', '34', '--raw', '--subdir', '/home/***/.local/lib/python3.12/site-packages/***/example_dags/example_branch_operator_decorator.py', '--cfg-path', '/tmp/tmpagh5vmty']
[2025-06-22T12:38:05.913+0000] {standard_task_runner.py:72} INFO - Started process 253 to run task
[2025-06-22T12:38:05.914+0000] {standard_task_runner.py:105} INFO - Job 34: Subtask branch_a
[2025-06-22T12:38:06.041+0000] {task_command.py:467} INFO - Running <TaskInstance: example_branch_python_operator_decorator.branch_a scheduled__2025-06-21T00:00:00+00:00 [running]> on host a5c304807a12
[2025-06-22T12:38:06.215+0000] {taskinstance.py:3134} INFO - Exporting env vars: AIRFLOW_CTX_DAG_OWNER='***' AIRFLOW_CTX_DAG_ID='example_branch_python_operator_decorator' AIRFLOW_CTX_TASK_ID='branch_a' AIRFLOW_CTX_EXECUTION_DATE='2025-06-21T00:00:00+00:00' AIRFLOW_CTX_TRY_NUMBER='1' AIRFLOW_CTX_DAG_RUN_ID='scheduled__2025-06-21T00:00:00+00:00'
[2025-06-22T12:38:06.228+0000] {logging_mixin.py:190} INFO - Task instance is in running state
[2025-06-22T12:38:06.228+0000] {logging_mixin.py:190} INFO -  Previous state of the Task instance: queued
[2025-06-22T12:38:06.229+0000] {logging_mixin.py:190} INFO - Current task name:branch_a state:running start_date:2025-06-22 12:38:05.524874+00:00
[2025-06-22T12:38:06.230+0000] {logging_mixin.py:190} INFO - Dag name:example_branch_python_operator_decorator and current dag run status:running
[2025-06-22T12:38:06.230+0000] {taskinstance.py:732} INFO - ::endgroup::
[2025-06-22T12:38:06.232+0000] {logging_mixin.py:190} INFO - doing something in Python
[2025-06-22T12:38:06.233+0000] {python.py:240} INFO - Done. Returned value was: None
[2025-06-22T12:38:06.251+0000] {taskinstance.py:341} INFO - ::group::Post task execution logs
[2025-06-22T12:38:06.252+0000] {taskinstance.py:353} INFO - Marking task as SUCCESS. dag_id=example_branch_python_operator_decorator, task_id=branch_a, run_id=scheduled__2025-06-21T00:00:00+00:00, execution_date=20250621T000000, start_date=20250622T123805, end_date=20250622T123806
[2025-06-22T12:38:06.295+0000] {logging_mixin.py:190} INFO - Task instance in success state
[2025-06-22T12:38:06.298+0000] {logging_mixin.py:190} INFO -  Previous state of the Task instance: running
[2025-06-22T12:38:06.299+0000] {logging_mixin.py:190} INFO - Dag name:example_branch_python_operator_decorator queued_at:2025-06-22 12:37:53.893513+00:00
[2025-06-22T12:38:06.299+0000] {logging_mixin.py:190} INFO - Task hostname:a5c304807a12 operator:_PythonDecoratedOperator
[2025-06-22T12:38:06.339+0000] {local_task_job_runner.py:266} INFO - Task exited with return code 0
[2025-06-22T12:38:06.412+0000] {taskinstance.py:3901} INFO - 0 downstream tasks scheduled from follow-on schedule check
[2025-06-22T12:38:06.420+0000] {local_task_job_runner.py:245} INFO - ::endgroup::
