[2025-06-27T16:58:05.506+0000] {local_task_job_runner.py:123} INFO - ::group::Pre task execution logs
[2025-06-27T16:58:05.537+0000] {taskinstance.py:2614} INFO - Dependencies all met for dep_context=non-requeueable deps ti=<TaskInstance: tutorial.print_date scheduled__2025-06-26T00:00:00+00:00 [queued]>
[2025-06-27T16:58:05.550+0000] {taskinstance.py:2614} INFO - Dependencies all met for dep_context=requeueable deps ti=<TaskInstance: tutorial.print_date scheduled__2025-06-26T00:00:00+00:00 [queued]>
[2025-06-27T16:58:05.558+0000] {taskinstance.py:2867} INFO - Starting attempt 1 of 2
[2025-06-27T16:58:05.810+0000] {taskinstance.py:2890} INFO - Executing <Task(BashOperator): print_date> on 2025-06-26 00:00:00+00:00
[2025-06-27T16:58:05.824+0000] {warnings.py:112} WARNING - /home/***/.local/lib/python3.12/site-packages/***/task/task_runner/standard_task_runner.py:70: DeprecationWarning: This process (pid=184) is multi-threaded, use of fork() may lead to deadlocks in the child.
  pid = os.fork()

[2025-06-27T16:58:05.826+0000] {standard_task_runner.py:72} INFO - Started process 237 to run task
[2025-06-27T16:58:05.826+0000] {standard_task_runner.py:104} INFO - Running: ['***', 'tasks', 'run', 'tutorial', 'print_date', 'scheduled__2025-06-26T00:00:00+00:00', '--job-id', '97', '--raw', '--subdir', '/home/***/.local/lib/python3.12/site-packages/***/example_dags/tutorial.py', '--cfg-path', '/tmp/tmpc2qcole5']
[2025-06-27T16:58:05.828+0000] {standard_task_runner.py:105} INFO - Job 97: Subtask print_date
[2025-06-27T16:58:05.928+0000] {task_command.py:467} INFO - Running <TaskInstance: tutorial.print_date scheduled__2025-06-26T00:00:00+00:00 [running]> on host a5c304807a12
[2025-06-27T16:58:06.066+0000] {taskinstance.py:3134} INFO - Exporting env vars: AIRFLOW_CTX_DAG_EMAIL='***@example.com' AIRFLOW_CTX_DAG_OWNER='***' AIRFLOW_CTX_DAG_ID='tutorial' AIRFLOW_CTX_TASK_ID='print_date' AIRFLOW_CTX_EXECUTION_DATE='2025-06-26T00:00:00+00:00' AIRFLOW_CTX_TRY_NUMBER='1' AIRFLOW_CTX_DAG_RUN_ID='scheduled__2025-06-26T00:00:00+00:00'
[2025-06-27T16:58:06.071+0000] {logging_mixin.py:190} INFO - Task instance is in running state
[2025-06-27T16:58:06.072+0000] {logging_mixin.py:190} INFO -  Previous state of the Task instance: queued
[2025-06-27T16:58:06.073+0000] {logging_mixin.py:190} INFO - Current task name:print_date state:running start_date:2025-06-27 16:58:05.538020+00:00
[2025-06-27T16:58:06.073+0000] {logging_mixin.py:190} INFO - Dag name:tutorial and current dag run status:running
[2025-06-27T16:58:06.074+0000] {taskinstance.py:732} INFO - ::endgroup::
[2025-06-27T16:58:06.075+0000] {subprocess.py:78} INFO - Tmp dir root location: /tmp
[2025-06-27T16:58:06.080+0000] {subprocess.py:88} INFO - Running command: ['/usr/bin/bash', '-c', 'date']
[2025-06-27T16:58:06.114+0000] {subprocess.py:99} INFO - Output:
[2025-06-27T16:58:06.118+0000] {subprocess.py:106} INFO - Fri Jun 27 16:58:06 UTC 2025
[2025-06-27T16:58:06.119+0000] {subprocess.py:110} INFO - Command exited with return code 0
[2025-06-27T16:58:06.159+0000] {taskinstance.py:341} INFO - ::group::Post task execution logs
[2025-06-27T16:58:06.159+0000] {taskinstance.py:353} INFO - Marking task as SUCCESS. dag_id=tutorial, task_id=print_date, run_id=scheduled__2025-06-26T00:00:00+00:00, execution_date=20250626T000000, start_date=20250627T165805, end_date=20250627T165806
[2025-06-27T16:58:06.199+0000] {logging_mixin.py:190} INFO - Task instance in success state
[2025-06-27T16:58:06.199+0000] {logging_mixin.py:190} INFO -  Previous state of the Task instance: running
[2025-06-27T16:58:06.200+0000] {logging_mixin.py:190} INFO - Dag name:tutorial queued_at:2025-06-27 16:57:55.528666+00:00
[2025-06-27T16:58:06.201+0000] {logging_mixin.py:190} INFO - Task hostname:a5c304807a12 operator:BashOperator
[2025-06-27T16:58:06.257+0000] {local_task_job_runner.py:266} INFO - Task exited with return code 0
[2025-06-27T16:58:06.331+0000] {taskinstance.py:3901} INFO - 2 downstream tasks scheduled from follow-on schedule check
[2025-06-27T16:58:06.341+0000] {local_task_job_runner.py:245} INFO - ::endgroup::
