[2025-06-22T12:22:38.709+0000] {local_task_job_runner.py:123} INFO - ::group::Pre task execution logs
[2025-06-22T12:22:38.745+0000] {taskinstance.py:2614} INFO - Dependencies all met for dep_context=non-requeueable deps ti=<TaskInstance: example_nested_branch_dag.branch_1 scheduled__2025-06-21T00:00:00+00:00 [queued]>
[2025-06-22T12:22:38.759+0000] {taskinstance.py:2614} INFO - Dependencies all met for dep_context=requeueable deps ti=<TaskInstance: example_nested_branch_dag.branch_1 scheduled__2025-06-21T00:00:00+00:00 [queued]>
[2025-06-22T12:22:38.761+0000] {taskinstance.py:2867} INFO - Starting attempt 1 of 1
[2025-06-22T12:22:38.802+0000] {taskinstance.py:2890} INFO - Executing <Task(_BranchPythonDecoratedOperator): branch_1> on 2025-06-21 00:00:00+00:00
[2025-06-22T12:22:38.818+0000] {warnings.py:112} WARNING - /home/***/.local/lib/python3.12/site-packages/***/task/task_runner/standard_task_runner.py:70: DeprecationWarning: This process (pid=94) is multi-threaded, use of fork() may lead to deadlocks in the child.
  pid = os.fork()

[2025-06-22T12:22:38.827+0000] {standard_task_runner.py:72} INFO - Started process 124 to run task
[2025-06-22T12:22:38.823+0000] {standard_task_runner.py:104} INFO - Running: ['***', 'tasks', 'run', 'example_nested_branch_dag', 'branch_1', 'scheduled__2025-06-21T00:00:00+00:00', '--job-id', '5', '--raw', '--subdir', '/home/***/.local/lib/python3.12/site-packages/***/example_dags/example_nested_branch_dag.py', '--cfg-path', '/tmp/tmpyc_fh15m']
[2025-06-22T12:22:38.835+0000] {standard_task_runner.py:105} INFO - Job 5: Subtask branch_1
[2025-06-22T12:22:38.986+0000] {task_command.py:467} INFO - Running <TaskInstance: example_nested_branch_dag.branch_1 scheduled__2025-06-21T00:00:00+00:00 [running]> on host 342e1477a02c
[2025-06-22T12:22:39.846+0000] {taskinstance.py:3134} INFO - Exporting env vars: AIRFLOW_CTX_DAG_OWNER='***' AIRFLOW_CTX_DAG_ID='example_nested_branch_dag' AIRFLOW_CTX_TASK_ID='branch_1' AIRFLOW_CTX_EXECUTION_DATE='2025-06-21T00:00:00+00:00' AIRFLOW_CTX_TRY_NUMBER='1' AIRFLOW_CTX_DAG_RUN_ID='scheduled__2025-06-21T00:00:00+00:00'
[2025-06-22T12:22:39.849+0000] {logging_mixin.py:190} INFO - Task instance is in running state
[2025-06-22T12:22:39.853+0000] {logging_mixin.py:190} INFO -  Previous state of the Task instance: queued
[2025-06-22T12:22:39.854+0000] {logging_mixin.py:190} INFO - Current task name:branch_1 state:running start_date:2025-06-22 12:22:38.746294+00:00
[2025-06-22T12:22:39.857+0000] {logging_mixin.py:190} INFO - Dag name:example_nested_branch_dag and current dag run status:running
[2025-06-22T12:22:39.860+0000] {taskinstance.py:732} INFO - ::endgroup::
[2025-06-22T12:22:39.866+0000] {python.py:240} INFO - Done. Returned value was: true_1
[2025-06-22T12:22:39.867+0000] {branch.py:38} INFO - Branch into true_1
[2025-06-22T12:22:39.869+0000] {skipmixin.py:233} INFO - Following branch ('true_1',)
[2025-06-22T12:22:39.905+0000] {skipmixin.py:281} INFO - Skipping tasks [('false_1', -1)]
[2025-06-22T12:22:39.982+0000] {taskinstance.py:341} INFO - ::group::Post task execution logs
[2025-06-22T12:22:39.983+0000] {taskinstance.py:353} INFO - Marking task as SUCCESS. dag_id=example_nested_branch_dag, task_id=branch_1, run_id=scheduled__2025-06-21T00:00:00+00:00, execution_date=20250621T000000, start_date=20250622T122238, end_date=20250622T122239
[2025-06-22T12:22:40.075+0000] {logging_mixin.py:190} INFO - Task instance in success state
[2025-06-22T12:22:40.075+0000] {logging_mixin.py:190} INFO -  Previous state of the Task instance: running
[2025-06-22T12:22:40.077+0000] {logging_mixin.py:190} INFO - Dag name:example_nested_branch_dag queued_at:2025-06-22 12:22:32.005736+00:00
[2025-06-22T12:22:40.080+0000] {logging_mixin.py:190} INFO - Task hostname:342e1477a02c operator:_BranchPythonDecoratedOperator
[2025-06-22T12:22:40.128+0000] {local_task_job_runner.py:266} INFO - Task exited with return code 0
[2025-06-22T12:22:40.164+0000] {local_task_job_runner.py:245} INFO - ::endgroup::
[2025-06-22T12:37:54.001+0000] {local_task_job_runner.py:123} INFO - ::group::Pre task execution logs
[2025-06-22T12:37:54.045+0000] {taskinstance.py:2614} INFO - Dependencies all met for dep_context=non-requeueable deps ti=<TaskInstance: example_nested_branch_dag.branch_1 scheduled__2025-06-21T00:00:00+00:00 [queued]>
[2025-06-22T12:37:54.063+0000] {taskinstance.py:2614} INFO - Dependencies all met for dep_context=requeueable deps ti=<TaskInstance: example_nested_branch_dag.branch_1 scheduled__2025-06-21T00:00:00+00:00 [queued]>
[2025-06-22T12:37:54.064+0000] {taskinstance.py:2867} INFO - Starting attempt 1 of 1
[2025-06-22T12:37:54.102+0000] {taskinstance.py:2890} INFO - Executing <Task(_BranchPythonDecoratedOperator): branch_1> on 2025-06-21 00:00:00+00:00
[2025-06-22T12:37:54.119+0000] {warnings.py:112} WARNING - /home/***/.local/lib/python3.12/site-packages/***/task/task_runner/standard_task_runner.py:70: DeprecationWarning: This process (pid=93) is multi-threaded, use of fork() may lead to deadlocks in the child.
  pid = os.fork()

[2025-06-22T12:37:54.124+0000] {standard_task_runner.py:72} INFO - Started process 127 to run task
[2025-06-22T12:37:54.125+0000] {standard_task_runner.py:104} INFO - Running: ['***', 'tasks', 'run', 'example_nested_branch_dag', 'branch_1', 'scheduled__2025-06-21T00:00:00+00:00', '--job-id', '6', '--raw', '--subdir', '/home/***/.local/lib/python3.12/site-packages/***/example_dags/example_nested_branch_dag.py', '--cfg-path', '/tmp/tmpkh34aj6e']
[2025-06-22T12:37:54.130+0000] {standard_task_runner.py:105} INFO - Job 6: Subtask branch_1
[2025-06-22T12:37:54.325+0000] {task_command.py:467} INFO - Running <TaskInstance: example_nested_branch_dag.branch_1 scheduled__2025-06-21T00:00:00+00:00 [running]> on host a5c304807a12
[2025-06-22T12:37:55.260+0000] {taskinstance.py:3134} INFO - Exporting env vars: AIRFLOW_CTX_DAG_OWNER='***' AIRFLOW_CTX_DAG_ID='example_nested_branch_dag' AIRFLOW_CTX_TASK_ID='branch_1' AIRFLOW_CTX_EXECUTION_DATE='2025-06-21T00:00:00+00:00' AIRFLOW_CTX_TRY_NUMBER='1' AIRFLOW_CTX_DAG_RUN_ID='scheduled__2025-06-21T00:00:00+00:00'
[2025-06-22T12:37:55.266+0000] {logging_mixin.py:190} INFO - Task instance is in running state
[2025-06-22T12:37:55.268+0000] {logging_mixin.py:190} INFO -  Previous state of the Task instance: queued
[2025-06-22T12:37:55.271+0000] {logging_mixin.py:190} INFO - Current task name:branch_1 state:running start_date:2025-06-22 12:37:54.046634+00:00
[2025-06-22T12:37:55.274+0000] {logging_mixin.py:190} INFO - Dag name:example_nested_branch_dag and current dag run status:running
[2025-06-22T12:37:55.275+0000] {taskinstance.py:732} INFO - ::endgroup::
[2025-06-22T12:37:55.277+0000] {python.py:240} INFO - Done. Returned value was: true_1
[2025-06-22T12:37:55.281+0000] {branch.py:38} INFO - Branch into true_1
[2025-06-22T12:37:55.285+0000] {skipmixin.py:233} INFO - Following branch ('true_1',)
[2025-06-22T12:37:55.320+0000] {skipmixin.py:281} INFO - Skipping tasks [('false_1', -1)]
[2025-06-22T12:37:55.422+0000] {taskinstance.py:341} INFO - ::group::Post task execution logs
[2025-06-22T12:37:55.424+0000] {taskinstance.py:353} INFO - Marking task as SUCCESS. dag_id=example_nested_branch_dag, task_id=branch_1, run_id=scheduled__2025-06-21T00:00:00+00:00, execution_date=20250621T000000, start_date=20250622T123754, end_date=20250622T123755
[2025-06-22T12:37:55.515+0000] {logging_mixin.py:190} INFO - Task instance in success state
[2025-06-22T12:37:55.516+0000] {logging_mixin.py:190} INFO -  Previous state of the Task instance: running
[2025-06-22T12:37:55.523+0000] {logging_mixin.py:190} INFO - Dag name:example_nested_branch_dag queued_at:2025-06-22 12:37:47.508747+00:00
[2025-06-22T12:37:55.524+0000] {logging_mixin.py:190} INFO - Task hostname:a5c304807a12 operator:_BranchPythonDecoratedOperator
[2025-06-22T12:37:55.622+0000] {local_task_job_runner.py:266} INFO - Task exited with return code 0
[2025-06-22T12:37:56.113+0000] {taskinstance.py:3901} INFO - 0 downstream tasks scheduled from follow-on schedule check
[2025-06-22T12:37:56.129+0000] {local_task_job_runner.py:245} INFO - ::endgroup::
