[2025-06-22T12:38:35.178+0000] {local_task_job_runner.py:123} INFO - ::group::Pre task execution logs
[2025-06-22T12:38:35.204+0000] {taskinstance.py:2614} INFO - Dependencies all met for dep_context=non-requeueable deps ti=<TaskInstance: example_branch_operator.venv_c scheduled__2025-06-21T00:00:00+00:00 [queued]>
[2025-06-22T12:38:35.215+0000] {taskinstance.py:2614} INFO - Dependencies all met for dep_context=requeueable deps ti=<TaskInstance: example_branch_operator.venv_c scheduled__2025-06-21T00:00:00+00:00 [queued]>
[2025-06-22T12:38:35.216+0000] {taskinstance.py:2867} INFO - Starting attempt 1 of 1
[2025-06-22T12:38:35.366+0000] {taskinstance.py:2890} INFO - Executing <Task(PythonVirtualenvOperator): venv_c> on 2025-06-21 00:00:00+00:00
[2025-06-22T12:38:35.373+0000] {warnings.py:112} WARNING - /home/***/.local/lib/python3.12/site-packages/***/task/task_runner/standard_task_runner.py:70: DeprecationWarning: This process (pid=521) is multi-threaded, use of fork() may lead to deadlocks in the child.
  pid = os.fork()

[2025-06-22T12:38:35.375+0000] {standard_task_runner.py:72} INFO - Started process 539 to run task
[2025-06-22T12:38:35.375+0000] {standard_task_runner.py:104} INFO - Running: ['***', 'tasks', 'run', 'example_branch_operator', 'venv_c', 'scheduled__2025-06-21T00:00:00+00:00', '--job-id', '65', '--raw', '--subdir', '/home/***/.local/lib/python3.12/site-packages/***/example_dags/example_branch_operator.py', '--cfg-path', '/tmp/tmp5ze1h0hj']
[2025-06-22T12:38:35.377+0000] {standard_task_runner.py:105} INFO - Job 65: Subtask venv_c
[2025-06-22T12:38:35.431+0000] {task_command.py:467} INFO - Running <TaskInstance: example_branch_operator.venv_c scheduled__2025-06-21T00:00:00+00:00 [running]> on host a5c304807a12
[2025-06-22T12:38:35.508+0000] {taskinstance.py:3134} INFO - Exporting env vars: AIRFLOW_CTX_DAG_OWNER='***' AIRFLOW_CTX_DAG_ID='example_branch_operator' AIRFLOW_CTX_TASK_ID='venv_c' AIRFLOW_CTX_EXECUTION_DATE='2025-06-21T00:00:00+00:00' AIRFLOW_CTX_TRY_NUMBER='1' AIRFLOW_CTX_DAG_RUN_ID='scheduled__2025-06-21T00:00:00+00:00'
[2025-06-22T12:38:35.510+0000] {logging_mixin.py:190} INFO - Task instance is in running state
[2025-06-22T12:38:35.510+0000] {logging_mixin.py:190} INFO -  Previous state of the Task instance: queued
[2025-06-22T12:38:35.511+0000] {logging_mixin.py:190} INFO - Current task name:venv_c state:running start_date:2025-06-22 12:38:35.205585+00:00
[2025-06-22T12:38:35.511+0000] {logging_mixin.py:190} INFO - Dag name:example_branch_operator and current dag run status:running
[2025-06-22T12:38:35.511+0000] {taskinstance.py:732} INFO - ::endgroup::
[2025-06-22T12:38:35.512+0000] {baseoperator.py:423} WARNING - PythonVirtualenvOperator.execute cannot be called outside TaskInstance!
[2025-06-22T12:38:35.520+0000] {python.py:809} INFO - Python virtual environment will be cached in /tmp/venv-5ea997a7
[2025-06-22T12:38:35.522+0000] {python.py:823} INFO - Re-using cached Python virtual environment in /tmp/venv-5ea997a7
[2025-06-22T12:38:35.532+0000] {process_utils.py:186} INFO - Executing cmd: /tmp/venv-5ea997a7/bin/python /tmp/venv-call7cbn1asf/script.py /tmp/venv-call7cbn1asf/script.in /tmp/venv-call7cbn1asf/script.out /tmp/venv-call7cbn1asf/string_args.txt /tmp/venv-call7cbn1asf/termination.log
[2025-06-22T12:38:35.533+0000] {process_utils.py:190} INFO - Output:
[2025-06-22T12:38:37.838+0000] {process_utils.py:194} INFO - Hello World with some numpy stuff: [0 1 2 3 4 5]
[2025-06-22T12:38:38.152+0000] {python.py:240} INFO - Done. Returned value was: None
[2025-06-22T12:38:38.161+0000] {taskinstance.py:341} INFO - ::group::Post task execution logs
[2025-06-22T12:38:38.161+0000] {taskinstance.py:353} INFO - Marking task as SUCCESS. dag_id=example_branch_operator, task_id=venv_c, run_id=scheduled__2025-06-21T00:00:00+00:00, execution_date=20250621T000000, start_date=20250622T123835, end_date=20250622T123838
[2025-06-22T12:38:38.184+0000] {logging_mixin.py:190} INFO - Task instance in success state
[2025-06-22T12:38:38.184+0000] {logging_mixin.py:190} INFO -  Previous state of the Task instance: running
[2025-06-22T12:38:38.185+0000] {logging_mixin.py:190} INFO - Dag name:example_branch_operator queued_at:2025-06-22 12:38:03.528600+00:00
[2025-06-22T12:38:38.185+0000] {logging_mixin.py:190} INFO - Task hostname:a5c304807a12 operator:PythonVirtualenvOperator
[2025-06-22T12:38:38.198+0000] {local_task_job_runner.py:266} INFO - Task exited with return code 0
[2025-06-22T12:38:38.217+0000] {taskinstance.py:3901} INFO - 0 downstream tasks scheduled from follow-on schedule check
[2025-06-22T12:38:38.221+0000] {local_task_job_runner.py:245} INFO - ::endgroup::
