[2025-06-27T16:58:07.701+0000] {local_task_job_runner.py:123} INFO - ::group::Pre task execution logs
[2025-06-27T16:58:07.756+0000] {taskinstance.py:2614} INFO - Dependencies all met for dep_context=non-requeueable deps ti=<TaskInstance: example_branch_operator.branching scheduled__2025-06-22T00:00:00+00:00 [queued]>
[2025-06-27T16:58:08.030+0000] {taskinstance.py:2614} INFO - Dependencies all met for dep_context=requeueable deps ti=<TaskInstance: example_branch_operator.branching scheduled__2025-06-22T00:00:00+00:00 [queued]>
[2025-06-27T16:58:08.032+0000] {taskinstance.py:2867} INFO - Starting attempt 1 of 1
[2025-06-27T16:58:08.058+0000] {taskinstance.py:2890} INFO - Executing <Task(BranchPythonOperator): branching> on 2025-06-22 00:00:00+00:00
[2025-06-27T16:58:08.073+0000] {warnings.py:112} WARNING - /home/***/.local/lib/python3.12/site-packages/***/task/task_runner/standard_task_runner.py:70: DeprecationWarning: This process (pid=218) is multi-threaded, use of fork() may lead to deadlocks in the child.
  pid = os.fork()

[2025-06-27T16:58:08.076+0000] {standard_task_runner.py:72} INFO - Started process 255 to run task
[2025-06-27T16:58:08.078+0000] {standard_task_runner.py:104} INFO - Running: ['***', 'tasks', 'run', 'example_branch_operator', 'branching', 'scheduled__2025-06-22T00:00:00+00:00', '--job-id', '102', '--raw', '--subdir', '/home/***/.local/lib/python3.12/site-packages/***/example_dags/example_branch_operator.py', '--cfg-path', '/tmp/tmpctzvb304']
[2025-06-27T16:58:08.080+0000] {standard_task_runner.py:105} INFO - Job 102: Subtask branching
[2025-06-27T16:58:08.177+0000] {task_command.py:467} INFO - Running <TaskInstance: example_branch_operator.branching scheduled__2025-06-22T00:00:00+00:00 [running]> on host a5c304807a12
[2025-06-27T16:58:08.324+0000] {taskinstance.py:3134} INFO - Exporting env vars: AIRFLOW_CTX_DAG_OWNER='***' AIRFLOW_CTX_DAG_ID='example_branch_operator' AIRFLOW_CTX_TASK_ID='branching' AIRFLOW_CTX_EXECUTION_DATE='2025-06-22T00:00:00+00:00' AIRFLOW_CTX_TRY_NUMBER='1' AIRFLOW_CTX_DAG_RUN_ID='scheduled__2025-06-22T00:00:00+00:00'
[2025-06-27T16:58:08.330+0000] {logging_mixin.py:190} INFO - Task instance is in running state
[2025-06-27T16:58:08.333+0000] {logging_mixin.py:190} INFO -  Previous state of the Task instance: queued
[2025-06-27T16:58:08.335+0000] {logging_mixin.py:190} INFO - Current task name:branching state:running start_date:2025-06-27 16:58:07.757456+00:00
[2025-06-27T16:58:08.336+0000] {logging_mixin.py:190} INFO - Dag name:example_branch_operator and current dag run status:running
[2025-06-27T16:58:08.337+0000] {taskinstance.py:732} INFO - ::endgroup::
[2025-06-27T16:58:08.339+0000] {baseoperator.py:423} WARNING - BranchPythonOperator.execute cannot be called outside TaskInstance!
[2025-06-27T16:58:08.340+0000] {python.py:240} INFO - Done. Returned value was: branch_b
[2025-06-27T16:58:08.341+0000] {branch.py:38} INFO - Branch into branch_b
[2025-06-27T16:58:08.342+0000] {skipmixin.py:233} INFO - Following branch ('branch_b',)
[2025-06-27T16:58:08.367+0000] {skipmixin.py:281} INFO - Skipping tasks [('branch_a', -1), ('branch_d', -1), ('branch_c', -1)]
[2025-06-27T16:58:08.427+0000] {taskinstance.py:341} INFO - ::group::Post task execution logs
[2025-06-27T16:58:08.428+0000] {taskinstance.py:353} INFO - Marking task as SUCCESS. dag_id=example_branch_operator, task_id=branching, run_id=scheduled__2025-06-22T00:00:00+00:00, execution_date=20250622T000000, start_date=20250627T165807, end_date=20250627T165808
[2025-06-27T16:58:08.473+0000] {logging_mixin.py:190} INFO - Task instance in success state
[2025-06-27T16:58:08.475+0000] {logging_mixin.py:190} INFO -  Previous state of the Task instance: running
[2025-06-27T16:58:08.475+0000] {logging_mixin.py:190} INFO - Dag name:example_branch_operator queued_at:2025-06-27 16:57:55.584198+00:00
[2025-06-27T16:58:08.476+0000] {logging_mixin.py:190} INFO - Task hostname:a5c304807a12 operator:BranchPythonOperator
[2025-06-27T16:58:08.499+0000] {local_task_job_runner.py:266} INFO - Task exited with return code 0
[2025-06-27T16:58:08.515+0000] {local_task_job_runner.py:245} INFO - ::endgroup::
