[2025-06-27T16:58:00.389+0000] {local_task_job_runner.py:123} INFO - ::group::Pre task execution logs
[2025-06-27T16:58:00.416+0000] {taskinstance.py:2614} INFO - Dependencies all met for dep_context=non-requeueable deps ti=<TaskInstance: example_branch_datetime_operator_3.datetime_branch scheduled__2025-06-22T00:00:00+00:00 [queued]>
[2025-06-27T16:58:00.429+0000] {taskinstance.py:2614} INFO - Dependencies all met for dep_context=requeueable deps ti=<TaskInstance: example_branch_datetime_operator_3.datetime_branch scheduled__2025-06-22T00:00:00+00:00 [queued]>
[2025-06-27T16:58:00.431+0000] {taskinstance.py:2867} INFO - Starting attempt 1 of 1
[2025-06-27T16:58:00.867+0000] {taskinstance.py:2890} INFO - Executing <Task(BranchDateTimeOperator): datetime_branch> on 2025-06-22 00:00:00+00:00
[2025-06-27T16:58:00.893+0000] {warnings.py:112} WARNING - /home/***/.local/lib/python3.12/site-packages/***/task/task_runner/standard_task_runner.py:70: DeprecationWarning: This process (pid=107) is multi-threaded, use of fork() may lead to deadlocks in the child.
  pid = os.fork()

[2025-06-27T16:58:00.906+0000] {standard_task_runner.py:72} INFO - Started process 128 to run task
[2025-06-27T16:58:00.898+0000] {standard_task_runner.py:104} INFO - Running: ['***', 'tasks', 'run', 'example_branch_datetime_operator_3', 'datetime_branch', 'scheduled__2025-06-22T00:00:00+00:00', '--job-id', '68', '--raw', '--subdir', '/home/***/.local/lib/python3.12/site-packages/***/example_dags/example_branch_datetime_operator.py', '--cfg-path', '/tmp/tmp7dxejc7g']
[2025-06-27T16:58:00.908+0000] {standard_task_runner.py:105} INFO - Job 68: Subtask datetime_branch
[2025-06-27T16:58:01.050+0000] {task_command.py:467} INFO - Running <TaskInstance: example_branch_datetime_operator_3.datetime_branch scheduled__2025-06-22T00:00:00+00:00 [running]> on host a5c304807a12
[2025-06-27T16:58:01.222+0000] {taskinstance.py:3134} INFO - Exporting env vars: AIRFLOW_CTX_DAG_OWNER='***' AIRFLOW_CTX_DAG_ID='example_branch_datetime_operator_3' AIRFLOW_CTX_TASK_ID='datetime_branch' AIRFLOW_CTX_EXECUTION_DATE='2025-06-22T00:00:00+00:00' AIRFLOW_CTX_TRY_NUMBER='1' AIRFLOW_CTX_DAG_RUN_ID='scheduled__2025-06-22T00:00:00+00:00'
[2025-06-27T16:58:01.225+0000] {logging_mixin.py:190} INFO - Task instance is in running state
[2025-06-27T16:58:01.229+0000] {logging_mixin.py:190} INFO -  Previous state of the Task instance: queued
[2025-06-27T16:58:01.231+0000] {logging_mixin.py:190} INFO - Current task name:datetime_branch state:running start_date:2025-06-27 16:58:00.418998+00:00
[2025-06-27T16:58:01.238+0000] {logging_mixin.py:190} INFO - Dag name:example_branch_datetime_operator_3 and current dag run status:running
[2025-06-27T16:58:01.242+0000] {taskinstance.py:732} INFO - ::endgroup::
[2025-06-27T16:58:01.244+0000] {branch.py:38} INFO - Branch into ['date_outside_range']
[2025-06-27T16:58:01.249+0000] {skipmixin.py:233} INFO - Following branch ('date_outside_range',)
[2025-06-27T16:58:01.278+0000] {skipmixin.py:281} INFO - Skipping tasks [('date_in_range', -1)]
[2025-06-27T16:58:01.354+0000] {taskinstance.py:341} INFO - ::group::Post task execution logs
[2025-06-27T16:58:01.356+0000] {taskinstance.py:353} INFO - Marking task as SUCCESS. dag_id=example_branch_datetime_operator_3, task_id=datetime_branch, run_id=scheduled__2025-06-22T00:00:00+00:00, execution_date=20250622T000000, start_date=20250627T165800, end_date=20250627T165801
[2025-06-27T16:58:01.403+0000] {logging_mixin.py:190} INFO - Task instance in success state
[2025-06-27T16:58:01.404+0000] {logging_mixin.py:190} INFO -  Previous state of the Task instance: running
[2025-06-27T16:58:01.404+0000] {logging_mixin.py:190} INFO - Dag name:example_branch_datetime_operator_3 queued_at:2025-06-27 16:57:54.876397+00:00
[2025-06-27T16:58:01.405+0000] {logging_mixin.py:190} INFO - Task hostname:a5c304807a12 operator:BranchDateTimeOperator
[2025-06-27T16:58:01.459+0000] {local_task_job_runner.py:266} INFO - Task exited with return code 0
[2025-06-27T16:58:01.500+0000] {taskinstance.py:3901} INFO - 0 downstream tasks scheduled from follow-on schedule check
[2025-06-27T16:58:01.505+0000] {local_task_job_runner.py:245} INFO - ::endgroup::
