[2025-06-27T16:58:00.628+0000] {local_task_job_runner.py:123} INFO - ::group::Pre task execution logs
[2025-06-27T16:58:00.720+0000] {taskinstance.py:2614} INFO - Dependencies all met for dep_context=non-requeueable deps ti=<TaskInstance: tutorial.print_date scheduled__2025-06-22T00:00:00+00:00 [queued]>
[2025-06-27T16:58:00.737+0000] {taskinstance.py:2614} INFO - Dependencies all met for dep_context=requeueable deps ti=<TaskInstance: tutorial.print_date scheduled__2025-06-22T00:00:00+00:00 [queued]>
[2025-06-27T16:58:00.740+0000] {taskinstance.py:2867} INFO - Starting attempt 1 of 2
[2025-06-27T16:58:01.174+0000] {taskinstance.py:2890} INFO - Executing <Task(BashOperator): print_date> on 2025-06-22 00:00:00+00:00
[2025-06-27T16:58:01.191+0000] {warnings.py:112} WARNING - /home/***/.local/lib/python3.12/site-packages/***/task/task_runner/standard_task_runner.py:70: DeprecationWarning: This process (pid=94) is multi-threaded, use of fork() may lead to deadlocks in the child.
  pid = os.fork()

[2025-06-27T16:58:01.194+0000] {standard_task_runner.py:72} INFO - Started process 146 to run task
[2025-06-27T16:58:01.197+0000] {standard_task_runner.py:104} INFO - Running: ['***', 'tasks', 'run', 'tutorial', 'print_date', 'scheduled__2025-06-22T00:00:00+00:00', '--job-id', '81', '--raw', '--subdir', '/home/***/.local/lib/python3.12/site-packages/***/example_dags/tutorial.py', '--cfg-path', '/tmp/tmpwcoelr9z']
[2025-06-27T16:58:01.206+0000] {standard_task_runner.py:105} INFO - Job 81: Subtask print_date
[2025-06-27T16:58:01.342+0000] {task_command.py:467} INFO - Running <TaskInstance: tutorial.print_date scheduled__2025-06-22T00:00:00+00:00 [running]> on host a5c304807a12
[2025-06-27T16:58:01.492+0000] {taskinstance.py:3134} INFO - Exporting env vars: AIRFLOW_CTX_DAG_EMAIL='***@example.com' AIRFLOW_CTX_DAG_OWNER='***' AIRFLOW_CTX_DAG_ID='tutorial' AIRFLOW_CTX_TASK_ID='print_date' AIRFLOW_CTX_EXECUTION_DATE='2025-06-22T00:00:00+00:00' AIRFLOW_CTX_TRY_NUMBER='1' AIRFLOW_CTX_DAG_RUN_ID='scheduled__2025-06-22T00:00:00+00:00'
[2025-06-27T16:58:01.496+0000] {logging_mixin.py:190} INFO - Task instance is in running state
[2025-06-27T16:58:01.497+0000] {logging_mixin.py:190} INFO -  Previous state of the Task instance: queued
[2025-06-27T16:58:01.498+0000] {logging_mixin.py:190} INFO - Current task name:print_date state:running start_date:2025-06-27 16:58:00.723880+00:00
[2025-06-27T16:58:01.499+0000] {logging_mixin.py:190} INFO - Dag name:tutorial and current dag run status:running
[2025-06-27T16:58:01.499+0000] {taskinstance.py:732} INFO - ::endgroup::
[2025-06-27T16:58:01.501+0000] {subprocess.py:78} INFO - Tmp dir root location: /tmp
[2025-06-27T16:58:01.503+0000] {subprocess.py:88} INFO - Running command: ['/usr/bin/bash', '-c', 'date']
[2025-06-27T16:58:01.526+0000] {subprocess.py:99} INFO - Output:
[2025-06-27T16:58:01.531+0000] {subprocess.py:106} INFO - Fri Jun 27 16:58:01 UTC 2025
[2025-06-27T16:58:01.532+0000] {subprocess.py:110} INFO - Command exited with return code 0
[2025-06-27T16:58:01.571+0000] {taskinstance.py:341} INFO - ::group::Post task execution logs
[2025-06-27T16:58:01.572+0000] {taskinstance.py:353} INFO - Marking task as SUCCESS. dag_id=tutorial, task_id=print_date, run_id=scheduled__2025-06-22T00:00:00+00:00, execution_date=20250622T000000, start_date=20250627T165800, end_date=20250627T165801
[2025-06-27T16:58:01.607+0000] {logging_mixin.py:190} INFO - Task instance in success state
[2025-06-27T16:58:01.608+0000] {logging_mixin.py:190} INFO -  Previous state of the Task instance: running
[2025-06-27T16:58:01.608+0000] {logging_mixin.py:190} INFO - Dag name:tutorial queued_at:2025-06-27 16:57:54.121626+00:00
[2025-06-27T16:58:01.609+0000] {logging_mixin.py:190} INFO - Task hostname:a5c304807a12 operator:BashOperator
[2025-06-27T16:58:01.627+0000] {local_task_job_runner.py:266} INFO - Task exited with return code 0
[2025-06-27T16:58:01.669+0000] {taskinstance.py:3901} INFO - 2 downstream tasks scheduled from follow-on schedule check
[2025-06-27T16:58:01.675+0000] {local_task_job_runner.py:245} INFO - ::endgroup::
