[2025-06-27T16:58:18.292+0000] {local_task_job_runner.py:123} INFO - ::group::Pre task execution logs
[2025-06-27T16:58:18.316+0000] {taskinstance.py:2614} INFO - Dependencies all met for dep_context=non-requeueable deps ti=<TaskInstance: example_branch_dop_operator_v3.should_run scheduled__2025-06-27T16:57:00+00:00 [queued]>
[2025-06-27T16:58:18.464+0000] {taskinstance.py:2614} INFO - Dependencies all met for dep_context=requeueable deps ti=<TaskInstance: example_branch_dop_operator_v3.should_run scheduled__2025-06-27T16:57:00+00:00 [queued]>
[2025-06-27T16:58:18.465+0000] {taskinstance.py:2867} INFO - Starting attempt 1 of 1
[2025-06-27T16:58:18.478+0000] {taskinstance.py:2890} INFO - Executing <Task(_BranchPythonDecoratedOperator): should_run> on 2025-06-27 16:57:00+00:00
[2025-06-27T16:58:18.485+0000] {warnings.py:112} WARNING - /home/***/.local/lib/python3.12/site-packages/***/task/task_runner/standard_task_runner.py:70: DeprecationWarning: This process (pid=392) is multi-threaded, use of fork() may lead to deadlocks in the child.
  pid = os.fork()

[2025-06-27T16:58:18.487+0000] {standard_task_runner.py:72} INFO - Started process 419 to run task
[2025-06-27T16:58:18.487+0000] {standard_task_runner.py:104} INFO - Running: ['***', 'tasks', 'run', 'example_branch_dop_operator_v3', 'should_run', 'scheduled__2025-06-27T16:57:00+00:00', '--job-id', '143', '--raw', '--subdir', '/home/***/.local/lib/python3.12/site-packages/***/example_dags/example_branch_python_dop_operator_3.py', '--cfg-path', '/tmp/tmpy6rfq84a']
[2025-06-27T16:58:18.489+0000] {standard_task_runner.py:105} INFO - Job 143: Subtask should_run
[2025-06-27T16:58:18.550+0000] {task_command.py:467} INFO - Running <TaskInstance: example_branch_dop_operator_v3.should_run scheduled__2025-06-27T16:57:00+00:00 [running]> on host a5c304807a12
[2025-06-27T16:58:18.647+0000] {taskinstance.py:3134} INFO - Exporting env vars: AIRFLOW_CTX_DAG_OWNER='***' AIRFLOW_CTX_DAG_ID='example_branch_dop_operator_v3' AIRFLOW_CTX_TASK_ID='should_run' AIRFLOW_CTX_EXECUTION_DATE='2025-06-27T16:57:00+00:00' AIRFLOW_CTX_TRY_NUMBER='1' AIRFLOW_CTX_DAG_RUN_ID='scheduled__2025-06-27T16:57:00+00:00'
[2025-06-27T16:58:18.648+0000] {logging_mixin.py:190} INFO - Task instance is in running state
[2025-06-27T16:58:18.649+0000] {logging_mixin.py:190} INFO -  Previous state of the Task instance: queued
[2025-06-27T16:58:18.649+0000] {logging_mixin.py:190} INFO - Current task name:should_run state:running start_date:2025-06-27 16:58:18.316640+00:00
[2025-06-27T16:58:18.650+0000] {logging_mixin.py:190} INFO - Dag name:example_branch_dop_operator_v3 and current dag run status:running
[2025-06-27T16:58:18.650+0000] {taskinstance.py:732} INFO - ::endgroup::
[2025-06-27T16:58:18.651+0000] {logging_mixin.py:190} INFO - ------------- exec dttm = 2025-06-27 16:57:00+00:00 and minute = 57
[2025-06-27T16:58:18.652+0000] {python.py:240} INFO - Done. Returned value was: empty_task_2
[2025-06-27T16:58:18.652+0000] {branch.py:38} INFO - Branch into empty_task_2
[2025-06-27T16:58:18.653+0000] {skipmixin.py:233} INFO - Following branch ('empty_task_2',)
[2025-06-27T16:58:18.664+0000] {skipmixin.py:281} INFO - Skipping tasks [('empty_task_1', -1)]
[2025-06-27T16:58:18.701+0000] {taskinstance.py:341} INFO - ::group::Post task execution logs
[2025-06-27T16:58:18.702+0000] {taskinstance.py:353} INFO - Marking task as SUCCESS. dag_id=example_branch_dop_operator_v3, task_id=should_run, run_id=scheduled__2025-06-27T16:57:00+00:00, execution_date=20250627T165700, start_date=20250627T165818, end_date=20250627T165818
[2025-06-27T16:58:18.727+0000] {logging_mixin.py:190} INFO - Task instance in success state
[2025-06-27T16:58:18.727+0000] {logging_mixin.py:190} INFO -  Previous state of the Task instance: running
[2025-06-27T16:58:18.728+0000] {logging_mixin.py:190} INFO - Dag name:example_branch_dop_operator_v3 queued_at:2025-06-27 16:58:00.723029+00:00
[2025-06-27T16:58:18.734+0000] {logging_mixin.py:190} INFO - Task hostname:a5c304807a12 operator:_BranchPythonDecoratedOperator
[2025-06-27T16:58:18.783+0000] {local_task_job_runner.py:266} INFO - Task exited with return code 0
[2025-06-27T16:58:18.791+0000] {local_task_job_runner.py:245} INFO - ::endgroup::
