[2025-06-22T12:22:43.811+0000] {local_task_job_runner.py:123} INFO - ::group::Pre task execution logs
[2025-06-22T12:22:43.855+0000] {taskinstance.py:2614} INFO - Dependencies all met for dep_context=non-requeueable deps ti=<TaskInstance: example_xcom.push scheduled__2021-01-01T00:00:00+00:00 [queued]>
[2025-06-22T12:22:43.912+0000] {taskinstance.py:2614} INFO - Dependencies all met for dep_context=requeueable deps ti=<TaskInstance: example_xcom.push scheduled__2021-01-01T00:00:00+00:00 [queued]>
[2025-06-22T12:22:43.916+0000] {taskinstance.py:2867} INFO - Starting attempt 1 of 1
[2025-06-22T12:22:43.992+0000] {taskinstance.py:2890} INFO - Executing <Task(_PythonDecoratedOperator): push> on 2021-01-01 00:00:00+00:00
[2025-06-22T12:22:44.032+0000] {warnings.py:112} WARNING - /home/***/.local/lib/python3.12/site-packages/***/task/task_runner/standard_task_runner.py:70: DeprecationWarning: This process (pid=158) is multi-threaded, use of fork() may lead to deadlocks in the child.
  pid = os.fork()

[2025-06-22T12:22:44.035+0000] {standard_task_runner.py:72} INFO - Started process 186 to run task
[2025-06-22T12:22:44.046+0000] {standard_task_runner.py:104} INFO - Running: ['***', 'tasks', 'run', 'example_xcom', 'push', 'scheduled__2021-01-01T00:00:00+00:00', '--job-id', '18', '--raw', '--subdir', '/home/***/.local/lib/python3.12/site-packages/***/example_dags/example_xcom.py', '--cfg-path', '/tmp/tmpxikgdmqu']
[2025-06-22T12:22:44.048+0000] {standard_task_runner.py:105} INFO - Job 18: Subtask push
[2025-06-22T12:22:44.708+0000] {task_command.py:467} INFO - Running <TaskInstance: example_xcom.push scheduled__2021-01-01T00:00:00+00:00 [running]> on host 342e1477a02c
[2025-06-22T12:22:44.881+0000] {taskinstance.py:3134} INFO - Exporting env vars: AIRFLOW_CTX_DAG_OWNER='***' AIRFLOW_CTX_DAG_ID='example_xcom' AIRFLOW_CTX_TASK_ID='push' AIRFLOW_CTX_EXECUTION_DATE='2021-01-01T00:00:00+00:00' AIRFLOW_CTX_TRY_NUMBER='1' AIRFLOW_CTX_DAG_RUN_ID='scheduled__2021-01-01T00:00:00+00:00'
[2025-06-22T12:22:44.885+0000] {logging_mixin.py:190} INFO - Task instance is in running state
[2025-06-22T12:22:44.886+0000] {logging_mixin.py:190} INFO -  Previous state of the Task instance: queued
[2025-06-22T12:22:44.886+0000] {logging_mixin.py:190} INFO - Current task name:push state:running start_date:2025-06-22 12:22:43.865740+00:00
[2025-06-22T12:22:44.887+0000] {logging_mixin.py:190} INFO - Dag name:example_xcom and current dag run status:running
[2025-06-22T12:22:44.889+0000] {taskinstance.py:732} INFO - ::endgroup::
[2025-06-22T12:22:44.919+0000] {python.py:240} INFO - Done. Returned value was: None
[2025-06-22T12:22:44.934+0000] {taskinstance.py:341} INFO - ::group::Post task execution logs
[2025-06-22T12:22:44.935+0000] {taskinstance.py:353} INFO - Marking task as SUCCESS. dag_id=example_xcom, task_id=push, run_id=scheduled__2021-01-01T00:00:00+00:00, execution_date=20210101T000000, start_date=20250622T122243, end_date=20250622T122244
[2025-06-22T12:22:44.986+0000] {logging_mixin.py:190} INFO - Task instance in success state
[2025-06-22T12:22:44.989+0000] {logging_mixin.py:190} INFO -  Previous state of the Task instance: running
[2025-06-22T12:22:44.990+0000] {logging_mixin.py:190} INFO - Dag name:example_xcom queued_at:2025-06-22 12:22:39.859831+00:00
[2025-06-22T12:22:44.991+0000] {logging_mixin.py:190} INFO - Task hostname:342e1477a02c operator:_PythonDecoratedOperator
[2025-06-22T12:22:45.060+0000] {local_task_job_runner.py:266} INFO - Task exited with return code 0
[2025-06-22T12:22:45.509+0000] {local_task_job_runner.py:245} INFO - ::endgroup::
[2025-06-22T12:37:59.472+0000] {local_task_job_runner.py:123} INFO - ::group::Pre task execution logs
[2025-06-22T12:37:59.500+0000] {taskinstance.py:2614} INFO - Dependencies all met for dep_context=non-requeueable deps ti=<TaskInstance: example_xcom.push scheduled__2021-01-01T00:00:00+00:00 [queued]>
[2025-06-22T12:37:59.515+0000] {taskinstance.py:2614} INFO - Dependencies all met for dep_context=requeueable deps ti=<TaskInstance: example_xcom.push scheduled__2021-01-01T00:00:00+00:00 [queued]>
[2025-06-22T12:37:59.516+0000] {taskinstance.py:2867} INFO - Starting attempt 1 of 1
[2025-06-22T12:37:59.881+0000] {taskinstance.py:2890} INFO - Executing <Task(_PythonDecoratedOperator): push> on 2021-01-01 00:00:00+00:00
[2025-06-22T12:37:59.907+0000] {warnings.py:112} WARNING - /home/***/.local/lib/python3.12/site-packages/***/task/task_runner/standard_task_runner.py:70: DeprecationWarning: This process (pid=153) is multi-threaded, use of fork() may lead to deadlocks in the child.
  pid = os.fork()

[2025-06-22T12:37:59.910+0000] {standard_task_runner.py:72} INFO - Started process 186 to run task
[2025-06-22T12:37:59.912+0000] {standard_task_runner.py:104} INFO - Running: ['***', 'tasks', 'run', 'example_xcom', 'push', 'scheduled__2021-01-01T00:00:00+00:00', '--job-id', '20', '--raw', '--subdir', '/home/***/.local/lib/python3.12/site-packages/***/example_dags/example_xcom.py', '--cfg-path', '/tmp/tmp9ydjzoxk']
[2025-06-22T12:37:59.915+0000] {standard_task_runner.py:105} INFO - Job 20: Subtask push
[2025-06-22T12:38:00.038+0000] {task_command.py:467} INFO - Running <TaskInstance: example_xcom.push scheduled__2021-01-01T00:00:00+00:00 [running]> on host a5c304807a12
[2025-06-22T12:38:00.262+0000] {taskinstance.py:3134} INFO - Exporting env vars: AIRFLOW_CTX_DAG_OWNER='***' AIRFLOW_CTX_DAG_ID='example_xcom' AIRFLOW_CTX_TASK_ID='push' AIRFLOW_CTX_EXECUTION_DATE='2021-01-01T00:00:00+00:00' AIRFLOW_CTX_TRY_NUMBER='1' AIRFLOW_CTX_DAG_RUN_ID='scheduled__2021-01-01T00:00:00+00:00'
[2025-06-22T12:38:00.264+0000] {logging_mixin.py:190} INFO - Task instance is in running state
[2025-06-22T12:38:00.265+0000] {logging_mixin.py:190} INFO -  Previous state of the Task instance: queued
[2025-06-22T12:38:00.266+0000] {logging_mixin.py:190} INFO - Current task name:push state:running start_date:2025-06-22 12:37:59.501634+00:00
[2025-06-22T12:38:00.267+0000] {logging_mixin.py:190} INFO - Dag name:example_xcom and current dag run status:running
[2025-06-22T12:38:00.268+0000] {taskinstance.py:732} INFO - ::endgroup::
[2025-06-22T12:38:00.303+0000] {python.py:240} INFO - Done. Returned value was: None
[2025-06-22T12:38:00.338+0000] {taskinstance.py:341} INFO - ::group::Post task execution logs
[2025-06-22T12:38:00.342+0000] {taskinstance.py:353} INFO - Marking task as SUCCESS. dag_id=example_xcom, task_id=push, run_id=scheduled__2021-01-01T00:00:00+00:00, execution_date=20210101T000000, start_date=20250622T123759, end_date=20250622T123800
[2025-06-22T12:38:00.443+0000] {logging_mixin.py:190} INFO - Task instance in success state
[2025-06-22T12:38:00.450+0000] {logging_mixin.py:190} INFO -  Previous state of the Task instance: running
[2025-06-22T12:38:00.453+0000] {logging_mixin.py:190} INFO - Dag name:example_xcom queued_at:2025-06-22 12:37:53.793495+00:00
[2025-06-22T12:38:00.460+0000] {logging_mixin.py:190} INFO - Task hostname:a5c304807a12 operator:_PythonDecoratedOperator
[2025-06-22T12:38:00.509+0000] {local_task_job_runner.py:266} INFO - Task exited with return code 0
[2025-06-22T12:38:00.580+0000] {taskinstance.py:3901} INFO - 1 downstream tasks scheduled from follow-on schedule check
[2025-06-22T12:38:00.589+0000] {local_task_job_runner.py:245} INFO - ::endgroup::
