[2025-06-22T12:38:12.524+0000] {local_task_job_runner.py:123} INFO - ::group::Pre task execution logs
[2025-06-22T12:38:12.545+0000] {taskinstance.py:2614} INFO - Dependencies all met for dep_context=non-requeueable deps ti=<TaskInstance: example_branch_operator.branch_d scheduled__2025-06-21T00:00:00+00:00 [queued]>
[2025-06-22T12:38:12.555+0000] {taskinstance.py:2614} INFO - Dependencies all met for dep_context=requeueable deps ti=<TaskInstance: example_branch_operator.branch_d scheduled__2025-06-21T00:00:00+00:00 [queued]>
[2025-06-22T12:38:12.556+0000] {taskinstance.py:2867} INFO - Starting attempt 1 of 1
[2025-06-22T12:38:12.686+0000] {taskinstance.py:2890} INFO - Executing <Task(PythonOperator): branch_d> on 2025-06-21 00:00:00+00:00
[2025-06-22T12:38:12.694+0000] {warnings.py:112} WARNING - /home/***/.local/lib/python3.12/site-packages/***/task/task_runner/standard_task_runner.py:70: DeprecationWarning: This process (pid=321) is multi-threaded, use of fork() may lead to deadlocks in the child.
  pid = os.fork()

[2025-06-22T12:38:12.697+0000] {standard_task_runner.py:72} INFO - Started process 328 to run task
[2025-06-22T12:38:12.696+0000] {standard_task_runner.py:104} INFO - Running: ['***', 'tasks', 'run', 'example_branch_operator', 'branch_d', 'scheduled__2025-06-21T00:00:00+00:00', '--job-id', '56', '--raw', '--subdir', '/home/***/.local/lib/python3.12/site-packages/***/example_dags/example_branch_operator.py', '--cfg-path', '/tmp/tmpgcd8dwuq']
[2025-06-22T12:38:12.697+0000] {standard_task_runner.py:105} INFO - Job 56: Subtask branch_d
[2025-06-22T12:38:12.755+0000] {task_command.py:467} INFO - Running <TaskInstance: example_branch_operator.branch_d scheduled__2025-06-21T00:00:00+00:00 [running]> on host a5c304807a12
[2025-06-22T12:38:12.827+0000] {taskinstance.py:3134} INFO - Exporting env vars: AIRFLOW_CTX_DAG_OWNER='***' AIRFLOW_CTX_DAG_ID='example_branch_operator' AIRFLOW_CTX_TASK_ID='branch_d' AIRFLOW_CTX_EXECUTION_DATE='2025-06-21T00:00:00+00:00' AIRFLOW_CTX_TRY_NUMBER='1' AIRFLOW_CTX_DAG_RUN_ID='scheduled__2025-06-21T00:00:00+00:00'
[2025-06-22T12:38:12.829+0000] {logging_mixin.py:190} INFO - Task instance is in running state
[2025-06-22T12:38:12.829+0000] {logging_mixin.py:190} INFO -  Previous state of the Task instance: queued
[2025-06-22T12:38:12.830+0000] {logging_mixin.py:190} INFO - Current task name:branch_d state:running start_date:2025-06-22 12:38:12.546328+00:00
[2025-06-22T12:38:12.830+0000] {logging_mixin.py:190} INFO - Dag name:example_branch_operator and current dag run status:running
[2025-06-22T12:38:12.830+0000] {taskinstance.py:732} INFO - ::endgroup::
[2025-06-22T12:38:12.831+0000] {logging_mixin.py:190} INFO - Hello World
[2025-06-22T12:38:12.831+0000] {python.py:240} INFO - Done. Returned value was: None
[2025-06-22T12:38:12.841+0000] {taskinstance.py:341} INFO - ::group::Post task execution logs
[2025-06-22T12:38:12.841+0000] {taskinstance.py:353} INFO - Marking task as SUCCESS. dag_id=example_branch_operator, task_id=branch_d, run_id=scheduled__2025-06-21T00:00:00+00:00, execution_date=20250621T000000, start_date=20250622T123812, end_date=20250622T123812
[2025-06-22T12:38:12.864+0000] {logging_mixin.py:190} INFO - Task instance in success state
[2025-06-22T12:38:12.864+0000] {logging_mixin.py:190} INFO -  Previous state of the Task instance: running
[2025-06-22T12:38:12.865+0000] {logging_mixin.py:190} INFO - Dag name:example_branch_operator queued_at:2025-06-22 12:38:03.528600+00:00
[2025-06-22T12:38:12.865+0000] {logging_mixin.py:190} INFO - Task hostname:a5c304807a12 operator:PythonOperator
[2025-06-22T12:38:12.912+0000] {local_task_job_runner.py:266} INFO - Task exited with return code 0
[2025-06-22T12:38:12.948+0000] {taskinstance.py:3901} INFO - 0 downstream tasks scheduled from follow-on schedule check
[2025-06-22T12:38:12.952+0000] {local_task_job_runner.py:245} INFO - ::endgroup::
