[2025-06-27T16:58:11.189+0000] {local_task_job_runner.py:123} INFO - ::group::Pre task execution logs
[2025-06-27T16:58:11.220+0000] {taskinstance.py:2614} INFO - Dependencies all met for dep_context=non-requeueable deps ti=<TaskInstance: example_bash_operator.this_will_skip scheduled__2025-06-26T00:00:00+00:00 [queued]>
[2025-06-27T16:58:11.239+0000] {taskinstance.py:2614} INFO - Dependencies all met for dep_context=requeueable deps ti=<TaskInstance: example_bash_operator.this_will_skip scheduled__2025-06-26T00:00:00+00:00 [queued]>
[2025-06-27T16:58:11.240+0000] {taskinstance.py:2867} INFO - Starting attempt 1 of 1
[2025-06-27T16:58:11.521+0000] {taskinstance.py:2890} INFO - Executing <Task(BashOperator): this_will_skip> on 2025-06-26 00:00:00+00:00
[2025-06-27T16:58:11.535+0000] {warnings.py:112} WARNING - /home/***/.local/lib/python3.12/site-packages/***/task/task_runner/standard_task_runner.py:70: DeprecationWarning: This process (pid=278) is multi-threaded, use of fork() may lead to deadlocks in the child.
  pid = os.fork()

[2025-06-27T16:58:11.538+0000] {standard_task_runner.py:72} INFO - Started process 307 to run task
[2025-06-27T16:58:11.539+0000] {standard_task_runner.py:104} INFO - Running: ['***', 'tasks', 'run', 'example_bash_operator', 'this_will_skip', 'scheduled__2025-06-26T00:00:00+00:00', '--job-id', '115', '--raw', '--subdir', '/home/***/.local/lib/python3.12/site-packages/***/example_dags/example_bash_operator.py', '--cfg-path', '/tmp/tmpn4j7ekh4']
[2025-06-27T16:58:11.540+0000] {standard_task_runner.py:105} INFO - Job 115: Subtask this_will_skip
[2025-06-27T16:58:11.633+0000] {task_command.py:467} INFO - Running <TaskInstance: example_bash_operator.this_will_skip scheduled__2025-06-26T00:00:00+00:00 [running]> on host a5c304807a12
[2025-06-27T16:58:11.770+0000] {taskinstance.py:3134} INFO - Exporting env vars: AIRFLOW_CTX_DAG_OWNER='***' AIRFLOW_CTX_DAG_ID='example_bash_operator' AIRFLOW_CTX_TASK_ID='this_will_skip' AIRFLOW_CTX_EXECUTION_DATE='2025-06-26T00:00:00+00:00' AIRFLOW_CTX_TRY_NUMBER='1' AIRFLOW_CTX_DAG_RUN_ID='scheduled__2025-06-26T00:00:00+00:00'
[2025-06-27T16:58:11.772+0000] {logging_mixin.py:190} INFO - Task instance is in running state
[2025-06-27T16:58:11.773+0000] {logging_mixin.py:190} INFO -  Previous state of the Task instance: queued
[2025-06-27T16:58:11.773+0000] {logging_mixin.py:190} INFO - Current task name:this_will_skip state:running start_date:2025-06-27 16:58:11.222876+00:00
[2025-06-27T16:58:11.774+0000] {logging_mixin.py:190} INFO - Dag name:example_bash_operator and current dag run status:running
[2025-06-27T16:58:11.775+0000] {taskinstance.py:732} INFO - ::endgroup::
[2025-06-27T16:58:11.776+0000] {subprocess.py:78} INFO - Tmp dir root location: /tmp
[2025-06-27T16:58:11.778+0000] {subprocess.py:88} INFO - Running command: ['/usr/bin/bash', '-c', 'echo "hello world"; exit 99;']
[2025-06-27T16:58:11.802+0000] {subprocess.py:99} INFO - Output:
[2025-06-27T16:58:11.805+0000] {subprocess.py:106} INFO - hello world
[2025-06-27T16:58:11.806+0000] {subprocess.py:110} INFO - Command exited with return code 99
[2025-06-27T16:58:11.807+0000] {taskinstance.py:302} INFO - Bash command returned exit code 99. Skipping.
[2025-06-27T16:58:11.866+0000] {taskinstance.py:341} INFO - ::group::Post task execution logs
[2025-06-27T16:58:11.871+0000] {taskinstance.py:353} INFO - Marking task as SKIPPED. dag_id=example_bash_operator, task_id=this_will_skip, run_id=scheduled__2025-06-26T00:00:00+00:00, execution_date=20250626T000000, start_date=20250627T165811, end_date=20250627T165811
[2025-06-27T16:58:11.960+0000] {local_task_job_runner.py:266} INFO - Task exited with return code 0
[2025-06-27T16:58:12.013+0000] {taskinstance.py:3901} INFO - 0 downstream tasks scheduled from follow-on schedule check
[2025-06-27T16:58:12.023+0000] {local_task_job_runner.py:245} INFO - ::endgroup::
