[2025-06-22T12:22:50.093+0000] {local_task_job_runner.py:123} INFO - ::group::Pre task execution logs
[2025-06-22T12:22:50.157+0000] {taskinstance.py:2614} INFO - Dependencies all met for dep_context=non-requeueable deps ti=<TaskInstance: example_xcom.bash_pull scheduled__2021-01-01T00:00:00+00:00 [queued]>
[2025-06-22T12:22:50.186+0000] {taskinstance.py:2614} INFO - Dependencies all met for dep_context=requeueable deps ti=<TaskInstance: example_xcom.bash_pull scheduled__2021-01-01T00:00:00+00:00 [queued]>
[2025-06-22T12:22:50.188+0000] {taskinstance.py:2867} INFO - Starting attempt 1 of 1
[2025-06-22T12:22:50.698+0000] {taskinstance.py:2890} INFO - Executing <Task(BashOperator): bash_pull> on 2021-01-01 00:00:00+00:00
[2025-06-22T12:22:50.716+0000] {warnings.py:112} WARNING - /home/***/.local/lib/python3.12/site-packages/***/task/task_runner/standard_task_runner.py:70: DeprecationWarning: This process (pid=212) is multi-threaded, use of fork() may lead to deadlocks in the child.
  pid = os.fork()

[2025-06-22T12:22:50.723+0000] {standard_task_runner.py:72} INFO - Started process 251 to run task
[2025-06-22T12:22:50.733+0000] {standard_task_runner.py:104} INFO - Running: ['***', 'tasks', 'run', 'example_xcom', 'bash_pull', 'scheduled__2021-01-01T00:00:00+00:00', '--job-id', '33', '--raw', '--subdir', '/home/***/.local/lib/python3.12/site-packages/***/example_dags/example_xcom.py', '--cfg-path', '/tmp/tmpycu4tx8l']
[2025-06-22T12:22:50.737+0000] {standard_task_runner.py:105} INFO - Job 33: Subtask bash_pull
[2025-06-22T12:22:50.897+0000] {task_command.py:467} INFO - Running <TaskInstance: example_xcom.bash_pull scheduled__2021-01-01T00:00:00+00:00 [running]> on host 342e1477a02c
[2025-06-22T12:22:51.134+0000] {taskinstance.py:3134} INFO - Exporting env vars: AIRFLOW_CTX_DAG_OWNER='***' AIRFLOW_CTX_DAG_ID='example_xcom' AIRFLOW_CTX_TASK_ID='bash_pull' AIRFLOW_CTX_EXECUTION_DATE='2021-01-01T00:00:00+00:00' AIRFLOW_CTX_TRY_NUMBER='1' AIRFLOW_CTX_DAG_RUN_ID='scheduled__2021-01-01T00:00:00+00:00'
[2025-06-22T12:22:51.140+0000] {logging_mixin.py:190} INFO - Task instance is in running state
[2025-06-22T12:22:51.142+0000] {logging_mixin.py:190} INFO -  Previous state of the Task instance: queued
[2025-06-22T12:22:51.143+0000] {logging_mixin.py:190} INFO - Current task name:bash_pull state:running start_date:2025-06-22 12:22:50.162103+00:00
[2025-06-22T12:22:51.144+0000] {logging_mixin.py:190} INFO - Dag name:example_xcom and current dag run status:running
[2025-06-22T12:22:51.144+0000] {taskinstance.py:732} INFO - ::endgroup::
[2025-06-22T12:22:51.146+0000] {subprocess.py:78} INFO - Tmp dir root location: /tmp
[2025-06-22T12:22:51.148+0000] {subprocess.py:88} INFO - Running command: ['/usr/bin/bash', '-c', 'echo "bash pull demo" && echo "The xcom pushed manually is manually_pushed_value" && echo "The returned_value xcom is value_by_return" && echo "finished"']
[2025-06-22T12:22:51.192+0000] {subprocess.py:99} INFO - Output:
[2025-06-22T12:22:51.199+0000] {subprocess.py:106} INFO - bash pull demo
[2025-06-22T12:22:51.202+0000] {subprocess.py:106} INFO - The xcom pushed manually is manually_pushed_value
[2025-06-22T12:22:51.206+0000] {subprocess.py:106} INFO - The returned_value xcom is value_by_return
[2025-06-22T12:22:51.208+0000] {subprocess.py:106} INFO - finished
[2025-06-22T12:22:51.212+0000] {subprocess.py:110} INFO - Command exited with return code 0
[2025-06-22T12:22:51.237+0000] {taskinstance.py:341} INFO - ::group::Post task execution logs
[2025-06-22T12:22:51.239+0000] {taskinstance.py:353} INFO - Marking task as SUCCESS. dag_id=example_xcom, task_id=bash_pull, run_id=scheduled__2021-01-01T00:00:00+00:00, execution_date=20210101T000000, start_date=20250622T122250, end_date=20250622T122251
[2025-06-22T12:22:51.297+0000] {logging_mixin.py:190} INFO - Task instance in success state
[2025-06-22T12:22:51.301+0000] {logging_mixin.py:190} INFO -  Previous state of the Task instance: running
[2025-06-22T12:22:51.302+0000] {logging_mixin.py:190} INFO - Dag name:example_xcom queued_at:2025-06-22 12:22:39.859831+00:00
[2025-06-22T12:22:51.302+0000] {logging_mixin.py:190} INFO - Task hostname:342e1477a02c operator:BashOperator
[2025-06-22T12:22:51.373+0000] {local_task_job_runner.py:266} INFO - Task exited with return code 0
[2025-06-22T12:22:51.429+0000] {taskinstance.py:3901} INFO - 0 downstream tasks scheduled from follow-on schedule check
[2025-06-22T12:22:51.436+0000] {local_task_job_runner.py:245} INFO - ::endgroup::
[2025-06-22T12:38:05.229+0000] {local_task_job_runner.py:123} INFO - ::group::Pre task execution logs
[2025-06-22T12:38:05.301+0000] {taskinstance.py:2614} INFO - Dependencies all met for dep_context=non-requeueable deps ti=<TaskInstance: example_xcom.bash_pull scheduled__2021-01-01T00:00:00+00:00 [queued]>
[2025-06-22T12:38:05.334+0000] {taskinstance.py:2614} INFO - Dependencies all met for dep_context=requeueable deps ti=<TaskInstance: example_xcom.bash_pull scheduled__2021-01-01T00:00:00+00:00 [queued]>
[2025-06-22T12:38:05.337+0000] {taskinstance.py:2867} INFO - Starting attempt 1 of 1
[2025-06-22T12:38:05.695+0000] {taskinstance.py:2890} INFO - Executing <Task(BashOperator): bash_pull> on 2021-01-01 00:00:00+00:00
[2025-06-22T12:38:05.719+0000] {warnings.py:112} WARNING - /home/***/.local/lib/python3.12/site-packages/***/task/task_runner/standard_task_runner.py:70: DeprecationWarning: This process (pid=208) is multi-threaded, use of fork() may lead to deadlocks in the child.
  pid = os.fork()

[2025-06-22T12:38:05.729+0000] {standard_task_runner.py:72} INFO - Started process 248 to run task
[2025-06-22T12:38:05.727+0000] {standard_task_runner.py:104} INFO - Running: ['***', 'tasks', 'run', 'example_xcom', 'bash_pull', 'scheduled__2021-01-01T00:00:00+00:00', '--job-id', '32', '--raw', '--subdir', '/home/***/.local/lib/python3.12/site-packages/***/example_dags/example_xcom.py', '--cfg-path', '/tmp/tmp6ju7zgbg']
[2025-06-22T12:38:05.734+0000] {standard_task_runner.py:105} INFO - Job 32: Subtask bash_pull
[2025-06-22T12:38:05.875+0000] {task_command.py:467} INFO - Running <TaskInstance: example_xcom.bash_pull scheduled__2021-01-01T00:00:00+00:00 [running]> on host a5c304807a12
[2025-06-22T12:38:06.072+0000] {taskinstance.py:3134} INFO - Exporting env vars: AIRFLOW_CTX_DAG_OWNER='***' AIRFLOW_CTX_DAG_ID='example_xcom' AIRFLOW_CTX_TASK_ID='bash_pull' AIRFLOW_CTX_EXECUTION_DATE='2021-01-01T00:00:00+00:00' AIRFLOW_CTX_TRY_NUMBER='1' AIRFLOW_CTX_DAG_RUN_ID='scheduled__2021-01-01T00:00:00+00:00'
[2025-06-22T12:38:06.075+0000] {logging_mixin.py:190} INFO - Task instance is in running state
[2025-06-22T12:38:06.088+0000] {logging_mixin.py:190} INFO -  Previous state of the Task instance: queued
[2025-06-22T12:38:06.089+0000] {logging_mixin.py:190} INFO - Current task name:bash_pull state:running start_date:2025-06-22 12:38:05.301920+00:00
[2025-06-22T12:38:06.090+0000] {logging_mixin.py:190} INFO - Dag name:example_xcom and current dag run status:running
[2025-06-22T12:38:06.091+0000] {taskinstance.py:732} INFO - ::endgroup::
[2025-06-22T12:38:06.094+0000] {subprocess.py:78} INFO - Tmp dir root location: /tmp
[2025-06-22T12:38:06.098+0000] {subprocess.py:88} INFO - Running command: ['/usr/bin/bash', '-c', 'echo "bash pull demo" && echo "The xcom pushed manually is manually_pushed_value" && echo "The returned_value xcom is value_by_return" && echo "finished"']
[2025-06-22T12:38:06.132+0000] {subprocess.py:99} INFO - Output:
[2025-06-22T12:38:06.135+0000] {subprocess.py:106} INFO - bash pull demo
[2025-06-22T12:38:06.135+0000] {subprocess.py:106} INFO - The xcom pushed manually is manually_pushed_value
[2025-06-22T12:38:06.136+0000] {subprocess.py:106} INFO - The returned_value xcom is value_by_return
[2025-06-22T12:38:06.137+0000] {subprocess.py:106} INFO - finished
[2025-06-22T12:38:06.137+0000] {subprocess.py:110} INFO - Command exited with return code 0
[2025-06-22T12:38:06.156+0000] {taskinstance.py:341} INFO - ::group::Post task execution logs
[2025-06-22T12:38:06.158+0000] {taskinstance.py:353} INFO - Marking task as SUCCESS. dag_id=example_xcom, task_id=bash_pull, run_id=scheduled__2021-01-01T00:00:00+00:00, execution_date=20210101T000000, start_date=20250622T123805, end_date=20250622T123806
[2025-06-22T12:38:06.214+0000] {logging_mixin.py:190} INFO - Task instance in success state
[2025-06-22T12:38:06.218+0000] {logging_mixin.py:190} INFO -  Previous state of the Task instance: running
[2025-06-22T12:38:06.222+0000] {logging_mixin.py:190} INFO - Dag name:example_xcom queued_at:2025-06-22 12:37:53.793495+00:00
[2025-06-22T12:38:06.222+0000] {logging_mixin.py:190} INFO - Task hostname:a5c304807a12 operator:BashOperator
[2025-06-22T12:38:06.289+0000] {local_task_job_runner.py:266} INFO - Task exited with return code 0
[2025-06-22T12:38:06.318+0000] {taskinstance.py:3901} INFO - 0 downstream tasks scheduled from follow-on schedule check
[2025-06-22T12:38:06.323+0000] {local_task_job_runner.py:245} INFO - ::endgroup::
